master_addr is only used for static rdzv_backend and when rdzv_endpoint is not specified.
paraai-n32-h-01-agent-107
0
------------------ Configuration ------------------  /home/bingxing2/home/scx6115/Ocean_AI_model/config/Model_2.yaml
paraai-n32-h-01-agent-107
0
------------------ Configuration ------------------  /home/bingxing2/home/scx6115/Ocean_AI_model/config/Model_2.yaml
paraai-n32-h-01-agent-107
0
------------------ Configuration ------------------  /home/bingxing2/home/scx6115/Ocean_AI_model/config/Model_2.yaml
paraai-n32-h-01-agent-107
0
------------------ Configuration ------------------  /home/bingxing2/home/scx6115/Ocean_AI_model/config/Model_2.yaml
nettype afno
log_to_wandb True
lr 0.0005
batch_size 16
max_epochs 100
scheduler CosineAnnealingLR
fusion_3d_2d False
in_channels [0, 1, 2, 3, 4, 5, 6, 7, 8, 9, 10, 11, 12, 13, 14, 15, 16, 17, 18, 19, 20, 21, 22, 23, 24, 25, 26, 27, 28, 29, 30, 31, 32, 33, 34, 35, 36, 37, 38, 39, 40, 41, 42, 43, 44, 45, 46, 47, 48, 49, 50, 51, 52, 53, 54, 55, 56, 57, 58, 59, 60, 61, 62, 63, 64, 65]
out_channels [0, 1, 2, 3, 4, 5, 6, 7, 8, 9, 10, 11, 12, 13, 14, 15, 16, 17, 18, 19, 20, 21, 22, 23, 24, 25, 26, 27, 28, 29, 30, 31, 32, 33, 34, 35, 36, 37, 38, 39, 40, 41, 42, 43, 44, 45, 46, 47, 48, 49, 50, 51, 52, 53, 54, 55, 56, 57, 58, 59, 60]
N_in_channels 66
N_out_channels 61
img_size_h 720
img_size_w 1440
patch_size_h 5
patch_size_w 5
loss l2
num_data_workers 0
dt 1
n_history 0
prediction_type iterative
prediction_length 41
n_initial_conditions 5
ics_type default
date_strings ['2018-09-14 00:00:00']
save_raw_forecasts True
save_channel False
masked_acc False
maskpath None
perturb False
add_grid False
N_grid_channels 0
gridtype sinusoidal
roll False
enable_nhwc False
optimizer_type FusedAdam
exp_dir ./exp_15_levels
num_blocks 8
patch_size 8
width 56
modes 32
target default
train_data_path /home/bingxing2/home/scx6115/Ocean_AI_model/sample_01/train
valid_data_path /home/bingxing2/home/scx6115/Ocean_AI_model/sample_01/valid
test_data_path /home/bingxing2/home/scx6115/Ocean_AI_model/sample_01/test
land_mask True
land_mask_path /home/bingxing2/home/scx6115/Ocean_AI_model/sample_01/land_mask.h5
normalize True
normalization zscore
global_mins_path /home/bingxing2/home/scx6115/Ocean_AI_model/sample_01/train/global_mins.npy
global_maxs_path /home/bingxing2/home/scx6115/Ocean_AI_model/sample_01/train/global_maxs.npy
global_means_path /home/bingxing2/home/scx6115/Ocean_AI_model/sample_01/train/global_means.npy
global_stds_path /home/bingxing2/home/scx6115/Ocean_AI_model/sample_01/train/global_stds.npy
orography True
orography_norm_zscore_path /home/bingxing2/home/scx6115/Ocean_AI_model/sample_01/orography_norm_zscore.h5
orography_norm_maxmin_path /home/bingxing2/home/scx6115/Ocean_AI_model/sample_01/orography_norm_maxmin.h5
add_noise False
noise_std 0
crop_size_x None
crop_size_y None
log_to_screen True
save_checkpoint True
plot_animations False
---------------------------------------------------
world_size : 16
Initialize distributed process group...
nettype afno
log_to_wandb True
lr 0.0005
batch_size 16
max_epochs 100
scheduler CosineAnnealingLR
fusion_3d_2d False
in_channels [0, 1, 2, 3, 4, 5, 6, 7, 8, 9, 10, 11, 12, 13, 14, 15, 16, 17, 18, 19, 20, 21, 22, 23, 24, 25, 26, 27, 28, 29, 30, 31, 32, 33, 34, 35, 36, 37, 38, 39, 40, 41, 42, 43, 44, 45, 46, 47, 48, 49, 50, 51, 52, 53, 54, 55, 56, 57, 58, 59, 60, 61, 62, 63, 64, 65]
out_channels [0, 1, 2, 3, 4, 5, 6, 7, 8, 9, 10, 11, 12, 13, 14, 15, 16, 17, 18, 19, 20, 21, 22, 23, 24, 25, 26, 27, 28, 29, 30, 31, 32, 33, 34, 35, 36, 37, 38, 39, 40, 41, 42, 43, 44, 45, 46, 47, 48, 49, 50, 51, 52, 53, 54, 55, 56, 57, 58, 59, 60]
N_in_channels 66
N_out_channels 61
img_size_h 720
img_size_w 1440
patch_size_h 5
patch_size_w 5
loss l2
num_data_workers 0
dt 1
n_history 0
prediction_type iterative
prediction_length 41
n_initial_conditions 5
ics_type default
date_strings ['2018-09-14 00:00:00']
save_raw_forecasts True
save_channel False
masked_acc False
maskpath None
perturb False
add_grid False
N_grid_channels 0
gridtype sinusoidal
roll False
enable_nhwc False
optimizer_type FusedAdam
exp_dir ./exp_15_levels
num_blocks 8
patch_size 8
width 56
modes 32
target default
train_data_path /home/bingxing2/home/scx6115/Ocean_AI_model/sample_01/train
valid_data_path /home/bingxing2/home/scx6115/Ocean_AI_model/sample_01/valid
test_data_path /home/bingxing2/home/scx6115/Ocean_AI_model/sample_01/test
land_mask True
land_mask_path /home/bingxing2/home/scx6115/Ocean_AI_model/sample_01/land_mask.h5
normalize True
normalization zscore
global_mins_path /home/bingxing2/home/scx6115/Ocean_AI_model/sample_01/train/global_mins.npy
global_maxs_path /home/bingxing2/home/scx6115/Ocean_AI_model/sample_01/train/global_maxs.npy
global_means_path /home/bingxing2/home/scx6115/Ocean_AI_model/sample_01/train/global_means.npy
global_stds_path /home/bingxing2/home/scx6115/Ocean_AI_model/sample_01/train/global_stds.npy
orography True
orography_norm_zscore_path /home/bingxing2/home/scx6115/Ocean_AI_model/sample_01/orography_norm_zscore.h5
orography_norm_maxmin_path /home/bingxing2/home/scx6115/Ocean_AI_model/sample_01/orography_norm_maxmin.h5
add_noise False
noise_std 0
crop_size_x None
crop_size_y None
log_to_screen True
save_checkpoint True
plot_animations False
---------------------------------------------------
world_size : 16
Initialize distributed process group...
nettype afno
log_to_wandb True
lr 0.0005
batch_size 16
max_epochs 100
scheduler CosineAnnealingLR
fusion_3d_2d False
in_channels [0, 1, 2, 3, 4, 5, 6, 7, 8, 9, 10, 11, 12, 13, 14, 15, 16, 17, 18, 19, 20, 21, 22, 23, 24, 25, 26, 27, 28, 29, 30, 31, 32, 33, 34, 35, 36, 37, 38, 39, 40, 41, 42, 43, 44, 45, 46, 47, 48, 49, 50, 51, 52, 53, 54, 55, 56, 57, 58, 59, 60, 61, 62, 63, 64, 65]
out_channels [0, 1, 2, 3, 4, 5, 6, 7, 8, 9, 10, 11, 12, 13, 14, 15, 16, 17, 18, 19, 20, 21, 22, 23, 24, 25, 26, 27, 28, 29, 30, 31, 32, 33, 34, 35, 36, 37, 38, 39, 40, 41, 42, 43, 44, 45, 46, 47, 48, 49, 50, 51, 52, 53, 54, 55, 56, 57, 58, 59, 60]
N_in_channels 66
N_out_channels 61
img_size_h 720
img_size_w 1440
patch_size_h 5
patch_size_w 5
loss l2
num_data_workers 0
dt 1
n_history 0
prediction_type iterative
prediction_length 41
n_initial_conditions 5
ics_type default
date_strings ['2018-09-14 00:00:00']
save_raw_forecasts True
save_channel False
masked_acc False
maskpath None
perturb False
add_grid False
N_grid_channels 0
gridtype sinusoidal
roll False
enable_nhwc False
optimizer_type FusedAdam
exp_dir ./exp_15_levels
num_blocks 8
patch_size 8
width 56
modes 32
target default
train_data_path /home/bingxing2/home/scx6115/Ocean_AI_model/sample_01/train
valid_data_path /home/bingxing2/home/scx6115/Ocean_AI_model/sample_01/valid
test_data_path /home/bingxing2/home/scx6115/Ocean_AI_model/sample_01/test
land_mask True
land_mask_path /home/bingxing2/home/scx6115/Ocean_AI_model/sample_01/land_mask.h5
normalize True
normalization zscore
global_mins_path /home/bingxing2/home/scx6115/Ocean_AI_model/sample_01/train/global_mins.npy
global_maxs_path /home/bingxing2/home/scx6115/Ocean_AI_model/sample_01/train/global_maxs.npy
global_means_path /home/bingxing2/home/scx6115/Ocean_AI_model/sample_01/train/global_means.npy
global_stds_path /home/bingxing2/home/scx6115/Ocean_AI_model/sample_01/train/global_stds.npy
orography True
orography_norm_zscore_path /home/bingxing2/home/scx6115/Ocean_AI_model/sample_01/orography_norm_zscore.h5
orography_norm_maxmin_path /home/bingxing2/home/scx6115/Ocean_AI_model/sample_01/orography_norm_maxmin.h5
add_noise False
noise_std 0
crop_size_x None
crop_size_y None
log_to_screen True
save_checkpoint True
plot_animations False
---------------------------------------------------
world_size : 16
Initialize distributed process group...
nettype afno
log_to_wandb True
lr 0.0005
batch_size 16
max_epochs 100
scheduler CosineAnnealingLR
fusion_3d_2d False
in_channels [0, 1, 2, 3, 4, 5, 6, 7, 8, 9, 10, 11, 12, 13, 14, 15, 16, 17, 18, 19, 20, 21, 22, 23, 24, 25, 26, 27, 28, 29, 30, 31, 32, 33, 34, 35, 36, 37, 38, 39, 40, 41, 42, 43, 44, 45, 46, 47, 48, 49, 50, 51, 52, 53, 54, 55, 56, 57, 58, 59, 60, 61, 62, 63, 64, 65]
out_channels [0, 1, 2, 3, 4, 5, 6, 7, 8, 9, 10, 11, 12, 13, 14, 15, 16, 17, 18, 19, 20, 21, 22, 23, 24, 25, 26, 27, 28, 29, 30, 31, 32, 33, 34, 35, 36, 37, 38, 39, 40, 41, 42, 43, 44, 45, 46, 47, 48, 49, 50, 51, 52, 53, 54, 55, 56, 57, 58, 59, 60]
N_in_channels 66
N_out_channels 61
img_size_h 720
img_size_w 1440
patch_size_h 5
patch_size_w 5
loss l2
num_data_workers 0
dt 1
n_history 0
prediction_type iterative
prediction_length 41
n_initial_conditions 5
ics_type default
date_strings ['2018-09-14 00:00:00']
save_raw_forecasts True
save_channel False
masked_acc False
maskpath None
perturb False
add_grid False
N_grid_channels 0
gridtype sinusoidal
roll False
enable_nhwc False
optimizer_type FusedAdam
exp_dir ./exp_15_levels
num_blocks 8
patch_size 8
width 56
modes 32
target default
train_data_path /home/bingxing2/home/scx6115/Ocean_AI_model/sample_01/train
valid_data_path /home/bingxing2/home/scx6115/Ocean_AI_model/sample_01/valid
test_data_path /home/bingxing2/home/scx6115/Ocean_AI_model/sample_01/test
land_mask True
land_mask_path /home/bingxing2/home/scx6115/Ocean_AI_model/sample_01/land_mask.h5
normalize True
normalization zscore
global_mins_path /home/bingxing2/home/scx6115/Ocean_AI_model/sample_01/train/global_mins.npy
global_maxs_path /home/bingxing2/home/scx6115/Ocean_AI_model/sample_01/train/global_maxs.npy
global_means_path /home/bingxing2/home/scx6115/Ocean_AI_model/sample_01/train/global_means.npy
global_stds_path /home/bingxing2/home/scx6115/Ocean_AI_model/sample_01/train/global_stds.npy
orography True
orography_norm_zscore_path /home/bingxing2/home/scx6115/Ocean_AI_model/sample_01/orography_norm_zscore.h5
orography_norm_maxmin_path /home/bingxing2/home/scx6115/Ocean_AI_model/sample_01/orography_norm_maxmin.h5
add_noise False
noise_std 0
crop_size_x None
crop_size_y None
log_to_screen True
save_checkpoint True
plot_animations False
---------------------------------------------------
world_size : 16
Initialize distributed process group...
2023-06-28 13:14:33,591 - torch.distributed.distributed_c10d - INFO - Added key: store_based_barrier_key:1 to store for rank: 8
2023-06-28 13:14:33,591 - torch.distributed.distributed_c10d - INFO - Added key: store_based_barrier_key:1 to store for rank: 11
2023-06-28 13:14:33,594 - torch.distributed.distributed_c10d - INFO - Added key: store_based_barrier_key:1 to store for rank: 9
2023-06-28 13:14:33,595 - torch.distributed.distributed_c10d - INFO - Added key: store_based_barrier_key:1 to store for rank: 10
2023-06-28 13:14:33,990 - torch.distributed.distributed_c10d - INFO - Rank 8: Completed store-based barrier for key:store_based_barrier_key:1 with 16 nodes.
2023-06-28 13:14:33,990 - torch.distributed.distributed_c10d - INFO - Rank 11: Completed store-based barrier for key:store_based_barrier_key:1 with 16 nodes.
2023-06-28 13:14:33,991 - torch.distributed.distributed_c10d - INFO - Rank 9: Completed store-based barrier for key:store_based_barrier_key:1 with 16 nodes.
2023-06-28 13:14:33,994 - torch.distributed.distributed_c10d - INFO - Rank 10: Completed store-based barrier for key:store_based_barrier_key:1 with 16 nodes.
2023-06-28 13:14:34,050 - root - INFO - device: cuda:3
2023-06-28 13:14:34,050 - root - INFO - rank 11, begin data loader init
2023-06-28 13:14:34,053 - root - INFO - device: cuda:0
2023-06-28 13:14:34,053 - root - INFO - rank 8, begin data loader init
2023-06-28 13:14:34,054 - root - INFO - Getting file stats from /home/bingxing2/home/scx6115/Ocean_AI_model/sample_01/train/2000.h5
2023-06-28 13:14:34,055 - root - INFO - Getting file stats from /home/bingxing2/home/scx6115/Ocean_AI_model/sample_01/train/2000.h5
2023-06-28 13:14:34,055 - root - INFO - device: cuda:1
2023-06-28 13:14:34,055 - root - INFO - rank 9, begin data loader init
2023-06-28 13:14:34,056 - root - INFO - Number of samples per year: 365
2023-06-28 13:14:34,056 - root - INFO - Found data at path /home/bingxing2/home/scx6115/Ocean_AI_model/sample_01/train. Number of examples: 4015. Image Shape: 720 x 1440 x 66
2023-06-28 13:14:34,056 - root - INFO - Delta t: 1 days
2023-06-28 13:14:34,056 - root - INFO - Including 0 days of past history in training at a frequency of 1 days
2023-06-28 13:14:34,056 - root - INFO - device: cuda:2
2023-06-28 13:14:34,056 - root - INFO - rank 10, begin data loader init
2023-06-28 13:14:34,057 - root - INFO - Getting file stats from /home/bingxing2/home/scx6115/Ocean_AI_model/sample_01/train/2000.h5
2023-06-28 13:14:34,057 - root - INFO - Number of samples per year: 365
2023-06-28 13:14:34,057 - root - INFO - Found data at path /home/bingxing2/home/scx6115/Ocean_AI_model/sample_01/train. Number of examples: 4015. Image Shape: 720 x 1440 x 66
2023-06-28 13:14:34,058 - root - INFO - Delta t: 1 days
2023-06-28 13:14:34,058 - root - INFO - Including 0 days of past history in training at a frequency of 1 days
2023-06-28 13:14:34,058 - root - INFO - Getting file stats from /home/bingxing2/home/scx6115/Ocean_AI_model/sample_01/train/2000.h5
2023-06-28 13:14:34,058 - root - INFO - Number of samples per year: 365
2023-06-28 13:14:34,058 - root - INFO - Found data at path /home/bingxing2/home/scx6115/Ocean_AI_model/sample_01/train. Number of examples: 4015. Image Shape: 720 x 1440 x 66
2023-06-28 13:14:34,058 - root - INFO - Delta t: 1 days
2023-06-28 13:14:34,059 - root - INFO - Including 0 days of past history in training at a frequency of 1 days
2023-06-28 13:14:34,059 - root - INFO - Number of samples per year: 365
2023-06-28 13:14:34,059 - root - INFO - Found data at path /home/bingxing2/home/scx6115/Ocean_AI_model/sample_01/train. Number of examples: 4015. Image Shape: 720 x 1440 x 66
2023-06-28 13:14:34,059 - root - INFO - Delta t: 1 days
2023-06-28 13:14:34,059 - root - INFO - Including 0 days of past history in training at a frequency of 1 days
2023-06-28 13:14:34,060 - root - INFO - Getting file stats from /home/bingxing2/home/scx6115/Ocean_AI_model/sample_01/valid/2011.h5
2023-06-28 13:14:34,060 - root - INFO - Getting file stats from /home/bingxing2/home/scx6115/Ocean_AI_model/sample_01/valid/2011.h5
2023-06-28 13:14:34,060 - root - INFO - Getting file stats from /home/bingxing2/home/scx6115/Ocean_AI_model/sample_01/valid/2011.h5
2023-06-28 13:14:34,061 - root - INFO - Number of samples per year: 364
2023-06-28 13:14:34,061 - root - INFO - Number of samples per year: 364
2023-06-28 13:14:34,061 - root - INFO - Found data at path /home/bingxing2/home/scx6115/Ocean_AI_model/sample_01/valid. Number of examples: 364. Image Shape: 720 x 1440 x 66
2023-06-28 13:14:34,061 - root - INFO - Found data at path /home/bingxing2/home/scx6115/Ocean_AI_model/sample_01/valid. Number of examples: 364. Image Shape: 720 x 1440 x 66
2023-06-28 13:14:34,061 - root - INFO - Delta t: 1 days
2023-06-28 13:14:34,061 - root - INFO - Delta t: 1 days
2023-06-28 13:14:34,061 - root - INFO - Including 0 days of past history in training at a frequency of 1 days
2023-06-28 13:14:34,061 - root - INFO - Including 0 days of past history in training at a frequency of 1 days
2023-06-28 13:14:34,061 - root - INFO - Getting file stats from /home/bingxing2/home/scx6115/Ocean_AI_model/sample_01/valid/2011.h5
2023-06-28 13:14:34,061 - root - INFO - rank 11, data loader initialized
2023-06-28 13:14:34,061 - root - INFO - rank 8, data loader initialized
2023-06-28 13:14:34,061 - root - INFO - Number of samples per year: 364
2023-06-28 13:14:34,061 - root - INFO - Found data at path /home/bingxing2/home/scx6115/Ocean_AI_model/sample_01/valid. Number of examples: 364. Image Shape: 720 x 1440 x 66
2023-06-28 13:14:34,062 - root - INFO - Delta t: 1 days
2023-06-28 13:14:34,062 - root - INFO - Including 0 days of past history in training at a frequency of 1 days
2023-06-28 13:14:34,062 - root - INFO - Number of samples per year: 364
2023-06-28 13:14:34,062 - root - INFO - Found data at path /home/bingxing2/home/scx6115/Ocean_AI_model/sample_01/valid. Number of examples: 364. Image Shape: 720 x 1440 x 66
2023-06-28 13:14:34,062 - root - INFO - Delta t: 1 days
2023-06-28 13:14:34,062 - root - INFO - Including 0 days of past history in training at a frequency of 1 days
2023-06-28 13:14:34,062 - root - INFO - rank 10, data loader initialized
2023-06-28 13:14:34,065 - root - INFO - rank 9, data loader initialized
paraai-n32-h-01-agent-107:2270401:2270401 [3] NCCL INFO cudaDriverVersion 11060
paraai-n32-h-01-agent-107:2270400:2270400 [2] NCCL INFO cudaDriverVersion 11060
paraai-n32-h-01-agent-107:2270399:2270399 [1] NCCL INFO cudaDriverVersion 11060
paraai-n32-h-01-agent-107:2270398:2270398 [0] NCCL INFO cudaDriverVersion 11060
paraai-n32-h-01-agent-107:2270398:2270398 [0] NCCL INFO Bootstrap : Using eth0:172.16.4.197<0>
paraai-n32-h-01-agent-107:2270400:2270400 [2] NCCL INFO Bootstrap : Using eth0:172.16.4.197<0>
paraai-n32-h-01-agent-107:2270399:2270399 [1] NCCL INFO Bootstrap : Using eth0:172.16.4.197<0>
paraai-n32-h-01-agent-107:2270401:2270401 [3] NCCL INFO Bootstrap : Using eth0:172.16.4.197<0>
paraai-n32-h-01-agent-107:2270401:2270401 [3] NCCL INFO NET/Plugin : No plugin found (libnccl-net.so), using internal implementation
paraai-n32-h-01-agent-107:2270399:2270399 [1] NCCL INFO NET/Plugin : No plugin found (libnccl-net.so), using internal implementation
paraai-n32-h-01-agent-107:2270400:2270400 [2] NCCL INFO NET/Plugin : No plugin found (libnccl-net.so), using internal implementation
paraai-n32-h-01-agent-107:2270398:2270398 [0] NCCL INFO NET/Plugin : No plugin found (libnccl-net.so), using internal implementation
paraai-n32-h-01-agent-107:2270401:2271239 [3] NCCL INFO NET/IB : Using [0]mlx5_0:1/RoCE [1]mlx5_2:1/RoCE [RO]; OOB eth0:172.16.4.197<0>
paraai-n32-h-01-agent-107:2270401:2271239 [3] NCCL INFO Using network IB
paraai-n32-h-01-agent-107:2270400:2271238 [2] NCCL INFO NET/IB : Using [0]mlx5_0:1/RoCE [1]mlx5_2:1/RoCE [RO]; OOB eth0:172.16.4.197<0>
paraai-n32-h-01-agent-107:2270400:2271238 [2] NCCL INFO Using network IB
paraai-n32-h-01-agent-107:2270399:2271237 [1] NCCL INFO NET/IB : Using [0]mlx5_0:1/RoCE [1]mlx5_2:1/RoCE [RO]; OOB eth0:172.16.4.197<0>
paraai-n32-h-01-agent-107:2270399:2271237 [1] NCCL INFO Using network IB
paraai-n32-h-01-agent-107:2270398:2271236 [0] NCCL INFO NET/IB : Using [0]mlx5_0:1/RoCE [1]mlx5_2:1/RoCE [RO]; OOB eth0:172.16.4.197<0>
paraai-n32-h-01-agent-107:2270398:2271236 [0] NCCL INFO Using network IB
paraai-n32-h-01-agent-107:2270398:2271236 [0] NCCL INFO Setting affinity for GPU 0 to ffffffff
paraai-n32-h-01-agent-107:2270399:2271237 [1] NCCL INFO Setting affinity for GPU 1 to ffffffff
paraai-n32-h-01-agent-107:2270401:2271239 [3] NCCL INFO Setting affinity for GPU 3 to ffffffff,00000000,00000000
paraai-n32-h-01-agent-107:2270400:2271238 [2] NCCL INFO Setting affinity for GPU 2 to ffffffff,00000000,00000000
paraai-n32-h-01-agent-107:2270400:2271238 [2] NCCL INFO NCCL_MAX_NCHANNELS set by environment to 16.
paraai-n32-h-01-agent-107:2270399:2271237 [1] NCCL INFO NCCL_MAX_NCHANNELS set by environment to 16.
paraai-n32-h-01-agent-107:2270399:2271237 [1] NCCL INFO NCCL_MIN_NCHANNELS set by environment to 16.
paraai-n32-h-01-agent-107:2270400:2271238 [2] NCCL INFO NCCL_MIN_NCHANNELS set by environment to 16.
paraai-n32-h-01-agent-107:2270398:2271236 [0] NCCL INFO NCCL_MAX_NCHANNELS set by environment to 16.
paraai-n32-h-01-agent-107:2270398:2271236 [0] NCCL INFO NCCL_MIN_NCHANNELS set by environment to 16.
paraai-n32-h-01-agent-107:2270399:2271237 [1] NCCL INFO Trees [0] 10/4/-1->9->8 [1] -1/-1/-1->9->8 [2] 10/-1/-1->9->8 [3] -1/-1/-1->9->8 [4] 10/4/-1->9->8 [5] -1/-1/-1->9->8 [6] 10/-1/-1->9->8 [7] -1/-1/-1->9->8 [8] 10/4/-1->9->8 [9] -1/-1/-1->9->8 [10] 10/-1/-1->9->8 [11] -1/-1/-1->9->8 [12] 10/4/-1->9->8 [13] -1/-1/-1->9->8 [14] 10/-1/-1->9->8 [15] -1/-1/-1->9->8
paraai-n32-h-01-agent-107:2270400:2271238 [2] NCCL INFO Trees [0] 11/-1/-1->10->9 [1] 11/14/-1->10->2 [2] 11/-1/-1->10->9 [3] 11/-1/-1->10->7 [4] 11/-1/-1->10->9 [5] 11/14/-1->10->2 [6] 11/-1/-1->10->9 [7] 11/-1/-1->10->7 [8] 11/-1/-1->10->9 [9] 11/14/-1->10->2 [10] 11/-1/-1->10->9 [11] 11/-1/-1->10->7 [12] 11/-1/-1->10->9 [13] 11/14/-1->10->2 [14] 11/-1/-1->10->9 [15] 11/-1/-1->10->7
paraai-n32-h-01-agent-107:2270398:2271236 [0] NCCL INFO Trees [0] 9/12/-1->8->0 [1] 9/-1/-1->8->11 [2] 9/-1/-1->8->5 [3] 9/-1/-1->8->11 [4] 9/12/-1->8->0 [5] 9/-1/-1->8->11 [6] 9/-1/-1->8->5 [7] 9/-1/-1->8->11 [8] 9/12/-1->8->0 [9] 9/-1/-1->8->11 [10] 9/-1/-1->8->5 [11] 9/-1/-1->8->11 [12] 9/12/-1->8->0 [13] 9/-1/-1->8->11 [14] 9/-1/-1->8->5 [15] 9/-1/-1->8->11
paraai-n32-h-01-agent-107:2270401:2271239 [3] NCCL INFO NCCL_MAX_NCHANNELS set by environment to 16.
paraai-n32-h-01-agent-107:2270401:2271239 [3] NCCL INFO NCCL_MIN_NCHANNELS set by environment to 16.
paraai-n32-h-01-agent-107:2270401:2271239 [3] NCCL INFO Trees [0] -1/-1/-1->11->10 [1] 8/6/-1->11->10 [2] -1/-1/-1->11->10 [3] 8/-1/-1->11->10 [4] -1/-1/-1->11->10 [5] 8/6/-1->11->10 [6] -1/-1/-1->11->10 [7] 8/-1/-1->11->10 [8] -1/-1/-1->11->10 [9] 8/6/-1->11->10 [10] -1/-1/-1->11->10 [11] 8/-1/-1->11->10 [12] -1/-1/-1->11->10 [13] 8/6/-1->11->10 [14] -1/-1/-1->11->10 [15] 8/-1/-1->11->10
paraai-n32-h-01-agent-107:2270398:2271236 [0] NCCL INFO Channel 00/0 : 7[82000] -> 8[1000] [receive] via NET/IB/0
paraai-n32-h-01-agent-107:2270399:2271237 [1] NCCL INFO Channel 00 : 9[2000] -> 10[81000] via SHM/direct/direct
paraai-n32-h-01-agent-107:2270399:2271237 [1] NCCL INFO Channel 02 : 9[2000] -> 10[81000] via SHM/direct/direct
paraai-n32-h-01-agent-107:2270399:2271237 [1] NCCL INFO Channel 04 : 9[2000] -> 10[81000] via SHM/direct/direct
paraai-n32-h-01-agent-107:2270399:2271237 [1] NCCL INFO Channel 06 : 9[2000] -> 10[81000] via SHM/direct/direct
paraai-n32-h-01-agent-107:2270399:2271237 [1] NCCL INFO Channel 08 : 9[2000] -> 10[81000] via SHM/direct/direct
paraai-n32-h-01-agent-107:2270399:2271237 [1] NCCL INFO Channel 10 : 9[2000] -> 10[81000] via SHM/direct/direct
paraai-n32-h-01-agent-107:2270399:2271237 [1] NCCL INFO Channel 12 : 9[2000] -> 10[81000] via SHM/direct/direct
paraai-n32-h-01-agent-107:2270399:2271237 [1] NCCL INFO Channel 14 : 9[2000] -> 10[81000] via SHM/direct/direct
paraai-n32-h-01-agent-107:2270400:2271238 [2] NCCL INFO Channel 00 : 10[81000] -> 11[82000] via SHM/direct/direct
paraai-n32-h-01-agent-107:2270400:2271238 [2] NCCL INFO Channel 01 : 10[81000] -> 11[82000] via SHM/direct/direct
paraai-n32-h-01-agent-107:2270400:2271238 [2] NCCL INFO Channel 02 : 10[81000] -> 11[82000] via SHM/direct/direct
paraai-n32-h-01-agent-107:2270400:2271238 [2] NCCL INFO Channel 03 : 10[81000] -> 11[82000] via SHM/direct/direct
paraai-n32-h-01-agent-107:2270400:2271238 [2] NCCL INFO Channel 04 : 10[81000] -> 11[82000] via SHM/direct/direct
paraai-n32-h-01-agent-107:2270400:2271238 [2] NCCL INFO Channel 05 : 10[81000] -> 11[82000] via SHM/direct/direct
paraai-n32-h-01-agent-107:2270400:2271238 [2] NCCL INFO Channel 06 : 10[81000] -> 11[82000] via SHM/direct/direct
paraai-n32-h-01-agent-107:2270400:2271238 [2] NCCL INFO Channel 07 : 10[81000] -> 11[82000] via SHM/direct/direct
paraai-n32-h-01-agent-107:2270400:2271238 [2] NCCL INFO Channel 08 : 10[81000] -> 11[82000] via SHM/direct/direct
paraai-n32-h-01-agent-107:2270400:2271238 [2] NCCL INFO Channel 09 : 10[81000] -> 11[82000] via SHM/direct/direct
paraai-n32-h-01-agent-107:2270400:2271238 [2] NCCL INFO Channel 10 : 10[81000] -> 11[82000] via SHM/direct/direct
paraai-n32-h-01-agent-107:2270400:2271238 [2] NCCL INFO Channel 11 : 10[81000] -> 11[82000] via SHM/direct/direct
paraai-n32-h-01-agent-107:2270400:2271238 [2] NCCL INFO Channel 12 : 10[81000] -> 11[82000] via SHM/direct/direct
paraai-n32-h-01-agent-107:2270400:2271238 [2] NCCL INFO Channel 13 : 10[81000] -> 11[82000] via SHM/direct/direct
paraai-n32-h-01-agent-107:2270400:2271238 [2] NCCL INFO Channel 14 : 10[81000] -> 11[82000] via SHM/direct/direct
paraai-n32-h-01-agent-107:2270400:2271238 [2] NCCL INFO Channel 15 : 10[81000] -> 11[82000] via SHM/direct/direct
paraai-n32-h-01-agent-107:2270401:2271239 [3] NCCL INFO Channel 00/0 : 11[82000] -> 12[1000] [send] via NET/IB/1
paraai-n32-h-01-agent-107:2270398:2271236 [0] NCCL INFO Channel 02/0 : 7[82000] -> 8[1000] [receive] via NET/IB/0
paraai-n32-h-01-agent-107:2270401:2271239 [3] NCCL INFO Channel 02/0 : 11[82000] -> 12[1000] [send] via NET/IB/1
paraai-n32-h-01-agent-107:2270398:2271236 [0] NCCL INFO Channel 04/0 : 7[82000] -> 8[1000] [receive] via NET/IB/0
paraai-n32-h-01-agent-107:2270401:2271239 [3] NCCL INFO Channel 04/0 : 11[82000] -> 12[1000] [send] via NET/IB/1
paraai-n32-h-01-agent-107:2270401:2271239 [3] NCCL INFO Channel 06/0 : 11[82000] -> 12[1000] [send] via NET/IB/1
paraai-n32-h-01-agent-107:2270398:2271236 [0] NCCL INFO Channel 06/0 : 7[82000] -> 8[1000] [receive] via NET/IB/0
paraai-n32-h-01-agent-107:2270401:2271239 [3] NCCL INFO Channel 08/0 : 11[82000] -> 12[1000] [send] via NET/IB/1
paraai-n32-h-01-agent-107:2270401:2271239 [3] NCCL INFO Channel 10/0 : 11[82000] -> 12[1000] [send] via NET/IB/1
paraai-n32-h-01-agent-107:2270398:2271236 [0] NCCL INFO Channel 08/0 : 7[82000] -> 8[1000] [receive] via NET/IB/0
paraai-n32-h-01-agent-107:2270401:2271239 [3] NCCL INFO Channel 12/0 : 11[82000] -> 12[1000] [send] via NET/IB/1
paraai-n32-h-01-agent-107:2270401:2271239 [3] NCCL INFO Channel 14/0 : 11[82000] -> 12[1000] [send] via NET/IB/1
paraai-n32-h-01-agent-107:2270398:2271236 [0] NCCL INFO Channel 10/0 : 7[82000] -> 8[1000] [receive] via NET/IB/0
paraai-n32-h-01-agent-107:2270400:2271238 [2] NCCL INFO Channel 01/0 : 4[1000] -> 10[81000] [receive] via NET/IB/1
paraai-n32-h-01-agent-107:2270400:2271238 [2] NCCL INFO Channel 03/0 : 4[1000] -> 10[81000] [receive] via NET/IB/1
paraai-n32-h-01-agent-107:2270398:2271236 [0] NCCL INFO Channel 12/0 : 7[82000] -> 8[1000] [receive] via NET/IB/0
paraai-n32-h-01-agent-107:2270400:2271238 [2] NCCL INFO Channel 05/0 : 4[1000] -> 10[81000] [receive] via NET/IB/1
paraai-n32-h-01-agent-107:2270398:2271236 [0] NCCL INFO Channel 14/0 : 7[82000] -> 8[1000] [receive] via NET/IB/0
paraai-n32-h-01-agent-107:2270398:2271236 [0] NCCL INFO Channel 00 : 8[1000] -> 9[2000] via SHM/direct/direct
paraai-n32-h-01-agent-107:2270398:2271236 [0] NCCL INFO Channel 02 : 8[1000] -> 9[2000] via SHM/direct/direct
paraai-n32-h-01-agent-107:2270398:2271236 [0] NCCL INFO Channel 04 : 8[1000] -> 9[2000] via SHM/direct/direct
paraai-n32-h-01-agent-107:2270398:2271236 [0] NCCL INFO Channel 06 : 8[1000] -> 9[2000] via SHM/direct/direct
paraai-n32-h-01-agent-107:2270398:2271236 [0] NCCL INFO Channel 08 : 8[1000] -> 9[2000] via SHM/direct/direct
paraai-n32-h-01-agent-107:2270398:2271236 [0] NCCL INFO Channel 10 : 8[1000] -> 9[2000] via SHM/direct/direct
paraai-n32-h-01-agent-107:2270398:2271236 [0] NCCL INFO Channel 12 : 8[1000] -> 9[2000] via SHM/direct/direct
paraai-n32-h-01-agent-107:2270398:2271236 [0] NCCL INFO Channel 14 : 8[1000] -> 9[2000] via SHM/direct/direct
paraai-n32-h-01-agent-107:2270398:2271290 [0] NCCL INFO NCCL_IB_GID_INDEX set by environment to 3.
paraai-n32-h-01-agent-107:2270401:2271292 [3] NCCL INFO NCCL_IB_GID_INDEX set by environment to 3.
paraai-n32-h-01-agent-107:2270400:2271238 [2] NCCL INFO Channel 07/0 : 4[1000] -> 10[81000] [receive] via NET/IB/1
paraai-n32-h-01-agent-107:2270398:2271236 [0] NCCL INFO Channel 01/0 : 8[1000] -> 14[81000] [send] via NET/IB/0
paraai-n32-h-01-agent-107:2270401:2271239 [3] NCCL INFO Channel 01 : 11[82000] -> 9[2000] via SHM/direct/direct
paraai-n32-h-01-agent-107:2270401:2271239 [3] NCCL INFO Channel 03 : 11[82000] -> 9[2000] via SHM/direct/direct
paraai-n32-h-01-agent-107:2270401:2271239 [3] NCCL INFO Channel 05 : 11[82000] -> 9[2000] via SHM/direct/direct
paraai-n32-h-01-agent-107:2270401:2271239 [3] NCCL INFO Channel 07 : 11[82000] -> 9[2000] via SHM/direct/direct
paraai-n32-h-01-agent-107:2270401:2271239 [3] NCCL INFO Channel 09 : 11[82000] -> 9[2000] via SHM/direct/direct
paraai-n32-h-01-agent-107:2270401:2271239 [3] NCCL INFO Channel 11 : 11[82000] -> 9[2000] via SHM/direct/direct
paraai-n32-h-01-agent-107:2270401:2271239 [3] NCCL INFO Channel 13 : 11[82000] -> 9[2000] via SHM/direct/direct
paraai-n32-h-01-agent-107:2270401:2271239 [3] NCCL INFO Channel 15 : 11[82000] -> 9[2000] via SHM/direct/direct
paraai-n32-h-01-agent-107:2270399:2271237 [1] NCCL INFO Channel 01 : 9[2000] -> 8[1000] via SHM/direct/direct
paraai-n32-h-01-agent-107:2270399:2271237 [1] NCCL INFO Channel 03 : 9[2000] -> 8[1000] via SHM/direct/direct
paraai-n32-h-01-agent-107:2270399:2271237 [1] NCCL INFO Channel 05 : 9[2000] -> 8[1000] via SHM/direct/direct
paraai-n32-h-01-agent-107:2270399:2271237 [1] NCCL INFO Channel 07 : 9[2000] -> 8[1000] via SHM/direct/direct
paraai-n32-h-01-agent-107:2270399:2271237 [1] NCCL INFO Channel 09 : 9[2000] -> 8[1000] via SHM/direct/direct
paraai-n32-h-01-agent-107:2270399:2271237 [1] NCCL INFO Channel 11 : 9[2000] -> 8[1000] via SHM/direct/direct
paraai-n32-h-01-agent-107:2270399:2271237 [1] NCCL INFO Channel 13 : 9[2000] -> 8[1000] via SHM/direct/direct
paraai-n32-h-01-agent-107:2270399:2271237 [1] NCCL INFO Channel 15 : 9[2000] -> 8[1000] via SHM/direct/direct
paraai-n32-h-01-agent-107:2270401:2271239 [3] NCCL INFO Connected all rings
paraai-n32-h-01-agent-107:2270400:2271238 [2] NCCL INFO Channel 09/0 : 4[1000] -> 10[81000] [receive] via NET/IB/1
paraai-n32-h-01-agent-107:2270398:2271236 [0] NCCL INFO Channel 03/0 : 8[1000] -> 14[81000] [send] via NET/IB/0
paraai-n32-h-01-agent-107:2270400:2271238 [2] NCCL INFO Channel 11/0 : 4[1000] -> 10[81000] [receive] via NET/IB/1
paraai-n32-h-01-agent-107:2270398:2271236 [0] NCCL INFO Channel 05/0 : 8[1000] -> 14[81000] [send] via NET/IB/0
paraai-n32-h-01-agent-107:2270398:2271236 [0] NCCL INFO Channel 07/0 : 8[1000] -> 14[81000] [send] via NET/IB/0
paraai-n32-h-01-agent-107:2270400:2271238 [2] NCCL INFO Channel 13/0 : 4[1000] -> 10[81000] [receive] via NET/IB/1
paraai-n32-h-01-agent-107:2270398:2271236 [0] NCCL INFO Channel 09/0 : 8[1000] -> 14[81000] [send] via NET/IB/0
paraai-n32-h-01-agent-107:2270400:2271238 [2] NCCL INFO Channel 15/0 : 4[1000] -> 10[81000] [receive] via NET/IB/1
paraai-n32-h-01-agent-107:2270398:2271236 [0] NCCL INFO Channel 11/0 : 8[1000] -> 14[81000] [send] via NET/IB/0
paraai-n32-h-01-agent-107:2270398:2271236 [0] NCCL INFO Channel 13/0 : 8[1000] -> 14[81000] [send] via NET/IB/0
paraai-n32-h-01-agent-107:2270398:2271236 [0] NCCL INFO Channel 15/0 : 8[1000] -> 14[81000] [send] via NET/IB/0
paraai-n32-h-01-agent-107:2270398:2271236 [0] NCCL INFO Connected all rings
paraai-n32-h-01-agent-107:2270398:2271236 [0] NCCL INFO Channel 01 : 8[1000] -> 9[2000] via SHM/direct/direct
paraai-n32-h-01-agent-107:2270398:2271236 [0] NCCL INFO Channel 03 : 8[1000] -> 9[2000] via SHM/direct/direct
paraai-n32-h-01-agent-107:2270398:2271236 [0] NCCL INFO Channel 05 : 8[1000] -> 9[2000] via SHM/direct/direct
paraai-n32-h-01-agent-107:2270398:2271236 [0] NCCL INFO Channel 07 : 8[1000] -> 9[2000] via SHM/direct/direct
paraai-n32-h-01-agent-107:2270398:2271236 [0] NCCL INFO Channel 09 : 8[1000] -> 9[2000] via SHM/direct/direct
paraai-n32-h-01-agent-107:2270398:2271236 [0] NCCL INFO Channel 11 : 8[1000] -> 9[2000] via SHM/direct/direct
paraai-n32-h-01-agent-107:2270398:2271236 [0] NCCL INFO Channel 13 : 8[1000] -> 9[2000] via SHM/direct/direct
paraai-n32-h-01-agent-107:2270398:2271236 [0] NCCL INFO Channel 15 : 8[1000] -> 9[2000] via SHM/direct/direct
paraai-n32-h-01-agent-107:2270399:2271237 [1] NCCL INFO Connected all rings
paraai-n32-h-01-agent-107:2270399:2271237 [1] NCCL INFO Channel 00/0 : 4[1000] -> 9[2000] [receive] via NET/IB/0
paraai-n32-h-01-agent-107:2270399:2271237 [1] NCCL INFO Channel 04/0 : 4[1000] -> 9[2000] [receive] via NET/IB/0
paraai-n32-h-01-agent-107:2270398:2271236 [0] NCCL INFO Channel 02/0 : 5[2000] -> 8[1000] [receive] via NET/IB/0
paraai-n32-h-01-agent-107:2270400:2271291 [2] NCCL INFO NCCL_IB_GID_INDEX set by environment to 3.
paraai-n32-h-01-agent-107:2270400:2271238 [2] NCCL INFO Connected all rings
paraai-n32-h-01-agent-107:2270399:2271237 [1] NCCL INFO Channel 08/0 : 4[1000] -> 9[2000] [receive] via NET/IB/0
paraai-n32-h-01-agent-107:2270398:2271236 [0] NCCL INFO Channel 06/0 : 5[2000] -> 8[1000] [receive] via NET/IB/0
paraai-n32-h-01-agent-107:2270399:2271237 [1] NCCL INFO Channel 12/0 : 4[1000] -> 9[2000] [receive] via NET/IB/0
paraai-n32-h-01-agent-107:2270400:2271238 [2] NCCL INFO Channel 03/0 : 7[82000] -> 10[81000] [receive] via NET/IB/1
paraai-n32-h-01-agent-107:2270398:2271236 [0] NCCL INFO Channel 10/0 : 5[2000] -> 8[1000] [receive] via NET/IB/0
paraai-n32-h-01-agent-107:2270398:2271236 [0] NCCL INFO Channel 14/0 : 5[2000] -> 8[1000] [receive] via NET/IB/0
paraai-n32-h-01-agent-107:2270400:2271238 [2] NCCL INFO Channel 07/0 : 7[82000] -> 10[81000] [receive] via NET/IB/1
paraai-n32-h-01-agent-107:2270398:2271236 [0] NCCL INFO Channel 01 : 8[1000] -> 11[82000] via SHM/direct/direct
paraai-n32-h-01-agent-107:2270398:2271236 [0] NCCL INFO Channel 03 : 8[1000] -> 11[82000] via SHM/direct/direct
paraai-n32-h-01-agent-107:2270398:2271236 [0] NCCL INFO Channel 05 : 8[1000] -> 11[82000] via SHM/direct/direct
paraai-n32-h-01-agent-107:2270398:2271236 [0] NCCL INFO Channel 07 : 8[1000] -> 11[82000] via SHM/direct/direct
paraai-n32-h-01-agent-107:2270398:2271236 [0] NCCL INFO Channel 09 : 8[1000] -> 11[82000] via SHM/direct/direct
paraai-n32-h-01-agent-107:2270398:2271236 [0] NCCL INFO Channel 11 : 8[1000] -> 11[82000] via SHM/direct/direct
paraai-n32-h-01-agent-107:2270398:2271236 [0] NCCL INFO Channel 13 : 8[1000] -> 11[82000] via SHM/direct/direct
paraai-n32-h-01-agent-107:2270398:2271236 [0] NCCL INFO Channel 15 : 8[1000] -> 11[82000] via SHM/direct/direct
paraai-n32-h-01-agent-107:2270401:2271239 [3] NCCL INFO Channel 01/0 : 6[81000] -> 11[82000] [receive] via NET/IB/1
paraai-n32-h-01-agent-107:2270400:2271238 [2] NCCL INFO Channel 11/0 : 7[82000] -> 10[81000] [receive] via NET/IB/1
paraai-n32-h-01-agent-107:2270401:2271239 [3] NCCL INFO Channel 05/0 : 6[81000] -> 11[82000] [receive] via NET/IB/1
paraai-n32-h-01-agent-107:2270400:2271238 [2] NCCL INFO Channel 15/0 : 7[82000] -> 10[81000] [receive] via NET/IB/1
paraai-n32-h-01-agent-107:2270401:2271239 [3] NCCL INFO Channel 09/0 : 6[81000] -> 11[82000] [receive] via NET/IB/1
paraai-n32-h-01-agent-107:2270400:2271238 [2] NCCL INFO Channel 01/0 : 10[81000] -> 14[81000] [send] via NET/IB/1
paraai-n32-h-01-agent-107:2270398:2271236 [0] NCCL INFO Channel 00/0 : 8[1000] -> 12[1000] [send] via NET/IB/0
paraai-n32-h-01-agent-107:2270401:2271239 [3] NCCL INFO Channel 13/0 : 6[81000] -> 11[82000] [receive] via NET/IB/1
paraai-n32-h-01-agent-107:2270398:2271236 [0] NCCL INFO Channel 04/0 : 8[1000] -> 12[1000] [send] via NET/IB/0
paraai-n32-h-01-agent-107:2270400:2271238 [2] NCCL INFO Channel 05/0 : 10[81000] -> 14[81000] [send] via NET/IB/1
paraai-n32-h-01-agent-107:2270398:2271236 [0] NCCL INFO Channel 08/0 : 8[1000] -> 12[1000] [send] via NET/IB/0
paraai-n32-h-01-agent-107:2270400:2271238 [2] NCCL INFO Channel 09/0 : 10[81000] -> 14[81000] [send] via NET/IB/1
paraai-n32-h-01-agent-107:2270398:2271236 [0] NCCL INFO Channel 12/0 : 8[1000] -> 12[1000] [send] via NET/IB/0
paraai-n32-h-01-agent-107:2270400:2271238 [2] NCCL INFO Channel 13/0 : 10[81000] -> 14[81000] [send] via NET/IB/1
paraai-n32-h-01-agent-107:2270399:2271293 [1] NCCL INFO NCCL_IB_GID_INDEX set by environment to 3.
paraai-n32-h-01-agent-107:2270398:2271236 [0] NCCL INFO Channel 00/0 : 0[1000] -> 8[1000] [receive] via NET/IB/0
paraai-n32-h-01-agent-107:2270400:2271238 [2] NCCL INFO Channel 01/0 : 2[81000] -> 10[81000] [receive] via NET/IB/1
paraai-n32-h-01-agent-107:2270401:2271239 [3] NCCL INFO Channel 01/0 : 11[82000] -> 6[81000] [send] via NET/IB/1
paraai-n32-h-01-agent-107:2270399:2271237 [1] NCCL INFO Channel 00/0 : 9[2000] -> 4[1000] [send] via NET/IB/0
paraai-n32-h-01-agent-107:2270400:2271238 [2] NCCL INFO Channel 05/0 : 2[81000] -> 10[81000] [receive] via NET/IB/1
paraai-n32-h-01-agent-107:2270398:2271236 [0] NCCL INFO Channel 04/0 : 0[1000] -> 8[1000] [receive] via NET/IB/0
paraai-n32-h-01-agent-107:2270401:2271239 [3] NCCL INFO Channel 05/0 : 11[82000] -> 6[81000] [send] via NET/IB/1
paraai-n32-h-01-agent-107:2270399:2271237 [1] NCCL INFO Channel 04/0 : 9[2000] -> 4[1000] [send] via NET/IB/0
paraai-n32-h-01-agent-107:2270400:2271238 [2] NCCL INFO Channel 09/0 : 2[81000] -> 10[81000] [receive] via NET/IB/1
paraai-n32-h-01-agent-107:2270398:2271236 [0] NCCL INFO Channel 08/0 : 0[1000] -> 8[1000] [receive] via NET/IB/0
paraai-n32-h-01-agent-107:2270401:2271239 [3] NCCL INFO Channel 09/0 : 11[82000] -> 6[81000] [send] via NET/IB/1
paraai-n32-h-01-agent-107:2270399:2271237 [1] NCCL INFO Channel 08/0 : 9[2000] -> 4[1000] [send] via NET/IB/0
paraai-n32-h-01-agent-107:2270400:2271238 [2] NCCL INFO Channel 13/0 : 2[81000] -> 10[81000] [receive] via NET/IB/1
paraai-n32-h-01-agent-107:2270398:2271236 [0] NCCL INFO Channel 12/0 : 0[1000] -> 8[1000] [receive] via NET/IB/0
paraai-n32-h-01-agent-107:2270399:2271237 [1] NCCL INFO Channel 12/0 : 9[2000] -> 4[1000] [send] via NET/IB/0
paraai-n32-h-01-agent-107:2270401:2271239 [3] NCCL INFO Channel 13/0 : 11[82000] -> 6[81000] [send] via NET/IB/1
paraai-n32-h-01-agent-107:2270398:2271236 [0] NCCL INFO Channel 00/0 : 8[1000] -> 0[1000] [send] via NET/IB/0
paraai-n32-h-01-agent-107:2270400:2271238 [2] NCCL INFO Channel 01/0 : 10[81000] -> 2[81000] [send] via NET/IB/1
paraai-n32-h-01-agent-107:2270400:2271238 [2] NCCL INFO Channel 05/0 : 10[81000] -> 2[81000] [send] via NET/IB/1
paraai-n32-h-01-agent-107:2270398:2271236 [0] NCCL INFO Channel 04/0 : 8[1000] -> 0[1000] [send] via NET/IB/0
paraai-n32-h-01-agent-107:2270398:2271236 [0] NCCL INFO Channel 08/0 : 8[1000] -> 0[1000] [send] via NET/IB/0
paraai-n32-h-01-agent-107:2270400:2271238 [2] NCCL INFO Channel 09/0 : 10[81000] -> 2[81000] [send] via NET/IB/1
paraai-n32-h-01-agent-107:2270398:2271236 [0] NCCL INFO Channel 12/0 : 8[1000] -> 0[1000] [send] via NET/IB/0
paraai-n32-h-01-agent-107:2270400:2271238 [2] NCCL INFO Channel 13/0 : 10[81000] -> 2[81000] [send] via NET/IB/1
paraai-n32-h-01-agent-107:2270398:2271236 [0] NCCL INFO Channel 00/0 : 12[1000] -> 8[1000] [receive] via NET/IB/0
paraai-n32-h-01-agent-107:2270400:2271238 [2] NCCL INFO Channel 01/0 : 14[81000] -> 10[81000] [receive] via NET/IB/1
paraai-n32-h-01-agent-107:2270400:2271238 [2] NCCL INFO Channel 05/0 : 14[81000] -> 10[81000] [receive] via NET/IB/1
paraai-n32-h-01-agent-107:2270398:2271236 [0] NCCL INFO Channel 04/0 : 12[1000] -> 8[1000] [receive] via NET/IB/0
paraai-n32-h-01-agent-107:2270400:2271238 [2] NCCL INFO Channel 09/0 : 14[81000] -> 10[81000] [receive] via NET/IB/1
paraai-n32-h-01-agent-107:2270398:2271236 [0] NCCL INFO Channel 08/0 : 12[1000] -> 8[1000] [receive] via NET/IB/0
paraai-n32-h-01-agent-107:2270400:2271238 [2] NCCL INFO Channel 13/0 : 14[81000] -> 10[81000] [receive] via NET/IB/1
paraai-n32-h-01-agent-107:2270398:2271236 [0] NCCL INFO Channel 12/0 : 12[1000] -> 8[1000] [receive] via NET/IB/0
paraai-n32-h-01-agent-107:2270399:2271237 [1] NCCL INFO Channel 00 : 9[2000] -> 8[1000] via SHM/direct/direct
paraai-n32-h-01-agent-107:2270399:2271237 [1] NCCL INFO Channel 02 : 9[2000] -> 8[1000] via SHM/direct/direct
paraai-n32-h-01-agent-107:2270399:2271237 [1] NCCL INFO Channel 04 : 9[2000] -> 8[1000] via SHM/direct/direct
paraai-n32-h-01-agent-107:2270399:2271237 [1] NCCL INFO Channel 06 : 9[2000] -> 8[1000] via SHM/direct/direct
paraai-n32-h-01-agent-107:2270399:2271237 [1] NCCL INFO Channel 08 : 9[2000] -> 8[1000] via SHM/direct/direct
paraai-n32-h-01-agent-107:2270399:2271237 [1] NCCL INFO Channel 10 : 9[2000] -> 8[1000] via SHM/direct/direct
paraai-n32-h-01-agent-107:2270399:2271237 [1] NCCL INFO Channel 12 : 9[2000] -> 8[1000] via SHM/direct/direct
paraai-n32-h-01-agent-107:2270399:2271237 [1] NCCL INFO Channel 14 : 9[2000] -> 8[1000] via SHM/direct/direct
paraai-n32-h-01-agent-107:2270401:2271239 [3] NCCL INFO Channel 01 : 11[82000] -> 8[1000] via SHM/direct/direct
paraai-n32-h-01-agent-107:2270401:2271239 [3] NCCL INFO Channel 03 : 11[82000] -> 8[1000] via SHM/direct/direct
paraai-n32-h-01-agent-107:2270401:2271239 [3] NCCL INFO Channel 05 : 11[82000] -> 8[1000] via SHM/direct/direct
paraai-n32-h-01-agent-107:2270401:2271239 [3] NCCL INFO Channel 07 : 11[82000] -> 8[1000] via SHM/direct/direct
paraai-n32-h-01-agent-107:2270401:2271239 [3] NCCL INFO Channel 09 : 11[82000] -> 8[1000] via SHM/direct/direct
paraai-n32-h-01-agent-107:2270401:2271239 [3] NCCL INFO Channel 11 : 11[82000] -> 8[1000] via SHM/direct/direct
paraai-n32-h-01-agent-107:2270401:2271239 [3] NCCL INFO Channel 13 : 11[82000] -> 8[1000] via SHM/direct/direct
paraai-n32-h-01-agent-107:2270401:2271239 [3] NCCL INFO Channel 15 : 11[82000] -> 8[1000] via SHM/direct/direct
paraai-n32-h-01-agent-107:2270398:2271236 [0] NCCL INFO Channel 02/0 : 8[1000] -> 5[2000] [send] via NET/IB/0
paraai-n32-h-01-agent-107:2270400:2271238 [2] NCCL INFO Channel 03/0 : 10[81000] -> 7[82000] [send] via NET/IB/1
paraai-n32-h-01-agent-107:2270398:2271236 [0] NCCL INFO Channel 06/0 : 8[1000] -> 5[2000] [send] via NET/IB/0
paraai-n32-h-01-agent-107:2270400:2271238 [2] NCCL INFO Channel 07/0 : 10[81000] -> 7[82000] [send] via NET/IB/1
paraai-n32-h-01-agent-107:2270398:2271236 [0] NCCL INFO Channel 10/0 : 8[1000] -> 5[2000] [send] via NET/IB/0
paraai-n32-h-01-agent-107:2270400:2271238 [2] NCCL INFO Channel 11/0 : 10[81000] -> 7[82000] [send] via NET/IB/1
paraai-n32-h-01-agent-107:2270398:2271236 [0] NCCL INFO Channel 14/0 : 8[1000] -> 5[2000] [send] via NET/IB/0
paraai-n32-h-01-agent-107:2270401:2271239 [3] NCCL INFO Channel 00 : 11[82000] -> 10[81000] via SHM/direct/direct
paraai-n32-h-01-agent-107:2270401:2271239 [3] NCCL INFO Channel 01 : 11[82000] -> 10[81000] via SHM/direct/direct
paraai-n32-h-01-agent-107:2270401:2271239 [3] NCCL INFO Channel 02 : 11[82000] -> 10[81000] via SHM/direct/direct
paraai-n32-h-01-agent-107:2270401:2271239 [3] NCCL INFO Channel 03 : 11[82000] -> 10[81000] via SHM/direct/direct
paraai-n32-h-01-agent-107:2270401:2271239 [3] NCCL INFO Channel 04 : 11[82000] -> 10[81000] via SHM/direct/direct
paraai-n32-h-01-agent-107:2270401:2271239 [3] NCCL INFO Channel 05 : 11[82000] -> 10[81000] via SHM/direct/direct
paraai-n32-h-01-agent-107:2270401:2271239 [3] NCCL INFO Channel 06 : 11[82000] -> 10[81000] via SHM/direct/direct
paraai-n32-h-01-agent-107:2270401:2271239 [3] NCCL INFO Channel 07 : 11[82000] -> 10[81000] via SHM/direct/direct
paraai-n32-h-01-agent-107:2270401:2271239 [3] NCCL INFO Channel 08 : 11[82000] -> 10[81000] via SHM/direct/direct
paraai-n32-h-01-agent-107:2270401:2271239 [3] NCCL INFO Channel 09 : 11[82000] -> 10[81000] via SHM/direct/direct
paraai-n32-h-01-agent-107:2270401:2271239 [3] NCCL INFO Channel 10 : 11[82000] -> 10[81000] via SHM/direct/direct
paraai-n32-h-01-agent-107:2270401:2271239 [3] NCCL INFO Channel 11 : 11[82000] -> 10[81000] via SHM/direct/direct
paraai-n32-h-01-agent-107:2270401:2271239 [3] NCCL INFO Channel 12 : 11[82000] -> 10[81000] via SHM/direct/direct
paraai-n32-h-01-agent-107:2270401:2271239 [3] NCCL INFO Channel 13 : 11[82000] -> 10[81000] via SHM/direct/direct
paraai-n32-h-01-agent-107:2270401:2271239 [3] NCCL INFO Channel 14 : 11[82000] -> 10[81000] via SHM/direct/direct
paraai-n32-h-01-agent-107:2270401:2271239 [3] NCCL INFO Channel 15 : 11[82000] -> 10[81000] via SHM/direct/direct
paraai-n32-h-01-agent-107:2270398:2271236 [0] NCCL INFO Connected all trees
paraai-n32-h-01-agent-107:2270398:2271236 [0] NCCL INFO threadThresholds 8/8/64 | 128/8/64 | 512 | 512
paraai-n32-h-01-agent-107:2270398:2271236 [0] NCCL INFO 16 coll channels, 16 p2p channels, 2 p2p channels per peer
paraai-n32-h-01-agent-107:2270400:2271238 [2] NCCL INFO Channel 15/0 : 10[81000] -> 7[82000] [send] via NET/IB/1
paraai-n32-h-01-agent-107:2270400:2271238 [2] NCCL INFO Channel 00 : 10[81000] -> 9[2000] via SHM/direct/direct
paraai-n32-h-01-agent-107:2270400:2271238 [2] NCCL INFO Channel 02 : 10[81000] -> 9[2000] via SHM/direct/direct
paraai-n32-h-01-agent-107:2270400:2271238 [2] NCCL INFO Channel 04 : 10[81000] -> 9[2000] via SHM/direct/direct
paraai-n32-h-01-agent-107:2270400:2271238 [2] NCCL INFO Channel 06 : 10[81000] -> 9[2000] via SHM/direct/direct
paraai-n32-h-01-agent-107:2270400:2271238 [2] NCCL INFO Channel 08 : 10[81000] -> 9[2000] via SHM/direct/direct
paraai-n32-h-01-agent-107:2270400:2271238 [2] NCCL INFO Channel 10 : 10[81000] -> 9[2000] via SHM/direct/direct
paraai-n32-h-01-agent-107:2270400:2271238 [2] NCCL INFO Channel 12 : 10[81000] -> 9[2000] via SHM/direct/direct
paraai-n32-h-01-agent-107:2270400:2271238 [2] NCCL INFO Channel 14 : 10[81000] -> 9[2000] via SHM/direct/direct
paraai-n32-h-01-agent-107:2270399:2271237 [1] NCCL INFO Connected all trees
paraai-n32-h-01-agent-107:2270399:2271237 [1] NCCL INFO threadThresholds 8/8/64 | 128/8/64 | 512 | 512
paraai-n32-h-01-agent-107:2270399:2271237 [1] NCCL INFO 16 coll channels, 16 p2p channels, 2 p2p channels per peer
paraai-n32-h-01-agent-107:2270400:2271238 [2] NCCL INFO Connected all trees
paraai-n32-h-01-agent-107:2270400:2271238 [2] NCCL INFO threadThresholds 8/8/64 | 128/8/64 | 512 | 512
paraai-n32-h-01-agent-107:2270400:2271238 [2] NCCL INFO 16 coll channels, 16 p2p channels, 2 p2p channels per peer
paraai-n32-h-01-agent-107:2270401:2271239 [3] NCCL INFO Connected all trees
paraai-n32-h-01-agent-107:2270401:2271239 [3] NCCL INFO threadThresholds 8/8/64 | 128/8/64 | 512 | 512
paraai-n32-h-01-agent-107:2270401:2271239 [3] NCCL INFO 16 coll channels, 16 p2p channels, 2 p2p channels per peer
paraai-n32-h-01-agent-107:2270401:2271239 [3] NCCL INFO comm 0x3ad905c0 rank 11 nranks 16 cudaDev 3 busId 82000 - Init COMPLETE
paraai-n32-h-01-agent-107:2270399:2271237 [1] NCCL INFO comm 0x2c161d00 rank 9 nranks 16 cudaDev 1 busId 2000 - Init COMPLETE
paraai-n32-h-01-agent-107:2270400:2271238 [2] NCCL INFO comm 0xd3809c0 rank 10 nranks 16 cudaDev 2 busId 81000 - Init COMPLETE
paraai-n32-h-01-agent-107:2270398:2271236 [0] NCCL INFO comm 0x406a1180 rank 8 nranks 16 cudaDev 0 busId 1000 - Init COMPLETE
2023-06-29 12:30:01,975 - root - INFO - Terminating training after reaching params.max_epochs while LR scheduler is set to CosineAnnealingLR
2023-06-29 12:30:01,975 - root - INFO - Terminating training after reaching params.max_epochs while LR scheduler is set to CosineAnnealingLR
2023-06-29 12:30:01,975 - root - INFO - Terminating training after reaching params.max_epochs while LR scheduler is set to CosineAnnealingLR
2023-06-29 12:30:02,132 - root - INFO - Terminating training after reaching params.max_epochs while LR scheduler is set to CosineAnnealingLR
paraai-n32-h-01-agent-107:2270398:2271290 [0] NCCL INFO [Service thread] Connection closed by localRank 0
paraai-n32-h-01-agent-107:2270400:2271291 [2] NCCL INFO [Service thread] Connection closed by localRank 2
paraai-n32-h-01-agent-107:2270398:2270398 [0] NCCL INFO comm 0x406a1180 rank 8 nranks 16 cudaDev 0 busId 1000 - Abort COMPLETE
paraai-n32-h-01-agent-107:2270400:2270400 [2] NCCL INFO comm 0xd3809c0 rank 10 nranks 16 cudaDev 2 busId 81000 - Abort COMPLETE
paraai-n32-h-01-agent-107:2270401:2271292 [3] NCCL INFO [Service thread] Connection closed by localRank 3
paraai-n32-h-01-agent-107:2270401:2270401 [3] NCCL INFO comm 0x3ad905c0 rank 11 nranks 16 cudaDev 3 busId 82000 - Abort COMPLETE
paraai-n32-h-01-agent-107:2270399:2271293 [1] NCCL INFO [Service thread] Connection closed by localRank 1
paraai-n32-h-01-agent-107:2270399:2270399 [1] NCCL INFO comm 0x2c161d00 rank 9 nranks 16 cudaDev 1 busId 2000 - Abort COMPLETE
WARNING:torch.distributed.elastic.rendezvous.dynamic_rendezvous:The node 'paraai-n32-h-01-agent-107.paraai-n32-h-01.com_2270280_0' has failed to shutdown the rendezvous '1' due to an error of type RendezvousConnectionError.
