master_addr is only used for static rdzv_backend and when rdzv_endpoint is not specified.
paraai-n32-h-01-agent-107
paraai-n32-h-01-agent-107
0
------------------ Configuration ------------------  /home/bingxing2/home/scx6115/Ocean_AI_model/config/Model_2.yaml
0
------------------ Configuration ------------------  /home/bingxing2/home/scx6115/Ocean_AI_model/config/Model_2.yaml
paraai-n32-h-01-agent-107
paraai-n32-h-01-agent-107
0
------------------ Configuration ------------------  /home/bingxing2/home/scx6115/Ocean_AI_model/config/Model_2.yaml
0
------------------ Configuration ------------------  /home/bingxing2/home/scx6115/Ocean_AI_model/config/Model_2.yaml
nettype Masked_AE_Ocean
nettypelog_to_wandb True 
Masked_AE_Ocean
lr 0.001log_to_wandb
 True
batch_size lr32 
max_epochs 0.001150

scheduler batch_sizeCosineAnnealingLR 
32
fusion_3d_2d max_epochsFalse 
150
in_channels scheduler CosineAnnealingLR
fusion_3d_2d False
in_channels [0, 1, 2, 3, 4, 5, 6, 7, 8, 9, 10, 11, 12, 13, 14, 15, 16, 17, 18, 19, 20, 21, 22, 23, 24, 25, 26, 27, 28, 29, 30, 31, 32, 33, 34, 35, 36, 37, 38, 39, 40, 41, 42, 43, 44, 45, 46, 47, 48, 49, 50, 51, 52, 53, 54, 55, 56, 57, 58, 59, 60, 61, 62, 63, 64, 65]
out_channels [0, 1, 2, 3, 4, 5, 6, 7, 8, 9, 10, 11, 12, 13, 14, 15, 16, 17, 18, 19, 20, 21, 22, 23, 24, 25, 26, 27, 28, 29, 30, 31, 32, 33, 34, 35, 36, 37, 38, 39, 40, 41, 42, 43, 44, 45, 46, 47, 48, 49, 50, 51, 52, 53, 54, 55, 56, 57, 58, 59, 60, 61, 62, 63, 64, 65][0, 1, 2, 3, 4, 5, 6, 7, 8, 9, 10, 11, 12, 13, 14, 15, 16, 17, 18, 19, 20, 21, 22, 23, 24, 25, 26, 27, 28, 29, 30, 31, 32, 33, 34, 35, 36, 37, 38, 39, 40, 41, 42, 43, 44, 45, 46, 47, 48, 49, 50, 51, 52, 53, 54, 55, 56, 57, 58, 59, 60]

N_in_channels out_channels66 
N_out_channels 61
img_size_h 720[0, 1, 2, 3, 4, 5, 6, 7, 8, 9, 10, 11, 12, 13, 14, 15, 16, 17, 18, 19, 20, 21, 22, 23, 24, 25, 26, 27, 28, 29, 30, 31, 32, 33, 34, 35, 36, 37, 38, 39, 40, 41, 42, 43, 44, 45, 46, 47, 48, 49, 50, 51, 52, 53, 54, 55, 56, 57, 58, 59, 60]

img_size_w N_in_channels1440 
66
patch_size_h N_out_channels8 
61
patch_size_w 8img_size_h
 720mlp_ratio
 img_size_w4.0 
1440
embed_dim patch_size_h512 
8
depth patch_size_w16 
8
num_heads mlp_ratio16 
4.0
decoder_embed_dim embed_dim1024 
512
decoder_depth depth8 
16
decoder_num_heads num_heads16 
16
koopman_depth decoder_embed_dim2 
1024
modes_h_ratio 1decoder_depth
 8modes_w_ratio
 decoder_num_heads0.8 
16
drop_rate koopman_depth0.0 
2
drop_path_ratemodes_h_ratio  0.01

sparsity_threshold modes_w_ratio0.01 
0.8
hard_thresholding_fraction drop_rate1.0 
0.0
num_blocks drop_path_rate8 
0.0
loss sparsity_thresholdl2 
0.01
num_data_workershard_thresholding_fraction  01.0

dtnum_blocks  18

n_historyloss  0l2

prediction_typenum_data_workers  iterative0

prediction_lengthdt  411

n_initial_conditionsn_history  50

prediction_type ics_typeiterative 
default
prediction_length date_strings41 
['2018-09-14 00:00:00']n_initial_conditions
 5
save_raw_forecasts True
ics_type default
save_channeldate_strings  False
['2018-09-14 00:00:00']
masked_acc False
save_raw_forecasts maskpathTrue 
None
save_channel perturbFalse 
False
masked_acc add_gridFalse 
False
maskpath N_grid_channelsNone 
0
perturb gridtypeFalse 
sinusoidal
add_grid rollFalse 
False
N_grid_channels enable_nhwc0 
False
gridtype optimizer_typesinusoidal 
FusedAdam
roll Falseexp_dir
 ./exp_15_levelsenable_nhwc
 Falsepatch_size
 8optimizer_type
 FusedAdamwidth
 56exp_dir
 ./exp_15_levelsmodes
 32patch_size
 8target
 defaultwidth
 56train_data_path
 /home/bingxing2/home/scx6115/Ocean_AI_model/sample_01/trainmodes
 32valid_data_path
 /home/bingxing2/home/scx6115/Ocean_AI_model/sample_01/validtarget
 defaulttest_data_path
 train_data_path/home/bingxing2/home/scx6115/Ocean_AI_model/sample_01/test 
/home/bingxing2/home/scx6115/Ocean_AI_model/sample_01/train
land_mask valid_data_pathTrue 
/home/bingxing2/home/scx6115/Ocean_AI_model/sample_01/valid
land_mask_path test_data_path/home/bingxing2/home/scx6115/Ocean_AI_model/sample_01/land_mask.h5 
/home/bingxing2/home/scx6115/Ocean_AI_model/sample_01/test
normalize land_maskTrue 
True
normalization land_mask_pathzscore 
/home/bingxing2/home/scx6115/Ocean_AI_model/sample_01/land_mask.h5
global_mins_path normalize/home/bingxing2/home/scx6115/Ocean_AI_model/sample_01/train/global_mins.npy 
True
global_maxs_path normalization/home/bingxing2/home/scx6115/Ocean_AI_model/sample_01/train/global_maxs.npy 
zscore
global_means_path global_mins_path/home/bingxing2/home/scx6115/Ocean_AI_model/sample_01/train/global_means.npy 
/home/bingxing2/home/scx6115/Ocean_AI_model/sample_01/train/global_mins.npy
global_stds_path global_maxs_path/home/bingxing2/home/scx6115/Ocean_AI_model/sample_01/train/global_stds.npy 
/home/bingxing2/home/scx6115/Ocean_AI_model/sample_01/train/global_maxs.npy
orography global_means_pathTrue 
/home/bingxing2/home/scx6115/Ocean_AI_model/sample_01/train/global_means.npy
orography_norm_zscore_path global_stds_path/home/bingxing2/home/scx6115/Ocean_AI_model/sample_01/orography_norm_zscore.h5 
/home/bingxing2/home/scx6115/Ocean_AI_model/sample_01/train/global_stds.npy
orography_norm_maxmin_path /home/bingxing2/home/scx6115/Ocean_AI_model/sample_01/orography_norm_maxmin.h5orography
 Trueadd_noise
 Falseorography_norm_zscore_path
nettype noise_std/home/bingxing2/home/scx6115/Ocean_AI_model/sample_01/orography_norm_zscore.h5 
 0orography_norm_maxmin_pathMasked_AE_Ocean 

/home/bingxing2/home/scx6115/Ocean_AI_model/sample_01/orography_norm_maxmin.h5crop_size_x
 Noneadd_noise
 False
crop_size_y log_to_wandbnoise_stdNone  
0True
log_to_screencrop_size_x
  TrueNone

lrcrop_size_ysave_checkpoint   TrueNone

0.001plot_animationslog_to_screen 
 FalseTrue

batch_sizesave_checkpoint  32True

max_epochsplot_animations  False150

scheduler CosineAnnealingLR
fusion_3d_2d False
in_channels [0, 1, 2, 3, 4, 5, 6, 7, 8, 9, 10, 11, 12, 13, 14, 15, 16, 17, 18, 19, 20, 21, 22, 23, 24, 25, 26, 27, 28, 29, 30, 31, 32, 33, 34, 35, 36, 37, 38, 39, 40, 41, 42, 43, 44, 45, 46, 47, 48, 49, 50, 51, 52, 53, 54, 55, 56, 57, 58, 59, 60, 61, 62, 63, 64, 65]---------------------------------------------------

out_channels [0, 1, 2, 3, 4, 5, 6, 7, 8, 9, 10, 11, 12, 13, 14, 15, 16, 17, 18, 19, 20, 21, 22, 23, 24, 25, 26, 27, 28, 29, 30, 31, 32, 33, 34, 35, 36, 37, 38, 39, 40, 41, 42, 43, 44, 45, 46, 47, 48, 49, 50, 51, 52, 53, 54, 55, 56, 57, 58, 59, 60]
---------------------------------------------------world_size :N_in_channels
  nettype1666
 
Initialize distributed process group...Masked_AE_Ocean
N_out_channels
 61
world_size : img_size_h16log_to_wandb 
720 Initialize distributed process group...
True

img_size_w lr1440 
patch_size_h0.001
 8batch_size
 32patch_size_w
 8max_epochs 
150mlp_ratio
 scheduler4.0 
CosineAnnealingLRembed_dim
 512fusion_3d_2d
 False
depth 16in_channels
 num_heads 16
decoder_embed_dim 1024[0, 1, 2, 3, 4, 5, 6, 7, 8, 9, 10, 11, 12, 13, 14, 15, 16, 17, 18, 19, 20, 21, 22, 23, 24, 25, 26, 27, 28, 29, 30, 31, 32, 33, 34, 35, 36, 37, 38, 39, 40, 41, 42, 43, 44, 45, 46, 47, 48, 49, 50, 51, 52, 53, 54, 55, 56, 57, 58, 59, 60, 61, 62, 63, 64, 65]

decoder_depth 8
out_channelsdecoder_num_heads  16
koopman_depth 2
modes_h_ratio[0, 1, 2, 3, 4, 5, 6, 7, 8, 9, 10, 11, 12, 13, 14, 15, 16, 17, 18, 19, 20, 21, 22, 23, 24, 25, 26, 27, 28, 29, 30, 31, 32, 33, 34, 35, 36, 37, 38, 39, 40, 41, 42, 43, 44, 45, 46, 47, 48, 49, 50, 51, 52, 53, 54, 55, 56, 57, 58, 59, 60] 
1
N_in_channelsmodes_w_ratio  660.8

N_out_channelsdrop_rate  610.0

img_size_hdrop_path_rate 720 
0.0
img_size_w 1440sparsity_threshold
 patch_size_h0.01 
8hard_thresholding_fraction
 1.0patch_size_w
 num_blocks8 
8mlp_ratio 
4.0
lossembed_dim  l2512

num_data_workers depth0 
16dt
 1
num_headsn_history  160

decoder_embed_dimprediction_type  1024iterative

decoder_depthprediction_length  841

decoder_num_heads 16n_initial_conditions
 koopman_depth5 
2ics_type
 default
modes_h_ratio date_strings1 
['2018-09-14 00:00:00']
modes_w_ratio save_raw_forecasts0.8
 True
drop_rate 0.0
save_channel drop_path_rateFalse 
0.0
masked_acc Falsesparsity_threshold
 maskpath0.01
 None
hard_thresholding_fraction 1.0perturb
 Falsenum_blocks
 add_grid8 
False
lossN_grid_channels  l20

num_data_workersgridtype  0sinusoidal

rolldt  False1

enable_nhwcn_history False 
0
optimizer_type FusedAdamprediction_type 
iterative
exp_dir prediction_length./exp_15_levels 
41
patch_size 8n_initial_conditions
 5width
 56ics_type
 defaultmodes
 32date_strings
 target['2018-09-14 00:00:00'] 
defaultsave_raw_forecasts
 Truetrain_data_path
 /home/bingxing2/home/scx6115/Ocean_AI_model/sample_01/train
save_channelvalid_data_path  /home/bingxing2/home/scx6115/Ocean_AI_model/sample_01/validFalse

test_data_pathmasked_acc /home/bingxing2/home/scx6115/Ocean_AI_model/sample_01/test 
False
land_mask True
maskpath land_mask_pathNone 
/home/bingxing2/home/scx6115/Ocean_AI_model/sample_01/land_mask.h5
perturb normalizeFalse 
True
add_gridnormalization False 
zscore
N_grid_channels 0global_mins_path
 /home/bingxing2/home/scx6115/Ocean_AI_model/sample_01/train/global_mins.npy
gridtypeglobal_maxs_path  /home/bingxing2/home/scx6115/Ocean_AI_model/sample_01/train/global_maxs.npysinusoidal

global_means_pathroll  /home/bingxing2/home/scx6115/Ocean_AI_model/sample_01/train/global_means.npyFalse

global_stds_pathenable_nhwc  /home/bingxing2/home/scx6115/Ocean_AI_model/sample_01/train/global_stds.npyFalse

optimizer_typeorography  FusedAdamTrue

exp_dir orography_norm_zscore_path./exp_15_levels 
/home/bingxing2/home/scx6115/Ocean_AI_model/sample_01/orography_norm_zscore.h5
patch_size orography_norm_maxmin_path8 
/home/bingxing2/home/scx6115/Ocean_AI_model/sample_01/orography_norm_maxmin.h5width
 56add_noise
 Falsemodes 
32
noise_std 0target
 crop_size_xdefault 
None
train_data_path /home/bingxing2/home/scx6115/Ocean_AI_model/sample_01/traincrop_size_y
 None
valid_data_path /home/bingxing2/home/scx6115/Ocean_AI_model/sample_01/validlog_to_screen 
Truetest_data_path
 save_checkpoint /home/bingxing2/home/scx6115/Ocean_AI_model/sample_01/test
True
land_mask plot_animationsTrue 
False
land_mask_path /home/bingxing2/home/scx6115/Ocean_AI_model/sample_01/land_mask.h5
normalize True
normalization zscore
global_mins_path /home/bingxing2/home/scx6115/Ocean_AI_model/sample_01/train/global_mins.npy
global_maxs_path /home/bingxing2/home/scx6115/Ocean_AI_model/sample_01/train/global_maxs.npy
global_means_path /home/bingxing2/home/scx6115/Ocean_AI_model/sample_01/train/global_means.npy
global_stds_path /home/bingxing2/home/scx6115/Ocean_AI_model/sample_01/train/global_stds.npy
orography True
orography_norm_zscore_path /home/bingxing2/home/scx6115/Ocean_AI_model/sample_01/orography_norm_zscore.h5
orography_norm_maxmin_path /home/bingxing2/home/scx6115/Ocean_AI_model/sample_01/orography_norm_maxmin.h5
add_noise--------------------------------------------------- 
False
noise_std 0
crop_size_x None
crop_size_y None
log_to_screen world_size :True 
16save_checkpoint
 Initialize distributed process group...True

plot_animations False
---------------------------------------------------
world_size : 16
Initialize distributed process group...
2023-07-04 16:23:37,514 - torch.distributed.distributed_c10d - INFO - Added key: store_based_barrier_key:1 to store for rank: 8
2023-07-04 16:23:37,514 - torch.distributed.distributed_c10d - INFO - Added key: store_based_barrier_key:1 to store for rank: 11
2023-07-04 16:23:37,514 - torch.distributed.distributed_c10d - INFO - Added key: store_based_barrier_key:1 to store for rank: 10
2023-07-04 16:23:37,515 - torch.distributed.distributed_c10d - INFO - Added key: store_based_barrier_key:1 to store for rank: 9
2023-07-04 16:23:37,698 - torch.distributed.distributed_c10d - INFO - Rank 8: Completed store-based barrier for key:store_based_barrier_key:1 with 16 nodes.
2023-07-04 16:23:37,698 - torch.distributed.distributed_c10d - INFO - Rank 9: Completed store-based barrier for key:store_based_barrier_key:1 with 16 nodes.
2023-07-04 16:23:37,698 - torch.distributed.distributed_c10d - INFO - Rank 10: Completed store-based barrier for key:store_based_barrier_key:1 with 16 nodes.
2023-07-04 16:23:37,698 - torch.distributed.distributed_c10d - INFO - Rank 11: Completed store-based barrier for key:store_based_barrier_key:1 with 16 nodes.
2023-07-04 16:23:37,758 - root - INFO - device: cuda:3
2023-07-04 16:23:37,758 - root - INFO - rank 11, begin data loader init
2023-07-04 16:23:37,761 - root - INFO - device: cuda:2
2023-07-04 16:23:37,762 - root - INFO - rank 10, begin data loader init
2023-07-04 16:23:37,764 - root - INFO - device: cuda:1
2023-07-04 16:23:37,764 - root - INFO - rank 9, begin data loader init
2023-07-04 16:23:37,765 - root - INFO - device: cuda:0
2023-07-04 16:23:37,765 - root - INFO - rank 8, begin data loader init
2023-07-04 16:23:37,809 - root - INFO - Getting file stats from /home/bingxing2/home/scx6115/Ocean_AI_model/sample_01/train/2000.h5
2023-07-04 16:23:37,809 - root - INFO - Getting file stats from /home/bingxing2/home/scx6115/Ocean_AI_model/sample_01/train/2000.h5
2023-07-04 16:23:37,809 - root - INFO - Getting file stats from /home/bingxing2/home/scx6115/Ocean_AI_model/sample_01/train/2000.h5
2023-07-04 16:23:37,809 - root - INFO - Getting file stats from /home/bingxing2/home/scx6115/Ocean_AI_model/sample_01/train/2000.h5
2023-07-04 16:23:37,810 - root - INFO - Number of samples per year: 365
2023-07-04 16:23:37,810 - root - INFO - Number of samples per year: 365
2023-07-04 16:23:37,810 - root - INFO - Found data at path /home/bingxing2/home/scx6115/Ocean_AI_model/sample_01/train. Number of examples: 4015. Image Shape: 720 x 1440 x 66
2023-07-04 16:23:37,810 - root - INFO - Number of samples per year: 365
2023-07-04 16:23:37,810 - root - INFO - Number of samples per year: 365
2023-07-04 16:23:37,810 - root - INFO - Delta t: 1 days
2023-07-04 16:23:37,810 - root - INFO - Found data at path /home/bingxing2/home/scx6115/Ocean_AI_model/sample_01/train. Number of examples: 4015. Image Shape: 720 x 1440 x 66
2023-07-04 16:23:37,810 - root - INFO - Found data at path /home/bingxing2/home/scx6115/Ocean_AI_model/sample_01/train. Number of examples: 4015. Image Shape: 720 x 1440 x 66
2023-07-04 16:23:37,810 - root - INFO - Found data at path /home/bingxing2/home/scx6115/Ocean_AI_model/sample_01/train. Number of examples: 4015. Image Shape: 720 x 1440 x 66
2023-07-04 16:23:37,810 - root - INFO - Including 0 days of past history in training at a frequency of 1 days
2023-07-04 16:23:37,810 - root - INFO - Delta t: 1 days
2023-07-04 16:23:37,810 - root - INFO - Delta t: 1 days
2023-07-04 16:23:37,810 - root - INFO - Delta t: 1 days
2023-07-04 16:23:37,810 - root - INFO - Including 0 days of past history in training at a frequency of 1 days
2023-07-04 16:23:37,810 - root - INFO - Including 0 days of past history in training at a frequency of 1 days
2023-07-04 16:23:37,810 - root - INFO - Including 0 days of past history in training at a frequency of 1 days
2023-07-04 16:23:37,854 - root - INFO - Getting file stats from /home/bingxing2/home/scx6115/Ocean_AI_model/sample_01/valid/2011.h5
2023-07-04 16:23:37,854 - root - INFO - Getting file stats from /home/bingxing2/home/scx6115/Ocean_AI_model/sample_01/valid/2011.h5
2023-07-04 16:23:37,854 - root - INFO - Getting file stats from /home/bingxing2/home/scx6115/Ocean_AI_model/sample_01/valid/2011.h5
2023-07-04 16:23:37,854 - root - INFO - Getting file stats from /home/bingxing2/home/scx6115/Ocean_AI_model/sample_01/valid/2011.h5
2023-07-04 16:23:37,855 - root - INFO - Number of samples per year: 364
2023-07-04 16:23:37,855 - root - INFO - Number of samples per year: 364
2023-07-04 16:23:37,855 - root - INFO - Found data at path /home/bingxing2/home/scx6115/Ocean_AI_model/sample_01/valid. Number of examples: 364. Image Shape: 720 x 1440 x 66
2023-07-04 16:23:37,855 - root - INFO - Number of samples per year: 364
2023-07-04 16:23:37,855 - root - INFO - Number of samples per year: 364
2023-07-04 16:23:37,855 - root - INFO - Found data at path /home/bingxing2/home/scx6115/Ocean_AI_model/sample_01/valid. Number of examples: 364. Image Shape: 720 x 1440 x 66
2023-07-04 16:23:37,855 - root - INFO - Delta t: 1 days
2023-07-04 16:23:37,855 - root - INFO - Found data at path /home/bingxing2/home/scx6115/Ocean_AI_model/sample_01/valid. Number of examples: 364. Image Shape: 720 x 1440 x 66
2023-07-04 16:23:37,855 - root - INFO - Delta t: 1 days
2023-07-04 16:23:37,855 - root - INFO - Including 0 days of past history in training at a frequency of 1 days
2023-07-04 16:23:37,855 - root - INFO - Found data at path /home/bingxing2/home/scx6115/Ocean_AI_model/sample_01/valid. Number of examples: 364. Image Shape: 720 x 1440 x 66
2023-07-04 16:23:37,855 - root - INFO - Delta t: 1 days
2023-07-04 16:23:37,855 - root - INFO - Including 0 days of past history in training at a frequency of 1 days
2023-07-04 16:23:37,856 - root - INFO - Delta t: 1 days
2023-07-04 16:23:37,856 - root - INFO - Including 0 days of past history in training at a frequency of 1 days
2023-07-04 16:23:37,856 - root - INFO - Including 0 days of past history in training at a frequency of 1 days
2023-07-04 16:23:37,856 - root - INFO - rank 8, data loader initialized
2023-07-04 16:23:37,856 - root - INFO - rank 10, data loader initialized
2023-07-04 16:23:37,856 - root - INFO - rank 9, data loader initialized
2023-07-04 16:23:37,856 - root - INFO - rank 11, data loader initialized
paraai-n32-h-01-agent-107:4132872:4132872 [1] NCCL INFO cudaDriverVersion 11060
paraai-n32-h-01-agent-107:4132873:4132873 [2] NCCL INFO cudaDriverVersion 11060
paraai-n32-h-01-agent-107:4132871:4132871 [0] NCCL INFO cudaDriverVersion 11060
paraai-n32-h-01-agent-107:4132874:4132874 [3] NCCL INFO cudaDriverVersion 11060
paraai-n32-h-01-agent-107:4132871:4132871 [0] NCCL INFO Bootstrap : Using eth0:172.16.4.197<0>
paraai-n32-h-01-agent-107:4132872:4132872 [1] NCCL INFO Bootstrap : Using eth0:172.16.4.197<0>
paraai-n32-h-01-agent-107:4132874:4132874 [3] NCCL INFO Bootstrap : Using eth0:172.16.4.197<0>
paraai-n32-h-01-agent-107:4132873:4132873 [2] NCCL INFO Bootstrap : Using eth0:172.16.4.197<0>
paraai-n32-h-01-agent-107:4132872:4132872 [1] NCCL INFO NET/Plugin : No plugin found (libnccl-net.so), using internal implementation
paraai-n32-h-01-agent-107:4132871:4132871 [0] NCCL INFO NET/Plugin : No plugin found (libnccl-net.so), using internal implementation
paraai-n32-h-01-agent-107:4132874:4132874 [3] NCCL INFO NET/Plugin : No plugin found (libnccl-net.so), using internal implementation
paraai-n32-h-01-agent-107:4132873:4132873 [2] NCCL INFO NET/Plugin : No plugin found (libnccl-net.so), using internal implementation
paraai-n32-h-01-agent-107:4132872:4133871 [1] NCCL INFO NET/IB : Using [0]mlx5_0:1/RoCE [1]mlx5_2:1/RoCE [RO]; OOB eth0:172.16.4.197<0>
paraai-n32-h-01-agent-107:4132873:4133870 [2] NCCL INFO NET/IB : Using [0]mlx5_0:1/RoCE [1]mlx5_2:1/RoCE [RO]; OOB eth0:172.16.4.197<0>
paraai-n32-h-01-agent-107:4132872:4133871 [1] NCCL INFO Using network IB
paraai-n32-h-01-agent-107:4132873:4133870 [2] NCCL INFO Using network IB
paraai-n32-h-01-agent-107:4132874:4133869 [3] NCCL INFO NET/IB : Using [0]mlx5_0:1/RoCE [1]mlx5_2:1/RoCE [RO]; OOB eth0:172.16.4.197<0>
paraai-n32-h-01-agent-107:4132874:4133869 [3] NCCL INFO Using network IB
paraai-n32-h-01-agent-107:4132871:4133868 [0] NCCL INFO NET/IB : Using [0]mlx5_0:1/RoCE [1]mlx5_2:1/RoCE [RO]; OOB eth0:172.16.4.197<0>
paraai-n32-h-01-agent-107:4132871:4133868 [0] NCCL INFO Using network IB
paraai-n32-h-01-agent-107:4132871:4133868 [0] NCCL INFO Setting affinity for GPU 0 to ffffffff
paraai-n32-h-01-agent-107:4132872:4133871 [1] NCCL INFO Setting affinity for GPU 1 to ffffffff
paraai-n32-h-01-agent-107:4132874:4133869 [3] NCCL INFO Setting affinity for GPU 3 to ffffffff,00000000,00000000
paraai-n32-h-01-agent-107:4132873:4133870 [2] NCCL INFO Setting affinity for GPU 2 to ffffffff,00000000,00000000
paraai-n32-h-01-agent-107:4132874:4133869 [3] NCCL INFO NCCL_MAX_NCHANNELS set by environment to 16.
paraai-n32-h-01-agent-107:4132874:4133869 [3] NCCL INFO NCCL_MIN_NCHANNELS set by environment to 16.
paraai-n32-h-01-agent-107:4132873:4133870 [2] NCCL INFO NCCL_MAX_NCHANNELS set by environment to 16.
paraai-n32-h-01-agent-107:4132873:4133870 [2] NCCL INFO NCCL_MIN_NCHANNELS set by environment to 16.
paraai-n32-h-01-agent-107:4132871:4133868 [0] NCCL INFO NCCL_MAX_NCHANNELS set by environment to 16.
paraai-n32-h-01-agent-107:4132874:4133869 [3] NCCL INFO Trees [0] -1/-1/-1->11->10 [1] 8/6/-1->11->10 [2] -1/-1/-1->11->10 [3] 8/-1/-1->11->10 [4] -1/-1/-1->11->10 [5] 8/6/-1->11->10 [6] -1/-1/-1->11->10 [7] 8/-1/-1->11->10 [8] -1/-1/-1->11->10 [9] 8/6/-1->11->10 [10] -1/-1/-1->11->10 [11] 8/-1/-1->11->10 [12] -1/-1/-1->11->10 [13] 8/6/-1->11->10 [14] -1/-1/-1->11->10 [15] 8/-1/-1->11->10
paraai-n32-h-01-agent-107:4132871:4133868 [0] NCCL INFO NCCL_MIN_NCHANNELS set by environment to 16.
paraai-n32-h-01-agent-107:4132873:4133870 [2] NCCL INFO Trees [0] 11/-1/-1->10->9 [1] 11/14/-1->10->2 [2] 11/-1/-1->10->9 [3] 11/-1/-1->10->7 [4] 11/-1/-1->10->9 [5] 11/14/-1->10->2 [6] 11/-1/-1->10->9 [7] 11/-1/-1->10->7 [8] 11/-1/-1->10->9 [9] 11/14/-1->10->2 [10] 11/-1/-1->10->9 [11] 11/-1/-1->10->7 [12] 11/-1/-1->10->9 [13] 11/14/-1->10->2 [14] 11/-1/-1->10->9 [15] 11/-1/-1->10->7
paraai-n32-h-01-agent-107:4132871:4133868 [0] NCCL INFO Trees [0] 9/12/-1->8->0 [1] 9/-1/-1->8->11 [2] 9/-1/-1->8->5 [3] 9/-1/-1->8->11 [4] 9/12/-1->8->0 [5] 9/-1/-1->8->11 [6] 9/-1/-1->8->5 [7] 9/-1/-1->8->11 [8] 9/12/-1->8->0 [9] 9/-1/-1->8->11 [10] 9/-1/-1->8->5 [11] 9/-1/-1->8->11 [12] 9/12/-1->8->0 [13] 9/-1/-1->8->11 [14] 9/-1/-1->8->5 [15] 9/-1/-1->8->11
paraai-n32-h-01-agent-107:4132872:4133871 [1] NCCL INFO NCCL_MAX_NCHANNELS set by environment to 16.
paraai-n32-h-01-agent-107:4132872:4133871 [1] NCCL INFO NCCL_MIN_NCHANNELS set by environment to 16.
paraai-n32-h-01-agent-107:4132872:4133871 [1] NCCL INFO Trees [0] 10/4/-1->9->8 [1] -1/-1/-1->9->8 [2] 10/-1/-1->9->8 [3] -1/-1/-1->9->8 [4] 10/4/-1->9->8 [5] -1/-1/-1->9->8 [6] 10/-1/-1->9->8 [7] -1/-1/-1->9->8 [8] 10/4/-1->9->8 [9] -1/-1/-1->9->8 [10] 10/-1/-1->9->8 [11] -1/-1/-1->9->8 [12] 10/4/-1->9->8 [13] -1/-1/-1->9->8 [14] 10/-1/-1->9->8 [15] -1/-1/-1->9->8
paraai-n32-h-01-agent-107:4132871:4133868 [0] NCCL INFO Channel 00/0 : 7[82000] -> 8[1000] [receive] via NET/IB/0
paraai-n32-h-01-agent-107:4132873:4133870 [2] NCCL INFO Channel 00 : 10[81000] -> 11[82000] via SHM/direct/direct
paraai-n32-h-01-agent-107:4132873:4133870 [2] NCCL INFO Channel 01 : 10[81000] -> 11[82000] via SHM/direct/direct
paraai-n32-h-01-agent-107:4132873:4133870 [2] NCCL INFO Channel 02 : 10[81000] -> 11[82000] via SHM/direct/direct
paraai-n32-h-01-agent-107:4132873:4133870 [2] NCCL INFO Channel 03 : 10[81000] -> 11[82000] via SHM/direct/direct
paraai-n32-h-01-agent-107:4132873:4133870 [2] NCCL INFO Channel 04 : 10[81000] -> 11[82000] via SHM/direct/direct
paraai-n32-h-01-agent-107:4132873:4133870 [2] NCCL INFO Channel 05 : 10[81000] -> 11[82000] via SHM/direct/direct
paraai-n32-h-01-agent-107:4132873:4133870 [2] NCCL INFO Channel 06 : 10[81000] -> 11[82000] via SHM/direct/direct
paraai-n32-h-01-agent-107:4132873:4133870 [2] NCCL INFO Channel 07 : 10[81000] -> 11[82000] via SHM/direct/direct
paraai-n32-h-01-agent-107:4132873:4133870 [2] NCCL INFO Channel 08 : 10[81000] -> 11[82000] via SHM/direct/direct
paraai-n32-h-01-agent-107:4132873:4133870 [2] NCCL INFO Channel 09 : 10[81000] -> 11[82000] via SHM/direct/direct
paraai-n32-h-01-agent-107:4132873:4133870 [2] NCCL INFO Channel 10 : 10[81000] -> 11[82000] via SHM/direct/direct
paraai-n32-h-01-agent-107:4132873:4133870 [2] NCCL INFO Channel 11 : 10[81000] -> 11[82000] via SHM/direct/direct
paraai-n32-h-01-agent-107:4132873:4133870 [2] NCCL INFO Channel 12 : 10[81000] -> 11[82000] via SHM/direct/direct
paraai-n32-h-01-agent-107:4132873:4133870 [2] NCCL INFO Channel 13 : 10[81000] -> 11[82000] via SHM/direct/direct
paraai-n32-h-01-agent-107:4132873:4133870 [2] NCCL INFO Channel 14 : 10[81000] -> 11[82000] via SHM/direct/direct
paraai-n32-h-01-agent-107:4132873:4133870 [2] NCCL INFO Channel 15 : 10[81000] -> 11[82000] via SHM/direct/direct
paraai-n32-h-01-agent-107:4132871:4133868 [0] NCCL INFO Channel 02/0 : 7[82000] -> 8[1000] [receive] via NET/IB/0
paraai-n32-h-01-agent-107:4132872:4133871 [1] NCCL INFO Channel 00 : 9[2000] -> 10[81000] via SHM/direct/direct
paraai-n32-h-01-agent-107:4132872:4133871 [1] NCCL INFO Channel 02 : 9[2000] -> 10[81000] via SHM/direct/direct
paraai-n32-h-01-agent-107:4132872:4133871 [1] NCCL INFO Channel 04 : 9[2000] -> 10[81000] via SHM/direct/direct
paraai-n32-h-01-agent-107:4132872:4133871 [1] NCCL INFO Channel 06 : 9[2000] -> 10[81000] via SHM/direct/direct
paraai-n32-h-01-agent-107:4132872:4133871 [1] NCCL INFO Channel 08 : 9[2000] -> 10[81000] via SHM/direct/direct
paraai-n32-h-01-agent-107:4132872:4133871 [1] NCCL INFO Channel 10 : 9[2000] -> 10[81000] via SHM/direct/direct
paraai-n32-h-01-agent-107:4132872:4133871 [1] NCCL INFO Channel 12 : 9[2000] -> 10[81000] via SHM/direct/direct
paraai-n32-h-01-agent-107:4132872:4133871 [1] NCCL INFO Channel 14 : 9[2000] -> 10[81000] via SHM/direct/direct
paraai-n32-h-01-agent-107:4132874:4133869 [3] NCCL INFO Channel 00/0 : 11[82000] -> 12[1000] [send] via NET/IB/1
paraai-n32-h-01-agent-107:4132871:4133868 [0] NCCL INFO Channel 04/0 : 7[82000] -> 8[1000] [receive] via NET/IB/0
paraai-n32-h-01-agent-107:4132874:4133869 [3] NCCL INFO Channel 02/0 : 11[82000] -> 12[1000] [send] via NET/IB/1
paraai-n32-h-01-agent-107:4132871:4133868 [0] NCCL INFO Channel 06/0 : 7[82000] -> 8[1000] [receive] via NET/IB/0
paraai-n32-h-01-agent-107:4132874:4133869 [3] NCCL INFO Channel 04/0 : 11[82000] -> 12[1000] [send] via NET/IB/1
paraai-n32-h-01-agent-107:4132874:4133869 [3] NCCL INFO Channel 06/0 : 11[82000] -> 12[1000] [send] via NET/IB/1
paraai-n32-h-01-agent-107:4132871:4133868 [0] NCCL INFO Channel 08/0 : 7[82000] -> 8[1000] [receive] via NET/IB/0
paraai-n32-h-01-agent-107:4132874:4133869 [3] NCCL INFO Channel 08/0 : 11[82000] -> 12[1000] [send] via NET/IB/1
paraai-n32-h-01-agent-107:4132871:4133868 [0] NCCL INFO Channel 10/0 : 7[82000] -> 8[1000] [receive] via NET/IB/0
paraai-n32-h-01-agent-107:4132874:4133869 [3] NCCL INFO Channel 10/0 : 11[82000] -> 12[1000] [send] via NET/IB/1
paraai-n32-h-01-agent-107:4132871:4133868 [0] NCCL INFO Channel 12/0 : 7[82000] -> 8[1000] [receive] via NET/IB/0
paraai-n32-h-01-agent-107:4132874:4133869 [3] NCCL INFO Channel 12/0 : 11[82000] -> 12[1000] [send] via NET/IB/1
paraai-n32-h-01-agent-107:4132871:4133868 [0] NCCL INFO Channel 14/0 : 7[82000] -> 8[1000] [receive] via NET/IB/0
paraai-n32-h-01-agent-107:4132874:4133869 [3] NCCL INFO Channel 14/0 : 11[82000] -> 12[1000] [send] via NET/IB/1
paraai-n32-h-01-agent-107:4132874:4133883 [3] NCCL INFO NCCL_IB_GID_INDEX set by environment to 3.
paraai-n32-h-01-agent-107:4132873:4133870 [2] NCCL INFO Channel 01/0 : 4[1000] -> 10[81000] [receive] via NET/IB/1
paraai-n32-h-01-agent-107:4132873:4133870 [2] NCCL INFO Channel 03/0 : 4[1000] -> 10[81000] [receive] via NET/IB/1
paraai-n32-h-01-agent-107:4132871:4133868 [0] NCCL INFO Channel 00 : 8[1000] -> 9[2000] via SHM/direct/direct
paraai-n32-h-01-agent-107:4132871:4133868 [0] NCCL INFO Channel 02 : 8[1000] -> 9[2000] via SHM/direct/direct
paraai-n32-h-01-agent-107:4132871:4133868 [0] NCCL INFO Channel 04 : 8[1000] -> 9[2000] via SHM/direct/direct
paraai-n32-h-01-agent-107:4132871:4133868 [0] NCCL INFO Channel 06 : 8[1000] -> 9[2000] via SHM/direct/direct
paraai-n32-h-01-agent-107:4132871:4133868 [0] NCCL INFO Channel 08 : 8[1000] -> 9[2000] via SHM/direct/direct
paraai-n32-h-01-agent-107:4132871:4133868 [0] NCCL INFO Channel 10 : 8[1000] -> 9[2000] via SHM/direct/direct
paraai-n32-h-01-agent-107:4132871:4133868 [0] NCCL INFO Channel 12 : 8[1000] -> 9[2000] via SHM/direct/direct
paraai-n32-h-01-agent-107:4132871:4133868 [0] NCCL INFO Channel 14 : 8[1000] -> 9[2000] via SHM/direct/direct
paraai-n32-h-01-agent-107:4132871:4133881 [0] NCCL INFO NCCL_IB_GID_INDEX set by environment to 3.
paraai-n32-h-01-agent-107:4132873:4133870 [2] NCCL INFO Channel 05/0 : 4[1000] -> 10[81000] [receive] via NET/IB/1
paraai-n32-h-01-agent-107:4132873:4133870 [2] NCCL INFO Channel 07/0 : 4[1000] -> 10[81000] [receive] via NET/IB/1
paraai-n32-h-01-agent-107:4132874:4133869 [3] NCCL INFO Channel 01 : 11[82000] -> 9[2000] via SHM/direct/direct
paraai-n32-h-01-agent-107:4132874:4133869 [3] NCCL INFO Channel 03 : 11[82000] -> 9[2000] via SHM/direct/direct
paraai-n32-h-01-agent-107:4132874:4133869 [3] NCCL INFO Channel 05 : 11[82000] -> 9[2000] via SHM/direct/direct
paraai-n32-h-01-agent-107:4132874:4133869 [3] NCCL INFO Channel 07 : 11[82000] -> 9[2000] via SHM/direct/direct
paraai-n32-h-01-agent-107:4132874:4133869 [3] NCCL INFO Channel 09 : 11[82000] -> 9[2000] via SHM/direct/direct
paraai-n32-h-01-agent-107:4132874:4133869 [3] NCCL INFO Channel 11 : 11[82000] -> 9[2000] via SHM/direct/direct
paraai-n32-h-01-agent-107:4132874:4133869 [3] NCCL INFO Channel 13 : 11[82000] -> 9[2000] via SHM/direct/direct
paraai-n32-h-01-agent-107:4132874:4133869 [3] NCCL INFO Channel 15 : 11[82000] -> 9[2000] via SHM/direct/direct
paraai-n32-h-01-agent-107:4132872:4133871 [1] NCCL INFO Channel 01 : 9[2000] -> 8[1000] via SHM/direct/direct
paraai-n32-h-01-agent-107:4132872:4133871 [1] NCCL INFO Channel 03 : 9[2000] -> 8[1000] via SHM/direct/direct
paraai-n32-h-01-agent-107:4132872:4133871 [1] NCCL INFO Channel 05 : 9[2000] -> 8[1000] via SHM/direct/direct
paraai-n32-h-01-agent-107:4132872:4133871 [1] NCCL INFO Channel 07 : 9[2000] -> 8[1000] via SHM/direct/direct
paraai-n32-h-01-agent-107:4132872:4133871 [1] NCCL INFO Channel 09 : 9[2000] -> 8[1000] via SHM/direct/direct
paraai-n32-h-01-agent-107:4132872:4133871 [1] NCCL INFO Channel 11 : 9[2000] -> 8[1000] via SHM/direct/direct
paraai-n32-h-01-agent-107:4132872:4133871 [1] NCCL INFO Channel 13 : 9[2000] -> 8[1000] via SHM/direct/direct
paraai-n32-h-01-agent-107:4132872:4133871 [1] NCCL INFO Channel 15 : 9[2000] -> 8[1000] via SHM/direct/direct
paraai-n32-h-01-agent-107:4132874:4133869 [3] NCCL INFO Connected all rings
paraai-n32-h-01-agent-107:4132871:4133868 [0] NCCL INFO Channel 01/0 : 8[1000] -> 14[81000] [send] via NET/IB/0
paraai-n32-h-01-agent-107:4132871:4133868 [0] NCCL INFO Channel 03/0 : 8[1000] -> 14[81000] [send] via NET/IB/0
paraai-n32-h-01-agent-107:4132873:4133870 [2] NCCL INFO Channel 09/0 : 4[1000] -> 10[81000] [receive] via NET/IB/1
paraai-n32-h-01-agent-107:4132871:4133868 [0] NCCL INFO Channel 05/0 : 8[1000] -> 14[81000] [send] via NET/IB/0
paraai-n32-h-01-agent-107:4132873:4133870 [2] NCCL INFO Channel 11/0 : 4[1000] -> 10[81000] [receive] via NET/IB/1
paraai-n32-h-01-agent-107:4132871:4133868 [0] NCCL INFO Channel 07/0 : 8[1000] -> 14[81000] [send] via NET/IB/0
paraai-n32-h-01-agent-107:4132873:4133870 [2] NCCL INFO Channel 13/0 : 4[1000] -> 10[81000] [receive] via NET/IB/1
paraai-n32-h-01-agent-107:4132871:4133868 [0] NCCL INFO Channel 09/0 : 8[1000] -> 14[81000] [send] via NET/IB/0
paraai-n32-h-01-agent-107:4132873:4133870 [2] NCCL INFO Channel 15/0 : 4[1000] -> 10[81000] [receive] via NET/IB/1
paraai-n32-h-01-agent-107:4132871:4133868 [0] NCCL INFO Channel 11/0 : 8[1000] -> 14[81000] [send] via NET/IB/0
paraai-n32-h-01-agent-107:4132871:4133868 [0] NCCL INFO Channel 13/0 : 8[1000] -> 14[81000] [send] via NET/IB/0
paraai-n32-h-01-agent-107:4132871:4133868 [0] NCCL INFO Channel 15/0 : 8[1000] -> 14[81000] [send] via NET/IB/0
paraai-n32-h-01-agent-107:4132871:4133868 [0] NCCL INFO Connected all rings
paraai-n32-h-01-agent-107:4132871:4133868 [0] NCCL INFO Channel 01 : 8[1000] -> 9[2000] via SHM/direct/direct
paraai-n32-h-01-agent-107:4132871:4133868 [0] NCCL INFO Channel 03 : 8[1000] -> 9[2000] via SHM/direct/direct
paraai-n32-h-01-agent-107:4132871:4133868 [0] NCCL INFO Channel 05 : 8[1000] -> 9[2000] via SHM/direct/direct
paraai-n32-h-01-agent-107:4132871:4133868 [0] NCCL INFO Channel 07 : 8[1000] -> 9[2000] via SHM/direct/direct
paraai-n32-h-01-agent-107:4132871:4133868 [0] NCCL INFO Channel 09 : 8[1000] -> 9[2000] via SHM/direct/direct
paraai-n32-h-01-agent-107:4132871:4133868 [0] NCCL INFO Channel 11 : 8[1000] -> 9[2000] via SHM/direct/direct
paraai-n32-h-01-agent-107:4132871:4133868 [0] NCCL INFO Channel 13 : 8[1000] -> 9[2000] via SHM/direct/direct
paraai-n32-h-01-agent-107:4132871:4133868 [0] NCCL INFO Channel 15 : 8[1000] -> 9[2000] via SHM/direct/direct
paraai-n32-h-01-agent-107:4132872:4133871 [1] NCCL INFO Connected all rings
paraai-n32-h-01-agent-107:4132872:4133871 [1] NCCL INFO Channel 00/0 : 4[1000] -> 9[2000] [receive] via NET/IB/0
paraai-n32-h-01-agent-107:4132872:4133871 [1] NCCL INFO Channel 04/0 : 4[1000] -> 9[2000] [receive] via NET/IB/0
paraai-n32-h-01-agent-107:4132871:4133868 [0] NCCL INFO Channel 02/0 : 5[2000] -> 8[1000] [receive] via NET/IB/0
paraai-n32-h-01-agent-107:4132873:4133884 [2] NCCL INFO NCCL_IB_GID_INDEX set by environment to 3.
paraai-n32-h-01-agent-107:4132873:4133870 [2] NCCL INFO Connected all rings
paraai-n32-h-01-agent-107:4132872:4133871 [1] NCCL INFO Channel 08/0 : 4[1000] -> 9[2000] [receive] via NET/IB/0
paraai-n32-h-01-agent-107:4132871:4133868 [0] NCCL INFO Channel 06/0 : 5[2000] -> 8[1000] [receive] via NET/IB/0
paraai-n32-h-01-agent-107:4132873:4133870 [2] NCCL INFO Channel 03/0 : 7[82000] -> 10[81000] [receive] via NET/IB/1
paraai-n32-h-01-agent-107:4132871:4133868 [0] NCCL INFO Channel 10/0 : 5[2000] -> 8[1000] [receive] via NET/IB/0
paraai-n32-h-01-agent-107:4132872:4133871 [1] NCCL INFO Channel 12/0 : 4[1000] -> 9[2000] [receive] via NET/IB/0
paraai-n32-h-01-agent-107:4132873:4133870 [2] NCCL INFO Channel 07/0 : 7[82000] -> 10[81000] [receive] via NET/IB/1
paraai-n32-h-01-agent-107:4132871:4133868 [0] NCCL INFO Channel 14/0 : 5[2000] -> 8[1000] [receive] via NET/IB/0
paraai-n32-h-01-agent-107:4132871:4133868 [0] NCCL INFO Channel 01 : 8[1000] -> 11[82000] via SHM/direct/direct
paraai-n32-h-01-agent-107:4132871:4133868 [0] NCCL INFO Channel 03 : 8[1000] -> 11[82000] via SHM/direct/direct
paraai-n32-h-01-agent-107:4132871:4133868 [0] NCCL INFO Channel 05 : 8[1000] -> 11[82000] via SHM/direct/direct
paraai-n32-h-01-agent-107:4132871:4133868 [0] NCCL INFO Channel 07 : 8[1000] -> 11[82000] via SHM/direct/direct
paraai-n32-h-01-agent-107:4132871:4133868 [0] NCCL INFO Channel 09 : 8[1000] -> 11[82000] via SHM/direct/direct
paraai-n32-h-01-agent-107:4132871:4133868 [0] NCCL INFO Channel 11 : 8[1000] -> 11[82000] via SHM/direct/direct
paraai-n32-h-01-agent-107:4132871:4133868 [0] NCCL INFO Channel 13 : 8[1000] -> 11[82000] via SHM/direct/direct
paraai-n32-h-01-agent-107:4132871:4133868 [0] NCCL INFO Channel 15 : 8[1000] -> 11[82000] via SHM/direct/direct
paraai-n32-h-01-agent-107:4132874:4133869 [3] NCCL INFO Channel 01/0 : 6[81000] -> 11[82000] [receive] via NET/IB/1
paraai-n32-h-01-agent-107:4132873:4133870 [2] NCCL INFO Channel 11/0 : 7[82000] -> 10[81000] [receive] via NET/IB/1
paraai-n32-h-01-agent-107:4132874:4133869 [3] NCCL INFO Channel 05/0 : 6[81000] -> 11[82000] [receive] via NET/IB/1
paraai-n32-h-01-agent-107:4132873:4133870 [2] NCCL INFO Channel 15/0 : 7[82000] -> 10[81000] [receive] via NET/IB/1
paraai-n32-h-01-agent-107:4132871:4133868 [0] NCCL INFO Channel 00/0 : 8[1000] -> 12[1000] [send] via NET/IB/0
paraai-n32-h-01-agent-107:4132874:4133869 [3] NCCL INFO Channel 09/0 : 6[81000] -> 11[82000] [receive] via NET/IB/1
paraai-n32-h-01-agent-107:4132873:4133870 [2] NCCL INFO Channel 01/0 : 10[81000] -> 14[81000] [send] via NET/IB/1
paraai-n32-h-01-agent-107:4132871:4133868 [0] NCCL INFO Channel 04/0 : 8[1000] -> 12[1000] [send] via NET/IB/0
paraai-n32-h-01-agent-107:4132873:4133870 [2] NCCL INFO Channel 05/0 : 10[81000] -> 14[81000] [send] via NET/IB/1
paraai-n32-h-01-agent-107:4132874:4133869 [3] NCCL INFO Channel 13/0 : 6[81000] -> 11[82000] [receive] via NET/IB/1
paraai-n32-h-01-agent-107:4132871:4133868 [0] NCCL INFO Channel 08/0 : 8[1000] -> 12[1000] [send] via NET/IB/0
paraai-n32-h-01-agent-107:4132873:4133870 [2] NCCL INFO Channel 09/0 : 10[81000] -> 14[81000] [send] via NET/IB/1
paraai-n32-h-01-agent-107:4132871:4133868 [0] NCCL INFO Channel 12/0 : 8[1000] -> 12[1000] [send] via NET/IB/0
paraai-n32-h-01-agent-107:4132873:4133870 [2] NCCL INFO Channel 13/0 : 10[81000] -> 14[81000] [send] via NET/IB/1
paraai-n32-h-01-agent-107:4132872:4133882 [1] NCCL INFO NCCL_IB_GID_INDEX set by environment to 3.
paraai-n32-h-01-agent-107:4132871:4133868 [0] NCCL INFO Channel 00/0 : 0[1000] -> 8[1000] [receive] via NET/IB/0
paraai-n32-h-01-agent-107:4132873:4133870 [2] NCCL INFO Channel 01/0 : 2[81000] -> 10[81000] [receive] via NET/IB/1
paraai-n32-h-01-agent-107:4132872:4133871 [1] NCCL INFO Channel 00/0 : 9[2000] -> 4[1000] [send] via NET/IB/0
paraai-n32-h-01-agent-107:4132871:4133868 [0] NCCL INFO Channel 04/0 : 0[1000] -> 8[1000] [receive] via NET/IB/0
paraai-n32-h-01-agent-107:4132874:4133869 [3] NCCL INFO Channel 01/0 : 11[82000] -> 6[81000] [send] via NET/IB/1
paraai-n32-h-01-agent-107:4132873:4133870 [2] NCCL INFO Channel 05/0 : 2[81000] -> 10[81000] [receive] via NET/IB/1
paraai-n32-h-01-agent-107:4132871:4133868 [0] NCCL INFO Channel 08/0 : 0[1000] -> 8[1000] [receive] via NET/IB/0
paraai-n32-h-01-agent-107:4132872:4133871 [1] NCCL INFO Channel 04/0 : 9[2000] -> 4[1000] [send] via NET/IB/0
paraai-n32-h-01-agent-107:4132874:4133869 [3] NCCL INFO Channel 05/0 : 11[82000] -> 6[81000] [send] via NET/IB/1
paraai-n32-h-01-agent-107:4132873:4133870 [2] NCCL INFO Channel 09/0 : 2[81000] -> 10[81000] [receive] via NET/IB/1
paraai-n32-h-01-agent-107:4132872:4133871 [1] NCCL INFO Channel 08/0 : 9[2000] -> 4[1000] [send] via NET/IB/0
paraai-n32-h-01-agent-107:4132871:4133868 [0] NCCL INFO Channel 12/0 : 0[1000] -> 8[1000] [receive] via NET/IB/0
paraai-n32-h-01-agent-107:4132874:4133869 [3] NCCL INFO Channel 09/0 : 11[82000] -> 6[81000] [send] via NET/IB/1
paraai-n32-h-01-agent-107:4132873:4133870 [2] NCCL INFO Channel 13/0 : 2[81000] -> 10[81000] [receive] via NET/IB/1
paraai-n32-h-01-agent-107:4132872:4133871 [1] NCCL INFO Channel 12/0 : 9[2000] -> 4[1000] [send] via NET/IB/0
paraai-n32-h-01-agent-107:4132871:4133868 [0] NCCL INFO Channel 00/0 : 8[1000] -> 0[1000] [send] via NET/IB/0
paraai-n32-h-01-agent-107:4132874:4133869 [3] NCCL INFO Channel 13/0 : 11[82000] -> 6[81000] [send] via NET/IB/1
paraai-n32-h-01-agent-107:4132873:4133870 [2] NCCL INFO Channel 01/0 : 10[81000] -> 2[81000] [send] via NET/IB/1
paraai-n32-h-01-agent-107:4132871:4133868 [0] NCCL INFO Channel 04/0 : 8[1000] -> 0[1000] [send] via NET/IB/0
paraai-n32-h-01-agent-107:4132873:4133870 [2] NCCL INFO Channel 05/0 : 10[81000] -> 2[81000] [send] via NET/IB/1
paraai-n32-h-01-agent-107:4132871:4133868 [0] NCCL INFO Channel 08/0 : 8[1000] -> 0[1000] [send] via NET/IB/0
paraai-n32-h-01-agent-107:4132873:4133870 [2] NCCL INFO Channel 09/0 : 10[81000] -> 2[81000] [send] via NET/IB/1
paraai-n32-h-01-agent-107:4132871:4133868 [0] NCCL INFO Channel 12/0 : 8[1000] -> 0[1000] [send] via NET/IB/0
paraai-n32-h-01-agent-107:4132873:4133870 [2] NCCL INFO Channel 13/0 : 10[81000] -> 2[81000] [send] via NET/IB/1
paraai-n32-h-01-agent-107:4132871:4133868 [0] NCCL INFO Channel 00/0 : 12[1000] -> 8[1000] [receive] via NET/IB/0
paraai-n32-h-01-agent-107:4132873:4133870 [2] NCCL INFO Channel 01/0 : 14[81000] -> 10[81000] [receive] via NET/IB/1
paraai-n32-h-01-agent-107:4132871:4133868 [0] NCCL INFO Channel 04/0 : 12[1000] -> 8[1000] [receive] via NET/IB/0
paraai-n32-h-01-agent-107:4132873:4133870 [2] NCCL INFO Channel 05/0 : 14[81000] -> 10[81000] [receive] via NET/IB/1
paraai-n32-h-01-agent-107:4132871:4133868 [0] NCCL INFO Channel 08/0 : 12[1000] -> 8[1000] [receive] via NET/IB/0
paraai-n32-h-01-agent-107:4132873:4133870 [2] NCCL INFO Channel 09/0 : 14[81000] -> 10[81000] [receive] via NET/IB/1
paraai-n32-h-01-agent-107:4132871:4133868 [0] NCCL INFO Channel 12/0 : 12[1000] -> 8[1000] [receive] via NET/IB/0
paraai-n32-h-01-agent-107:4132873:4133870 [2] NCCL INFO Channel 13/0 : 14[81000] -> 10[81000] [receive] via NET/IB/1
paraai-n32-h-01-agent-107:4132872:4133871 [1] NCCL INFO Channel 00 : 9[2000] -> 8[1000] via SHM/direct/direct
paraai-n32-h-01-agent-107:4132872:4133871 [1] NCCL INFO Channel 02 : 9[2000] -> 8[1000] via SHM/direct/direct
paraai-n32-h-01-agent-107:4132872:4133871 [1] NCCL INFO Channel 04 : 9[2000] -> 8[1000] via SHM/direct/direct
paraai-n32-h-01-agent-107:4132872:4133871 [1] NCCL INFO Channel 06 : 9[2000] -> 8[1000] via SHM/direct/direct
paraai-n32-h-01-agent-107:4132872:4133871 [1] NCCL INFO Channel 08 : 9[2000] -> 8[1000] via SHM/direct/direct
paraai-n32-h-01-agent-107:4132872:4133871 [1] NCCL INFO Channel 10 : 9[2000] -> 8[1000] via SHM/direct/direct
paraai-n32-h-01-agent-107:4132872:4133871 [1] NCCL INFO Channel 12 : 9[2000] -> 8[1000] via SHM/direct/direct
paraai-n32-h-01-agent-107:4132872:4133871 [1] NCCL INFO Channel 14 : 9[2000] -> 8[1000] via SHM/direct/direct
paraai-n32-h-01-agent-107:4132874:4133869 [3] NCCL INFO Channel 01 : 11[82000] -> 8[1000] via SHM/direct/direct
paraai-n32-h-01-agent-107:4132874:4133869 [3] NCCL INFO Channel 03 : 11[82000] -> 8[1000] via SHM/direct/direct
paraai-n32-h-01-agent-107:4132874:4133869 [3] NCCL INFO Channel 05 : 11[82000] -> 8[1000] via SHM/direct/direct
paraai-n32-h-01-agent-107:4132874:4133869 [3] NCCL INFO Channel 07 : 11[82000] -> 8[1000] via SHM/direct/direct
paraai-n32-h-01-agent-107:4132874:4133869 [3] NCCL INFO Channel 09 : 11[82000] -> 8[1000] via SHM/direct/direct
paraai-n32-h-01-agent-107:4132874:4133869 [3] NCCL INFO Channel 11 : 11[82000] -> 8[1000] via SHM/direct/direct
paraai-n32-h-01-agent-107:4132874:4133869 [3] NCCL INFO Channel 13 : 11[82000] -> 8[1000] via SHM/direct/direct
paraai-n32-h-01-agent-107:4132874:4133869 [3] NCCL INFO Channel 15 : 11[82000] -> 8[1000] via SHM/direct/direct
paraai-n32-h-01-agent-107:4132871:4133868 [0] NCCL INFO Channel 02/0 : 8[1000] -> 5[2000] [send] via NET/IB/0
paraai-n32-h-01-agent-107:4132873:4133870 [2] NCCL INFO Channel 03/0 : 10[81000] -> 7[82000] [send] via NET/IB/1
paraai-n32-h-01-agent-107:4132871:4133868 [0] NCCL INFO Channel 06/0 : 8[1000] -> 5[2000] [send] via NET/IB/0
paraai-n32-h-01-agent-107:4132873:4133870 [2] NCCL INFO Channel 07/0 : 10[81000] -> 7[82000] [send] via NET/IB/1
paraai-n32-h-01-agent-107:4132871:4133868 [0] NCCL INFO Channel 10/0 : 8[1000] -> 5[2000] [send] via NET/IB/0
paraai-n32-h-01-agent-107:4132873:4133870 [2] NCCL INFO Channel 11/0 : 10[81000] -> 7[82000] [send] via NET/IB/1
paraai-n32-h-01-agent-107:4132871:4133868 [0] NCCL INFO Channel 14/0 : 8[1000] -> 5[2000] [send] via NET/IB/0
paraai-n32-h-01-agent-107:4132874:4133869 [3] NCCL INFO Channel 00 : 11[82000] -> 10[81000] via SHM/direct/direct
paraai-n32-h-01-agent-107:4132874:4133869 [3] NCCL INFO Channel 01 : 11[82000] -> 10[81000] via SHM/direct/direct
paraai-n32-h-01-agent-107:4132874:4133869 [3] NCCL INFO Channel 02 : 11[82000] -> 10[81000] via SHM/direct/direct
paraai-n32-h-01-agent-107:4132874:4133869 [3] NCCL INFO Channel 03 : 11[82000] -> 10[81000] via SHM/direct/direct
paraai-n32-h-01-agent-107:4132874:4133869 [3] NCCL INFO Channel 04 : 11[82000] -> 10[81000] via SHM/direct/direct
paraai-n32-h-01-agent-107:4132874:4133869 [3] NCCL INFO Channel 05 : 11[82000] -> 10[81000] via SHM/direct/direct
paraai-n32-h-01-agent-107:4132874:4133869 [3] NCCL INFO Channel 06 : 11[82000] -> 10[81000] via SHM/direct/direct
paraai-n32-h-01-agent-107:4132874:4133869 [3] NCCL INFO Channel 07 : 11[82000] -> 10[81000] via SHM/direct/direct
paraai-n32-h-01-agent-107:4132874:4133869 [3] NCCL INFO Channel 08 : 11[82000] -> 10[81000] via SHM/direct/direct
paraai-n32-h-01-agent-107:4132874:4133869 [3] NCCL INFO Channel 09 : 11[82000] -> 10[81000] via SHM/direct/direct
paraai-n32-h-01-agent-107:4132874:4133869 [3] NCCL INFO Channel 10 : 11[82000] -> 10[81000] via SHM/direct/direct
paraai-n32-h-01-agent-107:4132874:4133869 [3] NCCL INFO Channel 11 : 11[82000] -> 10[81000] via SHM/direct/direct
paraai-n32-h-01-agent-107:4132874:4133869 [3] NCCL INFO Channel 12 : 11[82000] -> 10[81000] via SHM/direct/direct
paraai-n32-h-01-agent-107:4132874:4133869 [3] NCCL INFO Channel 13 : 11[82000] -> 10[81000] via SHM/direct/direct
paraai-n32-h-01-agent-107:4132874:4133869 [3] NCCL INFO Channel 14 : 11[82000] -> 10[81000] via SHM/direct/direct
paraai-n32-h-01-agent-107:4132874:4133869 [3] NCCL INFO Channel 15 : 11[82000] -> 10[81000] via SHM/direct/direct
paraai-n32-h-01-agent-107:4132871:4133868 [0] NCCL INFO Connected all trees
paraai-n32-h-01-agent-107:4132871:4133868 [0] NCCL INFO threadThresholds 8/8/64 | 128/8/64 | 512 | 512
paraai-n32-h-01-agent-107:4132871:4133868 [0] NCCL INFO 16 coll channels, 16 p2p channels, 2 p2p channels per peer
paraai-n32-h-01-agent-107:4132873:4133870 [2] NCCL INFO Channel 15/0 : 10[81000] -> 7[82000] [send] via NET/IB/1
paraai-n32-h-01-agent-107:4132873:4133870 [2] NCCL INFO Channel 00 : 10[81000] -> 9[2000] via SHM/direct/direct
paraai-n32-h-01-agent-107:4132873:4133870 [2] NCCL INFO Channel 02 : 10[81000] -> 9[2000] via SHM/direct/direct
paraai-n32-h-01-agent-107:4132873:4133870 [2] NCCL INFO Channel 04 : 10[81000] -> 9[2000] via SHM/direct/direct
paraai-n32-h-01-agent-107:4132873:4133870 [2] NCCL INFO Channel 06 : 10[81000] -> 9[2000] via SHM/direct/direct
paraai-n32-h-01-agent-107:4132873:4133870 [2] NCCL INFO Channel 08 : 10[81000] -> 9[2000] via SHM/direct/direct
paraai-n32-h-01-agent-107:4132873:4133870 [2] NCCL INFO Channel 10 : 10[81000] -> 9[2000] via SHM/direct/direct
paraai-n32-h-01-agent-107:4132873:4133870 [2] NCCL INFO Channel 12 : 10[81000] -> 9[2000] via SHM/direct/direct
paraai-n32-h-01-agent-107:4132873:4133870 [2] NCCL INFO Channel 14 : 10[81000] -> 9[2000] via SHM/direct/direct
paraai-n32-h-01-agent-107:4132872:4133871 [1] NCCL INFO Connected all trees
paraai-n32-h-01-agent-107:4132872:4133871 [1] NCCL INFO threadThresholds 8/8/64 | 128/8/64 | 512 | 512
paraai-n32-h-01-agent-107:4132872:4133871 [1] NCCL INFO 16 coll channels, 16 p2p channels, 2 p2p channels per peer
paraai-n32-h-01-agent-107:4132873:4133870 [2] NCCL INFO Connected all trees
paraai-n32-h-01-agent-107:4132873:4133870 [2] NCCL INFO threadThresholds 8/8/64 | 128/8/64 | 512 | 512
paraai-n32-h-01-agent-107:4132873:4133870 [2] NCCL INFO 16 coll channels, 16 p2p channels, 2 p2p channels per peer
paraai-n32-h-01-agent-107:4132874:4133869 [3] NCCL INFO Connected all trees
paraai-n32-h-01-agent-107:4132874:4133869 [3] NCCL INFO threadThresholds 8/8/64 | 128/8/64 | 512 | 512
paraai-n32-h-01-agent-107:4132874:4133869 [3] NCCL INFO 16 coll channels, 16 p2p channels, 2 p2p channels per peer
paraai-n32-h-01-agent-107:4132872:4133871 [1] NCCL INFO comm 0x50bfa0a0 rank 9 nranks 16 cudaDev 1 busId 2000 - Init COMPLETE
paraai-n32-h-01-agent-107:4132874:4133869 [3] NCCL INFO comm 0x258061c0 rank 11 nranks 16 cudaDev 3 busId 82000 - Init COMPLETE
paraai-n32-h-01-agent-107:4132873:4133870 [2] NCCL INFO comm 0x3e483700 rank 10 nranks 16 cudaDev 2 busId 81000 - Init COMPLETE
paraai-n32-h-01-agent-107:4132871:4133868 [0] NCCL INFO comm 0x2eb33200 rank 8 nranks 16 cudaDev 0 busId 1000 - Init COMPLETE
2023-07-04 16:36:04,041 - root - INFO - validating...
2023-07-04 16:36:04,041 - root - INFO - validating...
2023-07-04 16:36:04,042 - root - INFO - validating...
2023-07-04 16:36:04,042 - root - INFO - validating...
2023-07-04 16:49:18,156 - root - INFO - validating...
2023-07-04 16:49:18,156 - root - INFO - validating...
2023-07-04 16:49:18,156 - root - INFO - validating...
2023-07-04 16:49:18,159 - root - INFO - validating...
2023-07-04 17:02:28,934 - root - INFO - validating...
2023-07-04 17:02:28,934 - root - INFO - validating...
2023-07-04 17:02:28,934 - root - INFO - validating...
2023-07-04 17:02:28,935 - root - INFO - validating...
2023-07-04 17:15:40,240 - root - INFO - validating...
2023-07-04 17:15:40,241 - root - INFO - validating...
2023-07-04 17:15:40,241 - root - INFO - validating...
2023-07-04 17:15:40,241 - root - INFO - validating...
2023-07-04 17:28:53,458 - root - INFO - validating...
2023-07-04 17:28:53,459 - root - INFO - validating...
2023-07-04 17:28:53,460 - root - INFO - validating...
2023-07-04 17:28:53,462 - root - INFO - validating...
2023-07-04 17:42:02,489 - root - INFO - validating...
2023-07-04 17:42:02,489 - root - INFO - validating...
2023-07-04 17:42:02,489 - root - INFO - validating...
2023-07-04 17:42:02,490 - root - INFO - validating...
2023-07-04 17:55:17,631 - root - INFO - validating...
2023-07-04 17:55:17,631 - root - INFO - validating...
2023-07-04 17:55:17,631 - root - INFO - validating...
2023-07-04 17:55:17,631 - root - INFO - validating...
2023-07-04 18:08:31,768 - root - INFO - validating...
2023-07-04 18:08:31,768 - root - INFO - validating...
2023-07-04 18:08:31,768 - root - INFO - validating...
2023-07-04 18:08:31,769 - root - INFO - validating...
2023-07-04 18:21:48,789 - root - INFO - validating...
2023-07-04 18:21:48,790 - root - INFO - validating...
2023-07-04 18:21:48,791 - root - INFO - validating...
2023-07-04 18:21:48,790 - root - INFO - validating...
2023-07-04 18:35:02,488 - root - INFO - validating...
2023-07-04 18:35:02,489 - root - INFO - validating...
2023-07-04 18:35:02,489 - root - INFO - validating...
2023-07-04 18:35:02,490 - root - INFO - validating...
2023-07-04 18:48:17,715 - root - INFO - validating...
2023-07-04 18:48:17,716 - root - INFO - validating...
2023-07-04 18:48:17,716 - root - INFO - validating...
2023-07-04 18:48:17,719 - root - INFO - validating...
2023-07-04 19:01:33,750 - root - INFO - validating...
2023-07-04 19:01:33,750 - root - INFO - validating...
2023-07-04 19:01:33,750 - root - INFO - validating...
2023-07-04 19:01:33,751 - root - INFO - validating...
2023-07-04 19:14:44,323 - root - INFO - validating...
2023-07-04 19:14:44,323 - root - INFO - validating...
2023-07-04 19:14:44,324 - root - INFO - validating...
2023-07-04 19:14:44,324 - root - INFO - validating...
2023-07-04 19:27:56,521 - root - INFO - validating...
2023-07-04 19:27:56,523 - root - INFO - validating...
2023-07-04 19:27:56,523 - root - INFO - validating...
2023-07-04 19:27:56,524 - root - INFO - validating...
2023-07-04 19:41:06,947 - root - INFO - validating...
2023-07-04 19:41:06,947 - root - INFO - validating...
2023-07-04 19:41:06,948 - root - INFO - validating...
2023-07-04 19:41:06,950 - root - INFO - validating...
2023-07-04 19:54:21,291 - root - INFO - validating...
2023-07-04 19:54:21,291 - root - INFO - validating...
2023-07-04 19:54:21,291 - root - INFO - validating...
2023-07-04 19:54:21,295 - root - INFO - validating...
2023-07-04 20:07:38,314 - root - INFO - validating...
2023-07-04 20:07:38,314 - root - INFO - validating...
2023-07-04 20:07:38,314 - root - INFO - validating...
2023-07-04 20:07:38,315 - root - INFO - validating...
2023-07-04 20:20:51,390 - root - INFO - validating...
2023-07-04 20:20:51,390 - root - INFO - validating...
2023-07-04 20:20:51,391 - root - INFO - validating...
2023-07-04 20:20:51,393 - root - INFO - validating...
2023-07-04 20:34:00,862 - root - INFO - validating...
2023-07-04 20:34:00,862 - root - INFO - validating...
2023-07-04 20:34:00,862 - root - INFO - validating...
2023-07-04 20:34:00,861 - root - INFO - validating...
2023-07-04 20:47:14,354 - root - INFO - validating...
2023-07-04 20:47:14,353 - root - INFO - validating...
2023-07-04 20:47:14,355 - root - INFO - validating...
2023-07-04 20:47:14,356 - root - INFO - validating...
2023-07-04 21:00:21,983 - root - INFO - validating...
2023-07-04 21:00:21,983 - root - INFO - validating...
2023-07-04 21:00:21,983 - root - INFO - validating...
2023-07-04 21:00:21,983 - root - INFO - validating...
2023-07-04 21:13:33,368 - root - INFO - validating...
2023-07-04 21:13:33,367 - root - INFO - validating...
2023-07-04 21:13:33,368 - root - INFO - validating...
2023-07-04 21:13:33,369 - root - INFO - validating...
2023-07-04 21:26:45,060 - root - INFO - validating...
2023-07-04 21:26:45,060 - root - INFO - validating...
2023-07-04 21:26:45,060 - root - INFO - validating...
2023-07-04 21:26:45,063 - root - INFO - validating...
2023-07-04 21:40:01,632 - root - INFO - validating...
2023-07-04 21:40:01,632 - root - INFO - validating...
2023-07-04 21:40:01,632 - root - INFO - validating...
2023-07-04 21:40:01,632 - root - INFO - validating...
2023-07-04 21:53:15,849 - root - INFO - validating...
2023-07-04 21:53:15,849 - root - INFO - validating...
2023-07-04 21:53:15,850 - root - INFO - validating...
2023-07-04 21:53:15,851 - root - INFO - validating...
2023-07-04 22:06:28,630 - root - INFO - validating...
2023-07-04 22:06:28,629 - root - INFO - validating...
2023-07-04 22:06:28,630 - root - INFO - validating...
2023-07-04 22:06:28,630 - root - INFO - validating...
2023-07-04 22:19:41,791 - root - INFO - validating...
2023-07-04 22:19:41,791 - root - INFO - validating...
2023-07-04 22:19:41,792 - root - INFO - validating...
2023-07-04 22:19:41,792 - root - INFO - validating...
2023-07-04 22:32:59,347 - root - INFO - validating...
2023-07-04 22:32:59,347 - root - INFO - validating...
2023-07-04 22:32:59,347 - root - INFO - validating...
2023-07-04 22:32:59,347 - root - INFO - validating...
2023-07-04 22:46:11,744 - root - INFO - validating...
2023-07-04 22:46:11,744 - root - INFO - validating...
2023-07-04 22:46:11,744 - root - INFO - validating...
2023-07-04 22:46:11,745 - root - INFO - validating...
2023-07-04 22:59:28,063 - root - INFO - validating...
2023-07-04 22:59:28,063 - root - INFO - validating...
2023-07-04 22:59:28,064 - root - INFO - validating...
2023-07-04 22:59:28,064 - root - INFO - validating...
2023-07-04 23:12:51,245 - root - INFO - validating...
2023-07-04 23:12:51,245 - root - INFO - validating...
2023-07-04 23:12:51,246 - root - INFO - validating...
2023-07-04 23:12:51,246 - root - INFO - validating...
2023-07-04 23:26:01,690 - root - INFO - validating...
2023-07-04 23:26:01,691 - root - INFO - validating...
2023-07-04 23:26:01,691 - root - INFO - validating...
2023-07-04 23:26:01,693 - root - INFO - validating...
2023-07-04 23:39:16,467 - root - INFO - validating...
2023-07-04 23:39:16,467 - root - INFO - validating...
2023-07-04 23:39:16,467 - root - INFO - validating...
2023-07-04 23:39:16,467 - root - INFO - validating...
2023-07-04 23:52:27,707 - root - INFO - validating...
2023-07-04 23:52:27,708 - root - INFO - validating...
2023-07-04 23:52:27,708 - root - INFO - validating...
2023-07-04 23:52:27,709 - root - INFO - validating...
2023-07-05 00:05:39,468 - root - INFO - validating...
2023-07-05 00:05:39,468 - root - INFO - validating...
2023-07-05 00:05:39,468 - root - INFO - validating...
2023-07-05 00:05:39,468 - root - INFO - validating...
2023-07-05 00:18:52,371 - root - INFO - validating...
2023-07-05 00:18:52,371 - root - INFO - validating...
2023-07-05 00:18:52,372 - root - INFO - validating...
2023-07-05 00:18:52,374 - root - INFO - validating...
2023-07-05 00:32:05,217 - root - INFO - validating...
2023-07-05 00:32:05,217 - root - INFO - validating...
2023-07-05 00:32:05,217 - root - INFO - validating...
2023-07-05 00:32:05,217 - root - INFO - validating...
2023-07-05 00:45:14,124 - root - INFO - validating...
2023-07-05 00:45:14,124 - root - INFO - validating...
2023-07-05 00:45:14,124 - root - INFO - validating...
2023-07-05 00:45:14,124 - root - INFO - validating...
2023-07-05 00:58:29,595 - root - INFO - validating...
2023-07-05 00:58:29,597 - root - INFO - validating...
2023-07-05 00:58:29,598 - root - INFO - validating...
2023-07-05 00:58:29,599 - root - INFO - validating...
2023-07-05 01:11:39,039 - root - INFO - validating...
2023-07-05 01:11:39,039 - root - INFO - validating...
2023-07-05 01:11:39,040 - root - INFO - validating...
2023-07-05 01:11:39,040 - root - INFO - validating...
2023-07-05 01:24:49,008 - root - INFO - validating...
2023-07-05 01:24:49,008 - root - INFO - validating...
2023-07-05 01:24:49,008 - root - INFO - validating...
2023-07-05 01:24:49,008 - root - INFO - validating...
2023-07-05 01:38:02,893 - root - INFO - validating...
2023-07-05 01:38:02,894 - root - INFO - validating...
2023-07-05 01:38:02,894 - root - INFO - validating...
2023-07-05 01:38:02,895 - root - INFO - validating...
2023-07-05 01:51:14,411 - root - INFO - validating...
2023-07-05 01:51:14,411 - root - INFO - validating...
2023-07-05 01:51:14,411 - root - INFO - validating...
2023-07-05 01:51:14,411 - root - INFO - validating...
2023-07-05 02:04:24,823 - root - INFO - validating...
2023-07-05 02:04:24,824 - root - INFO - validating...
2023-07-05 02:04:24,824 - root - INFO - validating...
2023-07-05 02:04:24,826 - root - INFO - validating...
2023-07-05 02:17:38,297 - root - INFO - validating...
2023-07-05 02:17:38,298 - root - INFO - validating...
2023-07-05 02:17:38,298 - root - INFO - validating...
2023-07-05 02:17:38,300 - root - INFO - validating...
2023-07-05 02:30:50,991 - root - INFO - validating...
2023-07-05 02:30:50,992 - root - INFO - validating...
2023-07-05 02:30:50,992 - root - INFO - validating...
2023-07-05 02:30:50,993 - root - INFO - validating...
2023-07-05 02:44:04,245 - root - INFO - validating...
2023-07-05 02:44:04,246 - root - INFO - validating...
2023-07-05 02:44:04,246 - root - INFO - validating...
2023-07-05 02:44:04,248 - root - INFO - validating...
2023-07-05 02:57:15,189 - root - INFO - validating...
2023-07-05 02:57:15,190 - root - INFO - validating...
2023-07-05 02:57:15,190 - root - INFO - validating...
2023-07-05 02:57:15,193 - root - INFO - validating...
2023-07-05 03:10:26,682 - root - INFO - validating...
2023-07-05 03:10:26,682 - root - INFO - validating...
2023-07-05 03:10:26,682 - root - INFO - validating...
2023-07-05 03:10:26,682 - root - INFO - validating...
2023-07-05 03:23:40,835 - root - INFO - validating...
2023-07-05 03:23:40,835 - root - INFO - validating...
2023-07-05 03:23:40,835 - root - INFO - validating...
2023-07-05 03:23:40,836 - root - INFO - validating...
2023-07-05 03:36:50,434 - root - INFO - validating...
2023-07-05 03:36:50,435 - root - INFO - validating...
2023-07-05 03:36:50,435 - root - INFO - validating...
2023-07-05 03:36:50,435 - root - INFO - validating...
2023-07-05 03:50:03,234 - root - INFO - validating...
2023-07-05 03:50:03,234 - root - INFO - validating...
2023-07-05 03:50:03,234 - root - INFO - validating...
2023-07-05 03:50:03,235 - root - INFO - validating...
2023-07-05 04:03:18,868 - root - INFO - validating...
2023-07-05 04:03:18,869 - root - INFO - validating...
2023-07-05 04:03:18,869 - root - INFO - validating...
2023-07-05 04:03:18,869 - root - INFO - validating...
2023-07-05 04:16:35,368 - root - INFO - validating...
2023-07-05 04:16:35,368 - root - INFO - validating...
2023-07-05 04:16:35,368 - root - INFO - validating...
2023-07-05 04:16:35,371 - root - INFO - validating...
2023-07-05 04:29:48,377 - root - INFO - validating...
2023-07-05 04:29:48,378 - root - INFO - validating...
2023-07-05 04:29:48,378 - root - INFO - validating...
2023-07-05 04:29:48,380 - root - INFO - validating...
2023-07-05 04:43:01,941 - root - INFO - validating...
2023-07-05 04:43:01,942 - root - INFO - validating...
2023-07-05 04:43:01,941 - root - INFO - validating...
2023-07-05 04:43:01,942 - root - INFO - validating...
2023-07-05 04:56:15,841 - root - INFO - validating...
2023-07-05 04:56:15,843 - root - INFO - validating...
2023-07-05 04:56:15,844 - root - INFO - validating...
2023-07-05 04:56:15,845 - root - INFO - validating...
2023-07-05 05:09:33,071 - root - INFO - validating...
2023-07-05 05:09:33,072 - root - INFO - validating...
2023-07-05 05:09:33,072 - root - INFO - validating...
2023-07-05 05:09:33,072 - root - INFO - validating...
2023-07-05 05:22:49,998 - root - INFO - validating...
2023-07-05 05:22:49,998 - root - INFO - validating...
2023-07-05 05:22:49,999 - root - INFO - validating...
2023-07-05 05:22:49,999 - root - INFO - validating...
2023-07-05 05:35:58,001 - root - INFO - validating...
2023-07-05 05:35:58,001 - root - INFO - validating...
2023-07-05 05:35:58,002 - root - INFO - validating...
2023-07-05 05:35:58,005 - root - INFO - validating...
2023-07-05 05:49:03,488 - root - INFO - validating...
2023-07-05 05:49:03,488 - root - INFO - validating...
2023-07-05 05:49:03,488 - root - INFO - validating...
2023-07-05 05:49:03,491 - root - INFO - validating...
2023-07-05 06:02:17,333 - root - INFO - validating...
2023-07-05 06:02:17,333 - root - INFO - validating...
2023-07-05 06:02:17,334 - root - INFO - validating...
2023-07-05 06:02:17,334 - root - INFO - validating...
2023-07-05 06:15:27,251 - root - INFO - validating...
2023-07-05 06:15:27,251 - root - INFO - validating...
2023-07-05 06:15:27,251 - root - INFO - validating...
2023-07-05 06:15:27,254 - root - INFO - validating...
2023-07-05 06:28:41,076 - root - INFO - validating...
2023-07-05 06:28:41,076 - root - INFO - validating...
2023-07-05 06:28:41,078 - root - INFO - validating...
2023-07-05 06:28:41,079 - root - INFO - validating...
2023-07-05 06:41:52,900 - root - INFO - validating...
2023-07-05 06:41:52,901 - root - INFO - validating...
2023-07-05 06:41:52,901 - root - INFO - validating...
2023-07-05 06:41:52,902 - root - INFO - validating...
2023-07-05 06:55:05,231 - root - INFO - validating...
2023-07-05 06:55:05,231 - root - INFO - validating...
2023-07-05 06:55:05,231 - root - INFO - validating...
2023-07-05 06:55:05,235 - root - INFO - validating...
2023-07-05 07:08:19,947 - root - INFO - validating...
2023-07-05 07:08:19,947 - root - INFO - validating...
2023-07-05 07:08:19,947 - root - INFO - validating...
2023-07-05 07:08:19,948 - root - INFO - validating...
2023-07-05 07:21:33,473 - root - INFO - validating...
2023-07-05 07:21:33,473 - root - INFO - validating...
2023-07-05 07:21:33,473 - root - INFO - validating...
2023-07-05 07:21:33,473 - root - INFO - validating...
2023-07-05 07:34:47,968 - root - INFO - validating...
2023-07-05 07:34:47,968 - root - INFO - validating...
2023-07-05 07:34:47,968 - root - INFO - validating...
2023-07-05 07:34:47,969 - root - INFO - validating...
2023-07-05 07:48:03,828 - root - INFO - validating...
2023-07-05 07:48:03,828 - root - INFO - validating...
2023-07-05 07:48:03,828 - root - INFO - validating...
2023-07-05 07:48:03,828 - root - INFO - validating...
2023-07-05 08:01:11,013 - root - INFO - validating...
2023-07-05 08:01:11,013 - root - INFO - validating...
2023-07-05 08:01:11,013 - root - INFO - validating...
2023-07-05 08:01:11,016 - root - INFO - validating...
2023-07-05 08:14:22,453 - root - INFO - validating...
2023-07-05 08:14:22,452 - root - INFO - validating...
2023-07-05 08:14:22,453 - root - INFO - validating...
2023-07-05 08:14:22,453 - root - INFO - validating...
2023-07-05 08:27:33,440 - root - INFO - validating...
2023-07-05 08:27:33,441 - root - INFO - validating...
2023-07-05 08:27:33,441 - root - INFO - validating...
2023-07-05 08:27:33,443 - root - INFO - validating...
2023-07-05 08:40:47,016 - root - INFO - validating...
2023-07-05 08:40:47,016 - root - INFO - validating...
2023-07-05 08:40:47,015 - root - INFO - validating...
2023-07-05 08:40:47,016 - root - INFO - validating...
2023-07-05 08:54:06,698 - root - INFO - validating...
2023-07-05 08:54:06,698 - root - INFO - validating...
2023-07-05 08:54:06,699 - root - INFO - validating...
2023-07-05 08:54:06,699 - root - INFO - validating...
2023-07-05 09:07:19,698 - root - INFO - validating...
2023-07-05 09:07:19,699 - root - INFO - validating...
2023-07-05 09:07:19,699 - root - INFO - validating...
2023-07-05 09:07:19,699 - root - INFO - validating...
2023-07-05 09:20:31,073 - root - INFO - validating...
2023-07-05 09:20:31,073 - root - INFO - validating...
2023-07-05 09:20:31,073 - root - INFO - validating...
2023-07-05 09:20:31,073 - root - INFO - validating...
2023-07-05 09:33:44,461 - root - INFO - validating...
2023-07-05 09:33:44,461 - root - INFO - validating...
2023-07-05 09:33:44,461 - root - INFO - validating...
2023-07-05 09:33:44,463 - root - INFO - validating...
2023-07-05 09:46:50,106 - root - INFO - validating...
2023-07-05 09:46:50,107 - root - INFO - validating...
2023-07-05 09:46:50,107 - root - INFO - validating...
2023-07-05 09:46:50,107 - root - INFO - validating...
2023-07-05 10:00:05,361 - root - INFO - validating...
2023-07-05 10:00:05,361 - root - INFO - validating...
2023-07-05 10:00:05,363 - root - INFO - validating...
2023-07-05 10:00:05,364 - root - INFO - validating...
2023-07-05 10:13:21,273 - root - INFO - validating...
2023-07-05 10:13:21,273 - root - INFO - validating...
2023-07-05 10:13:21,273 - root - INFO - validating...
2023-07-05 10:13:21,273 - root - INFO - validating...
2023-07-05 10:26:22,534 - root - INFO - validating...
2023-07-05 10:26:22,535 - root - INFO - validating...
2023-07-05 10:26:22,535 - root - INFO - validating...
2023-07-05 10:26:22,535 - root - INFO - validating...
2023-07-05 10:39:31,894 - root - INFO - validating...
2023-07-05 10:39:31,894 - root - INFO - validating...
2023-07-05 10:39:31,895 - root - INFO - validating...
2023-07-05 10:39:31,894 - root - INFO - validating...
2023-07-05 10:52:42,060 - root - INFO - validating...
2023-07-05 10:52:42,061 - root - INFO - validating...
2023-07-05 10:52:42,061 - root - INFO - validating...
2023-07-05 10:52:42,061 - root - INFO - validating...
2023-07-05 11:05:55,869 - root - INFO - validating...
2023-07-05 11:05:55,869 - root - INFO - validating...
2023-07-05 11:05:55,870 - root - INFO - validating...
2023-07-05 11:05:55,870 - root - INFO - validating...
2023-07-05 11:19:06,816 - root - INFO - validating...
2023-07-05 11:19:06,816 - root - INFO - validating...
2023-07-05 11:19:06,817 - root - INFO - validating...
2023-07-05 11:19:06,818 - root - INFO - validating...
2023-07-05 11:32:18,680 - root - INFO - validating...
2023-07-05 11:32:18,680 - root - INFO - validating...
2023-07-05 11:32:18,681 - root - INFO - validating...
2023-07-05 11:32:18,683 - root - INFO - validating...
2023-07-05 11:45:30,279 - root - INFO - validating...
2023-07-05 11:45:30,279 - root - INFO - validating...
2023-07-05 11:45:30,280 - root - INFO - validating...
2023-07-05 11:45:30,283 - root - INFO - validating...
2023-07-05 11:58:39,343 - root - INFO - validating...
2023-07-05 11:58:39,343 - root - INFO - validating...
2023-07-05 11:58:39,343 - root - INFO - validating...
2023-07-05 11:58:39,343 - root - INFO - validating...
2023-07-05 12:11:53,616 - root - INFO - validating...
2023-07-05 12:11:53,616 - root - INFO - validating...
2023-07-05 12:11:53,617 - root - INFO - validating...
2023-07-05 12:11:53,620 - root - INFO - validating...
2023-07-05 12:25:03,680 - root - INFO - validating...
2023-07-05 12:25:03,680 - root - INFO - validating...
2023-07-05 12:25:03,681 - root - INFO - validating...
2023-07-05 12:25:03,681 - root - INFO - validating...
2023-07-05 12:38:12,672 - root - INFO - validating...
2023-07-05 12:38:12,672 - root - INFO - validating...
2023-07-05 12:38:12,672 - root - INFO - validating...
2023-07-05 12:38:12,672 - root - INFO - validating...
2023-07-05 12:51:22,421 - root - INFO - validating...
2023-07-05 12:51:22,421 - root - INFO - validating...
2023-07-05 12:51:22,422 - root - INFO - validating...
2023-07-05 12:51:22,422 - root - INFO - validating...
2023-07-05 13:04:32,417 - root - INFO - validating...
2023-07-05 13:04:32,418 - root - INFO - validating...
2023-07-05 13:04:32,418 - root - INFO - validating...
2023-07-05 13:04:32,421 - root - INFO - validating...
2023-07-05 13:17:44,297 - root - INFO - validating...
2023-07-05 13:17:44,297 - root - INFO - validating...
2023-07-05 13:17:44,298 - root - INFO - validating...
2023-07-05 13:17:44,298 - root - INFO - validating...
2023-07-05 13:30:55,674 - root - INFO - validating...
2023-07-05 13:30:55,674 - root - INFO - validating...
2023-07-05 13:30:55,675 - root - INFO - validating...
2023-07-05 13:30:55,676 - root - INFO - validating...
2023-07-05 13:44:01,674 - root - INFO - validating...
2023-07-05 13:44:01,674 - root - INFO - validating...
2023-07-05 13:44:01,674 - root - INFO - validating...
2023-07-05 13:44:01,675 - root - INFO - validating...
2023-07-05 13:57:12,073 - root - INFO - validating...
2023-07-05 13:57:12,073 - root - INFO - validating...
2023-07-05 13:57:12,074 - root - INFO - validating...
2023-07-05 13:57:12,075 - root - INFO - validating...
2023-07-05 14:10:23,779 - root - INFO - validating...
2023-07-05 14:10:23,779 - root - INFO - validating...
2023-07-05 14:10:23,779 - root - INFO - validating...
2023-07-05 14:10:23,779 - root - INFO - validating...
2023-07-05 14:23:34,506 - root - INFO - validating...
2023-07-05 14:23:34,506 - root - INFO - validating...
2023-07-05 14:23:34,505 - root - INFO - validating...
2023-07-05 14:23:34,506 - root - INFO - validating...
2023-07-05 14:36:46,851 - root - INFO - validating...
2023-07-05 14:36:46,851 - root - INFO - validating...
2023-07-05 14:36:46,852 - root - INFO - validating...
2023-07-05 14:36:46,852 - root - INFO - validating...
2023-07-05 14:50:06,173 - root - INFO - validating...
2023-07-05 14:50:06,175 - root - INFO - validating...
2023-07-05 14:50:06,175 - root - INFO - validating...
2023-07-05 14:50:06,175 - root - INFO - validating...
2023-07-05 15:03:20,380 - root - INFO - validating...
2023-07-05 15:03:20,380 - root - INFO - validating...
2023-07-05 15:03:20,380 - root - INFO - validating...
2023-07-05 15:03:20,381 - root - INFO - validating...
2023-07-05 15:16:34,177 - root - INFO - validating...
2023-07-05 15:16:34,177 - root - INFO - validating...
2023-07-05 15:16:34,177 - root - INFO - validating...
2023-07-05 15:16:34,177 - root - INFO - validating...
2023-07-05 15:29:52,048 - root - INFO - validating...
2023-07-05 15:29:52,048 - root - INFO - validating...
2023-07-05 15:29:52,048 - root - INFO - validating...
2023-07-05 15:29:52,049 - root - INFO - validating...
2023-07-05 15:43:02,838 - root - INFO - validating...
2023-07-05 15:43:02,838 - root - INFO - validating...
2023-07-05 15:43:02,838 - root - INFO - validating...
2023-07-05 15:43:02,842 - root - INFO - validating...
2023-07-05 15:56:14,860 - root - INFO - validating...
2023-07-05 15:56:14,860 - root - INFO - validating...
2023-07-05 15:56:14,860 - root - INFO - validating...
2023-07-05 15:56:14,860 - root - INFO - validating...
2023-07-05 16:09:22,313 - root - INFO - validating...
2023-07-05 16:09:22,313 - root - INFO - validating...
2023-07-05 16:09:22,314 - root - INFO - validating...
2023-07-05 16:09:22,314 - root - INFO - validating...
2023-07-05 16:22:37,801 - root - INFO - validating...
2023-07-05 16:22:37,801 - root - INFO - validating...
2023-07-05 16:22:37,801 - root - INFO - validating...
2023-07-05 16:22:37,802 - root - INFO - validating...
2023-07-05 16:35:48,805 - root - INFO - validating...
2023-07-05 16:35:48,805 - root - INFO - validating...
2023-07-05 16:35:48,805 - root - INFO - validating...
2023-07-05 16:35:48,805 - root - INFO - validating...
2023-07-05 16:48:59,548 - root - INFO - validating...
2023-07-05 16:48:59,548 - root - INFO - validating...
2023-07-05 16:48:59,548 - root - INFO - validating...
2023-07-05 16:48:59,548 - root - INFO - validating...
2023-07-05 17:02:03,086 - root - INFO - validating...
2023-07-05 17:02:03,086 - root - INFO - validating...
2023-07-05 17:02:03,086 - root - INFO - validating...
2023-07-05 17:02:03,086 - root - INFO - validating...
2023-07-05 17:15:14,371 - root - INFO - validating...
2023-07-05 17:15:14,371 - root - INFO - validating...
2023-07-05 17:15:14,371 - root - INFO - validating...
2023-07-05 17:15:14,371 - root - INFO - validating...
2023-07-05 17:28:25,027 - root - INFO - validating...
2023-07-05 17:28:25,027 - root - INFO - validating...
2023-07-05 17:28:25,028 - root - INFO - validating...
2023-07-05 17:28:25,029 - root - INFO - validating...
2023-07-05 17:41:35,284 - root - INFO - validating...
2023-07-05 17:41:35,284 - root - INFO - validating...
2023-07-05 17:41:35,285 - root - INFO - validating...
2023-07-05 17:41:35,285 - root - INFO - validating...
2023-07-05 17:54:44,289 - root - INFO - validating...
2023-07-05 17:54:44,289 - root - INFO - validating...
2023-07-05 17:54:44,289 - root - INFO - validating...
2023-07-05 17:54:44,289 - root - INFO - validating...
2023-07-05 18:07:57,766 - root - INFO - validating...
2023-07-05 18:07:57,766 - root - INFO - validating...
2023-07-05 18:07:57,768 - root - INFO - validating...
2023-07-05 18:07:57,769 - root - INFO - validating...
2023-07-05 18:21:04,984 - root - INFO - validating...
2023-07-05 18:21:04,984 - root - INFO - validating...
2023-07-05 18:21:04,984 - root - INFO - validating...
2023-07-05 18:21:04,984 - root - INFO - validating...
2023-07-05 18:34:11,923 - root - INFO - validating...
2023-07-05 18:34:11,923 - root - INFO - validating...
2023-07-05 18:34:11,923 - root - INFO - validating...
2023-07-05 18:34:11,923 - root - INFO - validating...
2023-07-05 18:47:20,987 - root - INFO - validating...
2023-07-05 18:47:20,987 - root - INFO - validating...
2023-07-05 18:47:20,987 - root - INFO - validating...
2023-07-05 18:47:20,987 - root - INFO - validating...
2023-07-05 19:00:25,914 - root - INFO - validating...
2023-07-05 19:00:25,914 - root - INFO - validating...
2023-07-05 19:00:25,914 - root - INFO - validating...
2023-07-05 19:00:25,915 - root - INFO - validating...
2023-07-05 19:13:38,266 - root - INFO - validating...
2023-07-05 19:13:38,266 - root - INFO - validating...
2023-07-05 19:13:38,266 - root - INFO - validating...
2023-07-05 19:13:38,267 - root - INFO - validating...
2023-07-05 19:26:51,678 - root - INFO - validating...
2023-07-05 19:26:51,678 - root - INFO - validating...
2023-07-05 19:26:51,678 - root - INFO - validating...
2023-07-05 19:26:51,678 - root - INFO - validating...
2023-07-05 19:39:58,904 - root - INFO - validating...
2023-07-05 19:39:58,905 - root - INFO - validating...
2023-07-05 19:39:58,905 - root - INFO - validating...
2023-07-05 19:39:58,905 - root - INFO - validating...
2023-07-05 19:53:07,457 - root - INFO - validating...
2023-07-05 19:53:07,457 - root - INFO - validating...
2023-07-05 19:53:07,457 - root - INFO - validating...
2023-07-05 19:53:07,457 - root - INFO - validating...
2023-07-05 20:06:21,313 - root - INFO - validating...
2023-07-05 20:06:21,313 - root - INFO - validating...
2023-07-05 20:06:21,314 - root - INFO - validating...
2023-07-05 20:06:21,316 - root - INFO - validating...
2023-07-05 20:19:39,828 - root - INFO - validating...
2023-07-05 20:19:39,829 - root - INFO - validating...
2023-07-05 20:19:39,828 - root - INFO - validating...
2023-07-05 20:19:39,829 - root - INFO - validating...
2023-07-05 20:32:53,275 - root - INFO - validating...
2023-07-05 20:32:53,275 - root - INFO - validating...
2023-07-05 20:32:53,275 - root - INFO - validating...
2023-07-05 20:32:53,276 - root - INFO - validating...
2023-07-05 20:46:06,839 - root - INFO - validating...
2023-07-05 20:46:06,839 - root - INFO - validating...
2023-07-05 20:46:06,839 - root - INFO - validating...
2023-07-05 20:46:06,840 - root - INFO - validating...
2023-07-05 20:59:15,920 - root - INFO - validating...
2023-07-05 20:59:15,921 - root - INFO - validating...
2023-07-05 20:59:15,921 - root - INFO - validating...
2023-07-05 20:59:15,920 - root - INFO - validating...
2023-07-05 21:12:21,625 - root - INFO - validating...
2023-07-05 21:12:21,626 - root - INFO - validating...
2023-07-05 21:12:21,625 - root - INFO - validating...
2023-07-05 21:12:21,629 - root - INFO - validating...
2023-07-05 21:25:31,424 - root - INFO - validating...
2023-07-05 21:25:31,424 - root - INFO - validating...
2023-07-05 21:25:31,424 - root - INFO - validating...
2023-07-05 21:25:31,425 - root - INFO - validating...
2023-07-05 21:38:44,259 - root - INFO - validating...
2023-07-05 21:38:44,259 - root - INFO - validating...
2023-07-05 21:38:44,259 - root - INFO - validating...
2023-07-05 21:38:44,260 - root - INFO - validating...
2023-07-05 21:51:58,504 - root - INFO - validating...
2023-07-05 21:51:58,504 - root - INFO - validating...
2023-07-05 21:51:58,505 - root - INFO - validating...
2023-07-05 21:51:58,507 - root - INFO - validating...
2023-07-05 22:05:09,150 - root - INFO - validating...
2023-07-05 22:05:09,150 - root - INFO - validating...
2023-07-05 22:05:09,150 - root - INFO - validating...
2023-07-05 22:05:09,151 - root - INFO - validating...
2023-07-05 22:18:19,025 - root - INFO - validating...
2023-07-05 22:18:19,025 - root - INFO - validating...
2023-07-05 22:18:19,026 - root - INFO - validating...
2023-07-05 22:18:19,029 - root - INFO - validating...
2023-07-05 22:31:28,614 - root - INFO - validating...
2023-07-05 22:31:28,614 - root - INFO - validating...
2023-07-05 22:31:28,615 - root - INFO - validating...
2023-07-05 22:31:28,615 - root - INFO - validating...
2023-07-05 22:44:34,932 - root - INFO - validating...
2023-07-05 22:44:34,932 - root - INFO - validating...
2023-07-05 22:44:34,932 - root - INFO - validating...
2023-07-05 22:44:34,932 - root - INFO - validating...
2023-07-05 22:57:43,945 - root - INFO - validating...
2023-07-05 22:57:43,945 - root - INFO - validating...
2023-07-05 22:57:43,945 - root - INFO - validating...
2023-07-05 22:57:43,946 - root - INFO - validating...
2023-07-05 23:10:54,845 - root - INFO - validating...
2023-07-05 23:10:54,846 - root - INFO - validating...
2023-07-05 23:10:54,847 - root - INFO - validating...
2023-07-05 23:10:54,848 - root - INFO - validating...
2023-07-05 23:24:08,009 - root - INFO - validating...
2023-07-05 23:24:08,009 - root - INFO - validating...
2023-07-05 23:24:08,010 - root - INFO - validating...
2023-07-05 23:24:08,010 - root - INFO - validating...
2023-07-05 23:37:22,199 - root - INFO - validating...
2023-07-05 23:37:22,199 - root - INFO - validating...
2023-07-05 23:37:22,200 - root - INFO - validating...
2023-07-05 23:37:22,201 - root - INFO - validating...
2023-07-05 23:50:33,461 - root - INFO - validating...
2023-07-05 23:50:33,461 - root - INFO - validating...
2023-07-05 23:50:33,462 - root - INFO - validating...
2023-07-05 23:50:33,462 - root - INFO - validating...
2023-07-06 00:03:44,766 - root - INFO - validating...
2023-07-06 00:03:44,766 - root - INFO - validating...
2023-07-06 00:03:44,766 - root - INFO - validating...
2023-07-06 00:03:44,769 - root - INFO - validating...
2023-07-06 00:17:01,604 - root - INFO - validating...
2023-07-06 00:17:01,604 - root - INFO - validating...
2023-07-06 00:17:01,604 - root - INFO - validating...
2023-07-06 00:17:01,605 - root - INFO - validating...
2023-07-06 00:30:14,202 - root - INFO - validating...
2023-07-06 00:30:14,202 - root - INFO - validating...
2023-07-06 00:30:14,203 - root - INFO - validating...
2023-07-06 00:30:14,203 - root - INFO - validating...
2023-07-06 00:43:26,236 - root - INFO - validating...
2023-07-06 00:43:26,236 - root - INFO - validating...
2023-07-06 00:43:26,236 - root - INFO - validating...
2023-07-06 00:43:26,239 - root - INFO - validating...
2023-07-06 00:56:41,225 - root - INFO - validating...
2023-07-06 00:56:41,225 - root - INFO - validating...
2023-07-06 00:56:41,225 - root - INFO - validating...
2023-07-06 00:56:41,228 - root - INFO - validating...
2023-07-06 01:09:52,510 - root - INFO - validating...
2023-07-06 01:09:52,510 - root - INFO - validating...
2023-07-06 01:09:52,511 - root - INFO - validating...
2023-07-06 01:09:52,512 - root - INFO - validating...
2023-07-06 01:23:07,204 - root - INFO - validating...
2023-07-06 01:23:07,203 - root - INFO - validating...
2023-07-06 01:23:07,205 - root - INFO - validating...
2023-07-06 01:23:07,205 - root - INFO - validating...
2023-07-06 01:24:07,567 - root - INFO - Terminating training after reaching params.max_epochs while LR scheduler is set to CosineAnnealingLR
2023-07-06 01:24:07,568 - root - INFO - Terminating training after reaching params.max_epochs while LR scheduler is set to CosineAnnealingLR
2023-07-06 01:24:07,568 - root - INFO - Terminating training after reaching params.max_epochs while LR scheduler is set to CosineAnnealingLR
2023-07-06 01:24:07,568 - root - INFO - Terminating training after reaching params.max_epochs while LR scheduler is set to CosineAnnealingLR
paraai-n32-h-01-agent-107:4132873:4133884 [2] NCCL INFO [Service thread] Connection closed by localRank 2
paraai-n32-h-01-agent-107:4132871:4133881 [0] NCCL INFO [Service thread] Connection closed by localRank 0
paraai-n32-h-01-agent-107:4132873:4132873 [2] NCCL INFO comm 0x3e483700 rank 10 nranks 16 cudaDev 2 busId 81000 - Abort COMPLETE
paraai-n32-h-01-agent-107:4132871:4132871 [0] NCCL INFO comm 0x2eb33200 rank 8 nranks 16 cudaDev 0 busId 1000 - Abort COMPLETE
paraai-n32-h-01-agent-107:4132874:4133883 [3] NCCL INFO [Service thread] Connection closed by localRank 3
paraai-n32-h-01-agent-107:4132874:4132874 [3] NCCL INFO comm 0x258061c0 rank 11 nranks 16 cudaDev 3 busId 82000 - Abort COMPLETE
paraai-n32-h-01-agent-107:4132872:4133882 [1] NCCL INFO [Service thread] Connection closed by localRank 1
paraai-n32-h-01-agent-107:4132872:4132872 [1] NCCL INFO comm 0x50bfa0a0 rank 9 nranks 16 cudaDev 1 busId 2000 - Abort COMPLETE
