master_addr is only used for static rdzv_backend and when rdzv_endpoint is not specified.
paraai-n32-h-01-agent-106
0
------------------ Configuration ------------------  /home/bingxing2/home/scx6115/Ocean_AI_model/config/Model_2.yaml
paraai-n32-h-01-agent-106
0
------------------ Configuration ------------------  /home/bingxing2/home/scx6115/Ocean_AI_model/config/Model_2.yaml
paraai-n32-h-01-agent-106
0
------------------ Configuration ------------------  /home/bingxing2/home/scx6115/Ocean_AI_model/config/Model_2.yaml
paraai-n32-h-01-agent-106
0
------------------ Configuration ------------------  /home/bingxing2/home/scx6115/Ocean_AI_model/config/Model_2.yaml
nettype Masked_AE_Ocean
log_to_wandb True
lr 0.001
batch_size 32
max_epochs 150
scheduler CosineAnnealingLR
fusion_3d_2d False
in_channels [0, 1, 2, 3, 4, 5, 6, 7, 8, 9, 10, 11, 12, 13, 14, 15, 16, 17, 18, 19, 20, 21, 22, 23, 24, 25, 26, 27, 28, 29, 30, 31, 32, 33, 34, 35, 36, 37, 38, 39, 40, 41, 42, 43, 44, 45, 46, 47, 48, 49, 50, 51, 52, 53, 54, 55, 56, 57, 58, 59, 60, 61, 62, 63, 64, 65]
out_channels [0, 1, 2, 3, 4, 5, 6, 7, 8, 9, 10, 11, 12, 13, 14, 15, 16, 17, 18, 19, 20, 21, 22, 23, 24, 25, 26, 27, 28, 29, 30, 31, 32, 33, 34, 35, 36, 37, 38, 39, 40, 41, 42, 43, 44, 45, 46, 47, 48, 49, 50, 51, 52, 53, 54, 55, 56, 57, 58, 59, 60]
N_in_channels 66
N_out_channels 61
img_size_h 720
img_size_w 1440
patch_size_h 8
patch_size_w 8
mlp_ratio 4.0
embed_dim 512
depth 16
num_heads 16
decoder_embed_dim 1024
decoder_depth 8
decoder_num_heads 16
koopman_depth 2
modes_h_ratio 1
modes_w_ratio 0.8
drop_rate 0.0
drop_path_rate 0.0
sparsity_threshold 0.01
hard_thresholding_fraction 1.0
num_blocks 8
loss l2
num_data_workers 0
dt 1
n_history 0
prediction_type iterative
prediction_length 41
n_initial_conditions 5
ics_type default
date_strings ['2018-09-14 00:00:00']
save_raw_forecasts True
save_channel False
masked_acc False
maskpath None
perturb False
add_grid False
N_grid_channels 0
gridtype sinusoidal
roll False
enable_nhwc False
optimizer_type FusedAdam
exp_dir ./exp_15_levels
patch_size 8
width 56
modes 32
target default
train_data_path /home/bingxing2/home/scx6115/Ocean_AI_model/sample_01/train
valid_data_path /home/bingxing2/home/scx6115/Ocean_AI_model/sample_01/valid
test_data_path /home/bingxing2/home/scx6115/Ocean_AI_model/sample_01/test
land_mask True
land_mask_path /home/bingxing2/home/scx6115/Ocean_AI_model/sample_01/land_mask.h5
normalize True
normalization zscore
global_mins_path /home/bingxing2/home/scx6115/Ocean_AI_model/sample_01/train/global_mins.npy
global_maxs_path /home/bingxing2/home/scx6115/Ocean_AI_model/sample_01/train/global_maxs.npy
global_means_path /home/bingxing2/home/scx6115/Ocean_AI_model/sample_01/train/global_means.npy
global_stds_path /home/bingxing2/home/scx6115/Ocean_AI_model/sample_01/train/global_stds.npy
orography True
orography_norm_zscore_path /home/bingxing2/home/scx6115/Ocean_AI_model/sample_01/orography_norm_zscore.h5
orography_norm_maxmin_path /home/bingxing2/home/scx6115/Ocean_AI_model/sample_01/orography_norm_maxmin.h5
add_noise False
noise_std 0
crop_size_x None
crop_size_y None
log_to_screen True
save_checkpoint True
plot_animations False
---------------------------------------------------
world_size : 16
Initialize distributed process group...
nettype Masked_AE_Ocean
log_to_wandb True
lr 0.001
batch_size 32
max_epochs 150
scheduler CosineAnnealingLR
fusion_3d_2d False
in_channels [0, 1, 2, 3, 4, 5, 6, 7, 8, 9, 10, 11, 12, 13, 14, 15, 16, 17, 18, 19, 20, 21, 22, 23, 24, 25, 26, 27, 28, 29, 30, 31, 32, 33, 34, 35, 36, 37, 38, 39, 40, 41, 42, 43, 44, 45, 46, 47, 48, 49, 50, 51, 52, 53, 54, 55, 56, 57, 58, 59, 60, 61, 62, 63, 64, 65]
out_channels [0, 1, 2, 3, 4, 5, 6, 7, 8, 9, 10, 11, 12, 13, 14, 15, 16, 17, 18, 19, 20, 21, 22, 23, 24, 25, 26, 27, 28, 29, 30, 31, 32, 33, 34, 35, 36, 37, 38, 39, 40, 41, 42, 43, 44, 45, 46, 47, 48, 49, 50, 51, 52, 53, 54, 55, 56, 57, 58, 59, 60]
N_in_channels 66
N_out_channels 61
img_size_h 720
img_size_w 1440
patch_size_h 8
patch_size_w 8
mlp_ratio 4.0
embed_dim 512
depth 16
num_heads 16
decoder_embed_dim 1024
decoder_depth 8
decoder_num_heads 16
koopman_depth 2
modes_h_ratio 1
modes_w_ratio 0.8
drop_rate 0.0
drop_path_rate 0.0
sparsity_threshold 0.01
hard_thresholding_fraction 1.0
num_blocks 8
loss l2
num_data_workers 0
dt 1
n_history 0
prediction_type iterative
prediction_length 41
n_initial_conditions 5
ics_type default
date_strings ['2018-09-14 00:00:00']
save_raw_forecasts True
save_channel False
masked_acc False
maskpath None
perturb False
add_grid False
N_grid_channels 0
gridtype sinusoidal
roll False
enable_nhwc False
optimizer_type FusedAdam
exp_dir ./exp_15_levels
patch_size 8
width 56
modes 32
target default
train_data_path /home/bingxing2/home/scx6115/Ocean_AI_model/sample_01/train
valid_data_path /home/bingxing2/home/scx6115/Ocean_AI_model/sample_01/valid
test_data_path /home/bingxing2/home/scx6115/Ocean_AI_model/sample_01/test
land_mask True
land_mask_path /home/bingxing2/home/scx6115/Ocean_AI_model/sample_01/land_mask.h5
normalize True
normalization zscore
global_mins_path /home/bingxing2/home/scx6115/Ocean_AI_model/sample_01/train/global_mins.npy
global_maxs_path /home/bingxing2/home/scx6115/Ocean_AI_model/sample_01/train/global_maxs.npy
global_means_path /home/bingxing2/home/scx6115/Ocean_AI_model/sample_01/train/global_means.npy
global_stds_path /home/bingxing2/home/scx6115/Ocean_AI_model/sample_01/train/global_stds.npy
orography True
orography_norm_zscore_path /home/bingxing2/home/scx6115/Ocean_AI_model/sample_01/orography_norm_zscore.h5
orography_norm_maxmin_path /home/bingxing2/home/scx6115/Ocean_AI_model/sample_01/orography_norm_maxmin.h5
add_noise False
noise_std 0
crop_size_x None
crop_size_y None
log_to_screen True
save_checkpoint True
plot_animations False
---------------------------------------------------
world_size : 16
Initialize distributed process group...
nettype Masked_AE_Ocean
log_to_wandb True
lr 0.001
batch_size 32
max_epochs 150
scheduler CosineAnnealingLR
fusion_3d_2d False
in_channels [0, 1, 2, 3, 4, 5, 6, 7, 8, 9, 10, 11, 12, 13, 14, 15, 16, 17, 18, 19, 20, 21, 22, 23, 24, 25, 26, 27, 28, 29, 30, 31, 32, 33, 34, 35, 36, 37, 38, 39, 40, 41, 42, 43, 44, 45, 46, 47, 48, 49, 50, 51, 52, 53, 54, 55, 56, 57, 58, 59, 60, 61, 62, 63, 64, 65]
out_channels [0, 1, 2, 3, 4, 5, 6, 7, 8, 9, 10, 11, 12, 13, 14, 15, 16, 17, 18, 19, 20, 21, 22, 23, 24, 25, 26, 27, 28, 29, 30, 31, 32, 33, 34, 35, 36, 37, 38, 39, 40, 41, 42, 43, 44, 45, 46, 47, 48, 49, 50, 51, 52, 53, 54, 55, 56, 57, 58, 59, 60]
N_in_channels 66
N_out_channels 61
img_size_h 720
img_size_w 1440
patch_size_h 8
patch_size_w 8
mlp_ratio 4.0
embed_dim 512
depth 16
num_heads 16
decoder_embed_dim 1024
decoder_depth 8
decoder_num_heads 16
koopman_depth 2
modes_h_ratio 1
modes_w_ratio 0.8
drop_rate 0.0
drop_path_rate 0.0
sparsity_threshold 0.01
hard_thresholding_fraction 1.0
num_blocks 8
loss l2
num_data_workers 0
dt 1
n_history 0
prediction_type iterative
prediction_length 41
n_initial_conditions 5
ics_type default
date_strings ['2018-09-14 00:00:00']
save_raw_forecasts True
save_channel False
masked_acc False
maskpath None
perturb False
add_grid False
N_grid_channels 0
gridtype sinusoidal
roll False
enable_nhwc False
optimizer_type FusedAdam
exp_dir ./exp_15_levels
patch_size 8
width 56
modes 32
target default
train_data_path /home/bingxing2/home/scx6115/Ocean_AI_model/sample_01/train
valid_data_path /home/bingxing2/home/scx6115/Ocean_AI_model/sample_01/valid
test_data_path /home/bingxing2/home/scx6115/Ocean_AI_model/sample_01/test
land_mask True
land_mask_path /home/bingxing2/home/scx6115/Ocean_AI_model/sample_01/land_mask.h5
normalize True
normalization zscore
global_mins_path /home/bingxing2/home/scx6115/Ocean_AI_model/sample_01/train/global_mins.npy
global_maxs_path /home/bingxing2/home/scx6115/Ocean_AI_model/sample_01/train/global_maxs.npy
global_means_path /home/bingxing2/home/scx6115/Ocean_AI_model/sample_01/train/global_means.npy
global_stds_path /home/bingxing2/home/scx6115/Ocean_AI_model/sample_01/train/global_stds.npy
orography True
orography_norm_zscore_path /home/bingxing2/home/scx6115/Ocean_AI_model/sample_01/orography_norm_zscore.h5
orography_norm_maxmin_path /home/bingxing2/home/scx6115/Ocean_AI_model/sample_01/orography_norm_maxmin.h5
add_noise False
noise_std 0
crop_size_x None
crop_size_y None
log_to_screen True
save_checkpoint True
plot_animations False
---------------------------------------------------
world_size : 16
Initialize distributed process group...
nettype Masked_AE_Ocean
log_to_wandb True
lr 0.001
batch_size 32
max_epochs 150
scheduler CosineAnnealingLR
fusion_3d_2d False
in_channels [0, 1, 2, 3, 4, 5, 6, 7, 8, 9, 10, 11, 12, 13, 14, 15, 16, 17, 18, 19, 20, 21, 22, 23, 24, 25, 26, 27, 28, 29, 30, 31, 32, 33, 34, 35, 36, 37, 38, 39, 40, 41, 42, 43, 44, 45, 46, 47, 48, 49, 50, 51, 52, 53, 54, 55, 56, 57, 58, 59, 60, 61, 62, 63, 64, 65]
out_channels [0, 1, 2, 3, 4, 5, 6, 7, 8, 9, 10, 11, 12, 13, 14, 15, 16, 17, 18, 19, 20, 21, 22, 23, 24, 25, 26, 27, 28, 29, 30, 31, 32, 33, 34, 35, 36, 37, 38, 39, 40, 41, 42, 43, 44, 45, 46, 47, 48, 49, 50, 51, 52, 53, 54, 55, 56, 57, 58, 59, 60]
N_in_channels 66
N_out_channels 61
img_size_h 720
img_size_w 1440
patch_size_h 8
patch_size_w 8
mlp_ratio 4.0
embed_dim 512
depth 16
num_heads 16
decoder_embed_dim 1024
decoder_depth 8
decoder_num_heads 16
koopman_depth 2
modes_h_ratio 1
modes_w_ratio 0.8
drop_rate 0.0
drop_path_rate 0.0
sparsity_threshold 0.01
hard_thresholding_fraction 1.0
num_blocks 8
loss l2
num_data_workers 0
dt 1
n_history 0
prediction_type iterative
prediction_length 41
n_initial_conditions 5
ics_type default
date_strings ['2018-09-14 00:00:00']
save_raw_forecasts True
save_channel False
masked_acc False
maskpath None
perturb False
add_grid False
N_grid_channels 0
gridtype sinusoidal
roll False
enable_nhwc False
optimizer_type FusedAdam
exp_dir ./exp_15_levels
patch_size 8
width 56
modes 32
target default
train_data_path /home/bingxing2/home/scx6115/Ocean_AI_model/sample_01/train
valid_data_path /home/bingxing2/home/scx6115/Ocean_AI_model/sample_01/valid
test_data_path /home/bingxing2/home/scx6115/Ocean_AI_model/sample_01/test
land_mask True
land_mask_path /home/bingxing2/home/scx6115/Ocean_AI_model/sample_01/land_mask.h5
normalize True
normalization zscore
global_mins_path /home/bingxing2/home/scx6115/Ocean_AI_model/sample_01/train/global_mins.npy
global_maxs_path /home/bingxing2/home/scx6115/Ocean_AI_model/sample_01/train/global_maxs.npy
global_means_path /home/bingxing2/home/scx6115/Ocean_AI_model/sample_01/train/global_means.npy
global_stds_path /home/bingxing2/home/scx6115/Ocean_AI_model/sample_01/train/global_stds.npy
orography True
orography_norm_zscore_path /home/bingxing2/home/scx6115/Ocean_AI_model/sample_01/orography_norm_zscore.h5
orography_norm_maxmin_path /home/bingxing2/home/scx6115/Ocean_AI_model/sample_01/orography_norm_maxmin.h5
add_noise False
noise_std 0
crop_size_x None
crop_size_y None
log_to_screen True
save_checkpoint True
plot_animations False
---------------------------------------------------
world_size : 16
Initialize distributed process group...
2023-07-04 16:23:37,635 - torch.distributed.distributed_c10d - INFO - Added key: store_based_barrier_key:1 to store for rank: 7
2023-07-04 16:23:37,656 - torch.distributed.distributed_c10d - INFO - Added key: store_based_barrier_key:1 to store for rank: 5
2023-07-04 16:23:37,693 - torch.distributed.distributed_c10d - INFO - Added key: store_based_barrier_key:1 to store for rank: 6
2023-07-04 16:23:37,693 - torch.distributed.distributed_c10d - INFO - Added key: store_based_barrier_key:1 to store for rank: 4
2023-07-04 16:23:37,697 - torch.distributed.distributed_c10d - INFO - Rank 7: Completed store-based barrier for key:store_based_barrier_key:1 with 16 nodes.
2023-07-04 16:23:37,697 - torch.distributed.distributed_c10d - INFO - Rank 5: Completed store-based barrier for key:store_based_barrier_key:1 with 16 nodes.
2023-07-04 16:23:37,704 - torch.distributed.distributed_c10d - INFO - Rank 6: Completed store-based barrier for key:store_based_barrier_key:1 with 16 nodes.
2023-07-04 16:23:37,704 - torch.distributed.distributed_c10d - INFO - Rank 4: Completed store-based barrier for key:store_based_barrier_key:1 with 16 nodes.
2023-07-04 16:23:37,768 - root - INFO - device: cuda:3
2023-07-04 16:23:37,768 - root - INFO - rank 7, begin data loader init
2023-07-04 16:23:37,772 - root - INFO - device: cuda:1
2023-07-04 16:23:37,772 - root - INFO - rank 5, begin data loader init
2023-07-04 16:23:37,774 - root - INFO - device: cuda:0
2023-07-04 16:23:37,774 - root - INFO - rank 4, begin data loader init
2023-07-04 16:23:37,775 - root - INFO - device: cuda:2
2023-07-04 16:23:37,775 - root - INFO - rank 6, begin data loader init
2023-07-04 16:23:37,812 - root - INFO - Getting file stats from /home/bingxing2/home/scx6115/Ocean_AI_model/sample_01/train/2000.h5
2023-07-04 16:23:37,812 - root - INFO - Getting file stats from /home/bingxing2/home/scx6115/Ocean_AI_model/sample_01/train/2000.h5
2023-07-04 16:23:37,813 - root - INFO - Getting file stats from /home/bingxing2/home/scx6115/Ocean_AI_model/sample_01/train/2000.h5
2023-07-04 16:23:37,813 - root - INFO - Getting file stats from /home/bingxing2/home/scx6115/Ocean_AI_model/sample_01/train/2000.h5
2023-07-04 16:23:37,814 - root - INFO - Number of samples per year: 365
2023-07-04 16:23:37,814 - root - INFO - Number of samples per year: 365
2023-07-04 16:23:37,814 - root - INFO - Number of samples per year: 365
2023-07-04 16:23:37,814 - root - INFO - Found data at path /home/bingxing2/home/scx6115/Ocean_AI_model/sample_01/train. Number of examples: 4015. Image Shape: 720 x 1440 x 66
2023-07-04 16:23:37,814 - root - INFO - Found data at path /home/bingxing2/home/scx6115/Ocean_AI_model/sample_01/train. Number of examples: 4015. Image Shape: 720 x 1440 x 66
2023-07-04 16:23:37,814 - root - INFO - Delta t: 1 days
2023-07-04 16:23:37,814 - root - INFO - Found data at path /home/bingxing2/home/scx6115/Ocean_AI_model/sample_01/train. Number of examples: 4015. Image Shape: 720 x 1440 x 66
2023-07-04 16:23:37,814 - root - INFO - Including 0 days of past history in training at a frequency of 1 days
2023-07-04 16:23:37,814 - root - INFO - Delta t: 1 days
2023-07-04 16:23:37,814 - root - INFO - Delta t: 1 days
2023-07-04 16:23:37,814 - root - INFO - Including 0 days of past history in training at a frequency of 1 days
2023-07-04 16:23:37,814 - root - INFO - Number of samples per year: 365
2023-07-04 16:23:37,814 - root - INFO - Including 0 days of past history in training at a frequency of 1 days
2023-07-04 16:23:37,814 - root - INFO - Found data at path /home/bingxing2/home/scx6115/Ocean_AI_model/sample_01/train. Number of examples: 4015. Image Shape: 720 x 1440 x 66
2023-07-04 16:23:37,814 - root - INFO - Delta t: 1 days
2023-07-04 16:23:37,814 - root - INFO - Including 0 days of past history in training at a frequency of 1 days
2023-07-04 16:23:37,858 - root - INFO - Getting file stats from /home/bingxing2/home/scx6115/Ocean_AI_model/sample_01/valid/2011.h5
2023-07-04 16:23:37,858 - root - INFO - Getting file stats from /home/bingxing2/home/scx6115/Ocean_AI_model/sample_01/valid/2011.h5
2023-07-04 16:23:37,858 - root - INFO - Getting file stats from /home/bingxing2/home/scx6115/Ocean_AI_model/sample_01/valid/2011.h5
2023-07-04 16:23:37,858 - root - INFO - Getting file stats from /home/bingxing2/home/scx6115/Ocean_AI_model/sample_01/valid/2011.h5
2023-07-04 16:23:37,859 - root - INFO - Number of samples per year: 364
2023-07-04 16:23:37,859 - root - INFO - Number of samples per year: 364
2023-07-04 16:23:37,859 - root - INFO - Found data at path /home/bingxing2/home/scx6115/Ocean_AI_model/sample_01/valid. Number of examples: 364. Image Shape: 720 x 1440 x 66
2023-07-04 16:23:37,859 - root - INFO - Number of samples per year: 364
2023-07-04 16:23:37,859 - root - INFO - Found data at path /home/bingxing2/home/scx6115/Ocean_AI_model/sample_01/valid. Number of examples: 364. Image Shape: 720 x 1440 x 66
2023-07-04 16:23:37,859 - root - INFO - Delta t: 1 days
2023-07-04 16:23:37,859 - root - INFO - Found data at path /home/bingxing2/home/scx6115/Ocean_AI_model/sample_01/valid. Number of examples: 364. Image Shape: 720 x 1440 x 66
2023-07-04 16:23:37,859 - root - INFO - Delta t: 1 days
2023-07-04 16:23:37,859 - root - INFO - Including 0 days of past history in training at a frequency of 1 days
2023-07-04 16:23:37,859 - root - INFO - Number of samples per year: 364
2023-07-04 16:23:37,859 - root - INFO - Including 0 days of past history in training at a frequency of 1 days
2023-07-04 16:23:37,859 - root - INFO - Delta t: 1 days
2023-07-04 16:23:37,859 - root - INFO - Found data at path /home/bingxing2/home/scx6115/Ocean_AI_model/sample_01/valid. Number of examples: 364. Image Shape: 720 x 1440 x 66
2023-07-04 16:23:37,859 - root - INFO - Including 0 days of past history in training at a frequency of 1 days
2023-07-04 16:23:37,859 - root - INFO - Delta t: 1 days
2023-07-04 16:23:37,859 - root - INFO - rank 4, data loader initialized
2023-07-04 16:23:37,859 - root - INFO - Including 0 days of past history in training at a frequency of 1 days
2023-07-04 16:23:37,859 - root - INFO - rank 7, data loader initialized
2023-07-04 16:23:37,860 - root - INFO - rank 6, data loader initialized
2023-07-04 16:23:37,860 - root - INFO - rank 5, data loader initialized
paraai-n32-h-01-agent-106:143162:143162 [3] NCCL INFO cudaDriverVersion 11060
paraai-n32-h-01-agent-106:143161:143161 [2] NCCL INFO cudaDriverVersion 11060
paraai-n32-h-01-agent-106:143159:143159 [0] NCCL INFO cudaDriverVersion 11060
paraai-n32-h-01-agent-106:143160:143160 [1] NCCL INFO cudaDriverVersion 11060
paraai-n32-h-01-agent-106:143160:143160 [1] NCCL INFO Bootstrap : Using eth0:172.16.5.171<0>
paraai-n32-h-01-agent-106:143162:143162 [3] NCCL INFO Bootstrap : Using eth0:172.16.5.171<0>
paraai-n32-h-01-agent-106:143161:143161 [2] NCCL INFO Bootstrap : Using eth0:172.16.5.171<0>
paraai-n32-h-01-agent-106:143159:143159 [0] NCCL INFO Bootstrap : Using eth0:172.16.5.171<0>
paraai-n32-h-01-agent-106:143159:143159 [0] NCCL INFO NET/Plugin : No plugin found (libnccl-net.so), using internal implementation
paraai-n32-h-01-agent-106:143160:143160 [1] NCCL INFO NET/Plugin : No plugin found (libnccl-net.so), using internal implementation
paraai-n32-h-01-agent-106:143162:143162 [3] NCCL INFO NET/Plugin : No plugin found (libnccl-net.so), using internal implementation
paraai-n32-h-01-agent-106:143161:143161 [2] NCCL INFO NET/Plugin : No plugin found (libnccl-net.so), using internal implementation
paraai-n32-h-01-agent-106:143160:144135 [1] NCCL INFO NET/IB : Using [0]mlx5_0:1/RoCE [1]mlx5_2:1/RoCE [RO]; OOB eth0:172.16.5.171<0>
paraai-n32-h-01-agent-106:143160:144135 [1] NCCL INFO Using network IB
paraai-n32-h-01-agent-106:143162:144136 [3] NCCL INFO NET/IB : Using [0]mlx5_0:1/RoCE [1]mlx5_2:1/RoCE [RO]; OOB eth0:172.16.5.171<0>
paraai-n32-h-01-agent-106:143162:144136 [3] NCCL INFO Using network IB
paraai-n32-h-01-agent-106:143159:144137 [0] NCCL INFO NET/IB : Using [0]mlx5_0:1/RoCE [1]mlx5_2:1/RoCE [RO]; OOB eth0:172.16.5.171<0>
paraai-n32-h-01-agent-106:143159:144137 [0] NCCL INFO Using network IB
paraai-n32-h-01-agent-106:143161:144138 [2] NCCL INFO NET/IB : Using [0]mlx5_0:1/RoCE [1]mlx5_2:1/RoCE [RO]; OOB eth0:172.16.5.171<0>
paraai-n32-h-01-agent-106:143161:144138 [2] NCCL INFO Using network IB
paraai-n32-h-01-agent-106:143162:144136 [3] NCCL INFO Setting affinity for GPU 3 to ffffffff,00000000,00000000
paraai-n32-h-01-agent-106:143160:144135 [1] NCCL INFO Setting affinity for GPU 1 to ffffffff
paraai-n32-h-01-agent-106:143159:144137 [0] NCCL INFO Setting affinity for GPU 0 to ffffffff
paraai-n32-h-01-agent-106:143161:144138 [2] NCCL INFO Setting affinity for GPU 2 to ffffffff,00000000,00000000
paraai-n32-h-01-agent-106:143162:144136 [3] NCCL INFO NCCL_MAX_NCHANNELS set by environment to 16.
paraai-n32-h-01-agent-106:143162:144136 [3] NCCL INFO NCCL_MIN_NCHANNELS set by environment to 16.
paraai-n32-h-01-agent-106:143162:144136 [3] NCCL INFO Trees [0] -1/-1/-1->7->6 [1] 4/-1/-1->7->6 [2] -1/-1/-1->7->6 [3] 4/10/-1->7->6 [4] -1/-1/-1->7->6 [5] 4/-1/-1->7->6 [6] -1/-1/-1->7->6 [7] 4/10/-1->7->6 [8] -1/-1/-1->7->6 [9] 4/-1/-1->7->6 [10] -1/-1/-1->7->6 [11] 4/10/-1->7->6 [12] -1/-1/-1->7->6 [13] 4/-1/-1->7->6 [14] -1/-1/-1->7->6 [15] 4/10/-1->7->6
paraai-n32-h-01-agent-106:143161:144138 [2] NCCL INFO NCCL_MAX_NCHANNELS set by environment to 16.
paraai-n32-h-01-agent-106:143161:144138 [2] NCCL INFO NCCL_MIN_NCHANNELS set by environment to 16.
paraai-n32-h-01-agent-106:143160:144135 [1] NCCL INFO NCCL_MAX_NCHANNELS set by environment to 16.
paraai-n32-h-01-agent-106:143159:144137 [0] NCCL INFO NCCL_MAX_NCHANNELS set by environment to 16.
paraai-n32-h-01-agent-106:143160:144135 [1] NCCL INFO NCCL_MIN_NCHANNELS set by environment to 16.
paraai-n32-h-01-agent-106:143159:144137 [0] NCCL INFO NCCL_MIN_NCHANNELS set by environment to 16.
paraai-n32-h-01-agent-106:143161:144138 [2] NCCL INFO Trees [0] 7/-1/-1->6->5 [1] 7/-1/-1->6->11 [2] 7/-1/-1->6->5 [3] 7/2/-1->6->14 [4] 7/-1/-1->6->5 [5] 7/-1/-1->6->11 [6] 7/-1/-1->6->5 [7] 7/2/-1->6->14 [8] 7/-1/-1->6->5 [9] 7/-1/-1->6->11 [10] 7/-1/-1->6->5 [11] 7/2/-1->6->14 [12] 7/-1/-1->6->5 [13] 7/-1/-1->6->11 [14] 7/-1/-1->6->5 [15] 7/2/-1->6->14
paraai-n32-h-01-agent-106:143159:144137 [0] NCCL INFO Trees [0] 5/-1/-1->4->9 [1] 5/-1/-1->4->7 [2] 5/0/-1->4->12 [3] 5/-1/-1->4->7 [4] 5/-1/-1->4->9 [5] 5/-1/-1->4->7 [6] 5/0/-1->4->12 [7] 5/-1/-1->4->7 [8] 5/-1/-1->4->9 [9] 5/-1/-1->4->7 [10] 5/0/-1->4->12 [11] 5/-1/-1->4->7 [12] 5/-1/-1->4->9 [13] 5/-1/-1->4->7 [14] 5/0/-1->4->12 [15] 5/-1/-1->4->7
paraai-n32-h-01-agent-106:143160:144135 [1] NCCL INFO Trees [0] 6/-1/-1->5->4 [1] -1/-1/-1->5->4 [2] 6/8/-1->5->4 [3] -1/-1/-1->5->4 [4] 6/-1/-1->5->4 [5] -1/-1/-1->5->4 [6] 6/8/-1->5->4 [7] -1/-1/-1->5->4 [8] 6/-1/-1->5->4 [9] -1/-1/-1->5->4 [10] 6/8/-1->5->4 [11] -1/-1/-1->5->4 [12] 6/-1/-1->5->4 [13] -1/-1/-1->5->4 [14] 6/8/-1->5->4 [15] -1/-1/-1->5->4
paraai-n32-h-01-agent-106:143159:144137 [0] NCCL INFO Channel 00/0 : 3[82000] -> 4[1000] [receive] via NET/IB/0
paraai-n32-h-01-agent-106:143160:144135 [1] NCCL INFO Channel 00 : 5[2000] -> 6[81000] via SHM/direct/direct
paraai-n32-h-01-agent-106:143160:144135 [1] NCCL INFO Channel 02 : 5[2000] -> 6[81000] via SHM/direct/direct
paraai-n32-h-01-agent-106:143160:144135 [1] NCCL INFO Channel 04 : 5[2000] -> 6[81000] via SHM/direct/direct
paraai-n32-h-01-agent-106:143161:144138 [2] NCCL INFO Channel 00 : 6[81000] -> 7[82000] via SHM/direct/direct
paraai-n32-h-01-agent-106:143160:144135 [1] NCCL INFO Channel 06 : 5[2000] -> 6[81000] via SHM/direct/direct
paraai-n32-h-01-agent-106:143161:144138 [2] NCCL INFO Channel 01 : 6[81000] -> 7[82000] via SHM/direct/direct
paraai-n32-h-01-agent-106:143160:144135 [1] NCCL INFO Channel 08 : 5[2000] -> 6[81000] via SHM/direct/direct
paraai-n32-h-01-agent-106:143161:144138 [2] NCCL INFO Channel 02 : 6[81000] -> 7[82000] via SHM/direct/direct
paraai-n32-h-01-agent-106:143160:144135 [1] NCCL INFO Channel 10 : 5[2000] -> 6[81000] via SHM/direct/direct
paraai-n32-h-01-agent-106:143161:144138 [2] NCCL INFO Channel 03 : 6[81000] -> 7[82000] via SHM/direct/direct
paraai-n32-h-01-agent-106:143160:144135 [1] NCCL INFO Channel 12 : 5[2000] -> 6[81000] via SHM/direct/direct
paraai-n32-h-01-agent-106:143161:144138 [2] NCCL INFO Channel 04 : 6[81000] -> 7[82000] via SHM/direct/direct
paraai-n32-h-01-agent-106:143160:144135 [1] NCCL INFO Channel 14 : 5[2000] -> 6[81000] via SHM/direct/direct
paraai-n32-h-01-agent-106:143161:144138 [2] NCCL INFO Channel 05 : 6[81000] -> 7[82000] via SHM/direct/direct
paraai-n32-h-01-agent-106:143161:144138 [2] NCCL INFO Channel 06 : 6[81000] -> 7[82000] via SHM/direct/direct
paraai-n32-h-01-agent-106:143161:144138 [2] NCCL INFO Channel 07 : 6[81000] -> 7[82000] via SHM/direct/direct
paraai-n32-h-01-agent-106:143161:144138 [2] NCCL INFO Channel 08 : 6[81000] -> 7[82000] via SHM/direct/direct
paraai-n32-h-01-agent-106:143161:144138 [2] NCCL INFO Channel 09 : 6[81000] -> 7[82000] via SHM/direct/direct
paraai-n32-h-01-agent-106:143161:144138 [2] NCCL INFO Channel 10 : 6[81000] -> 7[82000] via SHM/direct/direct
paraai-n32-h-01-agent-106:143161:144138 [2] NCCL INFO Channel 11 : 6[81000] -> 7[82000] via SHM/direct/direct
paraai-n32-h-01-agent-106:143161:144138 [2] NCCL INFO Channel 12 : 6[81000] -> 7[82000] via SHM/direct/direct
paraai-n32-h-01-agent-106:143161:144138 [2] NCCL INFO Channel 13 : 6[81000] -> 7[82000] via SHM/direct/direct
paraai-n32-h-01-agent-106:143161:144138 [2] NCCL INFO Channel 14 : 6[81000] -> 7[82000] via SHM/direct/direct
paraai-n32-h-01-agent-106:143161:144138 [2] NCCL INFO Channel 15 : 6[81000] -> 7[82000] via SHM/direct/direct
paraai-n32-h-01-agent-106:143162:144136 [3] NCCL INFO Channel 00/0 : 7[82000] -> 8[1000] [send] via NET/IB/1
paraai-n32-h-01-agent-106:143159:144137 [0] NCCL INFO Channel 02/0 : 3[82000] -> 4[1000] [receive] via NET/IB/0
paraai-n32-h-01-agent-106:143162:144136 [3] NCCL INFO Channel 02/0 : 7[82000] -> 8[1000] [send] via NET/IB/1
paraai-n32-h-01-agent-106:143159:144137 [0] NCCL INFO Channel 04/0 : 3[82000] -> 4[1000] [receive] via NET/IB/0
paraai-n32-h-01-agent-106:143162:144136 [3] NCCL INFO Channel 04/0 : 7[82000] -> 8[1000] [send] via NET/IB/1
paraai-n32-h-01-agent-106:143159:144137 [0] NCCL INFO Channel 06/0 : 3[82000] -> 4[1000] [receive] via NET/IB/0
paraai-n32-h-01-agent-106:143162:144136 [3] NCCL INFO Channel 06/0 : 7[82000] -> 8[1000] [send] via NET/IB/1
paraai-n32-h-01-agent-106:143162:144136 [3] NCCL INFO Channel 08/0 : 7[82000] -> 8[1000] [send] via NET/IB/1
paraai-n32-h-01-agent-106:143162:144136 [3] NCCL INFO Channel 10/0 : 7[82000] -> 8[1000] [send] via NET/IB/1
paraai-n32-h-01-agent-106:143162:144136 [3] NCCL INFO Channel 12/0 : 7[82000] -> 8[1000] [send] via NET/IB/1
paraai-n32-h-01-agent-106:143159:144137 [0] NCCL INFO Channel 08/0 : 3[82000] -> 4[1000] [receive] via NET/IB/0
paraai-n32-h-01-agent-106:143162:144136 [3] NCCL INFO Channel 14/0 : 7[82000] -> 8[1000] [send] via NET/IB/1
paraai-n32-h-01-agent-106:143159:144137 [0] NCCL INFO Channel 10/0 : 3[82000] -> 4[1000] [receive] via NET/IB/0
paraai-n32-h-01-agent-106:143161:144138 [2] NCCL INFO Channel 01/0 : 0[1000] -> 6[81000] [receive] via NET/IB/1
paraai-n32-h-01-agent-106:143159:144137 [0] NCCL INFO Channel 12/0 : 3[82000] -> 4[1000] [receive] via NET/IB/0
paraai-n32-h-01-agent-106:143161:144138 [2] NCCL INFO Channel 03/0 : 0[1000] -> 6[81000] [receive] via NET/IB/1
paraai-n32-h-01-agent-106:143159:144137 [0] NCCL INFO Channel 14/0 : 3[82000] -> 4[1000] [receive] via NET/IB/0
paraai-n32-h-01-agent-106:143159:144137 [0] NCCL INFO Channel 00 : 4[1000] -> 5[2000] via SHM/direct/direct
paraai-n32-h-01-agent-106:143159:144137 [0] NCCL INFO Channel 02 : 4[1000] -> 5[2000] via SHM/direct/direct
paraai-n32-h-01-agent-106:143159:144137 [0] NCCL INFO Channel 04 : 4[1000] -> 5[2000] via SHM/direct/direct
paraai-n32-h-01-agent-106:143159:144137 [0] NCCL INFO Channel 06 : 4[1000] -> 5[2000] via SHM/direct/direct
paraai-n32-h-01-agent-106:143159:144137 [0] NCCL INFO Channel 08 : 4[1000] -> 5[2000] via SHM/direct/direct
paraai-n32-h-01-agent-106:143159:144137 [0] NCCL INFO Channel 10 : 4[1000] -> 5[2000] via SHM/direct/direct
paraai-n32-h-01-agent-106:143159:144137 [0] NCCL INFO Channel 12 : 4[1000] -> 5[2000] via SHM/direct/direct
paraai-n32-h-01-agent-106:143159:144137 [0] NCCL INFO Channel 14 : 4[1000] -> 5[2000] via SHM/direct/direct
paraai-n32-h-01-agent-106:143162:144149 [3] NCCL INFO NCCL_IB_GID_INDEX set by environment to 3.
paraai-n32-h-01-agent-106:143161:144138 [2] NCCL INFO Channel 05/0 : 0[1000] -> 6[81000] [receive] via NET/IB/1
paraai-n32-h-01-agent-106:143161:144138 [2] NCCL INFO Channel 07/0 : 0[1000] -> 6[81000] [receive] via NET/IB/1
paraai-n32-h-01-agent-106:143159:144151 [0] NCCL INFO NCCL_IB_GID_INDEX set by environment to 3.
paraai-n32-h-01-agent-106:143162:144136 [3] NCCL INFO Channel 01 : 7[82000] -> 5[2000] via SHM/direct/direct
paraai-n32-h-01-agent-106:143162:144136 [3] NCCL INFO Channel 03 : 7[82000] -> 5[2000] via SHM/direct/direct
paraai-n32-h-01-agent-106:143162:144136 [3] NCCL INFO Channel 05 : 7[82000] -> 5[2000] via SHM/direct/direct
paraai-n32-h-01-agent-106:143162:144136 [3] NCCL INFO Channel 07 : 7[82000] -> 5[2000] via SHM/direct/direct
paraai-n32-h-01-agent-106:143162:144136 [3] NCCL INFO Channel 09 : 7[82000] -> 5[2000] via SHM/direct/direct
paraai-n32-h-01-agent-106:143162:144136 [3] NCCL INFO Channel 11 : 7[82000] -> 5[2000] via SHM/direct/direct
paraai-n32-h-01-agent-106:143162:144136 [3] NCCL INFO Channel 13 : 7[82000] -> 5[2000] via SHM/direct/direct
paraai-n32-h-01-agent-106:143162:144136 [3] NCCL INFO Channel 15 : 7[82000] -> 5[2000] via SHM/direct/direct
paraai-n32-h-01-agent-106:143160:144135 [1] NCCL INFO Channel 01 : 5[2000] -> 4[1000] via SHM/direct/direct
paraai-n32-h-01-agent-106:143160:144135 [1] NCCL INFO Channel 03 : 5[2000] -> 4[1000] via SHM/direct/direct
paraai-n32-h-01-agent-106:143160:144135 [1] NCCL INFO Channel 05 : 5[2000] -> 4[1000] via SHM/direct/direct
paraai-n32-h-01-agent-106:143160:144135 [1] NCCL INFO Channel 07 : 5[2000] -> 4[1000] via SHM/direct/direct
paraai-n32-h-01-agent-106:143160:144135 [1] NCCL INFO Channel 09 : 5[2000] -> 4[1000] via SHM/direct/direct
paraai-n32-h-01-agent-106:143160:144135 [1] NCCL INFO Channel 11 : 5[2000] -> 4[1000] via SHM/direct/direct
paraai-n32-h-01-agent-106:143160:144135 [1] NCCL INFO Channel 13 : 5[2000] -> 4[1000] via SHM/direct/direct
paraai-n32-h-01-agent-106:143160:144135 [1] NCCL INFO Channel 15 : 5[2000] -> 4[1000] via SHM/direct/direct
paraai-n32-h-01-agent-106:143162:144136 [3] NCCL INFO Connected all rings
paraai-n32-h-01-agent-106:143162:144136 [3] NCCL INFO Channel 03/0 : 7[82000] -> 10[81000] [send] via NET/IB/1
paraai-n32-h-01-agent-106:143162:144136 [3] NCCL INFO Channel 07/0 : 7[82000] -> 10[81000] [send] via NET/IB/1
paraai-n32-h-01-agent-106:143159:144137 [0] NCCL INFO Channel 01/0 : 4[1000] -> 10[81000] [send] via NET/IB/0
paraai-n32-h-01-agent-106:143162:144136 [3] NCCL INFO Channel 11/0 : 7[82000] -> 10[81000] [send] via NET/IB/1
paraai-n32-h-01-agent-106:143161:144138 [2] NCCL INFO Channel 09/0 : 0[1000] -> 6[81000] [receive] via NET/IB/1
paraai-n32-h-01-agent-106:143159:144137 [0] NCCL INFO Channel 03/0 : 4[1000] -> 10[81000] [send] via NET/IB/0
paraai-n32-h-01-agent-106:143162:144136 [3] NCCL INFO Channel 15/0 : 7[82000] -> 10[81000] [send] via NET/IB/1
paraai-n32-h-01-agent-106:143161:144138 [2] NCCL INFO Channel 11/0 : 0[1000] -> 6[81000] [receive] via NET/IB/1
paraai-n32-h-01-agent-106:143159:144137 [0] NCCL INFO Channel 05/0 : 4[1000] -> 10[81000] [send] via NET/IB/0
paraai-n32-h-01-agent-106:143161:144138 [2] NCCL INFO Channel 13/0 : 0[1000] -> 6[81000] [receive] via NET/IB/1
paraai-n32-h-01-agent-106:143159:144137 [0] NCCL INFO Channel 07/0 : 4[1000] -> 10[81000] [send] via NET/IB/0
paraai-n32-h-01-agent-106:143161:144138 [2] NCCL INFO Channel 15/0 : 0[1000] -> 6[81000] [receive] via NET/IB/1
paraai-n32-h-01-agent-106:143161:144152 [2] NCCL INFO NCCL_IB_GID_INDEX set by environment to 3.
paraai-n32-h-01-agent-106:143159:144137 [0] NCCL INFO Channel 09/0 : 4[1000] -> 10[81000] [send] via NET/IB/0
paraai-n32-h-01-agent-106:143161:144138 [2] NCCL INFO Connected all rings
paraai-n32-h-01-agent-106:143161:144138 [2] NCCL INFO Channel 03/0 : 2[81000] -> 6[81000] [receive] via NET/IB/1
paraai-n32-h-01-agent-106:143159:144137 [0] NCCL INFO Channel 11/0 : 4[1000] -> 10[81000] [send] via NET/IB/0
paraai-n32-h-01-agent-106:143159:144137 [0] NCCL INFO Channel 13/0 : 4[1000] -> 10[81000] [send] via NET/IB/0
paraai-n32-h-01-agent-106:143161:144138 [2] NCCL INFO Channel 07/0 : 2[81000] -> 6[81000] [receive] via NET/IB/1
paraai-n32-h-01-agent-106:143159:144137 [0] NCCL INFO Channel 15/0 : 4[1000] -> 10[81000] [send] via NET/IB/0
paraai-n32-h-01-agent-106:143161:144138 [2] NCCL INFO Channel 11/0 : 2[81000] -> 6[81000] [receive] via NET/IB/1
paraai-n32-h-01-agent-106:143159:144137 [0] NCCL INFO Connected all rings
paraai-n32-h-01-agent-106:143159:144137 [0] NCCL INFO Channel 01 : 4[1000] -> 5[2000] via SHM/direct/direct
paraai-n32-h-01-agent-106:143159:144137 [0] NCCL INFO Channel 03 : 4[1000] -> 5[2000] via SHM/direct/direct
paraai-n32-h-01-agent-106:143159:144137 [0] NCCL INFO Channel 05 : 4[1000] -> 5[2000] via SHM/direct/direct
paraai-n32-h-01-agent-106:143159:144137 [0] NCCL INFO Channel 07 : 4[1000] -> 5[2000] via SHM/direct/direct
paraai-n32-h-01-agent-106:143159:144137 [0] NCCL INFO Channel 09 : 4[1000] -> 5[2000] via SHM/direct/direct
paraai-n32-h-01-agent-106:143159:144137 [0] NCCL INFO Channel 11 : 4[1000] -> 5[2000] via SHM/direct/direct
paraai-n32-h-01-agent-106:143159:144137 [0] NCCL INFO Channel 13 : 4[1000] -> 5[2000] via SHM/direct/direct
paraai-n32-h-01-agent-106:143159:144137 [0] NCCL INFO Channel 15 : 4[1000] -> 5[2000] via SHM/direct/direct
paraai-n32-h-01-agent-106:143160:144135 [1] NCCL INFO Connected all rings
paraai-n32-h-01-agent-106:143159:144137 [0] NCCL INFO Channel 01 : 4[1000] -> 7[82000] via SHM/direct/direct
paraai-n32-h-01-agent-106:143159:144137 [0] NCCL INFO Channel 03 : 4[1000] -> 7[82000] via SHM/direct/direct
paraai-n32-h-01-agent-106:143159:144137 [0] NCCL INFO Channel 05 : 4[1000] -> 7[82000] via SHM/direct/direct
paraai-n32-h-01-agent-106:143159:144137 [0] NCCL INFO Channel 07 : 4[1000] -> 7[82000] via SHM/direct/direct
paraai-n32-h-01-agent-106:143159:144137 [0] NCCL INFO Channel 09 : 4[1000] -> 7[82000] via SHM/direct/direct
paraai-n32-h-01-agent-106:143159:144137 [0] NCCL INFO Channel 11 : 4[1000] -> 7[82000] via SHM/direct/direct
paraai-n32-h-01-agent-106:143159:144137 [0] NCCL INFO Channel 13 : 4[1000] -> 7[82000] via SHM/direct/direct
paraai-n32-h-01-agent-106:143159:144137 [0] NCCL INFO Channel 15 : 4[1000] -> 7[82000] via SHM/direct/direct
paraai-n32-h-01-agent-106:143160:144135 [1] NCCL INFO Channel 02/0 : 5[2000] -> 8[1000] [send] via NET/IB/0
paraai-n32-h-01-agent-106:143161:144138 [2] NCCL INFO Channel 15/0 : 2[81000] -> 6[81000] [receive] via NET/IB/1
paraai-n32-h-01-agent-106:143159:144137 [0] NCCL INFO Channel 02/0 : 0[1000] -> 4[1000] [receive] via NET/IB/0
paraai-n32-h-01-agent-106:143160:144135 [1] NCCL INFO Channel 06/0 : 5[2000] -> 8[1000] [send] via NET/IB/0
paraai-n32-h-01-agent-106:143160:144135 [1] NCCL INFO Channel 10/0 : 5[2000] -> 8[1000] [send] via NET/IB/0
paraai-n32-h-01-agent-106:143159:144137 [0] NCCL INFO Channel 06/0 : 0[1000] -> 4[1000] [receive] via NET/IB/0
paraai-n32-h-01-agent-106:143160:144135 [1] NCCL INFO Channel 14/0 : 5[2000] -> 8[1000] [send] via NET/IB/0
paraai-n32-h-01-agent-106:143159:144137 [0] NCCL INFO Channel 10/0 : 0[1000] -> 4[1000] [receive] via NET/IB/0
paraai-n32-h-01-agent-106:143160:144150 [1] NCCL INFO NCCL_IB_GID_INDEX set by environment to 3.
paraai-n32-h-01-agent-106:143159:144137 [0] NCCL INFO Channel 14/0 : 0[1000] -> 4[1000] [receive] via NET/IB/0
paraai-n32-h-01-agent-106:143162:144136 [3] NCCL INFO Channel 03/0 : 10[81000] -> 7[82000] [receive] via NET/IB/1
paraai-n32-h-01-agent-106:143159:144137 [0] NCCL INFO Channel 00/0 : 4[1000] -> 9[2000] [send] via NET/IB/0
paraai-n32-h-01-agent-106:143160:144135 [1] NCCL INFO Channel 02/0 : 8[1000] -> 5[2000] [receive] via NET/IB/0
paraai-n32-h-01-agent-106:143161:144138 [2] NCCL INFO Channel 01/0 : 6[81000] -> 11[82000] [send] via NET/IB/1
paraai-n32-h-01-agent-106:143162:144136 [3] NCCL INFO Channel 07/0 : 10[81000] -> 7[82000] [receive] via NET/IB/1
paraai-n32-h-01-agent-106:143159:144137 [0] NCCL INFO Channel 04/0 : 4[1000] -> 9[2000] [send] via NET/IB/0
paraai-n32-h-01-agent-106:143160:144135 [1] NCCL INFO Channel 06/0 : 8[1000] -> 5[2000] [receive] via NET/IB/0
paraai-n32-h-01-agent-106:143161:144138 [2] NCCL INFO Channel 05/0 : 6[81000] -> 11[82000] [send] via NET/IB/1
paraai-n32-h-01-agent-106:143162:144136 [3] NCCL INFO Channel 11/0 : 10[81000] -> 7[82000] [receive] via NET/IB/1
paraai-n32-h-01-agent-106:143159:144137 [0] NCCL INFO Channel 08/0 : 4[1000] -> 9[2000] [send] via NET/IB/0
paraai-n32-h-01-agent-106:143160:144135 [1] NCCL INFO Channel 10/0 : 8[1000] -> 5[2000] [receive] via NET/IB/0
paraai-n32-h-01-agent-106:143161:144138 [2] NCCL INFO Channel 09/0 : 6[81000] -> 11[82000] [send] via NET/IB/1
paraai-n32-h-01-agent-106:143162:144136 [3] NCCL INFO Channel 15/0 : 10[81000] -> 7[82000] [receive] via NET/IB/1
paraai-n32-h-01-agent-106:143162:144136 [3] NCCL INFO Channel 01 : 7[82000] -> 4[1000] via SHM/direct/direct
paraai-n32-h-01-agent-106:143162:144136 [3] NCCL INFO Channel 03 : 7[82000] -> 4[1000] via SHM/direct/direct
paraai-n32-h-01-agent-106:143162:144136 [3] NCCL INFO Channel 05 : 7[82000] -> 4[1000] via SHM/direct/direct
paraai-n32-h-01-agent-106:143162:144136 [3] NCCL INFO Channel 07 : 7[82000] -> 4[1000] via SHM/direct/direct
paraai-n32-h-01-agent-106:143162:144136 [3] NCCL INFO Channel 09 : 7[82000] -> 4[1000] via SHM/direct/direct
paraai-n32-h-01-agent-106:143162:144136 [3] NCCL INFO Channel 11 : 7[82000] -> 4[1000] via SHM/direct/direct
paraai-n32-h-01-agent-106:143162:144136 [3] NCCL INFO Channel 13 : 7[82000] -> 4[1000] via SHM/direct/direct
paraai-n32-h-01-agent-106:143162:144136 [3] NCCL INFO Channel 15 : 7[82000] -> 4[1000] via SHM/direct/direct
paraai-n32-h-01-agent-106:143159:144137 [0] NCCL INFO Channel 12/0 : 4[1000] -> 9[2000] [send] via NET/IB/0
paraai-n32-h-01-agent-106:143160:144135 [1] NCCL INFO Channel 14/0 : 8[1000] -> 5[2000] [receive] via NET/IB/0
paraai-n32-h-01-agent-106:143161:144138 [2] NCCL INFO Channel 13/0 : 6[81000] -> 11[82000] [send] via NET/IB/1
paraai-n32-h-01-agent-106:143159:144137 [0] NCCL INFO Channel 02/0 : 12[1000] -> 4[1000] [receive] via NET/IB/0
paraai-n32-h-01-agent-106:143161:144138 [2] NCCL INFO Channel 03/0 : 14[81000] -> 6[81000] [receive] via NET/IB/1
paraai-n32-h-01-agent-106:143159:144137 [0] NCCL INFO Channel 06/0 : 12[1000] -> 4[1000] [receive] via NET/IB/0
paraai-n32-h-01-agent-106:143161:144138 [2] NCCL INFO Channel 07/0 : 14[81000] -> 6[81000] [receive] via NET/IB/1
paraai-n32-h-01-agent-106:143161:144138 [2] NCCL INFO Channel 11/0 : 14[81000] -> 6[81000] [receive] via NET/IB/1
paraai-n32-h-01-agent-106:143161:144138 [2] NCCL INFO Channel 15/0 : 14[81000] -> 6[81000] [receive] via NET/IB/1
paraai-n32-h-01-agent-106:143159:144137 [0] NCCL INFO Channel 10/0 : 12[1000] -> 4[1000] [receive] via NET/IB/0
paraai-n32-h-01-agent-106:143159:144137 [0] NCCL INFO Channel 14/0 : 12[1000] -> 4[1000] [receive] via NET/IB/0
paraai-n32-h-01-agent-106:143161:144138 [2] NCCL INFO Channel 03/0 : 6[81000] -> 14[81000] [send] via NET/IB/1
paraai-n32-h-01-agent-106:143159:144137 [0] NCCL INFO Channel 02/0 : 4[1000] -> 12[1000] [send] via NET/IB/0
paraai-n32-h-01-agent-106:143161:144138 [2] NCCL INFO Channel 07/0 : 6[81000] -> 14[81000] [send] via NET/IB/1
paraai-n32-h-01-agent-106:143159:144137 [0] NCCL INFO Channel 06/0 : 4[1000] -> 12[1000] [send] via NET/IB/0
paraai-n32-h-01-agent-106:143159:144137 [0] NCCL INFO Channel 10/0 : 4[1000] -> 12[1000] [send] via NET/IB/0
paraai-n32-h-01-agent-106:143159:144137 [0] NCCL INFO Channel 14/0 : 4[1000] -> 12[1000] [send] via NET/IB/0
paraai-n32-h-01-agent-106:143161:144138 [2] NCCL INFO Channel 11/0 : 6[81000] -> 14[81000] [send] via NET/IB/1
paraai-n32-h-01-agent-106:143161:144138 [2] NCCL INFO Channel 15/0 : 6[81000] -> 14[81000] [send] via NET/IB/1
paraai-n32-h-01-agent-106:143159:144137 [0] NCCL INFO Channel 00/0 : 9[2000] -> 4[1000] [receive] via NET/IB/0
paraai-n32-h-01-agent-106:143161:144138 [2] NCCL INFO Channel 01/0 : 11[82000] -> 6[81000] [receive] via NET/IB/1
paraai-n32-h-01-agent-106:143159:144137 [0] NCCL INFO Channel 04/0 : 9[2000] -> 4[1000] [receive] via NET/IB/0
paraai-n32-h-01-agent-106:143161:144138 [2] NCCL INFO Channel 05/0 : 11[82000] -> 6[81000] [receive] via NET/IB/1
paraai-n32-h-01-agent-106:143161:144138 [2] NCCL INFO Channel 09/0 : 11[82000] -> 6[81000] [receive] via NET/IB/1
paraai-n32-h-01-agent-106:143159:144137 [0] NCCL INFO Channel 08/0 : 9[2000] -> 4[1000] [receive] via NET/IB/0
paraai-n32-h-01-agent-106:143159:144137 [0] NCCL INFO Channel 12/0 : 9[2000] -> 4[1000] [receive] via NET/IB/0
paraai-n32-h-01-agent-106:143161:144138 [2] NCCL INFO Channel 13/0 : 11[82000] -> 6[81000] [receive] via NET/IB/1
paraai-n32-h-01-agent-106:143159:144137 [0] NCCL INFO Channel 02/0 : 4[1000] -> 0[1000] [send] via NET/IB/0
paraai-n32-h-01-agent-106:143161:144138 [2] NCCL INFO Channel 03/0 : 6[81000] -> 2[81000] [send] via NET/IB/1
paraai-n32-h-01-agent-106:143159:144137 [0] NCCL INFO Channel 06/0 : 4[1000] -> 0[1000] [send] via NET/IB/0
paraai-n32-h-01-agent-106:143161:144138 [2] NCCL INFO Channel 07/0 : 6[81000] -> 2[81000] [send] via NET/IB/1
paraai-n32-h-01-agent-106:143159:144137 [0] NCCL INFO Channel 10/0 : 4[1000] -> 0[1000] [send] via NET/IB/0
paraai-n32-h-01-agent-106:143161:144138 [2] NCCL INFO Channel 11/0 : 6[81000] -> 2[81000] [send] via NET/IB/1
paraai-n32-h-01-agent-106:143159:144137 [0] NCCL INFO Channel 14/0 : 4[1000] -> 0[1000] [send] via NET/IB/0
paraai-n32-h-01-agent-106:143161:144138 [2] NCCL INFO Channel 15/0 : 6[81000] -> 2[81000] [send] via NET/IB/1
paraai-n32-h-01-agent-106:143161:144138 [2] NCCL INFO Channel 00 : 6[81000] -> 5[2000] via SHM/direct/direct
paraai-n32-h-01-agent-106:143161:144138 [2] NCCL INFO Channel 02 : 6[81000] -> 5[2000] via SHM/direct/direct
paraai-n32-h-01-agent-106:143161:144138 [2] NCCL INFO Channel 04 : 6[81000] -> 5[2000] via SHM/direct/direct
paraai-n32-h-01-agent-106:143161:144138 [2] NCCL INFO Channel 06 : 6[81000] -> 5[2000] via SHM/direct/direct
paraai-n32-h-01-agent-106:143161:144138 [2] NCCL INFO Channel 08 : 6[81000] -> 5[2000] via SHM/direct/direct
paraai-n32-h-01-agent-106:143161:144138 [2] NCCL INFO Channel 10 : 6[81000] -> 5[2000] via SHM/direct/direct
paraai-n32-h-01-agent-106:143161:144138 [2] NCCL INFO Channel 12 : 6[81000] -> 5[2000] via SHM/direct/direct
paraai-n32-h-01-agent-106:143161:144138 [2] NCCL INFO Channel 14 : 6[81000] -> 5[2000] via SHM/direct/direct
paraai-n32-h-01-agent-106:143162:144136 [3] NCCL INFO Channel 00 : 7[82000] -> 6[81000] via SHM/direct/direct
paraai-n32-h-01-agent-106:143162:144136 [3] NCCL INFO Channel 01 : 7[82000] -> 6[81000] via SHM/direct/direct
paraai-n32-h-01-agent-106:143162:144136 [3] NCCL INFO Channel 02 : 7[82000] -> 6[81000] via SHM/direct/direct
paraai-n32-h-01-agent-106:143162:144136 [3] NCCL INFO Channel 03 : 7[82000] -> 6[81000] via SHM/direct/direct
paraai-n32-h-01-agent-106:143162:144136 [3] NCCL INFO Channel 04 : 7[82000] -> 6[81000] via SHM/direct/direct
paraai-n32-h-01-agent-106:143162:144136 [3] NCCL INFO Channel 05 : 7[82000] -> 6[81000] via SHM/direct/direct
paraai-n32-h-01-agent-106:143162:144136 [3] NCCL INFO Channel 06 : 7[82000] -> 6[81000] via SHM/direct/direct
paraai-n32-h-01-agent-106:143162:144136 [3] NCCL INFO Channel 07 : 7[82000] -> 6[81000] via SHM/direct/direct
paraai-n32-h-01-agent-106:143162:144136 [3] NCCL INFO Channel 08 : 7[82000] -> 6[81000] via SHM/direct/direct
paraai-n32-h-01-agent-106:143162:144136 [3] NCCL INFO Channel 09 : 7[82000] -> 6[81000] via SHM/direct/direct
paraai-n32-h-01-agent-106:143162:144136 [3] NCCL INFO Channel 10 : 7[82000] -> 6[81000] via SHM/direct/direct
paraai-n32-h-01-agent-106:143162:144136 [3] NCCL INFO Channel 11 : 7[82000] -> 6[81000] via SHM/direct/direct
paraai-n32-h-01-agent-106:143162:144136 [3] NCCL INFO Channel 12 : 7[82000] -> 6[81000] via SHM/direct/direct
paraai-n32-h-01-agent-106:143162:144136 [3] NCCL INFO Channel 13 : 7[82000] -> 6[81000] via SHM/direct/direct
paraai-n32-h-01-agent-106:143162:144136 [3] NCCL INFO Channel 14 : 7[82000] -> 6[81000] via SHM/direct/direct
paraai-n32-h-01-agent-106:143162:144136 [3] NCCL INFO Channel 15 : 7[82000] -> 6[81000] via SHM/direct/direct
paraai-n32-h-01-agent-106:143160:144135 [1] NCCL INFO Channel 00 : 5[2000] -> 4[1000] via SHM/direct/direct
paraai-n32-h-01-agent-106:143160:144135 [1] NCCL INFO Channel 02 : 5[2000] -> 4[1000] via SHM/direct/direct
paraai-n32-h-01-agent-106:143162:144136 [3] NCCL INFO Connected all trees
paraai-n32-h-01-agent-106:143162:144136 [3] NCCL INFO threadThresholds 8/8/64 | 128/8/64 | 512 | 512
paraai-n32-h-01-agent-106:143162:144136 [3] NCCL INFO 16 coll channels, 16 p2p channels, 2 p2p channels per peer
paraai-n32-h-01-agent-106:143160:144135 [1] NCCL INFO Channel 04 : 5[2000] -> 4[1000] via SHM/direct/direct
paraai-n32-h-01-agent-106:143160:144135 [1] NCCL INFO Channel 06 : 5[2000] -> 4[1000] via SHM/direct/direct
paraai-n32-h-01-agent-106:143160:144135 [1] NCCL INFO Channel 08 : 5[2000] -> 4[1000] via SHM/direct/direct
paraai-n32-h-01-agent-106:143160:144135 [1] NCCL INFO Channel 10 : 5[2000] -> 4[1000] via SHM/direct/direct
paraai-n32-h-01-agent-106:143160:144135 [1] NCCL INFO Channel 12 : 5[2000] -> 4[1000] via SHM/direct/direct
paraai-n32-h-01-agent-106:143160:144135 [1] NCCL INFO Channel 14 : 5[2000] -> 4[1000] via SHM/direct/direct
paraai-n32-h-01-agent-106:143159:144137 [0] NCCL INFO Connected all trees
paraai-n32-h-01-agent-106:143159:144137 [0] NCCL INFO threadThresholds 8/8/64 | 128/8/64 | 512 | 512
paraai-n32-h-01-agent-106:143159:144137 [0] NCCL INFO 16 coll channels, 16 p2p channels, 2 p2p channels per peer
paraai-n32-h-01-agent-106:143160:144135 [1] NCCL INFO Connected all trees
paraai-n32-h-01-agent-106:143160:144135 [1] NCCL INFO threadThresholds 8/8/64 | 128/8/64 | 512 | 512
paraai-n32-h-01-agent-106:143160:144135 [1] NCCL INFO 16 coll channels, 16 p2p channels, 2 p2p channels per peer
paraai-n32-h-01-agent-106:143161:144138 [2] NCCL INFO Connected all trees
paraai-n32-h-01-agent-106:143161:144138 [2] NCCL INFO threadThresholds 8/8/64 | 128/8/64 | 512 | 512
paraai-n32-h-01-agent-106:143161:144138 [2] NCCL INFO 16 coll channels, 16 p2p channels, 2 p2p channels per peer
paraai-n32-h-01-agent-106:143159:144137 [0] NCCL INFO comm 0x882085b0 rank 4 nranks 16 cudaDev 0 busId 1000 - Init COMPLETE
paraai-n32-h-01-agent-106:143161:144138 [2] NCCL INFO comm 0x22b11f80 rank 6 nranks 16 cudaDev 2 busId 81000 - Init COMPLETE
paraai-n32-h-01-agent-106:143162:144136 [3] NCCL INFO comm 0x21bb8a40 rank 7 nranks 16 cudaDev 3 busId 82000 - Init COMPLETE
paraai-n32-h-01-agent-106:143160:144135 [1] NCCL INFO comm 0x245c3240 rank 5 nranks 16 cudaDev 1 busId 2000 - Init COMPLETE
2023-07-04 16:36:04,045 - root - INFO - validating...
2023-07-04 16:36:04,045 - root - INFO - validating...
2023-07-04 16:36:04,045 - root - INFO - validating...
2023-07-04 16:36:04,045 - root - INFO - validating...
2023-07-04 16:49:18,160 - root - INFO - validating...
2023-07-04 16:49:18,160 - root - INFO - validating...
2023-07-04 16:49:18,161 - root - INFO - validating...
2023-07-04 16:49:18,161 - root - INFO - validating...
2023-07-04 17:02:28,936 - root - INFO - validating...
2023-07-04 17:02:28,936 - root - INFO - validating...
2023-07-04 17:02:28,936 - root - INFO - validating...
2023-07-04 17:02:28,936 - root - INFO - validating...
2023-07-04 17:15:40,238 - root - INFO - validating...
2023-07-04 17:15:40,238 - root - INFO - validating...
2023-07-04 17:15:40,239 - root - INFO - validating...
2023-07-04 17:15:40,239 - root - INFO - validating...
2023-07-04 17:28:53,455 - root - INFO - validating...
2023-07-04 17:28:53,455 - root - INFO - validating...
2023-07-04 17:28:53,455 - root - INFO - validating...
2023-07-04 17:28:53,457 - root - INFO - validating...
2023-07-04 17:42:02,481 - root - INFO - validating...
2023-07-04 17:42:02,481 - root - INFO - validating...
2023-07-04 17:42:02,480 - root - INFO - validating...
2023-07-04 17:42:02,482 - root - INFO - validating...
2023-07-04 17:55:17,619 - root - INFO - validating...
2023-07-04 17:55:17,619 - root - INFO - validating...
2023-07-04 17:55:17,619 - root - INFO - validating...
2023-07-04 17:55:17,620 - root - INFO - validating...
2023-07-04 18:08:31,755 - root - INFO - validating...
2023-07-04 18:08:31,757 - root - INFO - validating...
2023-07-04 18:08:31,757 - root - INFO - validating...
2023-07-04 18:08:31,758 - root - INFO - validating...
2023-07-04 18:21:48,790 - root - INFO - validating...
2023-07-04 18:21:48,790 - root - INFO - validating...
2023-07-04 18:21:48,790 - root - INFO - validating...
2023-07-04 18:21:48,790 - root - INFO - validating...
2023-07-04 18:35:02,493 - root - INFO - validating...
2023-07-04 18:35:02,493 - root - INFO - validating...
2023-07-04 18:35:02,494 - root - INFO - validating...
2023-07-04 18:35:02,496 - root - INFO - validating...
2023-07-04 18:48:17,718 - root - INFO - validating...
2023-07-04 18:48:17,718 - root - INFO - validating...
2023-07-04 18:48:17,720 - root - INFO - validating...
2023-07-04 18:48:17,720 - root - INFO - validating...
2023-07-04 19:01:33,750 - root - INFO - validating...
2023-07-04 19:01:33,750 - root - INFO - validating...
2023-07-04 19:01:33,750 - root - INFO - validating...
2023-07-04 19:01:33,752 - root - INFO - validating...
2023-07-04 19:14:44,322 - root - INFO - validating...
2023-07-04 19:14:44,323 - root - INFO - validating...
2023-07-04 19:14:44,324 - root - INFO - validating...
2023-07-04 19:14:44,324 - root - INFO - validating...
2023-07-04 19:27:56,523 - root - INFO - validating...
2023-07-04 19:27:56,523 - root - INFO - validating...
2023-07-04 19:27:56,524 - root - INFO - validating...
2023-07-04 19:27:56,525 - root - INFO - validating...
2023-07-04 19:41:06,950 - root - INFO - validating...
2023-07-04 19:41:06,950 - root - INFO - validating...
2023-07-04 19:41:06,951 - root - INFO - validating...
2023-07-04 19:41:06,953 - root - INFO - validating...
2023-07-04 19:54:21,294 - root - INFO - validating...
2023-07-04 19:54:21,294 - root - INFO - validating...
2023-07-04 19:54:21,295 - root - INFO - validating...
2023-07-04 19:54:21,297 - root - INFO - validating...
2023-07-04 20:07:38,316 - root - INFO - validating...
2023-07-04 20:07:38,317 - root - INFO - validating...
2023-07-04 20:07:38,319 - root - INFO - validating...
2023-07-04 20:07:38,319 - root - INFO - validating...
2023-07-04 20:20:51,393 - root - INFO - validating...
2023-07-04 20:20:51,393 - root - INFO - validating...
2023-07-04 20:20:51,393 - root - INFO - validating...
2023-07-04 20:20:51,395 - root - INFO - validating...
2023-07-04 20:34:00,860 - root - INFO - validating...
2023-07-04 20:34:00,861 - root - INFO - validating...
2023-07-04 20:34:00,862 - root - INFO - validating...
2023-07-04 20:34:00,863 - root - INFO - validating...
2023-07-04 20:47:14,350 - root - INFO - validating...
2023-07-04 20:47:14,351 - root - INFO - validating...
2023-07-04 20:47:14,353 - root - INFO - validating...
2023-07-04 20:47:14,353 - root - INFO - validating...
2023-07-04 21:00:21,980 - root - INFO - validating...
2023-07-04 21:00:21,980 - root - INFO - validating...
2023-07-04 21:00:21,980 - root - INFO - validating...
2023-07-04 21:00:21,982 - root - INFO - validating...
2023-07-04 21:13:33,371 - root - INFO - validating...
2023-07-04 21:13:33,372 - root - INFO - validating...
2023-07-04 21:13:33,372 - root - INFO - validating...
2023-07-04 21:13:33,375 - root - INFO - validating...
2023-07-04 21:26:45,065 - root - INFO - validating...
2023-07-04 21:26:45,066 - root - INFO - validating...
2023-07-04 21:26:45,066 - root - INFO - validating...
2023-07-04 21:26:45,068 - root - INFO - validating...
2023-07-04 21:40:01,635 - root - INFO - validating...
2023-07-04 21:40:01,635 - root - INFO - validating...
2023-07-04 21:40:01,637 - root - INFO - validating...
2023-07-04 21:40:01,638 - root - INFO - validating...
2023-07-04 21:53:15,851 - root - INFO - validating...
2023-07-04 21:53:15,851 - root - INFO - validating...
2023-07-04 21:53:15,853 - root - INFO - validating...
2023-07-04 21:53:15,854 - root - INFO - validating...
2023-07-04 22:06:28,631 - root - INFO - validating...
2023-07-04 22:06:28,631 - root - INFO - validating...
2023-07-04 22:06:28,633 - root - INFO - validating...
2023-07-04 22:06:28,634 - root - INFO - validating...
2023-07-04 22:19:41,794 - root - INFO - validating...
2023-07-04 22:19:41,793 - root - INFO - validating...
2023-07-04 22:19:41,794 - root - INFO - validating...
2023-07-04 22:19:41,797 - root - INFO - validating...
2023-07-04 22:32:59,349 - root - INFO - validating...
2023-07-04 22:32:59,349 - root - INFO - validating...
2023-07-04 22:32:59,350 - root - INFO - validating...
2023-07-04 22:32:59,352 - root - INFO - validating...
2023-07-04 22:46:11,744 - root - INFO - validating...
2023-07-04 22:46:11,745 - root - INFO - validating...
2023-07-04 22:46:11,747 - root - INFO - validating...
2023-07-04 22:46:11,747 - root - INFO - validating...
2023-07-04 22:59:28,061 - root - INFO - validating...
2023-07-04 22:59:28,063 - root - INFO - validating...
2023-07-04 22:59:28,063 - root - INFO - validating...
2023-07-04 22:59:28,064 - root - INFO - validating...
2023-07-04 23:12:51,242 - root - INFO - validating...
2023-07-04 23:12:51,242 - root - INFO - validating...
2023-07-04 23:12:51,245 - root - INFO - validating...
2023-07-04 23:12:51,245 - root - INFO - validating...
2023-07-04 23:26:01,692 - root - INFO - validating...
2023-07-04 23:26:01,693 - root - INFO - validating...
2023-07-04 23:26:01,693 - root - INFO - validating...
2023-07-04 23:26:01,693 - root - INFO - validating...
2023-07-04 23:39:16,468 - root - INFO - validating...
2023-07-04 23:39:16,469 - root - INFO - validating...
2023-07-04 23:39:16,469 - root - INFO - validating...
2023-07-04 23:39:16,471 - root - INFO - validating...
2023-07-04 23:52:27,708 - root - INFO - validating...
2023-07-04 23:52:27,708 - root - INFO - validating...
2023-07-04 23:52:27,708 - root - INFO - validating...
2023-07-04 23:52:27,708 - root - INFO - validating...
2023-07-05 00:05:39,468 - root - INFO - validating...
2023-07-05 00:05:39,468 - root - INFO - validating...
2023-07-05 00:05:39,468 - root - INFO - validating...
2023-07-05 00:05:39,468 - root - INFO - validating...
2023-07-05 00:18:52,370 - root - INFO - validating...
2023-07-05 00:18:52,370 - root - INFO - validating...
2023-07-05 00:18:52,370 - root - INFO - validating...
2023-07-05 00:18:52,371 - root - INFO - validating...
2023-07-05 00:32:05,215 - root - INFO - validating...
2023-07-05 00:32:05,215 - root - INFO - validating...
2023-07-05 00:32:05,216 - root - INFO - validating...
2023-07-05 00:32:05,218 - root - INFO - validating...
2023-07-05 00:45:14,121 - root - INFO - validating...
2023-07-05 00:45:14,121 - root - INFO - validating...
2023-07-05 00:45:14,122 - root - INFO - validating...
2023-07-05 00:45:14,124 - root - INFO - validating...
2023-07-05 00:58:29,593 - root - INFO - validating...
2023-07-05 00:58:29,593 - root - INFO - validating...
2023-07-05 00:58:29,596 - root - INFO - validating...
2023-07-05 00:58:29,595 - root - INFO - validating...
2023-07-05 01:11:39,040 - root - INFO - validating...
2023-07-05 01:11:39,040 - root - INFO - validating...
2023-07-05 01:11:39,040 - root - INFO - validating...
2023-07-05 01:11:39,040 - root - INFO - validating...
2023-07-05 01:24:49,012 - root - INFO - validating...
2023-07-05 01:24:49,012 - root - INFO - validating...
2023-07-05 01:24:49,014 - root - INFO - validating...
2023-07-05 01:24:49,014 - root - INFO - validating...
2023-07-05 01:38:02,897 - root - INFO - validating...
2023-07-05 01:38:02,897 - root - INFO - validating...
2023-07-05 01:38:02,898 - root - INFO - validating...
2023-07-05 01:38:02,899 - root - INFO - validating...
2023-07-05 01:51:14,415 - root - INFO - validating...
2023-07-05 01:51:14,415 - root - INFO - validating...
2023-07-05 01:51:14,415 - root - INFO - validating...
2023-07-05 01:51:14,419 - root - INFO - validating...
2023-07-05 02:04:24,827 - root - INFO - validating...
2023-07-05 02:04:24,828 - root - INFO - validating...
2023-07-05 02:04:24,829 - root - INFO - validating...
2023-07-05 02:04:24,830 - root - INFO - validating...
2023-07-05 02:17:38,298 - root - INFO - validating...
2023-07-05 02:17:38,298 - root - INFO - validating...
2023-07-05 02:17:38,299 - root - INFO - validating...
2023-07-05 02:17:38,300 - root - INFO - validating...
2023-07-05 02:30:50,991 - root - INFO - validating...
2023-07-05 02:30:50,991 - root - INFO - validating...
2023-07-05 02:30:50,991 - root - INFO - validating...
2023-07-05 02:30:50,994 - root - INFO - validating...
2023-07-05 02:44:04,243 - root - INFO - validating...
2023-07-05 02:44:04,243 - root - INFO - validating...
2023-07-05 02:44:04,245 - root - INFO - validating...
2023-07-05 02:44:04,245 - root - INFO - validating...
2023-07-05 02:57:15,184 - root - INFO - validating...
2023-07-05 02:57:15,184 - root - INFO - validating...
2023-07-05 02:57:15,184 - root - INFO - validating...
2023-07-05 02:57:15,186 - root - INFO - validating...
2023-07-05 03:10:26,675 - root - INFO - validating...
2023-07-05 03:10:26,675 - root - INFO - validating...
2023-07-05 03:10:26,679 - root - INFO - validating...
2023-07-05 03:10:26,678 - root - INFO - validating...
2023-07-05 03:23:40,833 - root - INFO - validating...
2023-07-05 03:23:40,833 - root - INFO - validating...
2023-07-05 03:23:40,833 - root - INFO - validating...
2023-07-05 03:23:40,834 - root - INFO - validating...
2023-07-05 03:36:50,435 - root - INFO - validating...
2023-07-05 03:36:50,435 - root - INFO - validating...
2023-07-05 03:36:50,435 - root - INFO - validating...
2023-07-05 03:36:50,435 - root - INFO - validating...
2023-07-05 03:50:03,237 - root - INFO - validating...
2023-07-05 03:50:03,239 - root - INFO - validating...
2023-07-05 03:50:03,238 - root - INFO - validating...
2023-07-05 03:50:03,239 - root - INFO - validating...
2023-07-05 04:03:18,876 - root - INFO - validating...
2023-07-05 04:03:18,876 - root - INFO - validating...
2023-07-05 04:03:18,876 - root - INFO - validating...
2023-07-05 04:03:18,877 - root - INFO - validating...
2023-07-05 04:16:35,378 - root - INFO - validating...
2023-07-05 04:16:35,377 - root - INFO - validating...
2023-07-05 04:16:35,379 - root - INFO - validating...
2023-07-05 04:16:35,380 - root - INFO - validating...
2023-07-05 04:29:48,384 - root - INFO - validating...
2023-07-05 04:29:48,384 - root - INFO - validating...
2023-07-05 04:29:48,385 - root - INFO - validating...
2023-07-05 04:29:48,385 - root - INFO - validating...
2023-07-05 04:43:01,942 - root - INFO - validating...
2023-07-05 04:43:01,944 - root - INFO - validating...
2023-07-05 04:43:01,944 - root - INFO - validating...
2023-07-05 04:43:01,945 - root - INFO - validating...
2023-07-05 04:56:15,842 - root - INFO - validating...
2023-07-05 04:56:15,843 - root - INFO - validating...
2023-07-05 04:56:15,843 - root - INFO - validating...
2023-07-05 04:56:15,845 - root - INFO - validating...
2023-07-05 05:09:33,070 - root - INFO - validating...
2023-07-05 05:09:33,071 - root - INFO - validating...
2023-07-05 05:09:33,070 - root - INFO - validating...
2023-07-05 05:09:33,071 - root - INFO - validating...
2023-07-05 05:22:49,996 - root - INFO - validating...
2023-07-05 05:22:49,996 - root - INFO - validating...
2023-07-05 05:22:49,996 - root - INFO - validating...
2023-07-05 05:22:49,998 - root - INFO - validating...
2023-07-05 05:35:58,000 - root - INFO - validating...
2023-07-05 05:35:58,000 - root - INFO - validating...
2023-07-05 05:35:58,002 - root - INFO - validating...
2023-07-05 05:35:58,002 - root - INFO - validating...
2023-07-05 05:49:03,489 - root - INFO - validating...
2023-07-05 05:49:03,489 - root - INFO - validating...
2023-07-05 05:49:03,490 - root - INFO - validating...
2023-07-05 05:49:03,490 - root - INFO - validating...
2023-07-05 06:02:17,334 - root - INFO - validating...
2023-07-05 06:02:17,335 - root - INFO - validating...
2023-07-05 06:02:17,337 - root - INFO - validating...
2023-07-05 06:02:17,338 - root - INFO - validating...
2023-07-05 06:15:27,246 - root - INFO - validating...
2023-07-05 06:15:27,248 - root - INFO - validating...
2023-07-05 06:15:27,249 - root - INFO - validating...
2023-07-05 06:15:27,249 - root - INFO - validating...
2023-07-05 06:28:41,070 - root - INFO - validating...
2023-07-05 06:28:41,070 - root - INFO - validating...
2023-07-05 06:28:41,070 - root - INFO - validating...
2023-07-05 06:28:41,071 - root - INFO - validating...
2023-07-05 06:41:52,896 - root - INFO - validating...
2023-07-05 06:41:52,897 - root - INFO - validating...
2023-07-05 06:41:52,899 - root - INFO - validating...
2023-07-05 06:41:52,899 - root - INFO - validating...
2023-07-05 06:55:05,237 - root - INFO - validating...
2023-07-05 06:55:05,237 - root - INFO - validating...
2023-07-05 06:55:05,237 - root - INFO - validating...
2023-07-05 06:55:05,238 - root - INFO - validating...
2023-07-05 07:08:19,956 - root - INFO - validating...
2023-07-05 07:08:19,956 - root - INFO - validating...
2023-07-05 07:08:19,958 - root - INFO - validating...
2023-07-05 07:08:19,958 - root - INFO - validating...
2023-07-05 07:21:33,477 - root - INFO - validating...
2023-07-05 07:21:33,478 - root - INFO - validating...
2023-07-05 07:21:33,479 - root - INFO - validating...
2023-07-05 07:21:33,480 - root - INFO - validating...
2023-07-05 07:34:47,971 - root - INFO - validating...
2023-07-05 07:34:47,971 - root - INFO - validating...
2023-07-05 07:34:47,973 - root - INFO - validating...
2023-07-05 07:34:47,973 - root - INFO - validating...
2023-07-05 07:48:03,830 - root - INFO - validating...
2023-07-05 07:48:03,830 - root - INFO - validating...
2023-07-05 07:48:03,832 - root - INFO - validating...
2023-07-05 07:48:03,832 - root - INFO - validating...
2023-07-05 08:01:11,012 - root - INFO - validating...
2023-07-05 08:01:11,013 - root - INFO - validating...
2023-07-05 08:01:11,014 - root - INFO - validating...
2023-07-05 08:01:11,015 - root - INFO - validating...
2023-07-05 08:14:22,451 - root - INFO - validating...
2023-07-05 08:14:22,452 - root - INFO - validating...
2023-07-05 08:14:22,453 - root - INFO - validating...
2023-07-05 08:14:22,453 - root - INFO - validating...
2023-07-05 08:27:33,439 - root - INFO - validating...
2023-07-05 08:27:33,441 - root - INFO - validating...
2023-07-05 08:27:33,442 - root - INFO - validating...
2023-07-05 08:27:33,442 - root - INFO - validating...
2023-07-05 08:40:47,016 - root - INFO - validating...
2023-07-05 08:40:47,016 - root - INFO - validating...
2023-07-05 08:40:47,018 - root - INFO - validating...
2023-07-05 08:40:47,019 - root - INFO - validating...
2023-07-05 08:54:06,699 - root - INFO - validating...
2023-07-05 08:54:06,699 - root - INFO - validating...
2023-07-05 08:54:06,700 - root - INFO - validating...
2023-07-05 08:54:06,702 - root - INFO - validating...
2023-07-05 09:07:19,703 - root - INFO - validating...
2023-07-05 09:07:19,702 - root - INFO - validating...
2023-07-05 09:07:19,703 - root - INFO - validating...
2023-07-05 09:07:19,704 - root - INFO - validating...
2023-07-05 09:20:31,076 - root - INFO - validating...
2023-07-05 09:20:31,077 - root - INFO - validating...
2023-07-05 09:20:31,078 - root - INFO - validating...
2023-07-05 09:20:31,079 - root - INFO - validating...
2023-07-05 09:33:44,463 - root - INFO - validating...
2023-07-05 09:33:44,463 - root - INFO - validating...
2023-07-05 09:33:44,466 - root - INFO - validating...
2023-07-05 09:33:44,467 - root - INFO - validating...
2023-07-05 09:46:50,109 - root - INFO - validating...
2023-07-05 09:46:50,109 - root - INFO - validating...
2023-07-05 09:46:50,110 - root - INFO - validating...
2023-07-05 09:46:50,110 - root - INFO - validating...
2023-07-05 10:00:05,363 - root - INFO - validating...
2023-07-05 10:00:05,363 - root - INFO - validating...
2023-07-05 10:00:05,365 - root - INFO - validating...
2023-07-05 10:00:05,366 - root - INFO - validating...
2023-07-05 10:13:21,272 - root - INFO - validating...
2023-07-05 10:13:21,272 - root - INFO - validating...
2023-07-05 10:13:21,273 - root - INFO - validating...
2023-07-05 10:13:21,273 - root - INFO - validating...
2023-07-05 10:26:22,529 - root - INFO - validating...
2023-07-05 10:26:22,529 - root - INFO - validating...
2023-07-05 10:26:22,529 - root - INFO - validating...
2023-07-05 10:26:22,530 - root - INFO - validating...
2023-07-05 10:39:31,888 - root - INFO - validating...
2023-07-05 10:39:31,888 - root - INFO - validating...
2023-07-05 10:39:31,888 - root - INFO - validating...
2023-07-05 10:39:31,890 - root - INFO - validating...
2023-07-05 10:52:42,059 - root - INFO - validating...
2023-07-05 10:52:42,059 - root - INFO - validating...
2023-07-05 10:52:42,062 - root - INFO - validating...
2023-07-05 10:52:42,062 - root - INFO - validating...
2023-07-05 11:05:55,868 - root - INFO - validating...
2023-07-05 11:05:55,868 - root - INFO - validating...
2023-07-05 11:05:55,869 - root - INFO - validating...
2023-07-05 11:05:55,870 - root - INFO - validating...
2023-07-05 11:19:06,815 - root - INFO - validating...
2023-07-05 11:19:06,815 - root - INFO - validating...
2023-07-05 11:19:06,817 - root - INFO - validating...
2023-07-05 11:19:06,818 - root - INFO - validating...
2023-07-05 11:32:18,679 - root - INFO - validating...
2023-07-05 11:32:18,679 - root - INFO - validating...
2023-07-05 11:32:18,680 - root - INFO - validating...
2023-07-05 11:32:18,681 - root - INFO - validating...
2023-07-05 11:45:30,277 - root - INFO - validating...
2023-07-05 11:45:30,278 - root - INFO - validating...
2023-07-05 11:45:30,279 - root - INFO - validating...
2023-07-05 11:45:30,280 - root - INFO - validating...
2023-07-05 11:58:39,343 - root - INFO - validating...
2023-07-05 11:58:39,343 - root - INFO - validating...
2023-07-05 11:58:39,344 - root - INFO - validating...
2023-07-05 11:58:39,346 - root - INFO - validating...
2023-07-05 12:11:53,618 - root - INFO - validating...
2023-07-05 12:11:53,619 - root - INFO - validating...
2023-07-05 12:11:53,619 - root - INFO - validating...
2023-07-05 12:11:53,620 - root - INFO - validating...
2023-07-05 12:25:03,680 - root - INFO - validating...
2023-07-05 12:25:03,680 - root - INFO - validating...
2023-07-05 12:25:03,682 - root - INFO - validating...
2023-07-05 12:25:03,682 - root - INFO - validating...
2023-07-05 12:38:12,671 - root - INFO - validating...
2023-07-05 12:38:12,673 - root - INFO - validating...
2023-07-05 12:38:12,673 - root - INFO - validating...
2023-07-05 12:38:12,673 - root - INFO - validating...
2023-07-05 12:51:22,419 - root - INFO - validating...
2023-07-05 12:51:22,420 - root - INFO - validating...
2023-07-05 12:51:22,422 - root - INFO - validating...
2023-07-05 12:51:22,423 - root - INFO - validating...
2023-07-05 13:04:32,416 - root - INFO - validating...
2023-07-05 13:04:32,416 - root - INFO - validating...
2023-07-05 13:04:32,417 - root - INFO - validating...
2023-07-05 13:04:32,419 - root - INFO - validating...
2023-07-05 13:17:44,297 - root - INFO - validating...
2023-07-05 13:17:44,297 - root - INFO - validating...
2023-07-05 13:17:44,297 - root - INFO - validating...
2023-07-05 13:17:44,296 - root - INFO - validating...
2023-07-05 13:30:55,674 - root - INFO - validating...
2023-07-05 13:30:55,674 - root - INFO - validating...
2023-07-05 13:30:55,676 - root - INFO - validating...
2023-07-05 13:30:55,676 - root - INFO - validating...
2023-07-05 13:44:01,676 - root - INFO - validating...
2023-07-05 13:44:01,676 - root - INFO - validating...
2023-07-05 13:44:01,675 - root - INFO - validating...
2023-07-05 13:44:01,678 - root - INFO - validating...
2023-07-05 13:57:12,075 - root - INFO - validating...
2023-07-05 13:57:12,077 - root - INFO - validating...
2023-07-05 13:57:12,078 - root - INFO - validating...
2023-07-05 13:57:12,078 - root - INFO - validating...
2023-07-05 14:10:23,780 - root - INFO - validating...
2023-07-05 14:10:23,781 - root - INFO - validating...
2023-07-05 14:10:23,782 - root - INFO - validating...
2023-07-05 14:10:23,782 - root - INFO - validating...
2023-07-05 14:23:34,504 - root - INFO - validating...
2023-07-05 14:23:34,504 - root - INFO - validating...
2023-07-05 14:23:34,504 - root - INFO - validating...
2023-07-05 14:23:34,505 - root - INFO - validating...
2023-07-05 14:36:46,850 - root - INFO - validating...
2023-07-05 14:36:46,850 - root - INFO - validating...
2023-07-05 14:36:46,850 - root - INFO - validating...
2023-07-05 14:36:46,850 - root - INFO - validating...
2023-07-05 14:50:06,176 - root - INFO - validating...
2023-07-05 14:50:06,177 - root - INFO - validating...
2023-07-05 14:50:06,178 - root - INFO - validating...
2023-07-05 14:50:06,179 - root - INFO - validating...
2023-07-05 15:03:20,387 - root - INFO - validating...
2023-07-05 15:03:20,388 - root - INFO - validating...
2023-07-05 15:03:20,388 - root - INFO - validating...
2023-07-05 15:03:20,388 - root - INFO - validating...
2023-07-05 15:16:34,183 - root - INFO - validating...
2023-07-05 15:16:34,184 - root - INFO - validating...
2023-07-05 15:16:34,184 - root - INFO - validating...
2023-07-05 15:16:34,186 - root - INFO - validating...
2023-07-05 15:29:52,054 - root - INFO - validating...
2023-07-05 15:29:52,054 - root - INFO - validating...
2023-07-05 15:29:52,055 - root - INFO - validating...
2023-07-05 15:29:52,056 - root - INFO - validating...
2023-07-05 15:43:02,845 - root - INFO - validating...
2023-07-05 15:43:02,845 - root - INFO - validating...
2023-07-05 15:43:02,847 - root - INFO - validating...
2023-07-05 15:43:02,847 - root - INFO - validating...
2023-07-05 15:56:14,863 - root - INFO - validating...
2023-07-05 15:56:14,863 - root - INFO - validating...
2023-07-05 15:56:14,863 - root - INFO - validating...
2023-07-05 15:56:14,863 - root - INFO - validating...
2023-07-05 16:09:22,311 - root - INFO - validating...
2023-07-05 16:09:22,311 - root - INFO - validating...
2023-07-05 16:09:22,313 - root - INFO - validating...
2023-07-05 16:09:22,314 - root - INFO - validating...
2023-07-05 16:22:37,797 - root - INFO - validating...
2023-07-05 16:22:37,797 - root - INFO - validating...
2023-07-05 16:22:37,798 - root - INFO - validating...
2023-07-05 16:22:37,800 - root - INFO - validating...
2023-07-05 16:35:48,799 - root - INFO - validating...
2023-07-05 16:35:48,799 - root - INFO - validating...
2023-07-05 16:35:48,801 - root - INFO - validating...
2023-07-05 16:35:48,803 - root - INFO - validating...
2023-07-05 16:48:59,543 - root - INFO - validating...
2023-07-05 16:48:59,543 - root - INFO - validating...
2023-07-05 16:48:59,542 - root - INFO - validating...
2023-07-05 16:48:59,546 - root - INFO - validating...
2023-07-05 17:02:03,084 - root - INFO - validating...
2023-07-05 17:02:03,084 - root - INFO - validating...
2023-07-05 17:02:03,086 - root - INFO - validating...
2023-07-05 17:02:03,088 - root - INFO - validating...
2023-07-05 17:15:14,371 - root - INFO - validating...
2023-07-05 17:15:14,371 - root - INFO - validating...
2023-07-05 17:15:14,373 - root - INFO - validating...
2023-07-05 17:15:14,372 - root - INFO - validating...
2023-07-05 17:28:25,026 - root - INFO - validating...
2023-07-05 17:28:25,027 - root - INFO - validating...
2023-07-05 17:28:25,028 - root - INFO - validating...
2023-07-05 17:28:25,030 - root - INFO - validating...
2023-07-05 17:41:35,283 - root - INFO - validating...
2023-07-05 17:41:35,284 - root - INFO - validating...
2023-07-05 17:41:35,283 - root - INFO - validating...
2023-07-05 17:41:35,284 - root - INFO - validating...
2023-07-05 17:54:44,288 - root - INFO - validating...
2023-07-05 17:54:44,288 - root - INFO - validating...
2023-07-05 17:54:44,288 - root - INFO - validating...
2023-07-05 17:54:44,288 - root - INFO - validating...
2023-07-05 18:07:57,769 - root - INFO - validating...
2023-07-05 18:07:57,770 - root - INFO - validating...
2023-07-05 18:07:57,771 - root - INFO - validating...
2023-07-05 18:07:57,772 - root - INFO - validating...
2023-07-05 18:21:04,989 - root - INFO - validating...
2023-07-05 18:21:04,990 - root - INFO - validating...
2023-07-05 18:21:04,991 - root - INFO - validating...
2023-07-05 18:21:04,992 - root - INFO - validating...
2023-07-05 18:34:11,929 - root - INFO - validating...
2023-07-05 18:34:11,930 - root - INFO - validating...
2023-07-05 18:34:11,931 - root - INFO - validating...
2023-07-05 18:34:11,932 - root - INFO - validating...
2023-07-05 18:47:20,993 - root - INFO - validating...
2023-07-05 18:47:20,993 - root - INFO - validating...
2023-07-05 18:47:20,993 - root - INFO - validating...
2023-07-05 18:47:20,993 - root - INFO - validating...
2023-07-05 19:00:25,920 - root - INFO - validating...
2023-07-05 19:00:25,920 - root - INFO - validating...
2023-07-05 19:00:25,921 - root - INFO - validating...
2023-07-05 19:00:25,921 - root - INFO - validating...
2023-07-05 19:13:38,269 - root - INFO - validating...
2023-07-05 19:13:38,270 - root - INFO - validating...
2023-07-05 19:13:38,271 - root - INFO - validating...
2023-07-05 19:13:38,272 - root - INFO - validating...
2023-07-05 19:26:51,676 - root - INFO - validating...
2023-07-05 19:26:51,677 - root - INFO - validating...
2023-07-05 19:26:51,677 - root - INFO - validating...
2023-07-05 19:26:51,678 - root - INFO - validating...
2023-07-05 19:39:58,900 - root - INFO - validating...
2023-07-05 19:39:58,901 - root - INFO - validating...
2023-07-05 19:39:58,903 - root - INFO - validating...
2023-07-05 19:39:58,903 - root - INFO - validating...
2023-07-05 19:53:07,451 - root - INFO - validating...
2023-07-05 19:53:07,452 - root - INFO - validating...
2023-07-05 19:53:07,452 - root - INFO - validating...
2023-07-05 19:53:07,455 - root - INFO - validating...
2023-07-05 20:06:21,306 - root - INFO - validating...
2023-07-05 20:06:21,306 - root - INFO - validating...
2023-07-05 20:06:21,306 - root - INFO - validating...
2023-07-05 20:06:21,307 - root - INFO - validating...
2023-07-05 20:19:39,823 - root - INFO - validating...
2023-07-05 20:19:39,824 - root - INFO - validating...
2023-07-05 20:19:39,824 - root - INFO - validating...
2023-07-05 20:19:39,824 - root - INFO - validating...
2023-07-05 20:32:53,275 - root - INFO - validating...
2023-07-05 20:32:53,276 - root - INFO - validating...
2023-07-05 20:32:53,278 - root - INFO - validating...
2023-07-05 20:32:53,279 - root - INFO - validating...
2023-07-05 20:46:06,841 - root - INFO - validating...
2023-07-05 20:46:06,844 - root - INFO - validating...
2023-07-05 20:46:06,844 - root - INFO - validating...
2023-07-05 20:46:06,844 - root - INFO - validating...
2023-07-05 20:59:15,923 - root - INFO - validating...
2023-07-05 20:59:15,923 - root - INFO - validating...
2023-07-05 20:59:15,924 - root - INFO - validating...
2023-07-05 20:59:15,925 - root - INFO - validating...
2023-07-05 21:12:21,627 - root - INFO - validating...
2023-07-05 21:12:21,629 - root - INFO - validating...
2023-07-05 21:12:21,629 - root - INFO - validating...
2023-07-05 21:12:21,629 - root - INFO - validating...
2023-07-05 21:25:31,425 - root - INFO - validating...
2023-07-05 21:25:31,425 - root - INFO - validating...
2023-07-05 21:25:31,426 - root - INFO - validating...
2023-07-05 21:25:31,428 - root - INFO - validating...
2023-07-05 21:38:44,260 - root - INFO - validating...
2023-07-05 21:38:44,260 - root - INFO - validating...
2023-07-05 21:38:44,260 - root - INFO - validating...
2023-07-05 21:38:44,262 - root - INFO - validating...
2023-07-05 21:51:58,504 - root - INFO - validating...
2023-07-05 21:51:58,504 - root - INFO - validating...
2023-07-05 21:51:58,505 - root - INFO - validating...
2023-07-05 21:51:58,507 - root - INFO - validating...
2023-07-05 22:05:09,150 - root - INFO - validating...
2023-07-05 22:05:09,150 - root - INFO - validating...
2023-07-05 22:05:09,150 - root - INFO - validating...
2023-07-05 22:05:09,153 - root - INFO - validating...
2023-07-05 22:18:19,025 - root - INFO - validating...
2023-07-05 22:18:19,026 - root - INFO - validating...
2023-07-05 22:18:19,026 - root - INFO - validating...
2023-07-05 22:18:19,028 - root - INFO - validating...
2023-07-05 22:31:28,614 - root - INFO - validating...
2023-07-05 22:31:28,615 - root - INFO - validating...
2023-07-05 22:31:28,615 - root - INFO - validating...
2023-07-05 22:31:28,617 - root - INFO - validating...
2023-07-05 22:44:34,933 - root - INFO - validating...
2023-07-05 22:44:34,934 - root - INFO - validating...
2023-07-05 22:44:34,935 - root - INFO - validating...
2023-07-05 22:44:34,936 - root - INFO - validating...
2023-07-05 22:57:43,947 - root - INFO - validating...
2023-07-05 22:57:43,948 - root - INFO - validating...
2023-07-05 22:57:43,949 - root - INFO - validating...
2023-07-05 22:57:43,950 - root - INFO - validating...
2023-07-05 23:10:54,846 - root - INFO - validating...
2023-07-05 23:10:54,848 - root - INFO - validating...
2023-07-05 23:10:54,849 - root - INFO - validating...
2023-07-05 23:10:54,850 - root - INFO - validating...
2023-07-05 23:24:08,007 - root - INFO - validating...
2023-07-05 23:24:08,007 - root - INFO - validating...
2023-07-05 23:24:08,009 - root - INFO - validating...
2023-07-05 23:24:08,009 - root - INFO - validating...
2023-07-05 23:37:22,195 - root - INFO - validating...
2023-07-05 23:37:22,195 - root - INFO - validating...
2023-07-05 23:37:22,195 - root - INFO - validating...
2023-07-05 23:37:22,198 - root - INFO - validating...
2023-07-05 23:50:33,460 - root - INFO - validating...
2023-07-05 23:50:33,460 - root - INFO - validating...
2023-07-05 23:50:33,461 - root - INFO - validating...
2023-07-05 23:50:33,462 - root - INFO - validating...
2023-07-06 00:03:44,767 - root - INFO - validating...
2023-07-06 00:03:44,767 - root - INFO - validating...
2023-07-06 00:03:44,769 - root - INFO - validating...
2023-07-06 00:03:44,770 - root - INFO - validating...
2023-07-06 00:17:01,606 - root - INFO - validating...
2023-07-06 00:17:01,606 - root - INFO - validating...
2023-07-06 00:17:01,606 - root - INFO - validating...
2023-07-06 00:17:01,609 - root - INFO - validating...
2023-07-06 00:30:14,205 - root - INFO - validating...
2023-07-06 00:30:14,207 - root - INFO - validating...
2023-07-06 00:30:14,207 - root - INFO - validating...
2023-07-06 00:30:14,207 - root - INFO - validating...
2023-07-06 00:43:26,239 - root - INFO - validating...
2023-07-06 00:43:26,239 - root - INFO - validating...
2023-07-06 00:43:26,239 - root - INFO - validating...
2023-07-06 00:43:26,239 - root - INFO - validating...
2023-07-06 00:56:41,226 - root - INFO - validating...
2023-07-06 00:56:41,227 - root - INFO - validating...
2023-07-06 00:56:41,227 - root - INFO - validating...
2023-07-06 00:56:41,230 - root - INFO - validating...
2023-07-06 01:09:52,511 - root - INFO - validating...
2023-07-06 01:09:52,511 - root - INFO - validating...
2023-07-06 01:09:52,511 - root - INFO - validating...
2023-07-06 01:09:52,512 - root - INFO - validating...
2023-07-06 01:23:07,205 - root - INFO - validating...
2023-07-06 01:23:07,205 - root - INFO - validating...
2023-07-06 01:23:07,206 - root - INFO - validating...
2023-07-06 01:23:07,207 - root - INFO - validating...
2023-07-06 01:24:07,568 - root - INFO - Terminating training after reaching params.max_epochs while LR scheduler is set to CosineAnnealingLR
2023-07-06 01:24:07,568 - root - INFO - Terminating training after reaching params.max_epochs while LR scheduler is set to CosineAnnealingLR
2023-07-06 01:24:07,568 - root - INFO - Terminating training after reaching params.max_epochs while LR scheduler is set to CosineAnnealingLR
2023-07-06 01:24:07,568 - root - INFO - Terminating training after reaching params.max_epochs while LR scheduler is set to CosineAnnealingLR
paraai-n32-h-01-agent-106:143162:144149 [3] NCCL INFO [Service thread] Connection closed by localRank 3
paraai-n32-h-01-agent-106:143162:143162 [3] NCCL INFO comm 0x21bb8a40 rank 7 nranks 16 cudaDev 3 busId 82000 - Abort COMPLETE
paraai-n32-h-01-agent-106:143159:144151 [0] NCCL INFO [Service thread] Connection closed by localRank 0
paraai-n32-h-01-agent-106:143159:143159 [0] NCCL INFO comm 0x882085b0 rank 4 nranks 16 cudaDev 0 busId 1000 - Abort COMPLETE
paraai-n32-h-01-agent-106:143160:144150 [1] NCCL INFO [Service thread] Connection closed by localRank 1
paraai-n32-h-01-agent-106:143160:143160 [1] NCCL INFO comm 0x245c3240 rank 5 nranks 16 cudaDev 1 busId 2000 - Abort COMPLETE
paraai-n32-h-01-agent-106:143161:144152 [2] NCCL INFO [Service thread] Connection closed by localRank 2
paraai-n32-h-01-agent-106:143161:143161 [2] NCCL INFO comm 0x22b11f80 rank 6 nranks 16 cudaDev 2 busId 81000 - Abort COMPLETE
