master_addr is only used for static rdzv_backend and when rdzv_endpoint is not specified.
paraai-n32-h-01-agent-106
0
------------------ Configuration ------------------  /home/bingxing2/home/scx6115/Ocean_AI_model/config/Model_2.yaml
paraai-n32-h-01-agent-106
paraai-n32-h-01-agent-106
0
------------------ Configuration ------------------ 0 /home/bingxing2/home/scx6115/Ocean_AI_model/config/Model_2.yaml

------------------ Configuration ------------------  /home/bingxing2/home/scx6115/Ocean_AI_model/config/Model_2.yaml
paraai-n32-h-01-agent-106
0
------------------ Configuration ------------------  /home/bingxing2/home/scx6115/Ocean_AI_model/config/Model_2.yaml
nettype Masked_AE_Ocean
log_to_wandb True
lr 0.001
batch_size 32
max_epochs 150
scheduler CosineAnnealingLR
fusion_3d_2d False
in_channels [0, 1, 2, 3, 4, 5, 6, 7, 8, 9, 10, 11, 12, 13, 14, 15, 16, 17, 18, 19, 20, 21, 22, 23, 24, 25, 26, 27, 28, 29, 30, 31, 32, 33, 34, 35, 36, 37, 38, 39, 40, 41, 42, 43, 44, 45, 46, 47, 48, 49, 50, 51, 52, 53, 54, 55, 56, 57, 58, 59, 60, 61, 62, 63, 64, 65]
out_channels [0, 1, 2, 3, 4, 5, 6, 7, 8, 9, 10, 11, 12, 13, 14, 15, 16, 17, 18, 19, 20, 21, 22, 23, 24, 25, 26, 27, 28, 29, 30, 31, 32, 33, 34, 35, 36, 37, 38, 39, 40, 41, 42, 43, 44, 45, 46, 47, 48, 49, 50, 51, 52, 53, 54, 55, 56, 57, 58, 59, 60]
N_in_channels 66
N_out_channels 61
img_size_h 720
img_size_w 1440
patch_size_h 8
patch_size_w 8
mlp_ratio 4.0
embed_dim 1024
depth 12
num_heads 16
decoder_embed_dim 1024
decoder_depth 8
decoder_num_heads 16
koopman_depth 2
modes_h_ratio 1
modes_w_ratio 0.8
drop_rate 0.0
drop_path_rate 0.0
sparsity_threshold 0.01
hard_thresholding_fraction 1.0
num_blocks 8
loss l2
num_data_workers 0
dt 1
n_history 0
prediction_type iterative
prediction_length 41
n_initial_conditions 5
ics_type default
date_strings ['2018-09-14 00:00:00']
save_raw_forecasts True
save_channel False
masked_acc False
maskpath None
perturb False
add_grid False
N_grid_channels 0
gridtype sinusoidal
roll False
enable_nhwc False
optimizer_type FusedAdam
exp_dir ./exp_15_levels
patch_size 8
width 56
modes 32
target default
train_data_path /home/bingxing2/home/scx6115/Ocean_AI_model/sample_01/train
valid_data_path /home/bingxing2/home/scx6115/Ocean_AI_model/sample_01/valid
test_data_path /home/bingxing2/home/scx6115/Ocean_AI_model/sample_01/test
land_mask True
land_mask_path /home/bingxing2/home/scx6115/Ocean_AI_model/sample_01/land_mask.h5
normalize True
normalization zscore
global_mins_path /home/bingxing2/home/scx6115/Ocean_AI_model/sample_01/train/global_mins.npy
global_maxs_path /home/bingxing2/home/scx6115/Ocean_AI_model/sample_01/train/global_maxs.npy
global_means_path /home/bingxing2/home/scx6115/Ocean_AI_model/sample_01/train/global_means.npy
global_stds_path /home/bingxing2/home/scx6115/Ocean_AI_model/sample_01/train/global_stds.npy
orography True
orography_norm_zscore_path /home/bingxing2/home/scx6115/Ocean_AI_model/sample_01/orography_norm_zscore.h5
orography_norm_maxmin_path /home/bingxing2/home/scx6115/Ocean_AI_model/sample_01/orography_norm_maxmin.h5
add_noise False
noise_std 0
crop_size_x None
crop_size_y None
log_to_screen True
save_checkpoint True
plot_animations False
---------------------------------------------------
world_size : 16
Initialize distributed process group...
nettype Masked_AE_Ocean
log_to_wandb True
lr 0.001
batch_size 32
max_epochs 150
scheduler CosineAnnealingLR
fusion_3d_2d False
in_channels [0, 1, 2, 3, 4, 5, 6, 7, 8, 9, 10, 11, 12, 13, 14, 15, 16, 17, 18, 19, 20, 21, 22, 23, 24, 25, 26, 27, 28, 29, 30, 31, 32, 33, 34, 35, 36, 37, 38, 39, 40, 41, 42, 43, 44, 45, 46, 47, 48, 49, 50, 51, 52, 53, 54, 55, 56, 57, 58, 59, 60, 61, 62, 63, 64, 65]
out_channels [0, 1, 2, 3, 4, 5, 6, 7, 8, 9, 10, 11, 12, 13, 14, 15, 16, 17, 18, 19, 20, 21, 22, 23, 24, 25, 26, 27, 28, 29, 30, 31, 32, 33, 34, 35, 36, 37, 38, 39, 40, 41, 42, 43, 44, 45, 46, 47, 48, 49, 50, 51, 52, 53, 54, 55, 56, 57, 58, 59, 60]
N_in_channels 66
N_out_channels 61
img_size_h 720
img_size_w 1440
patch_size_h 8
patch_size_w 8
mlp_ratio 4.0
embed_dim 1024
depth 12
num_heads 16
decoder_embed_dim 1024
decoder_depth 8
decoder_num_heads 16
koopman_depth 2
modes_h_ratio 1
modes_w_ratio 0.8
drop_rate 0.0
drop_path_rate 0.0
sparsity_threshold 0.01
hard_thresholding_fraction 1.0
num_blocks 8
loss l2
num_data_workers 0
dt 1
n_history 0
prediction_type iterative
prediction_length 41
n_initial_conditions 5
ics_type default
date_strings ['2018-09-14 00:00:00']
save_raw_forecasts True
save_channel False
masked_acc False
maskpath None
perturb False
add_grid False
N_grid_channels 0
gridtype sinusoidal
roll False
enable_nhwc False
optimizer_type FusedAdam
exp_dir ./exp_15_levels
patch_size 8
width 56
modes 32
target default
train_data_path /home/bingxing2/home/scx6115/Ocean_AI_model/sample_01/train
valid_data_path /home/bingxing2/home/scx6115/Ocean_AI_model/sample_01/valid
test_data_path /home/bingxing2/home/scx6115/Ocean_AI_model/sample_01/test
land_mask True
land_mask_path /home/bingxing2/home/scx6115/Ocean_AI_model/sample_01/land_mask.h5
normalize True
normalization zscore
global_mins_path /home/bingxing2/home/scx6115/Ocean_AI_model/sample_01/train/global_mins.npy
global_maxs_path /home/bingxing2/home/scx6115/Ocean_AI_model/sample_01/train/global_maxs.npy
global_means_path /home/bingxing2/home/scx6115/Ocean_AI_model/sample_01/train/global_means.npy
global_stds_path /home/bingxing2/home/scx6115/Ocean_AI_model/sample_01/train/global_stds.npy
orography True
orography_norm_zscore_path /home/bingxing2/home/scx6115/Ocean_AI_model/sample_01/orography_norm_zscore.h5
orography_norm_maxmin_path /home/bingxing2/home/scx6115/Ocean_AI_model/sample_01/orography_norm_maxmin.h5
add_noise False
noise_std 0
crop_size_x None
crop_size_y None
log_to_screen True
save_checkpoint True
plot_animations False
---------------------------------------------------
world_size : 16
Initialize distributed process group...
nettype Masked_AE_Ocean
log_to_wandb True
lr 0.001
batch_size 32
max_epochs 150
scheduler CosineAnnealingLR
fusion_3d_2d False
in_channels [0, 1, 2, 3, 4, 5, 6, 7, 8, 9, 10, 11, 12, 13, 14, 15, 16, 17, 18, 19, 20, 21, 22, 23, 24, 25, 26, 27, 28, 29, 30, 31, 32, 33, 34, 35, 36, 37, 38, 39, 40, 41, 42, 43, 44, 45, 46, 47, 48, 49, 50, 51, 52, 53, 54, 55, 56, 57, 58, 59, 60, 61, 62, 63, 64, 65]
out_channels [0, 1, 2, 3, 4, 5, 6, 7, 8, 9, 10, 11, 12, 13, 14, 15, 16, 17, 18, 19, 20, 21, 22, 23, 24, 25, 26, 27, 28, 29, 30, 31, 32, 33, 34, 35, 36, 37, 38, 39, 40, 41, 42, 43, 44, 45, 46, 47, 48, 49, 50, 51, 52, 53, 54, 55, 56, 57, 58, 59, 60]
N_in_channels 66
N_out_channels 61
img_size_h 720
img_size_w 1440
patch_size_h 8
patch_size_w 8
mlp_ratio 4.0
embed_dim 1024
depth 12
num_heads 16
decoder_embed_dim 1024
decoder_depth 8
decoder_num_heads 16
koopman_depth 2
modes_h_ratio 1
modes_w_ratio 0.8
drop_rate 0.0
drop_path_rate 0.0
sparsity_threshold 0.01
hard_thresholding_fraction 1.0
num_blocks 8
loss l2
num_data_workers 0
dt 1
n_history 0
prediction_type iterative
prediction_length 41
n_initial_conditions 5
ics_type default
date_strings ['2018-09-14 00:00:00']
save_raw_forecasts True
save_channel False
masked_acc False
maskpath None
perturb False
add_grid False
N_grid_channels 0
gridtype sinusoidal
roll False
enable_nhwc False
optimizer_type FusedAdam
exp_dir ./exp_15_levels
patch_size 8
width 56
modes 32
target default
train_data_path /home/bingxing2/home/scx6115/Ocean_AI_model/sample_01/train
valid_data_path /home/bingxing2/home/scx6115/Ocean_AI_model/sample_01/valid
test_data_path /home/bingxing2/home/scx6115/Ocean_AI_model/sample_01/test
land_mask True
land_mask_path /home/bingxing2/home/scx6115/Ocean_AI_model/sample_01/land_mask.h5
normalize True
normalization zscore
global_mins_path /home/bingxing2/home/scx6115/Ocean_AI_model/sample_01/train/global_mins.npy
global_maxs_path /home/bingxing2/home/scx6115/Ocean_AI_model/sample_01/train/global_maxs.npy
global_means_path /home/bingxing2/home/scx6115/Ocean_AI_model/sample_01/train/global_means.npy
global_stds_path /home/bingxing2/home/scx6115/Ocean_AI_model/sample_01/train/global_stds.npy
orography True
orography_norm_zscore_path /home/bingxing2/home/scx6115/Ocean_AI_model/sample_01/orography_norm_zscore.h5
orography_norm_maxmin_path /home/bingxing2/home/scx6115/Ocean_AI_model/sample_01/orography_norm_maxmin.h5
add_noise False
noise_std 0
crop_size_x None
crop_size_y None
log_to_screen True
save_checkpoint True
plot_animations False
---------------------------------------------------
world_size : 16
Initialize distributed process group...
nettype Masked_AE_Ocean
log_to_wandb True
lr 0.001
batch_size 32
max_epochs 150
scheduler CosineAnnealingLR
fusion_3d_2d False
in_channels [0, 1, 2, 3, 4, 5, 6, 7, 8, 9, 10, 11, 12, 13, 14, 15, 16, 17, 18, 19, 20, 21, 22, 23, 24, 25, 26, 27, 28, 29, 30, 31, 32, 33, 34, 35, 36, 37, 38, 39, 40, 41, 42, 43, 44, 45, 46, 47, 48, 49, 50, 51, 52, 53, 54, 55, 56, 57, 58, 59, 60, 61, 62, 63, 64, 65]
out_channels [0, 1, 2, 3, 4, 5, 6, 7, 8, 9, 10, 11, 12, 13, 14, 15, 16, 17, 18, 19, 20, 21, 22, 23, 24, 25, 26, 27, 28, 29, 30, 31, 32, 33, 34, 35, 36, 37, 38, 39, 40, 41, 42, 43, 44, 45, 46, 47, 48, 49, 50, 51, 52, 53, 54, 55, 56, 57, 58, 59, 60]
N_in_channels 66
N_out_channels 61
img_size_h 720
img_size_w 1440
patch_size_h 8
patch_size_w 8
mlp_ratio 4.0
embed_dim 1024
depth 12
num_heads 16
decoder_embed_dim 1024
decoder_depth 8
decoder_num_heads 16
koopman_depth 2
modes_h_ratio 1
modes_w_ratio 0.8
drop_rate 0.0
drop_path_rate 0.0
sparsity_threshold 0.01
hard_thresholding_fraction 1.0
num_blocks 8
loss l2
num_data_workers 0
dt 1
n_history 0
prediction_type iterative
prediction_length 41
n_initial_conditions 5
ics_type default
date_strings ['2018-09-14 00:00:00']
save_raw_forecasts True
save_channel False
masked_acc False
maskpath None
perturb False
add_grid False
N_grid_channels 0
gridtype sinusoidal
roll False
enable_nhwc False
optimizer_type FusedAdam
exp_dir ./exp_15_levels
patch_size 8
width 56
modes 32
target default
train_data_path /home/bingxing2/home/scx6115/Ocean_AI_model/sample_01/train
valid_data_path /home/bingxing2/home/scx6115/Ocean_AI_model/sample_01/valid
test_data_path /home/bingxing2/home/scx6115/Ocean_AI_model/sample_01/test
land_mask True
land_mask_path /home/bingxing2/home/scx6115/Ocean_AI_model/sample_01/land_mask.h5
normalize True
normalization zscore
global_mins_path /home/bingxing2/home/scx6115/Ocean_AI_model/sample_01/train/global_mins.npy
global_maxs_path /home/bingxing2/home/scx6115/Ocean_AI_model/sample_01/train/global_maxs.npy
global_means_path /home/bingxing2/home/scx6115/Ocean_AI_model/sample_01/train/global_means.npy
global_stds_path /home/bingxing2/home/scx6115/Ocean_AI_model/sample_01/train/global_stds.npy
orography True
orography_norm_zscore_path /home/bingxing2/home/scx6115/Ocean_AI_model/sample_01/orography_norm_zscore.h5
orography_norm_maxmin_path /home/bingxing2/home/scx6115/Ocean_AI_model/sample_01/orography_norm_maxmin.h5
add_noise False
noise_std 0
crop_size_x None
crop_size_y None
log_to_screen True
save_checkpoint True
plot_animations False
---------------------------------------------------
world_size : 16
Initialize distributed process group...
2023-07-03 20:46:19,068 - torch.distributed.distributed_c10d - INFO - Added key: store_based_barrier_key:1 to store for rank: 7
2023-07-03 20:46:19,069 - torch.distributed.distributed_c10d - INFO - Added key: store_based_barrier_key:1 to store for rank: 6
2023-07-03 20:46:19,071 - torch.distributed.distributed_c10d - INFO - Added key: store_based_barrier_key:1 to store for rank: 5
2023-07-03 20:46:19,071 - torch.distributed.distributed_c10d - INFO - Added key: store_based_barrier_key:1 to store for rank: 4
2023-07-03 20:46:19,221 - torch.distributed.distributed_c10d - INFO - Rank 7: Completed store-based barrier for key:store_based_barrier_key:1 with 16 nodes.
2023-07-03 20:46:19,223 - torch.distributed.distributed_c10d - INFO - Rank 6: Completed store-based barrier for key:store_based_barrier_key:1 with 16 nodes.
2023-07-03 20:46:19,223 - torch.distributed.distributed_c10d - INFO - Rank 4: Completed store-based barrier for key:store_based_barrier_key:1 with 16 nodes.
2023-07-03 20:46:19,223 - torch.distributed.distributed_c10d - INFO - Rank 5: Completed store-based barrier for key:store_based_barrier_key:1 with 16 nodes.
2023-07-03 20:46:19,277 - root - INFO - device: cuda:3
2023-07-03 20:46:19,277 - root - INFO - rank 7, begin data loader init
2023-07-03 20:46:19,281 - root - INFO - Getting file stats from /home/bingxing2/home/scx6115/Ocean_AI_model/sample_01/train/2000.h5
2023-07-03 20:46:19,282 - root - INFO - Number of samples per year: 365
2023-07-03 20:46:19,283 - root - INFO - Found data at path /home/bingxing2/home/scx6115/Ocean_AI_model/sample_01/train. Number of examples: 4015. Image Shape: 720 x 1440 x 66
2023-07-03 20:46:19,283 - root - INFO - Delta t: 1 days
2023-07-03 20:46:19,283 - root - INFO - Including 0 days of past history in training at a frequency of 1 days
2023-07-03 20:46:19,285 - root - INFO - device: cuda:1
2023-07-03 20:46:19,285 - root - INFO - rank 5, begin data loader init
2023-07-03 20:46:19,287 - root - INFO - Getting file stats from /home/bingxing2/home/scx6115/Ocean_AI_model/sample_01/train/2000.h5
2023-07-03 20:46:19,288 - root - INFO - Number of samples per year: 365
2023-07-03 20:46:19,288 - root - INFO - Found data at path /home/bingxing2/home/scx6115/Ocean_AI_model/sample_01/train. Number of examples: 4015. Image Shape: 720 x 1440 x 66
2023-07-03 20:46:19,289 - root - INFO - Delta t: 1 days
2023-07-03 20:46:19,289 - root - INFO - Including 0 days of past history in training at a frequency of 1 days
2023-07-03 20:46:19,289 - root - INFO - device: cuda:2
2023-07-03 20:46:19,289 - root - INFO - rank 6, begin data loader init
2023-07-03 20:46:19,291 - root - INFO - Getting file stats from /home/bingxing2/home/scx6115/Ocean_AI_model/sample_01/train/2000.h5
2023-07-03 20:46:19,291 - root - INFO - device: cuda:0
2023-07-03 20:46:19,291 - root - INFO - rank 4, begin data loader init
2023-07-03 20:46:19,292 - root - INFO - Number of samples per year: 365
2023-07-03 20:46:19,292 - root - INFO - Found data at path /home/bingxing2/home/scx6115/Ocean_AI_model/sample_01/train. Number of examples: 4015. Image Shape: 720 x 1440 x 66
2023-07-03 20:46:19,292 - root - INFO - Delta t: 1 days
2023-07-03 20:46:19,292 - root - INFO - Including 0 days of past history in training at a frequency of 1 days
2023-07-03 20:46:19,295 - root - INFO - Getting file stats from /home/bingxing2/home/scx6115/Ocean_AI_model/sample_01/train/2000.h5
2023-07-03 20:46:19,296 - root - INFO - Number of samples per year: 365
2023-07-03 20:46:19,296 - root - INFO - Found data at path /home/bingxing2/home/scx6115/Ocean_AI_model/sample_01/train. Number of examples: 4015. Image Shape: 720 x 1440 x 66
2023-07-03 20:46:19,296 - root - INFO - Delta t: 1 days
2023-07-03 20:46:19,296 - root - INFO - Including 0 days of past history in training at a frequency of 1 days
2023-07-03 20:46:19,316 - root - INFO - Getting file stats from /home/bingxing2/home/scx6115/Ocean_AI_model/sample_01/valid/2011.h5
2023-07-03 20:46:19,316 - root - INFO - Getting file stats from /home/bingxing2/home/scx6115/Ocean_AI_model/sample_01/valid/2011.h5
2023-07-03 20:46:19,316 - root - INFO - Getting file stats from /home/bingxing2/home/scx6115/Ocean_AI_model/sample_01/valid/2011.h5
2023-07-03 20:46:19,316 - root - INFO - Getting file stats from /home/bingxing2/home/scx6115/Ocean_AI_model/sample_01/valid/2011.h5
2023-07-03 20:46:19,317 - root - INFO - Number of samples per year: 364
2023-07-03 20:46:19,317 - root - INFO - Number of samples per year: 364
2023-07-03 20:46:19,317 - root - INFO - Found data at path /home/bingxing2/home/scx6115/Ocean_AI_model/sample_01/valid. Number of examples: 364. Image Shape: 720 x 1440 x 66
2023-07-03 20:46:19,317 - root - INFO - Found data at path /home/bingxing2/home/scx6115/Ocean_AI_model/sample_01/valid. Number of examples: 364. Image Shape: 720 x 1440 x 66
2023-07-03 20:46:19,317 - root - INFO - Number of samples per year: 364
2023-07-03 20:46:19,317 - root - INFO - Number of samples per year: 364
2023-07-03 20:46:19,317 - root - INFO - Delta t: 1 days
2023-07-03 20:46:19,317 - root - INFO - Delta t: 1 days
2023-07-03 20:46:19,317 - root - INFO - Found data at path /home/bingxing2/home/scx6115/Ocean_AI_model/sample_01/valid. Number of examples: 364. Image Shape: 720 x 1440 x 66
2023-07-03 20:46:19,317 - root - INFO - Found data at path /home/bingxing2/home/scx6115/Ocean_AI_model/sample_01/valid. Number of examples: 364. Image Shape: 720 x 1440 x 66
2023-07-03 20:46:19,317 - root - INFO - Including 0 days of past history in training at a frequency of 1 days
2023-07-03 20:46:19,317 - root - INFO - Including 0 days of past history in training at a frequency of 1 days
2023-07-03 20:46:19,317 - root - INFO - Delta t: 1 days
2023-07-03 20:46:19,317 - root - INFO - Delta t: 1 days
2023-07-03 20:46:19,317 - root - INFO - Including 0 days of past history in training at a frequency of 1 days
2023-07-03 20:46:19,317 - root - INFO - Including 0 days of past history in training at a frequency of 1 days
2023-07-03 20:46:19,317 - root - INFO - rank 7, data loader initialized
2023-07-03 20:46:19,317 - root - INFO - rank 6, data loader initialized
2023-07-03 20:46:19,318 - root - INFO - rank 5, data loader initialized
2023-07-03 20:46:19,318 - root - INFO - rank 4, data loader initialized
paraai-n32-h-01-agent-106:160483:160483 [0] NCCL INFO cudaDriverVersion 11060
paraai-n32-h-01-agent-106:160486:160486 [3] NCCL INFO cudaDriverVersion 11060
paraai-n32-h-01-agent-106:160484:160484 [1] NCCL INFO cudaDriverVersion 11060
paraai-n32-h-01-agent-106:160485:160485 [2] NCCL INFO cudaDriverVersion 11060
paraai-n32-h-01-agent-106:160484:160484 [1] NCCL INFO Bootstrap : Using eth0:172.16.5.171<0>
paraai-n32-h-01-agent-106:160483:160483 [0] NCCL INFO Bootstrap : Using eth0:172.16.5.171<0>
paraai-n32-h-01-agent-106:160485:160485 [2] NCCL INFO Bootstrap : Using eth0:172.16.5.171<0>
paraai-n32-h-01-agent-106:160486:160486 [3] NCCL INFO Bootstrap : Using eth0:172.16.5.171<0>
paraai-n32-h-01-agent-106:160486:160486 [3] NCCL INFO NET/Plugin : No plugin found (libnccl-net.so), using internal implementation
paraai-n32-h-01-agent-106:160485:160485 [2] NCCL INFO NET/Plugin : No plugin found (libnccl-net.so), using internal implementation
paraai-n32-h-01-agent-106:160484:160484 [1] NCCL INFO NET/Plugin : No plugin found (libnccl-net.so), using internal implementation
paraai-n32-h-01-agent-106:160483:160483 [0] NCCL INFO NET/Plugin : No plugin found (libnccl-net.so), using internal implementation
paraai-n32-h-01-agent-106:160485:161291 [2] NCCL INFO NET/IB : Using [0]mlx5_0:1/RoCE [1]mlx5_2:1/RoCE [RO]; OOB eth0:172.16.5.171<0>
paraai-n32-h-01-agent-106:160485:161291 [2] NCCL INFO Using network IB
paraai-n32-h-01-agent-106:160486:161292 [3] NCCL INFO NET/IB : Using [0]mlx5_0:1/RoCE [1]mlx5_2:1/RoCE [RO]; OOB eth0:172.16.5.171<0>
paraai-n32-h-01-agent-106:160486:161292 [3] NCCL INFO Using network IB
paraai-n32-h-01-agent-106:160483:161290 [0] NCCL INFO NET/IB : Using [0]mlx5_0:1/RoCE [1]mlx5_2:1/RoCE [RO]; OOB eth0:172.16.5.171<0>
paraai-n32-h-01-agent-106:160483:161290 [0] NCCL INFO Using network IB
paraai-n32-h-01-agent-106:160484:161289 [1] NCCL INFO NET/IB : Using [0]mlx5_0:1/RoCE [1]mlx5_2:1/RoCE [RO]; OOB eth0:172.16.5.171<0>
paraai-n32-h-01-agent-106:160484:161289 [1] NCCL INFO Using network IB
paraai-n32-h-01-agent-106:160484:161289 [1] NCCL INFO Setting affinity for GPU 1 to ffffffff
paraai-n32-h-01-agent-106:160483:161290 [0] NCCL INFO Setting affinity for GPU 0 to ffffffff
paraai-n32-h-01-agent-106:160485:161291 [2] NCCL INFO Setting affinity for GPU 2 to ffffffff,00000000,00000000
paraai-n32-h-01-agent-106:160486:161292 [3] NCCL INFO Setting affinity for GPU 3 to ffffffff,00000000,00000000
paraai-n32-h-01-agent-106:160483:161290 [0] NCCL INFO NCCL_MAX_NCHANNELS set by environment to 16.
paraai-n32-h-01-agent-106:160483:161290 [0] NCCL INFO NCCL_MIN_NCHANNELS set by environment to 16.
paraai-n32-h-01-agent-106:160483:161290 [0] NCCL INFO Trees [0] 5/-1/-1->4->9 [1] 5/-1/-1->4->7 [2] 5/0/-1->4->12 [3] 5/-1/-1->4->7 [4] 5/-1/-1->4->9 [5] 5/-1/-1->4->7 [6] 5/0/-1->4->12 [7] 5/-1/-1->4->7 [8] 5/-1/-1->4->9 [9] 5/-1/-1->4->7 [10] 5/0/-1->4->12 [11] 5/-1/-1->4->7 [12] 5/-1/-1->4->9 [13] 5/-1/-1->4->7 [14] 5/0/-1->4->12 [15] 5/-1/-1->4->7
paraai-n32-h-01-agent-106:160484:161289 [1] NCCL INFO NCCL_MAX_NCHANNELS set by environment to 16.
paraai-n32-h-01-agent-106:160484:161289 [1] NCCL INFO NCCL_MIN_NCHANNELS set by environment to 16.
paraai-n32-h-01-agent-106:160484:161289 [1] NCCL INFO Trees [0] 6/-1/-1->5->4 [1] -1/-1/-1->5->4 [2] 6/8/-1->5->4 [3] -1/-1/-1->5->4 [4] 6/-1/-1->5->4 [5] -1/-1/-1->5->4 [6] 6/8/-1->5->4 [7] -1/-1/-1->5->4 [8] 6/-1/-1->5->4 [9] -1/-1/-1->5->4 [10] 6/8/-1->5->4 [11] -1/-1/-1->5->4 [12] 6/-1/-1->5->4 [13] -1/-1/-1->5->4 [14] 6/8/-1->5->4 [15] -1/-1/-1->5->4
paraai-n32-h-01-agent-106:160483:161290 [0] NCCL INFO Channel 00/0 : 3[82000] -> 4[1000] [receive] via NET/IB/0
paraai-n32-h-01-agent-106:160485:161291 [2] NCCL INFO NCCL_MAX_NCHANNELS set by environment to 16.
paraai-n32-h-01-agent-106:160485:161291 [2] NCCL INFO NCCL_MIN_NCHANNELS set by environment to 16.
paraai-n32-h-01-agent-106:160485:161291 [2] NCCL INFO Trees [0] 7/-1/-1->6->5 [1] 7/-1/-1->6->11 [2] 7/-1/-1->6->5 [3] 7/2/-1->6->14 [4] 7/-1/-1->6->5 [5] 7/-1/-1->6->11 [6] 7/-1/-1->6->5 [7] 7/2/-1->6->14 [8] 7/-1/-1->6->5 [9] 7/-1/-1->6->11 [10] 7/-1/-1->6->5 [11] 7/2/-1->6->14 [12] 7/-1/-1->6->5 [13] 7/-1/-1->6->11 [14] 7/-1/-1->6->5 [15] 7/2/-1->6->14
paraai-n32-h-01-agent-106:160486:161292 [3] NCCL INFO NCCL_MAX_NCHANNELS set by environment to 16.
paraai-n32-h-01-agent-106:160486:161292 [3] NCCL INFO NCCL_MIN_NCHANNELS set by environment to 16.
paraai-n32-h-01-agent-106:160486:161292 [3] NCCL INFO Trees [0] -1/-1/-1->7->6 [1] 4/-1/-1->7->6 [2] -1/-1/-1->7->6 [3] 4/10/-1->7->6 [4] -1/-1/-1->7->6 [5] 4/-1/-1->7->6 [6] -1/-1/-1->7->6 [7] 4/10/-1->7->6 [8] -1/-1/-1->7->6 [9] 4/-1/-1->7->6 [10] -1/-1/-1->7->6 [11] 4/10/-1->7->6 [12] -1/-1/-1->7->6 [13] 4/-1/-1->7->6 [14] -1/-1/-1->7->6 [15] 4/10/-1->7->6
paraai-n32-h-01-agent-106:160485:161291 [2] NCCL INFO Channel 00 : 6[81000] -> 7[82000] via SHM/direct/direct
paraai-n32-h-01-agent-106:160485:161291 [2] NCCL INFO Channel 01 : 6[81000] -> 7[82000] via SHM/direct/direct
paraai-n32-h-01-agent-106:160485:161291 [2] NCCL INFO Channel 02 : 6[81000] -> 7[82000] via SHM/direct/direct
paraai-n32-h-01-agent-106:160485:161291 [2] NCCL INFO Channel 03 : 6[81000] -> 7[82000] via SHM/direct/direct
paraai-n32-h-01-agent-106:160485:161291 [2] NCCL INFO Channel 04 : 6[81000] -> 7[82000] via SHM/direct/direct
paraai-n32-h-01-agent-106:160485:161291 [2] NCCL INFO Channel 05 : 6[81000] -> 7[82000] via SHM/direct/direct
paraai-n32-h-01-agent-106:160485:161291 [2] NCCL INFO Channel 06 : 6[81000] -> 7[82000] via SHM/direct/direct
paraai-n32-h-01-agent-106:160485:161291 [2] NCCL INFO Channel 07 : 6[81000] -> 7[82000] via SHM/direct/direct
paraai-n32-h-01-agent-106:160485:161291 [2] NCCL INFO Channel 08 : 6[81000] -> 7[82000] via SHM/direct/direct
paraai-n32-h-01-agent-106:160485:161291 [2] NCCL INFO Channel 09 : 6[81000] -> 7[82000] via SHM/direct/direct
paraai-n32-h-01-agent-106:160485:161291 [2] NCCL INFO Channel 10 : 6[81000] -> 7[82000] via SHM/direct/direct
paraai-n32-h-01-agent-106:160485:161291 [2] NCCL INFO Channel 11 : 6[81000] -> 7[82000] via SHM/direct/direct
paraai-n32-h-01-agent-106:160485:161291 [2] NCCL INFO Channel 12 : 6[81000] -> 7[82000] via SHM/direct/direct
paraai-n32-h-01-agent-106:160485:161291 [2] NCCL INFO Channel 13 : 6[81000] -> 7[82000] via SHM/direct/direct
paraai-n32-h-01-agent-106:160485:161291 [2] NCCL INFO Channel 14 : 6[81000] -> 7[82000] via SHM/direct/direct
paraai-n32-h-01-agent-106:160485:161291 [2] NCCL INFO Channel 15 : 6[81000] -> 7[82000] via SHM/direct/direct
paraai-n32-h-01-agent-106:160486:161292 [3] NCCL INFO Channel 00/0 : 7[82000] -> 8[1000] [send] via NET/IB/1
paraai-n32-h-01-agent-106:160483:161290 [0] NCCL INFO Channel 02/0 : 3[82000] -> 4[1000] [receive] via NET/IB/0
paraai-n32-h-01-agent-106:160486:161292 [3] NCCL INFO Channel 02/0 : 7[82000] -> 8[1000] [send] via NET/IB/1
paraai-n32-h-01-agent-106:160483:161290 [0] NCCL INFO Channel 04/0 : 3[82000] -> 4[1000] [receive] via NET/IB/0
paraai-n32-h-01-agent-106:160484:161289 [1] NCCL INFO Channel 00 : 5[2000] -> 6[81000] via SHM/direct/direct
paraai-n32-h-01-agent-106:160484:161289 [1] NCCL INFO Channel 02 : 5[2000] -> 6[81000] via SHM/direct/direct
paraai-n32-h-01-agent-106:160484:161289 [1] NCCL INFO Channel 04 : 5[2000] -> 6[81000] via SHM/direct/direct
paraai-n32-h-01-agent-106:160484:161289 [1] NCCL INFO Channel 06 : 5[2000] -> 6[81000] via SHM/direct/direct
paraai-n32-h-01-agent-106:160484:161289 [1] NCCL INFO Channel 08 : 5[2000] -> 6[81000] via SHM/direct/direct
paraai-n32-h-01-agent-106:160484:161289 [1] NCCL INFO Channel 10 : 5[2000] -> 6[81000] via SHM/direct/direct
paraai-n32-h-01-agent-106:160484:161289 [1] NCCL INFO Channel 12 : 5[2000] -> 6[81000] via SHM/direct/direct
paraai-n32-h-01-agent-106:160484:161289 [1] NCCL INFO Channel 14 : 5[2000] -> 6[81000] via SHM/direct/direct
paraai-n32-h-01-agent-106:160486:161292 [3] NCCL INFO Channel 04/0 : 7[82000] -> 8[1000] [send] via NET/IB/1
paraai-n32-h-01-agent-106:160483:161290 [0] NCCL INFO Channel 06/0 : 3[82000] -> 4[1000] [receive] via NET/IB/0
paraai-n32-h-01-agent-106:160486:161292 [3] NCCL INFO Channel 06/0 : 7[82000] -> 8[1000] [send] via NET/IB/1
paraai-n32-h-01-agent-106:160486:161292 [3] NCCL INFO Channel 08/0 : 7[82000] -> 8[1000] [send] via NET/IB/1
paraai-n32-h-01-agent-106:160486:161292 [3] NCCL INFO Channel 10/0 : 7[82000] -> 8[1000] [send] via NET/IB/1
paraai-n32-h-01-agent-106:160486:161292 [3] NCCL INFO Channel 12/0 : 7[82000] -> 8[1000] [send] via NET/IB/1
paraai-n32-h-01-agent-106:160483:161290 [0] NCCL INFO Channel 08/0 : 3[82000] -> 4[1000] [receive] via NET/IB/0
paraai-n32-h-01-agent-106:160486:161292 [3] NCCL INFO Channel 14/0 : 7[82000] -> 8[1000] [send] via NET/IB/1
paraai-n32-h-01-agent-106:160485:161291 [2] NCCL INFO Channel 01/0 : 0[1000] -> 6[81000] [receive] via NET/IB/1
paraai-n32-h-01-agent-106:160483:161290 [0] NCCL INFO Channel 10/0 : 3[82000] -> 4[1000] [receive] via NET/IB/0
paraai-n32-h-01-agent-106:160485:161291 [2] NCCL INFO Channel 03/0 : 0[1000] -> 6[81000] [receive] via NET/IB/1
paraai-n32-h-01-agent-106:160483:161290 [0] NCCL INFO Channel 12/0 : 3[82000] -> 4[1000] [receive] via NET/IB/0
paraai-n32-h-01-agent-106:160486:161303 [3] NCCL INFO NCCL_IB_GID_INDEX set by environment to 3.
paraai-n32-h-01-agent-106:160485:161291 [2] NCCL INFO Channel 05/0 : 0[1000] -> 6[81000] [receive] via NET/IB/1
paraai-n32-h-01-agent-106:160483:161290 [0] NCCL INFO Channel 14/0 : 3[82000] -> 4[1000] [receive] via NET/IB/0
paraai-n32-h-01-agent-106:160483:161290 [0] NCCL INFO Channel 00 : 4[1000] -> 5[2000] via SHM/direct/direct
paraai-n32-h-01-agent-106:160483:161290 [0] NCCL INFO Channel 02 : 4[1000] -> 5[2000] via SHM/direct/direct
paraai-n32-h-01-agent-106:160483:161290 [0] NCCL INFO Channel 04 : 4[1000] -> 5[2000] via SHM/direct/direct
paraai-n32-h-01-agent-106:160483:161290 [0] NCCL INFO Channel 06 : 4[1000] -> 5[2000] via SHM/direct/direct
paraai-n32-h-01-agent-106:160483:161290 [0] NCCL INFO Channel 08 : 4[1000] -> 5[2000] via SHM/direct/direct
paraai-n32-h-01-agent-106:160483:161290 [0] NCCL INFO Channel 10 : 4[1000] -> 5[2000] via SHM/direct/direct
paraai-n32-h-01-agent-106:160483:161290 [0] NCCL INFO Channel 12 : 4[1000] -> 5[2000] via SHM/direct/direct
paraai-n32-h-01-agent-106:160483:161290 [0] NCCL INFO Channel 14 : 4[1000] -> 5[2000] via SHM/direct/direct
paraai-n32-h-01-agent-106:160483:161304 [0] NCCL INFO NCCL_IB_GID_INDEX set by environment to 3.
paraai-n32-h-01-agent-106:160485:161291 [2] NCCL INFO Channel 07/0 : 0[1000] -> 6[81000] [receive] via NET/IB/1
paraai-n32-h-01-agent-106:160486:161292 [3] NCCL INFO Channel 01 : 7[82000] -> 5[2000] via SHM/direct/direct
paraai-n32-h-01-agent-106:160486:161292 [3] NCCL INFO Channel 03 : 7[82000] -> 5[2000] via SHM/direct/direct
paraai-n32-h-01-agent-106:160486:161292 [3] NCCL INFO Channel 05 : 7[82000] -> 5[2000] via SHM/direct/direct
paraai-n32-h-01-agent-106:160486:161292 [3] NCCL INFO Channel 07 : 7[82000] -> 5[2000] via SHM/direct/direct
paraai-n32-h-01-agent-106:160486:161292 [3] NCCL INFO Channel 09 : 7[82000] -> 5[2000] via SHM/direct/direct
paraai-n32-h-01-agent-106:160486:161292 [3] NCCL INFO Channel 11 : 7[82000] -> 5[2000] via SHM/direct/direct
paraai-n32-h-01-agent-106:160486:161292 [3] NCCL INFO Channel 13 : 7[82000] -> 5[2000] via SHM/direct/direct
paraai-n32-h-01-agent-106:160486:161292 [3] NCCL INFO Channel 15 : 7[82000] -> 5[2000] via SHM/direct/direct
paraai-n32-h-01-agent-106:160484:161289 [1] NCCL INFO Channel 01 : 5[2000] -> 4[1000] via SHM/direct/direct
paraai-n32-h-01-agent-106:160484:161289 [1] NCCL INFO Channel 03 : 5[2000] -> 4[1000] via SHM/direct/direct
paraai-n32-h-01-agent-106:160484:161289 [1] NCCL INFO Channel 05 : 5[2000] -> 4[1000] via SHM/direct/direct
paraai-n32-h-01-agent-106:160484:161289 [1] NCCL INFO Channel 07 : 5[2000] -> 4[1000] via SHM/direct/direct
paraai-n32-h-01-agent-106:160484:161289 [1] NCCL INFO Channel 09 : 5[2000] -> 4[1000] via SHM/direct/direct
paraai-n32-h-01-agent-106:160484:161289 [1] NCCL INFO Channel 11 : 5[2000] -> 4[1000] via SHM/direct/direct
paraai-n32-h-01-agent-106:160484:161289 [1] NCCL INFO Channel 13 : 5[2000] -> 4[1000] via SHM/direct/direct
paraai-n32-h-01-agent-106:160484:161289 [1] NCCL INFO Channel 15 : 5[2000] -> 4[1000] via SHM/direct/direct
paraai-n32-h-01-agent-106:160486:161292 [3] NCCL INFO Connected all rings
paraai-n32-h-01-agent-106:160486:161292 [3] NCCL INFO Channel 03/0 : 7[82000] -> 10[81000] [send] via NET/IB/1
paraai-n32-h-01-agent-106:160485:161291 [2] NCCL INFO Channel 09/0 : 0[1000] -> 6[81000] [receive] via NET/IB/1
paraai-n32-h-01-agent-106:160483:161290 [0] NCCL INFO Channel 01/0 : 4[1000] -> 10[81000] [send] via NET/IB/0
paraai-n32-h-01-agent-106:160486:161292 [3] NCCL INFO Channel 07/0 : 7[82000] -> 10[81000] [send] via NET/IB/1
paraai-n32-h-01-agent-106:160483:161290 [0] NCCL INFO Channel 03/0 : 4[1000] -> 10[81000] [send] via NET/IB/0
paraai-n32-h-01-agent-106:160485:161291 [2] NCCL INFO Channel 11/0 : 0[1000] -> 6[81000] [receive] via NET/IB/1
paraai-n32-h-01-agent-106:160486:161292 [3] NCCL INFO Channel 11/0 : 7[82000] -> 10[81000] [send] via NET/IB/1
paraai-n32-h-01-agent-106:160483:161290 [0] NCCL INFO Channel 05/0 : 4[1000] -> 10[81000] [send] via NET/IB/0
paraai-n32-h-01-agent-106:160485:161291 [2] NCCL INFO Channel 13/0 : 0[1000] -> 6[81000] [receive] via NET/IB/1
paraai-n32-h-01-agent-106:160486:161292 [3] NCCL INFO Channel 15/0 : 7[82000] -> 10[81000] [send] via NET/IB/1
paraai-n32-h-01-agent-106:160485:161291 [2] NCCL INFO Channel 15/0 : 0[1000] -> 6[81000] [receive] via NET/IB/1
paraai-n32-h-01-agent-106:160483:161290 [0] NCCL INFO Channel 07/0 : 4[1000] -> 10[81000] [send] via NET/IB/0
paraai-n32-h-01-agent-106:160483:161290 [0] NCCL INFO Channel 09/0 : 4[1000] -> 10[81000] [send] via NET/IB/0
paraai-n32-h-01-agent-106:160485:161302 [2] NCCL INFO NCCL_IB_GID_INDEX set by environment to 3.
paraai-n32-h-01-agent-106:160485:161291 [2] NCCL INFO Connected all rings
paraai-n32-h-01-agent-106:160483:161290 [0] NCCL INFO Channel 11/0 : 4[1000] -> 10[81000] [send] via NET/IB/0
paraai-n32-h-01-agent-106:160483:161290 [0] NCCL INFO Channel 13/0 : 4[1000] -> 10[81000] [send] via NET/IB/0
paraai-n32-h-01-agent-106:160485:161291 [2] NCCL INFO Channel 03/0 : 2[81000] -> 6[81000] [receive] via NET/IB/1
paraai-n32-h-01-agent-106:160483:161290 [0] NCCL INFO Channel 15/0 : 4[1000] -> 10[81000] [send] via NET/IB/0
paraai-n32-h-01-agent-106:160485:161291 [2] NCCL INFO Channel 07/0 : 2[81000] -> 6[81000] [receive] via NET/IB/1
paraai-n32-h-01-agent-106:160483:161290 [0] NCCL INFO Connected all rings
paraai-n32-h-01-agent-106:160483:161290 [0] NCCL INFO Channel 01 : 4[1000] -> 5[2000] via SHM/direct/direct
paraai-n32-h-01-agent-106:160483:161290 [0] NCCL INFO Channel 03 : 4[1000] -> 5[2000] via SHM/direct/direct
paraai-n32-h-01-agent-106:160485:161291 [2] NCCL INFO Channel 11/0 : 2[81000] -> 6[81000] [receive] via NET/IB/1
paraai-n32-h-01-agent-106:160483:161290 [0] NCCL INFO Channel 05 : 4[1000] -> 5[2000] via SHM/direct/direct
paraai-n32-h-01-agent-106:160483:161290 [0] NCCL INFO Channel 07 : 4[1000] -> 5[2000] via SHM/direct/direct
paraai-n32-h-01-agent-106:160483:161290 [0] NCCL INFO Channel 09 : 4[1000] -> 5[2000] via SHM/direct/direct
paraai-n32-h-01-agent-106:160483:161290 [0] NCCL INFO Channel 11 : 4[1000] -> 5[2000] via SHM/direct/direct
paraai-n32-h-01-agent-106:160484:161289 [1] NCCL INFO Connected all rings
paraai-n32-h-01-agent-106:160483:161290 [0] NCCL INFO Channel 13 : 4[1000] -> 5[2000] via SHM/direct/direct
paraai-n32-h-01-agent-106:160483:161290 [0] NCCL INFO Channel 15 : 4[1000] -> 5[2000] via SHM/direct/direct
paraai-n32-h-01-agent-106:160483:161290 [0] NCCL INFO Channel 01 : 4[1000] -> 7[82000] via SHM/direct/direct
paraai-n32-h-01-agent-106:160483:161290 [0] NCCL INFO Channel 03 : 4[1000] -> 7[82000] via SHM/direct/direct
paraai-n32-h-01-agent-106:160483:161290 [0] NCCL INFO Channel 05 : 4[1000] -> 7[82000] via SHM/direct/direct
paraai-n32-h-01-agent-106:160483:161290 [0] NCCL INFO Channel 07 : 4[1000] -> 7[82000] via SHM/direct/direct
paraai-n32-h-01-agent-106:160483:161290 [0] NCCL INFO Channel 09 : 4[1000] -> 7[82000] via SHM/direct/direct
paraai-n32-h-01-agent-106:160483:161290 [0] NCCL INFO Channel 11 : 4[1000] -> 7[82000] via SHM/direct/direct
paraai-n32-h-01-agent-106:160483:161290 [0] NCCL INFO Channel 13 : 4[1000] -> 7[82000] via SHM/direct/direct
paraai-n32-h-01-agent-106:160483:161290 [0] NCCL INFO Channel 15 : 4[1000] -> 7[82000] via SHM/direct/direct
paraai-n32-h-01-agent-106:160484:161289 [1] NCCL INFO Channel 02/0 : 5[2000] -> 8[1000] [send] via NET/IB/0
paraai-n32-h-01-agent-106:160483:161290 [0] NCCL INFO Channel 02/0 : 0[1000] -> 4[1000] [receive] via NET/IB/0
paraai-n32-h-01-agent-106:160485:161291 [2] NCCL INFO Channel 15/0 : 2[81000] -> 6[81000] [receive] via NET/IB/1
paraai-n32-h-01-agent-106:160484:161289 [1] NCCL INFO Channel 06/0 : 5[2000] -> 8[1000] [send] via NET/IB/0
paraai-n32-h-01-agent-106:160483:161290 [0] NCCL INFO Channel 06/0 : 0[1000] -> 4[1000] [receive] via NET/IB/0
paraai-n32-h-01-agent-106:160484:161289 [1] NCCL INFO Channel 10/0 : 5[2000] -> 8[1000] [send] via NET/IB/0
paraai-n32-h-01-agent-106:160483:161290 [0] NCCL INFO Channel 10/0 : 0[1000] -> 4[1000] [receive] via NET/IB/0
paraai-n32-h-01-agent-106:160484:161289 [1] NCCL INFO Channel 14/0 : 5[2000] -> 8[1000] [send] via NET/IB/0
paraai-n32-h-01-agent-106:160483:161290 [0] NCCL INFO Channel 14/0 : 0[1000] -> 4[1000] [receive] via NET/IB/0
paraai-n32-h-01-agent-106:160484:161301 [1] NCCL INFO NCCL_IB_GID_INDEX set by environment to 3.
paraai-n32-h-01-agent-106:160486:161292 [3] NCCL INFO Channel 03/0 : 10[81000] -> 7[82000] [receive] via NET/IB/1
paraai-n32-h-01-agent-106:160483:161290 [0] NCCL INFO Channel 00/0 : 4[1000] -> 9[2000] [send] via NET/IB/0
paraai-n32-h-01-agent-106:160486:161292 [3] NCCL INFO Channel 07/0 : 10[81000] -> 7[82000] [receive] via NET/IB/1
paraai-n32-h-01-agent-106:160483:161290 [0] NCCL INFO Channel 04/0 : 4[1000] -> 9[2000] [send] via NET/IB/0
paraai-n32-h-01-agent-106:160485:161291 [2] NCCL INFO Channel 01/0 : 6[81000] -> 11[82000] [send] via NET/IB/1
paraai-n32-h-01-agent-106:160486:161292 [3] NCCL INFO Channel 11/0 : 10[81000] -> 7[82000] [receive] via NET/IB/1
paraai-n32-h-01-agent-106:160483:161290 [0] NCCL INFO Channel 08/0 : 4[1000] -> 9[2000] [send] via NET/IB/0
paraai-n32-h-01-agent-106:160485:161291 [2] NCCL INFO Channel 05/0 : 6[81000] -> 11[82000] [send] via NET/IB/1
paraai-n32-h-01-agent-106:160486:161292 [3] NCCL INFO Channel 15/0 : 10[81000] -> 7[82000] [receive] via NET/IB/1
paraai-n32-h-01-agent-106:160486:161292 [3] NCCL INFO Channel 01 : 7[82000] -> 4[1000] via SHM/direct/direct
paraai-n32-h-01-agent-106:160486:161292 [3] NCCL INFO Channel 03 : 7[82000] -> 4[1000] via SHM/direct/direct
paraai-n32-h-01-agent-106:160486:161292 [3] NCCL INFO Channel 05 : 7[82000] -> 4[1000] via SHM/direct/direct
paraai-n32-h-01-agent-106:160486:161292 [3] NCCL INFO Channel 07 : 7[82000] -> 4[1000] via SHM/direct/direct
paraai-n32-h-01-agent-106:160486:161292 [3] NCCL INFO Channel 09 : 7[82000] -> 4[1000] via SHM/direct/direct
paraai-n32-h-01-agent-106:160486:161292 [3] NCCL INFO Channel 11 : 7[82000] -> 4[1000] via SHM/direct/direct
paraai-n32-h-01-agent-106:160486:161292 [3] NCCL INFO Channel 13 : 7[82000] -> 4[1000] via SHM/direct/direct
paraai-n32-h-01-agent-106:160486:161292 [3] NCCL INFO Channel 15 : 7[82000] -> 4[1000] via SHM/direct/direct
paraai-n32-h-01-agent-106:160484:161289 [1] NCCL INFO Channel 02/0 : 8[1000] -> 5[2000] [receive] via NET/IB/0
paraai-n32-h-01-agent-106:160483:161290 [0] NCCL INFO Channel 12/0 : 4[1000] -> 9[2000] [send] via NET/IB/0
paraai-n32-h-01-agent-106:160485:161291 [2] NCCL INFO Channel 09/0 : 6[81000] -> 11[82000] [send] via NET/IB/1
paraai-n32-h-01-agent-106:160484:161289 [1] NCCL INFO Channel 06/0 : 8[1000] -> 5[2000] [receive] via NET/IB/0
paraai-n32-h-01-agent-106:160483:161290 [0] NCCL INFO Channel 02/0 : 12[1000] -> 4[1000] [receive] via NET/IB/0
paraai-n32-h-01-agent-106:160485:161291 [2] NCCL INFO Channel 13/0 : 6[81000] -> 11[82000] [send] via NET/IB/1
paraai-n32-h-01-agent-106:160484:161289 [1] NCCL INFO Channel 10/0 : 8[1000] -> 5[2000] [receive] via NET/IB/0
paraai-n32-h-01-agent-106:160483:161290 [0] NCCL INFO Channel 06/0 : 12[1000] -> 4[1000] [receive] via NET/IB/0
paraai-n32-h-01-agent-106:160485:161291 [2] NCCL INFO Channel 03/0 : 14[81000] -> 6[81000] [receive] via NET/IB/1
paraai-n32-h-01-agent-106:160484:161289 [1] NCCL INFO Channel 14/0 : 8[1000] -> 5[2000] [receive] via NET/IB/0
paraai-n32-h-01-agent-106:160483:161290 [0] NCCL INFO Channel 10/0 : 12[1000] -> 4[1000] [receive] via NET/IB/0
paraai-n32-h-01-agent-106:160485:161291 [2] NCCL INFO Channel 07/0 : 14[81000] -> 6[81000] [receive] via NET/IB/1
paraai-n32-h-01-agent-106:160483:161290 [0] NCCL INFO Channel 14/0 : 12[1000] -> 4[1000] [receive] via NET/IB/0
paraai-n32-h-01-agent-106:160485:161291 [2] NCCL INFO Channel 11/0 : 14[81000] -> 6[81000] [receive] via NET/IB/1
paraai-n32-h-01-agent-106:160483:161290 [0] NCCL INFO Channel 02/0 : 4[1000] -> 12[1000] [send] via NET/IB/0
paraai-n32-h-01-agent-106:160485:161291 [2] NCCL INFO Channel 15/0 : 14[81000] -> 6[81000] [receive] via NET/IB/1
paraai-n32-h-01-agent-106:160483:161290 [0] NCCL INFO Channel 06/0 : 4[1000] -> 12[1000] [send] via NET/IB/0
paraai-n32-h-01-agent-106:160485:161291 [2] NCCL INFO Channel 03/0 : 6[81000] -> 14[81000] [send] via NET/IB/1
paraai-n32-h-01-agent-106:160483:161290 [0] NCCL INFO Channel 10/0 : 4[1000] -> 12[1000] [send] via NET/IB/0
paraai-n32-h-01-agent-106:160485:161291 [2] NCCL INFO Channel 07/0 : 6[81000] -> 14[81000] [send] via NET/IB/1
paraai-n32-h-01-agent-106:160483:161290 [0] NCCL INFO Channel 14/0 : 4[1000] -> 12[1000] [send] via NET/IB/0
paraai-n32-h-01-agent-106:160485:161291 [2] NCCL INFO Channel 11/0 : 6[81000] -> 14[81000] [send] via NET/IB/1
paraai-n32-h-01-agent-106:160483:161290 [0] NCCL INFO Channel 00/0 : 9[2000] -> 4[1000] [receive] via NET/IB/0
paraai-n32-h-01-agent-106:160485:161291 [2] NCCL INFO Channel 15/0 : 6[81000] -> 14[81000] [send] via NET/IB/1
paraai-n32-h-01-agent-106:160483:161290 [0] NCCL INFO Channel 04/0 : 9[2000] -> 4[1000] [receive] via NET/IB/0
paraai-n32-h-01-agent-106:160485:161291 [2] NCCL INFO Channel 01/0 : 11[82000] -> 6[81000] [receive] via NET/IB/1
paraai-n32-h-01-agent-106:160483:161290 [0] NCCL INFO Channel 08/0 : 9[2000] -> 4[1000] [receive] via NET/IB/0
paraai-n32-h-01-agent-106:160485:161291 [2] NCCL INFO Channel 05/0 : 11[82000] -> 6[81000] [receive] via NET/IB/1
paraai-n32-h-01-agent-106:160483:161290 [0] NCCL INFO Channel 12/0 : 9[2000] -> 4[1000] [receive] via NET/IB/0
paraai-n32-h-01-agent-106:160485:161291 [2] NCCL INFO Channel 09/0 : 11[82000] -> 6[81000] [receive] via NET/IB/1
paraai-n32-h-01-agent-106:160483:161290 [0] NCCL INFO Channel 02/0 : 4[1000] -> 0[1000] [send] via NET/IB/0
paraai-n32-h-01-agent-106:160485:161291 [2] NCCL INFO Channel 13/0 : 11[82000] -> 6[81000] [receive] via NET/IB/1
paraai-n32-h-01-agent-106:160483:161290 [0] NCCL INFO Channel 06/0 : 4[1000] -> 0[1000] [send] via NET/IB/0
paraai-n32-h-01-agent-106:160485:161291 [2] NCCL INFO Channel 03/0 : 6[81000] -> 2[81000] [send] via NET/IB/1
paraai-n32-h-01-agent-106:160483:161290 [0] NCCL INFO Channel 10/0 : 4[1000] -> 0[1000] [send] via NET/IB/0
paraai-n32-h-01-agent-106:160485:161291 [2] NCCL INFO Channel 07/0 : 6[81000] -> 2[81000] [send] via NET/IB/1
paraai-n32-h-01-agent-106:160483:161290 [0] NCCL INFO Channel 14/0 : 4[1000] -> 0[1000] [send] via NET/IB/0
paraai-n32-h-01-agent-106:160485:161291 [2] NCCL INFO Channel 11/0 : 6[81000] -> 2[81000] [send] via NET/IB/1
paraai-n32-h-01-agent-106:160484:161289 [1] NCCL INFO Channel 00 : 5[2000] -> 4[1000] via SHM/direct/direct
paraai-n32-h-01-agent-106:160484:161289 [1] NCCL INFO Channel 02 : 5[2000] -> 4[1000] via SHM/direct/direct
paraai-n32-h-01-agent-106:160484:161289 [1] NCCL INFO Channel 04 : 5[2000] -> 4[1000] via SHM/direct/direct
paraai-n32-h-01-agent-106:160484:161289 [1] NCCL INFO Channel 06 : 5[2000] -> 4[1000] via SHM/direct/direct
paraai-n32-h-01-agent-106:160484:161289 [1] NCCL INFO Channel 08 : 5[2000] -> 4[1000] via SHM/direct/direct
paraai-n32-h-01-agent-106:160484:161289 [1] NCCL INFO Channel 10 : 5[2000] -> 4[1000] via SHM/direct/direct
paraai-n32-h-01-agent-106:160484:161289 [1] NCCL INFO Channel 12 : 5[2000] -> 4[1000] via SHM/direct/direct
paraai-n32-h-01-agent-106:160484:161289 [1] NCCL INFO Channel 14 : 5[2000] -> 4[1000] via SHM/direct/direct
paraai-n32-h-01-agent-106:160483:161290 [0] NCCL INFO Connected all trees
paraai-n32-h-01-agent-106:160483:161290 [0] NCCL INFO threadThresholds 8/8/64 | 128/8/64 | 512 | 512
paraai-n32-h-01-agent-106:160483:161290 [0] NCCL INFO 16 coll channels, 16 p2p channels, 2 p2p channels per peer
paraai-n32-h-01-agent-106:160485:161291 [2] NCCL INFO Channel 15/0 : 6[81000] -> 2[81000] [send] via NET/IB/1
paraai-n32-h-01-agent-106:160485:161291 [2] NCCL INFO Channel 00 : 6[81000] -> 5[2000] via SHM/direct/direct
paraai-n32-h-01-agent-106:160485:161291 [2] NCCL INFO Channel 02 : 6[81000] -> 5[2000] via SHM/direct/direct
paraai-n32-h-01-agent-106:160485:161291 [2] NCCL INFO Channel 04 : 6[81000] -> 5[2000] via SHM/direct/direct
paraai-n32-h-01-agent-106:160485:161291 [2] NCCL INFO Channel 06 : 6[81000] -> 5[2000] via SHM/direct/direct
paraai-n32-h-01-agent-106:160485:161291 [2] NCCL INFO Channel 08 : 6[81000] -> 5[2000] via SHM/direct/direct
paraai-n32-h-01-agent-106:160485:161291 [2] NCCL INFO Channel 10 : 6[81000] -> 5[2000] via SHM/direct/direct
paraai-n32-h-01-agent-106:160485:161291 [2] NCCL INFO Channel 12 : 6[81000] -> 5[2000] via SHM/direct/direct
paraai-n32-h-01-agent-106:160485:161291 [2] NCCL INFO Channel 14 : 6[81000] -> 5[2000] via SHM/direct/direct
paraai-n32-h-01-agent-106:160484:161289 [1] NCCL INFO Connected all trees
paraai-n32-h-01-agent-106:160484:161289 [1] NCCL INFO threadThresholds 8/8/64 | 128/8/64 | 512 | 512
paraai-n32-h-01-agent-106:160484:161289 [1] NCCL INFO 16 coll channels, 16 p2p channels, 2 p2p channels per peer
paraai-n32-h-01-agent-106:160486:161292 [3] NCCL INFO Channel 00 : 7[82000] -> 6[81000] via SHM/direct/direct
paraai-n32-h-01-agent-106:160486:161292 [3] NCCL INFO Channel 01 : 7[82000] -> 6[81000] via SHM/direct/direct
paraai-n32-h-01-agent-106:160486:161292 [3] NCCL INFO Channel 02 : 7[82000] -> 6[81000] via SHM/direct/direct
paraai-n32-h-01-agent-106:160486:161292 [3] NCCL INFO Channel 03 : 7[82000] -> 6[81000] via SHM/direct/direct
paraai-n32-h-01-agent-106:160486:161292 [3] NCCL INFO Channel 04 : 7[82000] -> 6[81000] via SHM/direct/direct
paraai-n32-h-01-agent-106:160486:161292 [3] NCCL INFO Channel 05 : 7[82000] -> 6[81000] via SHM/direct/direct
paraai-n32-h-01-agent-106:160486:161292 [3] NCCL INFO Channel 06 : 7[82000] -> 6[81000] via SHM/direct/direct
paraai-n32-h-01-agent-106:160486:161292 [3] NCCL INFO Channel 07 : 7[82000] -> 6[81000] via SHM/direct/direct
paraai-n32-h-01-agent-106:160486:161292 [3] NCCL INFO Channel 08 : 7[82000] -> 6[81000] via SHM/direct/direct
paraai-n32-h-01-agent-106:160486:161292 [3] NCCL INFO Channel 09 : 7[82000] -> 6[81000] via SHM/direct/direct
paraai-n32-h-01-agent-106:160486:161292 [3] NCCL INFO Channel 10 : 7[82000] -> 6[81000] via SHM/direct/direct
paraai-n32-h-01-agent-106:160486:161292 [3] NCCL INFO Channel 11 : 7[82000] -> 6[81000] via SHM/direct/direct
paraai-n32-h-01-agent-106:160486:161292 [3] NCCL INFO Channel 12 : 7[82000] -> 6[81000] via SHM/direct/direct
paraai-n32-h-01-agent-106:160486:161292 [3] NCCL INFO Channel 13 : 7[82000] -> 6[81000] via SHM/direct/direct
paraai-n32-h-01-agent-106:160486:161292 [3] NCCL INFO Channel 14 : 7[82000] -> 6[81000] via SHM/direct/direct
paraai-n32-h-01-agent-106:160486:161292 [3] NCCL INFO Channel 15 : 7[82000] -> 6[81000] via SHM/direct/direct
paraai-n32-h-01-agent-106:160485:161291 [2] NCCL INFO Connected all trees
paraai-n32-h-01-agent-106:160485:161291 [2] NCCL INFO threadThresholds 8/8/64 | 128/8/64 | 512 | 512
paraai-n32-h-01-agent-106:160485:161291 [2] NCCL INFO 16 coll channels, 16 p2p channels, 2 p2p channels per peer
paraai-n32-h-01-agent-106:160486:161292 [3] NCCL INFO Connected all trees
paraai-n32-h-01-agent-106:160486:161292 [3] NCCL INFO threadThresholds 8/8/64 | 128/8/64 | 512 | 512
paraai-n32-h-01-agent-106:160486:161292 [3] NCCL INFO 16 coll channels, 16 p2p channels, 2 p2p channels per peer
paraai-n32-h-01-agent-106:160484:161289 [1] NCCL INFO comm 0x1bbc0240 rank 5 nranks 16 cudaDev 1 busId 2000 - Init COMPLETE
paraai-n32-h-01-agent-106:160483:161290 [0] NCCL INFO comm 0x1840d280 rank 4 nranks 16 cudaDev 0 busId 1000 - Init COMPLETE
paraai-n32-h-01-agent-106:160485:161291 [2] NCCL INFO comm 0x5eaa7480 rank 6 nranks 16 cudaDev 2 busId 81000 - Init COMPLETE
paraai-n32-h-01-agent-106:160486:161292 [3] NCCL INFO comm 0x3f9ac540 rank 7 nranks 16 cudaDev 3 busId 82000 - Init COMPLETE
2023-07-03 20:59:09,484 - root - INFO - validating...
2023-07-03 20:59:09,484 - root - INFO - validating...
2023-07-03 20:59:09,484 - root - INFO - validating...
2023-07-03 20:59:09,487 - root - INFO - validating...
Traceback (most recent call last):
  File "/home/bingxing2/home/scx6115/Ocean_AI_model/train_025_multi_steps.py", line 592, in <module>
    trainer.train()
  File "/home/bingxing2/home/scx6115/Ocean_AI_model/train_025_multi_steps.py", line 151, in train
    tr_time, data_time, train_logs = self.train_one_epoch() 
  File "/home/bingxing2/home/scx6115/Ocean_AI_model/train_025_multi_steps.py", line 311, in train_one_epoch
    self.gscaler.scale(loss).backward()
  File "/home/bingxing2/home/scx6115/.conda/envs/torch2.0/lib/python3.10/site-packages/torch/_tensor.py", line 487, in backward
    torch.autograd.backward(
  File "/home/bingxing2/home/scx6115/.conda/envs/torch2.0/lib/python3.10/site-packages/torch/autograd/__init__.py", line 200, in backward
    Variable._execution_engine.run_backward(  # Calls into the C++ engine to run the backward pass
torch.cuda.OutOfMemoryError: CUDA out of memory. Tried to allocate 484.00 MiB (GPU 0; 39.41 GiB total capacity; 35.48 GiB already allocated; 448.50 MiB free; 37.17 GiB reserved in total by PyTorch) If reserved memory is >> allocated memory try setting max_split_size_mb to avoid fragmentation.  See documentation for Memory Management and PYTORCH_CUDA_ALLOC_CONF
Traceback (most recent call last):
  File "/home/bingxing2/home/scx6115/Ocean_AI_model/train_025_multi_steps.py", line 592, in <module>
    trainer.train()
  File "/home/bingxing2/home/scx6115/Ocean_AI_model/train_025_multi_steps.py", line 151, in train
    tr_time, data_time, train_logs = self.train_one_epoch() 
  File "/home/bingxing2/home/scx6115/Ocean_AI_model/train_025_multi_steps.py", line 311, in train_one_epoch
    self.gscaler.scale(loss).backward()
  File "/home/bingxing2/home/scx6115/.conda/envs/torch2.0/lib/python3.10/site-packages/torch/_tensor.py", line 487, in backward
    torch.autograd.backward(
  File "/home/bingxing2/home/scx6115/.conda/envs/torch2.0/lib/python3.10/site-packages/torch/autograd/__init__.py", line 200, in backward
    Variable._execution_engine.run_backward(  # Calls into the C++ engine to run the backward pass
torch.cuda.OutOfMemoryError: CUDA out of memory. Tried to allocate 484.00 MiB (GPU 1; 39.41 GiB total capacity; 35.48 GiB already allocated; 448.50 MiB free; 37.17 GiB reserved in total by PyTorch) If reserved memory is >> allocated memory try setting max_split_size_mb to avoid fragmentation.  See documentation for Memory Management and PYTORCH_CUDA_ALLOC_CONF
Traceback (most recent call last):
  File "/home/bingxing2/home/scx6115/Ocean_AI_model/train_025_multi_steps.py", line 592, in <module>
    trainer.train()
  File "/home/bingxing2/home/scx6115/Ocean_AI_model/train_025_multi_steps.py", line 151, in train
    tr_time, data_time, train_logs = self.train_one_epoch() 
  File "/home/bingxing2/home/scx6115/Ocean_AI_model/train_025_multi_steps.py", line 311, in train_one_epoch
    self.gscaler.scale(loss).backward()
  File "/home/bingxing2/home/scx6115/.conda/envs/torch2.0/lib/python3.10/site-packages/torch/_tensor.py", line 487, in backward
    torch.autograd.backward(
  File "/home/bingxing2/home/scx6115/.conda/envs/torch2.0/lib/python3.10/site-packages/torch/autograd/__init__.py", line 200, in backward
    Variable._execution_engine.run_backward(  # Calls into the C++ engine to run the backward pass
torch.cuda.OutOfMemoryError: CUDA out of memory. Tried to allocate 484.00 MiB (GPU 2; 39.41 GiB total capacity; 35.48 GiB already allocated; 448.50 MiB free; 37.17 GiB reserved in total by PyTorch) If reserved memory is >> allocated memory try setting max_split_size_mb to avoid fragmentation.  See documentation for Memory Management and PYTORCH_CUDA_ALLOC_CONF
Traceback (most recent call last):
  File "/home/bingxing2/home/scx6115/Ocean_AI_model/train_025_multi_steps.py", line 592, in <module>
    trainer.train()
  File "/home/bingxing2/home/scx6115/Ocean_AI_model/train_025_multi_steps.py", line 151, in train
    tr_time, data_time, train_logs = self.train_one_epoch() 
  File "/home/bingxing2/home/scx6115/Ocean_AI_model/train_025_multi_steps.py", line 311, in train_one_epoch
    self.gscaler.scale(loss).backward()
  File "/home/bingxing2/home/scx6115/.conda/envs/torch2.0/lib/python3.10/site-packages/torch/_tensor.py", line 487, in backward
    torch.autograd.backward(
  File "/home/bingxing2/home/scx6115/.conda/envs/torch2.0/lib/python3.10/site-packages/torch/autograd/__init__.py", line 200, in backward
    Variable._execution_engine.run_backward(  # Calls into the C++ engine to run the backward pass
torch.cuda.OutOfMemoryError: CUDA out of memory. Tried to allocate 484.00 MiB (GPU 3; 39.41 GiB total capacity; 35.48 GiB already allocated; 448.50 MiB free; 37.17 GiB reserved in total by PyTorch) If reserved memory is >> allocated memory try setting max_split_size_mb to avoid fragmentation.  See documentation for Memory Management and PYTORCH_CUDA_ALLOC_CONF
ERROR:torch.distributed.elastic.multiprocessing.api:failed (exitcode: 1) local_rank: 0 (pid: 160483) of binary: /home/bingxing2/home/scx6115/.conda/envs/torch2.0/bin/python
Traceback (most recent call last):
  File "/home/bingxing2/home/scx6115/.conda/envs/torch2.0/bin/torchrun", line 8, in <module>
    sys.exit(main())
  File "/home/bingxing2/home/scx6115/.conda/envs/torch2.0/lib/python3.10/site-packages/torch/distributed/elastic/multiprocessing/errors/__init__.py", line 346, in wrapper
    return f(*args, **kwargs)
  File "/home/bingxing2/home/scx6115/.conda/envs/torch2.0/lib/python3.10/site-packages/torch/distributed/run.py", line 794, in main
    run(args)
  File "/home/bingxing2/home/scx6115/.conda/envs/torch2.0/lib/python3.10/site-packages/torch/distributed/run.py", line 785, in run
    elastic_launch(
  File "/home/bingxing2/home/scx6115/.conda/envs/torch2.0/lib/python3.10/site-packages/torch/distributed/launcher/api.py", line 134, in __call__
    return launch_agent(self._config, self._entrypoint, list(args))
  File "/home/bingxing2/home/scx6115/.conda/envs/torch2.0/lib/python3.10/site-packages/torch/distributed/launcher/api.py", line 250, in launch_agent
    raise ChildFailedError(
torch.distributed.elastic.multiprocessing.errors.ChildFailedError: 
============================================================
train_025_multi_steps.py FAILED
------------------------------------------------------------
Failures:
[1]:
  time      : 2023-07-03_21:00:42
  host      : paraai-n32-h-01-agent-106.paraai-n32-h-01.com
  rank      : 5 (local_rank: 1)
  exitcode  : 1 (pid: 160484)
  error_file: <N/A>
  traceback : To enable traceback see: https://pytorch.org/docs/stable/elastic/errors.html
[2]:
  time      : 2023-07-03_21:00:42
  host      : paraai-n32-h-01-agent-106.paraai-n32-h-01.com
  rank      : 6 (local_rank: 2)
  exitcode  : 1 (pid: 160485)
  error_file: <N/A>
  traceback : To enable traceback see: https://pytorch.org/docs/stable/elastic/errors.html
[3]:
  time      : 2023-07-03_21:00:42
  host      : paraai-n32-h-01-agent-106.paraai-n32-h-01.com
  rank      : 7 (local_rank: 3)
  exitcode  : 1 (pid: 160486)
  error_file: <N/A>
  traceback : To enable traceback see: https://pytorch.org/docs/stable/elastic/errors.html
------------------------------------------------------------
Root Cause (first observed failure):
[0]:
  time      : 2023-07-03_21:00:42
  host      : paraai-n32-h-01-agent-106.paraai-n32-h-01.com
  rank      : 4 (local_rank: 0)
  exitcode  : 1 (pid: 160483)
  error_file: <N/A>
  traceback : To enable traceback see: https://pytorch.org/docs/stable/elastic/errors.html
============================================================
srun: error: paraai-n32-h-01-agent-106: task 0: Exited with exit code 1
