master_addr is only used for static rdzv_backend and when rdzv_endpoint is not specified.
paraai-n32-h-01-agent-95
paraai-n32-h-01-agent-95
paraai-n32-h-01-agent-95
paraai-n32-h-01-agent-95
000


0------------------ Configuration ------------------ ------------------ Configuration ------------------ ------------------ Configuration ------------------ 
   ------------------ Configuration ------------------ /home/bingxing2/home/scx6115/Ocean_AI_model/config/Model_2.yaml/home/bingxing2/home/scx6115/Ocean_AI_model/config/Model_2.yaml/home/bingxing2/home/scx6115/Ocean_AI_model/config/Model_2.yaml 


/home/bingxing2/home/scx6115/Ocean_AI_model/config/Model_2.yaml
nettype Masked_AE_Ocean
log_to_wandb True
lr 0.001
batch_size 32
max_epochs 150
scheduler CosineAnnealingLR
fusion_3d_2d False
in_channels [0, 1, 2, 3, 4, 5, 6, 7, 8, 9, 10, 11, 12, 13, 14, 15, 16, 17, 18, 19, 20, 21, 22, 23, 24, 25, 26, 27, 28, 29, 30, 31, 32, 33, 34, 35, 36, 37, 38, 39, 40, 41, 42, 43, 44, 45, 46, 47, 48, 49, 50, 51, 52, 53, 54, 55, 56, 57, 58, 59, 60, 61, 62, 63, 64, 65]
out_channels [0, 1, 2, 3, 4, 5, 6, 7, 8, 9, 10, 11, 12, 13, 14, 15, 16, 17, 18, 19, 20, 21, 22, 23, 24, 25, 26, 27, 28, 29, 30, 31, 32, 33, 34, 35, 36, 37, 38, 39, 40, 41, 42, 43, 44, 45, 46, 47, 48, 49, 50, 51, 52, 53, 54, 55, 56, 57, 58, 59, 60]
N_in_channels 66
N_out_channels 61
img_size_h 720
img_size_w 1440
patch_size_h 8
patch_size_w 8
mlp_ratio 4.0
embed_dim 1024
depth 16
num_heads 16
decoder_embed_dim 512
decoder_depth 8
decoder_num_heads 16
koopman_depth 2
modes_h_ratio 1
modes_w_ratio 0.8
drop_rate 0.0
drop_path_rate 0.0
sparsity_threshold 0.01
hard_thresholding_fraction 1.0
num_blocks 8
loss l2
num_data_workers 0
dt 1
n_history 0
prediction_type iterative
prediction_length 41
n_initial_conditions 5
ics_type default
date_strings ['2018-09-14 00:00:00']
save_raw_forecasts True
save_channel False
masked_acc False
maskpath None
perturb Falsenettype
 add_gridMasked_AE_Ocean 
Falselog_to_wandb
 N_grid_channelsTrue 
0lr
 gridtype0.001 
sinusoidalbatch_size
 roll32 
Falsemax_epochs
 nettypeenable_nhwc150  
Masked_AE_OceanFalsescheduler

 log_to_wandboptimizer_typeCosineAnnealingLR  
TrueFusedAdamfusion_3d_2d

 lrexp_dirFalsenettype  
 0.001./exp_15_levelsin_channelsMasked_AE_Ocean

 
batch_sizepatch_size[0, 1, 2, 3, 4, 5, 6, 7, 8, 9, 10, 11, 12, 13, 14, 15, 16, 17, 18, 19, 20, 21, 22, 23, 24, 25, 26, 27, 28, 29, 30, 31, 32, 33, 34, 35, 36, 37, 38, 39, 40, 41, 42, 43, 44, 45, 46, 47, 48, 49, 50, 51, 52, 53, 54, 55, 56, 57, 58, 59, 60, 61, 62, 63, 64, 65]log_to_wandb  
 328out_channelsTrue

 
max_epochswidth[0, 1, 2, 3, 4, 5, 6, 7, 8, 9, 10, 11, 12, 13, 14, 15, 16, 17, 18, 19, 20, 21, 22, 23, 24, 25, 26, 27, 28, 29, 30, 31, 32, 33, 34, 35, 36, 37, 38, 39, 40, 41, 42, 43, 44, 45, 46, 47, 48, 49, 50, 51, 52, 53, 54, 55, 56, 57, 58, 59, 60]lr  
 15056N_in_channels0.001

 
schedulermodes66batch_size  
 CosineAnnealingLR32N_out_channels32

 
fusion_3d_2dtarget61max_epochs  
 Falsedefaultimg_size_h150

 
in_channelstrain_data_path720scheduler  
 [0, 1, 2, 3, 4, 5, 6, 7, 8, 9, 10, 11, 12, 13, 14, 15, 16, 17, 18, 19, 20, 21, 22, 23, 24, 25, 26, 27, 28, 29, 30, 31, 32, 33, 34, 35, 36, 37, 38, 39, 40, 41, 42, 43, 44, 45, 46, 47, 48, 49, 50, 51, 52, 53, 54, 55, 56, 57, 58, 59, 60, 61, 62, 63, 64, 65]/home/bingxing2/home/scx6115/Ocean_AI_model/sample_01/trainimg_size_wCosineAnnealingLR

 
out_channelsvalid_data_path1440fusion_3d_2d  
 [0, 1, 2, 3, 4, 5, 6, 7, 8, 9, 10, 11, 12, 13, 14, 15, 16, 17, 18, 19, 20, 21, 22, 23, 24, 25, 26, 27, 28, 29, 30, 31, 32, 33, 34, 35, 36, 37, 38, 39, 40, 41, 42, 43, 44, 45, 46, 47, 48, 49, 50, 51, 52, 53, 54, 55, 56, 57, 58, 59, 60]/home/bingxing2/home/scx6115/Ocean_AI_model/sample_01/validpatch_size_hFalse

 
N_in_channelstest_data_path8in_channels  
 66/home/bingxing2/home/scx6115/Ocean_AI_model/sample_01/testpatch_size_w
[0, 1, 2, 3, 4, 5, 6, 7, 8, 9, 10, 11, 12, 13, 14, 15, 16, 17, 18, 19, 20, 21, 22, 23, 24, 25, 26, 27, 28, 29, 30, 31, 32, 33, 34, 35, 36, 37, 38, 39, 40, 41, 42, 43, 44, 45, 46, 47, 48, 49, 50, 51, 52, 53, 54, 55, 56, 57, 58, 59, 60, 61, 62, 63, 64, 65]
 N_out_channels
land_mask8 out_channels 
61 Truemlp_ratio
[0, 1, 2, 3, 4, 5, 6, 7, 8, 9, 10, 11, 12, 13, 14, 15, 16, 17, 18, 19, 20, 21, 22, 23, 24, 25, 26, 27, 28, 29, 30, 31, 32, 33, 34, 35, 36, 37, 38, 39, 40, 41, 42, 43, 44, 45, 46, 47, 48, 49, 50, 51, 52, 53, 54, 55, 56, 57, 58, 59, 60]
 img_size_h
land_mask_path4.0 N_in_channels 
720 /home/bingxing2/home/scx6115/Ocean_AI_model/sample_01/land_mask.h5embed_dim
66
 img_size_w
normalize1024 N_out_channels 
1440 Truedepth
61
 patch_size_h
normalization16 img_size_h 
8 zscorenum_heads
720
 patch_size_w
global_mins_path16 img_size_w 
8 /home/bingxing2/home/scx6115/Ocean_AI_model/sample_01/train/global_mins.npydecoder_embed_dim
1440
 mlp_ratio
global_maxs_path512 patch_size_h 
4.0 /home/bingxing2/home/scx6115/Ocean_AI_model/sample_01/train/global_maxs.npydecoder_depth
8
 embed_dim
global_means_path8 patch_size_w 
1024 /home/bingxing2/home/scx6115/Ocean_AI_model/sample_01/train/global_means.npydecoder_num_heads
8
 depth
global_stds_path16 mlp_ratio 
16 /home/bingxing2/home/scx6115/Ocean_AI_model/sample_01/train/global_stds.npykoopman_depth
4.0
 num_heads
orography2 embed_dim 
16 Truemodes_h_ratio
1024
 decoder_embed_dim
orography_norm_zscore_path1 depth 
512 /home/bingxing2/home/scx6115/Ocean_AI_model/sample_01/orography_norm_zscore.h5modes_w_ratio
16
 decoder_depth
orography_norm_maxmin_path0.8 num_heads 
8 /home/bingxing2/home/scx6115/Ocean_AI_model/sample_01/orography_norm_maxmin.h5drop_rate
16
 decoder_num_heads
add_noise0.0 decoder_embed_dim 
16 Falsedrop_path_rate
512
 koopman_depth
noise_std0.0 decoder_depth 
2 0sparsity_threshold
8
 modes_h_ratio
crop_size_x0.01 decoder_num_heads 
1 Nonehard_thresholding_fraction
16
 modes_w_ratio
crop_size_y1.0 koopman_depth 
0.8 Nonenum_blocks
2
 drop_rate
log_to_screen8 modes_h_ratio 
0.0 Trueloss
1
 drop_path_rate
save_checkpointl2 modes_w_ratio 
0.0 Truenum_data_workers
0.8
 sparsity_threshold
plot_animations0 drop_rate 
0.01 Falsedt
0.0
 hard_thresholding_fraction
1 ---------------------------------------------------drop_path_rate
1.0
 n_history
world_size :0.0 num_blocks 
0 16sparsity_threshold
8
 prediction_type
Initialize distributed process group...0.01 loss

iterative hard_thresholding_fraction
l2 prediction_length
1.0 num_data_workers
41 num_blocks
0 n_initial_conditions
8 dt
5 loss
1 ics_type
l2 n_history
default num_data_workers
0 date_strings
0 prediction_type
['2018-09-14 00:00:00'] dt
iterative save_raw_forecasts
1 prediction_length
True n_history
41 save_channel
0 n_initial_conditions
False prediction_type
5 masked_acc
iterative ics_type
False prediction_length
default maskpath
41 date_strings
None n_initial_conditions
['2018-09-14 00:00:00'] perturb
5 save_raw_forecasts
False ics_type
True add_grid
default save_channel
False date_strings
False N_grid_channels
['2018-09-14 00:00:00'] masked_acc
0 save_raw_forecasts
False gridtype
True maskpath
sinusoidal save_channel
None roll
False perturb
False masked_acc
False enable_nhwc
False add_grid
False maskpath
False optimizer_type
None N_grid_channels
FusedAdam perturb
0 exp_dir
False gridtype
./exp_15_levels add_grid
sinusoidal patch_size
False roll
8 N_grid_channels
False width
0 enable_nhwc
56 gridtype
False modes
sinusoidal optimizer_type
32 roll
FusedAdam target
False exp_dir
default enable_nhwc
./exp_15_levels train_data_path
False patch_size
/home/bingxing2/home/scx6115/Ocean_AI_model/sample_01/train optimizer_type
8 valid_data_path
FusedAdam width
/home/bingxing2/home/scx6115/Ocean_AI_model/sample_01/valid exp_dir
56 test_data_path
./exp_15_levels modes
/home/bingxing2/home/scx6115/Ocean_AI_model/sample_01/test 2023-06-29 22:27:38,535 - torch.distributed.distributed_c10d - INFO - Added key: store_based_barrier_key:1 to store for rank: 15
patch_size
32 land_mask
8 target
True width
default land_mask_path
56 train_data_path
/home/bingxing2/home/scx6115/Ocean_AI_model/sample_01/land_mask.h5 modes
/home/bingxing2/home/scx6115/Ocean_AI_model/sample_01/train normalize
32 valid_data_path
True target
/home/bingxing2/home/scx6115/Ocean_AI_model/sample_01/valid normalization
default test_data_path
zscore train_data_path
/home/bingxing2/home/scx6115/Ocean_AI_model/sample_01/test global_mins_path
/home/bingxing2/home/scx6115/Ocean_AI_model/sample_01/train land_mask
/home/bingxing2/home/scx6115/Ocean_AI_model/sample_01/train/global_mins.npy valid_data_path
True global_maxs_path
/home/bingxing2/home/scx6115/Ocean_AI_model/sample_01/valid land_mask_path
/home/bingxing2/home/scx6115/Ocean_AI_model/sample_01/train/global_maxs.npy test_data_path
/home/bingxing2/home/scx6115/Ocean_AI_model/sample_01/land_mask.h5 global_means_path
/home/bingxing2/home/scx6115/Ocean_AI_model/sample_01/test normalize
/home/bingxing2/home/scx6115/Ocean_AI_model/sample_01/train/global_means.npy land_mask
True global_stds_path
True normalization
/home/bingxing2/home/scx6115/Ocean_AI_model/sample_01/train/global_stds.npy land_mask_path
zscore orography
/home/bingxing2/home/scx6115/Ocean_AI_model/sample_01/land_mask.h5 global_mins_path
True normalize
/home/bingxing2/home/scx6115/Ocean_AI_model/sample_01/train/global_mins.npy orography_norm_zscore_path
True global_maxs_path
/home/bingxing2/home/scx6115/Ocean_AI_model/sample_01/orography_norm_zscore.h5 normalization
/home/bingxing2/home/scx6115/Ocean_AI_model/sample_01/train/global_maxs.npy orography_norm_maxmin_path
zscore global_means_path
/home/bingxing2/home/scx6115/Ocean_AI_model/sample_01/orography_norm_maxmin.h5 global_mins_path
/home/bingxing2/home/scx6115/Ocean_AI_model/sample_01/train/global_means.npy add_noise
/home/bingxing2/home/scx6115/Ocean_AI_model/sample_01/train/global_mins.npy global_stds_path
False global_maxs_path
/home/bingxing2/home/scx6115/Ocean_AI_model/sample_01/train/global_stds.npy noise_std
/home/bingxing2/home/scx6115/Ocean_AI_model/sample_01/train/global_maxs.npy orography
0 global_means_path
True crop_size_x
/home/bingxing2/home/scx6115/Ocean_AI_model/sample_01/train/global_means.npy orography_norm_zscore_path
None global_stds_path
/home/bingxing2/home/scx6115/Ocean_AI_model/sample_01/orography_norm_zscore.h5 crop_size_y
/home/bingxing2/home/scx6115/Ocean_AI_model/sample_01/train/global_stds.npy orography_norm_maxmin_path
None orography
/home/bingxing2/home/scx6115/Ocean_AI_model/sample_01/orography_norm_maxmin.h5 log_to_screen
True add_noise
True orography_norm_zscore_path
False save_checkpoint
/home/bingxing2/home/scx6115/Ocean_AI_model/sample_01/orography_norm_zscore.h5 noise_std
True orography_norm_maxmin_path
0 plot_animations
/home/bingxing2/home/scx6115/Ocean_AI_model/sample_01/orography_norm_maxmin.h5 crop_size_x
False add_noise
None 
Falsecrop_size_y---------------------------------------------------
 
noise_stdNone world_size :
0 log_to_screen
16 crop_size_x
True Initialize distributed process group...
None
save_checkpoint
 crop_size_yTrue 
Noneplot_animations
 log_to_screenFalse 
True
save_checkpoint True
plot_animations False
---------------------------------------------------
world_size : ---------------------------------------------------16

Initialize distributed process group...
world_size : 16
Initialize distributed process group...
2023-06-29 22:27:38,544 - torch.distributed.distributed_c10d - INFO - Added key: store_based_barrier_key:1 to store for rank: 13
2023-06-29 22:27:38,544 - torch.distributed.distributed_c10d - INFO - Added key: store_based_barrier_key:1 to store for rank: 14
2023-06-29 22:27:38,544 - torch.distributed.distributed_c10d - INFO - Added key: store_based_barrier_key:1 to store for rank: 12
2023-06-29 22:27:39,533 - torch.distributed.distributed_c10d - INFO - Rank 15: Completed store-based barrier for key:store_based_barrier_key:1 with 16 nodes.
2023-06-29 22:27:39,533 - torch.distributed.distributed_c10d - INFO - Rank 13: Completed store-based barrier for key:store_based_barrier_key:1 with 16 nodes.
2023-06-29 22:27:39,533 - torch.distributed.distributed_c10d - INFO - Rank 14: Completed store-based barrier for key:store_based_barrier_key:1 with 16 nodes.
2023-06-29 22:27:39,533 - torch.distributed.distributed_c10d - INFO - Rank 12: Completed store-based barrier for key:store_based_barrier_key:1 with 16 nodes.
2023-06-29 22:27:39,594 - root - INFO - device: cuda:3
2023-06-29 22:27:39,594 - root - INFO - rank 15, begin data loader init
2023-06-29 22:27:39,598 - root - INFO - device: cuda:2
2023-06-29 22:27:39,598 - root - INFO - rank 14, begin data loader init
2023-06-29 22:27:39,602 - root - INFO - device: cuda:1
2023-06-29 22:27:39,602 - root - INFO - rank 13, begin data loader init
2023-06-29 22:27:39,602 - root - INFO - device: cuda:0
2023-06-29 22:27:39,602 - root - INFO - rank 12, begin data loader init
2023-06-29 22:27:39,629 - root - INFO - Getting file stats from /home/bingxing2/home/scx6115/Ocean_AI_model/sample_01/train/2000.h5
2023-06-29 22:27:39,629 - root - INFO - Getting file stats from /home/bingxing2/home/scx6115/Ocean_AI_model/sample_01/train/2000.h5
2023-06-29 22:27:39,629 - root - INFO - Getting file stats from /home/bingxing2/home/scx6115/Ocean_AI_model/sample_01/train/2000.h5
2023-06-29 22:27:39,629 - root - INFO - Getting file stats from /home/bingxing2/home/scx6115/Ocean_AI_model/sample_01/train/2000.h5
2023-06-29 22:27:39,630 - root - INFO - Number of samples per year: 365
2023-06-29 22:27:39,630 - root - INFO - Found data at path /home/bingxing2/home/scx6115/Ocean_AI_model/sample_01/train. Number of examples: 4015. Image Shape: 720 x 1440 x 66
2023-06-29 22:27:39,630 - root - INFO - Number of samples per year: 365
2023-06-29 22:27:39,630 - root - INFO - Delta t: 1 days
2023-06-29 22:27:39,630 - root - INFO - Number of samples per year: 365
2023-06-29 22:27:39,630 - root - INFO - Including 0 days of past history in training at a frequency of 1 days
2023-06-29 22:27:39,630 - root - INFO - Found data at path /home/bingxing2/home/scx6115/Ocean_AI_model/sample_01/train. Number of examples: 4015. Image Shape: 720 x 1440 x 66
2023-06-29 22:27:39,630 - root - INFO - Number of samples per year: 365
2023-06-29 22:27:39,631 - root - INFO - Found data at path /home/bingxing2/home/scx6115/Ocean_AI_model/sample_01/train. Number of examples: 4015. Image Shape: 720 x 1440 x 66
2023-06-29 22:27:39,631 - root - INFO - Delta t: 1 days
2023-06-29 22:27:39,631 - root - INFO - Found data at path /home/bingxing2/home/scx6115/Ocean_AI_model/sample_01/train. Number of examples: 4015. Image Shape: 720 x 1440 x 66
2023-06-29 22:27:39,631 - root - INFO - Delta t: 1 days
2023-06-29 22:27:39,631 - root - INFO - Including 0 days of past history in training at a frequency of 1 days
2023-06-29 22:27:39,631 - root - INFO - Delta t: 1 days
2023-06-29 22:27:39,631 - root - INFO - Including 0 days of past history in training at a frequency of 1 days
2023-06-29 22:27:39,631 - root - INFO - Including 0 days of past history in training at a frequency of 1 days
2023-06-29 22:27:39,673 - root - INFO - Getting file stats from /home/bingxing2/home/scx6115/Ocean_AI_model/sample_01/valid/2011.h5
2023-06-29 22:27:39,673 - root - INFO - Getting file stats from /home/bingxing2/home/scx6115/Ocean_AI_model/sample_01/valid/2011.h5
2023-06-29 22:27:39,673 - root - INFO - Getting file stats from /home/bingxing2/home/scx6115/Ocean_AI_model/sample_01/valid/2011.h5
2023-06-29 22:27:39,673 - root - INFO - Getting file stats from /home/bingxing2/home/scx6115/Ocean_AI_model/sample_01/valid/2011.h5
2023-06-29 22:27:39,674 - root - INFO - Number of samples per year: 364
2023-06-29 22:27:39,674 - root - INFO - Number of samples per year: 364
2023-06-29 22:27:39,674 - root - INFO - Number of samples per year: 364
2023-06-29 22:27:39,674 - root - INFO - Found data at path /home/bingxing2/home/scx6115/Ocean_AI_model/sample_01/valid. Number of examples: 364. Image Shape: 720 x 1440 x 66
2023-06-29 22:27:39,675 - root - INFO - Found data at path /home/bingxing2/home/scx6115/Ocean_AI_model/sample_01/valid. Number of examples: 364. Image Shape: 720 x 1440 x 66
2023-06-29 22:27:39,675 - root - INFO - Number of samples per year: 364
2023-06-29 22:27:39,675 - root - INFO - Found data at path /home/bingxing2/home/scx6115/Ocean_AI_model/sample_01/valid. Number of examples: 364. Image Shape: 720 x 1440 x 66
2023-06-29 22:27:39,675 - root - INFO - Delta t: 1 days
2023-06-29 22:27:39,675 - root - INFO - Delta t: 1 days
2023-06-29 22:27:39,675 - root - INFO - Found data at path /home/bingxing2/home/scx6115/Ocean_AI_model/sample_01/valid. Number of examples: 364. Image Shape: 720 x 1440 x 66
2023-06-29 22:27:39,675 - root - INFO - Delta t: 1 days
2023-06-29 22:27:39,675 - root - INFO - Including 0 days of past history in training at a frequency of 1 days
2023-06-29 22:27:39,675 - root - INFO - Including 0 days of past history in training at a frequency of 1 days
2023-06-29 22:27:39,675 - root - INFO - Delta t: 1 days
2023-06-29 22:27:39,675 - root - INFO - Including 0 days of past history in training at a frequency of 1 days
2023-06-29 22:27:39,675 - root - INFO - Including 0 days of past history in training at a frequency of 1 days
2023-06-29 22:27:39,675 - root - INFO - rank 15, data loader initialized
2023-06-29 22:27:39,675 - root - INFO - rank 13, data loader initialized
2023-06-29 22:27:39,675 - root - INFO - rank 14, data loader initialized
2023-06-29 22:27:39,675 - root - INFO - rank 12, data loader initialized
paraai-n32-h-01-agent-95:744917:744917 [0] NCCL INFO cudaDriverVersion 11060
paraai-n32-h-01-agent-95:744918:744918 [1] NCCL INFO cudaDriverVersion 11060
paraai-n32-h-01-agent-95:744920:744920 [3] NCCL INFO cudaDriverVersion 11060
paraai-n32-h-01-agent-95:744919:744919 [2] NCCL INFO cudaDriverVersion 11060
paraai-n32-h-01-agent-95:744919:744919 [2] NCCL INFO Bootstrap : Using eth0:172.16.4.203<0>
paraai-n32-h-01-agent-95:744918:744918 [1] NCCL INFO Bootstrap : Using eth0:172.16.4.203<0>
paraai-n32-h-01-agent-95:744917:744917 [0] NCCL INFO Bootstrap : Using eth0:172.16.4.203<0>
paraai-n32-h-01-agent-95:744920:744920 [3] NCCL INFO Bootstrap : Using eth0:172.16.4.203<0>
paraai-n32-h-01-agent-95:744919:744919 [2] NCCL INFO NET/Plugin : No plugin found (libnccl-net.so), using internal implementation
paraai-n32-h-01-agent-95:744918:744918 [1] NCCL INFO NET/Plugin : No plugin found (libnccl-net.so), using internal implementation
paraai-n32-h-01-agent-95:744917:744917 [0] NCCL INFO NET/Plugin : No plugin found (libnccl-net.so), using internal implementation
paraai-n32-h-01-agent-95:744920:744920 [3] NCCL INFO NET/Plugin : No plugin found (libnccl-net.so), using internal implementation
paraai-n32-h-01-agent-95:744920:745875 [3] NCCL INFO NET/IB : Using [0]mlx5_0:1/RoCE [1]mlx5_2:1/RoCE [RO]; OOB eth0:172.16.4.203<0>
paraai-n32-h-01-agent-95:744920:745875 [3] NCCL INFO Using network IB
paraai-n32-h-01-agent-95:744918:745873 [1] NCCL INFO NET/IB : Using [0]mlx5_0:1/RoCE [1]mlx5_2:1/RoCE [RO]; OOB eth0:172.16.4.203<0>
paraai-n32-h-01-agent-95:744917:745874 [0] NCCL INFO NET/IB : Using [0]mlx5_0:1/RoCE [1]mlx5_2:1/RoCE [RO]; OOB eth0:172.16.4.203<0>
paraai-n32-h-01-agent-95:744918:745873 [1] NCCL INFO Using network IB
paraai-n32-h-01-agent-95:744917:745874 [0] NCCL INFO Using network IB
paraai-n32-h-01-agent-95:744919:745872 [2] NCCL INFO NET/IB : Using [0]mlx5_0:1/RoCE [1]mlx5_2:1/RoCE [RO]; OOB eth0:172.16.4.203<0>
paraai-n32-h-01-agent-95:744919:745872 [2] NCCL INFO Using network IB
paraai-n32-h-01-agent-95:744918:745873 [1] NCCL INFO Setting affinity for GPU 1 to ffffffff
paraai-n32-h-01-agent-95:744917:745874 [0] NCCL INFO Setting affinity for GPU 0 to ffffffff
paraai-n32-h-01-agent-95:744919:745872 [2] NCCL INFO Setting affinity for GPU 2 to ffffffff,00000000,00000000
paraai-n32-h-01-agent-95:744920:745875 [3] NCCL INFO Setting affinity for GPU 3 to ffffffff,00000000,00000000
paraai-n32-h-01-agent-95:744917:745874 [0] NCCL INFO NCCL_MAX_NCHANNELS set by environment to 16.
paraai-n32-h-01-agent-95:744920:745875 [3] NCCL INFO NCCL_MAX_NCHANNELS set by environment to 16.
paraai-n32-h-01-agent-95:744919:745872 [2] NCCL INFO NCCL_MAX_NCHANNELS set by environment to 16.
paraai-n32-h-01-agent-95:744918:745873 [1] NCCL INFO NCCL_MAX_NCHANNELS set by environment to 16.
paraai-n32-h-01-agent-95:744917:745874 [0] NCCL INFO NCCL_MIN_NCHANNELS set by environment to 16.
paraai-n32-h-01-agent-95:744920:745875 [3] NCCL INFO NCCL_MIN_NCHANNELS set by environment to 16.
paraai-n32-h-01-agent-95:744919:745872 [2] NCCL INFO NCCL_MIN_NCHANNELS set by environment to 16.
paraai-n32-h-01-agent-95:744918:745873 [1] NCCL INFO NCCL_MIN_NCHANNELS set by environment to 16.
paraai-n32-h-01-agent-95:744917:745874 [0] NCCL INFO Trees [0] 13/-1/-1->12->8 [1] 13/-1/-1->12->15 [2] 13/4/-1->12->-1 [3] 13/-1/-1->12->15 [4] 13/-1/-1->12->8 [5] 13/-1/-1->12->15 [6] 13/4/-1->12->-1 [7] 13/-1/-1->12->15 [8] 13/-1/-1->12->8 [9] 13/-1/-1->12->15 [10] 13/4/-1->12->-1 [11] 13/-1/-1->12->15 [12] 13/-1/-1->12->8 [13] 13/-1/-1->12->15 [14] 13/4/-1->12->-1 [15] 13/-1/-1->12->15
paraai-n32-h-01-agent-95:744920:745875 [3] NCCL INFO Trees [0] -1/-1/-1->15->14 [1] 12/-1/-1->15->14 [2] -1/-1/-1->15->14 [3] 12/-1/-1->15->14 [4] -1/-1/-1->15->14 [5] 12/-1/-1->15->14 [6] -1/-1/-1->15->14 [7] 12/-1/-1->15->14 [8] -1/-1/-1->15->14 [9] 12/-1/-1->15->14 [10] -1/-1/-1->15->14 [11] 12/-1/-1->15->14 [12] -1/-1/-1->15->14 [13] 12/-1/-1->15->14 [14] -1/-1/-1->15->14 [15] 12/-1/-1->15->14
paraai-n32-h-01-agent-95:744919:745872 [2] NCCL INFO Trees [0] 15/-1/-1->14->13 [1] 15/-1/-1->14->10 [2] 15/-1/-1->14->13 [3] 15/6/-1->14->-1 [4] 15/-1/-1->14->13 [5] 15/-1/-1->14->10 [6] 15/-1/-1->14->13 [7] 15/6/-1->14->-1 [8] 15/-1/-1->14->13 [9] 15/-1/-1->14->10 [10] 15/-1/-1->14->13 [11] 15/6/-1->14->-1 [12] 15/-1/-1->14->13 [13] 15/-1/-1->14->10 [14] 15/-1/-1->14->13 [15] 15/6/-1->14->-1
paraai-n32-h-01-agent-95:744918:745873 [1] NCCL INFO Trees [0] 14/-1/-1->13->12 [1] -1/-1/-1->13->12 [2] 14/-1/-1->13->12 [3] -1/-1/-1->13->12 [4] 14/-1/-1->13->12 [5] -1/-1/-1->13->12 [6] 14/-1/-1->13->12 [7] -1/-1/-1->13->12 [8] 14/-1/-1->13->12 [9] -1/-1/-1->13->12 [10] 14/-1/-1->13->12 [11] -1/-1/-1->13->12 [12] 14/-1/-1->13->12 [13] -1/-1/-1->13->12 [14] 14/-1/-1->13->12 [15] -1/-1/-1->13->12
paraai-n32-h-01-agent-95:744917:745874 [0] NCCL INFO Channel 00/0 : 11[82000] -> 12[1000] [receive] via NET/IB/0
paraai-n32-h-01-agent-95:744919:745872 [2] NCCL INFO Channel 00 : 14[81000] -> 15[82000] via SHM/direct/direct
paraai-n32-h-01-agent-95:744919:745872 [2] NCCL INFO Channel 01 : 14[81000] -> 15[82000] via SHM/direct/direct
paraai-n32-h-01-agent-95:744919:745872 [2] NCCL INFO Channel 02 : 14[81000] -> 15[82000] via SHM/direct/direct
paraai-n32-h-01-agent-95:744919:745872 [2] NCCL INFO Channel 03 : 14[81000] -> 15[82000] via SHM/direct/direct
paraai-n32-h-01-agent-95:744919:745872 [2] NCCL INFO Channel 04 : 14[81000] -> 15[82000] via SHM/direct/direct
paraai-n32-h-01-agent-95:744919:745872 [2] NCCL INFO Channel 05 : 14[81000] -> 15[82000] via SHM/direct/direct
paraai-n32-h-01-agent-95:744919:745872 [2] NCCL INFO Channel 06 : 14[81000] -> 15[82000] via SHM/direct/direct
paraai-n32-h-01-agent-95:744919:745872 [2] NCCL INFO Channel 07 : 14[81000] -> 15[82000] via SHM/direct/direct
paraai-n32-h-01-agent-95:744918:745873 [1] NCCL INFO Channel 00 : 13[2000] -> 14[81000] via SHM/direct/direct
paraai-n32-h-01-agent-95:744919:745872 [2] NCCL INFO Channel 08 : 14[81000] -> 15[82000] via SHM/direct/direct
paraai-n32-h-01-agent-95:744918:745873 [1] NCCL INFO Channel 02 : 13[2000] -> 14[81000] via SHM/direct/direct
paraai-n32-h-01-agent-95:744919:745872 [2] NCCL INFO Channel 09 : 14[81000] -> 15[82000] via SHM/direct/direct
paraai-n32-h-01-agent-95:744918:745873 [1] NCCL INFO Channel 04 : 13[2000] -> 14[81000] via SHM/direct/direct
paraai-n32-h-01-agent-95:744919:745872 [2] NCCL INFO Channel 10 : 14[81000] -> 15[82000] via SHM/direct/direct
paraai-n32-h-01-agent-95:744918:745873 [1] NCCL INFO Channel 06 : 13[2000] -> 14[81000] via SHM/direct/direct
paraai-n32-h-01-agent-95:744919:745872 [2] NCCL INFO Channel 11 : 14[81000] -> 15[82000] via SHM/direct/direct
paraai-n32-h-01-agent-95:744918:745873 [1] NCCL INFO Channel 08 : 13[2000] -> 14[81000] via SHM/direct/direct
paraai-n32-h-01-agent-95:744919:745872 [2] NCCL INFO Channel 12 : 14[81000] -> 15[82000] via SHM/direct/direct
paraai-n32-h-01-agent-95:744918:745873 [1] NCCL INFO Channel 10 : 13[2000] -> 14[81000] via SHM/direct/direct
paraai-n32-h-01-agent-95:744919:745872 [2] NCCL INFO Channel 13 : 14[81000] -> 15[82000] via SHM/direct/direct
paraai-n32-h-01-agent-95:744918:745873 [1] NCCL INFO Channel 12 : 13[2000] -> 14[81000] via SHM/direct/direct
paraai-n32-h-01-agent-95:744919:745872 [2] NCCL INFO Channel 14 : 14[81000] -> 15[82000] via SHM/direct/direct
paraai-n32-h-01-agent-95:744918:745873 [1] NCCL INFO Channel 14 : 13[2000] -> 14[81000] via SHM/direct/direct
paraai-n32-h-01-agent-95:744919:745872 [2] NCCL INFO Channel 15 : 14[81000] -> 15[82000] via SHM/direct/direct
paraai-n32-h-01-agent-95:744920:745875 [3] NCCL INFO Channel 00/0 : 15[82000] -> 0[1000] [send] via NET/IB/1
paraai-n32-h-01-agent-95:744917:745874 [0] NCCL INFO Channel 02/0 : 11[82000] -> 12[1000] [receive] via NET/IB/0
paraai-n32-h-01-agent-95:744920:745875 [3] NCCL INFO Channel 02/0 : 15[82000] -> 0[1000] [send] via NET/IB/1
paraai-n32-h-01-agent-95:744917:745874 [0] NCCL INFO Channel 04/0 : 11[82000] -> 12[1000] [receive] via NET/IB/0
paraai-n32-h-01-agent-95:744920:745875 [3] NCCL INFO Channel 04/0 : 15[82000] -> 0[1000] [send] via NET/IB/1
paraai-n32-h-01-agent-95:744917:745874 [0] NCCL INFO Channel 06/0 : 11[82000] -> 12[1000] [receive] via NET/IB/0
paraai-n32-h-01-agent-95:744920:745875 [3] NCCL INFO Channel 06/0 : 15[82000] -> 0[1000] [send] via NET/IB/1
paraai-n32-h-01-agent-95:744920:745875 [3] NCCL INFO Channel 08/0 : 15[82000] -> 0[1000] [send] via NET/IB/1
paraai-n32-h-01-agent-95:744920:745875 [3] NCCL INFO Channel 10/0 : 15[82000] -> 0[1000] [send] via NET/IB/1
paraai-n32-h-01-agent-95:744917:745874 [0] NCCL INFO Channel 08/0 : 11[82000] -> 12[1000] [receive] via NET/IB/0
paraai-n32-h-01-agent-95:744920:745875 [3] NCCL INFO Channel 12/0 : 15[82000] -> 0[1000] [send] via NET/IB/1
paraai-n32-h-01-agent-95:744917:745874 [0] NCCL INFO Channel 10/0 : 11[82000] -> 12[1000] [receive] via NET/IB/0
paraai-n32-h-01-agent-95:744920:745875 [3] NCCL INFO Channel 14/0 : 15[82000] -> 0[1000] [send] via NET/IB/1
paraai-n32-h-01-agent-95:744919:745872 [2] NCCL INFO Channel 01/0 : 8[1000] -> 14[81000] [receive] via NET/IB/1
paraai-n32-h-01-agent-95:744920:745888 [3] NCCL INFO NCCL_IB_GID_INDEX set by environment to 3.
paraai-n32-h-01-agent-95:744917:745874 [0] NCCL INFO Channel 12/0 : 11[82000] -> 12[1000] [receive] via NET/IB/0
paraai-n32-h-01-agent-95:744919:745872 [2] NCCL INFO Channel 03/0 : 8[1000] -> 14[81000] [receive] via NET/IB/1
paraai-n32-h-01-agent-95:744917:745874 [0] NCCL INFO Channel 14/0 : 11[82000] -> 12[1000] [receive] via NET/IB/0
paraai-n32-h-01-agent-95:744917:745874 [0] NCCL INFO Channel 00 : 12[1000] -> 13[2000] via SHM/direct/direct
paraai-n32-h-01-agent-95:744917:745874 [0] NCCL INFO Channel 02 : 12[1000] -> 13[2000] via SHM/direct/direct
paraai-n32-h-01-agent-95:744917:745874 [0] NCCL INFO Channel 04 : 12[1000] -> 13[2000] via SHM/direct/direct
paraai-n32-h-01-agent-95:744917:745874 [0] NCCL INFO Channel 06 : 12[1000] -> 13[2000] via SHM/direct/direct
paraai-n32-h-01-agent-95:744917:745874 [0] NCCL INFO Channel 08 : 12[1000] -> 13[2000] via SHM/direct/direct
paraai-n32-h-01-agent-95:744917:745874 [0] NCCL INFO Channel 10 : 12[1000] -> 13[2000] via SHM/direct/direct
paraai-n32-h-01-agent-95:744917:745874 [0] NCCL INFO Channel 12 : 12[1000] -> 13[2000] via SHM/direct/direct
paraai-n32-h-01-agent-95:744917:745874 [0] NCCL INFO Channel 14 : 12[1000] -> 13[2000] via SHM/direct/direct
paraai-n32-h-01-agent-95:744917:745886 [0] NCCL INFO NCCL_IB_GID_INDEX set by environment to 3.
paraai-n32-h-01-agent-95:744919:745872 [2] NCCL INFO Channel 05/0 : 8[1000] -> 14[81000] [receive] via NET/IB/1
paraai-n32-h-01-agent-95:744920:745875 [3] NCCL INFO Channel 01 : 15[82000] -> 13[2000] via SHM/direct/direct
paraai-n32-h-01-agent-95:744920:745875 [3] NCCL INFO Channel 03 : 15[82000] -> 13[2000] via SHM/direct/direct
paraai-n32-h-01-agent-95:744920:745875 [3] NCCL INFO Channel 05 : 15[82000] -> 13[2000] via SHM/direct/direct
paraai-n32-h-01-agent-95:744920:745875 [3] NCCL INFO Channel 07 : 15[82000] -> 13[2000] via SHM/direct/direct
paraai-n32-h-01-agent-95:744920:745875 [3] NCCL INFO Channel 09 : 15[82000] -> 13[2000] via SHM/direct/direct
paraai-n32-h-01-agent-95:744920:745875 [3] NCCL INFO Channel 11 : 15[82000] -> 13[2000] via SHM/direct/direct
paraai-n32-h-01-agent-95:744920:745875 [3] NCCL INFO Channel 13 : 15[82000] -> 13[2000] via SHM/direct/direct
paraai-n32-h-01-agent-95:744920:745875 [3] NCCL INFO Channel 15 : 15[82000] -> 13[2000] via SHM/direct/direct
paraai-n32-h-01-agent-95:744918:745873 [1] NCCL INFO Channel 01 : 13[2000] -> 12[1000] via SHM/direct/direct
paraai-n32-h-01-agent-95:744918:745873 [1] NCCL INFO Channel 03 : 13[2000] -> 12[1000] via SHM/direct/direct
paraai-n32-h-01-agent-95:744918:745873 [1] NCCL INFO Channel 05 : 13[2000] -> 12[1000] via SHM/direct/direct
paraai-n32-h-01-agent-95:744918:745873 [1] NCCL INFO Channel 07 : 13[2000] -> 12[1000] via SHM/direct/direct
paraai-n32-h-01-agent-95:744918:745873 [1] NCCL INFO Channel 09 : 13[2000] -> 12[1000] via SHM/direct/direct
paraai-n32-h-01-agent-95:744918:745873 [1] NCCL INFO Channel 11 : 13[2000] -> 12[1000] via SHM/direct/direct
paraai-n32-h-01-agent-95:744918:745873 [1] NCCL INFO Channel 13 : 13[2000] -> 12[1000] via SHM/direct/direct
paraai-n32-h-01-agent-95:744918:745873 [1] NCCL INFO Channel 15 : 13[2000] -> 12[1000] via SHM/direct/direct
paraai-n32-h-01-agent-95:744920:745875 [3] NCCL INFO Connected all rings
paraai-n32-h-01-agent-95:744919:745872 [2] NCCL INFO Channel 07/0 : 8[1000] -> 14[81000] [receive] via NET/IB/1
paraai-n32-h-01-agent-95:744919:745872 [2] NCCL INFO Channel 09/0 : 8[1000] -> 14[81000] [receive] via NET/IB/1
paraai-n32-h-01-agent-95:744917:745874 [0] NCCL INFO Channel 01/0 : 12[1000] -> 2[81000] [send] via NET/IB/0
paraai-n32-h-01-agent-95:744919:745872 [2] NCCL INFO Channel 11/0 : 8[1000] -> 14[81000] [receive] via NET/IB/1
paraai-n32-h-01-agent-95:744917:745874 [0] NCCL INFO Channel 03/0 : 12[1000] -> 2[81000] [send] via NET/IB/0
paraai-n32-h-01-agent-95:744919:745872 [2] NCCL INFO Channel 13/0 : 8[1000] -> 14[81000] [receive] via NET/IB/1
paraai-n32-h-01-agent-95:744919:745872 [2] NCCL INFO Channel 15/0 : 8[1000] -> 14[81000] [receive] via NET/IB/1
paraai-n32-h-01-agent-95:744917:745874 [0] NCCL INFO Channel 05/0 : 12[1000] -> 2[81000] [send] via NET/IB/0
paraai-n32-h-01-agent-95:744917:745874 [0] NCCL INFO Channel 07/0 : 12[1000] -> 2[81000] [send] via NET/IB/0
paraai-n32-h-01-agent-95:744917:745874 [0] NCCL INFO Channel 09/0 : 12[1000] -> 2[81000] [send] via NET/IB/0
paraai-n32-h-01-agent-95:744917:745874 [0] NCCL INFO Channel 11/0 : 12[1000] -> 2[81000] [send] via NET/IB/0
paraai-n32-h-01-agent-95:744917:745874 [0] NCCL INFO Channel 13/0 : 12[1000] -> 2[81000] [send] via NET/IB/0
paraai-n32-h-01-agent-95:744919:745887 [2] NCCL INFO NCCL_IB_GID_INDEX set by environment to 3.
paraai-n32-h-01-agent-95:744919:745872 [2] NCCL INFO Connected all rings
paraai-n32-h-01-agent-95:744917:745874 [0] NCCL INFO Channel 15/0 : 12[1000] -> 2[81000] [send] via NET/IB/0
paraai-n32-h-01-agent-95:744917:745874 [0] NCCL INFO Connected all rings
paraai-n32-h-01-agent-95:744917:745874 [0] NCCL INFO Channel 01 : 12[1000] -> 13[2000] via SHM/direct/direct
paraai-n32-h-01-agent-95:744917:745874 [0] NCCL INFO Channel 03 : 12[1000] -> 13[2000] via SHM/direct/direct
paraai-n32-h-01-agent-95:744917:745874 [0] NCCL INFO Channel 05 : 12[1000] -> 13[2000] via SHM/direct/direct
paraai-n32-h-01-agent-95:744917:745874 [0] NCCL INFO Channel 07 : 12[1000] -> 13[2000] via SHM/direct/direct
paraai-n32-h-01-agent-95:744917:745874 [0] NCCL INFO Channel 09 : 12[1000] -> 13[2000] via SHM/direct/direct
paraai-n32-h-01-agent-95:744917:745874 [0] NCCL INFO Channel 11 : 12[1000] -> 13[2000] via SHM/direct/direct
paraai-n32-h-01-agent-95:744917:745874 [0] NCCL INFO Channel 13 : 12[1000] -> 13[2000] via SHM/direct/direct
paraai-n32-h-01-agent-95:744917:745874 [0] NCCL INFO Channel 15 : 12[1000] -> 13[2000] via SHM/direct/direct
paraai-n32-h-01-agent-95:744918:745873 [1] NCCL INFO Connected all rings
paraai-n32-h-01-agent-95:744919:745872 [2] NCCL INFO Channel 01/0 : 10[81000] -> 14[81000] [receive] via NET/IB/1
paraai-n32-h-01-agent-95:744917:745874 [0] NCCL INFO Channel 01 : 12[1000] -> 15[82000] via SHM/direct/direct
paraai-n32-h-01-agent-95:744917:745874 [0] NCCL INFO Channel 03 : 12[1000] -> 15[82000] via SHM/direct/direct
paraai-n32-h-01-agent-95:744917:745874 [0] NCCL INFO Channel 05 : 12[1000] -> 15[82000] via SHM/direct/direct
paraai-n32-h-01-agent-95:744917:745874 [0] NCCL INFO Channel 07 : 12[1000] -> 15[82000] via SHM/direct/direct
paraai-n32-h-01-agent-95:744917:745874 [0] NCCL INFO Channel 09 : 12[1000] -> 15[82000] via SHM/direct/direct
paraai-n32-h-01-agent-95:744917:745874 [0] NCCL INFO Channel 11 : 12[1000] -> 15[82000] via SHM/direct/direct
paraai-n32-h-01-agent-95:744917:745874 [0] NCCL INFO Channel 13 : 12[1000] -> 15[82000] via SHM/direct/direct
paraai-n32-h-01-agent-95:744917:745874 [0] NCCL INFO Channel 15 : 12[1000] -> 15[82000] via SHM/direct/direct
paraai-n32-h-01-agent-95:744920:745875 [3] NCCL INFO Channel 01 : 15[82000] -> 12[1000] via SHM/direct/direct
paraai-n32-h-01-agent-95:744920:745875 [3] NCCL INFO Channel 03 : 15[82000] -> 12[1000] via SHM/direct/direct
paraai-n32-h-01-agent-95:744920:745875 [3] NCCL INFO Channel 05 : 15[82000] -> 12[1000] via SHM/direct/direct
paraai-n32-h-01-agent-95:744920:745875 [3] NCCL INFO Channel 07 : 15[82000] -> 12[1000] via SHM/direct/direct
paraai-n32-h-01-agent-95:744920:745875 [3] NCCL INFO Channel 09 : 15[82000] -> 12[1000] via SHM/direct/direct
paraai-n32-h-01-agent-95:744920:745875 [3] NCCL INFO Channel 11 : 15[82000] -> 12[1000] via SHM/direct/direct
paraai-n32-h-01-agent-95:744920:745875 [3] NCCL INFO Channel 13 : 15[82000] -> 12[1000] via SHM/direct/direct
paraai-n32-h-01-agent-95:744918:745873 [1] NCCL INFO Channel 00 : 13[2000] -> 12[1000] via SHM/direct/direct
paraai-n32-h-01-agent-95:744920:745875 [3] NCCL INFO Channel 15 : 15[82000] -> 12[1000] via SHM/direct/direct
paraai-n32-h-01-agent-95:744918:745873 [1] NCCL INFO Channel 02 : 13[2000] -> 12[1000] via SHM/direct/direct
paraai-n32-h-01-agent-95:744918:745873 [1] NCCL INFO Channel 04 : 13[2000] -> 12[1000] via SHM/direct/direct
paraai-n32-h-01-agent-95:744918:745873 [1] NCCL INFO Channel 06 : 13[2000] -> 12[1000] via SHM/direct/direct
paraai-n32-h-01-agent-95:744918:745873 [1] NCCL INFO Channel 08 : 13[2000] -> 12[1000] via SHM/direct/direct
paraai-n32-h-01-agent-95:744918:745873 [1] NCCL INFO Channel 10 : 13[2000] -> 12[1000] via SHM/direct/direct
paraai-n32-h-01-agent-95:744918:745873 [1] NCCL INFO Channel 12 : 13[2000] -> 12[1000] via SHM/direct/direct
paraai-n32-h-01-agent-95:744918:745873 [1] NCCL INFO Channel 14 : 13[2000] -> 12[1000] via SHM/direct/direct
paraai-n32-h-01-agent-95:744919:745872 [2] NCCL INFO Channel 05/0 : 10[81000] -> 14[81000] [receive] via NET/IB/1
paraai-n32-h-01-agent-95:744917:745874 [0] NCCL INFO Channel 00/0 : 8[1000] -> 12[1000] [receive] via NET/IB/0
paraai-n32-h-01-agent-95:744919:745872 [2] NCCL INFO Channel 09/0 : 10[81000] -> 14[81000] [receive] via NET/IB/1
paraai-n32-h-01-agent-95:744917:745874 [0] NCCL INFO Channel 04/0 : 8[1000] -> 12[1000] [receive] via NET/IB/0
paraai-n32-h-01-agent-95:744919:745872 [2] NCCL INFO Channel 13/0 : 10[81000] -> 14[81000] [receive] via NET/IB/1
paraai-n32-h-01-agent-95:744917:745874 [0] NCCL INFO Channel 08/0 : 8[1000] -> 12[1000] [receive] via NET/IB/0
paraai-n32-h-01-agent-95:744917:745874 [0] NCCL INFO Channel 12/0 : 8[1000] -> 12[1000] [receive] via NET/IB/0
paraai-n32-h-01-agent-95:744919:745872 [2] NCCL INFO Channel 03/0 : 6[81000] -> 14[81000] [receive] via NET/IB/1
paraai-n32-h-01-agent-95:744919:745872 [2] NCCL INFO Channel 07/0 : 6[81000] -> 14[81000] [receive] via NET/IB/1
paraai-n32-h-01-agent-95:744917:745874 [0] NCCL INFO Channel 02/0 : 4[1000] -> 12[1000] [receive] via NET/IB/0
paraai-n32-h-01-agent-95:744919:745872 [2] NCCL INFO Channel 11/0 : 6[81000] -> 14[81000] [receive] via NET/IB/1
paraai-n32-h-01-agent-95:744917:745874 [0] NCCL INFO Channel 06/0 : 4[1000] -> 12[1000] [receive] via NET/IB/0
paraai-n32-h-01-agent-95:744919:745872 [2] NCCL INFO Channel 15/0 : 6[81000] -> 14[81000] [receive] via NET/IB/1
paraai-n32-h-01-agent-95:744917:745874 [0] NCCL INFO Channel 10/0 : 4[1000] -> 12[1000] [receive] via NET/IB/0
paraai-n32-h-01-agent-95:744919:745872 [2] NCCL INFO Channel 03/0 : 14[81000] -> 6[81000] [send] via NET/IB/1
paraai-n32-h-01-agent-95:744917:745874 [0] NCCL INFO Channel 14/0 : 4[1000] -> 12[1000] [receive] via NET/IB/0
paraai-n32-h-01-agent-95:744919:745872 [2] NCCL INFO Channel 07/0 : 14[81000] -> 6[81000] [send] via NET/IB/1
paraai-n32-h-01-agent-95:744917:745874 [0] NCCL INFO Channel 02/0 : 12[1000] -> 4[1000] [send] via NET/IB/0
paraai-n32-h-01-agent-95:744919:745872 [2] NCCL INFO Channel 11/0 : 14[81000] -> 6[81000] [send] via NET/IB/1
paraai-n32-h-01-agent-95:744917:745874 [0] NCCL INFO Channel 06/0 : 12[1000] -> 4[1000] [send] via NET/IB/0
paraai-n32-h-01-agent-95:744919:745872 [2] NCCL INFO Channel 15/0 : 14[81000] -> 6[81000] [send] via NET/IB/1
paraai-n32-h-01-agent-95:744917:745874 [0] NCCL INFO Channel 10/0 : 12[1000] -> 4[1000] [send] via NET/IB/0
paraai-n32-h-01-agent-95:744917:745874 [0] NCCL INFO Channel 14/0 : 12[1000] -> 4[1000] [send] via NET/IB/0
paraai-n32-h-01-agent-95:744919:745872 [2] NCCL INFO Channel 01/0 : 14[81000] -> 10[81000] [send] via NET/IB/1
paraai-n32-h-01-agent-95:744919:745872 [2] NCCL INFO Channel 05/0 : 14[81000] -> 10[81000] [send] via NET/IB/1
paraai-n32-h-01-agent-95:744917:745874 [0] NCCL INFO Channel 00/0 : 12[1000] -> 8[1000] [send] via NET/IB/0
paraai-n32-h-01-agent-95:744919:745872 [2] NCCL INFO Channel 09/0 : 14[81000] -> 10[81000] [send] via NET/IB/1
paraai-n32-h-01-agent-95:744917:745874 [0] NCCL INFO Channel 04/0 : 12[1000] -> 8[1000] [send] via NET/IB/0
paraai-n32-h-01-agent-95:744917:745874 [0] NCCL INFO Channel 08/0 : 12[1000] -> 8[1000] [send] via NET/IB/0
paraai-n32-h-01-agent-95:744919:745872 [2] NCCL INFO Channel 13/0 : 14[81000] -> 10[81000] [send] via NET/IB/1
paraai-n32-h-01-agent-95:744919:745872 [2] NCCL INFO Channel 00 : 14[81000] -> 13[2000] via SHM/direct/direct
paraai-n32-h-01-agent-95:744919:745872 [2] NCCL INFO Channel 02 : 14[81000] -> 13[2000] via SHM/direct/direct
paraai-n32-h-01-agent-95:744919:745872 [2] NCCL INFO Channel 04 : 14[81000] -> 13[2000] via SHM/direct/direct
paraai-n32-h-01-agent-95:744919:745872 [2] NCCL INFO Channel 06 : 14[81000] -> 13[2000] via SHM/direct/direct
paraai-n32-h-01-agent-95:744919:745872 [2] NCCL INFO Channel 08 : 14[81000] -> 13[2000] via SHM/direct/direct
paraai-n32-h-01-agent-95:744919:745872 [2] NCCL INFO Channel 10 : 14[81000] -> 13[2000] via SHM/direct/direct
paraai-n32-h-01-agent-95:744919:745872 [2] NCCL INFO Channel 12 : 14[81000] -> 13[2000] via SHM/direct/direct
paraai-n32-h-01-agent-95:744919:745872 [2] NCCL INFO Channel 14 : 14[81000] -> 13[2000] via SHM/direct/direct
paraai-n32-h-01-agent-95:744917:745874 [0] NCCL INFO Channel 12/0 : 12[1000] -> 8[1000] [send] via NET/IB/0
paraai-n32-h-01-agent-95:744920:745875 [3] NCCL INFO Channel 00 : 15[82000] -> 14[81000] via SHM/direct/direct
paraai-n32-h-01-agent-95:744920:745875 [3] NCCL INFO Channel 01 : 15[82000] -> 14[81000] via SHM/direct/direct
paraai-n32-h-01-agent-95:744920:745875 [3] NCCL INFO Channel 02 : 15[82000] -> 14[81000] via SHM/direct/direct
paraai-n32-h-01-agent-95:744920:745875 [3] NCCL INFO Channel 03 : 15[82000] -> 14[81000] via SHM/direct/direct
paraai-n32-h-01-agent-95:744920:745875 [3] NCCL INFO Channel 04 : 15[82000] -> 14[81000] via SHM/direct/direct
paraai-n32-h-01-agent-95:744920:745875 [3] NCCL INFO Channel 05 : 15[82000] -> 14[81000] via SHM/direct/direct
paraai-n32-h-01-agent-95:744920:745875 [3] NCCL INFO Channel 06 : 15[82000] -> 14[81000] via SHM/direct/direct
paraai-n32-h-01-agent-95:744920:745875 [3] NCCL INFO Channel 07 : 15[82000] -> 14[81000] via SHM/direct/direct
paraai-n32-h-01-agent-95:744920:745875 [3] NCCL INFO Channel 08 : 15[82000] -> 14[81000] via SHM/direct/direct
paraai-n32-h-01-agent-95:744920:745875 [3] NCCL INFO Channel 09 : 15[82000] -> 14[81000] via SHM/direct/direct
paraai-n32-h-01-agent-95:744920:745875 [3] NCCL INFO Channel 10 : 15[82000] -> 14[81000] via SHM/direct/direct
paraai-n32-h-01-agent-95:744920:745875 [3] NCCL INFO Channel 11 : 15[82000] -> 14[81000] via SHM/direct/direct
paraai-n32-h-01-agent-95:744920:745875 [3] NCCL INFO Channel 12 : 15[82000] -> 14[81000] via SHM/direct/direct
paraai-n32-h-01-agent-95:744920:745875 [3] NCCL INFO Channel 13 : 15[82000] -> 14[81000] via SHM/direct/direct
paraai-n32-h-01-agent-95:744920:745875 [3] NCCL INFO Channel 14 : 15[82000] -> 14[81000] via SHM/direct/direct
paraai-n32-h-01-agent-95:744920:745875 [3] NCCL INFO Channel 15 : 15[82000] -> 14[81000] via SHM/direct/direct
paraai-n32-h-01-agent-95:744917:745874 [0] NCCL INFO Connected all trees
paraai-n32-h-01-agent-95:744917:745874 [0] NCCL INFO threadThresholds 8/8/64 | 128/8/64 | 512 | 512
paraai-n32-h-01-agent-95:744917:745874 [0] NCCL INFO 16 coll channels, 16 p2p channels, 2 p2p channels per peer
paraai-n32-h-01-agent-95:744919:745872 [2] NCCL INFO Connected all trees
paraai-n32-h-01-agent-95:744919:745872 [2] NCCL INFO threadThresholds 8/8/64 | 128/8/64 | 512 | 512
paraai-n32-h-01-agent-95:744919:745872 [2] NCCL INFO 16 coll channels, 16 p2p channels, 2 p2p channels per peer
paraai-n32-h-01-agent-95:744920:745875 [3] NCCL INFO Connected all trees
paraai-n32-h-01-agent-95:744920:745875 [3] NCCL INFO threadThresholds 8/8/64 | 128/8/64 | 512 | 512
paraai-n32-h-01-agent-95:744920:745875 [3] NCCL INFO 16 coll channels, 16 p2p channels, 2 p2p channels per peer
paraai-n32-h-01-agent-95:744918:745873 [1] NCCL INFO Connected all trees
paraai-n32-h-01-agent-95:744918:745873 [1] NCCL INFO threadThresholds 8/8/64 | 128/8/64 | 512 | 512
paraai-n32-h-01-agent-95:744918:745873 [1] NCCL INFO 16 coll channels, 16 p2p channels, 2 p2p channels per peer
paraai-n32-h-01-agent-95:744919:745872 [2] NCCL INFO comm 0x3bd478c0 rank 14 nranks 16 cudaDev 2 busId 81000 - Init COMPLETE
paraai-n32-h-01-agent-95:744920:745875 [3] NCCL INFO comm 0x1e6da0c0 rank 15 nranks 16 cudaDev 3 busId 82000 - Init COMPLETE
paraai-n32-h-01-agent-95:744917:745874 [0] NCCL INFO comm 0xc9f3c00 rank 12 nranks 16 cudaDev 0 busId 1000 - Init COMPLETE
paraai-n32-h-01-agent-95:744918:745873 [1] NCCL INFO comm 0x262e4e80 rank 13 nranks 16 cudaDev 1 busId 2000 - Init COMPLETE
2023-07-01 08:29:10,057 - root - INFO - Terminating training after reaching params.max_epochs while LR scheduler is set to CosineAnnealingLR
2023-07-01 08:29:10,057 - root - INFO - Terminating training after reaching params.max_epochs while LR scheduler is set to CosineAnnealingLR
2023-07-01 08:29:10,057 - root - INFO - Terminating training after reaching params.max_epochs while LR scheduler is set to CosineAnnealingLR
2023-07-01 08:29:10,058 - root - INFO - Terminating training after reaching params.max_epochs while LR scheduler is set to CosineAnnealingLR
paraai-n32-h-01-agent-95:744917:745886 [0] NCCL INFO [Service thread] Connection closed by localRank 0
paraai-n32-h-01-agent-95:744918:745885 [1] NCCL INFO [Service thread] Connection closed by localRank 1
paraai-n32-h-01-agent-95:744918:744918 [1] NCCL INFO comm 0x262e4e80 rank 13 nranks 16 cudaDev 1 busId 2000 - Abort COMPLETE
paraai-n32-h-01-agent-95:744917:744917 [0] NCCL INFO comm 0xc9f3c00 rank 12 nranks 16 cudaDev 0 busId 1000 - Abort COMPLETE
paraai-n32-h-01-agent-95:744919:745887 [2] NCCL INFO [Service thread] Connection closed by localRank 2
paraai-n32-h-01-agent-95:744919:744919 [2] NCCL INFO comm 0x3bd478c0 rank 14 nranks 16 cudaDev 2 busId 81000 - Abort COMPLETE
paraai-n32-h-01-agent-95:744920:745888 [3] NCCL INFO [Service thread] Connection closed by localRank 3
paraai-n32-h-01-agent-95:744920:744920 [3] NCCL INFO comm 0x1e6da0c0 rank 15 nranks 16 cudaDev 3 busId 82000 - Abort COMPLETE
