master_addr is only used for static rdzv_backend and when rdzv_endpoint is not specified.
paraai-n32-h-01-agent-108
0
------------------ Configuration ------------------  /home/bingxing2/home/scx6115/Ocean_AI_model/config/Model_2.yaml
paraai-n32-h-01-agent-108
0
------------------ Configuration ------------------  /home/bingxing2/home/scx6115/Ocean_AI_model/config/Model_2.yaml
paraai-n32-h-01-agent-108
0
------------------ Configuration ------------------  /home/bingxing2/home/scx6115/Ocean_AI_model/config/Model_2.yaml
paraai-n32-h-01-agent-108
0
------------------ Configuration ------------------  /home/bingxing2/home/scx6115/Ocean_AI_model/config/Model_2.yaml
nettype Masked_AE_Ocean
log_to_wandb True
lr 0.001
batch_size 32
max_epochs 150
scheduler CosineAnnealingLR
fusion_3d_2d False
in_channels [0, 1, 2, 3, 4, 5, 6, 7, 8, 9, 10, 11, 12, 13, 14, 15, 16, 17, 18, 19, 20, 21, 22, 23, 24, 25, 26, 27, 28, 29, 30, 31, 32, 33, 34, 35, 36, 37, 38, 39, 40, 41, 42, 43, 44, 45, 46, 47, 48, 49, 50, 51, 52, 53, 54, 55, 56, 57, 58, 59, 60, 61, 62, 63, 64, 65]
out_channels [0, 1, 2, 3, 4, 5, 6, 7, 8, 9, 10, 11, 12, 13, 14, 15, 16, 17, 18, 19, 20, 21, 22, 23, 24, 25, 26, 27, 28, 29, 30, 31, 32, 33, 34, 35, 36, 37, 38, 39, 40, 41, 42, 43, 44, 45, 46, 47, 48, 49, 50, 51, 52, 53, 54, 55, 56, 57, 58, 59, 60]
N_in_channels 66
N_out_channels 61
img_size_h 720
img_size_w 1440
patch_size_h 8
patch_size_w 8
mlp_ratio 4.0
embed_dim 512
depth 16
num_heads 16
decoder_embed_dim 1024
decoder_depth 8
decoder_num_heads 16
koopman_depth 2
modes_h_ratio 1
modes_w_ratio 0.8
drop_rate 0.0
drop_path_rate 0.0
sparsity_threshold 0.01
hard_thresholding_fraction 1.0
num_blocks 8
loss l2
num_data_workers 0
dt 1
n_history 0
prediction_type iterative
prediction_length 41
n_initial_conditions 5
ics_type default
date_strings ['2018-09-14 00:00:00']
save_raw_forecasts True
save_channel False
masked_acc False
maskpath None
perturb False
add_grid False
N_grid_channels 0
gridtype sinusoidal
roll False
enable_nhwc False
optimizer_type FusedAdam
exp_dir ./exp_15_levels
patch_size 8
width 56
modes 32
target default
train_data_path /home/bingxing2/home/scx6115/Ocean_AI_model/sample_01/train
valid_data_path /home/bingxing2/home/scx6115/Ocean_AI_model/sample_01/valid
test_data_path /home/bingxing2/home/scx6115/Ocean_AI_model/sample_01/test
land_mask True
land_mask_path /home/bingxing2/home/scx6115/Ocean_AI_model/sample_01/land_mask.h5
normalize True
normalization zscore
global_mins_path /home/bingxing2/home/scx6115/Ocean_AI_model/sample_01/train/global_mins.npy
global_maxs_path /home/bingxing2/home/scx6115/Ocean_AI_model/sample_01/train/global_maxs.npy
global_means_path /home/bingxing2/home/scx6115/Ocean_AI_model/sample_01/train/global_means.npy
global_stds_path /home/bingxing2/home/scx6115/Ocean_AI_model/sample_01/train/global_stds.npy
orography True
orography_norm_zscore_path /home/bingxing2/home/scx6115/Ocean_AI_model/sample_01/orography_norm_zscore.h5
orography_norm_maxmin_path /home/bingxing2/home/scx6115/Ocean_AI_model/sample_01/orography_norm_maxmin.h5
add_noise False
noise_std 0
crop_size_x None
crop_size_y None
log_to_screen True
save_checkpoint True
plot_animations False
---------------------------------------------------
world_size : 16
Initialize distributed process group...
nettype Masked_AE_Ocean
log_to_wandb True
lr 0.001
batch_size 32
max_epochs 150
scheduler CosineAnnealingLR
fusion_3d_2d False
in_channels [0, 1, 2, 3, 4, 5, 6, 7, 8, 9, 10, 11, 12, 13, 14, 15, 16, 17, 18, 19, 20, 21, 22, 23, 24, 25, 26, 27, 28, 29, 30, 31, 32, 33, 34, 35, 36, 37, 38, 39, 40, 41, 42, 43, 44, 45, 46, 47, 48, 49, 50, 51, 52, 53, 54, 55, 56, 57, 58, 59, 60, 61, 62, 63, 64, 65]
out_channels [0, 1, 2, 3, 4, 5, 6, 7, 8, 9, 10, 11, 12, 13, 14, 15, 16, 17, 18, 19, 20, 21, 22, 23, 24, 25, 26, 27, 28, 29, 30, 31, 32, 33, 34, 35, 36, 37, 38, 39, 40, 41, 42, 43, 44, 45, 46, 47, 48, 49, 50, 51, 52, 53, 54, 55, 56, 57, 58, 59, 60]
N_in_channels 66
N_out_channels 61
img_size_h 720
img_size_w 1440
patch_size_h 8
patch_size_w 8
mlp_ratio 4.0
embed_dim 512
depth 16
num_heads 16
decoder_embed_dim 1024
decoder_depth 8
decoder_num_heads 16
koopman_depth 2
modes_h_ratio 1
modes_w_ratio 0.8
drop_rate 0.0
drop_path_rate 0.0
sparsity_threshold 0.01
hard_thresholding_fraction 1.0
num_blocks 8
loss l2
num_data_workers 0
dt 1
n_history 0
prediction_type iterative
prediction_length 41
n_initial_conditions 5
ics_type default
date_strings ['2018-09-14 00:00:00']
save_raw_forecasts True
save_channel False
masked_acc False
maskpath None
perturb False
add_grid False
N_grid_channels 0
gridtype sinusoidal
roll nettypeFalse
 enable_nhwcMasked_AE_Ocean 
False
optimizer_type FusedAdam
log_to_wandbexp_dir  True./exp_15_levels

lrpatch_size  8
0.001
batch_size 32
max_epochs 150
scheduler CosineAnnealingLR
fusion_3d_2d widthFalse 
56
in_channels modes 32
target default
train_data_path /home/bingxing2/home/scx6115/Ocean_AI_model/sample_01/train
[0, 1, 2, 3, 4, 5, 6, 7, 8, 9, 10, 11, 12, 13, 14, 15, 16, 17, 18, 19, 20, 21, 22, 23, 24, 25, 26, 27, 28, 29, 30, 31, 32, 33, 34, 35, 36, 37, 38, 39, 40, 41, 42, 43, 44, 45, 46, 47, 48, 49, 50, 51, 52, 53, 54, 55, 56, 57, 58, 59, 60, 61, 62, 63, 64, 65]valid_data_path
 /home/bingxing2/home/scx6115/Ocean_AI_model/sample_01/valid
test_data_pathout_channels  /home/bingxing2/home/scx6115/Ocean_AI_model/sample_01/test
land_mask True
land_mask_path /home/bingxing2/home/scx6115/Ocean_AI_model/sample_01/land_mask.h5[0, 1, 2, 3, 4, 5, 6, 7, 8, 9, 10, 11, 12, 13, 14, 15, 16, 17, 18, 19, 20, 21, 22, 23, 24, 25, 26, 27, 28, 29, 30, 31, 32, 33, 34, 35, 36, 37, 38, 39, 40, 41, 42, 43, 44, 45, 46, 47, 48, 49, 50, 51, 52, 53, 54, 55, 56, 57, 58, 59, 60]

normalize N_in_channelsTrue 
66normalization
 zscore
N_out_channels global_mins_path61 
/home/bingxing2/home/scx6115/Ocean_AI_model/sample_01/train/global_mins.npy
img_size_hglobal_maxs_path  720/home/bingxing2/home/scx6115/Ocean_AI_model/sample_01/train/global_maxs.npy

img_size_w global_means_path1440 
/home/bingxing2/home/scx6115/Ocean_AI_model/sample_01/train/global_means.npy
global_stds_pathpatch_size_h  /home/bingxing2/home/scx6115/Ocean_AI_model/sample_01/train/global_stds.npy
8orography
 Truepatch_size_w
 8orography_norm_zscore_path
 /home/bingxing2/home/scx6115/Ocean_AI_model/sample_01/orography_norm_zscore.h5mlp_ratio
 orography_norm_maxmin_path4.0 
/home/bingxing2/home/scx6115/Ocean_AI_model/sample_01/orography_norm_maxmin.h5
embed_dim add_noise512 
False
depthnoise_std  160

num_heads 16crop_size_x
 None
decoder_embed_dim crop_size_y1024 
None
decoder_depth log_to_screen8 
True
decoder_num_heads save_checkpoint16 
True
koopman_depthplot_animations  2False

modes_h_ratio 1
modes_w_ratio 0.8
drop_rate 0.0
drop_path_rate 0.0
sparsity_threshold 0.01
hard_thresholding_fraction 1.0
num_blocks 8
loss l2
num_data_workers 0
dt 1
n_history 0
prediction_type iterative
---------------------------------------------------
prediction_length 41
n_initial_conditions 5
ics_type default
date_strings ['2018-09-14 00:00:00']
save_raw_forecasts True
world_size :save_channel  16False

Initialize distributed process group...
masked_acc False
maskpath None
perturb False
add_grid False
N_grid_channels 0
gridtype sinusoidal
roll False
enable_nhwc False
optimizer_type FusedAdam
exp_dir ./exp_15_levels
patch_size 8
width 56
modes 32
target default
train_data_path /home/bingxing2/home/scx6115/Ocean_AI_model/sample_01/train
valid_data_path /home/bingxing2/home/scx6115/Ocean_AI_model/sample_01/valid
test_data_path /home/bingxing2/home/scx6115/Ocean_AI_model/sample_01/test
land_mask True
land_mask_path /home/bingxing2/home/scx6115/Ocean_AI_model/sample_01/land_mask.h5
normalize True
normalization zscore
global_mins_path /home/bingxing2/home/scx6115/Ocean_AI_model/sample_01/train/global_mins.npy
global_maxs_path /home/bingxing2/home/scx6115/Ocean_AI_model/sample_01/train/global_maxs.npy
global_means_path /home/bingxing2/home/scx6115/Ocean_AI_model/sample_01/train/global_means.npy
global_stds_path /home/bingxing2/home/scx6115/Ocean_AI_model/sample_01/train/global_stds.npy
orography True
orography_norm_zscore_path /home/bingxing2/home/scx6115/Ocean_AI_model/sample_01/orography_norm_zscore.h5
orography_norm_maxmin_path /home/bingxing2/home/scx6115/Ocean_AI_model/sample_01/orography_norm_maxmin.h5
add_noise False
noise_std 0
crop_size_x None
crop_size_y None
log_to_screen True
save_checkpoint True
plot_animations False
---------------------------------------------------
world_size : 16
Initialize distributed process group...
nettype Masked_AE_Ocean
log_to_wandb True
lr 0.001
batch_size 32
max_epochs 150
scheduler CosineAnnealingLR
fusion_3d_2d False
in_channels [0, 1, 2, 3, 4, 5, 6, 7, 8, 9, 10, 11, 12, 13, 14, 15, 16, 17, 18, 19, 20, 21, 22, 23, 24, 25, 26, 27, 28, 29, 30, 31, 32, 33, 34, 35, 36, 37, 38, 39, 40, 41, 42, 43, 44, 45, 46, 47, 48, 49, 50, 51, 52, 53, 54, 55, 56, 57, 58, 59, 60, 61, 62, 63, 64, 65]
out_channels [0, 1, 2, 3, 4, 5, 6, 7, 8, 9, 10, 11, 12, 13, 14, 15, 16, 17, 18, 19, 20, 21, 22, 23, 24, 25, 26, 27, 28, 29, 30, 31, 32, 33, 34, 35, 36, 37, 38, 39, 40, 41, 42, 43, 44, 45, 46, 47, 48, 49, 50, 51, 52, 53, 54, 55, 56, 57, 58, 59, 60]
N_in_channels 66
N_out_channels 61
img_size_h 720
img_size_w 1440
patch_size_h 8
patch_size_w 8
mlp_ratio 4.0
embed_dim 512
depth 16
num_heads 16
decoder_embed_dim 1024
decoder_depth 8
decoder_num_heads 16
koopman_depth 2
modes_h_ratio 1
modes_w_ratio 0.8
drop_rate 0.0
drop_path_rate 0.0
sparsity_threshold 0.01
hard_thresholding_fraction 1.0
num_blocks 8
loss l2
num_data_workers 0
dt 1
n_history 0
prediction_type iterative
prediction_length 41
n_initial_conditions 5
ics_type default
date_strings ['2018-09-14 00:00:00']
save_raw_forecasts True
save_channel False
masked_acc False
maskpath None
perturb False
add_grid False
N_grid_channels 0
gridtype sinusoidal
roll False
enable_nhwc False
optimizer_type FusedAdam
exp_dir ./exp_15_levels
patch_size 8
width 56
modes 32
target default
train_data_path /home/bingxing2/home/scx6115/Ocean_AI_model/sample_01/train
valid_data_path /home/bingxing2/home/scx6115/Ocean_AI_model/sample_01/valid
test_data_path /home/bingxing2/home/scx6115/Ocean_AI_model/sample_01/test
land_mask True
land_mask_path /home/bingxing2/home/scx6115/Ocean_AI_model/sample_01/land_mask.h5
normalize True
normalization zscore
global_mins_path /home/bingxing2/home/scx6115/Ocean_AI_model/sample_01/train/global_mins.npy
global_maxs_path /home/bingxing2/home/scx6115/Ocean_AI_model/sample_01/train/global_maxs.npy
global_means_path /home/bingxing2/home/scx6115/Ocean_AI_model/sample_01/train/global_means.npy
global_stds_path /home/bingxing2/home/scx6115/Ocean_AI_model/sample_01/train/global_stds.npy
orography True
orography_norm_zscore_path /home/bingxing2/home/scx6115/Ocean_AI_model/sample_01/orography_norm_zscore.h5
orography_norm_maxmin_path /home/bingxing2/home/scx6115/Ocean_AI_model/sample_01/orography_norm_maxmin.h5
add_noise False
noise_std 0
crop_size_x None
crop_size_y None
log_to_screen True
save_checkpoint True
plot_animations False
---------------------------------------------------
world_size : 16
Initialize distributed process group...
2023-07-04 16:23:37,635 - torch.distributed.distributed_c10d - INFO - Added key: store_based_barrier_key:1 to store for rank: 14
2023-07-04 16:23:37,635 - torch.distributed.distributed_c10d - INFO - Added key: store_based_barrier_key:1 to store for rank: 13
2023-07-04 16:23:37,636 - torch.distributed.distributed_c10d - INFO - Added key: store_based_barrier_key:1 to store for rank: 15
2023-07-04 16:23:37,653 - torch.distributed.distributed_c10d - INFO - Added key: store_based_barrier_key:1 to store for rank: 12
2023-07-04 16:23:37,697 - torch.distributed.distributed_c10d - INFO - Rank 14: Completed store-based barrier for key:store_based_barrier_key:1 with 16 nodes.
2023-07-04 16:23:37,697 - torch.distributed.distributed_c10d - INFO - Rank 13: Completed store-based barrier for key:store_based_barrier_key:1 with 16 nodes.
2023-07-04 16:23:37,698 - torch.distributed.distributed_c10d - INFO - Rank 15: Completed store-based barrier for key:store_based_barrier_key:1 with 16 nodes.
2023-07-04 16:23:37,704 - torch.distributed.distributed_c10d - INFO - Rank 12: Completed store-based barrier for key:store_based_barrier_key:1 with 16 nodes.
2023-07-04 16:23:37,780 - root - INFO - device: cuda:2
2023-07-04 16:23:37,780 - root - INFO - rank 14, begin data loader init
2023-07-04 16:23:37,783 - root - INFO - device: cuda:1
2023-07-04 16:23:37,783 - root - INFO - rank 13, begin data loader init
2023-07-04 16:23:37,785 - root - INFO - device: cuda:3
2023-07-04 16:23:37,785 - root - INFO - rank 15, begin data loader init
2023-07-04 16:23:37,786 - root - INFO - device: cuda:0
2023-07-04 16:23:37,786 - root - INFO - rank 12, begin data loader init
2023-07-04 16:23:37,813 - root - INFO - Getting file stats from /home/bingxing2/home/scx6115/Ocean_AI_model/sample_01/train/2000.h5
2023-07-04 16:23:37,813 - root - INFO - Getting file stats from /home/bingxing2/home/scx6115/Ocean_AI_model/sample_01/train/2000.h5
2023-07-04 16:23:37,813 - root - INFO - Getting file stats from /home/bingxing2/home/scx6115/Ocean_AI_model/sample_01/train/2000.h5
2023-07-04 16:23:37,813 - root - INFO - Getting file stats from /home/bingxing2/home/scx6115/Ocean_AI_model/sample_01/train/2000.h5
2023-07-04 16:23:37,814 - root - INFO - Number of samples per year: 365
2023-07-04 16:23:37,814 - root - INFO - Found data at path /home/bingxing2/home/scx6115/Ocean_AI_model/sample_01/train. Number of examples: 4015. Image Shape: 720 x 1440 x 66
2023-07-04 16:23:37,814 - root - INFO - Number of samples per year: 365
2023-07-04 16:23:37,814 - root - INFO - Delta t: 1 days
2023-07-04 16:23:37,814 - root - INFO - Number of samples per year: 365
2023-07-04 16:23:37,814 - root - INFO - Including 0 days of past history in training at a frequency of 1 days
2023-07-04 16:23:37,814 - root - INFO - Found data at path /home/bingxing2/home/scx6115/Ocean_AI_model/sample_01/train. Number of examples: 4015. Image Shape: 720 x 1440 x 66
2023-07-04 16:23:37,814 - root - INFO - Found data at path /home/bingxing2/home/scx6115/Ocean_AI_model/sample_01/train. Number of examples: 4015. Image Shape: 720 x 1440 x 66
2023-07-04 16:23:37,814 - root - INFO - Delta t: 1 days
2023-07-04 16:23:37,814 - root - INFO - Delta t: 1 days
2023-07-04 16:23:37,814 - root - INFO - Including 0 days of past history in training at a frequency of 1 days
2023-07-04 16:23:37,814 - root - INFO - Including 0 days of past history in training at a frequency of 1 days
2023-07-04 16:23:37,814 - root - INFO - Number of samples per year: 365
2023-07-04 16:23:37,814 - root - INFO - Found data at path /home/bingxing2/home/scx6115/Ocean_AI_model/sample_01/train. Number of examples: 4015. Image Shape: 720 x 1440 x 66
2023-07-04 16:23:37,814 - root - INFO - Delta t: 1 days
2023-07-04 16:23:37,815 - root - INFO - Including 0 days of past history in training at a frequency of 1 days
2023-07-04 16:23:37,858 - root - INFO - Getting file stats from /home/bingxing2/home/scx6115/Ocean_AI_model/sample_01/valid/2011.h5
2023-07-04 16:23:37,858 - root - INFO - Getting file stats from /home/bingxing2/home/scx6115/Ocean_AI_model/sample_01/valid/2011.h5
2023-07-04 16:23:37,858 - root - INFO - Getting file stats from /home/bingxing2/home/scx6115/Ocean_AI_model/sample_01/valid/2011.h5
2023-07-04 16:23:37,858 - root - INFO - Getting file stats from /home/bingxing2/home/scx6115/Ocean_AI_model/sample_01/valid/2011.h5
2023-07-04 16:23:37,859 - root - INFO - Number of samples per year: 364
2023-07-04 16:23:37,859 - root - INFO - Number of samples per year: 364
2023-07-04 16:23:37,859 - root - INFO - Found data at path /home/bingxing2/home/scx6115/Ocean_AI_model/sample_01/valid. Number of examples: 364. Image Shape: 720 x 1440 x 66
2023-07-04 16:23:37,859 - root - INFO - Found data at path /home/bingxing2/home/scx6115/Ocean_AI_model/sample_01/valid. Number of examples: 364. Image Shape: 720 x 1440 x 66
2023-07-04 16:23:37,859 - root - INFO - Number of samples per year: 364
2023-07-04 16:23:37,859 - root - INFO - Number of samples per year: 364
2023-07-04 16:23:37,859 - root - INFO - Delta t: 1 days
2023-07-04 16:23:37,859 - root - INFO - Delta t: 1 days
2023-07-04 16:23:37,859 - root - INFO - Found data at path /home/bingxing2/home/scx6115/Ocean_AI_model/sample_01/valid. Number of examples: 364. Image Shape: 720 x 1440 x 66
2023-07-04 16:23:37,860 - root - INFO - Including 0 days of past history in training at a frequency of 1 days
2023-07-04 16:23:37,860 - root - INFO - Including 0 days of past history in training at a frequency of 1 days
2023-07-04 16:23:37,860 - root - INFO - Found data at path /home/bingxing2/home/scx6115/Ocean_AI_model/sample_01/valid. Number of examples: 364. Image Shape: 720 x 1440 x 66
2023-07-04 16:23:37,860 - root - INFO - Delta t: 1 days
2023-07-04 16:23:37,860 - root - INFO - Delta t: 1 days
2023-07-04 16:23:37,860 - root - INFO - Including 0 days of past history in training at a frequency of 1 days
2023-07-04 16:23:37,860 - root - INFO - Including 0 days of past history in training at a frequency of 1 days
2023-07-04 16:23:37,860 - root - INFO - rank 12, data loader initialized
2023-07-04 16:23:37,860 - root - INFO - rank 13, data loader initialized
2023-07-04 16:23:37,860 - root - INFO - rank 14, data loader initialized
2023-07-04 16:23:37,860 - root - INFO - rank 15, data loader initialized
paraai-n32-h-01-agent-108:33256:33256 [2] NCCL INFO cudaDriverVersion 11060
paraai-n32-h-01-agent-108:33255:33255 [1] NCCL INFO cudaDriverVersion 11060
paraai-n32-h-01-agent-108:33254:33254 [0] NCCL INFO cudaDriverVersion 11060
paraai-n32-h-01-agent-108:33257:33257 [3] NCCL INFO cudaDriverVersion 11060
paraai-n32-h-01-agent-108:33257:33257 [3] NCCL INFO Bootstrap : Using eth0:172.16.4.91<0>
paraai-n32-h-01-agent-108:33254:33254 [0] NCCL INFO Bootstrap : Using eth0:172.16.4.91<0>
paraai-n32-h-01-agent-108:33256:33256 [2] NCCL INFO Bootstrap : Using eth0:172.16.4.91<0>
paraai-n32-h-01-agent-108:33255:33255 [1] NCCL INFO Bootstrap : Using eth0:172.16.4.91<0>
paraai-n32-h-01-agent-108:33256:33256 [2] NCCL INFO NET/Plugin : No plugin found (libnccl-net.so), using internal implementation
paraai-n32-h-01-agent-108:33257:33257 [3] NCCL INFO NET/Plugin : No plugin found (libnccl-net.so), using internal implementation
paraai-n32-h-01-agent-108:33255:33255 [1] NCCL INFO NET/Plugin : No plugin found (libnccl-net.so), using internal implementation
paraai-n32-h-01-agent-108:33254:33254 [0] NCCL INFO NET/Plugin : No plugin found (libnccl-net.so), using internal implementation
paraai-n32-h-01-agent-108:33254:34204 [0] NCCL INFO NET/IB : Using [0]mlx5_0:1/RoCE [1]mlx5_2:1/RoCE [RO]; OOB eth0:172.16.4.91<0>
paraai-n32-h-01-agent-108:33254:34204 [0] NCCL INFO Using network IB
paraai-n32-h-01-agent-108:33257:34207 [3] NCCL INFO NET/IB : Using [0]mlx5_0:1/RoCE [1]mlx5_2:1/RoCE [RO]; OOB eth0:172.16.4.91<0>
paraai-n32-h-01-agent-108:33257:34207 [3] NCCL INFO Using network IB
paraai-n32-h-01-agent-108:33256:34206 [2] NCCL INFO NET/IB : Using [0]mlx5_0:1/RoCE [1]mlx5_2:1/RoCE [RO]; OOB eth0:172.16.4.91<0>
paraai-n32-h-01-agent-108:33256:34206 [2] NCCL INFO Using network IB
paraai-n32-h-01-agent-108:33255:34205 [1] NCCL INFO NET/IB : Using [0]mlx5_0:1/RoCE [1]mlx5_2:1/RoCE [RO]; OOB eth0:172.16.4.91<0>
paraai-n32-h-01-agent-108:33255:34205 [1] NCCL INFO Using network IB
paraai-n32-h-01-agent-108:33254:34204 [0] NCCL INFO Setting affinity for GPU 0 to ffffffff
paraai-n32-h-01-agent-108:33257:34207 [3] NCCL INFO Setting affinity for GPU 3 to ffffffff,00000000,00000000
paraai-n32-h-01-agent-108:33255:34205 [1] NCCL INFO Setting affinity for GPU 1 to ffffffff
paraai-n32-h-01-agent-108:33256:34206 [2] NCCL INFO Setting affinity for GPU 2 to ffffffff,00000000,00000000
paraai-n32-h-01-agent-108:33254:34204 [0] NCCL INFO NCCL_MAX_NCHANNELS set by environment to 16.
paraai-n32-h-01-agent-108:33254:34204 [0] NCCL INFO NCCL_MIN_NCHANNELS set by environment to 16.
paraai-n32-h-01-agent-108:33254:34204 [0] NCCL INFO Trees [0] 13/-1/-1->12->8 [1] 13/-1/-1->12->15 [2] 13/4/-1->12->-1 [3] 13/-1/-1->12->15 [4] 13/-1/-1->12->8 [5] 13/-1/-1->12->15 [6] 13/4/-1->12->-1 [7] 13/-1/-1->12->15 [8] 13/-1/-1->12->8 [9] 13/-1/-1->12->15 [10] 13/4/-1->12->-1 [11] 13/-1/-1->12->15 [12] 13/-1/-1->12->8 [13] 13/-1/-1->12->15 [14] 13/4/-1->12->-1 [15] 13/-1/-1->12->15
paraai-n32-h-01-agent-108:33256:34206 [2] NCCL INFO NCCL_MAX_NCHANNELS set by environment to 16.
paraai-n32-h-01-agent-108:33256:34206 [2] NCCL INFO NCCL_MIN_NCHANNELS set by environment to 16.
paraai-n32-h-01-agent-108:33255:34205 [1] NCCL INFO NCCL_MAX_NCHANNELS set by environment to 16.
paraai-n32-h-01-agent-108:33255:34205 [1] NCCL INFO NCCL_MIN_NCHANNELS set by environment to 16.
paraai-n32-h-01-agent-108:33256:34206 [2] NCCL INFO Trees [0] 15/-1/-1->14->13 [1] 15/-1/-1->14->10 [2] 15/-1/-1->14->13 [3] 15/6/-1->14->-1 [4] 15/-1/-1->14->13 [5] 15/-1/-1->14->10 [6] 15/-1/-1->14->13 [7] 15/6/-1->14->-1 [8] 15/-1/-1->14->13 [9] 15/-1/-1->14->10 [10] 15/-1/-1->14->13 [11] 15/6/-1->14->-1 [12] 15/-1/-1->14->13 [13] 15/-1/-1->14->10 [14] 15/-1/-1->14->13 [15] 15/6/-1->14->-1
paraai-n32-h-01-agent-108:33255:34205 [1] NCCL INFO Trees [0] 14/-1/-1->13->12 [1] -1/-1/-1->13->12 [2] 14/-1/-1->13->12 [3] -1/-1/-1->13->12 [4] 14/-1/-1->13->12 [5] -1/-1/-1->13->12 [6] 14/-1/-1->13->12 [7] -1/-1/-1->13->12 [8] 14/-1/-1->13->12 [9] -1/-1/-1->13->12 [10] 14/-1/-1->13->12 [11] -1/-1/-1->13->12 [12] 14/-1/-1->13->12 [13] -1/-1/-1->13->12 [14] 14/-1/-1->13->12 [15] -1/-1/-1->13->12
paraai-n32-h-01-agent-108:33257:34207 [3] NCCL INFO NCCL_MAX_NCHANNELS set by environment to 16.
paraai-n32-h-01-agent-108:33257:34207 [3] NCCL INFO NCCL_MIN_NCHANNELS set by environment to 16.
paraai-n32-h-01-agent-108:33257:34207 [3] NCCL INFO Trees [0] -1/-1/-1->15->14 [1] 12/-1/-1->15->14 [2] -1/-1/-1->15->14 [3] 12/-1/-1->15->14 [4] -1/-1/-1->15->14 [5] 12/-1/-1->15->14 [6] -1/-1/-1->15->14 [7] 12/-1/-1->15->14 [8] -1/-1/-1->15->14 [9] 12/-1/-1->15->14 [10] -1/-1/-1->15->14 [11] 12/-1/-1->15->14 [12] -1/-1/-1->15->14 [13] 12/-1/-1->15->14 [14] -1/-1/-1->15->14 [15] 12/-1/-1->15->14
paraai-n32-h-01-agent-108:33254:34204 [0] NCCL INFO Channel 00/0 : 11[82000] -> 12[1000] [receive] via NET/IB/0
paraai-n32-h-01-agent-108:33255:34205 [1] NCCL INFO Channel 00 : 13[2000] -> 14[81000] via SHM/direct/direct
paraai-n32-h-01-agent-108:33255:34205 [1] NCCL INFO Channel 02 : 13[2000] -> 14[81000] via SHM/direct/direct
paraai-n32-h-01-agent-108:33256:34206 [2] NCCL INFO Channel 00 : 14[81000] -> 15[82000] via SHM/direct/direct
paraai-n32-h-01-agent-108:33255:34205 [1] NCCL INFO Channel 04 : 13[2000] -> 14[81000] via SHM/direct/direct
paraai-n32-h-01-agent-108:33256:34206 [2] NCCL INFO Channel 01 : 14[81000] -> 15[82000] via SHM/direct/direct
paraai-n32-h-01-agent-108:33255:34205 [1] NCCL INFO Channel 06 : 13[2000] -> 14[81000] via SHM/direct/direct
paraai-n32-h-01-agent-108:33256:34206 [2] NCCL INFO Channel 02 : 14[81000] -> 15[82000] via SHM/direct/direct
paraai-n32-h-01-agent-108:33255:34205 [1] NCCL INFO Channel 08 : 13[2000] -> 14[81000] via SHM/direct/direct
paraai-n32-h-01-agent-108:33256:34206 [2] NCCL INFO Channel 03 : 14[81000] -> 15[82000] via SHM/direct/direct
paraai-n32-h-01-agent-108:33255:34205 [1] NCCL INFO Channel 10 : 13[2000] -> 14[81000] via SHM/direct/direct
paraai-n32-h-01-agent-108:33256:34206 [2] NCCL INFO Channel 04 : 14[81000] -> 15[82000] via SHM/direct/direct
paraai-n32-h-01-agent-108:33255:34205 [1] NCCL INFO Channel 12 : 13[2000] -> 14[81000] via SHM/direct/direct
paraai-n32-h-01-agent-108:33256:34206 [2] NCCL INFO Channel 05 : 14[81000] -> 15[82000] via SHM/direct/direct
paraai-n32-h-01-agent-108:33255:34205 [1] NCCL INFO Channel 14 : 13[2000] -> 14[81000] via SHM/direct/direct
paraai-n32-h-01-agent-108:33256:34206 [2] NCCL INFO Channel 06 : 14[81000] -> 15[82000] via SHM/direct/direct
paraai-n32-h-01-agent-108:33256:34206 [2] NCCL INFO Channel 07 : 14[81000] -> 15[82000] via SHM/direct/direct
paraai-n32-h-01-agent-108:33256:34206 [2] NCCL INFO Channel 08 : 14[81000] -> 15[82000] via SHM/direct/direct
paraai-n32-h-01-agent-108:33256:34206 [2] NCCL INFO Channel 09 : 14[81000] -> 15[82000] via SHM/direct/direct
paraai-n32-h-01-agent-108:33256:34206 [2] NCCL INFO Channel 10 : 14[81000] -> 15[82000] via SHM/direct/direct
paraai-n32-h-01-agent-108:33256:34206 [2] NCCL INFO Channel 11 : 14[81000] -> 15[82000] via SHM/direct/direct
paraai-n32-h-01-agent-108:33256:34206 [2] NCCL INFO Channel 12 : 14[81000] -> 15[82000] via SHM/direct/direct
paraai-n32-h-01-agent-108:33256:34206 [2] NCCL INFO Channel 13 : 14[81000] -> 15[82000] via SHM/direct/direct
paraai-n32-h-01-agent-108:33256:34206 [2] NCCL INFO Channel 14 : 14[81000] -> 15[82000] via SHM/direct/direct
paraai-n32-h-01-agent-108:33256:34206 [2] NCCL INFO Channel 15 : 14[81000] -> 15[82000] via SHM/direct/direct
paraai-n32-h-01-agent-108:33257:34207 [3] NCCL INFO Channel 00/0 : 15[82000] -> 0[1000] [send] via NET/IB/1
paraai-n32-h-01-agent-108:33254:34204 [0] NCCL INFO Channel 02/0 : 11[82000] -> 12[1000] [receive] via NET/IB/0
paraai-n32-h-01-agent-108:33257:34207 [3] NCCL INFO Channel 02/0 : 15[82000] -> 0[1000] [send] via NET/IB/1
paraai-n32-h-01-agent-108:33254:34204 [0] NCCL INFO Channel 04/0 : 11[82000] -> 12[1000] [receive] via NET/IB/0
paraai-n32-h-01-agent-108:33257:34207 [3] NCCL INFO Channel 04/0 : 15[82000] -> 0[1000] [send] via NET/IB/1
paraai-n32-h-01-agent-108:33254:34204 [0] NCCL INFO Channel 06/0 : 11[82000] -> 12[1000] [receive] via NET/IB/0
paraai-n32-h-01-agent-108:33257:34207 [3] NCCL INFO Channel 06/0 : 15[82000] -> 0[1000] [send] via NET/IB/1
paraai-n32-h-01-agent-108:33257:34207 [3] NCCL INFO Channel 08/0 : 15[82000] -> 0[1000] [send] via NET/IB/1
paraai-n32-h-01-agent-108:33254:34204 [0] NCCL INFO Channel 08/0 : 11[82000] -> 12[1000] [receive] via NET/IB/0
paraai-n32-h-01-agent-108:33257:34207 [3] NCCL INFO Channel 10/0 : 15[82000] -> 0[1000] [send] via NET/IB/1
paraai-n32-h-01-agent-108:33254:34204 [0] NCCL INFO Channel 10/0 : 11[82000] -> 12[1000] [receive] via NET/IB/0
paraai-n32-h-01-agent-108:33257:34207 [3] NCCL INFO Channel 12/0 : 15[82000] -> 0[1000] [send] via NET/IB/1
paraai-n32-h-01-agent-108:33254:34204 [0] NCCL INFO Channel 12/0 : 11[82000] -> 12[1000] [receive] via NET/IB/0
paraai-n32-h-01-agent-108:33257:34207 [3] NCCL INFO Channel 14/0 : 15[82000] -> 0[1000] [send] via NET/IB/1
paraai-n32-h-01-agent-108:33257:34218 [3] NCCL INFO NCCL_IB_GID_INDEX set by environment to 3.
paraai-n32-h-01-agent-108:33256:34206 [2] NCCL INFO Channel 01/0 : 8[1000] -> 14[81000] [receive] via NET/IB/1
paraai-n32-h-01-agent-108:33254:34204 [0] NCCL INFO Channel 14/0 : 11[82000] -> 12[1000] [receive] via NET/IB/0
paraai-n32-h-01-agent-108:33254:34204 [0] NCCL INFO Channel 00 : 12[1000] -> 13[2000] via SHM/direct/direct
paraai-n32-h-01-agent-108:33254:34204 [0] NCCL INFO Channel 02 : 12[1000] -> 13[2000] via SHM/direct/direct
paraai-n32-h-01-agent-108:33254:34204 [0] NCCL INFO Channel 04 : 12[1000] -> 13[2000] via SHM/direct/direct
paraai-n32-h-01-agent-108:33254:34204 [0] NCCL INFO Channel 06 : 12[1000] -> 13[2000] via SHM/direct/direct
paraai-n32-h-01-agent-108:33254:34204 [0] NCCL INFO Channel 08 : 12[1000] -> 13[2000] via SHM/direct/direct
paraai-n32-h-01-agent-108:33254:34204 [0] NCCL INFO Channel 10 : 12[1000] -> 13[2000] via SHM/direct/direct
paraai-n32-h-01-agent-108:33254:34204 [0] NCCL INFO Channel 12 : 12[1000] -> 13[2000] via SHM/direct/direct
paraai-n32-h-01-agent-108:33254:34204 [0] NCCL INFO Channel 14 : 12[1000] -> 13[2000] via SHM/direct/direct
paraai-n32-h-01-agent-108:33254:34217 [0] NCCL INFO NCCL_IB_GID_INDEX set by environment to 3.
paraai-n32-h-01-agent-108:33256:34206 [2] NCCL INFO Channel 03/0 : 8[1000] -> 14[81000] [receive] via NET/IB/1
paraai-n32-h-01-agent-108:33257:34207 [3] NCCL INFO Channel 01 : 15[82000] -> 13[2000] via SHM/direct/direct
paraai-n32-h-01-agent-108:33257:34207 [3] NCCL INFO Channel 03 : 15[82000] -> 13[2000] via SHM/direct/direct
paraai-n32-h-01-agent-108:33257:34207 [3] NCCL INFO Channel 05 : 15[82000] -> 13[2000] via SHM/direct/direct
paraai-n32-h-01-agent-108:33257:34207 [3] NCCL INFO Channel 07 : 15[82000] -> 13[2000] via SHM/direct/direct
paraai-n32-h-01-agent-108:33257:34207 [3] NCCL INFO Channel 09 : 15[82000] -> 13[2000] via SHM/direct/direct
paraai-n32-h-01-agent-108:33257:34207 [3] NCCL INFO Channel 11 : 15[82000] -> 13[2000] via SHM/direct/direct
paraai-n32-h-01-agent-108:33257:34207 [3] NCCL INFO Channel 13 : 15[82000] -> 13[2000] via SHM/direct/direct
paraai-n32-h-01-agent-108:33256:34206 [2] NCCL INFO Channel 05/0 : 8[1000] -> 14[81000] [receive] via NET/IB/1
paraai-n32-h-01-agent-108:33257:34207 [3] NCCL INFO Channel 15 : 15[82000] -> 13[2000] via SHM/direct/direct
paraai-n32-h-01-agent-108:33255:34205 [1] NCCL INFO Channel 01 : 13[2000] -> 12[1000] via SHM/direct/direct
paraai-n32-h-01-agent-108:33255:34205 [1] NCCL INFO Channel 03 : 13[2000] -> 12[1000] via SHM/direct/direct
paraai-n32-h-01-agent-108:33255:34205 [1] NCCL INFO Channel 05 : 13[2000] -> 12[1000] via SHM/direct/direct
paraai-n32-h-01-agent-108:33255:34205 [1] NCCL INFO Channel 07 : 13[2000] -> 12[1000] via SHM/direct/direct
paraai-n32-h-01-agent-108:33255:34205 [1] NCCL INFO Channel 09 : 13[2000] -> 12[1000] via SHM/direct/direct
paraai-n32-h-01-agent-108:33255:34205 [1] NCCL INFO Channel 11 : 13[2000] -> 12[1000] via SHM/direct/direct
paraai-n32-h-01-agent-108:33255:34205 [1] NCCL INFO Channel 13 : 13[2000] -> 12[1000] via SHM/direct/direct
paraai-n32-h-01-agent-108:33255:34205 [1] NCCL INFO Channel 15 : 13[2000] -> 12[1000] via SHM/direct/direct
paraai-n32-h-01-agent-108:33257:34207 [3] NCCL INFO Connected all rings
paraai-n32-h-01-agent-108:33256:34206 [2] NCCL INFO Channel 07/0 : 8[1000] -> 14[81000] [receive] via NET/IB/1
paraai-n32-h-01-agent-108:33254:34204 [0] NCCL INFO Channel 01/0 : 12[1000] -> 2[81000] [send] via NET/IB/0
paraai-n32-h-01-agent-108:33254:34204 [0] NCCL INFO Channel 03/0 : 12[1000] -> 2[81000] [send] via NET/IB/0
paraai-n32-h-01-agent-108:33254:34204 [0] NCCL INFO Channel 05/0 : 12[1000] -> 2[81000] [send] via NET/IB/0
paraai-n32-h-01-agent-108:33256:34206 [2] NCCL INFO Channel 09/0 : 8[1000] -> 14[81000] [receive] via NET/IB/1
paraai-n32-h-01-agent-108:33254:34204 [0] NCCL INFO Channel 07/0 : 12[1000] -> 2[81000] [send] via NET/IB/0
paraai-n32-h-01-agent-108:33256:34206 [2] NCCL INFO Channel 11/0 : 8[1000] -> 14[81000] [receive] via NET/IB/1
paraai-n32-h-01-agent-108:33254:34204 [0] NCCL INFO Channel 09/0 : 12[1000] -> 2[81000] [send] via NET/IB/0
paraai-n32-h-01-agent-108:33254:34204 [0] NCCL INFO Channel 11/0 : 12[1000] -> 2[81000] [send] via NET/IB/0
paraai-n32-h-01-agent-108:33256:34206 [2] NCCL INFO Channel 13/0 : 8[1000] -> 14[81000] [receive] via NET/IB/1
paraai-n32-h-01-agent-108:33254:34204 [0] NCCL INFO Channel 13/0 : 12[1000] -> 2[81000] [send] via NET/IB/0
paraai-n32-h-01-agent-108:33256:34206 [2] NCCL INFO Channel 15/0 : 8[1000] -> 14[81000] [receive] via NET/IB/1
paraai-n32-h-01-agent-108:33254:34204 [0] NCCL INFO Channel 15/0 : 12[1000] -> 2[81000] [send] via NET/IB/0
paraai-n32-h-01-agent-108:33256:34220 [2] NCCL INFO NCCL_IB_GID_INDEX set by environment to 3.
paraai-n32-h-01-agent-108:33256:34206 [2] NCCL INFO Connected all rings
paraai-n32-h-01-agent-108:33256:34206 [2] NCCL INFO Channel 01/0 : 10[81000] -> 14[81000] [receive] via NET/IB/1
paraai-n32-h-01-agent-108:33256:34206 [2] NCCL INFO Channel 05/0 : 10[81000] -> 14[81000] [receive] via NET/IB/1
paraai-n32-h-01-agent-108:33254:34204 [0] NCCL INFO Connected all rings
paraai-n32-h-01-agent-108:33254:34204 [0] NCCL INFO Channel 01 : 12[1000] -> 13[2000] via SHM/direct/direct
paraai-n32-h-01-agent-108:33254:34204 [0] NCCL INFO Channel 03 : 12[1000] -> 13[2000] via SHM/direct/direct
paraai-n32-h-01-agent-108:33254:34204 [0] NCCL INFO Channel 05 : 12[1000] -> 13[2000] via SHM/direct/direct
paraai-n32-h-01-agent-108:33254:34204 [0] NCCL INFO Channel 07 : 12[1000] -> 13[2000] via SHM/direct/direct
paraai-n32-h-01-agent-108:33254:34204 [0] NCCL INFO Channel 09 : 12[1000] -> 13[2000] via SHM/direct/direct
paraai-n32-h-01-agent-108:33254:34204 [0] NCCL INFO Channel 11 : 12[1000] -> 13[2000] via SHM/direct/direct
paraai-n32-h-01-agent-108:33254:34204 [0] NCCL INFO Channel 13 : 12[1000] -> 13[2000] via SHM/direct/direct
paraai-n32-h-01-agent-108:33254:34204 [0] NCCL INFO Channel 15 : 12[1000] -> 13[2000] via SHM/direct/direct
paraai-n32-h-01-agent-108:33255:34205 [1] NCCL INFO Connected all rings
paraai-n32-h-01-agent-108:33254:34204 [0] NCCL INFO Channel 01 : 12[1000] -> 15[82000] via SHM/direct/direct
paraai-n32-h-01-agent-108:33254:34204 [0] NCCL INFO Channel 03 : 12[1000] -> 15[82000] via SHM/direct/direct
paraai-n32-h-01-agent-108:33254:34204 [0] NCCL INFO Channel 05 : 12[1000] -> 15[82000] via SHM/direct/direct
paraai-n32-h-01-agent-108:33254:34204 [0] NCCL INFO Channel 07 : 12[1000] -> 15[82000] via SHM/direct/direct
paraai-n32-h-01-agent-108:33254:34204 [0] NCCL INFO Channel 09 : 12[1000] -> 15[82000] via SHM/direct/direct
paraai-n32-h-01-agent-108:33254:34204 [0] NCCL INFO Channel 11 : 12[1000] -> 15[82000] via SHM/direct/direct
paraai-n32-h-01-agent-108:33254:34204 [0] NCCL INFO Channel 13 : 12[1000] -> 15[82000] via SHM/direct/direct
paraai-n32-h-01-agent-108:33254:34204 [0] NCCL INFO Channel 15 : 12[1000] -> 15[82000] via SHM/direct/direct
paraai-n32-h-01-agent-108:33257:34207 [3] NCCL INFO Channel 01 : 15[82000] -> 12[1000] via SHM/direct/direct
paraai-n32-h-01-agent-108:33257:34207 [3] NCCL INFO Channel 03 : 15[82000] -> 12[1000] via SHM/direct/direct
paraai-n32-h-01-agent-108:33257:34207 [3] NCCL INFO Channel 05 : 15[82000] -> 12[1000] via SHM/direct/direct
paraai-n32-h-01-agent-108:33257:34207 [3] NCCL INFO Channel 07 : 15[82000] -> 12[1000] via SHM/direct/direct
paraai-n32-h-01-agent-108:33257:34207 [3] NCCL INFO Channel 09 : 15[82000] -> 12[1000] via SHM/direct/direct
paraai-n32-h-01-agent-108:33257:34207 [3] NCCL INFO Channel 11 : 15[82000] -> 12[1000] via SHM/direct/direct
paraai-n32-h-01-agent-108:33257:34207 [3] NCCL INFO Channel 13 : 15[82000] -> 12[1000] via SHM/direct/direct
paraai-n32-h-01-agent-108:33257:34207 [3] NCCL INFO Channel 15 : 15[82000] -> 12[1000] via SHM/direct/direct
paraai-n32-h-01-agent-108:33255:34205 [1] NCCL INFO Channel 00 : 13[2000] -> 12[1000] via SHM/direct/direct
paraai-n32-h-01-agent-108:33255:34205 [1] NCCL INFO Channel 02 : 13[2000] -> 12[1000] via SHM/direct/direct
paraai-n32-h-01-agent-108:33255:34205 [1] NCCL INFO Channel 04 : 13[2000] -> 12[1000] via SHM/direct/direct
paraai-n32-h-01-agent-108:33255:34205 [1] NCCL INFO Channel 06 : 13[2000] -> 12[1000] via SHM/direct/direct
paraai-n32-h-01-agent-108:33255:34205 [1] NCCL INFO Channel 08 : 13[2000] -> 12[1000] via SHM/direct/direct
paraai-n32-h-01-agent-108:33255:34205 [1] NCCL INFO Channel 10 : 13[2000] -> 12[1000] via SHM/direct/direct
paraai-n32-h-01-agent-108:33255:34205 [1] NCCL INFO Channel 12 : 13[2000] -> 12[1000] via SHM/direct/direct
paraai-n32-h-01-agent-108:33255:34205 [1] NCCL INFO Channel 14 : 13[2000] -> 12[1000] via SHM/direct/direct
paraai-n32-h-01-agent-108:33256:34206 [2] NCCL INFO Channel 09/0 : 10[81000] -> 14[81000] [receive] via NET/IB/1
paraai-n32-h-01-agent-108:33254:34204 [0] NCCL INFO Channel 00/0 : 8[1000] -> 12[1000] [receive] via NET/IB/0
paraai-n32-h-01-agent-108:33256:34206 [2] NCCL INFO Channel 13/0 : 10[81000] -> 14[81000] [receive] via NET/IB/1
paraai-n32-h-01-agent-108:33254:34204 [0] NCCL INFO Channel 04/0 : 8[1000] -> 12[1000] [receive] via NET/IB/0
paraai-n32-h-01-agent-108:33254:34204 [0] NCCL INFO Channel 08/0 : 8[1000] -> 12[1000] [receive] via NET/IB/0
paraai-n32-h-01-agent-108:33254:34204 [0] NCCL INFO Channel 12/0 : 8[1000] -> 12[1000] [receive] via NET/IB/0
paraai-n32-h-01-agent-108:33254:34204 [0] NCCL INFO Channel 02/0 : 4[1000] -> 12[1000] [receive] via NET/IB/0
paraai-n32-h-01-agent-108:33256:34206 [2] NCCL INFO Channel 03/0 : 6[81000] -> 14[81000] [receive] via NET/IB/1
paraai-n32-h-01-agent-108:33254:34204 [0] NCCL INFO Channel 06/0 : 4[1000] -> 12[1000] [receive] via NET/IB/0
paraai-n32-h-01-agent-108:33256:34206 [2] NCCL INFO Channel 07/0 : 6[81000] -> 14[81000] [receive] via NET/IB/1
paraai-n32-h-01-agent-108:33254:34204 [0] NCCL INFO Channel 10/0 : 4[1000] -> 12[1000] [receive] via NET/IB/0
paraai-n32-h-01-agent-108:33256:34206 [2] NCCL INFO Channel 11/0 : 6[81000] -> 14[81000] [receive] via NET/IB/1
paraai-n32-h-01-agent-108:33254:34204 [0] NCCL INFO Channel 14/0 : 4[1000] -> 12[1000] [receive] via NET/IB/0
paraai-n32-h-01-agent-108:33256:34206 [2] NCCL INFO Channel 15/0 : 6[81000] -> 14[81000] [receive] via NET/IB/1
paraai-n32-h-01-agent-108:33254:34204 [0] NCCL INFO Channel 02/0 : 12[1000] -> 4[1000] [send] via NET/IB/0
paraai-n32-h-01-agent-108:33256:34206 [2] NCCL INFO Channel 03/0 : 14[81000] -> 6[81000] [send] via NET/IB/1
paraai-n32-h-01-agent-108:33254:34204 [0] NCCL INFO Channel 06/0 : 12[1000] -> 4[1000] [send] via NET/IB/0
paraai-n32-h-01-agent-108:33256:34206 [2] NCCL INFO Channel 07/0 : 14[81000] -> 6[81000] [send] via NET/IB/1
paraai-n32-h-01-agent-108:33254:34204 [0] NCCL INFO Channel 10/0 : 12[1000] -> 4[1000] [send] via NET/IB/0
paraai-n32-h-01-agent-108:33256:34206 [2] NCCL INFO Channel 11/0 : 14[81000] -> 6[81000] [send] via NET/IB/1
paraai-n32-h-01-agent-108:33254:34204 [0] NCCL INFO Channel 14/0 : 12[1000] -> 4[1000] [send] via NET/IB/0
paraai-n32-h-01-agent-108:33256:34206 [2] NCCL INFO Channel 15/0 : 14[81000] -> 6[81000] [send] via NET/IB/1
paraai-n32-h-01-agent-108:33254:34204 [0] NCCL INFO Channel 00/0 : 12[1000] -> 8[1000] [send] via NET/IB/0
paraai-n32-h-01-agent-108:33256:34206 [2] NCCL INFO Channel 01/0 : 14[81000] -> 10[81000] [send] via NET/IB/1
paraai-n32-h-01-agent-108:33254:34204 [0] NCCL INFO Channel 04/0 : 12[1000] -> 8[1000] [send] via NET/IB/0
paraai-n32-h-01-agent-108:33256:34206 [2] NCCL INFO Channel 05/0 : 14[81000] -> 10[81000] [send] via NET/IB/1
paraai-n32-h-01-agent-108:33254:34204 [0] NCCL INFO Channel 08/0 : 12[1000] -> 8[1000] [send] via NET/IB/0
paraai-n32-h-01-agent-108:33256:34206 [2] NCCL INFO Channel 09/0 : 14[81000] -> 10[81000] [send] via NET/IB/1
paraai-n32-h-01-agent-108:33254:34204 [0] NCCL INFO Channel 12/0 : 12[1000] -> 8[1000] [send] via NET/IB/0
paraai-n32-h-01-agent-108:33257:34207 [3] NCCL INFO Channel 00 : 15[82000] -> 14[81000] via SHM/direct/direct
paraai-n32-h-01-agent-108:33257:34207 [3] NCCL INFO Channel 01 : 15[82000] -> 14[81000] via SHM/direct/direct
paraai-n32-h-01-agent-108:33257:34207 [3] NCCL INFO Channel 02 : 15[82000] -> 14[81000] via SHM/direct/direct
paraai-n32-h-01-agent-108:33257:34207 [3] NCCL INFO Channel 03 : 15[82000] -> 14[81000] via SHM/direct/direct
paraai-n32-h-01-agent-108:33257:34207 [3] NCCL INFO Channel 04 : 15[82000] -> 14[81000] via SHM/direct/direct
paraai-n32-h-01-agent-108:33257:34207 [3] NCCL INFO Channel 05 : 15[82000] -> 14[81000] via SHM/direct/direct
paraai-n32-h-01-agent-108:33257:34207 [3] NCCL INFO Channel 06 : 15[82000] -> 14[81000] via SHM/direct/direct
paraai-n32-h-01-agent-108:33257:34207 [3] NCCL INFO Channel 07 : 15[82000] -> 14[81000] via SHM/direct/direct
paraai-n32-h-01-agent-108:33257:34207 [3] NCCL INFO Channel 08 : 15[82000] -> 14[81000] via SHM/direct/direct
paraai-n32-h-01-agent-108:33257:34207 [3] NCCL INFO Channel 09 : 15[82000] -> 14[81000] via SHM/direct/direct
paraai-n32-h-01-agent-108:33257:34207 [3] NCCL INFO Channel 10 : 15[82000] -> 14[81000] via SHM/direct/direct
paraai-n32-h-01-agent-108:33257:34207 [3] NCCL INFO Channel 11 : 15[82000] -> 14[81000] via SHM/direct/direct
paraai-n32-h-01-agent-108:33257:34207 [3] NCCL INFO Channel 12 : 15[82000] -> 14[81000] via SHM/direct/direct
paraai-n32-h-01-agent-108:33257:34207 [3] NCCL INFO Channel 13 : 15[82000] -> 14[81000] via SHM/direct/direct
paraai-n32-h-01-agent-108:33257:34207 [3] NCCL INFO Channel 14 : 15[82000] -> 14[81000] via SHM/direct/direct
paraai-n32-h-01-agent-108:33257:34207 [3] NCCL INFO Channel 15 : 15[82000] -> 14[81000] via SHM/direct/direct
paraai-n32-h-01-agent-108:33254:34204 [0] NCCL INFO Connected all trees
paraai-n32-h-01-agent-108:33254:34204 [0] NCCL INFO threadThresholds 8/8/64 | 128/8/64 | 512 | 512
paraai-n32-h-01-agent-108:33254:34204 [0] NCCL INFO 16 coll channels, 16 p2p channels, 2 p2p channels per peer
paraai-n32-h-01-agent-108:33256:34206 [2] NCCL INFO Channel 13/0 : 14[81000] -> 10[81000] [send] via NET/IB/1
paraai-n32-h-01-agent-108:33256:34206 [2] NCCL INFO Channel 00 : 14[81000] -> 13[2000] via SHM/direct/direct
paraai-n32-h-01-agent-108:33256:34206 [2] NCCL INFO Channel 02 : 14[81000] -> 13[2000] via SHM/direct/direct
paraai-n32-h-01-agent-108:33256:34206 [2] NCCL INFO Channel 04 : 14[81000] -> 13[2000] via SHM/direct/direct
paraai-n32-h-01-agent-108:33256:34206 [2] NCCL INFO Channel 06 : 14[81000] -> 13[2000] via SHM/direct/direct
paraai-n32-h-01-agent-108:33256:34206 [2] NCCL INFO Channel 08 : 14[81000] -> 13[2000] via SHM/direct/direct
paraai-n32-h-01-agent-108:33256:34206 [2] NCCL INFO Channel 10 : 14[81000] -> 13[2000] via SHM/direct/direct
paraai-n32-h-01-agent-108:33256:34206 [2] NCCL INFO Channel 12 : 14[81000] -> 13[2000] via SHM/direct/direct
paraai-n32-h-01-agent-108:33256:34206 [2] NCCL INFO Channel 14 : 14[81000] -> 13[2000] via SHM/direct/direct
paraai-n32-h-01-agent-108:33255:34205 [1] NCCL INFO Connected all trees
paraai-n32-h-01-agent-108:33255:34205 [1] NCCL INFO threadThresholds 8/8/64 | 128/8/64 | 512 | 512
paraai-n32-h-01-agent-108:33255:34205 [1] NCCL INFO 16 coll channels, 16 p2p channels, 2 p2p channels per peer
paraai-n32-h-01-agent-108:33256:34206 [2] NCCL INFO Connected all trees
paraai-n32-h-01-agent-108:33256:34206 [2] NCCL INFO threadThresholds 8/8/64 | 128/8/64 | 512 | 512
paraai-n32-h-01-agent-108:33256:34206 [2] NCCL INFO 16 coll channels, 16 p2p channels, 2 p2p channels per peer
paraai-n32-h-01-agent-108:33257:34207 [3] NCCL INFO Connected all trees
paraai-n32-h-01-agent-108:33257:34207 [3] NCCL INFO threadThresholds 8/8/64 | 128/8/64 | 512 | 512
paraai-n32-h-01-agent-108:33257:34207 [3] NCCL INFO 16 coll channels, 16 p2p channels, 2 p2p channels per peer
paraai-n32-h-01-agent-108:33257:34207 [3] NCCL INFO comm 0x32ec1900 rank 15 nranks 16 cudaDev 3 busId 82000 - Init COMPLETE
paraai-n32-h-01-agent-108:33256:34206 [2] NCCL INFO comm 0x5fbaeba0 rank 14 nranks 16 cudaDev 2 busId 81000 - Init COMPLETE
paraai-n32-h-01-agent-108:33255:34205 [1] NCCL INFO comm 0x388a5680 rank 13 nranks 16 cudaDev 1 busId 2000 - Init COMPLETE
paraai-n32-h-01-agent-108:33254:34204 [0] NCCL INFO comm 0x4500d900 rank 12 nranks 16 cudaDev 0 busId 1000 - Init COMPLETE
2023-07-04 16:36:04,049 - root - INFO - validating...
2023-07-04 16:36:04,050 - root - INFO - validating...
2023-07-04 16:36:04,050 - root - INFO - validating...
2023-07-04 16:36:04,050 - root - INFO - validating...
2023-07-04 16:49:18,167 - root - INFO - validating...
2023-07-04 16:49:18,168 - root - INFO - validating...
2023-07-04 16:49:18,168 - root - INFO - validating...
2023-07-04 16:49:18,168 - root - INFO - validating...
2023-07-04 17:02:28,942 - root - INFO - validating...
2023-07-04 17:02:28,942 - root - INFO - validating...
2023-07-04 17:02:28,943 - root - INFO - validating...
2023-07-04 17:02:28,944 - root - INFO - validating...
2023-07-04 17:15:40,239 - root - INFO - validating...
2023-07-04 17:15:40,238 - root - INFO - validating...
2023-07-04 17:15:40,238 - root - INFO - validating...
2023-07-04 17:15:40,240 - root - INFO - validating...
2023-07-04 17:28:53,454 - root - INFO - validating...
2023-07-04 17:28:53,454 - root - INFO - validating...
2023-07-04 17:28:53,454 - root - INFO - validating...
2023-07-04 17:28:53,455 - root - INFO - validating...
2023-07-04 17:42:02,481 - root - INFO - validating...
2023-07-04 17:42:02,481 - root - INFO - validating...
2023-07-04 17:42:02,482 - root - INFO - validating...
2023-07-04 17:42:02,482 - root - INFO - validating...
2023-07-04 17:55:17,621 - root - INFO - validating...
2023-07-04 17:55:17,621 - root - INFO - validating...
2023-07-04 17:55:17,621 - root - INFO - validating...
2023-07-04 17:55:17,622 - root - INFO - validating...
2023-07-04 18:08:31,757 - root - INFO - validating...
2023-07-04 18:08:31,757 - root - INFO - validating...
2023-07-04 18:08:31,757 - root - INFO - validating...
2023-07-04 18:08:31,758 - root - INFO - validating...
2023-07-04 18:21:48,790 - root - INFO - validating...
2023-07-04 18:21:48,790 - root - INFO - validating...
2023-07-04 18:21:48,790 - root - INFO - validating...
2023-07-04 18:21:48,791 - root - INFO - validating...
2023-07-04 18:35:02,493 - root - INFO - validating...
2023-07-04 18:35:02,494 - root - INFO - validating...
2023-07-04 18:35:02,496 - root - INFO - validating...
2023-07-04 18:35:02,496 - root - INFO - validating...
2023-07-04 18:48:17,719 - root - INFO - validating...
2023-07-04 18:48:17,719 - root - INFO - validating...
2023-07-04 18:48:17,719 - root - INFO - validating...
2023-07-04 18:48:17,719 - root - INFO - validating...
2023-07-04 19:01:33,752 - root - INFO - validating...
2023-07-04 19:01:33,752 - root - INFO - validating...
2023-07-04 19:01:33,753 - root - INFO - validating...
2023-07-04 19:01:33,756 - root - INFO - validating...
2023-07-04 19:14:44,325 - root - INFO - validating...
2023-07-04 19:14:44,326 - root - INFO - validating...
2023-07-04 19:14:44,326 - root - INFO - validating...
2023-07-04 19:14:44,327 - root - INFO - validating...
2023-07-04 19:27:56,518 - root - INFO - validating...
2023-07-04 19:27:56,518 - root - INFO - validating...
2023-07-04 19:27:56,518 - root - INFO - validating...
2023-07-04 19:27:56,519 - root - INFO - validating...
2023-07-04 19:41:06,942 - root - INFO - validating...
2023-07-04 19:41:06,943 - root - INFO - validating...
2023-07-04 19:41:06,943 - root - INFO - validating...
2023-07-04 19:41:06,943 - root - INFO - validating...
2023-07-04 19:54:21,286 - root - INFO - validating...
2023-07-04 19:54:21,287 - root - INFO - validating...
2023-07-04 19:54:21,287 - root - INFO - validating...
2023-07-04 19:54:21,288 - root - INFO - validating...
2023-07-04 20:07:38,308 - root - INFO - validating...
2023-07-04 20:07:38,308 - root - INFO - validating...
2023-07-04 20:07:38,308 - root - INFO - validating...
2023-07-04 20:07:38,308 - root - INFO - validating...
2023-07-04 20:20:51,383 - root - INFO - validating...
2023-07-04 20:20:51,383 - root - INFO - validating...
2023-07-04 20:20:51,384 - root - INFO - validating...
2023-07-04 20:20:51,385 - root - INFO - validating...
2023-07-04 20:34:00,859 - root - INFO - validating...
2023-07-04 20:34:00,859 - root - INFO - validating...
2023-07-04 20:34:00,859 - root - INFO - validating...
2023-07-04 20:34:00,862 - root - INFO - validating...
2023-07-04 20:47:14,353 - root - INFO - validating...
2023-07-04 20:47:14,354 - root - INFO - validating...
2023-07-04 20:47:14,356 - root - INFO - validating...
2023-07-04 20:47:14,356 - root - INFO - validating...
2023-07-04 21:00:21,984 - root - INFO - validating...
2023-07-04 21:00:21,984 - root - INFO - validating...
2023-07-04 21:00:21,983 - root - INFO - validating...
2023-07-04 21:00:21,984 - root - INFO - validating...
2023-07-04 21:13:33,371 - root - INFO - validating...
2023-07-04 21:13:33,371 - root - INFO - validating...
2023-07-04 21:13:33,371 - root - INFO - validating...
2023-07-04 21:13:33,373 - root - INFO - validating...
2023-07-04 21:26:45,064 - root - INFO - validating...
2023-07-04 21:26:45,064 - root - INFO - validating...
2023-07-04 21:26:45,065 - root - INFO - validating...
2023-07-04 21:26:45,066 - root - INFO - validating...
2023-07-04 21:40:01,636 - root - INFO - validating...
2023-07-04 21:40:01,637 - root - INFO - validating...
2023-07-04 21:40:01,637 - root - INFO - validating...
2023-07-04 21:40:01,637 - root - INFO - validating...
2023-07-04 21:53:15,854 - root - INFO - validating...
2023-07-04 21:53:15,854 - root - INFO - validating...
2023-07-04 21:53:15,854 - root - INFO - validating...
2023-07-04 21:53:15,856 - root - INFO - validating...
2023-07-04 22:06:28,635 - root - INFO - validating...
2023-07-04 22:06:28,635 - root - INFO - validating...
2023-07-04 22:06:28,635 - root - INFO - validating...
2023-07-04 22:06:28,635 - root - INFO - validating...
2023-07-04 22:19:41,793 - root - INFO - validating...
2023-07-04 22:19:41,794 - root - INFO - validating...
2023-07-04 22:19:41,794 - root - INFO - validating...
2023-07-04 22:19:41,796 - root - INFO - validating...
2023-07-04 22:32:59,348 - root - INFO - validating...
2023-07-04 22:32:59,348 - root - INFO - validating...
2023-07-04 22:32:59,349 - root - INFO - validating...
2023-07-04 22:32:59,351 - root - INFO - validating...
2023-07-04 22:46:11,744 - root - INFO - validating...
2023-07-04 22:46:11,745 - root - INFO - validating...
2023-07-04 22:46:11,745 - root - INFO - validating...
2023-07-04 22:46:11,747 - root - INFO - validating...
2023-07-04 22:59:28,064 - root - INFO - validating...
2023-07-04 22:59:28,064 - root - INFO - validating...
2023-07-04 22:59:28,065 - root - INFO - validating...
2023-07-04 22:59:28,066 - root - INFO - validating...
2023-07-04 23:12:51,246 - root - INFO - validating...
2023-07-04 23:12:51,246 - root - INFO - validating...
2023-07-04 23:12:51,247 - root - INFO - validating...
2023-07-04 23:12:51,248 - root - INFO - validating...
2023-07-04 23:26:01,693 - root - INFO - validating...
2023-07-04 23:26:01,694 - root - INFO - validating...
2023-07-04 23:26:01,694 - root - INFO - validating...
2023-07-04 23:26:01,695 - root - INFO - validating...
2023-07-04 23:39:16,472 - root - INFO - validating...
2023-07-04 23:39:16,472 - root - INFO - validating...
2023-07-04 23:39:16,473 - root - INFO - validating...
2023-07-04 23:39:16,476 - root - INFO - validating...
2023-07-04 23:52:27,710 - root - INFO - validating...
2023-07-04 23:52:27,711 - root - INFO - validating...
2023-07-04 23:52:27,711 - root - INFO - validating...
2023-07-04 23:52:27,713 - root - INFO - validating...
2023-07-05 00:05:39,466 - root - INFO - validating...
2023-07-05 00:05:39,467 - root - INFO - validating...
2023-07-05 00:05:39,469 - root - INFO - validating...
2023-07-05 00:05:39,469 - root - INFO - validating...
2023-07-05 00:18:52,369 - root - INFO - validating...
2023-07-05 00:18:52,369 - root - INFO - validating...
2023-07-05 00:18:52,369 - root - INFO - validating...
2023-07-05 00:18:52,369 - root - INFO - validating...
2023-07-05 00:32:05,215 - root - INFO - validating...
2023-07-05 00:32:05,215 - root - INFO - validating...
2023-07-05 00:32:05,216 - root - INFO - validating...
2023-07-05 00:32:05,216 - root - INFO - validating...
2023-07-05 00:45:14,123 - root - INFO - validating...
2023-07-05 00:45:14,123 - root - INFO - validating...
2023-07-05 00:45:14,123 - root - INFO - validating...
2023-07-05 00:45:14,125 - root - INFO - validating...
2023-07-05 00:58:29,595 - root - INFO - validating...
2023-07-05 00:58:29,596 - root - INFO - validating...
2023-07-05 00:58:29,596 - root - INFO - validating...
2023-07-05 00:58:29,595 - root - INFO - validating...
2023-07-05 01:11:39,043 - root - INFO - validating...
2023-07-05 01:11:39,043 - root - INFO - validating...
2023-07-05 01:11:39,043 - root - INFO - validating...
2023-07-05 01:11:39,044 - root - INFO - validating...
2023-07-05 01:24:49,015 - root - INFO - validating...
2023-07-05 01:24:49,015 - root - INFO - validating...
2023-07-05 01:24:49,015 - root - INFO - validating...
2023-07-05 01:24:49,017 - root - INFO - validating...
2023-07-05 01:38:02,899 - root - INFO - validating...
2023-07-05 01:38:02,899 - root - INFO - validating...
2023-07-05 01:38:02,900 - root - INFO - validating...
2023-07-05 01:38:02,904 - root - INFO - validating...
2023-07-05 01:51:14,416 - root - INFO - validating...
2023-07-05 01:51:14,416 - root - INFO - validating...
2023-07-05 01:51:14,416 - root - INFO - validating...
2023-07-05 01:51:14,417 - root - INFO - validating...
2023-07-05 02:04:24,829 - root - INFO - validating...
2023-07-05 02:04:24,829 - root - INFO - validating...
2023-07-05 02:04:24,829 - root - INFO - validating...
2023-07-05 02:04:24,829 - root - INFO - validating...
2023-07-05 02:17:38,296 - root - INFO - validating...
2023-07-05 02:17:38,298 - root - INFO - validating...
2023-07-05 02:17:38,298 - root - INFO - validating...
2023-07-05 02:17:38,298 - root - INFO - validating...
2023-07-05 02:30:50,990 - root - INFO - validating...
2023-07-05 02:30:50,990 - root - INFO - validating...
2023-07-05 02:30:50,990 - root - INFO - validating...
2023-07-05 02:30:50,992 - root - INFO - validating...
2023-07-05 02:44:04,243 - root - INFO - validating...
2023-07-05 02:44:04,243 - root - INFO - validating...
2023-07-05 02:44:04,243 - root - INFO - validating...
2023-07-05 02:44:04,244 - root - INFO - validating...
2023-07-05 02:57:15,188 - root - INFO - validating...
2023-07-05 02:57:15,188 - root - INFO - validating...
2023-07-05 02:57:15,189 - root - INFO - validating...
2023-07-05 02:57:15,192 - root - INFO - validating...
2023-07-05 03:10:26,680 - root - INFO - validating...
2023-07-05 03:10:26,681 - root - INFO - validating...
2023-07-05 03:10:26,681 - root - INFO - validating...
2023-07-05 03:10:26,681 - root - INFO - validating...
2023-07-05 03:23:40,835 - root - INFO - validating...
2023-07-05 03:23:40,835 - root - INFO - validating...
2023-07-05 03:23:40,836 - root - INFO - validating...
2023-07-05 03:23:40,838 - root - INFO - validating...
2023-07-05 03:36:50,435 - root - INFO - validating...
2023-07-05 03:36:50,435 - root - INFO - validating...
2023-07-05 03:36:50,435 - root - INFO - validating...
2023-07-05 03:36:50,434 - root - INFO - validating...
2023-07-05 03:50:03,236 - root - INFO - validating...
2023-07-05 03:50:03,236 - root - INFO - validating...
2023-07-05 03:50:03,236 - root - INFO - validating...
2023-07-05 03:50:03,239 - root - INFO - validating...
2023-07-05 04:03:18,871 - root - INFO - validating...
2023-07-05 04:03:18,872 - root - INFO - validating...
2023-07-05 04:03:18,872 - root - INFO - validating...
2023-07-05 04:03:18,872 - root - INFO - validating...
2023-07-05 04:16:35,371 - root - INFO - validating...
2023-07-05 04:16:35,371 - root - INFO - validating...
2023-07-05 04:16:35,372 - root - INFO - validating...
2023-07-05 04:16:35,374 - root - INFO - validating...
2023-07-05 04:29:48,379 - root - INFO - validating...
2023-07-05 04:29:48,379 - root - INFO - validating...
2023-07-05 04:29:48,379 - root - INFO - validating...
2023-07-05 04:29:48,380 - root - INFO - validating...
2023-07-05 04:43:01,942 - root - INFO - validating...
2023-07-05 04:43:01,942 - root - INFO - validating...
2023-07-05 04:43:01,942 - root - INFO - validating...
2023-07-05 04:43:01,942 - root - INFO - validating...
2023-07-05 04:56:15,842 - root - INFO - validating...
2023-07-05 04:56:15,843 - root - INFO - validating...
2023-07-05 04:56:15,844 - root - INFO - validating...
2023-07-05 04:56:15,845 - root - INFO - validating...
2023-07-05 05:09:33,075 - root - INFO - validating...
2023-07-05 05:09:33,076 - root - INFO - validating...
2023-07-05 05:09:33,076 - root - INFO - validating...
2023-07-05 05:09:33,078 - root - INFO - validating...
2023-07-05 05:22:50,002 - root - INFO - validating...
2023-07-05 05:22:50,002 - root - INFO - validating...
2023-07-05 05:22:50,002 - root - INFO - validating...
2023-07-05 05:22:50,005 - root - INFO - validating...
2023-07-05 05:35:58,002 - root - INFO - validating...
2023-07-05 05:35:58,002 - root - INFO - validating...
2023-07-05 05:35:58,002 - root - INFO - validating...
2023-07-05 05:35:58,003 - root - INFO - validating...
2023-07-05 05:49:03,486 - root - INFO - validating...
2023-07-05 05:49:03,485 - root - INFO - validating...
2023-07-05 05:49:03,486 - root - INFO - validating...
2023-07-05 05:49:03,486 - root - INFO - validating...
2023-07-05 06:02:17,327 - root - INFO - validating...
2023-07-05 06:02:17,327 - root - INFO - validating...
2023-07-05 06:02:17,328 - root - INFO - validating...
2023-07-05 06:02:17,328 - root - INFO - validating...
2023-07-05 06:15:27,244 - root - INFO - validating...
2023-07-05 06:15:27,245 - root - INFO - validating...
2023-07-05 06:15:27,245 - root - INFO - validating...
2023-07-05 06:15:27,245 - root - INFO - validating...
2023-07-05 06:28:41,068 - root - INFO - validating...
2023-07-05 06:28:41,068 - root - INFO - validating...
2023-07-05 06:28:41,068 - root - INFO - validating...
2023-07-05 06:28:41,068 - root - INFO - validating...
2023-07-05 06:41:52,897 - root - INFO - validating...
2023-07-05 06:41:52,897 - root - INFO - validating...
2023-07-05 06:41:52,900 - root - INFO - validating...
2023-07-05 06:41:52,900 - root - INFO - validating...
2023-07-05 06:55:05,234 - root - INFO - validating...
2023-07-05 06:55:05,235 - root - INFO - validating...
2023-07-05 06:55:05,235 - root - INFO - validating...
2023-07-05 06:55:05,239 - root - INFO - validating...
2023-07-05 07:08:19,954 - root - INFO - validating...
2023-07-05 07:08:19,953 - root - INFO - validating...
2023-07-05 07:08:19,954 - root - INFO - validating...
2023-07-05 07:08:19,954 - root - INFO - validating...
2023-07-05 07:21:33,474 - root - INFO - validating...
2023-07-05 07:21:33,474 - root - INFO - validating...
2023-07-05 07:21:33,475 - root - INFO - validating...
2023-07-05 07:21:33,479 - root - INFO - validating...
2023-07-05 07:34:47,967 - root - INFO - validating...
2023-07-05 07:34:47,967 - root - INFO - validating...
2023-07-05 07:34:47,967 - root - INFO - validating...
2023-07-05 07:34:47,967 - root - INFO - validating...
2023-07-05 07:48:03,827 - root - INFO - validating...
2023-07-05 07:48:03,827 - root - INFO - validating...
2023-07-05 07:48:03,827 - root - INFO - validating...
2023-07-05 07:48:03,829 - root - INFO - validating...
2023-07-05 08:01:11,013 - root - INFO - validating...
2023-07-05 08:01:11,013 - root - INFO - validating...
2023-07-05 08:01:11,014 - root - INFO - validating...
2023-07-05 08:01:11,017 - root - INFO - validating...
2023-07-05 08:14:22,454 - root - INFO - validating...
2023-07-05 08:14:22,454 - root - INFO - validating...
2023-07-05 08:14:22,454 - root - INFO - validating...
2023-07-05 08:14:22,454 - root - INFO - validating...
2023-07-05 08:27:33,442 - root - INFO - validating...
2023-07-05 08:27:33,444 - root - INFO - validating...
2023-07-05 08:27:33,445 - root - INFO - validating...
2023-07-05 08:27:33,445 - root - INFO - validating...
2023-07-05 08:40:47,019 - root - INFO - validating...
2023-07-05 08:40:47,020 - root - INFO - validating...
2023-07-05 08:40:47,020 - root - INFO - validating...
2023-07-05 08:40:47,020 - root - INFO - validating...
2023-07-05 08:54:06,703 - root - INFO - validating...
2023-07-05 08:54:06,705 - root - INFO - validating...
2023-07-05 08:54:06,706 - root - INFO - validating...
2023-07-05 08:54:06,706 - root - INFO - validating...
2023-07-05 09:07:19,702 - root - INFO - validating...
2023-07-05 09:07:19,702 - root - INFO - validating...
2023-07-05 09:07:19,702 - root - INFO - validating...
2023-07-05 09:07:19,703 - root - INFO - validating...
2023-07-05 09:20:31,076 - root - INFO - validating...
2023-07-05 09:20:31,079 - root - INFO - validating...
2023-07-05 09:20:31,079 - root - INFO - validating...
2023-07-05 09:20:31,080 - root - INFO - validating...
2023-07-05 09:33:44,464 - root - INFO - validating...
2023-07-05 09:33:44,464 - root - INFO - validating...
2023-07-05 09:33:44,464 - root - INFO - validating...
2023-07-05 09:33:44,464 - root - INFO - validating...
2023-07-05 09:46:50,110 - root - INFO - validating...
2023-07-05 09:46:50,110 - root - INFO - validating...
2023-07-05 09:46:50,110 - root - INFO - validating...
2023-07-05 09:46:50,113 - root - INFO - validating...
2023-07-05 10:00:05,365 - root - INFO - validating...
2023-07-05 10:00:05,365 - root - INFO - validating...
2023-07-05 10:00:05,365 - root - INFO - validating...
2023-07-05 10:00:05,368 - root - INFO - validating...
2023-07-05 10:13:21,271 - root - INFO - validating...
2023-07-05 10:13:21,271 - root - INFO - validating...
2023-07-05 10:13:21,272 - root - INFO - validating...
2023-07-05 10:13:21,271 - root - INFO - validating...
2023-07-05 10:26:22,530 - root - INFO - validating...
2023-07-05 10:26:22,530 - root - INFO - validating...
2023-07-05 10:26:22,531 - root - INFO - validating...
2023-07-05 10:26:22,533 - root - INFO - validating...
2023-07-05 10:39:31,888 - root - INFO - validating...
2023-07-05 10:39:31,889 - root - INFO - validating...
2023-07-05 10:39:31,889 - root - INFO - validating...
2023-07-05 10:39:31,891 - root - INFO - validating...
2023-07-05 10:52:42,058 - root - INFO - validating...
2023-07-05 10:52:42,058 - root - INFO - validating...
2023-07-05 10:52:42,058 - root - INFO - validating...
2023-07-05 10:52:42,058 - root - INFO - validating...
2023-07-05 11:05:55,866 - root - INFO - validating...
2023-07-05 11:05:55,866 - root - INFO - validating...
2023-07-05 11:05:55,867 - root - INFO - validating...
2023-07-05 11:05:55,868 - root - INFO - validating...
2023-07-05 11:19:06,815 - root - INFO - validating...
2023-07-05 11:19:06,815 - root - INFO - validating...
2023-07-05 11:19:06,815 - root - INFO - validating...
2023-07-05 11:19:06,816 - root - INFO - validating...
2023-07-05 11:32:18,681 - root - INFO - validating...
2023-07-05 11:32:18,681 - root - INFO - validating...
2023-07-05 11:32:18,681 - root - INFO - validating...
2023-07-05 11:32:18,683 - root - INFO - validating...
2023-07-05 11:45:30,281 - root - INFO - validating...
2023-07-05 11:45:30,281 - root - INFO - validating...
2023-07-05 11:45:30,281 - root - INFO - validating...
2023-07-05 11:45:30,281 - root - INFO - validating...
2023-07-05 11:58:39,345 - root - INFO - validating...
2023-07-05 11:58:39,346 - root - INFO - validating...
2023-07-05 11:58:39,346 - root - INFO - validating...
2023-07-05 11:58:39,346 - root - INFO - validating...
2023-07-05 12:11:53,619 - root - INFO - validating...
2023-07-05 12:11:53,620 - root - INFO - validating...
2023-07-05 12:11:53,620 - root - INFO - validating...
2023-07-05 12:11:53,620 - root - INFO - validating...
2023-07-05 12:25:03,681 - root - INFO - validating...
2023-07-05 12:25:03,681 - root - INFO - validating...
2023-07-05 12:25:03,681 - root - INFO - validating...
2023-07-05 12:25:03,681 - root - INFO - validating...
2023-07-05 12:38:12,669 - root - INFO - validating...
2023-07-05 12:38:12,670 - root - INFO - validating...
2023-07-05 12:38:12,670 - root - INFO - validating...
2023-07-05 12:38:12,671 - root - INFO - validating...
2023-07-05 12:51:22,417 - root - INFO - validating...
2023-07-05 12:51:22,417 - root - INFO - validating...
2023-07-05 12:51:22,418 - root - INFO - validating...
2023-07-05 12:51:22,418 - root - INFO - validating...
2023-07-05 13:04:32,415 - root - INFO - validating...
2023-07-05 13:04:32,415 - root - INFO - validating...
2023-07-05 13:04:32,415 - root - INFO - validating...
2023-07-05 13:04:32,415 - root - INFO - validating...
2023-07-05 13:17:44,295 - root - INFO - validating...
2023-07-05 13:17:44,295 - root - INFO - validating...
2023-07-05 13:17:44,295 - root - INFO - validating...
2023-07-05 13:17:44,297 - root - INFO - validating...
2023-07-05 13:30:55,672 - root - INFO - validating...
2023-07-05 13:30:55,672 - root - INFO - validating...
2023-07-05 13:30:55,672 - root - INFO - validating...
2023-07-05 13:30:55,673 - root - INFO - validating...
2023-07-05 13:44:01,676 - root - INFO - validating...
2023-07-05 13:44:01,676 - root - INFO - validating...
2023-07-05 13:44:01,676 - root - INFO - validating...
2023-07-05 13:44:01,676 - root - INFO - validating...
2023-07-05 13:57:12,076 - root - INFO - validating...
2023-07-05 13:57:12,076 - root - INFO - validating...
2023-07-05 13:57:12,076 - root - INFO - validating...
2023-07-05 13:57:12,079 - root - INFO - validating...
2023-07-05 14:10:23,782 - root - INFO - validating...
2023-07-05 14:10:23,782 - root - INFO - validating...
2023-07-05 14:10:23,782 - root - INFO - validating...
2023-07-05 14:10:23,785 - root - INFO - validating...
2023-07-05 14:23:34,509 - root - INFO - validating...
2023-07-05 14:23:34,509 - root - INFO - validating...
2023-07-05 14:23:34,509 - root - INFO - validating...
2023-07-05 14:23:34,510 - root - INFO - validating...
2023-07-05 14:36:46,855 - root - INFO - validating...
2023-07-05 14:36:46,855 - root - INFO - validating...
2023-07-05 14:36:46,855 - root - INFO - validating...
2023-07-05 14:36:46,857 - root - INFO - validating...
2023-07-05 14:50:06,177 - root - INFO - validating...
2023-07-05 14:50:06,176 - root - INFO - validating...
2023-07-05 14:50:06,178 - root - INFO - validating...
2023-07-05 14:50:06,178 - root - INFO - validating...
2023-07-05 15:03:20,385 - root - INFO - validating...
2023-07-05 15:03:20,385 - root - INFO - validating...
2023-07-05 15:03:20,386 - root - INFO - validating...
2023-07-05 15:03:20,386 - root - INFO - validating...
2023-07-05 15:16:34,180 - root - INFO - validating...
2023-07-05 15:16:34,180 - root - INFO - validating...
2023-07-05 15:16:34,180 - root - INFO - validating...
2023-07-05 15:16:34,181 - root - INFO - validating...
2023-07-05 15:29:52,049 - root - INFO - validating...
2023-07-05 15:29:52,049 - root - INFO - validating...
2023-07-05 15:29:52,049 - root - INFO - validating...
2023-07-05 15:29:52,051 - root - INFO - validating...
2023-07-05 15:43:02,838 - root - INFO - validating...
2023-07-05 15:43:02,838 - root - INFO - validating...
2023-07-05 15:43:02,839 - root - INFO - validating...
2023-07-05 15:43:02,841 - root - INFO - validating...
2023-07-05 15:56:14,861 - root - INFO - validating...
2023-07-05 15:56:14,861 - root - INFO - validating...
2023-07-05 15:56:14,861 - root - INFO - validating...
2023-07-05 15:56:14,864 - root - INFO - validating...
2023-07-05 16:09:22,314 - root - INFO - validating...
2023-07-05 16:09:22,314 - root - INFO - validating...
2023-07-05 16:09:22,314 - root - INFO - validating...
2023-07-05 16:09:22,314 - root - INFO - validating...
2023-07-05 16:22:37,799 - root - INFO - validating...
2023-07-05 16:22:37,800 - root - INFO - validating...
2023-07-05 16:22:37,800 - root - INFO - validating...
2023-07-05 16:22:37,803 - root - INFO - validating...
2023-07-05 16:35:48,801 - root - INFO - validating...
2023-07-05 16:35:48,801 - root - INFO - validating...
2023-07-05 16:35:48,801 - root - INFO - validating...
2023-07-05 16:35:48,802 - root - INFO - validating...
2023-07-05 16:48:59,544 - root - INFO - validating...
2023-07-05 16:48:59,544 - root - INFO - validating...
2023-07-05 16:48:59,546 - root - INFO - validating...
2023-07-05 16:48:59,547 - root - INFO - validating...
2023-07-05 17:02:03,086 - root - INFO - validating...
2023-07-05 17:02:03,086 - root - INFO - validating...
2023-07-05 17:02:03,086 - root - INFO - validating...
2023-07-05 17:02:03,092 - root - INFO - validating...
2023-07-05 17:15:14,373 - root - INFO - validating...
2023-07-05 17:15:14,373 - root - INFO - validating...
2023-07-05 17:15:14,373 - root - INFO - validating...
2023-07-05 17:15:14,376 - root - INFO - validating...
2023-07-05 17:28:25,029 - root - INFO - validating...
2023-07-05 17:28:25,029 - root - INFO - validating...
2023-07-05 17:28:25,029 - root - INFO - validating...
2023-07-05 17:28:25,030 - root - INFO - validating...
2023-07-05 17:41:35,280 - root - INFO - validating...
2023-07-05 17:41:35,280 - root - INFO - validating...
2023-07-05 17:41:35,280 - root - INFO - validating...
2023-07-05 17:41:35,281 - root - INFO - validating...
2023-07-05 17:54:44,283 - root - INFO - validating...
2023-07-05 17:54:44,283 - root - INFO - validating...
2023-07-05 17:54:44,283 - root - INFO - validating...
2023-07-05 17:54:44,286 - root - INFO - validating...
2023-07-05 18:07:57,763 - root - INFO - validating...
2023-07-05 18:07:57,762 - root - INFO - validating...
2023-07-05 18:07:57,764 - root - INFO - validating...
2023-07-05 18:07:57,766 - root - INFO - validating...
2023-07-05 18:21:04,984 - root - INFO - validating...
2023-07-05 18:21:04,984 - root - INFO - validating...
2023-07-05 18:21:04,984 - root - INFO - validating...
2023-07-05 18:21:04,986 - root - INFO - validating...
2023-07-05 18:34:11,923 - root - INFO - validating...
2023-07-05 18:34:11,924 - root - INFO - validating...
2023-07-05 18:34:11,924 - root - INFO - validating...
2023-07-05 18:34:11,926 - root - INFO - validating...
2023-07-05 18:47:20,991 - root - INFO - validating...
2023-07-05 18:47:20,992 - root - INFO - validating...
2023-07-05 18:47:20,992 - root - INFO - validating...
2023-07-05 18:47:20,993 - root - INFO - validating...
2023-07-05 19:00:25,920 - root - INFO - validating...
2023-07-05 19:00:25,920 - root - INFO - validating...
2023-07-05 19:00:25,920 - root - INFO - validating...
2023-07-05 19:00:25,921 - root - INFO - validating...
2023-07-05 19:13:38,271 - root - INFO - validating...
2023-07-05 19:13:38,271 - root - INFO - validating...
2023-07-05 19:13:38,273 - root - INFO - validating...
2023-07-05 19:13:38,272 - root - INFO - validating...
2023-07-05 19:26:51,678 - root - INFO - validating...
2023-07-05 19:26:51,678 - root - INFO - validating...
2023-07-05 19:26:51,678 - root - INFO - validating...
2023-07-05 19:26:51,681 - root - INFO - validating...
2023-07-05 19:39:58,904 - root - INFO - validating...
2023-07-05 19:39:58,903 - root - INFO - validating...
2023-07-05 19:39:58,904 - root - INFO - validating...
2023-07-05 19:39:58,904 - root - INFO - validating...
2023-07-05 19:53:07,453 - root - INFO - validating...
2023-07-05 19:53:07,454 - root - INFO - validating...
2023-07-05 19:53:07,454 - root - INFO - validating...
2023-07-05 19:53:07,454 - root - INFO - validating...
2023-07-05 20:06:21,308 - root - INFO - validating...
2023-07-05 20:06:21,309 - root - INFO - validating...
2023-07-05 20:06:21,309 - root - INFO - validating...
2023-07-05 20:06:21,309 - root - INFO - validating...
2023-07-05 20:19:39,824 - root - INFO - validating...
2023-07-05 20:19:39,824 - root - INFO - validating...
2023-07-05 20:19:39,825 - root - INFO - validating...
2023-07-05 20:19:39,828 - root - INFO - validating...
2023-07-05 20:32:53,275 - root - INFO - validating...
2023-07-05 20:32:53,276 - root - INFO - validating...
2023-07-05 20:32:53,276 - root - INFO - validating...
2023-07-05 20:32:53,276 - root - INFO - validating...
2023-07-05 20:46:06,842 - root - INFO - validating...
2023-07-05 20:46:06,842 - root - INFO - validating...
2023-07-05 20:46:06,842 - root - INFO - validating...
2023-07-05 20:46:06,845 - root - INFO - validating...
2023-07-05 20:59:15,923 - root - INFO - validating...
2023-07-05 20:59:15,923 - root - INFO - validating...
2023-07-05 20:59:15,924 - root - INFO - validating...
2023-07-05 20:59:15,924 - root - INFO - validating...
2023-07-05 21:12:21,629 - root - INFO - validating...
2023-07-05 21:12:21,629 - root - INFO - validating...
2023-07-05 21:12:21,629 - root - INFO - validating...
2023-07-05 21:12:21,631 - root - INFO - validating...
2023-07-05 21:25:31,428 - root - INFO - validating...
2023-07-05 21:25:31,428 - root - INFO - validating...
2023-07-05 21:25:31,428 - root - INFO - validating...
2023-07-05 21:25:31,429 - root - INFO - validating...
2023-07-05 21:38:44,259 - root - INFO - validating...
2023-07-05 21:38:44,259 - root - INFO - validating...
2023-07-05 21:38:44,259 - root - INFO - validating...
2023-07-05 21:38:44,259 - root - INFO - validating...
2023-07-05 21:51:58,503 - root - INFO - validating...
2023-07-05 21:51:58,503 - root - INFO - validating...
2023-07-05 21:51:58,503 - root - INFO - validating...
2023-07-05 21:51:58,504 - root - INFO - validating...
2023-07-05 22:05:09,148 - root - INFO - validating...
2023-07-05 22:05:09,148 - root - INFO - validating...
2023-07-05 22:05:09,148 - root - INFO - validating...
2023-07-05 22:05:09,149 - root - INFO - validating...
2023-07-05 22:18:19,023 - root - INFO - validating...
2023-07-05 22:18:19,023 - root - INFO - validating...
2023-07-05 22:18:19,024 - root - INFO - validating...
2023-07-05 22:18:19,025 - root - INFO - validating...
2023-07-05 22:31:28,611 - root - INFO - validating...
2023-07-05 22:31:28,611 - root - INFO - validating...
2023-07-05 22:31:28,612 - root - INFO - validating...
2023-07-05 22:31:28,612 - root - INFO - validating...
2023-07-05 22:44:34,934 - root - INFO - validating...
2023-07-05 22:44:34,933 - root - INFO - validating...
2023-07-05 22:44:34,934 - root - INFO - validating...
2023-07-05 22:44:34,935 - root - INFO - validating...
2023-07-05 22:57:43,949 - root - INFO - validating...
2023-07-05 22:57:43,949 - root - INFO - validating...
2023-07-05 22:57:43,950 - root - INFO - validating...
2023-07-05 22:57:43,951 - root - INFO - validating...
2023-07-05 23:10:54,849 - root - INFO - validating...
2023-07-05 23:10:54,849 - root - INFO - validating...
2023-07-05 23:10:54,850 - root - INFO - validating...
2023-07-05 23:10:54,850 - root - INFO - validating...
2023-07-05 23:24:08,007 - root - INFO - validating...
2023-07-05 23:24:08,007 - root - INFO - validating...
2023-07-05 23:24:08,007 - root - INFO - validating...
2023-07-05 23:24:08,010 - root - INFO - validating...
2023-07-05 23:37:22,195 - root - INFO - validating...
2023-07-05 23:37:22,196 - root - INFO - validating...
2023-07-05 23:37:22,196 - root - INFO - validating...
2023-07-05 23:37:22,196 - root - INFO - validating...
2023-07-05 23:50:33,461 - root - INFO - validating...
2023-07-05 23:50:33,461 - root - INFO - validating...
2023-07-05 23:50:33,461 - root - INFO - validating...
2023-07-05 23:50:33,462 - root - INFO - validating...
2023-07-06 00:03:44,768 - root - INFO - validating...
2023-07-06 00:03:44,769 - root - INFO - validating...
2023-07-06 00:03:44,771 - root - INFO - validating...
2023-07-06 00:03:44,772 - root - INFO - validating...
2023-07-06 00:17:01,608 - root - INFO - validating...
2023-07-06 00:17:01,608 - root - INFO - validating...
2023-07-06 00:17:01,608 - root - INFO - validating...
2023-07-06 00:17:01,611 - root - INFO - validating...
2023-07-06 00:30:14,204 - root - INFO - validating...
2023-07-06 00:30:14,205 - root - INFO - validating...
2023-07-06 00:30:14,205 - root - INFO - validating...
2023-07-06 00:30:14,205 - root - INFO - validating...
2023-07-06 00:43:26,238 - root - INFO - validating...
2023-07-06 00:43:26,238 - root - INFO - validating...
2023-07-06 00:43:26,238 - root - INFO - validating...
2023-07-06 00:43:26,238 - root - INFO - validating...
2023-07-06 00:56:41,225 - root - INFO - validating...
2023-07-06 00:56:41,225 - root - INFO - validating...
2023-07-06 00:56:41,226 - root - INFO - validating...
2023-07-06 00:56:41,226 - root - INFO - validating...
2023-07-06 01:09:52,508 - root - INFO - validating...
2023-07-06 01:09:52,508 - root - INFO - validating...
2023-07-06 01:09:52,509 - root - INFO - validating...
2023-07-06 01:09:52,509 - root - INFO - validating...
2023-07-06 01:23:07,202 - root - INFO - validating...
2023-07-06 01:23:07,203 - root - INFO - validating...
2023-07-06 01:23:07,205 - root - INFO - validating...
2023-07-06 01:23:07,206 - root - INFO - validating...
2023-07-06 01:24:07,565 - root - INFO - Terminating training after reaching params.max_epochs while LR scheduler is set to CosineAnnealingLR
2023-07-06 01:24:07,565 - root - INFO - Terminating training after reaching params.max_epochs while LR scheduler is set to CosineAnnealingLR
2023-07-06 01:24:07,566 - root - INFO - Terminating training after reaching params.max_epochs while LR scheduler is set to CosineAnnealingLR
2023-07-06 01:24:07,566 - root - INFO - Terminating training after reaching params.max_epochs while LR scheduler is set to CosineAnnealingLR
paraai-n32-h-01-agent-108:33256:34220 [2] NCCL INFO [Service thread] Connection closed by localRank 2
paraai-n32-h-01-agent-108:33257:34218 [3] NCCL INFO [Service thread] Connection closed by localRank 3
paraai-n32-h-01-agent-108:33255:34219 [1] NCCL INFO [Service thread] Connection closed by localRank 1
paraai-n32-h-01-agent-108:33257:33257 [3] NCCL INFO comm 0x32ec1900 rank 15 nranks 16 cudaDev 3 busId 82000 - Abort COMPLETE
paraai-n32-h-01-agent-108:33256:33256 [2] NCCL INFO comm 0x5fbaeba0 rank 14 nranks 16 cudaDev 2 busId 81000 - Abort COMPLETE
paraai-n32-h-01-agent-108:33255:33255 [1] NCCL INFO comm 0x388a5680 rank 13 nranks 16 cudaDev 1 busId 2000 - Abort COMPLETE
paraai-n32-h-01-agent-108:33254:34217 [0] NCCL INFO [Service thread] Connection closed by localRank 0
paraai-n32-h-01-agent-108:33254:33254 [0] NCCL INFO comm 0x4500d900 rank 12 nranks 16 cudaDev 0 busId 1000 - Abort COMPLETE
