master_addr is only used for static rdzv_backend and when rdzv_endpoint is not specified.
paraai-n32-h-01-agent-87
0
------------------ Configuration ------------------  /home/bingxing2/home/scx6115/Ocean_AI_model/exp_15_levels/Masked_AE_Ocean/20230628-131150/config.yaml
paraai-n32-h-01-agent-87
0
------------------ Configuration ------------------  /home/bingxing2/home/scx6115/Ocean_AI_model/exp_15_levels/Masked_AE_Ocean/20230628-131150/config.yaml
paraai-n32-h-01-agent-87
0
------------------ Configuration ------------------  /home/bingxing2/home/scx6115/Ocean_AI_model/exp_15_levels/Masked_AE_Ocean/20230628-131150/config.yaml
paraai-n32-h-01-agent-87
0
------------------ Configuration ------------------  /home/bingxing2/home/scx6115/Ocean_AI_model/exp_15_levels/Masked_AE_Ocean/20230628-131150/config.yaml
nettype Masked_AE_Ocean
log_to_wandb Truenettype
 lrMasked_AE_Ocean 
0.001log_to_wandb
 batch_sizeTrue 
32lr
 max_epochs0.001 
150batch_size
 scheduler32 
CosineAnnealingLRmax_epochsnettype
  fusion_3d_2d150Masked_AE_Ocean 

Falseschedulerlog_to_wandb
  in_channelsCosineAnnealingLRTruenettype 

 fusion_3d_2d[0, 1, 2, 3, 4, 5, 6, 7, 8, 9, 10, 11, 12, 13, 14, 15, 16, 17, 18, 19, 20, 21, 22, 23, 24, 25, 26, 27, 28, 29, 30, 31, 32, 33, 34, 35, 36, 37, 38, 39, 40, 41, 42, 43, 44, 45, 46, 47, 48, 49, 50, 51, 52, 53, 54, 55, 56, 57, 58, 59, 60, 61, 62, 63, 64, 65]lrMasked_AE_Ocean 
 
Falseout_channels0.001log_to_wandb
 
 in_channels[0, 1, 2, 3, 4, 5, 6, 7, 8, 9, 10, 11, 12, 13, 14, 15, 16, 17, 18, 19, 20, 21, 22, 23, 24, 25, 26, 27, 28, 29, 30, 31, 32, 33, 34, 35, 36, 37, 38, 39, 40, 41, 42, 43, 44, 45, 46, 47, 48, 49, 50, 51, 52, 53, 54, 55, 56, 57, 58, 59, 60]batch_sizeTrue 
 
N_in_channels[0, 1, 2, 3, 4, 5, 6, 7, 8, 9, 10, 11, 12, 13, 14, 15, 16, 17, 18, 19, 20, 21, 22, 23, 24, 25, 26, 27, 28, 29, 30, 31, 32, 33, 34, 35, 36, 37, 38, 39, 40, 41, 42, 43, 44, 45, 46, 47, 48, 49, 50, 51, 52, 53, 54, 55, 56, 57, 58, 59, 60, 61, 62, 63, 64, 65]32lr 

 66out_channelsmax_epochs0.001
  
N_out_channels[0, 1, 2, 3, 4, 5, 6, 7, 8, 9, 10, 11, 12, 13, 14, 15, 16, 17, 18, 19, 20, 21, 22, 23, 24, 25, 26, 27, 28, 29, 30, 31, 32, 33, 34, 35, 36, 37, 38, 39, 40, 41, 42, 43, 44, 45, 46, 47, 48, 49, 50, 51, 52, 53, 54, 55, 56, 57, 58, 59, 60]150batch_size 

 61N_in_channelsscheduler32
  
img_size_h66CosineAnnealingLRmax_epochs 

 720N_out_channelsfusion_3d_2d150
  
img_size_w61Falsescheduler 

 1440img_size_hin_channelsCosineAnnealingLR
  
patch_size_h720[0, 1, 2, 3, 4, 5, 6, 7, 8, 9, 10, 11, 12, 13, 14, 15, 16, 17, 18, 19, 20, 21, 22, 23, 24, 25, 26, 27, 28, 29, 30, 31, 32, 33, 34, 35, 36, 37, 38, 39, 40, 41, 42, 43, 44, 45, 46, 47, 48, 49, 50, 51, 52, 53, 54, 55, 56, 57, 58, 59, 60, 61, 62, 63, 64, 65]fusion_3d_2d 

 8img_size_wout_channelsFalse
  
patch_size_w1440[0, 1, 2, 3, 4, 5, 6, 7, 8, 9, 10, 11, 12, 13, 14, 15, 16, 17, 18, 19, 20, 21, 22, 23, 24, 25, 26, 27, 28, 29, 30, 31, 32, 33, 34, 35, 36, 37, 38, 39, 40, 41, 42, 43, 44, 45, 46, 47, 48, 49, 50, 51, 52, 53, 54, 55, 56, 57, 58, 59, 60]in_channels 

 8patch_size_hN_in_channels[0, 1, 2, 3, 4, 5, 6, 7, 8, 9, 10, 11, 12, 13, 14, 15, 16, 17, 18, 19, 20, 21, 22, 23, 24, 25, 26, 27, 28, 29, 30, 31, 32, 33, 34, 35, 36, 37, 38, 39, 40, 41, 42, 43, 44, 45, 46, 47, 48, 49, 50, 51, 52, 53, 54, 55, 56, 57, 58, 59, 60, 61, 62, 63, 64, 65]
  
mlp_ratio866out_channels 

 4.0patch_size_wN_out_channels[0, 1, 2, 3, 4, 5, 6, 7, 8, 9, 10, 11, 12, 13, 14, 15, 16, 17, 18, 19, 20, 21, 22, 23, 24, 25, 26, 27, 28, 29, 30, 31, 32, 33, 34, 35, 36, 37, 38, 39, 40, 41, 42, 43, 44, 45, 46, 47, 48, 49, 50, 51, 52, 53, 54, 55, 56, 57, 58, 59, 60]
  
embed_dim861N_in_channels 

 512mlp_ratioimg_size_h66
  
depth4.0720N_out_channels 

 16embed_dimimg_size_w61
  
num_heads5121440img_size_h 

 16depthpatch_size_h720
  
decoder_embed_dim168img_size_w 

 1024num_headspatch_size_w1440
  
decoder_depth168patch_size_h 

 8decoder_embed_dimmlp_ratio8
  
decoder_num_heads10244.0patch_size_w 

 16decoder_depthembed_dim8
  
koopman_depth8512mlp_ratio 

 2decoder_num_headsdepth4.0
  
modes_h_ratio1616embed_dim 

 1koopman_depthnum_heads512
  
modes_w_ratio216depth 

 0.8modes_h_ratiodecoder_embed_dim16
  
drop_rate11024num_heads 

 0.0modes_w_ratiodecoder_depth16
  
drop_path_rate0.88decoder_embed_dim 

 0.0drop_ratedecoder_num_heads1024
  
sparsity_threshold0.016decoder_depth 

 0.01drop_path_ratekoopman_depth8
  
hard_thresholding_fraction0.02decoder_num_heads 

 1.0sparsity_thresholdmodes_h_ratio16
  
num_blocks0.011koopman_depth 

 8hard_thresholding_fractionmodes_w_ratio2
  
loss1.00.8modes_h_ratio 

 l2num_blocksdrop_rate1
  
num_data_workers80.0modes_w_ratio 

 0lossdrop_path_rate0.8
  
dtl20.0drop_rate 

 1num_data_workerssparsity_threshold0.0
  
n_history00.01drop_path_rate 

 0dthard_thresholding_fraction0.0
  
prediction_type11.0sparsity_threshold 

 iterativen_historynum_blocks0.01
  
prediction_length08hard_thresholding_fraction 

 41prediction_typeloss1.0
  
n_initial_conditionsiterativel2num_blocks 

 5prediction_lengthnum_data_workers8
  
ics_type410loss 

 defaultn_initial_conditionsdtl2
  
date_strings51num_data_workers 

 ['2018-09-14 00:00:00']ics_typen_history0
  
save_raw_forecastsdefault0dt 

 Truedate_stringsprediction_type1
  
save_channel['2018-09-14 00:00:00']iterativen_history 

 Falsesave_raw_forecastsprediction_length0
  
masked_accTrue41prediction_type 

 Falsesave_channeln_initial_conditionsiterative
  
maskpathFalse5prediction_length 

 Nonemasked_accics_type41
  
perturbFalsedefaultn_initial_conditions 

 Falsemaskpathdate_strings5
  
add_gridNone['2018-09-14 00:00:00']ics_type 

 Falseperturbsave_raw_forecastsdefault
  
N_grid_channelsFalseTruedate_strings 

 0add_gridsave_channel['2018-09-14 00:00:00']
  
gridtypeFalseFalsesave_raw_forecasts 

 sinusoidalN_grid_channelsmasked_accTrue
  
roll0Falsesave_channel 

 FalsegridtypemaskpathFalse
  
enable_nhwcsinusoidalNonemasked_acc 

 FalserollperturbFalse
  
optimizer_typeFalseFalsemaskpath 

 FusedAdamenable_nhwcadd_gridNone
  
exp_dirFalseFalseperturb 

 ./exp_15_levelsoptimizer_typeN_grid_channelsFalse
  
patch_sizeFusedAdam0add_grid 

 8exp_dirgridtypeFalse
  
width./exp_15_levelssinusoidalN_grid_channels 

 56patch_sizeroll0
  
modes8Falsegridtype 

 32widthenable_nhwcsinusoidal
  
target56Falseroll 

 defaultmodesoptimizer_typeFalse
  
train_data_path32FusedAdamenable_nhwc 

 /home/bingxing2/home/scx6115/Ocean_AI_model/sample_01/traintargetexp_dirFalse
  
valid_data_pathdefault./exp_15_levelsoptimizer_type 

 /home/bingxing2/home/scx6115/Ocean_AI_model/sample_01/validtrain_data_pathpatch_sizeFusedAdam
  
test_data_path/home/bingxing2/home/scx6115/Ocean_AI_model/sample_01/train8exp_dir 

 /home/bingxing2/home/scx6115/Ocean_AI_model/sample_01/testvalid_data_pathwidth./exp_15_levels
  
land_mask/home/bingxing2/home/scx6115/Ocean_AI_model/sample_01/valid56patch_size 

 Truetest_data_pathmodes8
  
land_mask_path/home/bingxing2/home/scx6115/Ocean_AI_model/sample_01/test32width 

 /home/bingxing2/home/scx6115/Ocean_AI_model/sample_01/land_mask.h5land_masktarget56
  
normalizeTruedefaultmodes 

 Trueland_mask_pathtrain_data_path32
  
normalization/home/bingxing2/home/scx6115/Ocean_AI_model/sample_01/land_mask.h5/home/bingxing2/home/scx6115/Ocean_AI_model/sample_01/traintarget 

 zscorenormalizevalid_data_pathdefault
  
global_mins_pathTrue/home/bingxing2/home/scx6115/Ocean_AI_model/sample_01/validtrain_data_path 

 /home/bingxing2/home/scx6115/Ocean_AI_model/sample_01/train/global_mins.npynormalizationtest_data_path/home/bingxing2/home/scx6115/Ocean_AI_model/sample_01/train
  
global_maxs_pathzscore/home/bingxing2/home/scx6115/Ocean_AI_model/sample_01/testvalid_data_path 

 /home/bingxing2/home/scx6115/Ocean_AI_model/sample_01/train/global_maxs.npyglobal_mins_pathland_mask/home/bingxing2/home/scx6115/Ocean_AI_model/sample_01/valid
  
global_means_path/home/bingxing2/home/scx6115/Ocean_AI_model/sample_01/train/global_mins.npyTruetest_data_path 

 /home/bingxing2/home/scx6115/Ocean_AI_model/sample_01/train/global_means.npyglobal_maxs_pathland_mask_path/home/bingxing2/home/scx6115/Ocean_AI_model/sample_01/test
  
global_stds_path/home/bingxing2/home/scx6115/Ocean_AI_model/sample_01/train/global_maxs.npy/home/bingxing2/home/scx6115/Ocean_AI_model/sample_01/land_mask.h5land_mask 

 /home/bingxing2/home/scx6115/Ocean_AI_model/sample_01/train/global_stds.npyglobal_means_pathnormalizeTrue
  
orography/home/bingxing2/home/scx6115/Ocean_AI_model/sample_01/train/global_means.npy True
land_mask_pathTrue
global_stds_path 
normalization /home/bingxing2/home/scx6115/Ocean_AI_model/sample_01/land_mask.h5orography_norm_zscore_path /home/bingxing2/home/scx6115/Ocean_AI_model/sample_01/train/global_stds.npy
 zscore
normalize/home/bingxing2/home/scx6115/Ocean_AI_model/sample_01/orography_norm_zscore.h5
orography 
global_mins_path Trueorography_norm_maxmin_path True
 /home/bingxing2/home/scx6115/Ocean_AI_model/sample_01/train/global_mins.npy
normalization/home/bingxing2/home/scx6115/Ocean_AI_model/sample_01/orography_norm_maxmin.h5
orography_norm_zscore_path 
global_maxs_path zscoreadd_noise /home/bingxing2/home/scx6115/Ocean_AI_model/sample_01/orography_norm_zscore.h5
 /home/bingxing2/home/scx6115/Ocean_AI_model/sample_01/train/global_maxs.npy
global_mins_pathFalse
orography_norm_maxmin_path 
global_means_path /home/bingxing2/home/scx6115/Ocean_AI_model/sample_01/train/global_mins.npynoise_std /home/bingxing2/home/scx6115/Ocean_AI_model/sample_01/orography_norm_maxmin.h5
 /home/bingxing2/home/scx6115/Ocean_AI_model/sample_01/train/global_means.npy
global_maxs_path0
add_noise 
global_stds_path /home/bingxing2/home/scx6115/Ocean_AI_model/sample_01/train/global_maxs.npycrop_size_x False
 /home/bingxing2/home/scx6115/Ocean_AI_model/sample_01/train/global_stds.npy
global_means_pathNone
noise_std 
orography /home/bingxing2/home/scx6115/Ocean_AI_model/sample_01/train/global_means.npycrop_size_y 0
 True
global_stds_pathNone
crop_size_x 
orography_norm_zscore_path /home/bingxing2/home/scx6115/Ocean_AI_model/sample_01/train/global_stds.npylog_to_screen None
 /home/bingxing2/home/scx6115/Ocean_AI_model/sample_01/orography_norm_zscore.h5
orographyTrue
crop_size_y 
orography_norm_maxmin_path Truesave_checkpoint None
 /home/bingxing2/home/scx6115/Ocean_AI_model/sample_01/orography_norm_maxmin.h5
orography_norm_zscore_pathTrue
log_to_screen 
add_noise /home/bingxing2/home/scx6115/Ocean_AI_model/sample_01/orography_norm_zscore.h5plot_animations True
 False
orography_norm_maxmin_pathFalse
save_checkpoint 
noise_std /home/bingxing2/home/scx6115/Ocean_AI_model/sample_01/orography_norm_maxmin.h5 True
0
---------------------------------------------------add_noise
plot_animations
 crop_size_x Falseworld_size : False
 None
noise_std16
 
crop_size_y---------------------------------------------------0Initialize distributed process group... 


Nonecrop_size_xworld_size :
  log_to_screenNone16 

Truecrop_size_yInitialize distributed process group...
 
save_checkpointNone 
Truelog_to_screen
 plot_animationsTrue 
Falsesave_checkpoint
 True
plot_animations False
---------------------------------------------------
---------------------------------------------------world_size :
 16
world_size :Initialize distributed process group... 
16
Initialize distributed process group...
2023-07-03 12:50:19,923 - torch.distributed.distributed_c10d - INFO - Added key: store_based_barrier_key:1 to store for rank: 8
2023-07-03 12:50:19,923 - torch.distributed.distributed_c10d - INFO - Added key: store_based_barrier_key:1 to store for rank: 10
2023-07-03 12:50:19,923 - torch.distributed.distributed_c10d - INFO - Added key: store_based_barrier_key:1 to store for rank: 9
2023-07-03 12:50:19,923 - torch.distributed.distributed_c10d - INFO - Added key: store_based_barrier_key:1 to store for rank: 11
2023-07-03 12:50:19,933 - torch.distributed.distributed_c10d - INFO - Rank 8: Completed store-based barrier for key:store_based_barrier_key:1 with 16 nodes.
2023-07-03 12:50:19,933 - torch.distributed.distributed_c10d - INFO - Rank 10: Completed store-based barrier for key:store_based_barrier_key:1 with 16 nodes.
2023-07-03 12:50:19,933 - torch.distributed.distributed_c10d - INFO - Rank 9: Completed store-based barrier for key:store_based_barrier_key:1 with 16 nodes.
2023-07-03 12:50:19,933 - torch.distributed.distributed_c10d - INFO - Rank 11: Completed store-based barrier for key:store_based_barrier_key:1 with 16 nodes.
2023-07-03 12:50:19,986 - root - INFO - device: cuda:2
2023-07-03 12:50:19,986 - root - INFO - rank 10, begin data loader init
2023-07-03 12:50:19,993 - root - INFO - device: cuda:3
2023-07-03 12:50:19,993 - root - INFO - rank 11, begin data loader init
2023-07-03 12:50:19,995 - root - INFO - device: cuda:0
2023-07-03 12:50:19,995 - root - INFO - rank 8, begin data loader init
2023-07-03 12:50:19,996 - root - INFO - device: cuda:1
2023-07-03 12:50:19,996 - root - INFO - rank 9, begin data loader init
2023-07-03 12:50:20,025 - root - INFO - Getting file stats from /home/bingxing2/home/scx6115/Ocean_AI_model/sample_01/train/2000.h5
2023-07-03 12:50:20,025 - root - INFO - Getting file stats from /home/bingxing2/home/scx6115/Ocean_AI_model/sample_01/train/2000.h5
2023-07-03 12:50:20,025 - root - INFO - Getting file stats from /home/bingxing2/home/scx6115/Ocean_AI_model/sample_01/train/2000.h5
2023-07-03 12:50:20,025 - root - INFO - Getting file stats from /home/bingxing2/home/scx6115/Ocean_AI_model/sample_01/train/2000.h5
2023-07-03 12:50:20,027 - root - INFO - Number of samples per year: 365
2023-07-03 12:50:20,027 - root - INFO - Number of samples per year: 365
2023-07-03 12:50:20,027 - root - INFO - Number of samples per year: 365
2023-07-03 12:50:20,027 - root - INFO - Found data at path /home/bingxing2/home/scx6115/Ocean_AI_model/sample_01/train. Number of examples: 4015. Image Shape: 720 x 1440 x 66
2023-07-03 12:50:20,027 - root - INFO - Number of samples per year: 365
2023-07-03 12:50:20,027 - root - INFO - Found data at path /home/bingxing2/home/scx6115/Ocean_AI_model/sample_01/train. Number of examples: 4015. Image Shape: 720 x 1440 x 66
2023-07-03 12:50:20,027 - root - INFO - Found data at path /home/bingxing2/home/scx6115/Ocean_AI_model/sample_01/train. Number of examples: 4015. Image Shape: 720 x 1440 x 66
2023-07-03 12:50:20,027 - root - INFO - Delta t: 1 days
2023-07-03 12:50:20,027 - root - INFO - Found data at path /home/bingxing2/home/scx6115/Ocean_AI_model/sample_01/train. Number of examples: 4015. Image Shape: 720 x 1440 x 66
2023-07-03 12:50:20,027 - root - INFO - Delta t: 1 days
2023-07-03 12:50:20,027 - root - INFO - Delta t: 1 days
2023-07-03 12:50:20,027 - root - INFO - Including 0 days of past history in training at a frequency of 1 days
2023-07-03 12:50:20,027 - root - INFO - Delta t: 1 days
2023-07-03 12:50:20,027 - root - INFO - Including 0 days of past history in training at a frequency of 1 days
2023-07-03 12:50:20,027 - root - INFO - Including 0 days of past history in training at a frequency of 1 days
2023-07-03 12:50:20,027 - root - INFO - Including 0 days of past history in training at a frequency of 1 days
2023-07-03 12:50:20,066 - root - INFO - Getting file stats from /home/bingxing2/home/scx6115/Ocean_AI_model/sample_01/valid/2011.h5
2023-07-03 12:50:20,066 - root - INFO - Getting file stats from /home/bingxing2/home/scx6115/Ocean_AI_model/sample_01/valid/2011.h5
2023-07-03 12:50:20,066 - root - INFO - Getting file stats from /home/bingxing2/home/scx6115/Ocean_AI_model/sample_01/valid/2011.h5
2023-07-03 12:50:20,066 - root - INFO - Getting file stats from /home/bingxing2/home/scx6115/Ocean_AI_model/sample_01/valid/2011.h5
2023-07-03 12:50:20,067 - root - INFO - Number of samples per year: 364
2023-07-03 12:50:20,067 - root - INFO - Number of samples per year: 364
2023-07-03 12:50:20,067 - root - INFO - Number of samples per year: 364
2023-07-03 12:50:20,067 - root - INFO - Found data at path /home/bingxing2/home/scx6115/Ocean_AI_model/sample_01/valid. Number of examples: 364. Image Shape: 720 x 1440 x 66
2023-07-03 12:50:20,067 - root - INFO - Found data at path /home/bingxing2/home/scx6115/Ocean_AI_model/sample_01/valid. Number of examples: 364. Image Shape: 720 x 1440 x 66
2023-07-03 12:50:20,067 - root - INFO - Found data at path /home/bingxing2/home/scx6115/Ocean_AI_model/sample_01/valid. Number of examples: 364. Image Shape: 720 x 1440 x 66
2023-07-03 12:50:20,067 - root - INFO - Number of samples per year: 364
2023-07-03 12:50:20,067 - root - INFO - Delta t: 1 days
2023-07-03 12:50:20,067 - root - INFO - Delta t: 1 days
2023-07-03 12:50:20,067 - root - INFO - Delta t: 1 days
2023-07-03 12:50:20,067 - root - INFO - Found data at path /home/bingxing2/home/scx6115/Ocean_AI_model/sample_01/valid. Number of examples: 364. Image Shape: 720 x 1440 x 66
2023-07-03 12:50:20,067 - root - INFO - Including 0 days of past history in training at a frequency of 1 days
2023-07-03 12:50:20,067 - root - INFO - Including 0 days of past history in training at a frequency of 1 days
2023-07-03 12:50:20,067 - root - INFO - Including 0 days of past history in training at a frequency of 1 days
2023-07-03 12:50:20,067 - root - INFO - Delta t: 1 days
2023-07-03 12:50:20,068 - root - INFO - Including 0 days of past history in training at a frequency of 1 days
2023-07-03 12:50:20,068 - root - INFO - rank 9, data loader initialized
2023-07-03 12:50:20,068 - root - INFO - rank 8, data loader initialized
2023-07-03 12:50:20,068 - root - INFO - rank 10, data loader initialized
2023-07-03 12:50:20,068 - root - INFO - rank 11, data loader initialized
paraai-n32-h-01-agent-87:1060084:1060084 [3] NCCL INFO cudaDriverVersion 11060
paraai-n32-h-01-agent-87:1060083:1060083 [2] NCCL INFO cudaDriverVersion 11060
paraai-n32-h-01-agent-87:1060081:1060081 [0] NCCL INFO cudaDriverVersion 11060
paraai-n32-h-01-agent-87:1060082:1060082 [1] NCCL INFO cudaDriverVersion 11060
paraai-n32-h-01-agent-87:1060082:1060082 [1] NCCL INFO Bootstrap : Using eth0:172.16.5.149<0>
paraai-n32-h-01-agent-87:1060084:1060084 [3] NCCL INFO Bootstrap : Using eth0:172.16.5.149<0>
paraai-n32-h-01-agent-87:1060083:1060083 [2] NCCL INFO Bootstrap : Using eth0:172.16.5.149<0>
paraai-n32-h-01-agent-87:1060081:1060081 [0] NCCL INFO Bootstrap : Using eth0:172.16.5.149<0>
paraai-n32-h-01-agent-87:1060081:1060081 [0] NCCL INFO NET/Plugin : No plugin found (libnccl-net.so), using internal implementation
paraai-n32-h-01-agent-87:1060082:1060082 [1] NCCL INFO NET/Plugin : No plugin found (libnccl-net.so), using internal implementation
paraai-n32-h-01-agent-87:1060084:1060084 [3] NCCL INFO NET/Plugin : No plugin found (libnccl-net.so), using internal implementation
paraai-n32-h-01-agent-87:1060083:1060083 [2] NCCL INFO NET/Plugin : No plugin found (libnccl-net.so), using internal implementation
paraai-n32-h-01-agent-87:1060083:1060709 [2] NCCL INFO NET/IB : Using [0]mlx5_0:1/RoCE [1]mlx5_2:1/RoCE [RO]; OOB eth0:172.16.5.149<0>
paraai-n32-h-01-agent-87:1060081:1060710 [0] NCCL INFO NET/IB : Using [0]mlx5_0:1/RoCE [1]mlx5_2:1/RoCE [RO]; OOB eth0:172.16.5.149<0>
paraai-n32-h-01-agent-87:1060082:1060707 [1] NCCL INFO NET/IB : Using [0]mlx5_0:1/RoCE [1]mlx5_2:1/RoCE [RO]; OOB eth0:172.16.5.149<0>
paraai-n32-h-01-agent-87:1060083:1060709 [2] NCCL INFO Using network IB
paraai-n32-h-01-agent-87:1060081:1060710 [0] NCCL INFO Using network IB
paraai-n32-h-01-agent-87:1060082:1060707 [1] NCCL INFO Using network IB
paraai-n32-h-01-agent-87:1060084:1060708 [3] NCCL INFO NET/IB : Using [0]mlx5_0:1/RoCE [1]mlx5_2:1/RoCE [RO]; OOB eth0:172.16.5.149<0>
paraai-n32-h-01-agent-87:1060084:1060708 [3] NCCL INFO Using network IB
paraai-n32-h-01-agent-87:1060083:1060709 [2] NCCL INFO Setting affinity for GPU 2 to ffffffff,00000000,00000000
paraai-n32-h-01-agent-87:1060081:1060710 [0] NCCL INFO Setting affinity for GPU 0 to ffffffff
paraai-n32-h-01-agent-87:1060082:1060707 [1] NCCL INFO Setting affinity for GPU 1 to ffffffff
paraai-n32-h-01-agent-87:1060084:1060708 [3] NCCL INFO Setting affinity for GPU 3 to ffffffff,00000000,00000000
paraai-n32-h-01-agent-87:1060081:1060710 [0] NCCL INFO NCCL_MAX_NCHANNELS set by environment to 16.
paraai-n32-h-01-agent-87:1060081:1060710 [0] NCCL INFO NCCL_MIN_NCHANNELS set by environment to 16.
paraai-n32-h-01-agent-87:1060081:1060710 [0] NCCL INFO Trees [0] 9/12/-1->8->0 [1] 9/-1/-1->8->11 [2] 9/-1/-1->8->5 [3] 9/-1/-1->8->11 [4] 9/12/-1->8->0 [5] 9/-1/-1->8->11 [6] 9/-1/-1->8->5 [7] 9/-1/-1->8->11 [8] 9/12/-1->8->0 [9] 9/-1/-1->8->11 [10] 9/-1/-1->8->5 [11] 9/-1/-1->8->11 [12] 9/12/-1->8->0 [13] 9/-1/-1->8->11 [14] 9/-1/-1->8->5 [15] 9/-1/-1->8->11
paraai-n32-h-01-agent-87:1060082:1060707 [1] NCCL INFO NCCL_MAX_NCHANNELS set by environment to 16.
paraai-n32-h-01-agent-87:1060084:1060708 [3] NCCL INFO NCCL_MAX_NCHANNELS set by environment to 16.
paraai-n32-h-01-agent-87:1060083:1060709 [2] NCCL INFO NCCL_MAX_NCHANNELS set by environment to 16.
paraai-n32-h-01-agent-87:1060082:1060707 [1] NCCL INFO NCCL_MIN_NCHANNELS set by environment to 16.
paraai-n32-h-01-agent-87:1060084:1060708 [3] NCCL INFO NCCL_MIN_NCHANNELS set by environment to 16.
paraai-n32-h-01-agent-87:1060083:1060709 [2] NCCL INFO NCCL_MIN_NCHANNELS set by environment to 16.
paraai-n32-h-01-agent-87:1060082:1060707 [1] NCCL INFO Trees [0] 10/4/-1->9->8 [1] -1/-1/-1->9->8 [2] 10/-1/-1->9->8 [3] -1/-1/-1->9->8 [4] 10/4/-1->9->8 [5] -1/-1/-1->9->8 [6] 10/-1/-1->9->8 [7] -1/-1/-1->9->8 [8] 10/4/-1->9->8 [9] -1/-1/-1->9->8 [10] 10/-1/-1->9->8 [11] -1/-1/-1->9->8 [12] 10/4/-1->9->8 [13] -1/-1/-1->9->8 [14] 10/-1/-1->9->8 [15] -1/-1/-1->9->8
paraai-n32-h-01-agent-87:1060084:1060708 [3] NCCL INFO Trees [0] -1/-1/-1->11->10 [1] 8/6/-1->11->10 [2] -1/-1/-1->11->10 [3] 8/-1/-1->11->10 [4] -1/-1/-1->11->10 [5] 8/6/-1->11->10 [6] -1/-1/-1->11->10 [7] 8/-1/-1->11->10 [8] -1/-1/-1->11->10 [9] 8/6/-1->11->10 [10] -1/-1/-1->11->10 [11] 8/-1/-1->11->10 [12] -1/-1/-1->11->10 [13] 8/6/-1->11->10 [14] -1/-1/-1->11->10 [15] 8/-1/-1->11->10
paraai-n32-h-01-agent-87:1060083:1060709 [2] NCCL INFO Trees [0] 11/-1/-1->10->9 [1] 11/14/-1->10->2 [2] 11/-1/-1->10->9 [3] 11/-1/-1->10->7 [4] 11/-1/-1->10->9 [5] 11/14/-1->10->2 [6] 11/-1/-1->10->9 [7] 11/-1/-1->10->7 [8] 11/-1/-1->10->9 [9] 11/14/-1->10->2 [10] 11/-1/-1->10->9 [11] 11/-1/-1->10->7 [12] 11/-1/-1->10->9 [13] 11/14/-1->10->2 [14] 11/-1/-1->10->9 [15] 11/-1/-1->10->7
paraai-n32-h-01-agent-87:1060081:1060710 [0] NCCL INFO Channel 00/0 : 7[82000] -> 8[1000] [receive] via NET/IB/0
paraai-n32-h-01-agent-87:1060082:1060707 [1] NCCL INFO Channel 00 : 9[2000] -> 10[81000] via SHM/direct/direct
paraai-n32-h-01-agent-87:1060083:1060709 [2] NCCL INFO Channel 00 : 10[81000] -> 11[82000] via SHM/direct/direct
paraai-n32-h-01-agent-87:1060082:1060707 [1] NCCL INFO Channel 02 : 9[2000] -> 10[81000] via SHM/direct/direct
paraai-n32-h-01-agent-87:1060083:1060709 [2] NCCL INFO Channel 01 : 10[81000] -> 11[82000] via SHM/direct/direct
paraai-n32-h-01-agent-87:1060082:1060707 [1] NCCL INFO Channel 04 : 9[2000] -> 10[81000] via SHM/direct/direct
paraai-n32-h-01-agent-87:1060081:1060710 [0] NCCL INFO Channel 02/0 : 7[82000] -> 8[1000] [receive] via NET/IB/0
paraai-n32-h-01-agent-87:1060083:1060709 [2] NCCL INFO Channel 02 : 10[81000] -> 11[82000] via SHM/direct/direct
paraai-n32-h-01-agent-87:1060082:1060707 [1] NCCL INFO Channel 06 : 9[2000] -> 10[81000] via SHM/direct/direct
paraai-n32-h-01-agent-87:1060083:1060709 [2] NCCL INFO Channel 03 : 10[81000] -> 11[82000] via SHM/direct/direct
paraai-n32-h-01-agent-87:1060082:1060707 [1] NCCL INFO Channel 08 : 9[2000] -> 10[81000] via SHM/direct/direct
paraai-n32-h-01-agent-87:1060083:1060709 [2] NCCL INFO Channel 04 : 10[81000] -> 11[82000] via SHM/direct/direct
paraai-n32-h-01-agent-87:1060082:1060707 [1] NCCL INFO Channel 10 : 9[2000] -> 10[81000] via SHM/direct/direct
paraai-n32-h-01-agent-87:1060083:1060709 [2] NCCL INFO Channel 05 : 10[81000] -> 11[82000] via SHM/direct/direct
paraai-n32-h-01-agent-87:1060082:1060707 [1] NCCL INFO Channel 12 : 9[2000] -> 10[81000] via SHM/direct/direct
paraai-n32-h-01-agent-87:1060083:1060709 [2] NCCL INFO Channel 06 : 10[81000] -> 11[82000] via SHM/direct/direct
paraai-n32-h-01-agent-87:1060082:1060707 [1] NCCL INFO Channel 14 : 9[2000] -> 10[81000] via SHM/direct/direct
paraai-n32-h-01-agent-87:1060083:1060709 [2] NCCL INFO Channel 07 : 10[81000] -> 11[82000] via SHM/direct/direct
paraai-n32-h-01-agent-87:1060083:1060709 [2] NCCL INFO Channel 08 : 10[81000] -> 11[82000] via SHM/direct/direct
paraai-n32-h-01-agent-87:1060083:1060709 [2] NCCL INFO Channel 09 : 10[81000] -> 11[82000] via SHM/direct/direct
paraai-n32-h-01-agent-87:1060083:1060709 [2] NCCL INFO Channel 10 : 10[81000] -> 11[82000] via SHM/direct/direct
paraai-n32-h-01-agent-87:1060083:1060709 [2] NCCL INFO Channel 11 : 10[81000] -> 11[82000] via SHM/direct/direct
paraai-n32-h-01-agent-87:1060083:1060709 [2] NCCL INFO Channel 12 : 10[81000] -> 11[82000] via SHM/direct/direct
paraai-n32-h-01-agent-87:1060083:1060709 [2] NCCL INFO Channel 13 : 10[81000] -> 11[82000] via SHM/direct/direct
paraai-n32-h-01-agent-87:1060083:1060709 [2] NCCL INFO Channel 14 : 10[81000] -> 11[82000] via SHM/direct/direct
paraai-n32-h-01-agent-87:1060083:1060709 [2] NCCL INFO Channel 15 : 10[81000] -> 11[82000] via SHM/direct/direct
paraai-n32-h-01-agent-87:1060084:1060708 [3] NCCL INFO Channel 00/0 : 11[82000] -> 12[1000] [send] via NET/IB/1
paraai-n32-h-01-agent-87:1060081:1060710 [0] NCCL INFO Channel 04/0 : 7[82000] -> 8[1000] [receive] via NET/IB/0
paraai-n32-h-01-agent-87:1060084:1060708 [3] NCCL INFO Channel 02/0 : 11[82000] -> 12[1000] [send] via NET/IB/1
paraai-n32-h-01-agent-87:1060081:1060710 [0] NCCL INFO Channel 06/0 : 7[82000] -> 8[1000] [receive] via NET/IB/0
paraai-n32-h-01-agent-87:1060084:1060708 [3] NCCL INFO Channel 04/0 : 11[82000] -> 12[1000] [send] via NET/IB/1
paraai-n32-h-01-agent-87:1060084:1060708 [3] NCCL INFO Channel 06/0 : 11[82000] -> 12[1000] [send] via NET/IB/1
paraai-n32-h-01-agent-87:1060084:1060708 [3] NCCL INFO Channel 08/0 : 11[82000] -> 12[1000] [send] via NET/IB/1
paraai-n32-h-01-agent-87:1060084:1060708 [3] NCCL INFO Channel 10/0 : 11[82000] -> 12[1000] [send] via NET/IB/1
paraai-n32-h-01-agent-87:1060081:1060710 [0] NCCL INFO Channel 08/0 : 7[82000] -> 8[1000] [receive] via NET/IB/0
paraai-n32-h-01-agent-87:1060084:1060708 [3] NCCL INFO Channel 12/0 : 11[82000] -> 12[1000] [send] via NET/IB/1
paraai-n32-h-01-agent-87:1060081:1060710 [0] NCCL INFO Channel 10/0 : 7[82000] -> 8[1000] [receive] via NET/IB/0
paraai-n32-h-01-agent-87:1060084:1060708 [3] NCCL INFO Channel 14/0 : 11[82000] -> 12[1000] [send] via NET/IB/1
paraai-n32-h-01-agent-87:1060084:1060721 [3] NCCL INFO NCCL_IB_GID_INDEX set by environment to 3.
paraai-n32-h-01-agent-87:1060083:1060709 [2] NCCL INFO Channel 01/0 : 4[1000] -> 10[81000] [receive] via NET/IB/1
paraai-n32-h-01-agent-87:1060081:1060710 [0] NCCL INFO Channel 12/0 : 7[82000] -> 8[1000] [receive] via NET/IB/0
paraai-n32-h-01-agent-87:1060083:1060709 [2] NCCL INFO Channel 03/0 : 4[1000] -> 10[81000] [receive] via NET/IB/1
paraai-n32-h-01-agent-87:1060081:1060710 [0] NCCL INFO Channel 14/0 : 7[82000] -> 8[1000] [receive] via NET/IB/0
paraai-n32-h-01-agent-87:1060083:1060709 [2] NCCL INFO Channel 05/0 : 4[1000] -> 10[81000] [receive] via NET/IB/1
paraai-n32-h-01-agent-87:1060081:1060710 [0] NCCL INFO Channel 00 : 8[1000] -> 9[2000] via SHM/direct/direct
paraai-n32-h-01-agent-87:1060081:1060710 [0] NCCL INFO Channel 02 : 8[1000] -> 9[2000] via SHM/direct/direct
paraai-n32-h-01-agent-87:1060081:1060710 [0] NCCL INFO Channel 04 : 8[1000] -> 9[2000] via SHM/direct/direct
paraai-n32-h-01-agent-87:1060081:1060710 [0] NCCL INFO Channel 06 : 8[1000] -> 9[2000] via SHM/direct/direct
paraai-n32-h-01-agent-87:1060081:1060710 [0] NCCL INFO Channel 08 : 8[1000] -> 9[2000] via SHM/direct/direct
paraai-n32-h-01-agent-87:1060081:1060710 [0] NCCL INFO Channel 10 : 8[1000] -> 9[2000] via SHM/direct/direct
paraai-n32-h-01-agent-87:1060081:1060710 [0] NCCL INFO Channel 12 : 8[1000] -> 9[2000] via SHM/direct/direct
paraai-n32-h-01-agent-87:1060081:1060710 [0] NCCL INFO Channel 14 : 8[1000] -> 9[2000] via SHM/direct/direct
paraai-n32-h-01-agent-87:1060081:1060720 [0] NCCL INFO NCCL_IB_GID_INDEX set by environment to 3.
paraai-n32-h-01-agent-87:1060083:1060709 [2] NCCL INFO Channel 07/0 : 4[1000] -> 10[81000] [receive] via NET/IB/1
paraai-n32-h-01-agent-87:1060084:1060708 [3] NCCL INFO Channel 01 : 11[82000] -> 9[2000] via SHM/direct/direct
paraai-n32-h-01-agent-87:1060084:1060708 [3] NCCL INFO Channel 03 : 11[82000] -> 9[2000] via SHM/direct/direct
paraai-n32-h-01-agent-87:1060084:1060708 [3] NCCL INFO Channel 05 : 11[82000] -> 9[2000] via SHM/direct/direct
paraai-n32-h-01-agent-87:1060084:1060708 [3] NCCL INFO Channel 07 : 11[82000] -> 9[2000] via SHM/direct/direct
paraai-n32-h-01-agent-87:1060084:1060708 [3] NCCL INFO Channel 09 : 11[82000] -> 9[2000] via SHM/direct/direct
paraai-n32-h-01-agent-87:1060084:1060708 [3] NCCL INFO Channel 11 : 11[82000] -> 9[2000] via SHM/direct/direct
paraai-n32-h-01-agent-87:1060084:1060708 [3] NCCL INFO Channel 13 : 11[82000] -> 9[2000] via SHM/direct/direct
paraai-n32-h-01-agent-87:1060084:1060708 [3] NCCL INFO Channel 15 : 11[82000] -> 9[2000] via SHM/direct/direct
paraai-n32-h-01-agent-87:1060082:1060707 [1] NCCL INFO Channel 01 : 9[2000] -> 8[1000] via SHM/direct/direct
paraai-n32-h-01-agent-87:1060082:1060707 [1] NCCL INFO Channel 03 : 9[2000] -> 8[1000] via SHM/direct/direct
paraai-n32-h-01-agent-87:1060082:1060707 [1] NCCL INFO Channel 05 : 9[2000] -> 8[1000] via SHM/direct/direct
paraai-n32-h-01-agent-87:1060082:1060707 [1] NCCL INFO Channel 07 : 9[2000] -> 8[1000] via SHM/direct/direct
paraai-n32-h-01-agent-87:1060082:1060707 [1] NCCL INFO Channel 09 : 9[2000] -> 8[1000] via SHM/direct/direct
paraai-n32-h-01-agent-87:1060082:1060707 [1] NCCL INFO Channel 11 : 9[2000] -> 8[1000] via SHM/direct/direct
paraai-n32-h-01-agent-87:1060082:1060707 [1] NCCL INFO Channel 13 : 9[2000] -> 8[1000] via SHM/direct/direct
paraai-n32-h-01-agent-87:1060084:1060708 [3] NCCL INFO Connected all rings
paraai-n32-h-01-agent-87:1060082:1060707 [1] NCCL INFO Channel 15 : 9[2000] -> 8[1000] via SHM/direct/direct
paraai-n32-h-01-agent-87:1060081:1060710 [0] NCCL INFO Channel 01/0 : 8[1000] -> 14[81000] [send] via NET/IB/0
paraai-n32-h-01-agent-87:1060081:1060710 [0] NCCL INFO Channel 03/0 : 8[1000] -> 14[81000] [send] via NET/IB/0
paraai-n32-h-01-agent-87:1060083:1060709 [2] NCCL INFO Channel 09/0 : 4[1000] -> 10[81000] [receive] via NET/IB/1
paraai-n32-h-01-agent-87:1060081:1060710 [0] NCCL INFO Channel 05/0 : 8[1000] -> 14[81000] [send] via NET/IB/0
paraai-n32-h-01-agent-87:1060083:1060709 [2] NCCL INFO Channel 11/0 : 4[1000] -> 10[81000] [receive] via NET/IB/1
paraai-n32-h-01-agent-87:1060081:1060710 [0] NCCL INFO Channel 07/0 : 8[1000] -> 14[81000] [send] via NET/IB/0
paraai-n32-h-01-agent-87:1060083:1060709 [2] NCCL INFO Channel 13/0 : 4[1000] -> 10[81000] [receive] via NET/IB/1
paraai-n32-h-01-agent-87:1060081:1060710 [0] NCCL INFO Channel 09/0 : 8[1000] -> 14[81000] [send] via NET/IB/0
paraai-n32-h-01-agent-87:1060083:1060709 [2] NCCL INFO Channel 15/0 : 4[1000] -> 10[81000] [receive] via NET/IB/1
paraai-n32-h-01-agent-87:1060081:1060710 [0] NCCL INFO Channel 11/0 : 8[1000] -> 14[81000] [send] via NET/IB/0
paraai-n32-h-01-agent-87:1060081:1060710 [0] NCCL INFO Channel 13/0 : 8[1000] -> 14[81000] [send] via NET/IB/0
paraai-n32-h-01-agent-87:1060081:1060710 [0] NCCL INFO Channel 15/0 : 8[1000] -> 14[81000] [send] via NET/IB/0
paraai-n32-h-01-agent-87:1060081:1060710 [0] NCCL INFO Connected all rings
paraai-n32-h-01-agent-87:1060081:1060710 [0] NCCL INFO Channel 01 : 8[1000] -> 9[2000] via SHM/direct/direct
paraai-n32-h-01-agent-87:1060081:1060710 [0] NCCL INFO Channel 03 : 8[1000] -> 9[2000] via SHM/direct/direct
paraai-n32-h-01-agent-87:1060081:1060710 [0] NCCL INFO Channel 05 : 8[1000] -> 9[2000] via SHM/direct/direct
paraai-n32-h-01-agent-87:1060081:1060710 [0] NCCL INFO Channel 07 : 8[1000] -> 9[2000] via SHM/direct/direct
paraai-n32-h-01-agent-87:1060081:1060710 [0] NCCL INFO Channel 09 : 8[1000] -> 9[2000] via SHM/direct/direct
paraai-n32-h-01-agent-87:1060081:1060710 [0] NCCL INFO Channel 11 : 8[1000] -> 9[2000] via SHM/direct/direct
paraai-n32-h-01-agent-87:1060081:1060710 [0] NCCL INFO Channel 13 : 8[1000] -> 9[2000] via SHM/direct/direct
paraai-n32-h-01-agent-87:1060081:1060710 [0] NCCL INFO Channel 15 : 8[1000] -> 9[2000] via SHM/direct/direct
paraai-n32-h-01-agent-87:1060082:1060707 [1] NCCL INFO Connected all rings
paraai-n32-h-01-agent-87:1060082:1060707 [1] NCCL INFO Channel 00/0 : 4[1000] -> 9[2000] [receive] via NET/IB/0
paraai-n32-h-01-agent-87:1060081:1060710 [0] NCCL INFO Channel 02/0 : 5[2000] -> 8[1000] [receive] via NET/IB/0
paraai-n32-h-01-agent-87:1060082:1060707 [1] NCCL INFO Channel 04/0 : 4[1000] -> 9[2000] [receive] via NET/IB/0
paraai-n32-h-01-agent-87:1060083:1060719 [2] NCCL INFO NCCL_IB_GID_INDEX set by environment to 3.
paraai-n32-h-01-agent-87:1060081:1060710 [0] NCCL INFO Channel 06/0 : 5[2000] -> 8[1000] [receive] via NET/IB/0
paraai-n32-h-01-agent-87:1060082:1060707 [1] NCCL INFO Channel 08/0 : 4[1000] -> 9[2000] [receive] via NET/IB/0
paraai-n32-h-01-agent-87:1060083:1060709 [2] NCCL INFO Connected all rings
paraai-n32-h-01-agent-87:1060081:1060710 [0] NCCL INFO Channel 10/0 : 5[2000] -> 8[1000] [receive] via NET/IB/0
paraai-n32-h-01-agent-87:1060082:1060707 [1] NCCL INFO Channel 12/0 : 4[1000] -> 9[2000] [receive] via NET/IB/0
paraai-n32-h-01-agent-87:1060083:1060709 [2] NCCL INFO Channel 03/0 : 7[82000] -> 10[81000] [receive] via NET/IB/1
paraai-n32-h-01-agent-87:1060081:1060710 [0] NCCL INFO Channel 14/0 : 5[2000] -> 8[1000] [receive] via NET/IB/0
paraai-n32-h-01-agent-87:1060081:1060710 [0] NCCL INFO Channel 01 : 8[1000] -> 11[82000] via SHM/direct/direct
paraai-n32-h-01-agent-87:1060081:1060710 [0] NCCL INFO Channel 03 : 8[1000] -> 11[82000] via SHM/direct/direct
paraai-n32-h-01-agent-87:1060081:1060710 [0] NCCL INFO Channel 05 : 8[1000] -> 11[82000] via SHM/direct/direct
paraai-n32-h-01-agent-87:1060081:1060710 [0] NCCL INFO Channel 07 : 8[1000] -> 11[82000] via SHM/direct/direct
paraai-n32-h-01-agent-87:1060081:1060710 [0] NCCL INFO Channel 09 : 8[1000] -> 11[82000] via SHM/direct/direct
paraai-n32-h-01-agent-87:1060081:1060710 [0] NCCL INFO Channel 11 : 8[1000] -> 11[82000] via SHM/direct/direct
paraai-n32-h-01-agent-87:1060081:1060710 [0] NCCL INFO Channel 13 : 8[1000] -> 11[82000] via SHM/direct/direct
paraai-n32-h-01-agent-87:1060081:1060710 [0] NCCL INFO Channel 15 : 8[1000] -> 11[82000] via SHM/direct/direct
paraai-n32-h-01-agent-87:1060084:1060708 [3] NCCL INFO Channel 01/0 : 6[81000] -> 11[82000] [receive] via NET/IB/1
paraai-n32-h-01-agent-87:1060083:1060709 [2] NCCL INFO Channel 07/0 : 7[82000] -> 10[81000] [receive] via NET/IB/1
paraai-n32-h-01-agent-87:1060084:1060708 [3] NCCL INFO Channel 05/0 : 6[81000] -> 11[82000] [receive] via NET/IB/1
paraai-n32-h-01-agent-87:1060083:1060709 [2] NCCL INFO Channel 11/0 : 7[82000] -> 10[81000] [receive] via NET/IB/1
paraai-n32-h-01-agent-87:1060084:1060708 [3] NCCL INFO Channel 09/0 : 6[81000] -> 11[82000] [receive] via NET/IB/1
paraai-n32-h-01-agent-87:1060081:1060710 [0] NCCL INFO Channel 00/0 : 8[1000] -> 12[1000] [send] via NET/IB/0
paraai-n32-h-01-agent-87:1060083:1060709 [2] NCCL INFO Channel 15/0 : 7[82000] -> 10[81000] [receive] via NET/IB/1
paraai-n32-h-01-agent-87:1060084:1060708 [3] NCCL INFO Channel 13/0 : 6[81000] -> 11[82000] [receive] via NET/IB/1
paraai-n32-h-01-agent-87:1060083:1060709 [2] NCCL INFO Channel 01/0 : 10[81000] -> 14[81000] [send] via NET/IB/1
paraai-n32-h-01-agent-87:1060081:1060710 [0] NCCL INFO Channel 04/0 : 8[1000] -> 12[1000] [send] via NET/IB/0
paraai-n32-h-01-agent-87:1060081:1060710 [0] NCCL INFO Channel 08/0 : 8[1000] -> 12[1000] [send] via NET/IB/0
paraai-n32-h-01-agent-87:1060083:1060709 [2] NCCL INFO Channel 05/0 : 10[81000] -> 14[81000] [send] via NET/IB/1
paraai-n32-h-01-agent-87:1060084:1060708 [3] NCCL INFO Channel 01/0 : 11[82000] -> 6[81000] [send] via NET/IB/1
paraai-n32-h-01-agent-87:1060081:1060710 [0] NCCL INFO Channel 12/0 : 8[1000] -> 12[1000] [send] via NET/IB/0
paraai-n32-h-01-agent-87:1060083:1060709 [2] NCCL INFO Channel 09/0 : 10[81000] -> 14[81000] [send] via NET/IB/1
paraai-n32-h-01-agent-87:1060084:1060708 [3] NCCL INFO Channel 05/0 : 11[82000] -> 6[81000] [send] via NET/IB/1
paraai-n32-h-01-agent-87:1060082:1060722 [1] NCCL INFO NCCL_IB_GID_INDEX set by environment to 3.
paraai-n32-h-01-agent-87:1060081:1060710 [0] NCCL INFO Channel 00/0 : 0[1000] -> 8[1000] [receive] via NET/IB/0
paraai-n32-h-01-agent-87:1060083:1060709 [2] NCCL INFO Channel 13/0 : 10[81000] -> 14[81000] [send] via NET/IB/1
paraai-n32-h-01-agent-87:1060084:1060708 [3] NCCL INFO Channel 09/0 : 11[82000] -> 6[81000] [send] via NET/IB/1
paraai-n32-h-01-agent-87:1060082:1060707 [1] NCCL INFO Channel 00/0 : 9[2000] -> 4[1000] [send] via NET/IB/0
paraai-n32-h-01-agent-87:1060081:1060710 [0] NCCL INFO Channel 04/0 : 0[1000] -> 8[1000] [receive] via NET/IB/0
paraai-n32-h-01-agent-87:1060083:1060709 [2] NCCL INFO Channel 01/0 : 2[81000] -> 10[81000] [receive] via NET/IB/1
paraai-n32-h-01-agent-87:1060084:1060708 [3] NCCL INFO Channel 13/0 : 11[82000] -> 6[81000] [send] via NET/IB/1
paraai-n32-h-01-agent-87:1060082:1060707 [1] NCCL INFO Channel 04/0 : 9[2000] -> 4[1000] [send] via NET/IB/0
paraai-n32-h-01-agent-87:1060081:1060710 [0] NCCL INFO Channel 08/0 : 0[1000] -> 8[1000] [receive] via NET/IB/0
paraai-n32-h-01-agent-87:1060083:1060709 [2] NCCL INFO Channel 05/0 : 2[81000] -> 10[81000] [receive] via NET/IB/1
paraai-n32-h-01-agent-87:1060082:1060707 [1] NCCL INFO Channel 08/0 : 9[2000] -> 4[1000] [send] via NET/IB/0
paraai-n32-h-01-agent-87:1060081:1060710 [0] NCCL INFO Channel 12/0 : 0[1000] -> 8[1000] [receive] via NET/IB/0
paraai-n32-h-01-agent-87:1060083:1060709 [2] NCCL INFO Channel 09/0 : 2[81000] -> 10[81000] [receive] via NET/IB/1
paraai-n32-h-01-agent-87:1060082:1060707 [1] NCCL INFO Channel 12/0 : 9[2000] -> 4[1000] [send] via NET/IB/0
paraai-n32-h-01-agent-87:1060081:1060710 [0] NCCL INFO Channel 00/0 : 8[1000] -> 0[1000] [send] via NET/IB/0
paraai-n32-h-01-agent-87:1060083:1060709 [2] NCCL INFO Channel 13/0 : 2[81000] -> 10[81000] [receive] via NET/IB/1
paraai-n32-h-01-agent-87:1060081:1060710 [0] NCCL INFO Channel 04/0 : 8[1000] -> 0[1000] [send] via NET/IB/0
paraai-n32-h-01-agent-87:1060083:1060709 [2] NCCL INFO Channel 01/0 : 10[81000] -> 2[81000] [send] via NET/IB/1
paraai-n32-h-01-agent-87:1060083:1060709 [2] NCCL INFO Channel 05/0 : 10[81000] -> 2[81000] [send] via NET/IB/1
paraai-n32-h-01-agent-87:1060081:1060710 [0] NCCL INFO Channel 08/0 : 8[1000] -> 0[1000] [send] via NET/IB/0
paraai-n32-h-01-agent-87:1060083:1060709 [2] NCCL INFO Channel 09/0 : 10[81000] -> 2[81000] [send] via NET/IB/1
paraai-n32-h-01-agent-87:1060081:1060710 [0] NCCL INFO Channel 12/0 : 8[1000] -> 0[1000] [send] via NET/IB/0
paraai-n32-h-01-agent-87:1060083:1060709 [2] NCCL INFO Channel 13/0 : 10[81000] -> 2[81000] [send] via NET/IB/1
paraai-n32-h-01-agent-87:1060081:1060710 [0] NCCL INFO Channel 00/0 : 12[1000] -> 8[1000] [receive] via NET/IB/0
paraai-n32-h-01-agent-87:1060081:1060710 [0] NCCL INFO Channel 04/0 : 12[1000] -> 8[1000] [receive] via NET/IB/0
paraai-n32-h-01-agent-87:1060083:1060709 [2] NCCL INFO Channel 01/0 : 14[81000] -> 10[81000] [receive] via NET/IB/1
paraai-n32-h-01-agent-87:1060081:1060710 [0] NCCL INFO Channel 08/0 : 12[1000] -> 8[1000] [receive] via NET/IB/0
paraai-n32-h-01-agent-87:1060083:1060709 [2] NCCL INFO Channel 05/0 : 14[81000] -> 10[81000] [receive] via NET/IB/1
paraai-n32-h-01-agent-87:1060081:1060710 [0] NCCL INFO Channel 12/0 : 12[1000] -> 8[1000] [receive] via NET/IB/0
paraai-n32-h-01-agent-87:1060083:1060709 [2] NCCL INFO Channel 09/0 : 14[81000] -> 10[81000] [receive] via NET/IB/1
paraai-n32-h-01-agent-87:1060082:1060707 [1] NCCL INFO Channel 00 : 9[2000] -> 8[1000] via SHM/direct/direct
paraai-n32-h-01-agent-87:1060082:1060707 [1] NCCL INFO Channel 02 : 9[2000] -> 8[1000] via SHM/direct/direct
paraai-n32-h-01-agent-87:1060082:1060707 [1] NCCL INFO Channel 04 : 9[2000] -> 8[1000] via SHM/direct/direct
paraai-n32-h-01-agent-87:1060082:1060707 [1] NCCL INFO Channel 06 : 9[2000] -> 8[1000] via SHM/direct/direct
paraai-n32-h-01-agent-87:1060082:1060707 [1] NCCL INFO Channel 08 : 9[2000] -> 8[1000] via SHM/direct/direct
paraai-n32-h-01-agent-87:1060082:1060707 [1] NCCL INFO Channel 10 : 9[2000] -> 8[1000] via SHM/direct/direct
paraai-n32-h-01-agent-87:1060082:1060707 [1] NCCL INFO Channel 12 : 9[2000] -> 8[1000] via SHM/direct/direct
paraai-n32-h-01-agent-87:1060082:1060707 [1] NCCL INFO Channel 14 : 9[2000] -> 8[1000] via SHM/direct/direct
paraai-n32-h-01-agent-87:1060083:1060709 [2] NCCL INFO Channel 13/0 : 14[81000] -> 10[81000] [receive] via NET/IB/1
paraai-n32-h-01-agent-87:1060084:1060708 [3] NCCL INFO Channel 01 : 11[82000] -> 8[1000] via SHM/direct/direct
paraai-n32-h-01-agent-87:1060084:1060708 [3] NCCL INFO Channel 03 : 11[82000] -> 8[1000] via SHM/direct/direct
paraai-n32-h-01-agent-87:1060084:1060708 [3] NCCL INFO Channel 05 : 11[82000] -> 8[1000] via SHM/direct/direct
paraai-n32-h-01-agent-87:1060084:1060708 [3] NCCL INFO Channel 07 : 11[82000] -> 8[1000] via SHM/direct/direct
paraai-n32-h-01-agent-87:1060084:1060708 [3] NCCL INFO Channel 09 : 11[82000] -> 8[1000] via SHM/direct/direct
paraai-n32-h-01-agent-87:1060084:1060708 [3] NCCL INFO Channel 11 : 11[82000] -> 8[1000] via SHM/direct/direct
paraai-n32-h-01-agent-87:1060084:1060708 [3] NCCL INFO Channel 13 : 11[82000] -> 8[1000] via SHM/direct/direct
paraai-n32-h-01-agent-87:1060084:1060708 [3] NCCL INFO Channel 15 : 11[82000] -> 8[1000] via SHM/direct/direct
paraai-n32-h-01-agent-87:1060081:1060710 [0] NCCL INFO Channel 02/0 : 8[1000] -> 5[2000] [send] via NET/IB/0
paraai-n32-h-01-agent-87:1060083:1060709 [2] NCCL INFO Channel 03/0 : 10[81000] -> 7[82000] [send] via NET/IB/1
paraai-n32-h-01-agent-87:1060083:1060709 [2] NCCL INFO Channel 07/0 : 10[81000] -> 7[82000] [send] via NET/IB/1
paraai-n32-h-01-agent-87:1060081:1060710 [0] NCCL INFO Channel 06/0 : 8[1000] -> 5[2000] [send] via NET/IB/0
paraai-n32-h-01-agent-87:1060083:1060709 [2] NCCL INFO Channel 11/0 : 10[81000] -> 7[82000] [send] via NET/IB/1
paraai-n32-h-01-agent-87:1060081:1060710 [0] NCCL INFO Channel 10/0 : 8[1000] -> 5[2000] [send] via NET/IB/0
paraai-n32-h-01-agent-87:1060083:1060709 [2] NCCL INFO Channel 15/0 : 10[81000] -> 7[82000] [send] via NET/IB/1
paraai-n32-h-01-agent-87:1060081:1060710 [0] NCCL INFO Channel 14/0 : 8[1000] -> 5[2000] [send] via NET/IB/0
paraai-n32-h-01-agent-87:1060084:1060708 [3] NCCL INFO Channel 00 : 11[82000] -> 10[81000] via SHM/direct/direct
paraai-n32-h-01-agent-87:1060084:1060708 [3] NCCL INFO Channel 01 : 11[82000] -> 10[81000] via SHM/direct/direct
paraai-n32-h-01-agent-87:1060084:1060708 [3] NCCL INFO Channel 02 : 11[82000] -> 10[81000] via SHM/direct/direct
paraai-n32-h-01-agent-87:1060084:1060708 [3] NCCL INFO Channel 03 : 11[82000] -> 10[81000] via SHM/direct/direct
paraai-n32-h-01-agent-87:1060084:1060708 [3] NCCL INFO Channel 04 : 11[82000] -> 10[81000] via SHM/direct/direct
paraai-n32-h-01-agent-87:1060084:1060708 [3] NCCL INFO Channel 05 : 11[82000] -> 10[81000] via SHM/direct/direct
paraai-n32-h-01-agent-87:1060084:1060708 [3] NCCL INFO Channel 06 : 11[82000] -> 10[81000] via SHM/direct/direct
paraai-n32-h-01-agent-87:1060084:1060708 [3] NCCL INFO Channel 07 : 11[82000] -> 10[81000] via SHM/direct/direct
paraai-n32-h-01-agent-87:1060084:1060708 [3] NCCL INFO Channel 08 : 11[82000] -> 10[81000] via SHM/direct/direct
paraai-n32-h-01-agent-87:1060084:1060708 [3] NCCL INFO Channel 09 : 11[82000] -> 10[81000] via SHM/direct/direct
paraai-n32-h-01-agent-87:1060084:1060708 [3] NCCL INFO Channel 10 : 11[82000] -> 10[81000] via SHM/direct/direct
paraai-n32-h-01-agent-87:1060084:1060708 [3] NCCL INFO Channel 11 : 11[82000] -> 10[81000] via SHM/direct/direct
paraai-n32-h-01-agent-87:1060084:1060708 [3] NCCL INFO Channel 12 : 11[82000] -> 10[81000] via SHM/direct/direct
paraai-n32-h-01-agent-87:1060084:1060708 [3] NCCL INFO Channel 13 : 11[82000] -> 10[81000] via SHM/direct/direct
paraai-n32-h-01-agent-87:1060084:1060708 [3] NCCL INFO Channel 14 : 11[82000] -> 10[81000] via SHM/direct/direct
paraai-n32-h-01-agent-87:1060084:1060708 [3] NCCL INFO Channel 15 : 11[82000] -> 10[81000] via SHM/direct/direct
paraai-n32-h-01-agent-87:1060081:1060710 [0] NCCL INFO Connected all trees
paraai-n32-h-01-agent-87:1060081:1060710 [0] NCCL INFO threadThresholds 8/8/64 | 128/8/64 | 512 | 512
paraai-n32-h-01-agent-87:1060081:1060710 [0] NCCL INFO 16 coll channels, 16 p2p channels, 2 p2p channels per peer
paraai-n32-h-01-agent-87:1060083:1060709 [2] NCCL INFO Channel 00 : 10[81000] -> 9[2000] via SHM/direct/direct
paraai-n32-h-01-agent-87:1060083:1060709 [2] NCCL INFO Channel 02 : 10[81000] -> 9[2000] via SHM/direct/direct
paraai-n32-h-01-agent-87:1060083:1060709 [2] NCCL INFO Channel 04 : 10[81000] -> 9[2000] via SHM/direct/direct
paraai-n32-h-01-agent-87:1060083:1060709 [2] NCCL INFO Channel 06 : 10[81000] -> 9[2000] via SHM/direct/direct
paraai-n32-h-01-agent-87:1060083:1060709 [2] NCCL INFO Channel 08 : 10[81000] -> 9[2000] via SHM/direct/direct
paraai-n32-h-01-agent-87:1060083:1060709 [2] NCCL INFO Channel 10 : 10[81000] -> 9[2000] via SHM/direct/direct
paraai-n32-h-01-agent-87:1060083:1060709 [2] NCCL INFO Channel 12 : 10[81000] -> 9[2000] via SHM/direct/direct
paraai-n32-h-01-agent-87:1060083:1060709 [2] NCCL INFO Channel 14 : 10[81000] -> 9[2000] via SHM/direct/direct
paraai-n32-h-01-agent-87:1060082:1060707 [1] NCCL INFO Connected all trees
paraai-n32-h-01-agent-87:1060082:1060707 [1] NCCL INFO threadThresholds 8/8/64 | 128/8/64 | 512 | 512
paraai-n32-h-01-agent-87:1060082:1060707 [1] NCCL INFO 16 coll channels, 16 p2p channels, 2 p2p channels per peer
paraai-n32-h-01-agent-87:1060084:1060708 [3] NCCL INFO Connected all trees
paraai-n32-h-01-agent-87:1060084:1060708 [3] NCCL INFO threadThresholds 8/8/64 | 128/8/64 | 512 | 512
paraai-n32-h-01-agent-87:1060084:1060708 [3] NCCL INFO 16 coll channels, 16 p2p channels, 2 p2p channels per peer
paraai-n32-h-01-agent-87:1060083:1060709 [2] NCCL INFO Connected all trees
paraai-n32-h-01-agent-87:1060083:1060709 [2] NCCL INFO threadThresholds 8/8/64 | 128/8/64 | 512 | 512
paraai-n32-h-01-agent-87:1060083:1060709 [2] NCCL INFO 16 coll channels, 16 p2p channels, 2 p2p channels per peer
paraai-n32-h-01-agent-87:1060081:1060710 [0] NCCL INFO comm 0x1a9d0180 rank 8 nranks 16 cudaDev 0 busId 1000 - Init COMPLETE
paraai-n32-h-01-agent-87:1060084:1060708 [3] NCCL INFO comm 0x414bd880 rank 11 nranks 16 cudaDev 3 busId 82000 - Init COMPLETE
paraai-n32-h-01-agent-87:1060083:1060709 [2] NCCL INFO comm 0x5dc88440 rank 10 nranks 16 cudaDev 2 busId 81000 - Init COMPLETE
paraai-n32-h-01-agent-87:1060082:1060707 [1] NCCL INFO comm 0x4a61ba30 rank 9 nranks 16 cudaDev 1 busId 2000 - Init COMPLETE
2023-07-03 12:50:34,698 - root - INFO - Starting from pretrained one-step model at ./exp_15_levels/Masked_AE_Ocean/20230628-131150/training_checkpoints/best_ckpt.tar
2023-07-03 12:50:34,699 - root - INFO - Starting from pretrained one-step model at ./exp_15_levels/Masked_AE_Ocean/20230628-131150/training_checkpoints/best_ckpt.tar
2023-07-03 12:50:34,699 - root - INFO - Starting from pretrained one-step model at ./exp_15_levels/Masked_AE_Ocean/20230628-131150/training_checkpoints/best_ckpt.tar
2023-07-03 12:50:34,699 - root - INFO - Starting from pretrained one-step model at ./exp_15_levels/Masked_AE_Ocean/20230628-131150/training_checkpoints/best_ckpt.tar
2023-07-03 12:50:35,976 - root - INFO - Adding 50 epochs specified in config file for refining pretrained model
2023-07-03 12:50:36,018 - root - INFO - Adding 50 epochs specified in config file for refining pretrained model
2023-07-03 12:50:36,059 - root - INFO - Adding 50 epochs specified in config file for refining pretrained model
2023-07-03 12:50:36,072 - root - INFO - Adding 50 epochs specified in config file for refining pretrained model
2023-07-03 12:50:40,111 - root - INFO - inp: torch.Size([1, 67, 720, 1440]), tar:torch.Size([1, 3, 66, 720, 1440])
2023-07-03 12:50:40,220 - root - INFO - inp: torch.Size([1, 67, 720, 1440]), tar:torch.Size([1, 3, 66, 720, 1440])
2023-07-03 12:50:40,368 - root - INFO - inp: torch.Size([1, 67, 720, 1440]), tar:torch.Size([1, 3, 66, 720, 1440])
2023-07-03 12:50:40,546 - root - INFO - inp: torch.Size([1, 67, 720, 1440]), tar:torch.Size([1, 3, 66, 720, 1440])
tar: cpu
loss_step_2: cuda:0
tar: cpu
loss_step_2: cuda:2
Traceback (most recent call last):
  File "/home/bingxing2/home/scx6115/Ocean_AI_model/train_025_multi_steps.py", line 614, in <module>
    trainer.train()
  File "/home/bingxing2/home/scx6115/Ocean_AI_model/train_025_multi_steps.py", line 151, in train
    tr_time, data_time, train_logs = self.train_one_epoch() 
  File "/home/bingxing2/home/scx6115/Ocean_AI_model/train_025_multi_steps.py", line 298, in train_one_epoch
    gen_step_3 = self.model( inp_step_3 )
  File "/home/bingxing2/home/scx6115/.conda/envs/torch2.0/lib/python3.10/site-packages/torch/nn/modules/module.py", line 1501, in _call_impl
    return forward_call(*args, **kwargs)
  File "/home/bingxing2/home/scx6115/.conda/envs/torch2.0/lib/python3.10/site-packages/torch/nn/parallel/distributed.py", line 1156, in forward
    output = self._run_ddp_forward(*inputs, **kwargs)
  File "/home/bingxing2/home/scx6115/.conda/envs/torch2.0/lib/python3.10/site-packages/torch/nn/parallel/distributed.py", line 1110, in _run_ddp_forward
    return module_to_run(*inputs[0], **kwargs[0])  # type: ignore[index]
  File "/home/bingxing2/home/scx6115/.conda/envs/torch2.0/lib/python3.10/site-packages/torch/nn/modules/module.py", line 1501, in _call_impl
    return forward_call(*args, **kwargs)
  File "/home/bingxing2/home/scx6115/Ocean_AI_model/networks/Masked_AE_Ocean.py", line 225, in forward
    x = self.forward_decoder(x, ids_restore)
  File "/home/bingxing2/home/scx6115/Ocean_AI_model/networks/Masked_AE_Ocean.py", line 212, in forward_decoder
    x = blk(x)
  File "/home/bingxing2/home/scx6115/.conda/envs/torch2.0/lib/python3.10/site-packages/torch/nn/modules/module.py", line 1501, in _call_impl
    return forward_call(*args, **kwargs)
  File "/home/bingxing2/home/scx6115/Ocean_AI_model/networks/fourier_block_Masked_AE_Ocean.py", line 128, in forward
    x = self.filter(x)
  File "/home/bingxing2/home/scx6115/.conda/envs/torch2.0/lib/python3.10/site-packages/torch/nn/modules/module.py", line 1501, in _call_impl
    return forward_call(*args, **kwargs)
  File "/home/bingxing2/home/scx6115/Ocean_AI_model/networks/fourier_block_Masked_AE_Ocean.py", line 88, in forward
    torch.einsum('...bi,bio->...bo', o1_imag[:, :kept_modes], self.w2[0]) + \
torch.cuda.OutOfMemoryError: CUDA out of memory. Tried to allocate 16.00 MiB (GPU 0; 39.41 GiB total capacity; 37.20 GiB already allocated; 8.50 MiB free; 37.67 GiB reserved in total by PyTorch) If reserved memory is >> allocated memory try setting max_split_size_mb to avoid fragmentation.  See documentation for Memory Management and PYTORCH_CUDA_ALLOC_CONF
tar: cpu
loss_step_2: cuda:1
tar: cpu
Traceback (most recent call last):
  File "/home/bingxing2/home/scx6115/Ocean_AI_model/train_025_multi_steps.py", line 614, in <module>
    trainer.train()
  File "/home/bingxing2/home/scx6115/Ocean_AI_model/train_025_multi_steps.py", line 151, in train
    tr_time, data_time, train_logs = self.train_one_epoch() 
  File "/home/bingxing2/home/scx6115/Ocean_AI_model/train_025_multi_steps.py", line 298, in train_one_epoch
    gen_step_3 = self.model( inp_step_3 )
  File "/home/bingxing2/home/scx6115/.conda/envs/torch2.0/lib/python3.10/site-packages/torch/nn/modules/module.py", line 1501, in _call_impl
    return forward_call(*args, **kwargs)
  File "/home/bingxing2/home/scx6115/.conda/envs/torch2.0/lib/python3.10/site-packages/torch/nn/parallel/distributed.py", line 1156, in forward
    output = self._run_ddp_forward(*inputs, **kwargs)
  File "/home/bingxing2/home/scx6115/.conda/envs/torch2.0/lib/python3.10/site-packages/torch/nn/parallel/distributed.py", line 1110, in _run_ddp_forward
    return module_to_run(*inputs[0], **kwargs[0])  # type: ignore[index]
  File "/home/bingxing2/home/scx6115/.conda/envs/torch2.0/lib/python3.10/site-packages/torch/nn/modules/module.py", line 1501, in _call_impl
    return forward_call(*args, **kwargs)
  File "/home/bingxing2/home/scx6115/Ocean_AI_model/networks/Masked_AE_Ocean.py", line 225, in forward
    x = self.forward_decoder(x, ids_restore)
  File "/home/bingxing2/home/scx6115/Ocean_AI_model/networks/Masked_AE_Ocean.py", line 212, in forward_decoder
    x = blk(x)
  File "/home/bingxing2/home/scx6115/.conda/envs/torch2.0/lib/python3.10/site-packages/torch/nn/modules/module.py", line 1501, in _call_impl
    return forward_call(*args, **kwargs)
  File "/home/bingxing2/home/scx6115/Ocean_AI_model/networks/fourier_block_Masked_AE_Ocean.py", line 128, in forward
    x = self.filter(x)
  File "/home/bingxing2/home/scx6115/.conda/envs/torch2.0/lib/python3.10/site-packages/torch/nn/modules/module.py", line 1501, in _call_impl
    return forward_call(*args, **kwargs)
  File "/home/bingxing2/home/scx6115/Ocean_AI_model/networks/fourier_block_Masked_AE_Ocean.py", line 88, in forward
    torch.einsum('...bi,bio->...bo', o1_imag[:, :kept_modes], self.w2[0]) + \
torch.cuda.OutOfMemoryError: CUDA out of memory. Tried to allocate 16.00 MiB (GPU 2; 39.41 GiB total capacity; 37.20 GiB already allocated; 8.50 MiB free; 37.67 GiB reserved in total by PyTorch) If reserved memory is >> allocated memory try setting max_split_size_mb to avoid fragmentation.  See documentation for Memory Management and PYTORCH_CUDA_ALLOC_CONF
loss_step_2: cuda:3
Traceback (most recent call last):
  File "/home/bingxing2/home/scx6115/Ocean_AI_model/train_025_multi_steps.py", line 614, in <module>
    trainer.train()
  File "/home/bingxing2/home/scx6115/Ocean_AI_model/train_025_multi_steps.py", line 151, in train
    tr_time, data_time, train_logs = self.train_one_epoch() 
  File "/home/bingxing2/home/scx6115/Ocean_AI_model/train_025_multi_steps.py", line 298, in train_one_epoch
    gen_step_3 = self.model( inp_step_3 )
  File "/home/bingxing2/home/scx6115/.conda/envs/torch2.0/lib/python3.10/site-packages/torch/nn/modules/module.py", line 1501, in _call_impl
    return forward_call(*args, **kwargs)
  File "/home/bingxing2/home/scx6115/.conda/envs/torch2.0/lib/python3.10/site-packages/torch/nn/parallel/distributed.py", line 1156, in forward
    output = self._run_ddp_forward(*inputs, **kwargs)
  File "/home/bingxing2/home/scx6115/.conda/envs/torch2.0/lib/python3.10/site-packages/torch/nn/parallel/distributed.py", line 1110, in _run_ddp_forward
    return module_to_run(*inputs[0], **kwargs[0])  # type: ignore[index]
  File "/home/bingxing2/home/scx6115/.conda/envs/torch2.0/lib/python3.10/site-packages/torch/nn/modules/module.py", line 1501, in _call_impl
    return forward_call(*args, **kwargs)
  File "/home/bingxing2/home/scx6115/Ocean_AI_model/networks/Masked_AE_Ocean.py", line 225, in forward
    x = self.forward_decoder(x, ids_restore)
  File "/home/bingxing2/home/scx6115/Ocean_AI_model/networks/Masked_AE_Ocean.py", line 212, in forward_decoder
    x = blk(x)
  File "/home/bingxing2/home/scx6115/.conda/envs/torch2.0/lib/python3.10/site-packages/torch/nn/modules/module.py", line 1501, in _call_impl
    return forward_call(*args, **kwargs)
  File "/home/bingxing2/home/scx6115/Ocean_AI_model/networks/fourier_block_Masked_AE_Ocean.py", line 128, in forward
    x = self.filter(x)
  File "/home/bingxing2/home/scx6115/.conda/envs/torch2.0/lib/python3.10/site-packages/torch/nn/modules/module.py", line 1501, in _call_impl
    return forward_call(*args, **kwargs)
  File "/home/bingxing2/home/scx6115/Ocean_AI_model/networks/fourier_block_Masked_AE_Ocean.py", line 88, in forward
    torch.einsum('...bi,bio->...bo', o1_imag[:, :kept_modes], self.w2[0]) + \
torch.cuda.OutOfMemoryError: CUDA out of memory. Tried to allocate 16.00 MiB (GPU 1; 39.41 GiB total capacity; 37.20 GiB already allocated; 8.50 MiB free; 37.67 GiB reserved in total by PyTorch) If reserved memory is >> allocated memory try setting max_split_size_mb to avoid fragmentation.  See documentation for Memory Management and PYTORCH_CUDA_ALLOC_CONF
Traceback (most recent call last):
  File "/home/bingxing2/home/scx6115/Ocean_AI_model/train_025_multi_steps.py", line 614, in <module>
    trainer.train()
  File "/home/bingxing2/home/scx6115/Ocean_AI_model/train_025_multi_steps.py", line 151, in train
    tr_time, data_time, train_logs = self.train_one_epoch() 
  File "/home/bingxing2/home/scx6115/Ocean_AI_model/train_025_multi_steps.py", line 298, in train_one_epoch
    gen_step_3 = self.model( inp_step_3 )
  File "/home/bingxing2/home/scx6115/.conda/envs/torch2.0/lib/python3.10/site-packages/torch/nn/modules/module.py", line 1501, in _call_impl
    return forward_call(*args, **kwargs)
  File "/home/bingxing2/home/scx6115/.conda/envs/torch2.0/lib/python3.10/site-packages/torch/nn/parallel/distributed.py", line 1156, in forward
    output = self._run_ddp_forward(*inputs, **kwargs)
  File "/home/bingxing2/home/scx6115/.conda/envs/torch2.0/lib/python3.10/site-packages/torch/nn/parallel/distributed.py", line 1110, in _run_ddp_forward
    return module_to_run(*inputs[0], **kwargs[0])  # type: ignore[index]
  File "/home/bingxing2/home/scx6115/.conda/envs/torch2.0/lib/python3.10/site-packages/torch/nn/modules/module.py", line 1501, in _call_impl
    return forward_call(*args, **kwargs)
  File "/home/bingxing2/home/scx6115/Ocean_AI_model/networks/Masked_AE_Ocean.py", line 225, in forward
    x = self.forward_decoder(x, ids_restore)
  File "/home/bingxing2/home/scx6115/Ocean_AI_model/networks/Masked_AE_Ocean.py", line 212, in forward_decoder
    x = blk(x)
  File "/home/bingxing2/home/scx6115/.conda/envs/torch2.0/lib/python3.10/site-packages/torch/nn/modules/module.py", line 1501, in _call_impl
    return forward_call(*args, **kwargs)
  File "/home/bingxing2/home/scx6115/Ocean_AI_model/networks/fourier_block_Masked_AE_Ocean.py", line 128, in forward
    x = self.filter(x)
  File "/home/bingxing2/home/scx6115/.conda/envs/torch2.0/lib/python3.10/site-packages/torch/nn/modules/module.py", line 1501, in _call_impl
    return forward_call(*args, **kwargs)
  File "/home/bingxing2/home/scx6115/Ocean_AI_model/networks/fourier_block_Masked_AE_Ocean.py", line 88, in forward
    torch.einsum('...bi,bio->...bo', o1_imag[:, :kept_modes], self.w2[0]) + \
torch.cuda.OutOfMemoryError: CUDA out of memory. Tried to allocate 16.00 MiB (GPU 3; 39.41 GiB total capacity; 37.20 GiB already allocated; 8.50 MiB free; 37.67 GiB reserved in total by PyTorch) If reserved memory is >> allocated memory try setting max_split_size_mb to avoid fragmentation.  See documentation for Memory Management and PYTORCH_CUDA_ALLOC_CONF
ERROR:torch.distributed.elastic.multiprocessing.api:failed (exitcode: 1) local_rank: 0 (pid: 1060081) of binary: /home/bingxing2/home/scx6115/.conda/envs/torch2.0/bin/python
Traceback (most recent call last):
  File "/home/bingxing2/home/scx6115/.conda/envs/torch2.0/bin/torchrun", line 8, in <module>
    sys.exit(main())
  File "/home/bingxing2/home/scx6115/.conda/envs/torch2.0/lib/python3.10/site-packages/torch/distributed/elastic/multiprocessing/errors/__init__.py", line 346, in wrapper
    return f(*args, **kwargs)
  File "/home/bingxing2/home/scx6115/.conda/envs/torch2.0/lib/python3.10/site-packages/torch/distributed/run.py", line 794, in main
    run(args)
  File "/home/bingxing2/home/scx6115/.conda/envs/torch2.0/lib/python3.10/site-packages/torch/distributed/run.py", line 785, in run
    elastic_launch(
  File "/home/bingxing2/home/scx6115/.conda/envs/torch2.0/lib/python3.10/site-packages/torch/distributed/launcher/api.py", line 134, in __call__
    return launch_agent(self._config, self._entrypoint, list(args))
  File "/home/bingxing2/home/scx6115/.conda/envs/torch2.0/lib/python3.10/site-packages/torch/distributed/launcher/api.py", line 250, in launch_agent
    raise ChildFailedError(
torch.distributed.elastic.multiprocessing.errors.ChildFailedError: 
============================================================
train_025_multi_steps.py FAILED
------------------------------------------------------------
Failures:
[1]:
  time      : 2023-07-03_12:50:45
  host      : paraai-n32-h-01-agent-87.paraai-n32-h-01.com
  rank      : 9 (local_rank: 1)
  exitcode  : 1 (pid: 1060082)
  error_file: <N/A>
  traceback : To enable traceback see: https://pytorch.org/docs/stable/elastic/errors.html
[2]:
  time      : 2023-07-03_12:50:45
  host      : paraai-n32-h-01-agent-87.paraai-n32-h-01.com
  rank      : 10 (local_rank: 2)
  exitcode  : 1 (pid: 1060083)
  error_file: <N/A>
  traceback : To enable traceback see: https://pytorch.org/docs/stable/elastic/errors.html
[3]:
  time      : 2023-07-03_12:50:45
  host      : paraai-n32-h-01-agent-87.paraai-n32-h-01.com
  rank      : 11 (local_rank: 3)
  exitcode  : 1 (pid: 1060084)
  error_file: <N/A>
  traceback : To enable traceback see: https://pytorch.org/docs/stable/elastic/errors.html
------------------------------------------------------------
Root Cause (first observed failure):
[0]:
  time      : 2023-07-03_12:50:45
  host      : paraai-n32-h-01-agent-87.paraai-n32-h-01.com
  rank      : 8 (local_rank: 0)
  exitcode  : 1 (pid: 1060081)
  error_file: <N/A>
  traceback : To enable traceback see: https://pytorch.org/docs/stable/elastic/errors.html
============================================================
