master_addr is only used for static rdzv_backend and when rdzv_endpoint is not specified.
paraai-n32-h-01-agent-103
paraai-n32-h-01-agent-103
paraai-n32-h-01-agent-103
0
------------------ Configuration ------------------  /home/bingxing2/home/scx6115/Ocean_AI_model/exp_15_levels/Masked_AE_Ocean/20230628-131150/config.yaml
00

------------------ Configuration ------------------ ------------------ Configuration ------------------   /home/bingxing2/home/scx6115/Ocean_AI_model/exp_15_levels/Masked_AE_Ocean/20230628-131150/config.yaml
/home/bingxing2/home/scx6115/Ocean_AI_model/exp_15_levels/Masked_AE_Ocean/20230628-131150/config.yaml
paraai-n32-h-01-agent-103
0
------------------ Configuration ------------------  /home/bingxing2/home/scx6115/Ocean_AI_model/exp_15_levels/Masked_AE_Ocean/20230628-131150/config.yaml
nettype Masked_AE_Ocean
log_to_wandb True
lr 0.001
batch_size 32
max_epochs 150
scheduler CosineAnnealingLR
fusion_3d_2d False
in_channels [0, 1, 2, 3, 4, 5, 6, 7, 8, 9, 10, 11, 12, 13, 14, 15, 16, 17, 18, 19, 20, 21, 22, 23, 24, 25, 26, 27, 28, 29, 30, 31, 32, 33, 34, 35, 36, 37, 38, 39, 40, 41, 42, 43, 44, 45, 46, 47, 48, 49, 50, 51, 52, 53, 54, 55, 56, 57, 58, 59, 60, 61, 62, 63, 64, 65]
out_channels nettype[0, 1, 2, 3, 4, 5, 6, 7, 8, 9, 10, 11, 12, 13, 14, 15, 16, 17, 18, 19, 20, 21, 22, 23, 24, 25, 26, 27, 28, 29, 30, 31, 32, 33, 34, 35, 36, 37, 38, 39, 40, 41, 42, 43, 44, 45, 46, 47, 48, 49, 50, 51, 52, 53, 54, 55, 56, 57, 58, 59, 60]
 N_in_channelsMasked_AE_Ocean 
66
N_out_channels 61
log_to_wandb Trueimg_size_h 
720
lrimg_size_w  1440
0.001patch_size_h
 8batch_size
 patch_size_w32 
8
max_epochs mlp_ratio150 
4.0
scheduler embed_dimCosineAnnealingLR 
512
fusion_3d_2d depthFalse 
16
in_channelsnum_heads  16
decoder_embed_dim 1024
decoder_depth [0, 1, 2, 3, 4, 5, 6, 7, 8, 9, 10, 11, 12, 13, 14, 15, 16, 17, 18, 19, 20, 21, 22, 23, 24, 25, 26, 27, 28, 29, 30, 31, 32, 33, 34, 35, 36, 37, 38, 39, 40, 41, 42, 43, 44, 45, 46, 47, 48, 49, 50, 51, 52, 53, 54, 55, 56, 57, 58, 59, 60, 61, 62, 63, 64, 65]8

decoder_num_heads out_channels16 
koopman_depth 2
modes_h_ratio[0, 1, 2, 3, 4, 5, 6, 7, 8, 9, 10, 11, 12, 13, 14, 15, 16, 17, 18, 19, 20, 21, 22, 23, 24, 25, 26, 27, 28, 29, 30, 31, 32, 33, 34, 35, 36, 37, 38, 39, 40, 41, 42, 43, 44, 45, 46, 47, 48, 49, 50, 51, 52, 53, 54, 55, 56, 57, 58, 59, 60] 
1
N_in_channelsmodes_w_ratio  66
0.8
N_out_channelsdrop_rate  610.0

img_size_hdrop_path_rate  7200.0

img_size_wsparsity_threshold  1440
0.01
patch_size_h hard_thresholding_fraction 81.0

nettypenum_blockspatch_size_w   Masked_AE_Ocean88


lossmlp_ratiolog_to_wandb  l2 4.0True


embed_dimnum_data_workers  lr5120 

depth0.001 dt
16 
1batch_sizenum_heads
 n_history 32 16

0max_epochs
decoder_embed_dim  prediction_type1501024 
iterative
schedulernettype
decoder_depth  prediction_lengthMasked_AE_Ocean CosineAnnealingLR 
841
log_to_wandb
 
fusion_3d_2dTruedecoder_num_heads 
n_initial_conditions  Falselr5
16 

in_channels0.001 
ics_typekoopman_depth batch_size  default232

[0, 1, 2, 3, 4, 5, 6, 7, 8, 9, 10, 11, 12, 13, 14, 15, 16, 17, 18, 19, 20, 21, 22, 23, 24, 25, 26, 27, 28, 29, 30, 31, 32, 33, 34, 35, 36, 37, 38, 39, 40, 41, 42, 43, 44, 45, 46, 47, 48, 49, 50, 51, 52, 53, 54, 55, 56, 57, 58, 59, 60, 61, 62, 63, 64, 65]date_stringsmodes_h_ratio
max_epochs
   1150['2018-09-14 00:00:00']
out_channels
modes_w_ratioscheduler
   save_raw_forecastsCosineAnnealingLR0.8 
Truefusion_3d_2d
[0, 1, 2, 3, 4, 5, 6, 7, 8, 9, 10, 11, 12, 13, 14, 15, 16, 17, 18, 19, 20, 21, 22, 23, 24, 25, 26, 27, 28, 29, 30, 31, 32, 33, 34, 35, 36, 37, 38, 39, 40, 41, 42, 43, 44, 45, 46, 47, 48, 49, 50, 51, 52, 53, 54, 55, 56, 57, 58, 59, 60]
 save_channel
Falsedrop_rate 
 N_in_channelsFalsein_channels0.0 

 66drop_path_ratemasked_acc 0.0
 
False[0, 1, 2, 3, 4, 5, 6, 7, 8, 9, 10, 11, 12, 13, 14, 15, 16, 17, 18, 19, 20, 21, 22, 23, 24, 25, 26, 27, 28, 29, 30, 31, 32, 33, 34, 35, 36, 37, 38, 39, 40, 41, 42, 43, 44, 45, 46, 47, 48, 49, 50, 51, 52, 53, 54, 55, 56, 57, 58, 59, 60, 61, 62, 63, 64, 65]N_out_channels
sparsity_threshold 
out_channels maskpath61 0.01 

Noneimg_size_h[0, 1, 2, 3, 4, 5, 6, 7, 8, 9, 10, 11, 12, 13, 14, 15, 16, 17, 18, 19, 20, 21, 22, 23, 24, 25, 26, 27, 28, 29, 30, 31, 32, 33, 34, 35, 36, 37, 38, 39, 40, 41, 42, 43, 44, 45, 46, 47, 48, 49, 50, 51, 52, 53, 54, 55, 56, 57, 58, 59, 60]
hard_thresholding_fraction perturb
720
  N_in_channelsimg_size_w1.0False  

661440num_blocks
add_grid N_out_channels8
  False
patch_size_h61

N_grid_channelsloss  img_size_h 8 l2720
0

patch_size_w
num_data_workersimg_size_w  0 gridtype1440

8dt
 patch_size_hmlp_ratio sinusoidal 1 8


n_history4.0rollpatch_size_w  
 False0
8

embed_dimprediction_type enable_nhwcmlp_ratio  512 
iterativeFalse4.0depth


 optimizer_typeprediction_length16embed_dim   
FusedAdam41512


num_headsn_initial_conditionsexp_dir  depth ./exp_15_levels16 5

16patch_size
 
decoder_embed_dimnum_heads8ics_type  
 102416widthdefault

 
decoder_embed_dim56 decoder_depthdate_strings
 1024 modes
['2018-09-14 00:00:00']decoder_depth8 
 
328decoder_num_headssave_raw_forecasts

  16decoder_num_heads
targetTrue 
koopman_depth16  defaultsave_channel

2 koopman_depthtrain_data_path
False  
modes_h_ratio2 /home/bingxing2/home/scx6115/Ocean_AI_model/sample_01/trainmasked_acc 
False1
modes_h_ratio

 valid_data_path1modes_w_ratio maskpath
  /home/bingxing2/home/scx6115/Ocean_AI_model/sample_01/validmodes_w_ratio0.8None
 

test_data_path0.8drop_rateperturb  
 /home/bingxing2/home/scx6115/Ocean_AI_model/sample_01/testFalsedrop_rate 0.0

0.0
land_mask
add_griddrop_path_ratedrop_path_rate    0.0True0.0
False


land_mask_pathsparsity_thresholdsparsity_threshold N_grid_channels   0/home/bingxing2/home/scx6115/Ocean_AI_model/sample_01/land_mask.h50.010.01



gridtypenormalizehard_thresholding_fractionhard_thresholding_fraction    Truesinusoidal1.01.0



rollnormalizationnum_blocksnum_blocks  False  zscore8
8


enable_nhwclossglobal_mins_pathloss    l2
Falsel2
/home/bingxing2/home/scx6115/Ocean_AI_model/sample_01/train/global_mins.npy
num_data_workersoptimizer_type
 num_data_workers0global_maxs_path 
  FusedAdam/home/bingxing2/home/scx6115/Ocean_AI_model/sample_01/train/global_maxs.npydt0 


1dtexp_dir
 global_means_path n_history1 ./exp_15_levels 
/home/bingxing2/home/scx6115/Ocean_AI_model/sample_01/train/global_means.npy
0
n_historypatch_size
global_stds_path  prediction_type 8/home/bingxing2/home/scx6115/Ocean_AI_model/sample_01/train/global_stds.npy
0 width
iterativeorography

  prediction_lengthTrue
prediction_type56  
iterativeorography_norm_zscore_path41modes

  n_initial_conditions/home/bingxing2/home/scx6115/Ocean_AI_model/sample_01/orography_norm_zscore.h5 prediction_length32 
5orography_norm_maxmin_path
41
 
targetics_type/home/bingxing2/home/scx6115/Ocean_AI_model/sample_01/orography_norm_maxmin.h5n_initial_conditions  
 defaultdefaultadd_noise5 


Falsedate_stringsics_typetrain_data_path  
 /home/bingxing2/home/scx6115/Ocean_AI_model/sample_01/traindefaultnoise_std['2018-09-14 00:00:00']

 
valid_data_pathdate_strings 0save_raw_forecasts /home/bingxing2/home/scx6115/Ocean_AI_model/sample_01/valid
 
['2018-09-14 00:00:00']True
crop_size_xtest_data_path
  save_raw_forecastssave_channel None/home/bingxing2/home/scx6115/Ocean_AI_model/sample_01/test FalseTrue


land_mask
 crop_size_ymasked_accTrue  Falsesave_channel
None
 land_mask_path
maskpath False/home/bingxing2/home/scx6115/Ocean_AI_model/sample_01/land_mask.h5log_to_screen  NoneTrue


masked_acc
normalizeperturb  save_checkpoint False FalseTrueTrue



add_gridplot_animationsmaskpathnormalization    NoneFalseFalsezscore



perturbN_grid_channelsglobal_mins_path   /home/bingxing2/home/scx6115/Ocean_AI_model/sample_01/train/global_mins.npy0False


gridtypeadd_grid global_maxs_path sinusoidal False
/home/bingxing2/home/scx6115/Ocean_AI_model/sample_01/train/global_maxs.npyroll

 N_grid_channelsFalseglobal_means_path
  0enable_nhwc/home/bingxing2/home/scx6115/Ocean_AI_model/sample_01/train/global_means.npy 

Falsegridtype
global_stds_path sinusoidaloptimizer_type
 --------------------------------------------------- rollFusedAdam
/home/bingxing2/home/scx6115/Ocean_AI_model/sample_01/train/global_stds.npy
exp_dir  
False./exp_15_levels
orography
enable_nhwc patch_sizeTrue
  world_size :8Falseorography_norm_zscore_path 
16
width
  Initialize distributed process group...56optimizer_type/home/bingxing2/home/scx6115/Ocean_AI_model/sample_01/orography_norm_zscore.h5


 modesFusedAdamorography_norm_maxmin_path 
32 exp_dir
/home/bingxing2/home/scx6115/Ocean_AI_model/sample_01/orography_norm_maxmin.h5 target
./exp_15_levels add_noisedefault
 
patch_sizeFalse train_data_path 
8/home/bingxing2/home/scx6115/Ocean_AI_model/sample_01/trainnoise_std

 valid_data_path width/home/bingxing2/home/scx6115/Ocean_AI_model/sample_01/valid0 

56test_data_path
 /home/bingxing2/home/scx6115/Ocean_AI_model/sample_01/testcrop_size_xmodes 
 None32land_mask

 Truecrop_size_y
target land_mask_path None default/home/bingxing2/home/scx6115/Ocean_AI_model/sample_01/land_mask.h5


normalizetrain_data_path log_to_screen True/home/bingxing2/home/scx6115/Ocean_AI_model/sample_01/train 

Truenormalization
valid_data_path save_checkpointzscore  
/home/bingxing2/home/scx6115/Ocean_AI_model/sample_01/validTrueglobal_mins_path

 test_data_pathplot_animations/home/bingxing2/home/scx6115/Ocean_AI_model/sample_01/train/global_mins.npy 
/home/bingxing2/home/scx6115/Ocean_AI_model/sample_01/test 
global_maxs_pathFalseland_mask 
 /home/bingxing2/home/scx6115/Ocean_AI_model/sample_01/train/global_maxs.npy
Trueglobal_means_path
 /home/bingxing2/home/scx6115/Ocean_AI_model/sample_01/train/global_means.npyland_mask_path
 /home/bingxing2/home/scx6115/Ocean_AI_model/sample_01/land_mask.h5global_stds_path
 /home/bingxing2/home/scx6115/Ocean_AI_model/sample_01/train/global_stds.npynormalize
 Trueorography
 Truenormalization
 zscoreorography_norm_zscore_path
 global_mins_path/home/bingxing2/home/scx6115/Ocean_AI_model/sample_01/orography_norm_zscore.h5
 orography_norm_maxmin_path/home/bingxing2/home/scx6115/Ocean_AI_model/sample_01/train/global_mins.npy /home/bingxing2/home/scx6115/Ocean_AI_model/sample_01/orography_norm_maxmin.h5

add_noise global_maxs_pathFalse 
/home/bingxing2/home/scx6115/Ocean_AI_model/sample_01/train/global_maxs.npynoise_std
 0
global_means_pathcrop_size_x  /home/bingxing2/home/scx6115/Ocean_AI_model/sample_01/train/global_means.npyNone
---------------------------------------------------
global_stds_path
crop_size_y  /home/bingxing2/home/scx6115/Ocean_AI_model/sample_01/train/global_stds.npyNone

orographylog_to_screen  TrueTrueworld_size :

 save_checkpointorography_norm_zscore_path 16True 

plot_animations/home/bingxing2/home/scx6115/Ocean_AI_model/sample_01/orography_norm_zscore.h5Initialize distributed process group... 
False

orography_norm_maxmin_path /home/bingxing2/home/scx6115/Ocean_AI_model/sample_01/orography_norm_maxmin.h5
add_noise False
noise_std 0
crop_size_x None
crop_size_y None
log_to_screen True
save_checkpoint True
plot_animations False
---------------------------------------------------
world_size : 16
Initialize distributed process group...
---------------------------------------------------
world_size : 16
Initialize distributed process group...
2023-07-03 20:45:23,551 - torch.distributed.distributed_c10d - INFO - Added key: store_based_barrier_key:1 to store for rank: 4
2023-07-03 20:45:23,551 - torch.distributed.distributed_c10d - INFO - Added key: store_based_barrier_key:1 to store for rank: 7
2023-07-03 20:45:23,551 - torch.distributed.distributed_c10d - INFO - Added key: store_based_barrier_key:1 to store for rank: 6
2023-07-03 20:45:23,551 - torch.distributed.distributed_c10d - INFO - Added key: store_based_barrier_key:1 to store for rank: 5
2023-07-03 20:45:24,122 - torch.distributed.distributed_c10d - INFO - Rank 5: Completed store-based barrier for key:store_based_barrier_key:1 with 16 nodes.
2023-07-03 20:45:24,122 - torch.distributed.distributed_c10d - INFO - Rank 6: Completed store-based barrier for key:store_based_barrier_key:1 with 16 nodes.
2023-07-03 20:45:24,122 - torch.distributed.distributed_c10d - INFO - Rank 4: Completed store-based barrier for key:store_based_barrier_key:1 with 16 nodes.
2023-07-03 20:45:24,122 - torch.distributed.distributed_c10d - INFO - Rank 7: Completed store-based barrier for key:store_based_barrier_key:1 with 16 nodes.
2023-07-03 20:45:24,181 - root - INFO - device: cuda:2
2023-07-03 20:45:24,181 - root - INFO - rank 6, begin data loader init
2023-07-03 20:45:24,185 - root - INFO - device: cuda:1
2023-07-03 20:45:24,185 - root - INFO - rank 5, begin data loader init
2023-07-03 20:45:24,188 - root - INFO - device: cuda:3
2023-07-03 20:45:24,188 - root - INFO - rank 7, begin data loader init
2023-07-03 20:45:24,189 - root - INFO - device: cuda:0
2023-07-03 20:45:24,189 - root - INFO - rank 4, begin data loader init
2023-07-03 20:45:24,208 - root - INFO - Getting file stats from /home/bingxing2/home/scx6115/Ocean_AI_model/sample_01/train/2000.h5
2023-07-03 20:45:24,208 - root - INFO - Getting file stats from /home/bingxing2/home/scx6115/Ocean_AI_model/sample_01/train/2000.h5
2023-07-03 20:45:24,208 - root - INFO - Getting file stats from /home/bingxing2/home/scx6115/Ocean_AI_model/sample_01/train/2000.h5
2023-07-03 20:45:24,208 - root - INFO - Getting file stats from /home/bingxing2/home/scx6115/Ocean_AI_model/sample_01/train/2000.h5
2023-07-03 20:45:24,209 - root - INFO - Number of samples per year: 365
2023-07-03 20:45:24,209 - root - INFO - Number of samples per year: 365
2023-07-03 20:45:24,209 - root - INFO - Number of samples per year: 365
2023-07-03 20:45:24,209 - root - INFO - Found data at path /home/bingxing2/home/scx6115/Ocean_AI_model/sample_01/train. Number of examples: 4015. Image Shape: 720 x 1440 x 66
2023-07-03 20:45:24,209 - root - INFO - Number of samples per year: 365
2023-07-03 20:45:24,209 - root - INFO - Found data at path /home/bingxing2/home/scx6115/Ocean_AI_model/sample_01/train. Number of examples: 4015. Image Shape: 720 x 1440 x 66
2023-07-03 20:45:24,209 - root - INFO - Found data at path /home/bingxing2/home/scx6115/Ocean_AI_model/sample_01/train. Number of examples: 4015. Image Shape: 720 x 1440 x 66
2023-07-03 20:45:24,209 - root - INFO - Delta t: 1 days
2023-07-03 20:45:24,209 - root - INFO - Found data at path /home/bingxing2/home/scx6115/Ocean_AI_model/sample_01/train. Number of examples: 4015. Image Shape: 720 x 1440 x 66
2023-07-03 20:45:24,209 - root - INFO - Delta t: 1 days
2023-07-03 20:45:24,209 - root - INFO - Delta t: 1 days
2023-07-03 20:45:24,209 - root - INFO - Including 0 days of past history in training at a frequency of 1 days
2023-07-03 20:45:24,209 - root - INFO - Delta t: 1 days
2023-07-03 20:45:24,209 - root - INFO - Including 0 days of past history in training at a frequency of 1 days
2023-07-03 20:45:24,209 - root - INFO - Including 0 days of past history in training at a frequency of 1 days
2023-07-03 20:45:24,209 - root - INFO - Including 0 days of past history in training at a frequency of 1 days
2023-07-03 20:45:24,248 - root - INFO - Getting file stats from /home/bingxing2/home/scx6115/Ocean_AI_model/sample_01/valid/2011.h5
2023-07-03 20:45:24,248 - root - INFO - Getting file stats from /home/bingxing2/home/scx6115/Ocean_AI_model/sample_01/valid/2011.h5
2023-07-03 20:45:24,248 - root - INFO - Getting file stats from /home/bingxing2/home/scx6115/Ocean_AI_model/sample_01/valid/2011.h5
2023-07-03 20:45:24,248 - root - INFO - Getting file stats from /home/bingxing2/home/scx6115/Ocean_AI_model/sample_01/valid/2011.h5
2023-07-03 20:45:24,249 - root - INFO - Number of samples per year: 364
2023-07-03 20:45:24,249 - root - INFO - Number of samples per year: 364
2023-07-03 20:45:24,249 - root - INFO - Found data at path /home/bingxing2/home/scx6115/Ocean_AI_model/sample_01/valid. Number of examples: 364. Image Shape: 720 x 1440 x 66
2023-07-03 20:45:24,249 - root - INFO - Number of samples per year: 364
2023-07-03 20:45:24,249 - root - INFO - Number of samples per year: 364
2023-07-03 20:45:24,249 - root - INFO - Found data at path /home/bingxing2/home/scx6115/Ocean_AI_model/sample_01/valid. Number of examples: 364. Image Shape: 720 x 1440 x 66
2023-07-03 20:45:24,249 - root - INFO - Delta t: 1 days
2023-07-03 20:45:24,249 - root - INFO - Found data at path /home/bingxing2/home/scx6115/Ocean_AI_model/sample_01/valid. Number of examples: 364. Image Shape: 720 x 1440 x 66
2023-07-03 20:45:24,249 - root - INFO - Delta t: 1 days
2023-07-03 20:45:24,249 - root - INFO - Found data at path /home/bingxing2/home/scx6115/Ocean_AI_model/sample_01/valid. Number of examples: 364. Image Shape: 720 x 1440 x 66
2023-07-03 20:45:24,249 - root - INFO - Including 0 days of past history in training at a frequency of 1 days
2023-07-03 20:45:24,249 - root - INFO - Delta t: 1 days
2023-07-03 20:45:24,249 - root - INFO - Including 0 days of past history in training at a frequency of 1 days
2023-07-03 20:45:24,249 - root - INFO - Delta t: 1 days
2023-07-03 20:45:24,249 - root - INFO - Including 0 days of past history in training at a frequency of 1 days
2023-07-03 20:45:24,249 - root - INFO - Including 0 days of past history in training at a frequency of 1 days
2023-07-03 20:45:24,249 - root - INFO - rank 6, data loader initialized
2023-07-03 20:45:24,249 - root - INFO - rank 7, data loader initialized
2023-07-03 20:45:24,249 - root - INFO - rank 4, data loader initialized
2023-07-03 20:45:24,249 - root - INFO - rank 5, data loader initialized
paraai-n32-h-01-agent-103:4038849:4038849 [1] NCCL INFO cudaDriverVersion 11060
paraai-n32-h-01-agent-103:4038851:4038851 [3] NCCL INFO cudaDriverVersion 11060
paraai-n32-h-01-agent-103:4038848:4038848 [0] NCCL INFO cudaDriverVersion 11060
paraai-n32-h-01-agent-103:4038850:4038850 [2] NCCL INFO cudaDriverVersion 11060
paraai-n32-h-01-agent-103:4038849:4038849 [1] NCCL INFO Bootstrap : Using eth0:172.16.4.105<0>
paraai-n32-h-01-agent-103:4038851:4038851 [3] NCCL INFO Bootstrap : Using eth0:172.16.4.105<0>
paraai-n32-h-01-agent-103:4038850:4038850 [2] NCCL INFO Bootstrap : Using eth0:172.16.4.105<0>
paraai-n32-h-01-agent-103:4038848:4038848 [0] NCCL INFO Bootstrap : Using eth0:172.16.4.105<0>
paraai-n32-h-01-agent-103:4038850:4038850 [2] NCCL INFO NET/Plugin : No plugin found (libnccl-net.so), using internal implementation
paraai-n32-h-01-agent-103:4038851:4038851 [3] NCCL INFO NET/Plugin : No plugin found (libnccl-net.so), using internal implementation
paraai-n32-h-01-agent-103:4038848:4038848 [0] NCCL INFO NET/Plugin : No plugin found (libnccl-net.so), using internal implementation
paraai-n32-h-01-agent-103:4038849:4038849 [1] NCCL INFO NET/Plugin : No plugin found (libnccl-net.so), using internal implementation
paraai-n32-h-01-agent-103:4038851:4039500 [3] NCCL INFO NET/IB : Using [0]mlx5_0:1/RoCE [1]mlx5_2:1/RoCE [RO]; OOB eth0:172.16.4.105<0>
paraai-n32-h-01-agent-103:4038851:4039500 [3] NCCL INFO Using network IB
paraai-n32-h-01-agent-103:4038848:4039501 [0] NCCL INFO NET/IB : Using [0]mlx5_0:1/RoCE [1]mlx5_2:1/RoCE [RO]; OOB eth0:172.16.4.105<0>
paraai-n32-h-01-agent-103:4038848:4039501 [0] NCCL INFO Using network IB
paraai-n32-h-01-agent-103:4038850:4039498 [2] NCCL INFO NET/IB : Using [0]mlx5_0:1/RoCE [1]mlx5_2:1/RoCE [RO]; OOB eth0:172.16.4.105<0>
paraai-n32-h-01-agent-103:4038850:4039498 [2] NCCL INFO Using network IB
paraai-n32-h-01-agent-103:4038849:4039499 [1] NCCL INFO NET/IB : Using [0]mlx5_0:1/RoCE [1]mlx5_2:1/RoCE [RO]; OOB eth0:172.16.4.105<0>
paraai-n32-h-01-agent-103:4038849:4039499 [1] NCCL INFO Using network IB
paraai-n32-h-01-agent-103:4038850:4039498 [2] NCCL INFO Setting affinity for GPU 2 to ffffffff,00000000,00000000
paraai-n32-h-01-agent-103:4038851:4039500 [3] NCCL INFO Setting affinity for GPU 3 to ffffffff,00000000,00000000
paraai-n32-h-01-agent-103:4038848:4039501 [0] NCCL INFO Setting affinity for GPU 0 to ffffffff
paraai-n32-h-01-agent-103:4038849:4039499 [1] NCCL INFO Setting affinity for GPU 1 to ffffffff
paraai-n32-h-01-agent-103:4038848:4039501 [0] NCCL INFO NCCL_MAX_NCHANNELS set by environment to 16.
paraai-n32-h-01-agent-103:4038848:4039501 [0] NCCL INFO NCCL_MIN_NCHANNELS set by environment to 16.
paraai-n32-h-01-agent-103:4038849:4039499 [1] NCCL INFO NCCL_MAX_NCHANNELS set by environment to 16.
paraai-n32-h-01-agent-103:4038849:4039499 [1] NCCL INFO NCCL_MIN_NCHANNELS set by environment to 16.
paraai-n32-h-01-agent-103:4038851:4039500 [3] NCCL INFO NCCL_MAX_NCHANNELS set by environment to 16.
paraai-n32-h-01-agent-103:4038850:4039498 [2] NCCL INFO NCCL_MAX_NCHANNELS set by environment to 16.
paraai-n32-h-01-agent-103:4038851:4039500 [3] NCCL INFO NCCL_MIN_NCHANNELS set by environment to 16.
paraai-n32-h-01-agent-103:4038848:4039501 [0] NCCL INFO Trees [0] 5/-1/-1->4->9 [1] 5/-1/-1->4->7 [2] 5/0/-1->4->12 [3] 5/-1/-1->4->7 [4] 5/-1/-1->4->9 [5] 5/-1/-1->4->7 [6] 5/0/-1->4->12 [7] 5/-1/-1->4->7 [8] 5/-1/-1->4->9 [9] 5/-1/-1->4->7 [10] 5/0/-1->4->12 [11] 5/-1/-1->4->7 [12] 5/-1/-1->4->9 [13] 5/-1/-1->4->7 [14] 5/0/-1->4->12 [15] 5/-1/-1->4->7
paraai-n32-h-01-agent-103:4038850:4039498 [2] NCCL INFO NCCL_MIN_NCHANNELS set by environment to 16.
paraai-n32-h-01-agent-103:4038849:4039499 [1] NCCL INFO Trees [0] 6/-1/-1->5->4 [1] -1/-1/-1->5->4 [2] 6/8/-1->5->4 [3] -1/-1/-1->5->4 [4] 6/-1/-1->5->4 [5] -1/-1/-1->5->4 [6] 6/8/-1->5->4 [7] -1/-1/-1->5->4 [8] 6/-1/-1->5->4 [9] -1/-1/-1->5->4 [10] 6/8/-1->5->4 [11] -1/-1/-1->5->4 [12] 6/-1/-1->5->4 [13] -1/-1/-1->5->4 [14] 6/8/-1->5->4 [15] -1/-1/-1->5->4
paraai-n32-h-01-agent-103:4038851:4039500 [3] NCCL INFO Trees [0] -1/-1/-1->7->6 [1] 4/-1/-1->7->6 [2] -1/-1/-1->7->6 [3] 4/10/-1->7->6 [4] -1/-1/-1->7->6 [5] 4/-1/-1->7->6 [6] -1/-1/-1->7->6 [7] 4/10/-1->7->6 [8] -1/-1/-1->7->6 [9] 4/-1/-1->7->6 [10] -1/-1/-1->7->6 [11] 4/10/-1->7->6 [12] -1/-1/-1->7->6 [13] 4/-1/-1->7->6 [14] -1/-1/-1->7->6 [15] 4/10/-1->7->6
paraai-n32-h-01-agent-103:4038850:4039498 [2] NCCL INFO Trees [0] 7/-1/-1->6->5 [1] 7/-1/-1->6->11 [2] 7/-1/-1->6->5 [3] 7/2/-1->6->14 [4] 7/-1/-1->6->5 [5] 7/-1/-1->6->11 [6] 7/-1/-1->6->5 [7] 7/2/-1->6->14 [8] 7/-1/-1->6->5 [9] 7/-1/-1->6->11 [10] 7/-1/-1->6->5 [11] 7/2/-1->6->14 [12] 7/-1/-1->6->5 [13] 7/-1/-1->6->11 [14] 7/-1/-1->6->5 [15] 7/2/-1->6->14
paraai-n32-h-01-agent-103:4038848:4039501 [0] NCCL INFO Channel 00/0 : 3[82000] -> 4[1000] [receive] via NET/IB/0
paraai-n32-h-01-agent-103:4038850:4039498 [2] NCCL INFO Channel 00 : 6[81000] -> 7[82000] via SHM/direct/direct
paraai-n32-h-01-agent-103:4038850:4039498 [2] NCCL INFO Channel 01 : 6[81000] -> 7[82000] via SHM/direct/direct
paraai-n32-h-01-agent-103:4038850:4039498 [2] NCCL INFO Channel 02 : 6[81000] -> 7[82000] via SHM/direct/direct
paraai-n32-h-01-agent-103:4038850:4039498 [2] NCCL INFO Channel 03 : 6[81000] -> 7[82000] via SHM/direct/direct
paraai-n32-h-01-agent-103:4038850:4039498 [2] NCCL INFO Channel 04 : 6[81000] -> 7[82000] via SHM/direct/direct
paraai-n32-h-01-agent-103:4038850:4039498 [2] NCCL INFO Channel 05 : 6[81000] -> 7[82000] via SHM/direct/direct
paraai-n32-h-01-agent-103:4038850:4039498 [2] NCCL INFO Channel 06 : 6[81000] -> 7[82000] via SHM/direct/direct
paraai-n32-h-01-agent-103:4038850:4039498 [2] NCCL INFO Channel 07 : 6[81000] -> 7[82000] via SHM/direct/direct
paraai-n32-h-01-agent-103:4038850:4039498 [2] NCCL INFO Channel 08 : 6[81000] -> 7[82000] via SHM/direct/direct
paraai-n32-h-01-agent-103:4038850:4039498 [2] NCCL INFO Channel 09 : 6[81000] -> 7[82000] via SHM/direct/direct
paraai-n32-h-01-agent-103:4038850:4039498 [2] NCCL INFO Channel 10 : 6[81000] -> 7[82000] via SHM/direct/direct
paraai-n32-h-01-agent-103:4038850:4039498 [2] NCCL INFO Channel 11 : 6[81000] -> 7[82000] via SHM/direct/direct
paraai-n32-h-01-agent-103:4038850:4039498 [2] NCCL INFO Channel 12 : 6[81000] -> 7[82000] via SHM/direct/direct
paraai-n32-h-01-agent-103:4038850:4039498 [2] NCCL INFO Channel 13 : 6[81000] -> 7[82000] via SHM/direct/direct
paraai-n32-h-01-agent-103:4038850:4039498 [2] NCCL INFO Channel 14 : 6[81000] -> 7[82000] via SHM/direct/direct
paraai-n32-h-01-agent-103:4038850:4039498 [2] NCCL INFO Channel 15 : 6[81000] -> 7[82000] via SHM/direct/direct
paraai-n32-h-01-agent-103:4038849:4039499 [1] NCCL INFO Channel 00 : 5[2000] -> 6[81000] via SHM/direct/direct
paraai-n32-h-01-agent-103:4038849:4039499 [1] NCCL INFO Channel 02 : 5[2000] -> 6[81000] via SHM/direct/direct
paraai-n32-h-01-agent-103:4038849:4039499 [1] NCCL INFO Channel 04 : 5[2000] -> 6[81000] via SHM/direct/direct
paraai-n32-h-01-agent-103:4038849:4039499 [1] NCCL INFO Channel 06 : 5[2000] -> 6[81000] via SHM/direct/direct
paraai-n32-h-01-agent-103:4038849:4039499 [1] NCCL INFO Channel 08 : 5[2000] -> 6[81000] via SHM/direct/direct
paraai-n32-h-01-agent-103:4038849:4039499 [1] NCCL INFO Channel 10 : 5[2000] -> 6[81000] via SHM/direct/direct
paraai-n32-h-01-agent-103:4038849:4039499 [1] NCCL INFO Channel 12 : 5[2000] -> 6[81000] via SHM/direct/direct
paraai-n32-h-01-agent-103:4038849:4039499 [1] NCCL INFO Channel 14 : 5[2000] -> 6[81000] via SHM/direct/direct
paraai-n32-h-01-agent-103:4038851:4039500 [3] NCCL INFO Channel 00/0 : 7[82000] -> 8[1000] [send] via NET/IB/1
paraai-n32-h-01-agent-103:4038848:4039501 [0] NCCL INFO Channel 02/0 : 3[82000] -> 4[1000] [receive] via NET/IB/0
paraai-n32-h-01-agent-103:4038851:4039500 [3] NCCL INFO Channel 02/0 : 7[82000] -> 8[1000] [send] via NET/IB/1
paraai-n32-h-01-agent-103:4038848:4039501 [0] NCCL INFO Channel 04/0 : 3[82000] -> 4[1000] [receive] via NET/IB/0
paraai-n32-h-01-agent-103:4038851:4039500 [3] NCCL INFO Channel 04/0 : 7[82000] -> 8[1000] [send] via NET/IB/1
paraai-n32-h-01-agent-103:4038848:4039501 [0] NCCL INFO Channel 06/0 : 3[82000] -> 4[1000] [receive] via NET/IB/0
paraai-n32-h-01-agent-103:4038851:4039500 [3] NCCL INFO Channel 06/0 : 7[82000] -> 8[1000] [send] via NET/IB/1
paraai-n32-h-01-agent-103:4038851:4039500 [3] NCCL INFO Channel 08/0 : 7[82000] -> 8[1000] [send] via NET/IB/1
paraai-n32-h-01-agent-103:4038851:4039500 [3] NCCL INFO Channel 10/0 : 7[82000] -> 8[1000] [send] via NET/IB/1
paraai-n32-h-01-agent-103:4038848:4039501 [0] NCCL INFO Channel 08/0 : 3[82000] -> 4[1000] [receive] via NET/IB/0
paraai-n32-h-01-agent-103:4038851:4039500 [3] NCCL INFO Channel 12/0 : 7[82000] -> 8[1000] [send] via NET/IB/1
paraai-n32-h-01-agent-103:4038848:4039501 [0] NCCL INFO Channel 10/0 : 3[82000] -> 4[1000] [receive] via NET/IB/0
paraai-n32-h-01-agent-103:4038851:4039500 [3] NCCL INFO Channel 14/0 : 7[82000] -> 8[1000] [send] via NET/IB/1
paraai-n32-h-01-agent-103:4038850:4039498 [2] NCCL INFO Channel 01/0 : 0[1000] -> 6[81000] [receive] via NET/IB/1
paraai-n32-h-01-agent-103:4038848:4039501 [0] NCCL INFO Channel 12/0 : 3[82000] -> 4[1000] [receive] via NET/IB/0
paraai-n32-h-01-agent-103:4038850:4039498 [2] NCCL INFO Channel 03/0 : 0[1000] -> 6[81000] [receive] via NET/IB/1
paraai-n32-h-01-agent-103:4038848:4039501 [0] NCCL INFO Channel 14/0 : 3[82000] -> 4[1000] [receive] via NET/IB/0
paraai-n32-h-01-agent-103:4038848:4039501 [0] NCCL INFO Channel 00 : 4[1000] -> 5[2000] via SHM/direct/direct
paraai-n32-h-01-agent-103:4038848:4039501 [0] NCCL INFO Channel 02 : 4[1000] -> 5[2000] via SHM/direct/direct
paraai-n32-h-01-agent-103:4038848:4039501 [0] NCCL INFO Channel 04 : 4[1000] -> 5[2000] via SHM/direct/direct
paraai-n32-h-01-agent-103:4038848:4039501 [0] NCCL INFO Channel 06 : 4[1000] -> 5[2000] via SHM/direct/direct
paraai-n32-h-01-agent-103:4038848:4039501 [0] NCCL INFO Channel 08 : 4[1000] -> 5[2000] via SHM/direct/direct
paraai-n32-h-01-agent-103:4038848:4039501 [0] NCCL INFO Channel 10 : 4[1000] -> 5[2000] via SHM/direct/direct
paraai-n32-h-01-agent-103:4038848:4039501 [0] NCCL INFO Channel 12 : 4[1000] -> 5[2000] via SHM/direct/direct
paraai-n32-h-01-agent-103:4038848:4039501 [0] NCCL INFO Channel 14 : 4[1000] -> 5[2000] via SHM/direct/direct
paraai-n32-h-01-agent-103:4038851:4039513 [3] NCCL INFO NCCL_IB_GID_INDEX set by environment to 3.
paraai-n32-h-01-agent-103:4038848:4039514 [0] NCCL INFO NCCL_IB_GID_INDEX set by environment to 3.
paraai-n32-h-01-agent-103:4038850:4039498 [2] NCCL INFO Channel 05/0 : 0[1000] -> 6[81000] [receive] via NET/IB/1
paraai-n32-h-01-agent-103:4038850:4039498 [2] NCCL INFO Channel 07/0 : 0[1000] -> 6[81000] [receive] via NET/IB/1
paraai-n32-h-01-agent-103:4038851:4039500 [3] NCCL INFO Channel 01 : 7[82000] -> 5[2000] via SHM/direct/direct
paraai-n32-h-01-agent-103:4038851:4039500 [3] NCCL INFO Channel 03 : 7[82000] -> 5[2000] via SHM/direct/direct
paraai-n32-h-01-agent-103:4038851:4039500 [3] NCCL INFO Channel 05 : 7[82000] -> 5[2000] via SHM/direct/direct
paraai-n32-h-01-agent-103:4038851:4039500 [3] NCCL INFO Channel 07 : 7[82000] -> 5[2000] via SHM/direct/direct
paraai-n32-h-01-agent-103:4038851:4039500 [3] NCCL INFO Channel 09 : 7[82000] -> 5[2000] via SHM/direct/direct
paraai-n32-h-01-agent-103:4038851:4039500 [3] NCCL INFO Channel 11 : 7[82000] -> 5[2000] via SHM/direct/direct
paraai-n32-h-01-agent-103:4038851:4039500 [3] NCCL INFO Channel 13 : 7[82000] -> 5[2000] via SHM/direct/direct
paraai-n32-h-01-agent-103:4038851:4039500 [3] NCCL INFO Channel 15 : 7[82000] -> 5[2000] via SHM/direct/direct
paraai-n32-h-01-agent-103:4038849:4039499 [1] NCCL INFO Channel 01 : 5[2000] -> 4[1000] via SHM/direct/direct
paraai-n32-h-01-agent-103:4038849:4039499 [1] NCCL INFO Channel 03 : 5[2000] -> 4[1000] via SHM/direct/direct
paraai-n32-h-01-agent-103:4038849:4039499 [1] NCCL INFO Channel 05 : 5[2000] -> 4[1000] via SHM/direct/direct
paraai-n32-h-01-agent-103:4038849:4039499 [1] NCCL INFO Channel 07 : 5[2000] -> 4[1000] via SHM/direct/direct
paraai-n32-h-01-agent-103:4038849:4039499 [1] NCCL INFO Channel 09 : 5[2000] -> 4[1000] via SHM/direct/direct
paraai-n32-h-01-agent-103:4038851:4039500 [3] NCCL INFO Connected all rings
paraai-n32-h-01-agent-103:4038849:4039499 [1] NCCL INFO Channel 11 : 5[2000] -> 4[1000] via SHM/direct/direct
paraai-n32-h-01-agent-103:4038849:4039499 [1] NCCL INFO Channel 13 : 5[2000] -> 4[1000] via SHM/direct/direct
paraai-n32-h-01-agent-103:4038849:4039499 [1] NCCL INFO Channel 15 : 5[2000] -> 4[1000] via SHM/direct/direct
paraai-n32-h-01-agent-103:4038850:4039498 [2] NCCL INFO Channel 09/0 : 0[1000] -> 6[81000] [receive] via NET/IB/1
paraai-n32-h-01-agent-103:4038851:4039500 [3] NCCL INFO Channel 03/0 : 7[82000] -> 10[81000] [send] via NET/IB/1
paraai-n32-h-01-agent-103:4038848:4039501 [0] NCCL INFO Channel 01/0 : 4[1000] -> 10[81000] [send] via NET/IB/0
paraai-n32-h-01-agent-103:4038850:4039498 [2] NCCL INFO Channel 11/0 : 0[1000] -> 6[81000] [receive] via NET/IB/1
paraai-n32-h-01-agent-103:4038851:4039500 [3] NCCL INFO Channel 07/0 : 7[82000] -> 10[81000] [send] via NET/IB/1
paraai-n32-h-01-agent-103:4038848:4039501 [0] NCCL INFO Channel 03/0 : 4[1000] -> 10[81000] [send] via NET/IB/0
paraai-n32-h-01-agent-103:4038850:4039498 [2] NCCL INFO Channel 13/0 : 0[1000] -> 6[81000] [receive] via NET/IB/1
paraai-n32-h-01-agent-103:4038851:4039500 [3] NCCL INFO Channel 11/0 : 7[82000] -> 10[81000] [send] via NET/IB/1
paraai-n32-h-01-agent-103:4038848:4039501 [0] NCCL INFO Channel 05/0 : 4[1000] -> 10[81000] [send] via NET/IB/0
paraai-n32-h-01-agent-103:4038851:4039500 [3] NCCL INFO Channel 15/0 : 7[82000] -> 10[81000] [send] via NET/IB/1
paraai-n32-h-01-agent-103:4038850:4039498 [2] NCCL INFO Channel 15/0 : 0[1000] -> 6[81000] [receive] via NET/IB/1
paraai-n32-h-01-agent-103:4038850:4039512 [2] NCCL INFO NCCL_IB_GID_INDEX set by environment to 3.
paraai-n32-h-01-agent-103:4038848:4039501 [0] NCCL INFO Channel 07/0 : 4[1000] -> 10[81000] [send] via NET/IB/0
paraai-n32-h-01-agent-103:4038850:4039498 [2] NCCL INFO Connected all rings
paraai-n32-h-01-agent-103:4038848:4039501 [0] NCCL INFO Channel 09/0 : 4[1000] -> 10[81000] [send] via NET/IB/0
paraai-n32-h-01-agent-103:4038850:4039498 [2] NCCL INFO Channel 03/0 : 2[81000] -> 6[81000] [receive] via NET/IB/1
paraai-n32-h-01-agent-103:4038850:4039498 [2] NCCL INFO Channel 07/0 : 2[81000] -> 6[81000] [receive] via NET/IB/1
paraai-n32-h-01-agent-103:4038848:4039501 [0] NCCL INFO Channel 11/0 : 4[1000] -> 10[81000] [send] via NET/IB/0
paraai-n32-h-01-agent-103:4038850:4039498 [2] NCCL INFO Channel 11/0 : 2[81000] -> 6[81000] [receive] via NET/IB/1
paraai-n32-h-01-agent-103:4038848:4039501 [0] NCCL INFO Channel 13/0 : 4[1000] -> 10[81000] [send] via NET/IB/0
paraai-n32-h-01-agent-103:4038850:4039498 [2] NCCL INFO Channel 15/0 : 2[81000] -> 6[81000] [receive] via NET/IB/1
paraai-n32-h-01-agent-103:4038848:4039501 [0] NCCL INFO Channel 15/0 : 4[1000] -> 10[81000] [send] via NET/IB/0
paraai-n32-h-01-agent-103:4038848:4039501 [0] NCCL INFO Connected all rings
paraai-n32-h-01-agent-103:4038848:4039501 [0] NCCL INFO Channel 01 : 4[1000] -> 5[2000] via SHM/direct/direct
paraai-n32-h-01-agent-103:4038848:4039501 [0] NCCL INFO Channel 03 : 4[1000] -> 5[2000] via SHM/direct/direct
paraai-n32-h-01-agent-103:4038848:4039501 [0] NCCL INFO Channel 05 : 4[1000] -> 5[2000] via SHM/direct/direct
paraai-n32-h-01-agent-103:4038848:4039501 [0] NCCL INFO Channel 07 : 4[1000] -> 5[2000] via SHM/direct/direct
paraai-n32-h-01-agent-103:4038848:4039501 [0] NCCL INFO Channel 09 : 4[1000] -> 5[2000] via SHM/direct/direct
paraai-n32-h-01-agent-103:4038848:4039501 [0] NCCL INFO Channel 11 : 4[1000] -> 5[2000] via SHM/direct/direct
paraai-n32-h-01-agent-103:4038848:4039501 [0] NCCL INFO Channel 13 : 4[1000] -> 5[2000] via SHM/direct/direct
paraai-n32-h-01-agent-103:4038848:4039501 [0] NCCL INFO Channel 15 : 4[1000] -> 5[2000] via SHM/direct/direct
paraai-n32-h-01-agent-103:4038849:4039499 [1] NCCL INFO Connected all rings
paraai-n32-h-01-agent-103:4038848:4039501 [0] NCCL INFO Channel 01 : 4[1000] -> 7[82000] via SHM/direct/direct
paraai-n32-h-01-agent-103:4038848:4039501 [0] NCCL INFO Channel 03 : 4[1000] -> 7[82000] via SHM/direct/direct
paraai-n32-h-01-agent-103:4038848:4039501 [0] NCCL INFO Channel 05 : 4[1000] -> 7[82000] via SHM/direct/direct
paraai-n32-h-01-agent-103:4038848:4039501 [0] NCCL INFO Channel 07 : 4[1000] -> 7[82000] via SHM/direct/direct
paraai-n32-h-01-agent-103:4038848:4039501 [0] NCCL INFO Channel 09 : 4[1000] -> 7[82000] via SHM/direct/direct
paraai-n32-h-01-agent-103:4038848:4039501 [0] NCCL INFO Channel 11 : 4[1000] -> 7[82000] via SHM/direct/direct
paraai-n32-h-01-agent-103:4038848:4039501 [0] NCCL INFO Channel 13 : 4[1000] -> 7[82000] via SHM/direct/direct
paraai-n32-h-01-agent-103:4038848:4039501 [0] NCCL INFO Channel 15 : 4[1000] -> 7[82000] via SHM/direct/direct
paraai-n32-h-01-agent-103:4038849:4039499 [1] NCCL INFO Channel 02/0 : 5[2000] -> 8[1000] [send] via NET/IB/0
paraai-n32-h-01-agent-103:4038849:4039499 [1] NCCL INFO Channel 06/0 : 5[2000] -> 8[1000] [send] via NET/IB/0
paraai-n32-h-01-agent-103:4038848:4039501 [0] NCCL INFO Channel 02/0 : 0[1000] -> 4[1000] [receive] via NET/IB/0
paraai-n32-h-01-agent-103:4038849:4039499 [1] NCCL INFO Channel 10/0 : 5[2000] -> 8[1000] [send] via NET/IB/0
paraai-n32-h-01-agent-103:4038848:4039501 [0] NCCL INFO Channel 06/0 : 0[1000] -> 4[1000] [receive] via NET/IB/0
paraai-n32-h-01-agent-103:4038849:4039499 [1] NCCL INFO Channel 14/0 : 5[2000] -> 8[1000] [send] via NET/IB/0
paraai-n32-h-01-agent-103:4038848:4039501 [0] NCCL INFO Channel 10/0 : 0[1000] -> 4[1000] [receive] via NET/IB/0
paraai-n32-h-01-agent-103:4038849:4039515 [1] NCCL INFO NCCL_IB_GID_INDEX set by environment to 3.
paraai-n32-h-01-agent-103:4038848:4039501 [0] NCCL INFO Channel 14/0 : 0[1000] -> 4[1000] [receive] via NET/IB/0
paraai-n32-h-01-agent-103:4038848:4039501 [0] NCCL INFO Channel 00/0 : 4[1000] -> 9[2000] [send] via NET/IB/0
paraai-n32-h-01-agent-103:4038850:4039498 [2] NCCL INFO Channel 01/0 : 6[81000] -> 11[82000] [send] via NET/IB/1
paraai-n32-h-01-agent-103:4038851:4039500 [3] NCCL INFO Channel 03/0 : 10[81000] -> 7[82000] [receive] via NET/IB/1
paraai-n32-h-01-agent-103:4038849:4039499 [1] NCCL INFO Channel 02/0 : 8[1000] -> 5[2000] [receive] via NET/IB/0
paraai-n32-h-01-agent-103:4038848:4039501 [0] NCCL INFO Channel 04/0 : 4[1000] -> 9[2000] [send] via NET/IB/0
paraai-n32-h-01-agent-103:4038850:4039498 [2] NCCL INFO Channel 05/0 : 6[81000] -> 11[82000] [send] via NET/IB/1
paraai-n32-h-01-agent-103:4038851:4039500 [3] NCCL INFO Channel 07/0 : 10[81000] -> 7[82000] [receive] via NET/IB/1
paraai-n32-h-01-agent-103:4038849:4039499 [1] NCCL INFO Channel 06/0 : 8[1000] -> 5[2000] [receive] via NET/IB/0
paraai-n32-h-01-agent-103:4038848:4039501 [0] NCCL INFO Channel 08/0 : 4[1000] -> 9[2000] [send] via NET/IB/0
paraai-n32-h-01-agent-103:4038850:4039498 [2] NCCL INFO Channel 09/0 : 6[81000] -> 11[82000] [send] via NET/IB/1
paraai-n32-h-01-agent-103:4038851:4039500 [3] NCCL INFO Channel 11/0 : 10[81000] -> 7[82000] [receive] via NET/IB/1
paraai-n32-h-01-agent-103:4038849:4039499 [1] NCCL INFO Channel 10/0 : 8[1000] -> 5[2000] [receive] via NET/IB/0
paraai-n32-h-01-agent-103:4038848:4039501 [0] NCCL INFO Channel 12/0 : 4[1000] -> 9[2000] [send] via NET/IB/0
paraai-n32-h-01-agent-103:4038850:4039498 [2] NCCL INFO Channel 13/0 : 6[81000] -> 11[82000] [send] via NET/IB/1
paraai-n32-h-01-agent-103:4038851:4039500 [3] NCCL INFO Channel 15/0 : 10[81000] -> 7[82000] [receive] via NET/IB/1
paraai-n32-h-01-agent-103:4038851:4039500 [3] NCCL INFO Channel 01 : 7[82000] -> 4[1000] via SHM/direct/direct
paraai-n32-h-01-agent-103:4038851:4039500 [3] NCCL INFO Channel 03 : 7[82000] -> 4[1000] via SHM/direct/direct
paraai-n32-h-01-agent-103:4038851:4039500 [3] NCCL INFO Channel 05 : 7[82000] -> 4[1000] via SHM/direct/direct
paraai-n32-h-01-agent-103:4038851:4039500 [3] NCCL INFO Channel 07 : 7[82000] -> 4[1000] via SHM/direct/direct
paraai-n32-h-01-agent-103:4038851:4039500 [3] NCCL INFO Channel 09 : 7[82000] -> 4[1000] via SHM/direct/direct
paraai-n32-h-01-agent-103:4038851:4039500 [3] NCCL INFO Channel 11 : 7[82000] -> 4[1000] via SHM/direct/direct
paraai-n32-h-01-agent-103:4038851:4039500 [3] NCCL INFO Channel 13 : 7[82000] -> 4[1000] via SHM/direct/direct
paraai-n32-h-01-agent-103:4038851:4039500 [3] NCCL INFO Channel 15 : 7[82000] -> 4[1000] via SHM/direct/direct
paraai-n32-h-01-agent-103:4038849:4039499 [1] NCCL INFO Channel 14/0 : 8[1000] -> 5[2000] [receive] via NET/IB/0
paraai-n32-h-01-agent-103:4038850:4039498 [2] NCCL INFO Channel 03/0 : 14[81000] -> 6[81000] [receive] via NET/IB/1
paraai-n32-h-01-agent-103:4038848:4039501 [0] NCCL INFO Channel 02/0 : 12[1000] -> 4[1000] [receive] via NET/IB/0
paraai-n32-h-01-agent-103:4038850:4039498 [2] NCCL INFO Channel 07/0 : 14[81000] -> 6[81000] [receive] via NET/IB/1
paraai-n32-h-01-agent-103:4038848:4039501 [0] NCCL INFO Channel 06/0 : 12[1000] -> 4[1000] [receive] via NET/IB/0
paraai-n32-h-01-agent-103:4038850:4039498 [2] NCCL INFO Channel 11/0 : 14[81000] -> 6[81000] [receive] via NET/IB/1
paraai-n32-h-01-agent-103:4038848:4039501 [0] NCCL INFO Channel 10/0 : 12[1000] -> 4[1000] [receive] via NET/IB/0
paraai-n32-h-01-agent-103:4038850:4039498 [2] NCCL INFO Channel 15/0 : 14[81000] -> 6[81000] [receive] via NET/IB/1
paraai-n32-h-01-agent-103:4038848:4039501 [0] NCCL INFO Channel 14/0 : 12[1000] -> 4[1000] [receive] via NET/IB/0
paraai-n32-h-01-agent-103:4038850:4039498 [2] NCCL INFO Channel 03/0 : 6[81000] -> 14[81000] [send] via NET/IB/1
paraai-n32-h-01-agent-103:4038848:4039501 [0] NCCL INFO Channel 02/0 : 4[1000] -> 12[1000] [send] via NET/IB/0
paraai-n32-h-01-agent-103:4038850:4039498 [2] NCCL INFO Channel 07/0 : 6[81000] -> 14[81000] [send] via NET/IB/1
paraai-n32-h-01-agent-103:4038848:4039501 [0] NCCL INFO Channel 06/0 : 4[1000] -> 12[1000] [send] via NET/IB/0
paraai-n32-h-01-agent-103:4038850:4039498 [2] NCCL INFO Channel 11/0 : 6[81000] -> 14[81000] [send] via NET/IB/1
paraai-n32-h-01-agent-103:4038848:4039501 [0] NCCL INFO Channel 10/0 : 4[1000] -> 12[1000] [send] via NET/IB/0
paraai-n32-h-01-agent-103:4038850:4039498 [2] NCCL INFO Channel 15/0 : 6[81000] -> 14[81000] [send] via NET/IB/1
paraai-n32-h-01-agent-103:4038848:4039501 [0] NCCL INFO Channel 14/0 : 4[1000] -> 12[1000] [send] via NET/IB/0
paraai-n32-h-01-agent-103:4038850:4039498 [2] NCCL INFO Channel 01/0 : 11[82000] -> 6[81000] [receive] via NET/IB/1
paraai-n32-h-01-agent-103:4038848:4039501 [0] NCCL INFO Channel 00/0 : 9[2000] -> 4[1000] [receive] via NET/IB/0
paraai-n32-h-01-agent-103:4038850:4039498 [2] NCCL INFO Channel 05/0 : 11[82000] -> 6[81000] [receive] via NET/IB/1
paraai-n32-h-01-agent-103:4038848:4039501 [0] NCCL INFO Channel 04/0 : 9[2000] -> 4[1000] [receive] via NET/IB/0
paraai-n32-h-01-agent-103:4038850:4039498 [2] NCCL INFO Channel 09/0 : 11[82000] -> 6[81000] [receive] via NET/IB/1
paraai-n32-h-01-agent-103:4038848:4039501 [0] NCCL INFO Channel 08/0 : 9[2000] -> 4[1000] [receive] via NET/IB/0
paraai-n32-h-01-agent-103:4038850:4039498 [2] NCCL INFO Channel 13/0 : 11[82000] -> 6[81000] [receive] via NET/IB/1
paraai-n32-h-01-agent-103:4038848:4039501 [0] NCCL INFO Channel 12/0 : 9[2000] -> 4[1000] [receive] via NET/IB/0
paraai-n32-h-01-agent-103:4038850:4039498 [2] NCCL INFO Channel 03/0 : 6[81000] -> 2[81000] [send] via NET/IB/1
paraai-n32-h-01-agent-103:4038848:4039501 [0] NCCL INFO Channel 02/0 : 4[1000] -> 0[1000] [send] via NET/IB/0
paraai-n32-h-01-agent-103:4038850:4039498 [2] NCCL INFO Channel 07/0 : 6[81000] -> 2[81000] [send] via NET/IB/1
paraai-n32-h-01-agent-103:4038848:4039501 [0] NCCL INFO Channel 06/0 : 4[1000] -> 0[1000] [send] via NET/IB/0
paraai-n32-h-01-agent-103:4038850:4039498 [2] NCCL INFO Channel 11/0 : 6[81000] -> 2[81000] [send] via NET/IB/1
paraai-n32-h-01-agent-103:4038848:4039501 [0] NCCL INFO Channel 10/0 : 4[1000] -> 0[1000] [send] via NET/IB/0
paraai-n32-h-01-agent-103:4038850:4039498 [2] NCCL INFO Channel 15/0 : 6[81000] -> 2[81000] [send] via NET/IB/1
paraai-n32-h-01-agent-103:4038850:4039498 [2] NCCL INFO Channel 00 : 6[81000] -> 5[2000] via SHM/direct/direct
paraai-n32-h-01-agent-103:4038850:4039498 [2] NCCL INFO Channel 02 : 6[81000] -> 5[2000] via SHM/direct/direct
paraai-n32-h-01-agent-103:4038850:4039498 [2] NCCL INFO Channel 04 : 6[81000] -> 5[2000] via SHM/direct/direct
paraai-n32-h-01-agent-103:4038850:4039498 [2] NCCL INFO Channel 06 : 6[81000] -> 5[2000] via SHM/direct/direct
paraai-n32-h-01-agent-103:4038850:4039498 [2] NCCL INFO Channel 08 : 6[81000] -> 5[2000] via SHM/direct/direct
paraai-n32-h-01-agent-103:4038850:4039498 [2] NCCL INFO Channel 10 : 6[81000] -> 5[2000] via SHM/direct/direct
paraai-n32-h-01-agent-103:4038850:4039498 [2] NCCL INFO Channel 12 : 6[81000] -> 5[2000] via SHM/direct/direct
paraai-n32-h-01-agent-103:4038850:4039498 [2] NCCL INFO Channel 14 : 6[81000] -> 5[2000] via SHM/direct/direct
paraai-n32-h-01-agent-103:4038848:4039501 [0] NCCL INFO Channel 14/0 : 4[1000] -> 0[1000] [send] via NET/IB/0
paraai-n32-h-01-agent-103:4038849:4039499 [1] NCCL INFO Channel 00 : 5[2000] -> 4[1000] via SHM/direct/direct
paraai-n32-h-01-agent-103:4038849:4039499 [1] NCCL INFO Channel 02 : 5[2000] -> 4[1000] via SHM/direct/direct
paraai-n32-h-01-agent-103:4038849:4039499 [1] NCCL INFO Channel 04 : 5[2000] -> 4[1000] via SHM/direct/direct
paraai-n32-h-01-agent-103:4038849:4039499 [1] NCCL INFO Channel 06 : 5[2000] -> 4[1000] via SHM/direct/direct
paraai-n32-h-01-agent-103:4038849:4039499 [1] NCCL INFO Channel 08 : 5[2000] -> 4[1000] via SHM/direct/direct
paraai-n32-h-01-agent-103:4038849:4039499 [1] NCCL INFO Channel 10 : 5[2000] -> 4[1000] via SHM/direct/direct
paraai-n32-h-01-agent-103:4038849:4039499 [1] NCCL INFO Channel 12 : 5[2000] -> 4[1000] via SHM/direct/direct
paraai-n32-h-01-agent-103:4038849:4039499 [1] NCCL INFO Channel 14 : 5[2000] -> 4[1000] via SHM/direct/direct
paraai-n32-h-01-agent-103:4038848:4039501 [0] NCCL INFO Connected all trees
paraai-n32-h-01-agent-103:4038848:4039501 [0] NCCL INFO threadThresholds 8/8/64 | 128/8/64 | 512 | 512
paraai-n32-h-01-agent-103:4038848:4039501 [0] NCCL INFO 16 coll channels, 16 p2p channels, 2 p2p channels per peer
paraai-n32-h-01-agent-103:4038849:4039499 [1] NCCL INFO Connected all trees
paraai-n32-h-01-agent-103:4038849:4039499 [1] NCCL INFO threadThresholds 8/8/64 | 128/8/64 | 512 | 512
paraai-n32-h-01-agent-103:4038849:4039499 [1] NCCL INFO 16 coll channels, 16 p2p channels, 2 p2p channels per peer
paraai-n32-h-01-agent-103:4038851:4039500 [3] NCCL INFO Channel 00 : 7[82000] -> 6[81000] via SHM/direct/direct
paraai-n32-h-01-agent-103:4038851:4039500 [3] NCCL INFO Channel 01 : 7[82000] -> 6[81000] via SHM/direct/direct
paraai-n32-h-01-agent-103:4038851:4039500 [3] NCCL INFO Channel 02 : 7[82000] -> 6[81000] via SHM/direct/direct
paraai-n32-h-01-agent-103:4038851:4039500 [3] NCCL INFO Channel 03 : 7[82000] -> 6[81000] via SHM/direct/direct
paraai-n32-h-01-agent-103:4038851:4039500 [3] NCCL INFO Channel 04 : 7[82000] -> 6[81000] via SHM/direct/direct
paraai-n32-h-01-agent-103:4038851:4039500 [3] NCCL INFO Channel 05 : 7[82000] -> 6[81000] via SHM/direct/direct
paraai-n32-h-01-agent-103:4038851:4039500 [3] NCCL INFO Channel 06 : 7[82000] -> 6[81000] via SHM/direct/direct
paraai-n32-h-01-agent-103:4038851:4039500 [3] NCCL INFO Channel 07 : 7[82000] -> 6[81000] via SHM/direct/direct
paraai-n32-h-01-agent-103:4038851:4039500 [3] NCCL INFO Channel 08 : 7[82000] -> 6[81000] via SHM/direct/direct
paraai-n32-h-01-agent-103:4038851:4039500 [3] NCCL INFO Channel 09 : 7[82000] -> 6[81000] via SHM/direct/direct
paraai-n32-h-01-agent-103:4038851:4039500 [3] NCCL INFO Channel 10 : 7[82000] -> 6[81000] via SHM/direct/direct
paraai-n32-h-01-agent-103:4038851:4039500 [3] NCCL INFO Channel 11 : 7[82000] -> 6[81000] via SHM/direct/direct
paraai-n32-h-01-agent-103:4038851:4039500 [3] NCCL INFO Channel 12 : 7[82000] -> 6[81000] via SHM/direct/direct
paraai-n32-h-01-agent-103:4038851:4039500 [3] NCCL INFO Channel 13 : 7[82000] -> 6[81000] via SHM/direct/direct
paraai-n32-h-01-agent-103:4038851:4039500 [3] NCCL INFO Channel 14 : 7[82000] -> 6[81000] via SHM/direct/direct
paraai-n32-h-01-agent-103:4038851:4039500 [3] NCCL INFO Channel 15 : 7[82000] -> 6[81000] via SHM/direct/direct
paraai-n32-h-01-agent-103:4038850:4039498 [2] NCCL INFO Connected all trees
paraai-n32-h-01-agent-103:4038850:4039498 [2] NCCL INFO threadThresholds 8/8/64 | 128/8/64 | 512 | 512
paraai-n32-h-01-agent-103:4038850:4039498 [2] NCCL INFO 16 coll channels, 16 p2p channels, 2 p2p channels per peer
paraai-n32-h-01-agent-103:4038851:4039500 [3] NCCL INFO Connected all trees
paraai-n32-h-01-agent-103:4038851:4039500 [3] NCCL INFO threadThresholds 8/8/64 | 128/8/64 | 512 | 512
paraai-n32-h-01-agent-103:4038851:4039500 [3] NCCL INFO 16 coll channels, 16 p2p channels, 2 p2p channels per peer
paraai-n32-h-01-agent-103:4038850:4039498 [2] NCCL INFO comm 0x6375c990 rank 6 nranks 16 cudaDev 2 busId 81000 - Init COMPLETE
paraai-n32-h-01-agent-103:4038849:4039499 [1] NCCL INFO comm 0x1f430f80 rank 5 nranks 16 cudaDev 1 busId 2000 - Init COMPLETE
paraai-n32-h-01-agent-103:4038848:4039501 [0] NCCL INFO comm 0x1d761240 rank 4 nranks 16 cudaDev 0 busId 1000 - Init COMPLETE
paraai-n32-h-01-agent-103:4038851:4039500 [3] NCCL INFO comm 0x1645cbc0 rank 7 nranks 16 cudaDev 3 busId 82000 - Init COMPLETE
2023-07-03 20:45:38,170 - root - INFO - Starting from pretrained one-step model at ./exp_15_levels/Masked_AE_Ocean/20230628-131150/training_checkpoints/best_ckpt.tar
2023-07-03 20:45:38,172 - root - INFO - Starting from pretrained one-step model at ./exp_15_levels/Masked_AE_Ocean/20230628-131150/training_checkpoints/best_ckpt.tar
2023-07-03 20:45:38,173 - root - INFO - Starting from pretrained one-step model at ./exp_15_levels/Masked_AE_Ocean/20230628-131150/training_checkpoints/best_ckpt.tar
2023-07-03 20:45:38,173 - root - INFO - Starting from pretrained one-step model at ./exp_15_levels/Masked_AE_Ocean/20230628-131150/training_checkpoints/best_ckpt.tar
2023-07-03 20:45:39,522 - root - INFO - Adding 50 epochs specified in config file for refining pretrained model
2023-07-03 20:45:39,553 - root - INFO - Adding 50 epochs specified in config file for refining pretrained model
2023-07-03 20:45:39,583 - root - INFO - Adding 50 epochs specified in config file for refining pretrained model
2023-07-03 20:45:39,774 - root - INFO - Adding 50 epochs specified in config file for refining pretrained model
Traceback (most recent call last):
  File "/home/bingxing2/home/scx6115/Ocean_AI_model/train_025_multi_steps.py", line 592, in <module>
    trainer.train()
  File "/home/bingxing2/home/scx6115/Ocean_AI_model/train_025_multi_steps.py", line 151, in train
    tr_time, data_time, train_logs = self.train_one_epoch() 
  File "/home/bingxing2/home/scx6115/Ocean_AI_model/train_025_multi_steps.py", line 277, in train_one_epoch
    gen_step_3 = self.model( inp_step_3.to(self.device, dtype=torch.float) )
  File "/home/bingxing2/home/scx6115/.conda/envs/torch2.0/lib/python3.10/site-packages/torch/nn/modules/module.py", line 1501, in _call_impl
    return forward_call(*args, **kwargs)
  File "/home/bingxing2/home/scx6115/.conda/envs/torch2.0/lib/python3.10/site-packages/torch/nn/parallel/distributed.py", line 1156, in forward
    output = self._run_ddp_forward(*inputs, **kwargs)
  File "/home/bingxing2/home/scx6115/.conda/envs/torch2.0/lib/python3.10/site-packages/torch/nn/parallel/distributed.py", line 1110, in _run_ddp_forward
    return module_to_run(*inputs[0], **kwargs[0])  # type: ignore[index]
  File "/home/bingxing2/home/scx6115/.conda/envs/torch2.0/lib/python3.10/site-packages/torch/nn/modules/module.py", line 1501, in _call_impl
    return forward_call(*args, **kwargs)
  File "/home/bingxing2/home/scx6115/Ocean_AI_model/networks/Masked_AE_Ocean.py", line 225, in forward
    x = self.forward_decoder(x, ids_restore)
  File "/home/bingxing2/home/scx6115/Ocean_AI_model/networks/Masked_AE_Ocean.py", line 212, in forward_decoder
    x = blk(x)
  File "/home/bingxing2/home/scx6115/.conda/envs/torch2.0/lib/python3.10/site-packages/torch/nn/modules/module.py", line 1501, in _call_impl
    return forward_call(*args, **kwargs)
  File "/home/bingxing2/home/scx6115/Ocean_AI_model/networks/fourier_block_Masked_AE_Ocean.py", line 128, in forward
    x = self.filter(x)
  File "/home/bingxing2/home/scx6115/.conda/envs/torch2.0/lib/python3.10/site-packages/torch/nn/modules/module.py", line 1501, in _call_impl
    return forward_call(*args, **kwargs)
  File "/home/bingxing2/home/scx6115/Ocean_AI_model/networks/fourier_block_Masked_AE_Ocean.py", line 75, in forward
    o1_imag[:, :kept_modes] = F.relu(
  File "/home/bingxing2/home/scx6115/.conda/envs/torch2.0/lib/python3.10/site-packages/torch/nn/functional.py", line 1457, in relu
    result = torch.relu(input)
torch.cuda.OutOfMemoryError: CUDA out of memory. Tried to allocate 32.00 MiB (GPU 0; 39.41 GiB total capacity; 37.23 GiB already allocated; 20.50 MiB free; 37.66 GiB reserved in total by PyTorch) If reserved memory is >> allocated memory try setting max_split_size_mb to avoid fragmentation.  See documentation for Memory Management and PYTORCH_CUDA_ALLOC_CONF
Traceback (most recent call last):
  File "/home/bingxing2/home/scx6115/Ocean_AI_model/train_025_multi_steps.py", line 592, in <module>
    trainer.train()
  File "/home/bingxing2/home/scx6115/Ocean_AI_model/train_025_multi_steps.py", line 151, in train
    tr_time, data_time, train_logs = self.train_one_epoch() 
  File "/home/bingxing2/home/scx6115/Ocean_AI_model/train_025_multi_steps.py", line 277, in train_one_epoch
    gen_step_3 = self.model( inp_step_3.to(self.device, dtype=torch.float) )
  File "/home/bingxing2/home/scx6115/.conda/envs/torch2.0/lib/python3.10/site-packages/torch/nn/modules/module.py", line 1501, in _call_impl
    return forward_call(*args, **kwargs)
  File "/home/bingxing2/home/scx6115/.conda/envs/torch2.0/lib/python3.10/site-packages/torch/nn/parallel/distributed.py", line 1156, in forward
    output = self._run_ddp_forward(*inputs, **kwargs)
  File "/home/bingxing2/home/scx6115/.conda/envs/torch2.0/lib/python3.10/site-packages/torch/nn/parallel/distributed.py", line 1110, in _run_ddp_forward
    return module_to_run(*inputs[0], **kwargs[0])  # type: ignore[index]
  File "/home/bingxing2/home/scx6115/.conda/envs/torch2.0/lib/python3.10/site-packages/torch/nn/modules/module.py", line 1501, in _call_impl
    return forward_call(*args, **kwargs)
  File "/home/bingxing2/home/scx6115/Ocean_AI_model/networks/Masked_AE_Ocean.py", line 225, in forward
    x = self.forward_decoder(x, ids_restore)
  File "/home/bingxing2/home/scx6115/Ocean_AI_model/networks/Masked_AE_Ocean.py", line 212, in forward_decoder
    x = blk(x)
  File "/home/bingxing2/home/scx6115/.conda/envs/torch2.0/lib/python3.10/site-packages/torch/nn/modules/module.py", line 1501, in _call_impl
    return forward_call(*args, **kwargs)
  File "/home/bingxing2/home/scx6115/Ocean_AI_model/networks/fourier_block_Masked_AE_Ocean.py", line 128, in forward
    x = self.filter(x)
  File "/home/bingxing2/home/scx6115/.conda/envs/torch2.0/lib/python3.10/site-packages/torch/nn/modules/module.py", line 1501, in _call_impl
    return forward_call(*args, **kwargs)
  File "/home/bingxing2/home/scx6115/Ocean_AI_model/networks/fourier_block_Masked_AE_Ocean.py", line 75, in forward
    o1_imag[:, :kept_modes] = F.relu(
  File "/home/bingxing2/home/scx6115/.conda/envs/torch2.0/lib/python3.10/site-packages/torch/nn/functional.py", line 1457, in relu
    result = torch.relu(input)
torch.cuda.OutOfMemoryError: CUDA out of memory. Tried to allocate 32.00 MiB (GPU 2; 39.41 GiB total capacity; 37.23 GiB already allocated; 20.50 MiB free; 37.66 GiB reserved in total by PyTorch) If reserved memory is >> allocated memory try setting max_split_size_mb to avoid fragmentation.  See documentation for Memory Management and PYTORCH_CUDA_ALLOC_CONF
Traceback (most recent call last):
  File "/home/bingxing2/home/scx6115/Ocean_AI_model/train_025_multi_steps.py", line 592, in <module>
    trainer.train()
  File "/home/bingxing2/home/scx6115/Ocean_AI_model/train_025_multi_steps.py", line 151, in train
    tr_time, data_time, train_logs = self.train_one_epoch() 
  File "/home/bingxing2/home/scx6115/Ocean_AI_model/train_025_multi_steps.py", line 277, in train_one_epoch
    gen_step_3 = self.model( inp_step_3.to(self.device, dtype=torch.float) )
  File "/home/bingxing2/home/scx6115/.conda/envs/torch2.0/lib/python3.10/site-packages/torch/nn/modules/module.py", line 1501, in _call_impl
    return forward_call(*args, **kwargs)
  File "/home/bingxing2/home/scx6115/.conda/envs/torch2.0/lib/python3.10/site-packages/torch/nn/parallel/distributed.py", line 1156, in forward
    output = self._run_ddp_forward(*inputs, **kwargs)
  File "/home/bingxing2/home/scx6115/.conda/envs/torch2.0/lib/python3.10/site-packages/torch/nn/parallel/distributed.py", line 1110, in _run_ddp_forward
    return module_to_run(*inputs[0], **kwargs[0])  # type: ignore[index]
  File "/home/bingxing2/home/scx6115/.conda/envs/torch2.0/lib/python3.10/site-packages/torch/nn/modules/module.py", line 1501, in _call_impl
    return forward_call(*args, **kwargs)
  File "/home/bingxing2/home/scx6115/Ocean_AI_model/networks/Masked_AE_Ocean.py", line 225, in forward
    x = self.forward_decoder(x, ids_restore)
  File "/home/bingxing2/home/scx6115/Ocean_AI_model/networks/Masked_AE_Ocean.py", line 212, in forward_decoder
    x = blk(x)
  File "/home/bingxing2/home/scx6115/.conda/envs/torch2.0/lib/python3.10/site-packages/torch/nn/modules/module.py", line 1501, in _call_impl
    return forward_call(*args, **kwargs)
  File "/home/bingxing2/home/scx6115/Ocean_AI_model/networks/fourier_block_Masked_AE_Ocean.py", line 128, in forward
    x = self.filter(x)
  File "/home/bingxing2/home/scx6115/.conda/envs/torch2.0/lib/python3.10/site-packages/torch/nn/modules/module.py", line 1501, in _call_impl
    return forward_call(*args, **kwargs)
  File "/home/bingxing2/home/scx6115/Ocean_AI_model/networks/fourier_block_Masked_AE_Ocean.py", line 75, in forward
    o1_imag[:, :kept_modes] = F.relu(
  File "/home/bingxing2/home/scx6115/.conda/envs/torch2.0/lib/python3.10/site-packages/torch/nn/functional.py", line 1457, in relu
    result = torch.relu(input)
torch.cuda.OutOfMemoryError: CUDA out of memory. Tried to allocate 32.00 MiB (GPU 3; 39.41 GiB total capacity; 37.23 GiB already allocated; 20.50 MiB free; 37.66 GiB reserved in total by PyTorch) If reserved memory is >> allocated memory try setting max_split_size_mb to avoid fragmentation.  See documentation for Memory Management and PYTORCH_CUDA_ALLOC_CONF
Traceback (most recent call last):
  File "/home/bingxing2/home/scx6115/Ocean_AI_model/train_025_multi_steps.py", line 592, in <module>
    trainer.train()
  File "/home/bingxing2/home/scx6115/Ocean_AI_model/train_025_multi_steps.py", line 151, in train
    tr_time, data_time, train_logs = self.train_one_epoch() 
  File "/home/bingxing2/home/scx6115/Ocean_AI_model/train_025_multi_steps.py", line 277, in train_one_epoch
    gen_step_3 = self.model( inp_step_3.to(self.device, dtype=torch.float) )
  File "/home/bingxing2/home/scx6115/.conda/envs/torch2.0/lib/python3.10/site-packages/torch/nn/modules/module.py", line 1501, in _call_impl
    return forward_call(*args, **kwargs)
  File "/home/bingxing2/home/scx6115/.conda/envs/torch2.0/lib/python3.10/site-packages/torch/nn/parallel/distributed.py", line 1156, in forward
    output = self._run_ddp_forward(*inputs, **kwargs)
  File "/home/bingxing2/home/scx6115/.conda/envs/torch2.0/lib/python3.10/site-packages/torch/nn/parallel/distributed.py", line 1110, in _run_ddp_forward
    return module_to_run(*inputs[0], **kwargs[0])  # type: ignore[index]
  File "/home/bingxing2/home/scx6115/.conda/envs/torch2.0/lib/python3.10/site-packages/torch/nn/modules/module.py", line 1501, in _call_impl
    return forward_call(*args, **kwargs)
  File "/home/bingxing2/home/scx6115/Ocean_AI_model/networks/Masked_AE_Ocean.py", line 225, in forward
    x = self.forward_decoder(x, ids_restore)
  File "/home/bingxing2/home/scx6115/Ocean_AI_model/networks/Masked_AE_Ocean.py", line 212, in forward_decoder
    x = blk(x)
  File "/home/bingxing2/home/scx6115/.conda/envs/torch2.0/lib/python3.10/site-packages/torch/nn/modules/module.py", line 1501, in _call_impl
    return forward_call(*args, **kwargs)
  File "/home/bingxing2/home/scx6115/Ocean_AI_model/networks/fourier_block_Masked_AE_Ocean.py", line 128, in forward
    x = self.filter(x)
  File "/home/bingxing2/home/scx6115/.conda/envs/torch2.0/lib/python3.10/site-packages/torch/nn/modules/module.py", line 1501, in _call_impl
    return forward_call(*args, **kwargs)
  File "/home/bingxing2/home/scx6115/Ocean_AI_model/networks/fourier_block_Masked_AE_Ocean.py", line 75, in forward
    o1_imag[:, :kept_modes] = F.relu(
  File "/home/bingxing2/home/scx6115/.conda/envs/torch2.0/lib/python3.10/site-packages/torch/nn/functional.py", line 1457, in relu
    result = torch.relu(input)
torch.cuda.OutOfMemoryError: CUDA out of memory. Tried to allocate 32.00 MiB (GPU 1; 39.41 GiB total capacity; 37.23 GiB already allocated; 20.50 MiB free; 37.66 GiB reserved in total by PyTorch) If reserved memory is >> allocated memory try setting max_split_size_mb to avoid fragmentation.  See documentation for Memory Management and PYTORCH_CUDA_ALLOC_CONF
ERROR:torch.distributed.elastic.multiprocessing.api:failed (exitcode: 1) local_rank: 0 (pid: 4038848) of binary: /home/bingxing2/home/scx6115/.conda/envs/torch2.0/bin/python
Traceback (most recent call last):
  File "/home/bingxing2/home/scx6115/.conda/envs/torch2.0/bin/torchrun", line 8, in <module>
    sys.exit(main())
  File "/home/bingxing2/home/scx6115/.conda/envs/torch2.0/lib/python3.10/site-packages/torch/distributed/elastic/multiprocessing/errors/__init__.py", line 346, in wrapper
    return f(*args, **kwargs)
  File "/home/bingxing2/home/scx6115/.conda/envs/torch2.0/lib/python3.10/site-packages/torch/distributed/run.py", line 794, in main
    run(args)
  File "/home/bingxing2/home/scx6115/.conda/envs/torch2.0/lib/python3.10/site-packages/torch/distributed/run.py", line 785, in run
    elastic_launch(
  File "/home/bingxing2/home/scx6115/.conda/envs/torch2.0/lib/python3.10/site-packages/torch/distributed/launcher/api.py", line 134, in __call__
    return launch_agent(self._config, self._entrypoint, list(args))
  File "/home/bingxing2/home/scx6115/.conda/envs/torch2.0/lib/python3.10/site-packages/torch/distributed/launcher/api.py", line 250, in launch_agent
    raise ChildFailedError(
torch.distributed.elastic.multiprocessing.errors.ChildFailedError: 
============================================================
train_025_multi_steps.py FAILED
------------------------------------------------------------
Failures:
[1]:
  time      : 2023-07-03_20:45:51
  host      : paraai-n32-h-01-agent-103.paraai-n32-h-01.com
  rank      : 5 (local_rank: 1)
  exitcode  : 1 (pid: 4038849)
  error_file: <N/A>
  traceback : To enable traceback see: https://pytorch.org/docs/stable/elastic/errors.html
[2]:
  time      : 2023-07-03_20:45:51
  host      : paraai-n32-h-01-agent-103.paraai-n32-h-01.com
  rank      : 6 (local_rank: 2)
  exitcode  : 1 (pid: 4038850)
  error_file: <N/A>
  traceback : To enable traceback see: https://pytorch.org/docs/stable/elastic/errors.html
[3]:
  time      : 2023-07-03_20:45:51
  host      : paraai-n32-h-01-agent-103.paraai-n32-h-01.com
  rank      : 7 (local_rank: 3)
  exitcode  : 1 (pid: 4038851)
  error_file: <N/A>
  traceback : To enable traceback see: https://pytorch.org/docs/stable/elastic/errors.html
------------------------------------------------------------
Root Cause (first observed failure):
[0]:
  time      : 2023-07-03_20:45:51
  host      : paraai-n32-h-01-agent-103.paraai-n32-h-01.com
  rank      : 4 (local_rank: 0)
  exitcode  : 1 (pid: 4038848)
  error_file: <N/A>
  traceback : To enable traceback see: https://pytorch.org/docs/stable/elastic/errors.html
============================================================
srun: error: paraai-n32-h-01-agent-103: task 0: Exited with exit code 1
