master_addr is only used for static rdzv_backend and when rdzv_endpoint is not specified.
paraai-n32-h-01-agent-106
paraai-n32-h-01-agent-106
paraai-n32-h-01-agent-106
00

------------------ Configuration ------------------ ------------------ Configuration ------------------   /home/bingxing2/home/scx6115/Ocean_AI_model/config/Model_2.yaml/home/bingxing2/home/scx6115/Ocean_AI_model/config/Model_2.yaml

0
------------------ Configuration ------------------  /home/bingxing2/home/scx6115/Ocean_AI_model/config/Model_2.yaml
paraai-n32-h-01-agent-106
0
------------------ Configuration ------------------  /home/bingxing2/home/scx6115/Ocean_AI_model/config/Model_2.yaml
nettype Masked_AE_Ocean
log_to_wandb True
lr 0.001
batch_size 32
max_epochs 150
scheduler CosineAnnealingLR
fusion_3d_2d False
in_channels [0, 1, 2, 3, 4, 5, 6, 7, 8, 9, 10, 11, 12, 13, 14, 15, 16, 17, 18, 19, 20, 21, 22, 23, 24, 25, 26, 27, 28, 29, 30, 31, 32, 33, 34, 35, 36, 37, 38, 39, 40, 41, 42, 43, 44, 45, 46, 47, 48, 49, 50, 51, 52, 53, 54, 55, 56, 57, 58, 59, 60, 61, 62, 63, 64, 65]
out_channels [0, 1, 2, 3, 4, 5, 6, 7, 8, 9, 10, 11, 12, 13, 14, 15, 16, 17, 18, 19, 20, 21, 22, 23, 24, 25, 26, 27, 28, 29, 30, 31, 32, 33, 34, 35, 36, 37, 38, 39, 40, 41, 42, 43, 44, 45, 46, 47, 48, 49, 50, 51, 52, 53, 54, 55, 56, 57, 58, 59, 60]
N_in_channels 66
N_out_channels 61
img_size_h 720
img_size_w 1440
patch_size_h 8
patch_size_w 8
mlp_ratio 4.0
embed_dim 512
depth 12
num_heads 16
decoder_embed_dim 1024
decoder_depth 8
decoder_num_heads 16
koopman_depth 2
modes_h_ratio 1
modes_w_ratio 0.8
drop_rate 0.0
drop_path_rate 0.0
sparsity_threshold 0.01
hard_thresholding_fraction 1.0
num_blocks 8
loss l2
num_data_workers 0
dt 1
n_history 0
prediction_type iterative
prediction_length 41
n_initial_conditions 5
ics_type default
date_strings ['2018-09-14 00:00:00']
save_raw_forecasts True
save_channel False
masked_acc False
maskpath None
perturb False
add_grid False
N_grid_channels 0
gridtype sinusoidal
roll False
enable_nhwc False
optimizer_type FusedAdam
exp_dir ./exp_15_levels
patch_size 8
width 56
modes 32
target default
train_data_path /home/bingxing2/home/scx6115/Ocean_AI_model/sample_01/train
valid_data_path /home/bingxing2/home/scx6115/Ocean_AI_model/sample_01/valid
test_data_path /home/bingxing2/home/scx6115/Ocean_AI_model/sample_01/test
land_mask True
land_mask_path /home/bingxing2/home/scx6115/Ocean_AI_model/sample_01/land_mask.h5
normalize True
normalization zscore
global_mins_path /home/bingxing2/home/scx6115/Ocean_AI_model/sample_01/train/global_mins.npy
global_maxs_path /home/bingxing2/home/scx6115/Ocean_AI_model/sample_01/train/global_maxs.npy
global_means_path /home/bingxing2/home/scx6115/Ocean_AI_model/sample_01/train/global_means.npy
global_stds_path /home/bingxing2/home/scx6115/Ocean_AI_model/sample_01/train/global_stds.npy
orography True
orography_norm_zscore_path /home/bingxing2/home/scx6115/Ocean_AI_model/sample_01/orography_norm_zscore.h5
orography_norm_maxmin_path /home/bingxing2/home/scx6115/Ocean_AI_model/sample_01/orography_norm_maxmin.h5
add_noise False
noise_std 0
crop_size_x None
crop_size_y None
log_to_screen True
save_checkpoint True
plot_animations False
---------------------------------------------------
world_size : 16
Initialize distributed process group...
nettype Masked_AE_Ocean
log_to_wandb True
lr 0.001
batch_size 32
max_epochs 150
scheduler CosineAnnealingLR
fusion_3d_2d False
in_channels [0, 1, 2, 3, 4, 5, 6, 7, 8, 9, 10, 11, 12, 13, 14, 15, 16, 17, 18, 19, 20, 21, 22, 23, 24, 25, 26, 27, 28, 29, 30, 31, 32, 33, 34, 35, 36, 37, 38, 39, 40, 41, 42, 43, 44, 45, 46, 47, 48, 49, 50, 51, 52, 53, 54, 55, 56, 57, 58, 59, 60, 61, 62, 63, 64, 65]
out_channels [0, 1, 2, 3, 4, 5, 6, 7, 8, 9, 10, 11, 12, 13, 14, 15, 16, 17, 18, 19, 20, 21, 22, 23, 24, 25, 26, 27, 28, 29, 30, 31, 32, 33, 34, 35, 36, 37, 38, 39, 40, 41, 42, 43, 44, 45, 46, 47, 48, 49, 50, 51, 52, 53, 54, 55, 56, 57, 58, 59, 60]
N_in_channels 66
N_out_channels 61
img_size_h 720
img_size_w 1440
patch_size_h 8
patch_size_w 8
mlp_ratio 4.0
embed_dim 512
depth 12
num_heads 16
decoder_embed_dim 1024
decoder_depth 8
decoder_num_heads 16
koopman_depth 2
modes_h_ratio 1
modes_w_ratio 0.8
drop_rate 0.0
drop_path_rate 0.0
sparsity_threshold 0.01
hard_thresholding_fraction 1.0
num_blocks 8
loss l2
num_data_workers 0
dt 1
n_history 0
prediction_type iterative
prediction_length 41
n_initial_conditions 5
ics_type default
date_strings ['2018-09-14 00:00:00']
save_raw_forecasts True
save_channel False
masked_acc False
maskpath None
perturb False
add_grid False
N_grid_channels 0
gridtype sinusoidal
roll False
enable_nhwc False
optimizer_type FusedAdam
exp_dir ./exp_15_levels
patch_size 8
width 56
modes 32
target default
train_data_path /home/bingxing2/home/scx6115/Ocean_AI_model/sample_01/train
valid_data_path /home/bingxing2/home/scx6115/Ocean_AI_model/sample_01/valid
test_data_path /home/bingxing2/home/scx6115/Ocean_AI_model/sample_01/test
land_mask True
land_mask_path /home/bingxing2/home/scx6115/Ocean_AI_model/sample_01/land_mask.h5
normalize True
normalization zscore
global_mins_path /home/bingxing2/home/scx6115/Ocean_AI_model/sample_01/train/global_mins.npy
global_maxs_path /home/bingxing2/home/scx6115/Ocean_AI_model/sample_01/train/global_maxs.npy
global_means_path /home/bingxing2/home/scx6115/Ocean_AI_model/sample_01/train/global_means.npy
global_stds_path /home/bingxing2/home/scx6115/Ocean_AI_model/sample_01/train/global_stds.npy
orography True
orography_norm_zscore_path /home/bingxing2/home/scx6115/Ocean_AI_model/sample_01/orography_norm_zscore.h5
orography_norm_maxmin_path /home/bingxing2/home/scx6115/Ocean_AI_model/sample_01/orography_norm_maxmin.h5
add_noise False
noise_std 0
crop_size_x None
crop_size_y None
log_to_screen True
save_checkpoint True
plot_animations False
---------------------------------------------------
world_size : 16
Initialize distributed process group...
nettype Masked_AE_Ocean
log_to_wandb True
lr 0.001
batch_size 32
max_epochs 150
scheduler CosineAnnealingLR
fusion_3d_2d False
in_channels [0, 1, 2, 3, 4, 5, 6, 7, 8, 9, 10, 11, 12, 13, 14, 15, 16, 17, 18, 19, 20, 21, 22, 23, 24, 25, 26, 27, 28, 29, 30, 31, 32, 33, 34, 35, 36, 37, 38, 39, 40, 41, 42, 43, 44, 45, 46, 47, 48, 49, 50, 51, 52, 53, 54, 55, 56, 57, 58, 59, 60, 61, 62, 63, 64, 65]
out_channels [0, 1, 2, 3, 4, 5, 6, 7, 8, 9, 10, 11, 12, 13, 14, 15, 16, 17, 18, 19, 20, 21, 22, 23, 24, 25, 26, 27, 28, 29, 30, 31, 32, 33, 34, 35, 36, 37, 38, 39, 40, 41, 42, 43, 44, 45, 46, 47, 48, 49, 50, 51, 52, 53, 54, 55, 56, 57, 58, 59, 60]
N_in_channels 66
N_out_channels 61
img_size_h 720
img_size_w 1440
patch_size_h 8
patch_size_w 8
mlp_ratio 4.0
embed_dim 512
depth 12
num_heads 16
decoder_embed_dim 1024
decoder_depth 8
decoder_num_heads 16
koopman_depth 2
modes_h_ratio 1
modes_w_ratio 0.8
drop_rate 0.0
drop_path_rate 0.0
sparsity_threshold 0.01
hard_thresholding_fraction 1.0
num_blocks 8
loss l2
num_data_workers 0
dt 1
n_history 0
prediction_type iterative
prediction_length 41
n_initial_conditions 5
ics_type default
date_strings ['2018-09-14 00:00:00']
save_raw_forecasts True
save_channel False
masked_acc False
maskpath None
perturb False
add_grid False
N_grid_channels 0
gridtype sinusoidal
roll False
enable_nhwc False
optimizer_type FusedAdam
exp_dir ./exp_15_levels
patch_size 8
width 56
modes 32
target default
train_data_path /home/bingxing2/home/scx6115/Ocean_AI_model/sample_01/train
valid_data_path /home/bingxing2/home/scx6115/Ocean_AI_model/sample_01/valid
test_data_path /home/bingxing2/home/scx6115/Ocean_AI_model/sample_01/test
land_mask True
land_mask_path /home/bingxing2/home/scx6115/Ocean_AI_model/sample_01/land_mask.h5
normalize True
normalization zscore
global_mins_path /home/bingxing2/home/scx6115/Ocean_AI_model/sample_01/train/global_mins.npy
global_maxs_path /home/bingxing2/home/scx6115/Ocean_AI_model/sample_01/train/global_maxs.npy
global_means_path /home/bingxing2/home/scx6115/Ocean_AI_model/sample_01/train/global_means.npy
global_stds_path /home/bingxing2/home/scx6115/Ocean_AI_model/sample_01/train/global_stds.npy
orography True
orography_norm_zscore_path /home/bingxing2/home/scx6115/Ocean_AI_model/sample_01/orography_norm_zscore.h5
orography_norm_maxmin_path /home/bingxing2/home/scx6115/Ocean_AI_model/sample_01/orography_norm_maxmin.h5
add_noise False
noise_std 0
crop_size_x None
crop_size_y None
log_to_screen True
save_checkpoint True
plot_animations False
---------------------------------------------------
world_size : 16
Initialize distributed process group...
nettype Masked_AE_Ocean
log_to_wandb True
lr 0.001
batch_size 32
max_epochs 150
scheduler CosineAnnealingLR
fusion_3d_2d False
in_channels [0, 1, 2, 3, 4, 5, 6, 7, 8, 9, 10, 11, 12, 13, 14, 15, 16, 17, 18, 19, 20, 21, 22, 23, 24, 25, 26, 27, 28, 29, 30, 31, 32, 33, 34, 35, 36, 37, 38, 39, 40, 41, 42, 43, 44, 45, 46, 47, 48, 49, 50, 51, 52, 53, 54, 55, 56, 57, 58, 59, 60, 61, 62, 63, 64, 65]
out_channels [0, 1, 2, 3, 4, 5, 6, 7, 8, 9, 10, 11, 12, 13, 14, 15, 16, 17, 18, 19, 20, 21, 22, 23, 24, 25, 26, 27, 28, 29, 30, 31, 32, 33, 34, 35, 36, 37, 38, 39, 40, 41, 42, 43, 44, 45, 46, 47, 48, 49, 50, 51, 52, 53, 54, 55, 56, 57, 58, 59, 60]
N_in_channels 66
N_out_channels 61
img_size_h 720
img_size_w 1440
patch_size_h 8
patch_size_w 8
mlp_ratio 4.0
embed_dim 512
depth 12
num_heads 16
decoder_embed_dim 1024
decoder_depth 8
decoder_num_heads 16
koopman_depth 2
modes_h_ratio 1
modes_w_ratio 0.8
drop_rate 0.0
drop_path_rate 0.0
sparsity_threshold 0.01
hard_thresholding_fraction 1.0
num_blocks 8
loss l2
num_data_workers 0
dt 1
n_history 0
prediction_type iterative
prediction_length 41
n_initial_conditions 5
ics_type default
date_strings ['2018-09-14 00:00:00']
save_raw_forecasts True
save_channel False
masked_acc False
maskpath None
perturb False
add_grid False
N_grid_channels 0
gridtype sinusoidal
roll False
enable_nhwc False
optimizer_type FusedAdam
exp_dir ./exp_15_levels
patch_size 8
width 56
modes 32
target default
train_data_path /home/bingxing2/home/scx6115/Ocean_AI_model/sample_01/train
valid_data_path /home/bingxing2/home/scx6115/Ocean_AI_model/sample_01/valid
test_data_path /home/bingxing2/home/scx6115/Ocean_AI_model/sample_01/test
land_mask True
land_mask_path /home/bingxing2/home/scx6115/Ocean_AI_model/sample_01/land_mask.h5
normalize True
normalization zscore
global_mins_path /home/bingxing2/home/scx6115/Ocean_AI_model/sample_01/train/global_mins.npy
global_maxs_path /home/bingxing2/home/scx6115/Ocean_AI_model/sample_01/train/global_maxs.npy
global_means_path /home/bingxing2/home/scx6115/Ocean_AI_model/sample_01/train/global_means.npy
global_stds_path /home/bingxing2/home/scx6115/Ocean_AI_model/sample_01/train/global_stds.npy
orography True
orography_norm_zscore_path /home/bingxing2/home/scx6115/Ocean_AI_model/sample_01/orography_norm_zscore.h5
orography_norm_maxmin_path /home/bingxing2/home/scx6115/Ocean_AI_model/sample_01/orography_norm_maxmin.h5
add_noise False
noise_std 0
crop_size_x None
crop_size_y None
log_to_screen True
save_checkpoint True
plot_animations False
---------------------------------------------------
world_size : 16
Initialize distributed process group...
2023-07-01 22:02:49,009 - torch.distributed.distributed_c10d - INFO - Added key: store_based_barrier_key:1 to store for rank: 5
2023-07-01 22:02:49,009 - torch.distributed.distributed_c10d - INFO - Added key: store_based_barrier_key:1 to store for rank: 4
2023-07-01 22:02:49,009 - torch.distributed.distributed_c10d - INFO - Added key: store_based_barrier_key:1 to store for rank: 7
2023-07-01 22:02:49,012 - torch.distributed.distributed_c10d - INFO - Added key: store_based_barrier_key:1 to store for rank: 6
2023-07-01 22:02:51,656 - torch.distributed.distributed_c10d - INFO - Rank 7: Completed store-based barrier for key:store_based_barrier_key:1 with 16 nodes.
2023-07-01 22:02:51,656 - torch.distributed.distributed_c10d - INFO - Rank 4: Completed store-based barrier for key:store_based_barrier_key:1 with 16 nodes.
2023-07-01 22:02:51,656 - torch.distributed.distributed_c10d - INFO - Rank 5: Completed store-based barrier for key:store_based_barrier_key:1 with 16 nodes.
2023-07-01 22:02:51,657 - torch.distributed.distributed_c10d - INFO - Rank 6: Completed store-based barrier for key:store_based_barrier_key:1 with 16 nodes.
2023-07-01 22:02:51,718 - root - INFO - device: cuda:3
2023-07-01 22:02:51,718 - root - INFO - rank 7, begin data loader init
2023-07-01 22:02:51,722 - root - INFO - device: cuda:2
2023-07-01 22:02:51,722 - root - INFO - rank 6, begin data loader init
2023-07-01 22:02:51,722 - root - INFO - Getting file stats from /home/bingxing2/home/scx6115/Ocean_AI_model/sample_01/train/2000.h5
2023-07-01 22:02:51,723 - root - INFO - Number of samples per year: 365
2023-07-01 22:02:51,724 - root - INFO - Found data at path /home/bingxing2/home/scx6115/Ocean_AI_model/sample_01/train. Number of examples: 4015. Image Shape: 720 x 1440 x 66
2023-07-01 22:02:51,723 - root - INFO - device: cuda:0
2023-07-01 22:02:51,724 - root - INFO - Delta t: 1 days
2023-07-01 22:02:51,724 - root - INFO - rank 4, begin data loader init
2023-07-01 22:02:51,724 - root - INFO - Including 0 days of past history in training at a frequency of 1 days
2023-07-01 22:02:51,724 - root - INFO - Getting file stats from /home/bingxing2/home/scx6115/Ocean_AI_model/sample_01/train/2000.h5
2023-07-01 22:02:51,724 - root - INFO - device: cuda:1
2023-07-01 22:02:51,724 - root - INFO - rank 5, begin data loader init
2023-07-01 22:02:51,725 - root - INFO - Number of samples per year: 365
2023-07-01 22:02:51,725 - root - INFO - Found data at path /home/bingxing2/home/scx6115/Ocean_AI_model/sample_01/train. Number of examples: 4015. Image Shape: 720 x 1440 x 66
2023-07-01 22:02:51,725 - root - INFO - Delta t: 1 days
2023-07-01 22:02:51,725 - root - INFO - Getting file stats from /home/bingxing2/home/scx6115/Ocean_AI_model/sample_01/train/2000.h5
2023-07-01 22:02:51,725 - root - INFO - Including 0 days of past history in training at a frequency of 1 days
2023-07-01 22:02:51,726 - root - INFO - Getting file stats from /home/bingxing2/home/scx6115/Ocean_AI_model/sample_01/train/2000.h5
2023-07-01 22:02:51,726 - root - INFO - Number of samples per year: 365
2023-07-01 22:02:51,727 - root - INFO - Found data at path /home/bingxing2/home/scx6115/Ocean_AI_model/sample_01/train. Number of examples: 4015. Image Shape: 720 x 1440 x 66
2023-07-01 22:02:51,727 - root - INFO - Delta t: 1 days
2023-07-01 22:02:51,727 - root - INFO - Including 0 days of past history in training at a frequency of 1 days
2023-07-01 22:02:51,727 - root - INFO - Getting file stats from /home/bingxing2/home/scx6115/Ocean_AI_model/sample_01/valid/2011.h5
2023-07-01 22:02:51,727 - root - INFO - Number of samples per year: 365
2023-07-01 22:02:51,727 - root - INFO - Found data at path /home/bingxing2/home/scx6115/Ocean_AI_model/sample_01/train. Number of examples: 4015. Image Shape: 720 x 1440 x 66
2023-07-01 22:02:51,727 - root - INFO - Delta t: 1 days
2023-07-01 22:02:51,727 - root - INFO - Including 0 days of past history in training at a frequency of 1 days
2023-07-01 22:02:51,727 - root - INFO - Getting file stats from /home/bingxing2/home/scx6115/Ocean_AI_model/sample_01/valid/2011.h5
2023-07-01 22:02:51,728 - root - INFO - Number of samples per year: 364
2023-07-01 22:02:51,728 - root - INFO - Getting file stats from /home/bingxing2/home/scx6115/Ocean_AI_model/sample_01/valid/2011.h5
2023-07-01 22:02:51,728 - root - INFO - Found data at path /home/bingxing2/home/scx6115/Ocean_AI_model/sample_01/valid. Number of examples: 364. Image Shape: 720 x 1440 x 66
2023-07-01 22:02:51,728 - root - INFO - Delta t: 1 days
2023-07-01 22:02:51,728 - root - INFO - Including 0 days of past history in training at a frequency of 1 days
2023-07-01 22:02:51,728 - root - INFO - rank 7, data loader initialized
2023-07-01 22:02:51,728 - root - INFO - Number of samples per year: 364
2023-07-01 22:02:51,729 - root - INFO - Found data at path /home/bingxing2/home/scx6115/Ocean_AI_model/sample_01/valid. Number of examples: 364. Image Shape: 720 x 1440 x 66
2023-07-01 22:02:51,729 - root - INFO - Delta t: 1 days
2023-07-01 22:02:51,729 - root - INFO - Including 0 days of past history in training at a frequency of 1 days
2023-07-01 22:02:51,729 - root - INFO - rank 6, data loader initialized
2023-07-01 22:02:51,729 - root - INFO - Getting file stats from /home/bingxing2/home/scx6115/Ocean_AI_model/sample_01/valid/2011.h5
2023-07-01 22:02:51,729 - root - INFO - Number of samples per year: 364
2023-07-01 22:02:51,729 - root - INFO - Found data at path /home/bingxing2/home/scx6115/Ocean_AI_model/sample_01/valid. Number of examples: 364. Image Shape: 720 x 1440 x 66
2023-07-01 22:02:51,729 - root - INFO - Delta t: 1 days
2023-07-01 22:02:51,729 - root - INFO - Including 0 days of past history in training at a frequency of 1 days
2023-07-01 22:02:51,729 - root - INFO - rank 4, data loader initialized
2023-07-01 22:02:51,730 - root - INFO - Number of samples per year: 364
2023-07-01 22:02:51,730 - root - INFO - Found data at path /home/bingxing2/home/scx6115/Ocean_AI_model/sample_01/valid. Number of examples: 364. Image Shape: 720 x 1440 x 66
2023-07-01 22:02:51,730 - root - INFO - Delta t: 1 days
2023-07-01 22:02:51,730 - root - INFO - Including 0 days of past history in training at a frequency of 1 days
2023-07-01 22:02:51,730 - root - INFO - rank 5, data loader initialized
paraai-n32-h-01-agent-106:2753811:2753811 [3] NCCL INFO cudaDriverVersion 11060
paraai-n32-h-01-agent-106:2753809:2753809 [1] NCCL INFO cudaDriverVersion 11060
paraai-n32-h-01-agent-106:2753808:2753808 [0] NCCL INFO cudaDriverVersion 11060
paraai-n32-h-01-agent-106:2753810:2753810 [2] NCCL INFO cudaDriverVersion 11060
paraai-n32-h-01-agent-106:2753811:2753811 [3] NCCL INFO Bootstrap : Using eth0:172.16.5.171<0>
paraai-n32-h-01-agent-106:2753809:2753809 [1] NCCL INFO Bootstrap : Using eth0:172.16.5.171<0>
paraai-n32-h-01-agent-106:2753808:2753808 [0] NCCL INFO Bootstrap : Using eth0:172.16.5.171<0>
paraai-n32-h-01-agent-106:2753810:2753810 [2] NCCL INFO Bootstrap : Using eth0:172.16.5.171<0>
paraai-n32-h-01-agent-106:2753811:2753811 [3] NCCL INFO NET/Plugin : No plugin found (libnccl-net.so), using internal implementation
paraai-n32-h-01-agent-106:2753809:2753809 [1] NCCL INFO NET/Plugin : No plugin found (libnccl-net.so), using internal implementation
paraai-n32-h-01-agent-106:2753810:2753810 [2] NCCL INFO NET/Plugin : No plugin found (libnccl-net.so), using internal implementation
paraai-n32-h-01-agent-106:2753808:2753808 [0] NCCL INFO NET/Plugin : No plugin found (libnccl-net.so), using internal implementation
paraai-n32-h-01-agent-106:2753811:2755602 [3] NCCL INFO NET/IB : Using [0]mlx5_0:1/RoCE [1]mlx5_2:1/RoCE [RO]; OOB eth0:172.16.5.171<0>
paraai-n32-h-01-agent-106:2753811:2755602 [3] NCCL INFO Using network IB
paraai-n32-h-01-agent-106:2753809:2755605 [1] NCCL INFO NET/IB : Using [0]mlx5_0:1/RoCE [1]mlx5_2:1/RoCE [RO]; OOB eth0:172.16.5.171<0>
paraai-n32-h-01-agent-106:2753809:2755605 [1] NCCL INFO Using network IB
paraai-n32-h-01-agent-106:2753810:2755604 [2] NCCL INFO NET/IB : Using [0]mlx5_0:1/RoCE [1]mlx5_2:1/RoCE [RO]; OOB eth0:172.16.5.171<0>
paraai-n32-h-01-agent-106:2753810:2755604 [2] NCCL INFO Using network IB
paraai-n32-h-01-agent-106:2753808:2755603 [0] NCCL INFO NET/IB : Using [0]mlx5_0:1/RoCE [1]mlx5_2:1/RoCE [RO]; OOB eth0:172.16.5.171<0>
paraai-n32-h-01-agent-106:2753808:2755603 [0] NCCL INFO Using network IB
paraai-n32-h-01-agent-106:2753811:2755602 [3] NCCL INFO Setting affinity for GPU 3 to ffffffff,00000000,00000000
paraai-n32-h-01-agent-106:2753810:2755604 [2] NCCL INFO Setting affinity for GPU 2 to ffffffff,00000000,00000000
paraai-n32-h-01-agent-106:2753809:2755605 [1] NCCL INFO Setting affinity for GPU 1 to ffffffff
paraai-n32-h-01-agent-106:2753808:2755603 [0] NCCL INFO Setting affinity for GPU 0 to ffffffff
paraai-n32-h-01-agent-106:2753808:2755603 [0] NCCL INFO NCCL_MAX_NCHANNELS set by environment to 16.
paraai-n32-h-01-agent-106:2753808:2755603 [0] NCCL INFO NCCL_MIN_NCHANNELS set by environment to 16.
paraai-n32-h-01-agent-106:2753811:2755602 [3] NCCL INFO NCCL_MAX_NCHANNELS set by environment to 16.
paraai-n32-h-01-agent-106:2753809:2755605 [1] NCCL INFO NCCL_MAX_NCHANNELS set by environment to 16.
paraai-n32-h-01-agent-106:2753811:2755602 [3] NCCL INFO NCCL_MIN_NCHANNELS set by environment to 16.
paraai-n32-h-01-agent-106:2753808:2755603 [0] NCCL INFO Trees [0] 5/-1/-1->4->9 [1] 5/-1/-1->4->7 [2] 5/0/-1->4->12 [3] 5/-1/-1->4->7 [4] 5/-1/-1->4->9 [5] 5/-1/-1->4->7 [6] 5/0/-1->4->12 [7] 5/-1/-1->4->7 [8] 5/-1/-1->4->9 [9] 5/-1/-1->4->7 [10] 5/0/-1->4->12 [11] 5/-1/-1->4->7 [12] 5/-1/-1->4->9 [13] 5/-1/-1->4->7 [14] 5/0/-1->4->12 [15] 5/-1/-1->4->7
paraai-n32-h-01-agent-106:2753809:2755605 [1] NCCL INFO NCCL_MIN_NCHANNELS set by environment to 16.
paraai-n32-h-01-agent-106:2753810:2755604 [2] NCCL INFO NCCL_MAX_NCHANNELS set by environment to 16.
paraai-n32-h-01-agent-106:2753810:2755604 [2] NCCL INFO NCCL_MIN_NCHANNELS set by environment to 16.
paraai-n32-h-01-agent-106:2753811:2755602 [3] NCCL INFO Trees [0] -1/-1/-1->7->6 [1] 4/-1/-1->7->6 [2] -1/-1/-1->7->6 [3] 4/10/-1->7->6 [4] -1/-1/-1->7->6 [5] 4/-1/-1->7->6 [6] -1/-1/-1->7->6 [7] 4/10/-1->7->6 [8] -1/-1/-1->7->6 [9] 4/-1/-1->7->6 [10] -1/-1/-1->7->6 [11] 4/10/-1->7->6 [12] -1/-1/-1->7->6 [13] 4/-1/-1->7->6 [14] -1/-1/-1->7->6 [15] 4/10/-1->7->6
paraai-n32-h-01-agent-106:2753809:2755605 [1] NCCL INFO Trees [0] 6/-1/-1->5->4 [1] -1/-1/-1->5->4 [2] 6/8/-1->5->4 [3] -1/-1/-1->5->4 [4] 6/-1/-1->5->4 [5] -1/-1/-1->5->4 [6] 6/8/-1->5->4 [7] -1/-1/-1->5->4 [8] 6/-1/-1->5->4 [9] -1/-1/-1->5->4 [10] 6/8/-1->5->4 [11] -1/-1/-1->5->4 [12] 6/-1/-1->5->4 [13] -1/-1/-1->5->4 [14] 6/8/-1->5->4 [15] -1/-1/-1->5->4
paraai-n32-h-01-agent-106:2753810:2755604 [2] NCCL INFO Trees [0] 7/-1/-1->6->5 [1] 7/-1/-1->6->11 [2] 7/-1/-1->6->5 [3] 7/2/-1->6->14 [4] 7/-1/-1->6->5 [5] 7/-1/-1->6->11 [6] 7/-1/-1->6->5 [7] 7/2/-1->6->14 [8] 7/-1/-1->6->5 [9] 7/-1/-1->6->11 [10] 7/-1/-1->6->5 [11] 7/2/-1->6->14 [12] 7/-1/-1->6->5 [13] 7/-1/-1->6->11 [14] 7/-1/-1->6->5 [15] 7/2/-1->6->14
paraai-n32-h-01-agent-106:2753808:2755603 [0] NCCL INFO Channel 00/0 : 3[82000] -> 4[1000] [receive] via NET/IB/0
paraai-n32-h-01-agent-106:2753809:2755605 [1] NCCL INFO Channel 00 : 5[2000] -> 6[81000] via SHM/direct/direct
paraai-n32-h-01-agent-106:2753810:2755604 [2] NCCL INFO Channel 00 : 6[81000] -> 7[82000] via SHM/direct/direct
paraai-n32-h-01-agent-106:2753809:2755605 [1] NCCL INFO Channel 02 : 5[2000] -> 6[81000] via SHM/direct/direct
paraai-n32-h-01-agent-106:2753810:2755604 [2] NCCL INFO Channel 01 : 6[81000] -> 7[82000] via SHM/direct/direct
paraai-n32-h-01-agent-106:2753809:2755605 [1] NCCL INFO Channel 04 : 5[2000] -> 6[81000] via SHM/direct/direct
paraai-n32-h-01-agent-106:2753810:2755604 [2] NCCL INFO Channel 02 : 6[81000] -> 7[82000] via SHM/direct/direct
paraai-n32-h-01-agent-106:2753809:2755605 [1] NCCL INFO Channel 06 : 5[2000] -> 6[81000] via SHM/direct/direct
paraai-n32-h-01-agent-106:2753810:2755604 [2] NCCL INFO Channel 03 : 6[81000] -> 7[82000] via SHM/direct/direct
paraai-n32-h-01-agent-106:2753809:2755605 [1] NCCL INFO Channel 08 : 5[2000] -> 6[81000] via SHM/direct/direct
paraai-n32-h-01-agent-106:2753810:2755604 [2] NCCL INFO Channel 04 : 6[81000] -> 7[82000] via SHM/direct/direct
paraai-n32-h-01-agent-106:2753809:2755605 [1] NCCL INFO Channel 10 : 5[2000] -> 6[81000] via SHM/direct/direct
paraai-n32-h-01-agent-106:2753810:2755604 [2] NCCL INFO Channel 05 : 6[81000] -> 7[82000] via SHM/direct/direct
paraai-n32-h-01-agent-106:2753809:2755605 [1] NCCL INFO Channel 12 : 5[2000] -> 6[81000] via SHM/direct/direct
paraai-n32-h-01-agent-106:2753810:2755604 [2] NCCL INFO Channel 06 : 6[81000] -> 7[82000] via SHM/direct/direct
paraai-n32-h-01-agent-106:2753809:2755605 [1] NCCL INFO Channel 14 : 5[2000] -> 6[81000] via SHM/direct/direct
paraai-n32-h-01-agent-106:2753810:2755604 [2] NCCL INFO Channel 07 : 6[81000] -> 7[82000] via SHM/direct/direct
paraai-n32-h-01-agent-106:2753810:2755604 [2] NCCL INFO Channel 08 : 6[81000] -> 7[82000] via SHM/direct/direct
paraai-n32-h-01-agent-106:2753810:2755604 [2] NCCL INFO Channel 09 : 6[81000] -> 7[82000] via SHM/direct/direct
paraai-n32-h-01-agent-106:2753810:2755604 [2] NCCL INFO Channel 10 : 6[81000] -> 7[82000] via SHM/direct/direct
paraai-n32-h-01-agent-106:2753810:2755604 [2] NCCL INFO Channel 11 : 6[81000] -> 7[82000] via SHM/direct/direct
paraai-n32-h-01-agent-106:2753810:2755604 [2] NCCL INFO Channel 12 : 6[81000] -> 7[82000] via SHM/direct/direct
paraai-n32-h-01-agent-106:2753810:2755604 [2] NCCL INFO Channel 13 : 6[81000] -> 7[82000] via SHM/direct/direct
paraai-n32-h-01-agent-106:2753810:2755604 [2] NCCL INFO Channel 14 : 6[81000] -> 7[82000] via SHM/direct/direct
paraai-n32-h-01-agent-106:2753810:2755604 [2] NCCL INFO Channel 15 : 6[81000] -> 7[82000] via SHM/direct/direct
paraai-n32-h-01-agent-106:2753811:2755602 [3] NCCL INFO Channel 00/0 : 7[82000] -> 8[1000] [send] via NET/IB/1
paraai-n32-h-01-agent-106:2753808:2755603 [0] NCCL INFO Channel 02/0 : 3[82000] -> 4[1000] [receive] via NET/IB/0
paraai-n32-h-01-agent-106:2753811:2755602 [3] NCCL INFO Channel 02/0 : 7[82000] -> 8[1000] [send] via NET/IB/1
paraai-n32-h-01-agent-106:2753808:2755603 [0] NCCL INFO Channel 04/0 : 3[82000] -> 4[1000] [receive] via NET/IB/0
paraai-n32-h-01-agent-106:2753811:2755602 [3] NCCL INFO Channel 04/0 : 7[82000] -> 8[1000] [send] via NET/IB/1
paraai-n32-h-01-agent-106:2753808:2755603 [0] NCCL INFO Channel 06/0 : 3[82000] -> 4[1000] [receive] via NET/IB/0
paraai-n32-h-01-agent-106:2753811:2755602 [3] NCCL INFO Channel 06/0 : 7[82000] -> 8[1000] [send] via NET/IB/1
paraai-n32-h-01-agent-106:2753811:2755602 [3] NCCL INFO Channel 08/0 : 7[82000] -> 8[1000] [send] via NET/IB/1
paraai-n32-h-01-agent-106:2753811:2755602 [3] NCCL INFO Channel 10/0 : 7[82000] -> 8[1000] [send] via NET/IB/1
paraai-n32-h-01-agent-106:2753811:2755602 [3] NCCL INFO Channel 12/0 : 7[82000] -> 8[1000] [send] via NET/IB/1
paraai-n32-h-01-agent-106:2753808:2755603 [0] NCCL INFO Channel 08/0 : 3[82000] -> 4[1000] [receive] via NET/IB/0
paraai-n32-h-01-agent-106:2753811:2755602 [3] NCCL INFO Channel 14/0 : 7[82000] -> 8[1000] [send] via NET/IB/1
paraai-n32-h-01-agent-106:2753808:2755603 [0] NCCL INFO Channel 10/0 : 3[82000] -> 4[1000] [receive] via NET/IB/0
paraai-n32-h-01-agent-106:2753810:2755604 [2] NCCL INFO Channel 01/0 : 0[1000] -> 6[81000] [receive] via NET/IB/1
paraai-n32-h-01-agent-106:2753808:2755603 [0] NCCL INFO Channel 12/0 : 3[82000] -> 4[1000] [receive] via NET/IB/0
paraai-n32-h-01-agent-106:2753810:2755604 [2] NCCL INFO Channel 03/0 : 0[1000] -> 6[81000] [receive] via NET/IB/1
paraai-n32-h-01-agent-106:2753808:2755603 [0] NCCL INFO Channel 14/0 : 3[82000] -> 4[1000] [receive] via NET/IB/0
paraai-n32-h-01-agent-106:2753808:2755603 [0] NCCL INFO Channel 00 : 4[1000] -> 5[2000] via SHM/direct/direct
paraai-n32-h-01-agent-106:2753808:2755603 [0] NCCL INFO Channel 02 : 4[1000] -> 5[2000] via SHM/direct/direct
paraai-n32-h-01-agent-106:2753808:2755603 [0] NCCL INFO Channel 04 : 4[1000] -> 5[2000] via SHM/direct/direct
paraai-n32-h-01-agent-106:2753808:2755603 [0] NCCL INFO Channel 06 : 4[1000] -> 5[2000] via SHM/direct/direct
paraai-n32-h-01-agent-106:2753808:2755603 [0] NCCL INFO Channel 08 : 4[1000] -> 5[2000] via SHM/direct/direct
paraai-n32-h-01-agent-106:2753808:2755603 [0] NCCL INFO Channel 10 : 4[1000] -> 5[2000] via SHM/direct/direct
paraai-n32-h-01-agent-106:2753808:2755603 [0] NCCL INFO Channel 12 : 4[1000] -> 5[2000] via SHM/direct/direct
paraai-n32-h-01-agent-106:2753808:2755603 [0] NCCL INFO Channel 14 : 4[1000] -> 5[2000] via SHM/direct/direct
paraai-n32-h-01-agent-106:2753808:2755811 [0] NCCL INFO NCCL_IB_GID_INDEX set by environment to 3.
paraai-n32-h-01-agent-106:2753810:2755604 [2] NCCL INFO Channel 05/0 : 0[1000] -> 6[81000] [receive] via NET/IB/1
paraai-n32-h-01-agent-106:2753810:2755604 [2] NCCL INFO Channel 07/0 : 0[1000] -> 6[81000] [receive] via NET/IB/1
paraai-n32-h-01-agent-106:2753811:2755808 [3] NCCL INFO NCCL_IB_GID_INDEX set by environment to 3.
paraai-n32-h-01-agent-106:2753808:2755603 [0] NCCL INFO Channel 01/0 : 4[1000] -> 10[81000] [send] via NET/IB/0
paraai-n32-h-01-agent-106:2753810:2755604 [2] NCCL INFO Channel 09/0 : 0[1000] -> 6[81000] [receive] via NET/IB/1
paraai-n32-h-01-agent-106:2753808:2755603 [0] NCCL INFO Channel 03/0 : 4[1000] -> 10[81000] [send] via NET/IB/0
paraai-n32-h-01-agent-106:2753811:2755602 [3] NCCL INFO Channel 01 : 7[82000] -> 5[2000] via SHM/direct/direct
paraai-n32-h-01-agent-106:2753811:2755602 [3] NCCL INFO Channel 03 : 7[82000] -> 5[2000] via SHM/direct/direct
paraai-n32-h-01-agent-106:2753811:2755602 [3] NCCL INFO Channel 05 : 7[82000] -> 5[2000] via SHM/direct/direct
paraai-n32-h-01-agent-106:2753811:2755602 [3] NCCL INFO Channel 07 : 7[82000] -> 5[2000] via SHM/direct/direct
paraai-n32-h-01-agent-106:2753811:2755602 [3] NCCL INFO Channel 09 : 7[82000] -> 5[2000] via SHM/direct/direct
paraai-n32-h-01-agent-106:2753811:2755602 [3] NCCL INFO Channel 11 : 7[82000] -> 5[2000] via SHM/direct/direct
paraai-n32-h-01-agent-106:2753811:2755602 [3] NCCL INFO Channel 13 : 7[82000] -> 5[2000] via SHM/direct/direct
paraai-n32-h-01-agent-106:2753811:2755602 [3] NCCL INFO Channel 15 : 7[82000] -> 5[2000] via SHM/direct/direct
paraai-n32-h-01-agent-106:2753809:2755605 [1] NCCL INFO Channel 01 : 5[2000] -> 4[1000] via SHM/direct/direct
paraai-n32-h-01-agent-106:2753809:2755605 [1] NCCL INFO Channel 03 : 5[2000] -> 4[1000] via SHM/direct/direct
paraai-n32-h-01-agent-106:2753809:2755605 [1] NCCL INFO Channel 05 : 5[2000] -> 4[1000] via SHM/direct/direct
paraai-n32-h-01-agent-106:2753809:2755605 [1] NCCL INFO Channel 07 : 5[2000] -> 4[1000] via SHM/direct/direct
paraai-n32-h-01-agent-106:2753809:2755605 [1] NCCL INFO Channel 09 : 5[2000] -> 4[1000] via SHM/direct/direct
paraai-n32-h-01-agent-106:2753809:2755605 [1] NCCL INFO Channel 11 : 5[2000] -> 4[1000] via SHM/direct/direct
paraai-n32-h-01-agent-106:2753809:2755605 [1] NCCL INFO Channel 13 : 5[2000] -> 4[1000] via SHM/direct/direct
paraai-n32-h-01-agent-106:2753809:2755605 [1] NCCL INFO Channel 15 : 5[2000] -> 4[1000] via SHM/direct/direct
paraai-n32-h-01-agent-106:2753811:2755602 [3] NCCL INFO Connected all rings
paraai-n32-h-01-agent-106:2753810:2755604 [2] NCCL INFO Channel 11/0 : 0[1000] -> 6[81000] [receive] via NET/IB/1
paraai-n32-h-01-agent-106:2753811:2755602 [3] NCCL INFO Channel 03/0 : 7[82000] -> 10[81000] [send] via NET/IB/1
paraai-n32-h-01-agent-106:2753808:2755603 [0] NCCL INFO Channel 05/0 : 4[1000] -> 10[81000] [send] via NET/IB/0
paraai-n32-h-01-agent-106:2753811:2755602 [3] NCCL INFO Channel 07/0 : 7[82000] -> 10[81000] [send] via NET/IB/1
paraai-n32-h-01-agent-106:2753810:2755604 [2] NCCL INFO Channel 13/0 : 0[1000] -> 6[81000] [receive] via NET/IB/1
paraai-n32-h-01-agent-106:2753808:2755603 [0] NCCL INFO Channel 07/0 : 4[1000] -> 10[81000] [send] via NET/IB/0
paraai-n32-h-01-agent-106:2753811:2755602 [3] NCCL INFO Channel 11/0 : 7[82000] -> 10[81000] [send] via NET/IB/1
paraai-n32-h-01-agent-106:2753810:2755604 [2] NCCL INFO Channel 15/0 : 0[1000] -> 6[81000] [receive] via NET/IB/1
paraai-n32-h-01-agent-106:2753808:2755603 [0] NCCL INFO Channel 09/0 : 4[1000] -> 10[81000] [send] via NET/IB/0
paraai-n32-h-01-agent-106:2753810:2755809 [2] NCCL INFO NCCL_IB_GID_INDEX set by environment to 3.
paraai-n32-h-01-agent-106:2753810:2755604 [2] NCCL INFO Connected all rings
paraai-n32-h-01-agent-106:2753808:2755603 [0] NCCL INFO Channel 11/0 : 4[1000] -> 10[81000] [send] via NET/IB/0
paraai-n32-h-01-agent-106:2753811:2755602 [3] NCCL INFO Channel 15/0 : 7[82000] -> 10[81000] [send] via NET/IB/1
paraai-n32-h-01-agent-106:2753810:2755604 [2] NCCL INFO Channel 03/0 : 2[81000] -> 6[81000] [receive] via NET/IB/1
paraai-n32-h-01-agent-106:2753808:2755603 [0] NCCL INFO Channel 13/0 : 4[1000] -> 10[81000] [send] via NET/IB/0
paraai-n32-h-01-agent-106:2753808:2755603 [0] NCCL INFO Channel 15/0 : 4[1000] -> 10[81000] [send] via NET/IB/0
paraai-n32-h-01-agent-106:2753810:2755604 [2] NCCL INFO Channel 07/0 : 2[81000] -> 6[81000] [receive] via NET/IB/1
paraai-n32-h-01-agent-106:2753808:2755603 [0] NCCL INFO Connected all rings
paraai-n32-h-01-agent-106:2753808:2755603 [0] NCCL INFO Channel 01 : 4[1000] -> 5[2000] via SHM/direct/direct
paraai-n32-h-01-agent-106:2753808:2755603 [0] NCCL INFO Channel 03 : 4[1000] -> 5[2000] via SHM/direct/direct
paraai-n32-h-01-agent-106:2753808:2755603 [0] NCCL INFO Channel 05 : 4[1000] -> 5[2000] via SHM/direct/direct
paraai-n32-h-01-agent-106:2753808:2755603 [0] NCCL INFO Channel 07 : 4[1000] -> 5[2000] via SHM/direct/direct
paraai-n32-h-01-agent-106:2753808:2755603 [0] NCCL INFO Channel 09 : 4[1000] -> 5[2000] via SHM/direct/direct
paraai-n32-h-01-agent-106:2753808:2755603 [0] NCCL INFO Channel 11 : 4[1000] -> 5[2000] via SHM/direct/direct
paraai-n32-h-01-agent-106:2753808:2755603 [0] NCCL INFO Channel 13 : 4[1000] -> 5[2000] via SHM/direct/direct
paraai-n32-h-01-agent-106:2753808:2755603 [0] NCCL INFO Channel 15 : 4[1000] -> 5[2000] via SHM/direct/direct
paraai-n32-h-01-agent-106:2753809:2755605 [1] NCCL INFO Connected all rings
paraai-n32-h-01-agent-106:2753808:2755603 [0] NCCL INFO Channel 01 : 4[1000] -> 7[82000] via SHM/direct/direct
paraai-n32-h-01-agent-106:2753808:2755603 [0] NCCL INFO Channel 03 : 4[1000] -> 7[82000] via SHM/direct/direct
paraai-n32-h-01-agent-106:2753808:2755603 [0] NCCL INFO Channel 05 : 4[1000] -> 7[82000] via SHM/direct/direct
paraai-n32-h-01-agent-106:2753808:2755603 [0] NCCL INFO Channel 07 : 4[1000] -> 7[82000] via SHM/direct/direct
paraai-n32-h-01-agent-106:2753808:2755603 [0] NCCL INFO Channel 09 : 4[1000] -> 7[82000] via SHM/direct/direct
paraai-n32-h-01-agent-106:2753808:2755603 [0] NCCL INFO Channel 11 : 4[1000] -> 7[82000] via SHM/direct/direct
paraai-n32-h-01-agent-106:2753808:2755603 [0] NCCL INFO Channel 13 : 4[1000] -> 7[82000] via SHM/direct/direct
paraai-n32-h-01-agent-106:2753808:2755603 [0] NCCL INFO Channel 15 : 4[1000] -> 7[82000] via SHM/direct/direct
paraai-n32-h-01-agent-106:2753809:2755605 [1] NCCL INFO Channel 02/0 : 5[2000] -> 8[1000] [send] via NET/IB/0
paraai-n32-h-01-agent-106:2753810:2755604 [2] NCCL INFO Channel 11/0 : 2[81000] -> 6[81000] [receive] via NET/IB/1
paraai-n32-h-01-agent-106:2753809:2755605 [1] NCCL INFO Channel 06/0 : 5[2000] -> 8[1000] [send] via NET/IB/0
paraai-n32-h-01-agent-106:2753808:2755603 [0] NCCL INFO Channel 02/0 : 0[1000] -> 4[1000] [receive] via NET/IB/0
paraai-n32-h-01-agent-106:2753810:2755604 [2] NCCL INFO Channel 15/0 : 2[81000] -> 6[81000] [receive] via NET/IB/1
paraai-n32-h-01-agent-106:2753809:2755605 [1] NCCL INFO Channel 10/0 : 5[2000] -> 8[1000] [send] via NET/IB/0
paraai-n32-h-01-agent-106:2753808:2755603 [0] NCCL INFO Channel 06/0 : 0[1000] -> 4[1000] [receive] via NET/IB/0
paraai-n32-h-01-agent-106:2753809:2755605 [1] NCCL INFO Channel 14/0 : 5[2000] -> 8[1000] [send] via NET/IB/0
paraai-n32-h-01-agent-106:2753808:2755603 [0] NCCL INFO Channel 10/0 : 0[1000] -> 4[1000] [receive] via NET/IB/0
paraai-n32-h-01-agent-106:2753808:2755603 [0] NCCL INFO Channel 14/0 : 0[1000] -> 4[1000] [receive] via NET/IB/0
paraai-n32-h-01-agent-106:2753811:2755602 [3] NCCL INFO Channel 03/0 : 10[81000] -> 7[82000] [receive] via NET/IB/1
paraai-n32-h-01-agent-106:2753808:2755603 [0] NCCL INFO Channel 00/0 : 4[1000] -> 9[2000] [send] via NET/IB/0
paraai-n32-h-01-agent-106:2753811:2755602 [3] NCCL INFO Channel 07/0 : 10[81000] -> 7[82000] [receive] via NET/IB/1
paraai-n32-h-01-agent-106:2753809:2755810 [1] NCCL INFO NCCL_IB_GID_INDEX set by environment to 3.
paraai-n32-h-01-agent-106:2753811:2755602 [3] NCCL INFO Channel 11/0 : 10[81000] -> 7[82000] [receive] via NET/IB/1
paraai-n32-h-01-agent-106:2753808:2755603 [0] NCCL INFO Channel 04/0 : 4[1000] -> 9[2000] [send] via NET/IB/0
paraai-n32-h-01-agent-106:2753810:2755604 [2] NCCL INFO Channel 01/0 : 6[81000] -> 11[82000] [send] via NET/IB/1
paraai-n32-h-01-agent-106:2753811:2755602 [3] NCCL INFO Channel 15/0 : 10[81000] -> 7[82000] [receive] via NET/IB/1
paraai-n32-h-01-agent-106:2753811:2755602 [3] NCCL INFO Channel 01 : 7[82000] -> 4[1000] via SHM/direct/direct
paraai-n32-h-01-agent-106:2753811:2755602 [3] NCCL INFO Channel 03 : 7[82000] -> 4[1000] via SHM/direct/direct
paraai-n32-h-01-agent-106:2753811:2755602 [3] NCCL INFO Channel 05 : 7[82000] -> 4[1000] via SHM/direct/direct
paraai-n32-h-01-agent-106:2753811:2755602 [3] NCCL INFO Channel 07 : 7[82000] -> 4[1000] via SHM/direct/direct
paraai-n32-h-01-agent-106:2753811:2755602 [3] NCCL INFO Channel 09 : 7[82000] -> 4[1000] via SHM/direct/direct
paraai-n32-h-01-agent-106:2753811:2755602 [3] NCCL INFO Channel 11 : 7[82000] -> 4[1000] via SHM/direct/direct
paraai-n32-h-01-agent-106:2753811:2755602 [3] NCCL INFO Channel 13 : 7[82000] -> 4[1000] via SHM/direct/direct
paraai-n32-h-01-agent-106:2753811:2755602 [3] NCCL INFO Channel 15 : 7[82000] -> 4[1000] via SHM/direct/direct
paraai-n32-h-01-agent-106:2753808:2755603 [0] NCCL INFO Channel 08/0 : 4[1000] -> 9[2000] [send] via NET/IB/0
paraai-n32-h-01-agent-106:2753810:2755604 [2] NCCL INFO Channel 05/0 : 6[81000] -> 11[82000] [send] via NET/IB/1
paraai-n32-h-01-agent-106:2753808:2755603 [0] NCCL INFO Channel 12/0 : 4[1000] -> 9[2000] [send] via NET/IB/0
paraai-n32-h-01-agent-106:2753810:2755604 [2] NCCL INFO Channel 09/0 : 6[81000] -> 11[82000] [send] via NET/IB/1
paraai-n32-h-01-agent-106:2753809:2755605 [1] NCCL INFO Channel 02/0 : 8[1000] -> 5[2000] [receive] via NET/IB/0
paraai-n32-h-01-agent-106:2753808:2755603 [0] NCCL INFO Channel 02/0 : 12[1000] -> 4[1000] [receive] via NET/IB/0
paraai-n32-h-01-agent-106:2753810:2755604 [2] NCCL INFO Channel 13/0 : 6[81000] -> 11[82000] [send] via NET/IB/1
paraai-n32-h-01-agent-106:2753809:2755605 [1] NCCL INFO Channel 06/0 : 8[1000] -> 5[2000] [receive] via NET/IB/0
paraai-n32-h-01-agent-106:2753808:2755603 [0] NCCL INFO Channel 06/0 : 12[1000] -> 4[1000] [receive] via NET/IB/0
paraai-n32-h-01-agent-106:2753810:2755604 [2] NCCL INFO Channel 03/0 : 14[81000] -> 6[81000] [receive] via NET/IB/1
paraai-n32-h-01-agent-106:2753809:2755605 [1] NCCL INFO Channel 10/0 : 8[1000] -> 5[2000] [receive] via NET/IB/0
paraai-n32-h-01-agent-106:2753808:2755603 [0] NCCL INFO Channel 10/0 : 12[1000] -> 4[1000] [receive] via NET/IB/0
paraai-n32-h-01-agent-106:2753810:2755604 [2] NCCL INFO Channel 07/0 : 14[81000] -> 6[81000] [receive] via NET/IB/1
paraai-n32-h-01-agent-106:2753809:2755605 [1] NCCL INFO Channel 14/0 : 8[1000] -> 5[2000] [receive] via NET/IB/0
paraai-n32-h-01-agent-106:2753808:2755603 [0] NCCL INFO Channel 14/0 : 12[1000] -> 4[1000] [receive] via NET/IB/0
paraai-n32-h-01-agent-106:2753810:2755604 [2] NCCL INFO Channel 11/0 : 14[81000] -> 6[81000] [receive] via NET/IB/1
paraai-n32-h-01-agent-106:2753808:2755603 [0] NCCL INFO Channel 02/0 : 4[1000] -> 12[1000] [send] via NET/IB/0
paraai-n32-h-01-agent-106:2753810:2755604 [2] NCCL INFO Channel 15/0 : 14[81000] -> 6[81000] [receive] via NET/IB/1
paraai-n32-h-01-agent-106:2753808:2755603 [0] NCCL INFO Channel 06/0 : 4[1000] -> 12[1000] [send] via NET/IB/0
paraai-n32-h-01-agent-106:2753810:2755604 [2] NCCL INFO Channel 03/0 : 6[81000] -> 14[81000] [send] via NET/IB/1
paraai-n32-h-01-agent-106:2753808:2755603 [0] NCCL INFO Channel 10/0 : 4[1000] -> 12[1000] [send] via NET/IB/0
paraai-n32-h-01-agent-106:2753810:2755604 [2] NCCL INFO Channel 07/0 : 6[81000] -> 14[81000] [send] via NET/IB/1
paraai-n32-h-01-agent-106:2753808:2755603 [0] NCCL INFO Channel 14/0 : 4[1000] -> 12[1000] [send] via NET/IB/0
paraai-n32-h-01-agent-106:2753810:2755604 [2] NCCL INFO Channel 11/0 : 6[81000] -> 14[81000] [send] via NET/IB/1
paraai-n32-h-01-agent-106:2753808:2755603 [0] NCCL INFO Channel 00/0 : 9[2000] -> 4[1000] [receive] via NET/IB/0
paraai-n32-h-01-agent-106:2753810:2755604 [2] NCCL INFO Channel 15/0 : 6[81000] -> 14[81000] [send] via NET/IB/1
paraai-n32-h-01-agent-106:2753808:2755603 [0] NCCL INFO Channel 04/0 : 9[2000] -> 4[1000] [receive] via NET/IB/0
paraai-n32-h-01-agent-106:2753810:2755604 [2] NCCL INFO Channel 01/0 : 11[82000] -> 6[81000] [receive] via NET/IB/1
paraai-n32-h-01-agent-106:2753808:2755603 [0] NCCL INFO Channel 08/0 : 9[2000] -> 4[1000] [receive] via NET/IB/0
paraai-n32-h-01-agent-106:2753810:2755604 [2] NCCL INFO Channel 05/0 : 11[82000] -> 6[81000] [receive] via NET/IB/1
paraai-n32-h-01-agent-106:2753808:2755603 [0] NCCL INFO Channel 12/0 : 9[2000] -> 4[1000] [receive] via NET/IB/0
paraai-n32-h-01-agent-106:2753810:2755604 [2] NCCL INFO Channel 09/0 : 11[82000] -> 6[81000] [receive] via NET/IB/1
paraai-n32-h-01-agent-106:2753808:2755603 [0] NCCL INFO Channel 02/0 : 4[1000] -> 0[1000] [send] via NET/IB/0
paraai-n32-h-01-agent-106:2753810:2755604 [2] NCCL INFO Channel 13/0 : 11[82000] -> 6[81000] [receive] via NET/IB/1
paraai-n32-h-01-agent-106:2753808:2755603 [0] NCCL INFO Channel 06/0 : 4[1000] -> 0[1000] [send] via NET/IB/0
paraai-n32-h-01-agent-106:2753810:2755604 [2] NCCL INFO Channel 03/0 : 6[81000] -> 2[81000] [send] via NET/IB/1
paraai-n32-h-01-agent-106:2753808:2755603 [0] NCCL INFO Channel 10/0 : 4[1000] -> 0[1000] [send] via NET/IB/0
paraai-n32-h-01-agent-106:2753810:2755604 [2] NCCL INFO Channel 07/0 : 6[81000] -> 2[81000] [send] via NET/IB/1
paraai-n32-h-01-agent-106:2753808:2755603 [0] NCCL INFO Channel 14/0 : 4[1000] -> 0[1000] [send] via NET/IB/0
paraai-n32-h-01-agent-106:2753810:2755604 [2] NCCL INFO Channel 11/0 : 6[81000] -> 2[81000] [send] via NET/IB/1
paraai-n32-h-01-agent-106:2753811:2755602 [3] NCCL INFO Channel 00 : 7[82000] -> 6[81000] via SHM/direct/direct
paraai-n32-h-01-agent-106:2753811:2755602 [3] NCCL INFO Channel 01 : 7[82000] -> 6[81000] via SHM/direct/direct
paraai-n32-h-01-agent-106:2753811:2755602 [3] NCCL INFO Channel 02 : 7[82000] -> 6[81000] via SHM/direct/direct
paraai-n32-h-01-agent-106:2753811:2755602 [3] NCCL INFO Channel 03 : 7[82000] -> 6[81000] via SHM/direct/direct
paraai-n32-h-01-agent-106:2753811:2755602 [3] NCCL INFO Channel 04 : 7[82000] -> 6[81000] via SHM/direct/direct
paraai-n32-h-01-agent-106:2753811:2755602 [3] NCCL INFO Channel 05 : 7[82000] -> 6[81000] via SHM/direct/direct
paraai-n32-h-01-agent-106:2753811:2755602 [3] NCCL INFO Channel 06 : 7[82000] -> 6[81000] via SHM/direct/direct
paraai-n32-h-01-agent-106:2753811:2755602 [3] NCCL INFO Channel 07 : 7[82000] -> 6[81000] via SHM/direct/direct
paraai-n32-h-01-agent-106:2753811:2755602 [3] NCCL INFO Channel 08 : 7[82000] -> 6[81000] via SHM/direct/direct
paraai-n32-h-01-agent-106:2753811:2755602 [3] NCCL INFO Channel 09 : 7[82000] -> 6[81000] via SHM/direct/direct
paraai-n32-h-01-agent-106:2753811:2755602 [3] NCCL INFO Channel 10 : 7[82000] -> 6[81000] via SHM/direct/direct
paraai-n32-h-01-agent-106:2753811:2755602 [3] NCCL INFO Channel 11 : 7[82000] -> 6[81000] via SHM/direct/direct
paraai-n32-h-01-agent-106:2753811:2755602 [3] NCCL INFO Channel 12 : 7[82000] -> 6[81000] via SHM/direct/direct
paraai-n32-h-01-agent-106:2753811:2755602 [3] NCCL INFO Channel 13 : 7[82000] -> 6[81000] via SHM/direct/direct
paraai-n32-h-01-agent-106:2753811:2755602 [3] NCCL INFO Channel 14 : 7[82000] -> 6[81000] via SHM/direct/direct
paraai-n32-h-01-agent-106:2753811:2755602 [3] NCCL INFO Channel 15 : 7[82000] -> 6[81000] via SHM/direct/direct
paraai-n32-h-01-agent-106:2753810:2755604 [2] NCCL INFO Channel 15/0 : 6[81000] -> 2[81000] [send] via NET/IB/1
paraai-n32-h-01-agent-106:2753809:2755605 [1] NCCL INFO Channel 00 : 5[2000] -> 4[1000] via SHM/direct/direct
paraai-n32-h-01-agent-106:2753809:2755605 [1] NCCL INFO Channel 02 : 5[2000] -> 4[1000] via SHM/direct/direct
paraai-n32-h-01-agent-106:2753809:2755605 [1] NCCL INFO Channel 04 : 5[2000] -> 4[1000] via SHM/direct/direct
paraai-n32-h-01-agent-106:2753809:2755605 [1] NCCL INFO Channel 06 : 5[2000] -> 4[1000] via SHM/direct/direct
paraai-n32-h-01-agent-106:2753809:2755605 [1] NCCL INFO Channel 08 : 5[2000] -> 4[1000] via SHM/direct/direct
paraai-n32-h-01-agent-106:2753809:2755605 [1] NCCL INFO Channel 10 : 5[2000] -> 4[1000] via SHM/direct/direct
paraai-n32-h-01-agent-106:2753809:2755605 [1] NCCL INFO Channel 12 : 5[2000] -> 4[1000] via SHM/direct/direct
paraai-n32-h-01-agent-106:2753809:2755605 [1] NCCL INFO Channel 14 : 5[2000] -> 4[1000] via SHM/direct/direct
paraai-n32-h-01-agent-106:2753808:2755603 [0] NCCL INFO Connected all trees
paraai-n32-h-01-agent-106:2753808:2755603 [0] NCCL INFO threadThresholds 8/8/64 | 128/8/64 | 512 | 512
paraai-n32-h-01-agent-106:2753808:2755603 [0] NCCL INFO 16 coll channels, 16 p2p channels, 2 p2p channels per peer
paraai-n32-h-01-agent-106:2753810:2755604 [2] NCCL INFO Channel 00 : 6[81000] -> 5[2000] via SHM/direct/direct
paraai-n32-h-01-agent-106:2753810:2755604 [2] NCCL INFO Channel 02 : 6[81000] -> 5[2000] via SHM/direct/direct
paraai-n32-h-01-agent-106:2753810:2755604 [2] NCCL INFO Channel 04 : 6[81000] -> 5[2000] via SHM/direct/direct
paraai-n32-h-01-agent-106:2753810:2755604 [2] NCCL INFO Channel 06 : 6[81000] -> 5[2000] via SHM/direct/direct
paraai-n32-h-01-agent-106:2753810:2755604 [2] NCCL INFO Channel 08 : 6[81000] -> 5[2000] via SHM/direct/direct
paraai-n32-h-01-agent-106:2753810:2755604 [2] NCCL INFO Channel 10 : 6[81000] -> 5[2000] via SHM/direct/direct
paraai-n32-h-01-agent-106:2753810:2755604 [2] NCCL INFO Channel 12 : 6[81000] -> 5[2000] via SHM/direct/direct
paraai-n32-h-01-agent-106:2753810:2755604 [2] NCCL INFO Channel 14 : 6[81000] -> 5[2000] via SHM/direct/direct
paraai-n32-h-01-agent-106:2753809:2755605 [1] NCCL INFO Connected all trees
paraai-n32-h-01-agent-106:2753809:2755605 [1] NCCL INFO threadThresholds 8/8/64 | 128/8/64 | 512 | 512
paraai-n32-h-01-agent-106:2753809:2755605 [1] NCCL INFO 16 coll channels, 16 p2p channels, 2 p2p channels per peer
paraai-n32-h-01-agent-106:2753810:2755604 [2] NCCL INFO Connected all trees
paraai-n32-h-01-agent-106:2753810:2755604 [2] NCCL INFO threadThresholds 8/8/64 | 128/8/64 | 512 | 512
paraai-n32-h-01-agent-106:2753810:2755604 [2] NCCL INFO 16 coll channels, 16 p2p channels, 2 p2p channels per peer
paraai-n32-h-01-agent-106:2753811:2755602 [3] NCCL INFO Connected all trees
paraai-n32-h-01-agent-106:2753811:2755602 [3] NCCL INFO threadThresholds 8/8/64 | 128/8/64 | 512 | 512
paraai-n32-h-01-agent-106:2753811:2755602 [3] NCCL INFO 16 coll channels, 16 p2p channels, 2 p2p channels per peer
paraai-n32-h-01-agent-106:2753808:2755603 [0] NCCL INFO comm 0x138d4d00 rank 4 nranks 16 cudaDev 0 busId 1000 - Init COMPLETE
paraai-n32-h-01-agent-106:2753811:2755602 [3] NCCL INFO comm 0x46f6a100 rank 7 nranks 16 cudaDev 3 busId 82000 - Init COMPLETE
paraai-n32-h-01-agent-106:2753810:2755604 [2] NCCL INFO comm 0x33a0bd00 rank 6 nranks 16 cudaDev 2 busId 81000 - Init COMPLETE
paraai-n32-h-01-agent-106:2753809:2755605 [1] NCCL INFO comm 0x680422a0 rank 5 nranks 16 cudaDev 1 busId 2000 - Init COMPLETE
2023-07-01 22:15:05,965 - root - INFO - validating...
2023-07-01 22:15:05,965 - root - INFO - validating...
2023-07-01 22:15:05,965 - root - INFO - validating...
2023-07-01 22:15:05,966 - root - INFO - validating...
2023-07-01 22:28:01,676 - root - INFO - validating...
2023-07-01 22:28:01,676 - root - INFO - validating...
2023-07-01 22:28:01,676 - root - INFO - validating...
2023-07-01 22:28:01,678 - root - INFO - validating...
2023-07-01 22:40:58,356 - root - INFO - validating...
2023-07-01 22:40:58,357 - root - INFO - validating...
2023-07-01 22:40:58,359 - root - INFO - validating...
2023-07-01 22:40:58,359 - root - INFO - validating...
2023-07-01 22:53:59,067 - root - INFO - validating...
2023-07-01 22:53:59,067 - root - INFO - validating...
2023-07-01 22:53:59,067 - root - INFO - validating...
2023-07-01 22:53:59,068 - root - INFO - validating...
2023-07-01 23:06:56,737 - root - INFO - validating...
2023-07-01 23:06:56,738 - root - INFO - validating...
2023-07-01 23:06:56,738 - root - INFO - validating...
2023-07-01 23:06:56,738 - root - INFO - validating...
2023-07-01 23:19:56,953 - root - INFO - validating...
2023-07-01 23:19:56,954 - root - INFO - validating...
2023-07-01 23:19:56,954 - root - INFO - validating...
2023-07-01 23:19:56,956 - root - INFO - validating...
2023-07-01 23:32:53,066 - root - INFO - validating...
2023-07-01 23:32:53,066 - root - INFO - validating...
2023-07-01 23:32:53,066 - root - INFO - validating...
2023-07-01 23:32:53,068 - root - INFO - validating...
2023-07-01 23:45:51,709 - root - INFO - validating...
2023-07-01 23:45:51,709 - root - INFO - validating...
2023-07-01 23:45:51,710 - root - INFO - validating...
2023-07-01 23:45:51,712 - root - INFO - validating...
2023-07-01 23:58:49,816 - root - INFO - validating...
2023-07-01 23:58:49,816 - root - INFO - validating...
2023-07-01 23:58:49,816 - root - INFO - validating...
2023-07-01 23:58:49,816 - root - INFO - validating...
2023-07-02 00:11:52,336 - root - INFO - validating...
2023-07-02 00:11:52,336 - root - INFO - validating...
2023-07-02 00:11:52,337 - root - INFO - validating...
2023-07-02 00:11:52,337 - root - INFO - validating...
2023-07-02 00:24:51,149 - root - INFO - validating...
2023-07-02 00:24:51,150 - root - INFO - validating...
2023-07-02 00:24:51,149 - root - INFO - validating...
2023-07-02 00:24:51,150 - root - INFO - validating...
2023-07-02 00:37:53,836 - root - INFO - validating...
2023-07-02 00:37:53,836 - root - INFO - validating...
2023-07-02 00:37:53,836 - root - INFO - validating...
2023-07-02 00:37:53,836 - root - INFO - validating...
2023-07-02 00:50:55,324 - root - INFO - validating...
2023-07-02 00:50:55,324 - root - INFO - validating...
2023-07-02 00:50:55,324 - root - INFO - validating...
2023-07-02 00:50:55,324 - root - INFO - validating...
2023-07-02 01:03:58,534 - root - INFO - validating...
2023-07-02 01:03:58,534 - root - INFO - validating...
2023-07-02 01:03:58,534 - root - INFO - validating...
2023-07-02 01:03:58,534 - root - INFO - validating...
2023-07-02 01:16:56,403 - root - INFO - validating...
2023-07-02 01:16:56,403 - root - INFO - validating...
2023-07-02 01:16:56,403 - root - INFO - validating...
2023-07-02 01:16:56,403 - root - INFO - validating...
2023-07-02 01:29:57,990 - root - INFO - validating...
2023-07-02 01:29:57,990 - root - INFO - validating...
2023-07-02 01:29:57,990 - root - INFO - validating...
2023-07-02 01:29:57,990 - root - INFO - validating...
2023-07-02 01:42:58,703 - root - INFO - validating...
2023-07-02 01:42:58,703 - root - INFO - validating...
2023-07-02 01:42:58,704 - root - INFO - validating...
2023-07-02 01:42:58,704 - root - INFO - validating...
2023-07-02 01:56:03,570 - root - INFO - validating...
2023-07-02 01:56:03,570 - root - INFO - validating...
2023-07-02 01:56:03,570 - root - INFO - validating...
2023-07-02 01:56:03,572 - root - INFO - validating...
2023-07-02 02:09:08,045 - root - INFO - validating...
2023-07-02 02:09:08,045 - root - INFO - validating...
2023-07-02 02:09:08,047 - root - INFO - validating...
2023-07-02 02:09:08,048 - root - INFO - validating...
2023-07-02 02:22:06,394 - root - INFO - validating...
2023-07-02 02:22:06,394 - root - INFO - validating...
2023-07-02 02:22:06,394 - root - INFO - validating...
2023-07-02 02:22:06,396 - root - INFO - validating...
2023-07-02 02:35:00,227 - root - INFO - validating...
2023-07-02 02:35:00,227 - root - INFO - validating...
2023-07-02 02:35:00,227 - root - INFO - validating...
2023-07-02 02:35:00,227 - root - INFO - validating...
2023-07-02 02:47:57,098 - root - INFO - validating...
2023-07-02 02:47:57,098 - root - INFO - validating...
2023-07-02 02:47:57,098 - root - INFO - validating...
2023-07-02 02:47:57,099 - root - INFO - validating...
2023-07-02 03:00:52,573 - root - INFO - validating...
2023-07-02 03:00:52,573 - root - INFO - validating...
2023-07-02 03:00:52,573 - root - INFO - validating...
2023-07-02 03:00:52,573 - root - INFO - validating...
2023-07-02 03:13:51,031 - root - INFO - validating...
2023-07-02 03:13:51,032 - root - INFO - validating...
2023-07-02 03:13:51,032 - root - INFO - validating...
2023-07-02 03:13:51,032 - root - INFO - validating...
2023-07-02 03:26:40,522 - root - INFO - validating...
2023-07-02 03:26:40,522 - root - INFO - validating...
2023-07-02 03:26:40,522 - root - INFO - validating...
2023-07-02 03:26:40,524 - root - INFO - validating...
2023-07-02 03:39:33,873 - root - INFO - validating...
2023-07-02 03:39:33,872 - root - INFO - validating...
2023-07-02 03:39:33,873 - root - INFO - validating...
2023-07-02 03:39:33,872 - root - INFO - validating...
2023-07-02 03:52:30,560 - root - INFO - validating...
2023-07-02 03:52:30,561 - root - INFO - validating...
2023-07-02 03:52:30,561 - root - INFO - validating...
2023-07-02 03:52:30,561 - root - INFO - validating...
2023-07-02 04:05:26,190 - root - INFO - validating...
2023-07-02 04:05:26,191 - root - INFO - validating...
2023-07-02 04:05:26,191 - root - INFO - validating...
2023-07-02 04:05:26,193 - root - INFO - validating...
2023-07-02 04:18:22,631 - root - INFO - validating...
2023-07-02 04:18:22,631 - root - INFO - validating...
2023-07-02 04:18:22,631 - root - INFO - validating...
2023-07-02 04:18:22,631 - root - INFO - validating...
2023-07-02 04:31:18,731 - root - INFO - validating...
2023-07-02 04:31:18,731 - root - INFO - validating...
2023-07-02 04:31:18,731 - root - INFO - validating...
2023-07-02 04:31:18,732 - root - INFO - validating...
2023-07-02 04:44:16,301 - root - INFO - validating...
2023-07-02 04:44:16,301 - root - INFO - validating...
2023-07-02 04:44:16,301 - root - INFO - validating...
2023-07-02 04:44:16,301 - root - INFO - validating...
2023-07-02 04:57:17,048 - root - INFO - validating...
2023-07-02 04:57:17,048 - root - INFO - validating...
2023-07-02 04:57:17,047 - root - INFO - validating...
2023-07-02 04:57:17,048 - root - INFO - validating...
2023-07-02 05:10:17,096 - root - INFO - validating...
2023-07-02 05:10:17,097 - root - INFO - validating...
2023-07-02 05:10:17,097 - root - INFO - validating...
2023-07-02 05:10:17,099 - root - INFO - validating...
2023-07-02 05:23:20,809 - root - INFO - validating...
2023-07-02 05:23:20,809 - root - INFO - validating...
2023-07-02 05:23:20,810 - root - INFO - validating...
2023-07-02 05:23:20,810 - root - INFO - validating...
2023-07-02 05:36:17,762 - root - INFO - validating...
2023-07-02 05:36:17,762 - root - INFO - validating...
2023-07-02 05:36:17,763 - root - INFO - validating...
2023-07-02 05:36:17,763 - root - INFO - validating...
2023-07-02 05:49:14,580 - root - INFO - validating...
2023-07-02 05:49:14,581 - root - INFO - validating...
2023-07-02 05:49:14,580 - root - INFO - validating...
2023-07-02 05:49:14,582 - root - INFO - validating...
2023-07-02 06:02:15,519 - root - INFO - validating...
2023-07-02 06:02:15,519 - root - INFO - validating...
2023-07-02 06:02:15,519 - root - INFO - validating...
2023-07-02 06:02:15,520 - root - INFO - validating...
2023-07-02 06:15:15,601 - root - INFO - validating...
2023-07-02 06:15:15,601 - root - INFO - validating...
2023-07-02 06:15:15,602 - root - INFO - validating...
2023-07-02 06:15:15,603 - root - INFO - validating...
2023-07-02 06:28:16,035 - root - INFO - validating...
2023-07-02 06:28:16,035 - root - INFO - validating...
2023-07-02 06:28:16,036 - root - INFO - validating...
2023-07-02 06:28:16,038 - root - INFO - validating...
2023-07-02 06:41:19,897 - root - INFO - validating...
2023-07-02 06:41:19,897 - root - INFO - validating...
2023-07-02 06:41:19,898 - root - INFO - validating...
2023-07-02 06:41:19,900 - root - INFO - validating...
2023-07-02 06:54:23,051 - root - INFO - validating...
2023-07-02 06:54:23,051 - root - INFO - validating...
2023-07-02 06:54:23,051 - root - INFO - validating...
2023-07-02 06:54:23,051 - root - INFO - validating...
2023-07-02 07:07:26,623 - root - INFO - validating...
2023-07-02 07:07:26,624 - root - INFO - validating...
2023-07-02 07:07:26,624 - root - INFO - validating...
2023-07-02 07:07:26,626 - root - INFO - validating...
2023-07-02 07:20:29,260 - root - INFO - validating...
2023-07-02 07:20:29,261 - root - INFO - validating...
2023-07-02 07:20:29,261 - root - INFO - validating...
2023-07-02 07:20:29,260 - root - INFO - validating...
2023-07-02 07:33:28,602 - root - INFO - validating...
2023-07-02 07:33:28,603 - root - INFO - validating...
2023-07-02 07:33:28,603 - root - INFO - validating...
2023-07-02 07:33:28,605 - root - INFO - validating...
2023-07-02 07:46:25,190 - root - INFO - validating...
2023-07-02 07:46:25,190 - root - INFO - validating...
2023-07-02 07:46:25,190 - root - INFO - validating...
2023-07-02 07:46:25,191 - root - INFO - validating...
2023-07-02 07:59:26,156 - root - INFO - validating...
2023-07-02 07:59:26,156 - root - INFO - validating...
2023-07-02 07:59:26,156 - root - INFO - validating...
2023-07-02 07:59:26,156 - root - INFO - validating...
2023-07-02 08:12:23,594 - root - INFO - validating...
2023-07-02 08:12:23,594 - root - INFO - validating...
2023-07-02 08:12:23,594 - root - INFO - validating...
2023-07-02 08:12:23,596 - root - INFO - validating...
2023-07-02 08:25:23,787 - root - INFO - validating...
2023-07-02 08:25:23,787 - root - INFO - validating...
2023-07-02 08:25:23,788 - root - INFO - validating...
2023-07-02 08:25:23,788 - root - INFO - validating...
2023-07-02 08:38:22,429 - root - INFO - validating...
2023-07-02 08:38:22,429 - root - INFO - validating...
2023-07-02 08:38:22,429 - root - INFO - validating...
2023-07-02 08:38:22,432 - root - INFO - validating...
2023-07-02 08:51:18,835 - root - INFO - validating...
2023-07-02 08:51:18,835 - root - INFO - validating...
2023-07-02 08:51:18,835 - root - INFO - validating...
2023-07-02 08:51:18,837 - root - INFO - validating...
2023-07-02 09:04:16,826 - root - INFO - validating...
2023-07-02 09:04:16,826 - root - INFO - validating...
2023-07-02 09:04:16,829 - root - INFO - validating...
2023-07-02 09:04:16,829 - root - INFO - validating...
2023-07-02 09:17:10,729 - root - INFO - validating...
2023-07-02 09:17:10,730 - root - INFO - validating...
2023-07-02 09:17:10,730 - root - INFO - validating...
2023-07-02 09:17:10,730 - root - INFO - validating...
2023-07-02 09:30:12,955 - root - INFO - validating...
2023-07-02 09:30:12,956 - root - INFO - validating...
2023-07-02 09:30:12,957 - root - INFO - validating...
2023-07-02 09:30:12,957 - root - INFO - validating...
2023-07-02 09:43:05,436 - root - INFO - validating...
2023-07-02 09:43:05,436 - root - INFO - validating...
2023-07-02 09:43:05,436 - root - INFO - validating...
2023-07-02 09:43:05,437 - root - INFO - validating...
2023-07-02 09:56:00,068 - root - INFO - validating...
2023-07-02 09:56:00,068 - root - INFO - validating...
2023-07-02 09:56:00,068 - root - INFO - validating...
2023-07-02 09:56:00,069 - root - INFO - validating...
2023-07-02 10:09:05,221 - root - INFO - validating...
2023-07-02 10:09:05,222 - root - INFO - validating...
2023-07-02 10:09:05,222 - root - INFO - validating...
2023-07-02 10:09:05,222 - root - INFO - validating...
2023-07-02 10:22:01,473 - root - INFO - validating...
2023-07-02 10:22:01,473 - root - INFO - validating...
2023-07-02 10:22:01,474 - root - INFO - validating...
2023-07-02 10:22:01,475 - root - INFO - validating...
2023-07-02 10:35:00,974 - root - INFO - validating...
2023-07-02 10:35:00,976 - root - INFO - validating...
2023-07-02 10:35:00,977 - root - INFO - validating...
2023-07-02 10:35:00,977 - root - INFO - validating...
2023-07-02 10:48:02,328 - root - INFO - validating...
2023-07-02 10:48:02,328 - root - INFO - validating...
2023-07-02 10:48:02,330 - root - INFO - validating...
2023-07-02 10:48:02,330 - root - INFO - validating...
2023-07-02 11:01:05,828 - root - INFO - validating...
2023-07-02 11:01:05,828 - root - INFO - validating...
2023-07-02 11:01:05,830 - root - INFO - validating...
2023-07-02 11:01:05,830 - root - INFO - validating...
2023-07-02 11:14:07,459 - root - INFO - validating...
2023-07-02 11:14:07,459 - root - INFO - validating...
2023-07-02 11:14:07,459 - root - INFO - validating...
2023-07-02 11:14:07,461 - root - INFO - validating...
2023-07-02 11:27:04,173 - root - INFO - validating...
2023-07-02 11:27:04,173 - root - INFO - validating...
2023-07-02 11:27:04,172 - root - INFO - validating...
2023-07-02 11:27:04,175 - root - INFO - validating...
2023-07-02 11:39:54,974 - root - INFO - validating...
2023-07-02 11:39:54,974 - root - INFO - validating...
2023-07-02 11:39:54,975 - root - INFO - validating...
2023-07-02 11:39:54,976 - root - INFO - validating...
2023-07-02 11:52:58,138 - root - INFO - validating...
2023-07-02 11:52:58,138 - root - INFO - validating...
2023-07-02 11:52:58,138 - root - INFO - validating...
2023-07-02 11:52:58,141 - root - INFO - validating...
2023-07-02 12:06:03,850 - root - INFO - validating...
2023-07-02 12:06:03,850 - root - INFO - validating...
2023-07-02 12:06:03,850 - root - INFO - validating...
2023-07-02 12:06:03,852 - root - INFO - validating...
2023-07-02 12:19:07,537 - root - INFO - validating...
2023-07-02 12:19:07,538 - root - INFO - validating...
2023-07-02 12:19:07,539 - root - INFO - validating...
2023-07-02 12:19:07,539 - root - INFO - validating...
2023-07-02 12:32:08,085 - root - INFO - validating...
2023-07-02 12:32:08,087 - root - INFO - validating...
2023-07-02 12:32:08,087 - root - INFO - validating...
2023-07-02 12:32:08,087 - root - INFO - validating...
2023-07-02 12:45:05,955 - root - INFO - validating...
2023-07-02 12:45:05,955 - root - INFO - validating...
2023-07-02 12:45:05,955 - root - INFO - validating...
2023-07-02 12:45:05,957 - root - INFO - validating...
2023-07-02 12:58:06,748 - root - INFO - validating...
2023-07-02 12:58:06,749 - root - INFO - validating...
2023-07-02 12:58:06,749 - root - INFO - validating...
2023-07-02 12:58:06,751 - root - INFO - validating...
2023-07-02 13:11:11,985 - root - INFO - validating...
2023-07-02 13:11:11,986 - root - INFO - validating...
2023-07-02 13:11:11,985 - root - INFO - validating...
2023-07-02 13:11:11,987 - root - INFO - validating...
2023-07-02 13:24:12,244 - root - INFO - validating...
2023-07-02 13:24:12,244 - root - INFO - validating...
2023-07-02 13:24:12,245 - root - INFO - validating...
2023-07-02 13:24:12,245 - root - INFO - validating...
2023-07-02 13:37:10,926 - root - INFO - validating...
2023-07-02 13:37:10,926 - root - INFO - validating...
2023-07-02 13:37:10,926 - root - INFO - validating...
2023-07-02 13:37:10,926 - root - INFO - validating...
2023-07-02 13:50:08,911 - root - INFO - validating...
2023-07-02 13:50:08,911 - root - INFO - validating...
2023-07-02 13:50:08,911 - root - INFO - validating...
2023-07-02 13:50:08,911 - root - INFO - validating...
2023-07-02 14:03:05,403 - root - INFO - validating...
2023-07-02 14:03:05,403 - root - INFO - validating...
2023-07-02 14:03:05,404 - root - INFO - validating...
2023-07-02 14:03:05,407 - root - INFO - validating...
2023-07-02 14:16:02,621 - root - INFO - validating...
2023-07-02 14:16:02,620 - root - INFO - validating...
2023-07-02 14:16:02,623 - root - INFO - validating...
2023-07-02 14:16:02,625 - root - INFO - validating...
2023-07-02 14:29:00,441 - root - INFO - validating...
2023-07-02 14:29:00,442 - root - INFO - validating...
2023-07-02 14:29:00,442 - root - INFO - validating...
2023-07-02 14:29:00,444 - root - INFO - validating...
2023-07-02 14:42:02,365 - root - INFO - validating...
2023-07-02 14:42:02,366 - root - INFO - validating...
2023-07-02 14:42:02,366 - root - INFO - validating...
2023-07-02 14:42:02,368 - root - INFO - validating...
2023-07-02 14:55:03,476 - root - INFO - validating...
2023-07-02 14:55:03,476 - root - INFO - validating...
2023-07-02 14:55:03,476 - root - INFO - validating...
2023-07-02 14:55:03,477 - root - INFO - validating...
2023-07-02 15:08:01,599 - root - INFO - validating...
2023-07-02 15:08:01,599 - root - INFO - validating...
2023-07-02 15:08:01,601 - root - INFO - validating...
2023-07-02 15:08:01,601 - root - INFO - validating...
2023-07-02 15:21:02,602 - root - INFO - validating...
2023-07-02 15:21:02,602 - root - INFO - validating...
2023-07-02 15:21:02,603 - root - INFO - validating...
2023-07-02 15:21:02,605 - root - INFO - validating...
2023-07-02 15:34:04,919 - root - INFO - validating...
2023-07-02 15:34:04,919 - root - INFO - validating...
2023-07-02 15:34:04,919 - root - INFO - validating...
2023-07-02 15:34:04,921 - root - INFO - validating...
2023-07-02 15:47:04,164 - root - INFO - validating...
2023-07-02 15:47:04,165 - root - INFO - validating...
2023-07-02 15:47:04,165 - root - INFO - validating...
2023-07-02 15:47:04,165 - root - INFO - validating...
2023-07-02 16:00:06,889 - root - INFO - validating...
2023-07-02 16:00:06,890 - root - INFO - validating...
2023-07-02 16:00:06,890 - root - INFO - validating...
2023-07-02 16:00:06,890 - root - INFO - validating...
2023-07-02 16:13:08,509 - root - INFO - validating...
2023-07-02 16:13:08,510 - root - INFO - validating...
2023-07-02 16:13:08,510 - root - INFO - validating...
2023-07-02 16:13:08,511 - root - INFO - validating...
2023-07-02 16:26:10,041 - root - INFO - validating...
2023-07-02 16:26:10,042 - root - INFO - validating...
2023-07-02 16:26:10,042 - root - INFO - validating...
2023-07-02 16:26:10,045 - root - INFO - validating...
2023-07-02 16:39:11,487 - root - INFO - validating...
2023-07-02 16:39:11,487 - root - INFO - validating...
2023-07-02 16:39:11,488 - root - INFO - validating...
2023-07-02 16:39:11,487 - root - INFO - validating...
2023-07-02 16:52:15,022 - root - INFO - validating...
2023-07-02 16:52:15,022 - root - INFO - validating...
2023-07-02 16:52:15,022 - root - INFO - validating...
2023-07-02 16:52:15,023 - root - INFO - validating...
2023-07-02 17:05:12,335 - root - INFO - validating...
2023-07-02 17:05:12,334 - root - INFO - validating...
2023-07-02 17:05:12,335 - root - INFO - validating...
2023-07-02 17:05:12,335 - root - INFO - validating...
2023-07-02 17:18:09,772 - root - INFO - validating...
2023-07-02 17:18:09,772 - root - INFO - validating...
2023-07-02 17:18:09,771 - root - INFO - validating...
2023-07-02 17:18:09,772 - root - INFO - validating...
2023-07-02 17:31:09,833 - root - INFO - validating...
2023-07-02 17:31:09,833 - root - INFO - validating...
2023-07-02 17:31:09,833 - root - INFO - validating...
2023-07-02 17:31:09,835 - root - INFO - validating...
2023-07-02 17:44:07,660 - root - INFO - validating...
2023-07-02 17:44:07,660 - root - INFO - validating...
2023-07-02 17:44:07,660 - root - INFO - validating...
2023-07-02 17:44:07,661 - root - INFO - validating...
2023-07-02 17:57:04,688 - root - INFO - validating...
2023-07-02 17:57:04,688 - root - INFO - validating...
2023-07-02 17:57:04,689 - root - INFO - validating...
2023-07-02 17:57:04,691 - root - INFO - validating...
2023-07-02 18:09:57,075 - root - INFO - validating...
2023-07-02 18:09:57,075 - root - INFO - validating...
2023-07-02 18:09:57,076 - root - INFO - validating...
2023-07-02 18:09:57,078 - root - INFO - validating...
2023-07-02 18:22:48,975 - root - INFO - validating...
2023-07-02 18:22:48,975 - root - INFO - validating...
2023-07-02 18:22:48,975 - root - INFO - validating...
2023-07-02 18:22:48,977 - root - INFO - validating...
2023-07-02 18:35:44,242 - root - INFO - validating...
2023-07-02 18:35:44,242 - root - INFO - validating...
2023-07-02 18:35:44,243 - root - INFO - validating...
2023-07-02 18:35:44,243 - root - INFO - validating...
2023-07-02 18:48:41,144 - root - INFO - validating...
2023-07-02 18:48:41,144 - root - INFO - validating...
2023-07-02 18:48:41,144 - root - INFO - validating...
2023-07-02 18:48:41,145 - root - INFO - validating...
2023-07-02 19:01:40,461 - root - INFO - validating...
2023-07-02 19:01:40,461 - root - INFO - validating...
2023-07-02 19:01:40,463 - root - INFO - validating...
2023-07-02 19:01:40,464 - root - INFO - validating...
2023-07-02 19:14:37,098 - root - INFO - validating...
2023-07-02 19:14:37,098 - root - INFO - validating...
2023-07-02 19:14:37,098 - root - INFO - validating...
2023-07-02 19:14:37,100 - root - INFO - validating...
2023-07-02 19:27:37,983 - root - INFO - validating...
2023-07-02 19:27:37,984 - root - INFO - validating...
2023-07-02 19:27:37,984 - root - INFO - validating...
2023-07-02 19:27:37,984 - root - INFO - validating...
2023-07-02 19:40:34,611 - root - INFO - validating...
2023-07-02 19:40:34,612 - root - INFO - validating...
2023-07-02 19:40:34,612 - root - INFO - validating...
2023-07-02 19:40:34,614 - root - INFO - validating...
2023-07-02 19:53:34,504 - root - INFO - validating...
2023-07-02 19:53:34,504 - root - INFO - validating...
2023-07-02 19:53:34,504 - root - INFO - validating...
2023-07-02 19:53:34,505 - root - INFO - validating...
2023-07-02 20:06:34,354 - root - INFO - validating...
2023-07-02 20:06:34,354 - root - INFO - validating...
2023-07-02 20:06:34,355 - root - INFO - validating...
2023-07-02 20:06:34,355 - root - INFO - validating...
2023-07-02 20:19:29,973 - root - INFO - validating...
2023-07-02 20:19:29,973 - root - INFO - validating...
2023-07-02 20:19:29,974 - root - INFO - validating...
2023-07-02 20:19:29,974 - root - INFO - validating...
2023-07-02 20:32:24,268 - root - INFO - validating...
2023-07-02 20:32:24,269 - root - INFO - validating...
2023-07-02 20:32:24,270 - root - INFO - validating...
2023-07-02 20:32:24,270 - root - INFO - validating...
2023-07-02 20:45:22,172 - root - INFO - validating...
2023-07-02 20:45:22,173 - root - INFO - validating...
2023-07-02 20:45:22,173 - root - INFO - validating...
2023-07-02 20:45:22,175 - root - INFO - validating...
2023-07-02 20:58:25,618 - root - INFO - validating...
2023-07-02 20:58:25,618 - root - INFO - validating...
2023-07-02 20:58:25,618 - root - INFO - validating...
2023-07-02 20:58:25,618 - root - INFO - validating...
2023-07-02 21:11:28,430 - root - INFO - validating...
2023-07-02 21:11:28,430 - root - INFO - validating...
2023-07-02 21:11:28,430 - root - INFO - validating...
2023-07-02 21:11:28,432 - root - INFO - validating...
2023-07-02 21:24:32,406 - root - INFO - validating...
2023-07-02 21:24:32,406 - root - INFO - validating...
2023-07-02 21:24:32,408 - root - INFO - validating...
2023-07-02 21:24:32,408 - root - INFO - validating...
2023-07-02 21:37:33,086 - root - INFO - validating...
2023-07-02 21:37:33,086 - root - INFO - validating...
2023-07-02 21:37:33,086 - root - INFO - validating...
2023-07-02 21:37:33,088 - root - INFO - validating...
2023-07-02 21:50:30,139 - root - INFO - validating...
2023-07-02 21:50:30,139 - root - INFO - validating...
2023-07-02 21:50:30,139 - root - INFO - validating...
2023-07-02 21:50:30,142 - root - INFO - validating...
2023-07-02 22:03:27,309 - root - INFO - validating...
2023-07-02 22:03:27,309 - root - INFO - validating...
2023-07-02 22:03:27,310 - root - INFO - validating...
2023-07-02 22:03:27,312 - root - INFO - validating...
2023-07-02 22:16:29,733 - root - INFO - validating...
2023-07-02 22:16:29,733 - root - INFO - validating...
2023-07-02 22:16:29,733 - root - INFO - validating...
2023-07-02 22:16:29,735 - root - INFO - validating...
2023-07-02 22:29:24,958 - root - INFO - validating...
2023-07-02 22:29:24,958 - root - INFO - validating...
2023-07-02 22:29:24,958 - root - INFO - validating...
2023-07-02 22:29:24,959 - root - INFO - validating...
2023-07-02 22:42:25,075 - root - INFO - validating...
2023-07-02 22:42:25,076 - root - INFO - validating...
2023-07-02 22:42:25,078 - root - INFO - validating...
2023-07-02 22:42:25,078 - root - INFO - validating...
2023-07-02 22:55:22,838 - root - INFO - validating...
2023-07-02 22:55:22,839 - root - INFO - validating...
2023-07-02 22:55:22,839 - root - INFO - validating...
2023-07-02 22:55:22,839 - root - INFO - validating...
2023-07-02 23:08:21,540 - root - INFO - validating...
2023-07-02 23:08:21,540 - root - INFO - validating...
2023-07-02 23:08:21,540 - root - INFO - validating...
2023-07-02 23:08:21,542 - root - INFO - validating...
2023-07-02 23:21:19,350 - root - INFO - validating...
2023-07-02 23:21:19,350 - root - INFO - validating...
2023-07-02 23:21:19,350 - root - INFO - validating...
2023-07-02 23:21:19,351 - root - INFO - validating...
2023-07-02 23:34:17,769 - root - INFO - validating...
2023-07-02 23:34:17,769 - root - INFO - validating...
2023-07-02 23:34:17,769 - root - INFO - validating...
2023-07-02 23:34:17,771 - root - INFO - validating...
2023-07-02 23:47:16,372 - root - INFO - validating...
2023-07-02 23:47:16,373 - root - INFO - validating...
2023-07-02 23:47:16,373 - root - INFO - validating...
2023-07-02 23:47:16,375 - root - INFO - validating...
2023-07-03 00:00:12,078 - root - INFO - validating...
2023-07-03 00:00:12,079 - root - INFO - validating...
2023-07-03 00:00:12,079 - root - INFO - validating...
2023-07-03 00:00:12,079 - root - INFO - validating...
2023-07-03 00:13:08,750 - root - INFO - validating...
2023-07-03 00:13:08,750 - root - INFO - validating...
2023-07-03 00:13:08,750 - root - INFO - validating...
2023-07-03 00:13:08,752 - root - INFO - validating...
2023-07-03 00:26:06,345 - root - INFO - validating...
2023-07-03 00:26:06,345 - root - INFO - validating...
2023-07-03 00:26:06,345 - root - INFO - validating...
2023-07-03 00:26:06,347 - root - INFO - validating...
2023-07-03 00:39:00,790 - root - INFO - validating...
2023-07-03 00:39:00,790 - root - INFO - validating...
2023-07-03 00:39:00,790 - root - INFO - validating...
2023-07-03 00:39:00,790 - root - INFO - validating...
2023-07-03 00:51:56,558 - root - INFO - validating...
2023-07-03 00:51:56,558 - root - INFO - validating...
2023-07-03 00:51:56,558 - root - INFO - validating...
2023-07-03 00:51:56,559 - root - INFO - validating...
2023-07-03 01:04:55,181 - root - INFO - validating...
2023-07-03 01:04:55,181 - root - INFO - validating...
2023-07-03 01:04:55,184 - root - INFO - validating...
2023-07-03 01:04:55,184 - root - INFO - validating...
2023-07-03 01:17:54,040 - root - INFO - validating...
2023-07-03 01:17:54,041 - root - INFO - validating...
2023-07-03 01:17:54,043 - root - INFO - validating...
2023-07-03 01:17:54,043 - root - INFO - validating...
2023-07-03 01:30:51,888 - root - INFO - validating...
2023-07-03 01:30:51,888 - root - INFO - validating...
2023-07-03 01:30:51,888 - root - INFO - validating...
2023-07-03 01:30:51,890 - root - INFO - validating...
2023-07-03 01:43:52,676 - root - INFO - validating...
2023-07-03 01:43:52,676 - root - INFO - validating...
2023-07-03 01:43:52,676 - root - INFO - validating...
2023-07-03 01:43:52,678 - root - INFO - validating...
2023-07-03 01:56:54,306 - root - INFO - validating...
2023-07-03 01:56:54,306 - root - INFO - validating...
2023-07-03 01:56:54,307 - root - INFO - validating...
2023-07-03 01:56:54,307 - root - INFO - validating...
2023-07-03 02:09:52,279 - root - INFO - validating...
2023-07-03 02:09:52,279 - root - INFO - validating...
2023-07-03 02:09:52,279 - root - INFO - validating...
2023-07-03 02:09:52,279 - root - INFO - validating...
2023-07-03 02:22:51,035 - root - INFO - validating...
2023-07-03 02:22:51,035 - root - INFO - validating...
2023-07-03 02:22:51,035 - root - INFO - validating...
2023-07-03 02:22:51,036 - root - INFO - validating...
2023-07-03 02:35:49,186 - root - INFO - validating...
2023-07-03 02:35:49,186 - root - INFO - validating...
2023-07-03 02:35:49,186 - root - INFO - validating...
2023-07-03 02:35:49,186 - root - INFO - validating...
2023-07-03 02:48:51,192 - root - INFO - validating...
2023-07-03 02:48:51,192 - root - INFO - validating...
2023-07-03 02:48:51,192 - root - INFO - validating...
2023-07-03 02:48:51,194 - root - INFO - validating...
2023-07-03 03:01:48,892 - root - INFO - validating...
2023-07-03 03:01:48,892 - root - INFO - validating...
2023-07-03 03:01:48,893 - root - INFO - validating...
2023-07-03 03:01:48,894 - root - INFO - validating...
2023-07-03 03:14:47,229 - root - INFO - validating...
2023-07-03 03:14:47,229 - root - INFO - validating...
2023-07-03 03:14:47,229 - root - INFO - validating...
2023-07-03 03:14:47,229 - root - INFO - validating...
2023-07-03 03:27:44,213 - root - INFO - validating...
2023-07-03 03:27:44,212 - root - INFO - validating...
2023-07-03 03:27:44,213 - root - INFO - validating...
2023-07-03 03:27:44,214 - root - INFO - validating...
2023-07-03 03:40:39,595 - root - INFO - validating...
2023-07-03 03:40:39,595 - root - INFO - validating...
2023-07-03 03:40:39,595 - root - INFO - validating...
2023-07-03 03:40:39,595 - root - INFO - validating...
2023-07-03 03:53:39,245 - root - INFO - validating...
2023-07-03 03:53:39,245 - root - INFO - validating...
2023-07-03 03:53:39,246 - root - INFO - validating...
2023-07-03 03:53:39,246 - root - INFO - validating...
2023-07-03 04:06:41,131 - root - INFO - validating...
2023-07-03 04:06:41,131 - root - INFO - validating...
2023-07-03 04:06:41,131 - root - INFO - validating...
2023-07-03 04:06:41,131 - root - INFO - validating...
2023-07-03 04:19:39,142 - root - INFO - validating...
2023-07-03 04:19:39,142 - root - INFO - validating...
2023-07-03 04:19:39,142 - root - INFO - validating...
2023-07-03 04:19:39,144 - root - INFO - validating...
2023-07-03 04:32:34,536 - root - INFO - validating...
2023-07-03 04:32:34,536 - root - INFO - validating...
2023-07-03 04:32:34,536 - root - INFO - validating...
2023-07-03 04:32:34,538 - root - INFO - validating...
2023-07-03 04:45:30,356 - root - INFO - validating...
2023-07-03 04:45:30,355 - root - INFO - validating...
2023-07-03 04:45:30,356 - root - INFO - validating...
2023-07-03 04:45:30,357 - root - INFO - validating...
2023-07-03 04:58:28,875 - root - INFO - validating...
2023-07-03 04:58:28,876 - root - INFO - validating...
2023-07-03 04:58:28,876 - root - INFO - validating...
2023-07-03 04:58:28,878 - root - INFO - validating...
2023-07-03 05:11:30,406 - root - INFO - validating...
2023-07-03 05:11:30,406 - root - INFO - validating...
2023-07-03 05:11:30,406 - root - INFO - validating...
2023-07-03 05:11:30,406 - root - INFO - validating...
2023-07-03 05:24:29,224 - root - INFO - validating...
2023-07-03 05:24:29,224 - root - INFO - validating...
2023-07-03 05:24:29,225 - root - INFO - validating...
2023-07-03 05:24:29,226 - root - INFO - validating...
2023-07-03 05:37:28,653 - root - INFO - validating...
2023-07-03 05:37:28,653 - root - INFO - validating...
2023-07-03 05:37:28,654 - root - INFO - validating...
2023-07-03 05:37:28,654 - root - INFO - validating...
2023-07-03 05:50:28,596 - root - INFO - validating...
2023-07-03 05:50:28,597 - root - INFO - validating...
2023-07-03 05:50:28,596 - root - INFO - validating...
2023-07-03 05:50:28,597 - root - INFO - validating...
2023-07-03 06:03:25,689 - root - INFO - validating...
2023-07-03 06:03:25,689 - root - INFO - validating...
2023-07-03 06:03:25,689 - root - INFO - validating...
2023-07-03 06:03:25,690 - root - INFO - validating...
2023-07-03 06:16:23,724 - root - INFO - validating...
2023-07-03 06:16:23,724 - root - INFO - validating...
2023-07-03 06:16:23,724 - root - INFO - validating...
2023-07-03 06:16:23,726 - root - INFO - validating...
2023-07-03 06:29:20,824 - root - INFO - validating...
2023-07-03 06:29:20,824 - root - INFO - validating...
2023-07-03 06:29:20,824 - root - INFO - validating...
2023-07-03 06:29:20,824 - root - INFO - validating...
2023-07-03 06:30:20,248 - root - INFO - Terminating training after reaching params.max_epochs while LR scheduler is set to CosineAnnealingLR
2023-07-03 06:30:20,248 - root - INFO - Terminating training after reaching params.max_epochs while LR scheduler is set to CosineAnnealingLR
2023-07-03 06:30:20,306 - root - INFO - Terminating training after reaching params.max_epochs while LR scheduler is set to CosineAnnealingLR
2023-07-03 06:30:20,413 - root - INFO - Terminating training after reaching params.max_epochs while LR scheduler is set to CosineAnnealingLR
paraai-n32-h-01-agent-106:2753810:2755809 [2] NCCL INFO [Service thread] Connection closed by localRank 2
paraai-n32-h-01-agent-106:2753810:2753810 [2] NCCL INFO comm 0x33a0bd00 rank 6 nranks 16 cudaDev 2 busId 81000 - Abort COMPLETE
paraai-n32-h-01-agent-106:2753808:2755811 [0] NCCL INFO [Service thread] Connection closed by localRank 0
paraai-n32-h-01-agent-106:2753808:2753808 [0] NCCL INFO comm 0x138d4d00 rank 4 nranks 16 cudaDev 0 busId 1000 - Abort COMPLETE
paraai-n32-h-01-agent-106:2753809:2755810 [1] NCCL INFO [Service thread] Connection closed by localRank 1
paraai-n32-h-01-agent-106:2753811:2755808 [3] NCCL INFO [Service thread] Connection closed by localRank 3
paraai-n32-h-01-agent-106:2753809:2753809 [1] NCCL INFO comm 0x680422a0 rank 5 nranks 16 cudaDev 1 busId 2000 - Abort COMPLETE
paraai-n32-h-01-agent-106:2753811:2753811 [3] NCCL INFO comm 0x46f6a100 rank 7 nranks 16 cudaDev 3 busId 82000 - Abort COMPLETE
