master_addr is only used for static rdzv_backend and when rdzv_endpoint is not specified.
paraai-n32-h-01-agent-102
paraai-n32-h-01-agent-102
0
------------------ Configuration ------------------ 0 
/home/bingxing2/home/scx6115/Ocean_AI_model/config/Model_2.yaml------------------ Configuration ------------------ 
 /home/bingxing2/home/scx6115/Ocean_AI_model/config/Model_2.yaml
paraai-n32-h-01-agent-102
0
------------------ Configuration ------------------  /home/bingxing2/home/scx6115/Ocean_AI_model/config/Model_2.yaml
paraai-n32-h-01-agent-102
0
------------------ Configuration ------------------  /home/bingxing2/home/scx6115/Ocean_AI_model/config/Model_2.yaml
nettype Masked_AE_Ocean
log_to_wandb True
lr 0.001
batch_size 32
max_epochs 150
scheduler CosineAnnealingLR
fusion_3d_2d False
in_channels [0, 1, 2, 3, 4, 5, 6, 7, 8, 9, 10, 11, 12, 13, 14, 15, 16, 17, 18, 19, 20, 21, 22, 23, 24, 25, 26, 27, 28, 29, 30, 31, 32, 33, 34, 35, 36, 37, 38, 39, 40, 41, 42, 43, 44, 45, 46, 47, 48, 49, 50, 51, 52, 53, 54, 55, 56, 57, 58, 59, 60, 61, 62, 63, 64, 65]
out_channels [0, 1, 2, 3, 4, 5, 6, 7, 8, 9, 10, 11, 12, 13, 14, 15, 16, 17, 18, 19, 20, 21, 22, 23, 24, 25, 26, 27, 28, 29, 30, 31, 32, 33, 34, 35, 36, 37, 38, 39, 40, 41, 42, 43, 44, 45, 46, 47, 48, 49, 50, 51, 52, 53, 54, 55, 56, 57, 58, 59, 60]
N_in_channels 66
N_out_channels 61
img_size_h 720
img_size_w 1440
patch_size_h 8
patch_size_w 8
mlp_ratio 4.0
embed_dim 1024
depth 12
num_heads 16
decoder_embed_dim 1024
decoder_depth 8
decoder_num_headsnettype  16Masked_AE_Ocean

koopman_depthlog_to_wandb  2True

modes_h_ratiolr  10.001

modes_w_ratiobatch_size  0.832

drop_ratemax_epochs  0.0150

drop_path_ratescheduler  0.0CosineAnnealingLR

sparsity_thresholdfusion_3d_2d  0.01False

hard_thresholding_fractionin_channels nettype 1.0 [0, 1, 2, 3, 4, 5, 6, 7, 8, 9, 10, 11, 12, 13, 14, 15, 16, 17, 18, 19, 20, 21, 22, 23, 24, 25, 26, 27, 28, 29, 30, 31, 32, 33, 34, 35, 36, 37, 38, 39, 40, 41, 42, 43, 44, 45, 46, 47, 48, 49, 50, 51, 52, 53, 54, 55, 56, 57, 58, 59, 60, 61, 62, 63, 64, 65]
Masked_AE_Ocean
num_blocks
out_channels log_to_wandb 8 [0, 1, 2, 3, 4, 5, 6, 7, 8, 9, 10, 11, 12, 13, 14, 15, 16, 17, 18, 19, 20, 21, 22, 23, 24, 25, 26, 27, 28, 29, 30, 31, 32, 33, 34, 35, 36, 37, 38, 39, 40, 41, 42, 43, 44, 45, 46, 47, 48, 49, 50, 51, 52, 53, 54, 55, 56, 57, 58, 59, 60]
True
loss
N_in_channels lr l2 66
0.001
num_data_workers
N_out_channels batch_size 0 61
32
dt
img_size_h max_epochs 1 720
150
n_history
img_size_w scheduler 0 1440
CosineAnnealingLR
prediction_type
patch_size_h fusion_3d_2d iterative 8
False
prediction_length
patch_size_w in_channels 41 8
[0, 1, 2, 3, 4, 5, 6, 7, 8, 9, 10, 11, 12, 13, 14, 15, 16, 17, 18, 19, 20, 21, 22, 23, 24, 25, 26, 27, 28, 29, 30, 31, 32, 33, 34, 35, 36, 37, 38, 39, 40, 41, 42, 43, 44, 45, 46, 47, 48, 49, 50, 51, 52, 53, 54, 55, 56, 57, 58, 59, 60, 61, 62, 63, 64, 65]
n_initial_conditions
mlp_ratio out_channels 5 4.0
[0, 1, 2, 3, 4, 5, 6, 7, 8, 9, 10, 11, 12, 13, 14, 15, 16, 17, 18, 19, 20, 21, 22, 23, 24, 25, 26, 27, 28, 29, 30, 31, 32, 33, 34, 35, 36, 37, 38, 39, 40, 41, 42, 43, 44, 45, 46, 47, 48, 49, 50, 51, 52, 53, 54, 55, 56, 57, 58, 59, 60]
ics_type
embed_dim N_in_channels default 1024
66
date_strings
depth N_out_channels ['2018-09-14 00:00:00'] nettype12
61 
save_raw_forecasts
Masked_AE_Oceannum_heads img_size_h
 True log_to_wandb16
720 
save_channel
Truedecoder_embed_dim img_size_w
 False lr1024
1440 
masked_acc
0.001decoder_depth patch_size_h
 False batch_size8
8 
maskpath
32decoder_num_heads patch_size_w
 None max_epochs16
8 
perturb
150koopman_depth mlp_ratio
 False scheduler2
4.0 
add_grid
CosineAnnealingLRmodes_h_ratio embed_dim
 False fusion_3d_2d1
1024 
N_grid_channels
Falsemodes_w_ratio depth
 0 in_channels0.8
12 
gridtype
[0, 1, 2, 3, 4, 5, 6, 7, 8, 9, 10, 11, 12, 13, 14, 15, 16, 17, 18, 19, 20, 21, 22, 23, 24, 25, 26, 27, 28, 29, 30, 31, 32, 33, 34, 35, 36, 37, 38, 39, 40, 41, 42, 43, 44, 45, 46, 47, 48, 49, 50, 51, 52, 53, 54, 55, 56, 57, 58, 59, 60, 61, 62, 63, 64, 65]drop_rate num_heads
 sinusoidal out_channels0.0
16 
roll
[0, 1, 2, 3, 4, 5, 6, 7, 8, 9, 10, 11, 12, 13, 14, 15, 16, 17, 18, 19, 20, 21, 22, 23, 24, 25, 26, 27, 28, 29, 30, 31, 32, 33, 34, 35, 36, 37, 38, 39, 40, 41, 42, 43, 44, 45, 46, 47, 48, 49, 50, 51, 52, 53, 54, 55, 56, 57, 58, 59, 60]drop_path_rate decoder_embed_dim
 False N_in_channels0.0
1024 
enable_nhwc
66sparsity_threshold decoder_depth
 False N_out_channels0.01
8 
optimizer_type
61hard_thresholding_fraction decoder_num_heads
 FusedAdam img_size_h1.0
16 
exp_dir
720num_blocks koopman_depth
 ./exp_15_levels img_size_w8
2 
patch_size
1440loss modes_h_ratio
 8 patch_size_hl2
1 
width
8num_data_workers modes_w_ratio
 56 patch_size_w0
0.8 
modes
8dt drop_rate
 32 mlp_ratio1
0.0 
target
4.0n_history drop_path_rate
 default embed_dim0
0.0 
train_data_path
1024prediction_type sparsity_threshold
 /home/bingxing2/home/scx6115/Ocean_AI_model/sample_01/train depthiterative
0.01 
valid_data_path
12prediction_length hard_thresholding_fraction
 /home/bingxing2/home/scx6115/Ocean_AI_model/sample_01/valid num_heads41
1.0 
test_data_path
16n_initial_conditions num_blocks
 /home/bingxing2/home/scx6115/Ocean_AI_model/sample_01/test decoder_embed_dim5
8 
land_mask
1024ics_type loss
 Truedecoder_depthdefault
  
land_mask_pathl28date_strings 

 /home/bingxing2/home/scx6115/Ocean_AI_model/sample_01/land_mask.h5num_data_workersdecoder_num_heads['2018-09-14 00:00:00']
  
normalize016save_raw_forecasts 

 Truedtkoopman_depthTrue
  
normalization12save_channel 

 zscoren_historymodes_h_ratioFalse
  
global_mins_path01masked_acc 

 /home/bingxing2/home/scx6115/Ocean_AI_model/sample_01/train/global_mins.npyprediction_typemodes_w_ratioFalse
  
global_maxs_pathiterative0.8maskpath 

 /home/bingxing2/home/scx6115/Ocean_AI_model/sample_01/train/global_maxs.npyprediction_lengthdrop_rateNone
  
global_means_path410.0perturb 

 /home/bingxing2/home/scx6115/Ocean_AI_model/sample_01/train/global_means.npyn_initial_conditionsdrop_path_rateFalse
  
global_stds_path50.0add_grid 

 /home/bingxing2/home/scx6115/Ocean_AI_model/sample_01/train/global_stds.npyics_typesparsity_thresholdFalse
  
orographydefault0.01N_grid_channels 

 Truedate_stringshard_thresholding_fraction0
  
orography_norm_zscore_path['2018-09-14 00:00:00']1.0gridtype 

 /home/bingxing2/home/scx6115/Ocean_AI_model/sample_01/orography_norm_zscore.h5save_raw_forecastsnum_blockssinusoidal
  
orography_norm_maxmin_pathTrue8roll 

 /home/bingxing2/home/scx6115/Ocean_AI_model/sample_01/orography_norm_maxmin.h5save_channellossFalse
  
add_noiseFalsel2enable_nhwc 

 Falsemasked_accnum_data_workersFalse
  
noise_stdFalse0optimizer_type 

 0maskpathdtFusedAdam
  
crop_size_xNone1exp_dir 

 Noneperturbn_history./exp_15_levels
  
crop_size_yFalse0patch_size 

 Noneadd_gridprediction_type8
  
log_to_screenFalseiterativewidth 

 TrueN_grid_channelsprediction_length56
  
save_checkpoint041modes 

 Truegridtypen_initial_conditions32
  
plot_animationssinusoidal5target 

 Falserollics_typedefault
  
Falsedefaulttrain_data_path---------------------------------------------------

 
enable_nhwcdate_strings/home/bingxing2/home/scx6115/Ocean_AI_model/sample_01/trainworld_size :  
 False['2018-09-14 00:00:00']valid_data_path16

 
optimizer_typesave_raw_forecasts/home/bingxing2/home/scx6115/Ocean_AI_model/sample_01/validInitialize distributed process group...  

FusedAdamTruetest_data_path

 exp_dirsave_channel/home/bingxing2/home/scx6115/Ocean_AI_model/sample_01/test  
./exp_15_levelsFalseland_mask

 patch_sizemasked_accTrue  
8Falseland_mask_path

 widthmaskpath/home/bingxing2/home/scx6115/Ocean_AI_model/sample_01/land_mask.h5  
56Nonenormalize

 modesperturbTrue  
32Falsenormalization

 targetadd_gridzscore  
defaultFalseglobal_mins_path

 train_data_pathN_grid_channels/home/bingxing2/home/scx6115/Ocean_AI_model/sample_01/train/global_mins.npy  
/home/bingxing2/home/scx6115/Ocean_AI_model/sample_01/train0global_maxs_path

 valid_data_pathgridtype/home/bingxing2/home/scx6115/Ocean_AI_model/sample_01/train/global_maxs.npy  
/home/bingxing2/home/scx6115/Ocean_AI_model/sample_01/validsinusoidalglobal_means_path

 test_data_pathroll/home/bingxing2/home/scx6115/Ocean_AI_model/sample_01/train/global_means.npy  
/home/bingxing2/home/scx6115/Ocean_AI_model/sample_01/testFalseglobal_stds_path

 land_maskenable_nhwc/home/bingxing2/home/scx6115/Ocean_AI_model/sample_01/train/global_stds.npy  
TrueFalseorography

 land_mask_pathoptimizer_typeTrue  
/home/bingxing2/home/scx6115/Ocean_AI_model/sample_01/land_mask.h5FusedAdamorography_norm_zscore_path

 normalizeexp_dir/home/bingxing2/home/scx6115/Ocean_AI_model/sample_01/orography_norm_zscore.h5  
True./exp_15_levelsorography_norm_maxmin_path

 normalizationpatch_size/home/bingxing2/home/scx6115/Ocean_AI_model/sample_01/orography_norm_maxmin.h5  
zscore
8global_mins_pathadd_noise
  width/home/bingxing2/home/scx6115/Ocean_AI_model/sample_01/train/global_mins.npyFalse 

56global_maxs_pathnoise_std
  modes/home/bingxing2/home/scx6115/Ocean_AI_model/sample_01/train/global_maxs.npy0 

32global_means_pathcrop_size_x
  target/home/bingxing2/home/scx6115/Ocean_AI_model/sample_01/train/global_means.npyNone 

defaultglobal_stds_pathcrop_size_y
  train_data_path/home/bingxing2/home/scx6115/Ocean_AI_model/sample_01/train/global_stds.npyNone 

/home/bingxing2/home/scx6115/Ocean_AI_model/sample_01/trainorographylog_to_screen
  valid_data_pathTrueTrue 

/home/bingxing2/home/scx6115/Ocean_AI_model/sample_01/validorography_norm_zscore_pathsave_checkpoint
  test_data_path/home/bingxing2/home/scx6115/Ocean_AI_model/sample_01/orography_norm_zscore.h5True 

/home/bingxing2/home/scx6115/Ocean_AI_model/sample_01/testorography_norm_maxmin_pathplot_animations
  land_mask/home/bingxing2/home/scx6115/Ocean_AI_model/sample_01/orography_norm_maxmin.h5False 

Trueadd_noise
 land_mask_pathFalse--------------------------------------------------- 

/home/bingxing2/home/scx6115/Ocean_AI_model/sample_01/land_mask.h5noise_std
world_size : normalize 0 16
True
crop_size_x
Initialize distributed process group... normalization
None 
zscorecrop_size_y
 global_mins_pathNone 
/home/bingxing2/home/scx6115/Ocean_AI_model/sample_01/train/global_mins.npylog_to_screen
 global_maxs_pathTrue 
/home/bingxing2/home/scx6115/Ocean_AI_model/sample_01/train/global_maxs.npysave_checkpoint
 global_means_pathTrue 
/home/bingxing2/home/scx6115/Ocean_AI_model/sample_01/train/global_means.npyplot_animations
 global_stds_pathFalse 
/home/bingxing2/home/scx6115/Ocean_AI_model/sample_01/train/global_stds.npy
orography True
---------------------------------------------------orography_norm_zscore_path
 /home/bingxing2/home/scx6115/Ocean_AI_model/sample_01/orography_norm_zscore.h5world_size :
 orography_norm_maxmin_path16 
/home/bingxing2/home/scx6115/Ocean_AI_model/sample_01/orography_norm_maxmin.h5Initialize distributed process group...

add_noise False
noise_std 0
crop_size_x None
crop_size_y None
log_to_screen True
save_checkpoint True
plot_animations False
---------------------------------------------------
world_size : 16
Initialize distributed process group...
2023-07-03 20:46:18,332 - torch.distributed.distributed_c10d - INFO - Added key: store_based_barrier_key:1 to store for rank: 2
2023-07-03 20:46:18,333 - torch.distributed.distributed_c10d - INFO - Added key: store_based_barrier_key:1 to store for rank: 1
2023-07-03 20:46:18,333 - torch.distributed.distributed_c10d - INFO - Added key: store_based_barrier_key:1 to store for rank: 3
2023-07-03 20:46:19,217 - torch.distributed.distributed_c10d - INFO - Added key: store_based_barrier_key:1 to store for rank: 0
2023-07-03 20:46:19,218 - torch.distributed.distributed_c10d - INFO - Rank 0: Completed store-based barrier for key:store_based_barrier_key:1 with 16 nodes.
2023-07-03 20:46:19,222 - torch.distributed.distributed_c10d - INFO - Rank 2: Completed store-based barrier for key:store_based_barrier_key:1 with 16 nodes.
2023-07-03 20:46:19,222 - torch.distributed.distributed_c10d - INFO - Rank 1: Completed store-based barrier for key:store_based_barrier_key:1 with 16 nodes.
2023-07-03 20:46:19,223 - torch.distributed.distributed_c10d - INFO - Rank 3: Completed store-based barrier for key:store_based_barrier_key:1 with 16 nodes.
2023-07-03 20:46:19,311 - root - INFO - device: cuda:2
2023-07-03 20:46:19,311 - root - INFO - rank 2, begin data loader init
2023-07-03 20:46:19,316 - root - INFO - Getting file stats from /home/bingxing2/home/scx6115/Ocean_AI_model/sample_01/train/2000.h5
2023-07-03 20:46:19,317 - root - INFO - Number of samples per year: 365
2023-07-03 20:46:19,317 - root - INFO - Found data at path /home/bingxing2/home/scx6115/Ocean_AI_model/sample_01/train. Number of examples: 4015. Image Shape: 720 x 1440 x 66
2023-07-03 20:46:19,317 - root - INFO - Delta t: 1 days
2023-07-03 20:46:19,317 - root - INFO - Including 0 days of past history in training at a frequency of 1 days
2023-07-03 20:46:19,319 - root - INFO - device: cuda:1
2023-07-03 20:46:19,319 - root - INFO - rank 1, begin data loader init
2023-07-03 20:46:19,320 - root - INFO - device: cuda:3
2023-07-03 20:46:19,320 - root - INFO - rank 3, begin data loader init
2023-07-03 20:46:19,321 - root - INFO - Getting file stats from /home/bingxing2/home/scx6115/Ocean_AI_model/sample_01/valid/2011.h5
2023-07-03 20:46:19,321 - root - INFO - Getting file stats from /home/bingxing2/home/scx6115/Ocean_AI_model/sample_01/train/2000.h5
2023-07-03 20:46:19,322 - root - INFO - Number of samples per year: 364
2023-07-03 20:46:19,322 - root - INFO - Getting file stats from /home/bingxing2/home/scx6115/Ocean_AI_model/sample_01/train/2000.h5
2023-07-03 20:46:19,322 - root - INFO - Found data at path /home/bingxing2/home/scx6115/Ocean_AI_model/sample_01/valid. Number of examples: 364. Image Shape: 720 x 1440 x 66
2023-07-03 20:46:19,322 - root - INFO - Delta t: 1 days
2023-07-03 20:46:19,322 - root - INFO - Including 0 days of past history in training at a frequency of 1 days
2023-07-03 20:46:19,322 - root - INFO - rank 2, data loader initialized
2023-07-03 20:46:19,323 - root - INFO - Number of samples per year: 365
2023-07-03 20:46:19,323 - root - INFO - Found data at path /home/bingxing2/home/scx6115/Ocean_AI_model/sample_01/train. Number of examples: 4015. Image Shape: 720 x 1440 x 66
2023-07-03 20:46:19,323 - root - INFO - Delta t: 1 days
2023-07-03 20:46:19,323 - root - INFO - Including 0 days of past history in training at a frequency of 1 days
2023-07-03 20:46:19,324 - root - INFO - Number of samples per year: 365
2023-07-03 20:46:19,324 - root - INFO - Found data at path /home/bingxing2/home/scx6115/Ocean_AI_model/sample_01/train. Number of examples: 4015. Image Shape: 720 x 1440 x 66
2023-07-03 20:46:19,324 - root - INFO - Delta t: 1 days
2023-07-03 20:46:19,324 - root - INFO - Including 0 days of past history in training at a frequency of 1 days
2023-07-03 20:46:19,325 - root - INFO - Getting file stats from /home/bingxing2/home/scx6115/Ocean_AI_model/sample_01/valid/2011.h5
2023-07-03 20:46:19,326 - root - INFO - Getting file stats from /home/bingxing2/home/scx6115/Ocean_AI_model/sample_01/valid/2011.h5
2023-07-03 20:46:19,326 - root - INFO - Number of samples per year: 364
2023-07-03 20:46:19,326 - root - INFO - Found data at path /home/bingxing2/home/scx6115/Ocean_AI_model/sample_01/valid. Number of examples: 364. Image Shape: 720 x 1440 x 66
2023-07-03 20:46:19,326 - root - INFO - Delta t: 1 days
2023-07-03 20:46:19,326 - root - INFO - Including 0 days of past history in training at a frequency of 1 days
2023-07-03 20:46:19,326 - root - INFO - rank 1, data loader initialized
2023-07-03 20:46:19,327 - root - INFO - Number of samples per year: 364
2023-07-03 20:46:19,327 - root - INFO - Found data at path /home/bingxing2/home/scx6115/Ocean_AI_model/sample_01/valid. Number of examples: 364. Image Shape: 720 x 1440 x 66
2023-07-03 20:46:19,327 - root - INFO - Delta t: 1 days
2023-07-03 20:46:19,327 - root - INFO - Including 0 days of past history in training at a frequency of 1 days
2023-07-03 20:46:19,327 - root - INFO - rank 3, data loader initialized
2023-07-03 20:46:19,376 - root - INFO - ------------------ Configuration ------------------
2023-07-03 20:46:19,376 - root - INFO - Configuration file: /home/bingxing2/home/scx6115/Ocean_AI_model/config/Model_2.yaml
2023-07-03 20:46:19,376 - root - INFO - Configuration name: Masked_AE_Ocean
2023-07-03 20:46:19,376 - root - INFO - nettype Masked_AE_Ocean
2023-07-03 20:46:19,376 - root - INFO - log_to_wandb True
2023-07-03 20:46:19,376 - root - INFO - lr 0.001
2023-07-03 20:46:19,377 - root - INFO - batch_size 2
2023-07-03 20:46:19,377 - root - INFO - max_epochs 150
2023-07-03 20:46:19,377 - root - INFO - scheduler CosineAnnealingLR
2023-07-03 20:46:19,377 - root - INFO - fusion_3d_2d False
2023-07-03 20:46:19,377 - root - INFO - in_channels [0, 1, 2, 3, 4, 5, 6, 7, 8, 9, 10, 11, 12, 13, 14, 15, 16, 17, 18, 19, 20, 21, 22, 23, 24, 25, 26, 27, 28, 29, 30, 31, 32, 33, 34, 35, 36, 37, 38, 39, 40, 41, 42, 43, 44, 45, 46, 47, 48, 49, 50, 51, 52, 53, 54, 55, 56, 57, 58, 59, 60, 61, 62, 63, 64, 65]
2023-07-03 20:46:19,377 - root - INFO - out_channels [0, 1, 2, 3, 4, 5, 6, 7, 8, 9, 10, 11, 12, 13, 14, 15, 16, 17, 18, 19, 20, 21, 22, 23, 24, 25, 26, 27, 28, 29, 30, 31, 32, 33, 34, 35, 36, 37, 38, 39, 40, 41, 42, 43, 44, 45, 46, 47, 48, 49, 50, 51, 52, 53, 54, 55, 56, 57, 58, 59, 60]
2023-07-03 20:46:19,377 - root - INFO - N_in_channels 66
2023-07-03 20:46:19,377 - root - INFO - N_out_channels 61
2023-07-03 20:46:19,377 - root - INFO - img_size_h 720
2023-07-03 20:46:19,377 - root - INFO - img_size_w 1440
2023-07-03 20:46:19,377 - root - INFO - patch_size_h 8
2023-07-03 20:46:19,377 - root - INFO - patch_size_w 8
2023-07-03 20:46:19,377 - root - INFO - mlp_ratio 4.0
2023-07-03 20:46:19,378 - root - INFO - embed_dim 1024
2023-07-03 20:46:19,378 - root - INFO - depth 12
2023-07-03 20:46:19,378 - root - INFO - num_heads 16
2023-07-03 20:46:19,378 - root - INFO - decoder_embed_dim 1024
2023-07-03 20:46:19,378 - root - INFO - decoder_depth 8
2023-07-03 20:46:19,378 - root - INFO - decoder_num_heads 16
2023-07-03 20:46:19,378 - root - INFO - koopman_depth 2
2023-07-03 20:46:19,378 - root - INFO - modes_h_ratio 1
2023-07-03 20:46:19,378 - root - INFO - modes_w_ratio 0.8
2023-07-03 20:46:19,378 - root - INFO - drop_rate 0.0
2023-07-03 20:46:19,378 - root - INFO - drop_path_rate 0.0
2023-07-03 20:46:19,378 - root - INFO - sparsity_threshold 0.01
2023-07-03 20:46:19,378 - root - INFO - hard_thresholding_fraction 1.0
2023-07-03 20:46:19,379 - root - INFO - num_blocks 8
2023-07-03 20:46:19,379 - root - INFO - loss l2
2023-07-03 20:46:19,379 - root - INFO - num_data_workers 0
2023-07-03 20:46:19,379 - root - INFO - dt 1
2023-07-03 20:46:19,379 - root - INFO - n_history 0
2023-07-03 20:46:19,379 - root - INFO - prediction_type iterative
2023-07-03 20:46:19,379 - root - INFO - prediction_length 41
2023-07-03 20:46:19,379 - root - INFO - n_initial_conditions 5
2023-07-03 20:46:19,379 - root - INFO - ics_type default
2023-07-03 20:46:19,379 - root - INFO - date_strings ['2018-09-14 00:00:00']
2023-07-03 20:46:19,379 - root - INFO - save_raw_forecasts True
2023-07-03 20:46:19,379 - root - INFO - save_channel False
2023-07-03 20:46:19,379 - root - INFO - masked_acc False
2023-07-03 20:46:19,380 - root - INFO - maskpath None
2023-07-03 20:46:19,380 - root - INFO - perturb False
2023-07-03 20:46:19,380 - root - INFO - add_grid False
2023-07-03 20:46:19,380 - root - INFO - N_grid_channels 0
2023-07-03 20:46:19,380 - root - INFO - gridtype sinusoidal
2023-07-03 20:46:19,380 - root - INFO - roll False
2023-07-03 20:46:19,380 - root - INFO - enable_nhwc False
2023-07-03 20:46:19,380 - root - INFO - optimizer_type FusedAdam
2023-07-03 20:46:19,380 - root - INFO - exp_dir ./exp_15_levels
2023-07-03 20:46:19,380 - root - INFO - patch_size 8
2023-07-03 20:46:19,380 - root - INFO - width 56
2023-07-03 20:46:19,380 - root - INFO - modes 32
2023-07-03 20:46:19,380 - root - INFO - target default
2023-07-03 20:46:19,380 - root - INFO - train_data_path /home/bingxing2/home/scx6115/Ocean_AI_model/sample_01/train
2023-07-03 20:46:19,381 - root - INFO - valid_data_path /home/bingxing2/home/scx6115/Ocean_AI_model/sample_01/valid
2023-07-03 20:46:19,381 - root - INFO - test_data_path /home/bingxing2/home/scx6115/Ocean_AI_model/sample_01/test
2023-07-03 20:46:19,381 - root - INFO - land_mask True
2023-07-03 20:46:19,381 - root - INFO - land_mask_path /home/bingxing2/home/scx6115/Ocean_AI_model/sample_01/land_mask.h5
2023-07-03 20:46:19,381 - root - INFO - normalize True
2023-07-03 20:46:19,381 - root - INFO - normalization zscore
2023-07-03 20:46:19,381 - root - INFO - global_mins_path /home/bingxing2/home/scx6115/Ocean_AI_model/sample_01/train/global_mins.npy
2023-07-03 20:46:19,381 - root - INFO - global_maxs_path /home/bingxing2/home/scx6115/Ocean_AI_model/sample_01/train/global_maxs.npy
2023-07-03 20:46:19,381 - root - INFO - global_means_path /home/bingxing2/home/scx6115/Ocean_AI_model/sample_01/train/global_means.npy
2023-07-03 20:46:19,381 - root - INFO - global_stds_path /home/bingxing2/home/scx6115/Ocean_AI_model/sample_01/train/global_stds.npy
2023-07-03 20:46:19,381 - root - INFO - orography True
2023-07-03 20:46:19,381 - root - INFO - orography_norm_zscore_path /home/bingxing2/home/scx6115/Ocean_AI_model/sample_01/orography_norm_zscore.h5
2023-07-03 20:46:19,381 - root - INFO - orography_norm_maxmin_path /home/bingxing2/home/scx6115/Ocean_AI_model/sample_01/orography_norm_maxmin.h5
2023-07-03 20:46:19,382 - root - INFO - add_noise False
2023-07-03 20:46:19,382 - root - INFO - noise_std 0
2023-07-03 20:46:19,382 - root - INFO - crop_size_x None
2023-07-03 20:46:19,382 - root - INFO - crop_size_y None
2023-07-03 20:46:19,382 - root - INFO - log_to_screen True
2023-07-03 20:46:19,382 - root - INFO - save_checkpoint True
2023-07-03 20:46:19,382 - root - INFO - plot_animations False
2023-07-03 20:46:19,382 - root - INFO - epsilon_factor 0
2023-07-03 20:46:19,382 - root - INFO - multi_steps_finetune 1
2023-07-03 20:46:19,382 - root - INFO - finetune_max_epochs 0
2023-07-03 20:46:19,382 - root - INFO - world_size 16
2023-07-03 20:46:19,382 - root - INFO - local_rank 0
2023-07-03 20:46:19,382 - root - INFO - global_batch_size 32
2023-07-03 20:46:19,382 - root - INFO - enable_amp True
2023-07-03 20:46:19,383 - root - INFO - experiment_dir /home/bingxing2/home/scx6115/Ocean_AI_model/exp_15_levels/Masked_AE_Ocean/20230703-204606
2023-07-03 20:46:19,383 - root - INFO - checkpoint_path ./exp_15_levels/Masked_AE_Ocean/20230703-204606/training_checkpoints/ckpt.tar
2023-07-03 20:46:19,383 - root - INFO - best_checkpoint_path ./exp_15_levels/Masked_AE_Ocean/20230703-204606/training_checkpoints/best_ckpt.tar
2023-07-03 20:46:19,383 - root - INFO - resuming False
2023-07-03 20:46:19,383 - root - INFO - entity ocean_ai_model
2023-07-03 20:46:19,383 - root - INFO - project ai4science
2023-07-03 20:46:19,383 - root - INFO - group 025_daily_15_levels
2023-07-03 20:46:19,383 - root - INFO - name Masked_AE_Ocean_20230703-204606
2023-07-03 20:46:19,383 - root - INFO - ---------------------------------------------------
wandb: Tracking run with wandb version 0.15.3
wandb: W&B syncing is set to `offline` in this directory.  
wandb: Run `wandb online` or set WANDB_MODE=online to enable cloud syncing.
2023-07-03 20:46:28,530 - root - INFO - device: cuda:0
2023-07-03 20:46:28,530 - root - INFO - rank 0, begin data loader init
2023-07-03 20:46:28,570 - root - INFO - Getting file stats from /home/bingxing2/home/scx6115/Ocean_AI_model/sample_01/train/2000.h5
2023-07-03 20:46:28,571 - root - INFO - Number of samples per year: 365
2023-07-03 20:46:28,571 - root - INFO - Found data at path /home/bingxing2/home/scx6115/Ocean_AI_model/sample_01/train. Number of examples: 4015. Image Shape: 720 x 1440 x 66
2023-07-03 20:46:28,572 - root - INFO - Delta t: 1 days
2023-07-03 20:46:28,572 - root - INFO - Including 0 days of past history in training at a frequency of 1 days
2023-07-03 20:46:28,574 - root - INFO - Getting file stats from /home/bingxing2/home/scx6115/Ocean_AI_model/sample_01/valid/2011.h5
2023-07-03 20:46:28,575 - root - INFO - Number of samples per year: 364
2023-07-03 20:46:28,575 - root - INFO - Found data at path /home/bingxing2/home/scx6115/Ocean_AI_model/sample_01/valid. Number of examples: 364. Image Shape: 720 x 1440 x 66
2023-07-03 20:46:28,576 - root - INFO - Delta t: 1 days
2023-07-03 20:46:28,576 - root - INFO - Including 0 days of past history in training at a frequency of 1 days
2023-07-03 20:46:28,576 - root - INFO - rank 0, data loader initialized
paraai-n32-h-01-agent-102:4080077:4080077 [0] NCCL INFO Bootstrap : Using eth0:172.16.4.77<0>
paraai-n32-h-01-agent-102:4080077:4080077 [0] NCCL INFO NET/Plugin : No plugin found (libnccl-net.so), using internal implementation
paraai-n32-h-01-agent-102:4080078:4080078 [1] NCCL INFO cudaDriverVersion 11060
paraai-n32-h-01-agent-102:4080077:4080077 [0] NCCL INFO cudaDriverVersion 11060
paraai-n32-h-01-agent-102:4080080:4080080 [3] NCCL INFO cudaDriverVersion 11060
paraai-n32-h-01-agent-102:4080079:4080079 [2] NCCL INFO cudaDriverVersion 11060
NCCL version 2.14.3+cuda11.7
paraai-n32-h-01-agent-102:4080079:4080079 [2] NCCL INFO Bootstrap : Using eth0:172.16.4.77<0>
paraai-n32-h-01-agent-102:4080080:4080080 [3] NCCL INFO Bootstrap : Using eth0:172.16.4.77<0>
paraai-n32-h-01-agent-102:4080078:4080078 [1] NCCL INFO Bootstrap : Using eth0:172.16.4.77<0>
paraai-n32-h-01-agent-102:4080080:4080080 [3] NCCL INFO NET/Plugin : No plugin found (libnccl-net.so), using internal implementation
paraai-n32-h-01-agent-102:4080079:4080079 [2] NCCL INFO NET/Plugin : No plugin found (libnccl-net.so), using internal implementation
paraai-n32-h-01-agent-102:4080078:4080078 [1] NCCL INFO NET/Plugin : No plugin found (libnccl-net.so), using internal implementation
paraai-n32-h-01-agent-102:4080077:4080856 [0] NCCL INFO NET/IB : Using [0]mlx5_0:1/RoCE [1]mlx5_2:1/RoCE [RO]; OOB eth0:172.16.4.77<0>
paraai-n32-h-01-agent-102:4080077:4080856 [0] NCCL INFO Using network IB
paraai-n32-h-01-agent-102:4080080:4080859 [3] NCCL INFO NET/IB : Using [0]mlx5_0:1/RoCE [1]mlx5_2:1/RoCE [RO]; OOB eth0:172.16.4.77<0>
paraai-n32-h-01-agent-102:4080080:4080859 [3] NCCL INFO Using network IB
paraai-n32-h-01-agent-102:4080079:4080860 [2] NCCL INFO NET/IB : Using [0]mlx5_0:1/RoCE [1]mlx5_2:1/RoCE [RO]; OOB eth0:172.16.4.77<0>
paraai-n32-h-01-agent-102:4080079:4080860 [2] NCCL INFO Using network IB
paraai-n32-h-01-agent-102:4080078:4080861 [1] NCCL INFO NET/IB : Using [0]mlx5_0:1/RoCE [1]mlx5_2:1/RoCE [RO]; OOB eth0:172.16.4.77<0>
paraai-n32-h-01-agent-102:4080078:4080861 [1] NCCL INFO Using network IB
paraai-n32-h-01-agent-102:4080077:4080856 [0] NCCL INFO Setting affinity for GPU 0 to ffffffff
paraai-n32-h-01-agent-102:4080078:4080861 [1] NCCL INFO Setting affinity for GPU 1 to ffffffff
paraai-n32-h-01-agent-102:4080079:4080860 [2] NCCL INFO Setting affinity for GPU 2 to ffffffff,00000000,00000000
paraai-n32-h-01-agent-102:4080080:4080859 [3] NCCL INFO Setting affinity for GPU 3 to ffffffff,00000000,00000000
paraai-n32-h-01-agent-102:4080080:4080859 [3] NCCL INFO NCCL_MAX_NCHANNELS set by environment to 16.
paraai-n32-h-01-agent-102:4080078:4080861 [1] NCCL INFO NCCL_MAX_NCHANNELS set by environment to 16.
paraai-n32-h-01-agent-102:4080077:4080856 [0] NCCL INFO NCCL_MAX_NCHANNELS set by environment to 16.
paraai-n32-h-01-agent-102:4080079:4080860 [2] NCCL INFO NCCL_MAX_NCHANNELS set by environment to 16.
paraai-n32-h-01-agent-102:4080080:4080859 [3] NCCL INFO NCCL_MIN_NCHANNELS set by environment to 16.
paraai-n32-h-01-agent-102:4080078:4080861 [1] NCCL INFO NCCL_MIN_NCHANNELS set by environment to 16.
paraai-n32-h-01-agent-102:4080077:4080856 [0] NCCL INFO NCCL_MIN_NCHANNELS set by environment to 16.
paraai-n32-h-01-agent-102:4080079:4080860 [2] NCCL INFO NCCL_MIN_NCHANNELS set by environment to 16.
paraai-n32-h-01-agent-102:4080080:4080859 [3] NCCL INFO Trees [0] -1/-1/-1->3->2 [1] 0/-1/-1->3->2 [2] -1/-1/-1->3->2 [3] 0/-1/-1->3->2 [4] -1/-1/-1->3->2 [5] 0/-1/-1->3->2 [6] -1/-1/-1->3->2 [7] 0/-1/-1->3->2 [8] -1/-1/-1->3->2 [9] 0/-1/-1->3->2 [10] -1/-1/-1->3->2 [11] 0/-1/-1->3->2 [12] -1/-1/-1->3->2 [13] 0/-1/-1->3->2 [14] -1/-1/-1->3->2 [15] 0/-1/-1->3->2
paraai-n32-h-01-agent-102:4080078:4080861 [1] NCCL INFO Trees [0] 2/-1/-1->1->0 [1] -1/-1/-1->1->0 [2] 2/-1/-1->1->0 [3] -1/-1/-1->1->0 [4] 2/-1/-1->1->0 [5] -1/-1/-1->1->0 [6] 2/-1/-1->1->0 [7] -1/-1/-1->1->0 [8] 2/-1/-1->1->0 [9] -1/-1/-1->1->0 [10] 2/-1/-1->1->0 [11] -1/-1/-1->1->0 [12] 2/-1/-1->1->0 [13] -1/-1/-1->1->0 [14] 2/-1/-1->1->0 [15] -1/-1/-1->1->0
paraai-n32-h-01-agent-102:4080077:4080856 [0] NCCL INFO Channel 00/16 :    0   1   2   3   4   5   6   7   8   9  10  11  12  13  14  15
paraai-n32-h-01-agent-102:4080079:4080860 [2] NCCL INFO Trees [0] 3/-1/-1->2->1 [1] 3/10/-1->2->-1 [2] 3/-1/-1->2->1 [3] 3/-1/-1->2->6 [4] 3/-1/-1->2->1 [5] 3/10/-1->2->-1 [6] 3/-1/-1->2->1 [7] 3/-1/-1->2->6 [8] 3/-1/-1->2->1 [9] 3/10/-1->2->-1 [10] 3/-1/-1->2->1 [11] 3/-1/-1->2->6 [12] 3/-1/-1->2->1 [13] 3/10/-1->2->-1 [14] 3/-1/-1->2->1 [15] 3/-1/-1->2->6
paraai-n32-h-01-agent-102:4080077:4080856 [0] NCCL INFO Channel 01/16 :    0   6   7   5   4  10  11   9   8  14  15  13  12   2   3   1
paraai-n32-h-01-agent-102:4080077:4080856 [0] NCCL INFO Channel 02/16 :    0   1   2   3   4   5   6   7   8   9  10  11  12  13  14  15
paraai-n32-h-01-agent-102:4080077:4080856 [0] NCCL INFO Channel 03/16 :    0   6   7   5   4  10  11   9   8  14  15  13  12   2   3   1
paraai-n32-h-01-agent-102:4080077:4080856 [0] NCCL INFO Channel 04/16 :    0   1   2   3   4   5   6   7   8   9  10  11  12  13  14  15
paraai-n32-h-01-agent-102:4080077:4080856 [0] NCCL INFO Channel 05/16 :    0   6   7   5   4  10  11   9   8  14  15  13  12   2   3   1
paraai-n32-h-01-agent-102:4080077:4080856 [0] NCCL INFO Channel 06/16 :    0   1   2   3   4   5   6   7   8   9  10  11  12  13  14  15
paraai-n32-h-01-agent-102:4080077:4080856 [0] NCCL INFO Channel 07/16 :    0   6   7   5   4  10  11   9   8  14  15  13  12   2   3   1
paraai-n32-h-01-agent-102:4080077:4080856 [0] NCCL INFO Channel 08/16 :    0   1   2   3   4   5   6   7   8   9  10  11  12  13  14  15
paraai-n32-h-01-agent-102:4080077:4080856 [0] NCCL INFO Channel 09/16 :    0   6   7   5   4  10  11   9   8  14  15  13  12   2   3   1
paraai-n32-h-01-agent-102:4080077:4080856 [0] NCCL INFO Channel 10/16 :    0   1   2   3   4   5   6   7   8   9  10  11  12  13  14  15
paraai-n32-h-01-agent-102:4080077:4080856 [0] NCCL INFO Channel 11/16 :    0   6   7   5   4  10  11   9   8  14  15  13  12   2   3   1
paraai-n32-h-01-agent-102:4080077:4080856 [0] NCCL INFO Channel 12/16 :    0   1   2   3   4   5   6   7   8   9  10  11  12  13  14  15
paraai-n32-h-01-agent-102:4080077:4080856 [0] NCCL INFO Channel 13/16 :    0   6   7   5   4  10  11   9   8  14  15  13  12   2   3   1
paraai-n32-h-01-agent-102:4080077:4080856 [0] NCCL INFO Channel 14/16 :    0   1   2   3   4   5   6   7   8   9  10  11  12  13  14  15
paraai-n32-h-01-agent-102:4080077:4080856 [0] NCCL INFO Channel 15/16 :    0   6   7   5   4  10  11   9   8  14  15  13  12   2   3   1
paraai-n32-h-01-agent-102:4080077:4080856 [0] NCCL INFO Trees [0] 1/8/-1->0->-1 [1] 1/-1/-1->0->3 [2] 1/-1/-1->0->4 [3] 1/-1/-1->0->3 [4] 1/8/-1->0->-1 [5] 1/-1/-1->0->3 [6] 1/-1/-1->0->4 [7] 1/-1/-1->0->3 [8] 1/8/-1->0->-1 [9] 1/-1/-1->0->3 [10] 1/-1/-1->0->4 [11] 1/-1/-1->0->3 [12] 1/8/-1->0->-1 [13] 1/-1/-1->0->3 [14] 1/-1/-1->0->4 [15] 1/-1/-1->0->3
paraai-n32-h-01-agent-102:4080077:4080856 [0] NCCL INFO Channel 00/0 : 15[82000] -> 0[1000] [receive] via NET/IB/0
paraai-n32-h-01-agent-102:4080080:4080859 [3] NCCL INFO Channel 00/0 : 3[82000] -> 4[1000] [send] via NET/IB/1
paraai-n32-h-01-agent-102:4080077:4080856 [0] NCCL INFO Channel 02/0 : 15[82000] -> 0[1000] [receive] via NET/IB/0
paraai-n32-h-01-agent-102:4080080:4080859 [3] NCCL INFO Channel 02/0 : 3[82000] -> 4[1000] [send] via NET/IB/1
paraai-n32-h-01-agent-102:4080077:4080856 [0] NCCL INFO Channel 04/0 : 15[82000] -> 0[1000] [receive] via NET/IB/0
paraai-n32-h-01-agent-102:4080078:4080861 [1] NCCL INFO Channel 00 : 1[2000] -> 2[81000] via SHM/direct/direct
paraai-n32-h-01-agent-102:4080078:4080861 [1] NCCL INFO Channel 02 : 1[2000] -> 2[81000] via SHM/direct/direct
paraai-n32-h-01-agent-102:4080078:4080861 [1] NCCL INFO Channel 04 : 1[2000] -> 2[81000] via SHM/direct/direct
paraai-n32-h-01-agent-102:4080078:4080861 [1] NCCL INFO Channel 06 : 1[2000] -> 2[81000] via SHM/direct/direct
paraai-n32-h-01-agent-102:4080078:4080861 [1] NCCL INFO Channel 08 : 1[2000] -> 2[81000] via SHM/direct/direct
paraai-n32-h-01-agent-102:4080078:4080861 [1] NCCL INFO Channel 10 : 1[2000] -> 2[81000] via SHM/direct/direct
paraai-n32-h-01-agent-102:4080078:4080861 [1] NCCL INFO Channel 12 : 1[2000] -> 2[81000] via SHM/direct/direct
paraai-n32-h-01-agent-102:4080078:4080861 [1] NCCL INFO Channel 14 : 1[2000] -> 2[81000] via SHM/direct/direct
paraai-n32-h-01-agent-102:4080079:4080860 [2] NCCL INFO Channel 00 : 2[81000] -> 3[82000] via SHM/direct/direct
paraai-n32-h-01-agent-102:4080079:4080860 [2] NCCL INFO Channel 01 : 2[81000] -> 3[82000] via SHM/direct/direct
paraai-n32-h-01-agent-102:4080079:4080860 [2] NCCL INFO Channel 02 : 2[81000] -> 3[82000] via SHM/direct/direct
paraai-n32-h-01-agent-102:4080079:4080860 [2] NCCL INFO Channel 03 : 2[81000] -> 3[82000] via SHM/direct/direct
paraai-n32-h-01-agent-102:4080079:4080860 [2] NCCL INFO Channel 04 : 2[81000] -> 3[82000] via SHM/direct/direct
paraai-n32-h-01-agent-102:4080079:4080860 [2] NCCL INFO Channel 05 : 2[81000] -> 3[82000] via SHM/direct/direct
paraai-n32-h-01-agent-102:4080079:4080860 [2] NCCL INFO Channel 06 : 2[81000] -> 3[82000] via SHM/direct/direct
paraai-n32-h-01-agent-102:4080079:4080860 [2] NCCL INFO Channel 07 : 2[81000] -> 3[82000] via SHM/direct/direct
paraai-n32-h-01-agent-102:4080079:4080860 [2] NCCL INFO Channel 08 : 2[81000] -> 3[82000] via SHM/direct/direct
paraai-n32-h-01-agent-102:4080079:4080860 [2] NCCL INFO Channel 09 : 2[81000] -> 3[82000] via SHM/direct/direct
paraai-n32-h-01-agent-102:4080079:4080860 [2] NCCL INFO Channel 10 : 2[81000] -> 3[82000] via SHM/direct/direct
paraai-n32-h-01-agent-102:4080079:4080860 [2] NCCL INFO Channel 11 : 2[81000] -> 3[82000] via SHM/direct/direct
paraai-n32-h-01-agent-102:4080079:4080860 [2] NCCL INFO Channel 12 : 2[81000] -> 3[82000] via SHM/direct/direct
paraai-n32-h-01-agent-102:4080079:4080860 [2] NCCL INFO Channel 13 : 2[81000] -> 3[82000] via SHM/direct/direct
paraai-n32-h-01-agent-102:4080079:4080860 [2] NCCL INFO Channel 14 : 2[81000] -> 3[82000] via SHM/direct/direct
paraai-n32-h-01-agent-102:4080079:4080860 [2] NCCL INFO Channel 15 : 2[81000] -> 3[82000] via SHM/direct/direct
paraai-n32-h-01-agent-102:4080080:4080859 [3] NCCL INFO Channel 04/0 : 3[82000] -> 4[1000] [send] via NET/IB/1
paraai-n32-h-01-agent-102:4080077:4080856 [0] NCCL INFO Channel 06/0 : 15[82000] -> 0[1000] [receive] via NET/IB/0
paraai-n32-h-01-agent-102:4080080:4080859 [3] NCCL INFO Channel 06/0 : 3[82000] -> 4[1000] [send] via NET/IB/1
paraai-n32-h-01-agent-102:4080077:4080856 [0] NCCL INFO Channel 08/0 : 15[82000] -> 0[1000] [receive] via NET/IB/0
paraai-n32-h-01-agent-102:4080080:4080859 [3] NCCL INFO Channel 08/0 : 3[82000] -> 4[1000] [send] via NET/IB/1
paraai-n32-h-01-agent-102:4080077:4080856 [0] NCCL INFO Channel 10/0 : 15[82000] -> 0[1000] [receive] via NET/IB/0
paraai-n32-h-01-agent-102:4080080:4080859 [3] NCCL INFO Channel 10/0 : 3[82000] -> 4[1000] [send] via NET/IB/1
paraai-n32-h-01-agent-102:4080077:4080856 [0] NCCL INFO Channel 12/0 : 15[82000] -> 0[1000] [receive] via NET/IB/0
paraai-n32-h-01-agent-102:4080080:4080859 [3] NCCL INFO Channel 12/0 : 3[82000] -> 4[1000] [send] via NET/IB/1
paraai-n32-h-01-agent-102:4080077:4080856 [0] NCCL INFO Channel 14/0 : 15[82000] -> 0[1000] [receive] via NET/IB/0
paraai-n32-h-01-agent-102:4080077:4080856 [0] NCCL INFO Channel 00 : 0[1000] -> 1[2000] via SHM/direct/direct
paraai-n32-h-01-agent-102:4080077:4080856 [0] NCCL INFO Channel 02 : 0[1000] -> 1[2000] via SHM/direct/direct
paraai-n32-h-01-agent-102:4080077:4080856 [0] NCCL INFO Channel 04 : 0[1000] -> 1[2000] via SHM/direct/direct
paraai-n32-h-01-agent-102:4080077:4080856 [0] NCCL INFO Channel 06 : 0[1000] -> 1[2000] via SHM/direct/direct
paraai-n32-h-01-agent-102:4080077:4080856 [0] NCCL INFO Channel 08 : 0[1000] -> 1[2000] via SHM/direct/direct
paraai-n32-h-01-agent-102:4080077:4080856 [0] NCCL INFO Channel 10 : 0[1000] -> 1[2000] via SHM/direct/direct
paraai-n32-h-01-agent-102:4080077:4080856 [0] NCCL INFO Channel 12 : 0[1000] -> 1[2000] via SHM/direct/direct
paraai-n32-h-01-agent-102:4080077:4080856 [0] NCCL INFO Channel 14 : 0[1000] -> 1[2000] via SHM/direct/direct
paraai-n32-h-01-agent-102:4080077:4080885 [0] NCCL INFO NCCL_IB_GID_INDEX set by environment to 3.
paraai-n32-h-01-agent-102:4080080:4080859 [3] NCCL INFO Channel 14/0 : 3[82000] -> 4[1000] [send] via NET/IB/1
paraai-n32-h-01-agent-102:4080079:4080860 [2] NCCL INFO Channel 01/0 : 12[1000] -> 2[81000] [receive] via NET/IB/1
paraai-n32-h-01-agent-102:4080079:4080860 [2] NCCL INFO Channel 03/0 : 12[1000] -> 2[81000] [receive] via NET/IB/1
paraai-n32-h-01-agent-102:4080079:4080860 [2] NCCL INFO Channel 05/0 : 12[1000] -> 2[81000] [receive] via NET/IB/1
paraai-n32-h-01-agent-102:4080080:4080887 [3] NCCL INFO NCCL_IB_GID_INDEX set by environment to 3.
paraai-n32-h-01-agent-102:4080079:4080860 [2] NCCL INFO Channel 07/0 : 12[1000] -> 2[81000] [receive] via NET/IB/1
paraai-n32-h-01-agent-102:4080077:4080856 [0] NCCL INFO Channel 01/0 : 0[1000] -> 6[81000] [send] via NET/IB/0
paraai-n32-h-01-agent-102:4080077:4080856 [0] NCCL INFO Channel 03/0 : 0[1000] -> 6[81000] [send] via NET/IB/0
paraai-n32-h-01-agent-102:4080080:4080859 [3] NCCL INFO Channel 01 : 3[82000] -> 1[2000] via SHM/direct/direct
paraai-n32-h-01-agent-102:4080080:4080859 [3] NCCL INFO Channel 03 : 3[82000] -> 1[2000] via SHM/direct/direct
paraai-n32-h-01-agent-102:4080080:4080859 [3] NCCL INFO Channel 05 : 3[82000] -> 1[2000] via SHM/direct/direct
paraai-n32-h-01-agent-102:4080080:4080859 [3] NCCL INFO Channel 07 : 3[82000] -> 1[2000] via SHM/direct/direct
paraai-n32-h-01-agent-102:4080080:4080859 [3] NCCL INFO Channel 09 : 3[82000] -> 1[2000] via SHM/direct/direct
paraai-n32-h-01-agent-102:4080080:4080859 [3] NCCL INFO Channel 11 : 3[82000] -> 1[2000] via SHM/direct/direct
paraai-n32-h-01-agent-102:4080080:4080859 [3] NCCL INFO Channel 13 : 3[82000] -> 1[2000] via SHM/direct/direct
paraai-n32-h-01-agent-102:4080080:4080859 [3] NCCL INFO Channel 15 : 3[82000] -> 1[2000] via SHM/direct/direct
paraai-n32-h-01-agent-102:4080078:4080861 [1] NCCL INFO Channel 01 : 1[2000] -> 0[1000] via SHM/direct/direct
paraai-n32-h-01-agent-102:4080078:4080861 [1] NCCL INFO Channel 03 : 1[2000] -> 0[1000] via SHM/direct/direct
paraai-n32-h-01-agent-102:4080078:4080861 [1] NCCL INFO Channel 05 : 1[2000] -> 0[1000] via SHM/direct/direct
paraai-n32-h-01-agent-102:4080078:4080861 [1] NCCL INFO Channel 07 : 1[2000] -> 0[1000] via SHM/direct/direct
paraai-n32-h-01-agent-102:4080078:4080861 [1] NCCL INFO Channel 09 : 1[2000] -> 0[1000] via SHM/direct/direct
paraai-n32-h-01-agent-102:4080078:4080861 [1] NCCL INFO Channel 11 : 1[2000] -> 0[1000] via SHM/direct/direct
paraai-n32-h-01-agent-102:4080078:4080861 [1] NCCL INFO Channel 13 : 1[2000] -> 0[1000] via SHM/direct/direct
paraai-n32-h-01-agent-102:4080078:4080861 [1] NCCL INFO Channel 15 : 1[2000] -> 0[1000] via SHM/direct/direct
paraai-n32-h-01-agent-102:4080080:4080859 [3] NCCL INFO Connected all rings
paraai-n32-h-01-agent-102:4080079:4080860 [2] NCCL INFO Channel 09/0 : 12[1000] -> 2[81000] [receive] via NET/IB/1
paraai-n32-h-01-agent-102:4080077:4080856 [0] NCCL INFO Channel 05/0 : 0[1000] -> 6[81000] [send] via NET/IB/0
paraai-n32-h-01-agent-102:4080079:4080860 [2] NCCL INFO Channel 11/0 : 12[1000] -> 2[81000] [receive] via NET/IB/1
paraai-n32-h-01-agent-102:4080077:4080856 [0] NCCL INFO Channel 07/0 : 0[1000] -> 6[81000] [send] via NET/IB/0
paraai-n32-h-01-agent-102:4080079:4080860 [2] NCCL INFO Channel 13/0 : 12[1000] -> 2[81000] [receive] via NET/IB/1
paraai-n32-h-01-agent-102:4080077:4080856 [0] NCCL INFO Channel 09/0 : 0[1000] -> 6[81000] [send] via NET/IB/0
paraai-n32-h-01-agent-102:4080077:4080856 [0] NCCL INFO Channel 11/0 : 0[1000] -> 6[81000] [send] via NET/IB/0
paraai-n32-h-01-agent-102:4080079:4080860 [2] NCCL INFO Channel 15/0 : 12[1000] -> 2[81000] [receive] via NET/IB/1
paraai-n32-h-01-agent-102:4080077:4080856 [0] NCCL INFO Channel 13/0 : 0[1000] -> 6[81000] [send] via NET/IB/0
paraai-n32-h-01-agent-102:4080077:4080856 [0] NCCL INFO Channel 15/0 : 0[1000] -> 6[81000] [send] via NET/IB/0
paraai-n32-h-01-agent-102:4080077:4080856 [0] NCCL INFO Connected all rings
paraai-n32-h-01-agent-102:4080077:4080856 [0] NCCL INFO Channel 01 : 0[1000] -> 1[2000] via SHM/direct/direct
paraai-n32-h-01-agent-102:4080077:4080856 [0] NCCL INFO Channel 03 : 0[1000] -> 1[2000] via SHM/direct/direct
paraai-n32-h-01-agent-102:4080077:4080856 [0] NCCL INFO Channel 05 : 0[1000] -> 1[2000] via SHM/direct/direct
paraai-n32-h-01-agent-102:4080077:4080856 [0] NCCL INFO Channel 07 : 0[1000] -> 1[2000] via SHM/direct/direct
paraai-n32-h-01-agent-102:4080077:4080856 [0] NCCL INFO Channel 09 : 0[1000] -> 1[2000] via SHM/direct/direct
paraai-n32-h-01-agent-102:4080077:4080856 [0] NCCL INFO Channel 11 : 0[1000] -> 1[2000] via SHM/direct/direct
paraai-n32-h-01-agent-102:4080077:4080856 [0] NCCL INFO Channel 13 : 0[1000] -> 1[2000] via SHM/direct/direct
paraai-n32-h-01-agent-102:4080077:4080856 [0] NCCL INFO Channel 15 : 0[1000] -> 1[2000] via SHM/direct/direct
paraai-n32-h-01-agent-102:4080078:4080861 [1] NCCL INFO Connected all rings
paraai-n32-h-01-agent-102:4080077:4080856 [0] NCCL INFO Channel 01 : 0[1000] -> 3[82000] via SHM/direct/direct
paraai-n32-h-01-agent-102:4080077:4080856 [0] NCCL INFO Channel 03 : 0[1000] -> 3[82000] via SHM/direct/direct
paraai-n32-h-01-agent-102:4080077:4080856 [0] NCCL INFO Channel 05 : 0[1000] -> 3[82000] via SHM/direct/direct
paraai-n32-h-01-agent-102:4080077:4080856 [0] NCCL INFO Channel 07 : 0[1000] -> 3[82000] via SHM/direct/direct
paraai-n32-h-01-agent-102:4080077:4080856 [0] NCCL INFO Channel 09 : 0[1000] -> 3[82000] via SHM/direct/direct
paraai-n32-h-01-agent-102:4080077:4080856 [0] NCCL INFO Channel 11 : 0[1000] -> 3[82000] via SHM/direct/direct
paraai-n32-h-01-agent-102:4080077:4080856 [0] NCCL INFO Channel 13 : 0[1000] -> 3[82000] via SHM/direct/direct
paraai-n32-h-01-agent-102:4080077:4080856 [0] NCCL INFO Channel 15 : 0[1000] -> 3[82000] via SHM/direct/direct
paraai-n32-h-01-agent-102:4080080:4080859 [3] NCCL INFO Channel 01 : 3[82000] -> 0[1000] via SHM/direct/direct
paraai-n32-h-01-agent-102:4080080:4080859 [3] NCCL INFO Channel 03 : 3[82000] -> 0[1000] via SHM/direct/direct
paraai-n32-h-01-agent-102:4080080:4080859 [3] NCCL INFO Channel 05 : 3[82000] -> 0[1000] via SHM/direct/direct
paraai-n32-h-01-agent-102:4080080:4080859 [3] NCCL INFO Channel 07 : 3[82000] -> 0[1000] via SHM/direct/direct
paraai-n32-h-01-agent-102:4080080:4080859 [3] NCCL INFO Channel 09 : 3[82000] -> 0[1000] via SHM/direct/direct
paraai-n32-h-01-agent-102:4080080:4080859 [3] NCCL INFO Channel 11 : 3[82000] -> 0[1000] via SHM/direct/direct
paraai-n32-h-01-agent-102:4080080:4080859 [3] NCCL INFO Channel 13 : 3[82000] -> 0[1000] via SHM/direct/direct
paraai-n32-h-01-agent-102:4080080:4080859 [3] NCCL INFO Channel 15 : 3[82000] -> 0[1000] via SHM/direct/direct
paraai-n32-h-01-agent-102:4080078:4080861 [1] NCCL INFO Channel 00 : 1[2000] -> 0[1000] via SHM/direct/direct
paraai-n32-h-01-agent-102:4080078:4080861 [1] NCCL INFO Channel 02 : 1[2000] -> 0[1000] via SHM/direct/direct
paraai-n32-h-01-agent-102:4080078:4080861 [1] NCCL INFO Channel 04 : 1[2000] -> 0[1000] via SHM/direct/direct
paraai-n32-h-01-agent-102:4080078:4080861 [1] NCCL INFO Channel 06 : 1[2000] -> 0[1000] via SHM/direct/direct
paraai-n32-h-01-agent-102:4080078:4080861 [1] NCCL INFO Channel 08 : 1[2000] -> 0[1000] via SHM/direct/direct
paraai-n32-h-01-agent-102:4080078:4080861 [1] NCCL INFO Channel 10 : 1[2000] -> 0[1000] via SHM/direct/direct
paraai-n32-h-01-agent-102:4080078:4080861 [1] NCCL INFO Channel 12 : 1[2000] -> 0[1000] via SHM/direct/direct
paraai-n32-h-01-agent-102:4080078:4080861 [1] NCCL INFO Channel 14 : 1[2000] -> 0[1000] via SHM/direct/direct
paraai-n32-h-01-agent-102:4080077:4080856 [0] NCCL INFO Channel 02/0 : 0[1000] -> 4[1000] [send] via NET/IB/0
paraai-n32-h-01-agent-102:4080077:4080856 [0] NCCL INFO Channel 06/0 : 0[1000] -> 4[1000] [send] via NET/IB/0
paraai-n32-h-01-agent-102:4080077:4080856 [0] NCCL INFO Channel 10/0 : 0[1000] -> 4[1000] [send] via NET/IB/0
paraai-n32-h-01-agent-102:4080077:4080856 [0] NCCL INFO Channel 14/0 : 0[1000] -> 4[1000] [send] via NET/IB/0
paraai-n32-h-01-agent-102:4080079:4080886 [2] NCCL INFO NCCL_IB_GID_INDEX set by environment to 3.
paraai-n32-h-01-agent-102:4080079:4080860 [2] NCCL INFO Connected all rings
paraai-n32-h-01-agent-102:4080079:4080860 [2] NCCL INFO Channel 03/0 : 2[81000] -> 6[81000] [send] via NET/IB/1
paraai-n32-h-01-agent-102:4080079:4080860 [2] NCCL INFO Channel 07/0 : 2[81000] -> 6[81000] [send] via NET/IB/1
paraai-n32-h-01-agent-102:4080079:4080860 [2] NCCL INFO Channel 11/0 : 2[81000] -> 6[81000] [send] via NET/IB/1
paraai-n32-h-01-agent-102:4080077:4080856 [0] NCCL INFO Channel 00/0 : 8[1000] -> 0[1000] [receive] via NET/IB/0
paraai-n32-h-01-agent-102:4080079:4080860 [2] NCCL INFO Channel 15/0 : 2[81000] -> 6[81000] [send] via NET/IB/1
paraai-n32-h-01-agent-102:4080077:4080856 [0] NCCL INFO Channel 04/0 : 8[1000] -> 0[1000] [receive] via NET/IB/0
paraai-n32-h-01-agent-102:4080079:4080860 [2] NCCL INFO Channel 01/0 : 10[81000] -> 2[81000] [receive] via NET/IB/1
paraai-n32-h-01-agent-102:4080077:4080856 [0] NCCL INFO Channel 08/0 : 8[1000] -> 0[1000] [receive] via NET/IB/0
paraai-n32-h-01-agent-102:4080079:4080860 [2] NCCL INFO Channel 05/0 : 10[81000] -> 2[81000] [receive] via NET/IB/1
paraai-n32-h-01-agent-102:4080077:4080856 [0] NCCL INFO Channel 12/0 : 8[1000] -> 0[1000] [receive] via NET/IB/0
paraai-n32-h-01-agent-102:4080079:4080860 [2] NCCL INFO Channel 09/0 : 10[81000] -> 2[81000] [receive] via NET/IB/1
paraai-n32-h-01-agent-102:4080077:4080856 [0] NCCL INFO Channel 00/0 : 0[1000] -> 8[1000] [send] via NET/IB/0
paraai-n32-h-01-agent-102:4080079:4080860 [2] NCCL INFO Channel 13/0 : 10[81000] -> 2[81000] [receive] via NET/IB/1
paraai-n32-h-01-agent-102:4080077:4080856 [0] NCCL INFO Channel 04/0 : 0[1000] -> 8[1000] [send] via NET/IB/0
paraai-n32-h-01-agent-102:4080079:4080860 [2] NCCL INFO Channel 01/0 : 2[81000] -> 10[81000] [send] via NET/IB/1
paraai-n32-h-01-agent-102:4080077:4080856 [0] NCCL INFO Channel 08/0 : 0[1000] -> 8[1000] [send] via NET/IB/0
paraai-n32-h-01-agent-102:4080079:4080860 [2] NCCL INFO Channel 05/0 : 2[81000] -> 10[81000] [send] via NET/IB/1
paraai-n32-h-01-agent-102:4080077:4080856 [0] NCCL INFO Channel 12/0 : 0[1000] -> 8[1000] [send] via NET/IB/0
paraai-n32-h-01-agent-102:4080079:4080860 [2] NCCL INFO Channel 09/0 : 2[81000] -> 10[81000] [send] via NET/IB/1
paraai-n32-h-01-agent-102:4080079:4080860 [2] NCCL INFO Channel 13/0 : 2[81000] -> 10[81000] [send] via NET/IB/1
paraai-n32-h-01-agent-102:4080079:4080860 [2] NCCL INFO Channel 03/0 : 6[81000] -> 2[81000] [receive] via NET/IB/1
paraai-n32-h-01-agent-102:4080079:4080860 [2] NCCL INFO Channel 07/0 : 6[81000] -> 2[81000] [receive] via NET/IB/1
paraai-n32-h-01-agent-102:4080079:4080860 [2] NCCL INFO Channel 11/0 : 6[81000] -> 2[81000] [receive] via NET/IB/1
paraai-n32-h-01-agent-102:4080079:4080860 [2] NCCL INFO Channel 15/0 : 6[81000] -> 2[81000] [receive] via NET/IB/1
paraai-n32-h-01-agent-102:4080077:4080856 [0] NCCL INFO Channel 02/0 : 4[1000] -> 0[1000] [receive] via NET/IB/0
paraai-n32-h-01-agent-102:4080077:4080856 [0] NCCL INFO Channel 06/0 : 4[1000] -> 0[1000] [receive] via NET/IB/0
paraai-n32-h-01-agent-102:4080077:4080856 [0] NCCL INFO Channel 10/0 : 4[1000] -> 0[1000] [receive] via NET/IB/0
paraai-n32-h-01-agent-102:4080077:4080856 [0] NCCL INFO Channel 14/0 : 4[1000] -> 0[1000] [receive] via NET/IB/0
paraai-n32-h-01-agent-102:4080077:4080856 [0] NCCL INFO Connected all trees
paraai-n32-h-01-agent-102:4080077:4080856 [0] NCCL INFO threadThresholds 8/8/64 | 128/8/64 | 512 | 512
paraai-n32-h-01-agent-102:4080077:4080856 [0] NCCL INFO 16 coll channels, 16 p2p channels, 2 p2p channels per peer
paraai-n32-h-01-agent-102:4080079:4080860 [2] NCCL INFO Channel 00 : 2[81000] -> 1[2000] via SHM/direct/direct
paraai-n32-h-01-agent-102:4080079:4080860 [2] NCCL INFO Channel 02 : 2[81000] -> 1[2000] via SHM/direct/direct
paraai-n32-h-01-agent-102:4080079:4080860 [2] NCCL INFO Channel 04 : 2[81000] -> 1[2000] via SHM/direct/direct
paraai-n32-h-01-agent-102:4080079:4080860 [2] NCCL INFO Channel 06 : 2[81000] -> 1[2000] via SHM/direct/direct
paraai-n32-h-01-agent-102:4080079:4080860 [2] NCCL INFO Channel 08 : 2[81000] -> 1[2000] via SHM/direct/direct
paraai-n32-h-01-agent-102:4080079:4080860 [2] NCCL INFO Channel 10 : 2[81000] -> 1[2000] via SHM/direct/direct
paraai-n32-h-01-agent-102:4080079:4080860 [2] NCCL INFO Channel 12 : 2[81000] -> 1[2000] via SHM/direct/direct
paraai-n32-h-01-agent-102:4080079:4080860 [2] NCCL INFO Channel 14 : 2[81000] -> 1[2000] via SHM/direct/direct
paraai-n32-h-01-agent-102:4080080:4080859 [3] NCCL INFO Channel 00 : 3[82000] -> 2[81000] via SHM/direct/direct
paraai-n32-h-01-agent-102:4080080:4080859 [3] NCCL INFO Channel 01 : 3[82000] -> 2[81000] via SHM/direct/direct
paraai-n32-h-01-agent-102:4080080:4080859 [3] NCCL INFO Channel 02 : 3[82000] -> 2[81000] via SHM/direct/direct
paraai-n32-h-01-agent-102:4080080:4080859 [3] NCCL INFO Channel 03 : 3[82000] -> 2[81000] via SHM/direct/direct
paraai-n32-h-01-agent-102:4080080:4080859 [3] NCCL INFO Channel 04 : 3[82000] -> 2[81000] via SHM/direct/direct
paraai-n32-h-01-agent-102:4080080:4080859 [3] NCCL INFO Channel 05 : 3[82000] -> 2[81000] via SHM/direct/direct
paraai-n32-h-01-agent-102:4080080:4080859 [3] NCCL INFO Channel 06 : 3[82000] -> 2[81000] via SHM/direct/direct
paraai-n32-h-01-agent-102:4080080:4080859 [3] NCCL INFO Channel 07 : 3[82000] -> 2[81000] via SHM/direct/direct
paraai-n32-h-01-agent-102:4080080:4080859 [3] NCCL INFO Channel 08 : 3[82000] -> 2[81000] via SHM/direct/direct
paraai-n32-h-01-agent-102:4080080:4080859 [3] NCCL INFO Channel 09 : 3[82000] -> 2[81000] via SHM/direct/direct
paraai-n32-h-01-agent-102:4080078:4080861 [1] NCCL INFO Connected all trees
paraai-n32-h-01-agent-102:4080078:4080861 [1] NCCL INFO threadThresholds 8/8/64 | 128/8/64 | 512 | 512
paraai-n32-h-01-agent-102:4080080:4080859 [3] NCCL INFO Channel 10 : 3[82000] -> 2[81000] via SHM/direct/direct
paraai-n32-h-01-agent-102:4080078:4080861 [1] NCCL INFO 16 coll channels, 16 p2p channels, 2 p2p channels per peer
paraai-n32-h-01-agent-102:4080080:4080859 [3] NCCL INFO Channel 11 : 3[82000] -> 2[81000] via SHM/direct/direct
paraai-n32-h-01-agent-102:4080080:4080859 [3] NCCL INFO Channel 12 : 3[82000] -> 2[81000] via SHM/direct/direct
paraai-n32-h-01-agent-102:4080080:4080859 [3] NCCL INFO Channel 13 : 3[82000] -> 2[81000] via SHM/direct/direct
paraai-n32-h-01-agent-102:4080080:4080859 [3] NCCL INFO Channel 14 : 3[82000] -> 2[81000] via SHM/direct/direct
paraai-n32-h-01-agent-102:4080080:4080859 [3] NCCL INFO Channel 15 : 3[82000] -> 2[81000] via SHM/direct/direct
paraai-n32-h-01-agent-102:4080079:4080860 [2] NCCL INFO Connected all trees
paraai-n32-h-01-agent-102:4080079:4080860 [2] NCCL INFO threadThresholds 8/8/64 | 128/8/64 | 512 | 512
paraai-n32-h-01-agent-102:4080079:4080860 [2] NCCL INFO 16 coll channels, 16 p2p channels, 2 p2p channels per peer
paraai-n32-h-01-agent-102:4080080:4080859 [3] NCCL INFO Connected all trees
paraai-n32-h-01-agent-102:4080080:4080859 [3] NCCL INFO threadThresholds 8/8/64 | 128/8/64 | 512 | 512
paraai-n32-h-01-agent-102:4080080:4080859 [3] NCCL INFO 16 coll channels, 16 p2p channels, 2 p2p channels per peer
paraai-n32-h-01-agent-102:4080077:4080856 [0] NCCL INFO comm 0x37bc9180 rank 0 nranks 16 cudaDev 0 busId 1000 - Init COMPLETE
paraai-n32-h-01-agent-102:4080079:4080860 [2] NCCL INFO comm 0x14ee5a40 rank 2 nranks 16 cudaDev 2 busId 81000 - Init COMPLETE
paraai-n32-h-01-agent-102:4080078:4080861 [1] NCCL INFO comm 0x28b66e00 rank 1 nranks 16 cudaDev 1 busId 2000 - Init COMPLETE
paraai-n32-h-01-agent-102:4080080:4080859 [3] NCCL INFO comm 0x32fa7d80 rank 3 nranks 16 cudaDev 3 busId 82000 - Init COMPLETE
2023-07-03 20:46:36,876 - root - INFO - Number of trainable model parameters: 187970621
2023-07-03 20:46:36,879 - root - INFO - Starting Training Loop...
2023-07-03 20:59:09,487 - root - INFO - validating...
2023-07-03 20:59:09,487 - root - INFO - validating...
2023-07-03 20:59:09,488 - root - INFO - validating...
2023-07-03 20:59:09,489 - root - INFO - validating...
2023-07-03 21:00:18,890 - root - INFO - Val loss improved from 1000000.0 to 0.5078529715538025
2023-07-03 21:00:21,470 - root - INFO - Time taken for epoch 1 is 824.5906658172607 sec
2023-07-03 21:00:21,471 - root - INFO - train data time=0.06023001670837402, train step time=207.83469605445862, valid step time=65.61017346382141
2023-07-03 21:00:21,471 - root - INFO - Train loss: 0.48668527603149414. Valid loss: 0.5078529715538025
Traceback (most recent call last):
  File "/home/bingxing2/home/scx6115/Ocean_AI_model/train_025_multi_steps.py", line 592, in <module>
    trainer.train()
  File "/home/bingxing2/home/scx6115/Ocean_AI_model/train_025_multi_steps.py", line 151, in train
    tr_time, data_time, train_logs = self.train_one_epoch() 
  File "/home/bingxing2/home/scx6115/Ocean_AI_model/train_025_multi_steps.py", line 311, in train_one_epoch
    self.gscaler.scale(loss).backward()
  File "/home/bingxing2/home/scx6115/.conda/envs/torch2.0/lib/python3.10/site-packages/torch/_tensor.py", line 487, in backward
    torch.autograd.backward(
  File "/home/bingxing2/home/scx6115/.conda/envs/torch2.0/lib/python3.10/site-packages/torch/autograd/__init__.py", line 200, in backward
    Variable._execution_engine.run_backward(  # Calls into the C++ engine to run the backward pass
torch.cuda.OutOfMemoryError: CUDA out of memory. Tried to allocate 484.00 MiB (GPU 3; 39.41 GiB total capacity; 35.48 GiB already allocated; 448.50 MiB free; 37.17 GiB reserved in total by PyTorch) If reserved memory is >> allocated memory try setting max_split_size_mb to avoid fragmentation.  See documentation for Memory Management and PYTORCH_CUDA_ALLOC_CONF
Traceback (most recent call last):
  File "/home/bingxing2/home/scx6115/Ocean_AI_model/train_025_multi_steps.py", line 592, in <module>
    trainer.train()
  File "/home/bingxing2/home/scx6115/Ocean_AI_model/train_025_multi_steps.py", line 151, in train
    tr_time, data_time, train_logs = self.train_one_epoch()
  File "/home/bingxing2/home/scx6115/Ocean_AI_model/train_025_multi_steps.py", line 311, in train_one_epoch
    self.gscaler.scale(loss).backward()
  File "/home/bingxing2/home/scx6115/.conda/envs/torch2.0/lib/python3.10/site-packages/torch/_tensor.py", line 487, in backward
    torch.autograd.backward(
  File "/home/bingxing2/home/scx6115/.conda/envs/torch2.0/lib/python3.10/site-packages/torch/autograd/__init__.py", line 200, in backward
    Variable._execution_engine.run_backward(  # Calls into the C++ engine to run the backward pass
torch.cuda.OutOfMemoryError: CUDA out of memory. Tried to allocate 484.00 MiB (GPU 0; 39.41 GiB total capacity; 35.48 GiB already allocated; 448.50 MiB free; 37.17 GiB reserved in total by PyTorch) If reserved memory is >> allocated memory try setting max_split_size_mb to avoid fragmentation.  See documentation for Memory Management and PYTORCH_CUDA_ALLOC_CONF
wandb: Waiting for W&B process to finish... (failed 1).
Traceback (most recent call last):
  File "/home/bingxing2/home/scx6115/Ocean_AI_model/train_025_multi_steps.py", line 592, in <module>
    trainer.train()
  File "/home/bingxing2/home/scx6115/Ocean_AI_model/train_025_multi_steps.py", line 151, in train
    tr_time, data_time, train_logs = self.train_one_epoch() 
  File "/home/bingxing2/home/scx6115/Ocean_AI_model/train_025_multi_steps.py", line 311, in train_one_epoch
    self.gscaler.scale(loss).backward()
  File "/home/bingxing2/home/scx6115/.conda/envs/torch2.0/lib/python3.10/site-packages/torch/_tensor.py", line 487, in backward
    torch.autograd.backward(
  File "/home/bingxing2/home/scx6115/.conda/envs/torch2.0/lib/python3.10/site-packages/torch/autograd/__init__.py", line 200, in backward
    Variable._execution_engine.run_backward(  # Calls into the C++ engine to run the backward pass
torch.cuda.OutOfMemoryError: CUDA out of memory. Tried to allocate 484.00 MiB (GPU 2; 39.41 GiB total capacity; 35.48 GiB already allocated; 448.50 MiB free; 37.17 GiB reserved in total by PyTorch) If reserved memory is >> allocated memory try setting max_split_size_mb to avoid fragmentation.  See documentation for Memory Management and PYTORCH_CUDA_ALLOC_CONF
Traceback (most recent call last):
  File "/home/bingxing2/home/scx6115/Ocean_AI_model/train_025_multi_steps.py", line 592, in <module>
    trainer.train()
  File "/home/bingxing2/home/scx6115/Ocean_AI_model/train_025_multi_steps.py", line 151, in train
    tr_time, data_time, train_logs = self.train_one_epoch() 
  File "/home/bingxing2/home/scx6115/Ocean_AI_model/train_025_multi_steps.py", line 311, in train_one_epoch
    self.gscaler.scale(loss).backward()
  File "/home/bingxing2/home/scx6115/.conda/envs/torch2.0/lib/python3.10/site-packages/torch/_tensor.py", line 487, in backward
    torch.autograd.backward(
  File "/home/bingxing2/home/scx6115/.conda/envs/torch2.0/lib/python3.10/site-packages/torch/autograd/__init__.py", line 200, in backward
    Variable._execution_engine.run_backward(  # Calls into the C++ engine to run the backward pass
torch.cuda.OutOfMemoryError: CUDA out of memory. Tried to allocate 484.00 MiB (GPU 1; 39.41 GiB total capacity; 35.48 GiB already allocated; 448.50 MiB free; 37.17 GiB reserved in total by PyTorch) If reserved memory is >> allocated memory try setting max_split_size_mb to avoid fragmentation.  See documentation for Memory Management and PYTORCH_CUDA_ALLOC_CONF
wandb: 
wandb: Run history:
wandb:         lr ▁
wandb: train_loss ▁
wandb:   valid_l1 ▁
wandb: valid_loss ▁
wandb: 
wandb: Run summary:
wandb:         lr 0.001
wandb: train_loss 0.48669
wandb:   valid_l1 0.23152
wandb: valid_loss 0.50785
wandb: 
wandb: You can sync this run to the cloud by running:
wandb: wandb sync /home/bingxing2/home/scx6115/Ocean_AI_model/wandb/offline-run-20230703_204620-36rl5aso
wandb: Find logs at: ./wandb/offline-run-20230703_204620-36rl5aso/logs
WARNING:torch.distributed.elastic.multiprocessing.api:Sending process 4080077 closing signal SIGTERM
ERROR:torch.distributed.elastic.multiprocessing.api:failed (exitcode: 1) local_rank: 1 (pid: 4080078) of binary: /home/bingxing2/home/scx6115/.conda/envs/torch2.0/bin/python
Traceback (most recent call last):
  File "/home/bingxing2/home/scx6115/.conda/envs/torch2.0/bin/torchrun", line 8, in <module>
    sys.exit(main())
  File "/home/bingxing2/home/scx6115/.conda/envs/torch2.0/lib/python3.10/site-packages/torch/distributed/elastic/multiprocessing/errors/__init__.py", line 346, in wrapper
    return f(*args, **kwargs)
  File "/home/bingxing2/home/scx6115/.conda/envs/torch2.0/lib/python3.10/site-packages/torch/distributed/run.py", line 794, in main
    run(args)
  File "/home/bingxing2/home/scx6115/.conda/envs/torch2.0/lib/python3.10/site-packages/torch/distributed/run.py", line 785, in run
    elastic_launch(
  File "/home/bingxing2/home/scx6115/.conda/envs/torch2.0/lib/python3.10/site-packages/torch/distributed/launcher/api.py", line 134, in __call__
    return launch_agent(self._config, self._entrypoint, list(args))
  File "/home/bingxing2/home/scx6115/.conda/envs/torch2.0/lib/python3.10/site-packages/torch/distributed/launcher/api.py", line 250, in launch_agent
    raise ChildFailedError(
torch.distributed.elastic.multiprocessing.errors.ChildFailedError: 
============================================================
train_025_multi_steps.py FAILED
------------------------------------------------------------
Failures:
[1]:
  time      : 2023-07-03_21:00:42
  host      : paraai-n32-h-01-agent-102.paraai-n32-h-01.com
  rank      : 2 (local_rank: 2)
  exitcode  : 1 (pid: 4080079)
  error_file: <N/A>
  traceback : To enable traceback see: https://pytorch.org/docs/stable/elastic/errors.html
[2]:
  time      : 2023-07-03_21:00:42
  host      : paraai-n32-h-01-agent-102.paraai-n32-h-01.com
  rank      : 3 (local_rank: 3)
  exitcode  : 1 (pid: 4080080)
  error_file: <N/A>
  traceback : To enable traceback see: https://pytorch.org/docs/stable/elastic/errors.html
------------------------------------------------------------
Root Cause (first observed failure):
[0]:
  time      : 2023-07-03_21:00:42
  host      : paraai-n32-h-01-agent-102.paraai-n32-h-01.com
  rank      : 1 (local_rank: 1)
  exitcode  : 1 (pid: 4080078)
  error_file: <N/A>
  traceback : To enable traceback see: https://pytorch.org/docs/stable/elastic/errors.html
============================================================
