master_addr is only used for static rdzv_backend and when rdzv_endpoint is not specified.
paraai-n32-h-01-agent-95
0
------------------ Configuration ------------------  /home/bingxing2/home/scx6115/Ocean_AI_model/config/Model_2.yaml
paraai-n32-h-01-agent-95
0
------------------ Configuration ------------------  /home/bingxing2/home/scx6115/Ocean_AI_model/config/Model_2.yaml
paraai-n32-h-01-agent-95
0
------------------ Configuration ------------------  /home/bingxing2/home/scx6115/Ocean_AI_model/config/Model_2.yaml
paraai-n32-h-01-agent-95
0
------------------ Configuration ------------------  /home/bingxing2/home/scx6115/Ocean_AI_model/config/Model_2.yaml
nettype Masked_AE_Ocean
log_to_wandb True
lr 0.001
batch_size 32
max_epochs 150
scheduler CosineAnnealingLR
fusion_3d_2d False
in_channels [0, 1, 2, 3, 4, 5, 6, 7, 8, 9, 10, 11, 12, 13, 14, 15, 16, 17, 18, 19, 20, 21, 22, 23, 24, 25, 26, 27, 28, 29, 30, 31, 32, 33, 34, 35, 36, 37, 38, 39, 40, 41, 42, 43, 44, 45, 46, 47, 48, 49, 50, 51, 52, 53, 54, 55, 56, 57, 58, 59, 60, 61, 62, 63, 64, 65]
out_channels [0, 1, 2, 3, 4, 5, 6, 7, 8, 9, 10, 11, 12, 13, 14, 15, 16, 17, 18, 19, 20, 21, 22, 23, 24, 25, 26, 27, 28, 29, 30, 31, 32, 33, 34, 35, 36, 37, 38, 39, 40, 41, 42, 43, 44, 45, 46, 47, 48, 49, 50, 51, 52, 53, 54, 55, 56, 57, 58, 59, 60]
N_in_channels 66
N_out_channels 61
img_size_h 720
img_size_w 1440
patch_size_h 8
patch_size_w 8
mlp_ratio 4.0
embed_dim 512
depth 12
num_heads 16
decoder_embed_dim 1024
decoder_depth 8
decoder_num_heads 16
koopman_depth 2
modes_h_ratio 1
modes_w_ratio 0.8
drop_rate 0.0
drop_path_rate 0.0
sparsity_threshold 0.01
hard_thresholding_fraction 1.0
num_blocks 8
loss l2
num_data_workers 0
dt 1
n_history 0
prediction_type iterative
prediction_length 41
n_initial_conditions 5
ics_type default
date_strings ['2018-09-14 00:00:00']
save_raw_forecasts True
save_channel False
masked_acc False
maskpath None
perturb False
add_grid False
N_grid_channels 0
gridtype sinusoidal
roll False
enable_nhwc False
optimizer_type FusedAdam
exp_dir ./exp_15_levels
patch_size 8
width 56
modes 32
target default
train_data_path /home/bingxing2/home/scx6115/Ocean_AI_model/sample_01/train
valid_data_path /home/bingxing2/home/scx6115/Ocean_AI_model/sample_01/valid
test_data_path /home/bingxing2/home/scx6115/Ocean_AI_model/sample_01/test
land_mask True
land_mask_path /home/bingxing2/home/scx6115/Ocean_AI_model/sample_01/land_mask.h5
normalize True
normalization zscore
global_mins_path /home/bingxing2/home/scx6115/Ocean_AI_model/sample_01/train/global_mins.npy
global_maxs_path /home/bingxing2/home/scx6115/Ocean_AI_model/sample_01/train/global_maxs.npy
global_means_path /home/bingxing2/home/scx6115/Ocean_AI_model/sample_01/train/global_means.npy
global_stds_path /home/bingxing2/home/scx6115/Ocean_AI_model/sample_01/train/global_stds.npy
orography True
orography_norm_zscore_path /home/bingxing2/home/scx6115/Ocean_AI_model/sample_01/orography_norm_zscore.h5
orography_norm_maxmin_path /home/bingxing2/home/scx6115/Ocean_AI_model/sample_01/orography_norm_maxmin.h5
add_noise False
noise_std 0
crop_size_x None
crop_size_y None
log_to_screen True
save_checkpoint True
plot_animations False
---------------------------------------------------
world_size : 16
Initialize distributed process group...
2023-07-01 22:02:51,576 - torch.distributed.distributed_c10d - INFO - Added key: store_based_barrier_key:1 to store for rank: 12
nettype Masked_AE_Ocean
log_to_wandb True
lr 0.001
batch_size 32
max_epochs 150
scheduler CosineAnnealingLR
fusion_3d_2d False
in_channels [0, 1, 2, 3, 4, 5, 6, 7, 8, 9, 10, 11, 12, 13, 14, 15, 16, 17, 18, 19, 20, 21, 22, 23, 24, 25, 26, 27, 28, 29, 30, 31, 32, 33, 34, 35, 36, 37, 38, 39, 40, 41, 42, 43, 44, 45, 46, 47, 48, 49, 50, 51, 52, 53, 54, 55, 56, 57, 58, 59, 60, 61, 62, 63, 64, 65]
out_channels [0, 1, 2, 3, 4, 5, 6, 7, 8, 9, 10, 11, 12, 13, 14, 15, 16, 17, 18, 19, 20, 21, 22, 23, 24, 25, 26, 27, 28, 29, 30, 31, 32, 33, 34, 35, 36, 37, 38, 39, 40, 41, 42, 43, 44, 45, 46, 47, 48, 49, 50, 51, 52, 53, 54, 55, 56, 57, 58, 59, 60]
N_in_channels 66
N_out_channels 61
img_size_h 720
img_size_w 1440
patch_size_h 8
patch_size_w 8
mlp_ratio 4.0
embed_dim 512
depth 12
num_heads 16
decoder_embed_dim 1024
decoder_depth 8
decoder_num_heads 16
koopman_depth 2
modes_h_ratio 1
modes_w_ratio 0.8
drop_rate 0.0
drop_path_rate 0.0
sparsity_threshold 0.01
hard_thresholding_fraction 1.0
num_blocks 8
loss l2
num_data_workers 0
dt 1
n_history 0
prediction_type iterative
prediction_length 41
n_initial_conditions 5
ics_type default
date_strings ['2018-09-14 00:00:00']
save_raw_forecasts True
save_channel False
masked_acc False
maskpath None
perturb False
add_grid False
N_grid_channels 0
gridtype sinusoidal
roll False
enable_nhwc False
optimizer_type FusedAdam
exp_dir ./exp_15_levels
patch_size 8
width 56
modes 32
target default
train_data_path /home/bingxing2/home/scx6115/Ocean_AI_model/sample_01/train
valid_data_path /home/bingxing2/home/scx6115/Ocean_AI_model/sample_01/valid
test_data_path /home/bingxing2/home/scx6115/Ocean_AI_model/sample_01/test
land_mask True
land_mask_path /home/bingxing2/home/scx6115/Ocean_AI_model/sample_01/land_mask.h5
normalize True
normalization zscore
global_mins_path /home/bingxing2/home/scx6115/Ocean_AI_model/sample_01/train/global_mins.npy
global_maxs_path /home/bingxing2/home/scx6115/Ocean_AI_model/sample_01/train/global_maxs.npy
global_means_path /home/bingxing2/home/scx6115/Ocean_AI_model/sample_01/train/global_means.npy
global_stds_path /home/bingxing2/home/scx6115/Ocean_AI_model/sample_01/train/global_stds.npy
orography True
orography_norm_zscore_path /home/bingxing2/home/scx6115/Ocean_AI_model/sample_01/orography_norm_zscore.h5
orography_norm_maxmin_path /home/bingxing2/home/scx6115/Ocean_AI_model/sample_01/orography_norm_maxmin.h5
add_noise False
noise_std 0
crop_size_x None
crop_size_y None
log_to_screen True
save_checkpoint True
plot_animations False
---------------------------------------------------
world_size : 16
Initialize distributed process group...
2023-07-01 22:02:51,600 - torch.distributed.distributed_c10d - INFO - Added key: store_based_barrier_key:1 to store for rank: 15
nettype Masked_AE_Ocean
log_to_wandb True
lr 0.001
batch_size 32
max_epochs 150
scheduler CosineAnnealingLR
fusion_3d_2d False
in_channels [0, 1, 2, 3, 4, 5, 6, 7, 8, 9, 10, 11, 12, 13, 14, 15, 16, 17, 18, 19, 20, 21, 22, 23, 24, 25, 26, 27, 28, 29, 30, 31, 32, 33, 34, 35, 36, 37, 38, 39, 40, 41, 42, 43, 44, 45, 46, 47, 48, 49, 50, 51, 52, 53, 54, 55, 56, 57, 58, 59, 60, 61, 62, 63, 64, 65]
out_channels [0, 1, 2, 3, 4, 5, 6, 7, 8, 9, 10, 11, 12, 13, 14, 15, 16, 17, 18, 19, 20, 21, 22, 23, 24, 25, 26, 27, 28, 29, 30, 31, 32, 33, 34, 35, 36, 37, 38, 39, 40, 41, 42, 43, 44, 45, 46, 47, 48, 49, 50, 51, 52, 53, 54, 55, 56, 57, 58, 59, 60]
N_in_channels 66
N_out_channels 61
img_size_h 720
img_size_w 1440
patch_size_h 8
patch_size_w 8
mlp_ratio 4.0
embed_dim 512
depth 12
num_heads 16
decoder_embed_dim 1024
decoder_depth 8
decoder_num_heads 16
koopman_depth 2
modes_h_ratio 1
modes_w_ratio 0.8
drop_rate 0.0
drop_path_rate 0.0
sparsity_threshold 0.01
hard_thresholding_fraction 1.0
num_blocks 8
loss l2
num_data_workers 0
dt 1
n_history 0
prediction_type iterative
prediction_length 41
n_initial_conditions 5
ics_type default
date_strings ['2018-09-14 00:00:00']
save_raw_forecasts True
save_channel False
masked_acc False
maskpath None
perturb False
add_grid False
N_grid_channels 0
gridtype sinusoidal
roll False
enable_nhwc False
optimizer_type FusedAdam
exp_dir ./exp_15_levels
patch_size 8
width 56
modes 32
target default
train_data_path /home/bingxing2/home/scx6115/Ocean_AI_model/sample_01/train
valid_data_path /home/bingxing2/home/scx6115/Ocean_AI_model/sample_01/valid
test_data_path /home/bingxing2/home/scx6115/Ocean_AI_model/sample_01/test
land_mask True
land_mask_path /home/bingxing2/home/scx6115/Ocean_AI_model/sample_01/land_mask.h5
normalize True
normalization zscore
global_mins_path /home/bingxing2/home/scx6115/Ocean_AI_model/sample_01/train/global_mins.npy
global_maxs_path /home/bingxing2/home/scx6115/Ocean_AI_model/sample_01/train/global_maxs.npy
global_means_path /home/bingxing2/home/scx6115/Ocean_AI_model/sample_01/train/global_means.npy
global_stds_path /home/bingxing2/home/scx6115/Ocean_AI_model/sample_01/train/global_stds.npy
orography True
orography_norm_zscore_path /home/bingxing2/home/scx6115/Ocean_AI_model/sample_01/orography_norm_zscore.h5
orography_norm_maxmin_path /home/bingxing2/home/scx6115/Ocean_AI_model/sample_01/orography_norm_maxmin.h5
add_noise False
noise_std 0
crop_size_xnettype  NoneMasked_AE_Ocean

crop_size_y None
log_to_wandb True
log_to_screen lrTrue 
0.001save_checkpoint
 Truebatch_size
 32plot_animations
 max_epochsFalse 
150
scheduler CosineAnnealingLR
fusion_3d_2d False
in_channels [0, 1, 2, 3, 4, 5, 6, 7, 8, 9, 10, 11, 12, 13, 14, 15, 16, 17, 18, 19, 20, 21, 22, 23, 24, 25, 26, 27, 28, 29, 30, 31, 32, 33, 34, 35, 36, 37, 38, 39, 40, 41, 42, 43, 44, 45, 46, 47, 48, 49, 50, 51, 52, 53, 54, 55, 56, 57, 58, 59, 60, 61, 62, 63, 64, 65]
out_channels [0, 1, 2, 3, 4, 5, 6, 7, 8, 9, 10, 11, 12, 13, 14, 15, 16, 17, 18, 19, 20, 21, 22, 23, 24, 25, 26, 27, 28, 29, 30, 31, 32, 33, 34, 35, 36, 37, 38, 39, 40, 41, 42, 43, 44, 45, 46, 47, 48, 49, 50, 51, 52, 53, 54, 55, 56, 57, 58, 59, 60]
---------------------------------------------------N_in_channels
 66
N_out_channels 61
img_size_h 720
img_size_w 1440
patch_size_h 8
world_size :patch_size_w  816

mlp_ratioInitialize distributed process group... 
4.0
embed_dim 512
depth 12
num_heads 16
decoder_embed_dim 1024
decoder_depth 8
decoder_num_heads 16
koopman_depth 2
modes_h_ratio 1
modes_w_ratio 0.8
drop_rate 0.0
drop_path_rate 0.0
sparsity_threshold 0.01
hard_thresholding_fraction 1.0
num_blocks 8
loss l2
num_data_workers 0
dt 1
n_history 0
prediction_type iterative
prediction_length 41
n_initial_conditions 5
ics_type default
date_strings ['2018-09-14 00:00:00']
save_raw_forecasts True
save_channel False
masked_acc False
maskpath None
perturb False
add_grid False
N_grid_channels 0
gridtype sinusoidal
roll False
enable_nhwc False
optimizer_type FusedAdam
exp_dir ./exp_15_levels
patch_size 8
width 56
modes 32
target default
train_data_path /home/bingxing2/home/scx6115/Ocean_AI_model/sample_01/train
valid_data_path /home/bingxing2/home/scx6115/Ocean_AI_model/sample_01/valid
test_data_path /home/bingxing2/home/scx6115/Ocean_AI_model/sample_01/test
land_mask True
land_mask_path /home/bingxing2/home/scx6115/Ocean_AI_model/sample_01/land_mask.h5
normalize True
normalization zscore
global_mins_path /home/bingxing2/home/scx6115/Ocean_AI_model/sample_01/train/global_mins.npy
global_maxs_path /home/bingxing2/home/scx6115/Ocean_AI_model/sample_01/train/global_maxs.npy
global_means_path /home/bingxing2/home/scx6115/Ocean_AI_model/sample_01/train/global_means.npy
global_stds_path /home/bingxing2/home/scx6115/Ocean_AI_model/sample_01/train/global_stds.npy
orography True
orography_norm_zscore_path /home/bingxing2/home/scx6115/Ocean_AI_model/sample_01/orography_norm_zscore.h5
orography_norm_maxmin_path /home/bingxing2/home/scx6115/Ocean_AI_model/sample_01/orography_norm_maxmin.h5
add_noise False
noise_std 0
crop_size_x None
crop_size_y None
log_to_screen True
save_checkpoint True
plot_animations False
---------------------------------------------------
world_size : 16
Initialize distributed process group...
2023-07-01 22:02:51,636 - torch.distributed.distributed_c10d - INFO - Added key: store_based_barrier_key:1 to store for rank: 13
2023-07-01 22:02:51,636 - torch.distributed.distributed_c10d - INFO - Added key: store_based_barrier_key:1 to store for rank: 14
2023-07-01 22:02:51,651 - torch.distributed.distributed_c10d - INFO - Rank 15: Completed store-based barrier for key:store_based_barrier_key:1 with 16 nodes.
2023-07-01 22:02:51,657 - torch.distributed.distributed_c10d - INFO - Rank 13: Completed store-based barrier for key:store_based_barrier_key:1 with 16 nodes.
2023-07-01 22:02:51,657 - torch.distributed.distributed_c10d - INFO - Rank 14: Completed store-based barrier for key:store_based_barrier_key:1 with 16 nodes.
2023-07-01 22:02:51,658 - torch.distributed.distributed_c10d - INFO - Rank 12: Completed store-based barrier for key:store_based_barrier_key:1 with 16 nodes.
2023-07-01 22:02:51,711 - root - INFO - device: cuda:3
2023-07-01 22:02:51,711 - root - INFO - rank 15, begin data loader init
2023-07-01 22:02:51,713 - root - INFO - device: cuda:2
2023-07-01 22:02:51,713 - root - INFO - rank 14, begin data loader init
2023-07-01 22:02:51,716 - root - INFO - device: cuda:1
2023-07-01 22:02:51,716 - root - INFO - rank 13, begin data loader init
2023-07-01 22:02:51,717 - root - INFO - device: cuda:0
2023-07-01 22:02:51,717 - root - INFO - rank 12, begin data loader init
2023-07-01 22:02:51,719 - root - INFO - Getting file stats from /home/bingxing2/home/scx6115/Ocean_AI_model/sample_01/train/2000.h5
2023-07-01 22:02:51,719 - root - INFO - Getting file stats from /home/bingxing2/home/scx6115/Ocean_AI_model/sample_01/train/2000.h5
2023-07-01 22:02:51,719 - root - INFO - Getting file stats from /home/bingxing2/home/scx6115/Ocean_AI_model/sample_01/train/2000.h5
2023-07-01 22:02:51,719 - root - INFO - Getting file stats from /home/bingxing2/home/scx6115/Ocean_AI_model/sample_01/train/2000.h5
2023-07-01 22:02:51,720 - root - INFO - Number of samples per year: 365
2023-07-01 22:02:51,720 - root - INFO - Number of samples per year: 365
2023-07-01 22:02:51,720 - root - INFO - Number of samples per year: 365
2023-07-01 22:02:51,720 - root - INFO - Found data at path /home/bingxing2/home/scx6115/Ocean_AI_model/sample_01/train. Number of examples: 4015. Image Shape: 720 x 1440 x 66
2023-07-01 22:02:51,720 - root - INFO - Found data at path /home/bingxing2/home/scx6115/Ocean_AI_model/sample_01/train. Number of examples: 4015. Image Shape: 720 x 1440 x 66
2023-07-01 22:02:51,720 - root - INFO - Number of samples per year: 365
2023-07-01 22:02:51,720 - root - INFO - Delta t: 1 days
2023-07-01 22:02:51,720 - root - INFO - Delta t: 1 days
2023-07-01 22:02:51,720 - root - INFO - Found data at path /home/bingxing2/home/scx6115/Ocean_AI_model/sample_01/train. Number of examples: 4015. Image Shape: 720 x 1440 x 66
2023-07-01 22:02:51,720 - root - INFO - Found data at path /home/bingxing2/home/scx6115/Ocean_AI_model/sample_01/train. Number of examples: 4015. Image Shape: 720 x 1440 x 66
2023-07-01 22:02:51,720 - root - INFO - Including 0 days of past history in training at a frequency of 1 days
2023-07-01 22:02:51,720 - root - INFO - Including 0 days of past history in training at a frequency of 1 days
2023-07-01 22:02:51,720 - root - INFO - Delta t: 1 days
2023-07-01 22:02:51,720 - root - INFO - Delta t: 1 days
2023-07-01 22:02:51,720 - root - INFO - Including 0 days of past history in training at a frequency of 1 days
2023-07-01 22:02:51,720 - root - INFO - Including 0 days of past history in training at a frequency of 1 days
2023-07-01 22:02:51,726 - root - INFO - Getting file stats from /home/bingxing2/home/scx6115/Ocean_AI_model/sample_01/valid/2011.h5
2023-07-01 22:02:51,726 - root - INFO - Getting file stats from /home/bingxing2/home/scx6115/Ocean_AI_model/sample_01/valid/2011.h5
2023-07-01 22:02:51,726 - root - INFO - Getting file stats from /home/bingxing2/home/scx6115/Ocean_AI_model/sample_01/valid/2011.h5
2023-07-01 22:02:51,726 - root - INFO - Getting file stats from /home/bingxing2/home/scx6115/Ocean_AI_model/sample_01/valid/2011.h5
2023-07-01 22:02:51,727 - root - INFO - Number of samples per year: 364
2023-07-01 22:02:51,727 - root - INFO - Number of samples per year: 364
2023-07-01 22:02:51,727 - root - INFO - Number of samples per year: 364
2023-07-01 22:02:51,727 - root - INFO - Found data at path /home/bingxing2/home/scx6115/Ocean_AI_model/sample_01/valid. Number of examples: 364. Image Shape: 720 x 1440 x 66
2023-07-01 22:02:51,727 - root - INFO - Found data at path /home/bingxing2/home/scx6115/Ocean_AI_model/sample_01/valid. Number of examples: 364. Image Shape: 720 x 1440 x 66
2023-07-01 22:02:51,727 - root - INFO - Found data at path /home/bingxing2/home/scx6115/Ocean_AI_model/sample_01/valid. Number of examples: 364. Image Shape: 720 x 1440 x 66
2023-07-01 22:02:51,727 - root - INFO - Number of samples per year: 364
2023-07-01 22:02:51,727 - root - INFO - Delta t: 1 days
2023-07-01 22:02:51,727 - root - INFO - Delta t: 1 days
2023-07-01 22:02:51,727 - root - INFO - Delta t: 1 days
2023-07-01 22:02:51,727 - root - INFO - Including 0 days of past history in training at a frequency of 1 days
2023-07-01 22:02:51,727 - root - INFO - Including 0 days of past history in training at a frequency of 1 days
2023-07-01 22:02:51,727 - root - INFO - Including 0 days of past history in training at a frequency of 1 days
2023-07-01 22:02:51,727 - root - INFO - Found data at path /home/bingxing2/home/scx6115/Ocean_AI_model/sample_01/valid. Number of examples: 364. Image Shape: 720 x 1440 x 66
2023-07-01 22:02:51,727 - root - INFO - Delta t: 1 days
2023-07-01 22:02:51,727 - root - INFO - Including 0 days of past history in training at a frequency of 1 days
2023-07-01 22:02:51,727 - root - INFO - rank 12, data loader initialized
2023-07-01 22:02:51,727 - root - INFO - rank 14, data loader initialized
2023-07-01 22:02:51,727 - root - INFO - rank 13, data loader initialized
2023-07-01 22:02:51,727 - root - INFO - rank 15, data loader initialized
paraai-n32-h-01-agent-95:2465845:2465845 [3] NCCL INFO cudaDriverVersion 11060
paraai-n32-h-01-agent-95:2465844:2465844 [2] NCCL INFO cudaDriverVersion 11060
paraai-n32-h-01-agent-95:2465842:2465842 [0] NCCL INFO cudaDriverVersion 11060
paraai-n32-h-01-agent-95:2465843:2465843 [1] NCCL INFO cudaDriverVersion 11060
paraai-n32-h-01-agent-95:2465844:2465844 [2] NCCL INFO Bootstrap : Using eth0:172.16.4.203<0>
paraai-n32-h-01-agent-95:2465843:2465843 [1] NCCL INFO Bootstrap : Using eth0:172.16.4.203<0>
paraai-n32-h-01-agent-95:2465842:2465842 [0] NCCL INFO Bootstrap : Using eth0:172.16.4.203<0>
paraai-n32-h-01-agent-95:2465845:2465845 [3] NCCL INFO Bootstrap : Using eth0:172.16.4.203<0>
paraai-n32-h-01-agent-95:2465842:2465842 [0] NCCL INFO NET/Plugin : No plugin found (libnccl-net.so), using internal implementation
paraai-n32-h-01-agent-95:2465844:2465844 [2] NCCL INFO NET/Plugin : No plugin found (libnccl-net.so), using internal implementation
paraai-n32-h-01-agent-95:2465843:2465843 [1] NCCL INFO NET/Plugin : No plugin found (libnccl-net.so), using internal implementation
paraai-n32-h-01-agent-95:2465845:2465845 [3] NCCL INFO NET/Plugin : No plugin found (libnccl-net.so), using internal implementation
paraai-n32-h-01-agent-95:2465844:2467636 [2] NCCL INFO NET/IB : Using [0]mlx5_0:1/RoCE [1]mlx5_2:1/RoCE [RO]; OOB eth0:172.16.4.203<0>
paraai-n32-h-01-agent-95:2465844:2467636 [2] NCCL INFO Using network IB
paraai-n32-h-01-agent-95:2465845:2467638 [3] NCCL INFO NET/IB : Using [0]mlx5_0:1/RoCE [1]mlx5_2:1/RoCE [RO]; OOB eth0:172.16.4.203<0>
paraai-n32-h-01-agent-95:2465845:2467638 [3] NCCL INFO Using network IB
paraai-n32-h-01-agent-95:2465843:2467635 [1] NCCL INFO NET/IB : Using [0]mlx5_0:1/RoCE [1]mlx5_2:1/RoCE [RO]; OOB eth0:172.16.4.203<0>
paraai-n32-h-01-agent-95:2465843:2467635 [1] NCCL INFO Using network IB
paraai-n32-h-01-agent-95:2465842:2467637 [0] NCCL INFO NET/IB : Using [0]mlx5_0:1/RoCE [1]mlx5_2:1/RoCE [RO]; OOB eth0:172.16.4.203<0>
paraai-n32-h-01-agent-95:2465842:2467637 [0] NCCL INFO Using network IB
paraai-n32-h-01-agent-95:2465842:2467637 [0] NCCL INFO Setting affinity for GPU 0 to ffffffff
paraai-n32-h-01-agent-95:2465843:2467635 [1] NCCL INFO Setting affinity for GPU 1 to ffffffff
paraai-n32-h-01-agent-95:2465845:2467638 [3] NCCL INFO Setting affinity for GPU 3 to ffffffff,00000000,00000000
paraai-n32-h-01-agent-95:2465844:2467636 [2] NCCL INFO Setting affinity for GPU 2 to ffffffff,00000000,00000000
paraai-n32-h-01-agent-95:2465845:2467638 [3] NCCL INFO NCCL_MAX_NCHANNELS set by environment to 16.
paraai-n32-h-01-agent-95:2465844:2467636 [2] NCCL INFO NCCL_MAX_NCHANNELS set by environment to 16.
paraai-n32-h-01-agent-95:2465844:2467636 [2] NCCL INFO NCCL_MIN_NCHANNELS set by environment to 16.
paraai-n32-h-01-agent-95:2465845:2467638 [3] NCCL INFO NCCL_MIN_NCHANNELS set by environment to 16.
paraai-n32-h-01-agent-95:2465844:2467636 [2] NCCL INFO Trees [0] 15/-1/-1->14->13 [1] 15/-1/-1->14->10 [2] 15/-1/-1->14->13 [3] 15/6/-1->14->-1 [4] 15/-1/-1->14->13 [5] 15/-1/-1->14->10 [6] 15/-1/-1->14->13 [7] 15/6/-1->14->-1 [8] 15/-1/-1->14->13 [9] 15/-1/-1->14->10 [10] 15/-1/-1->14->13 [11] 15/6/-1->14->-1 [12] 15/-1/-1->14->13 [13] 15/-1/-1->14->10 [14] 15/-1/-1->14->13 [15] 15/6/-1->14->-1
paraai-n32-h-01-agent-95:2465845:2467638 [3] NCCL INFO Trees [0] -1/-1/-1->15->14 [1] 12/-1/-1->15->14 [2] -1/-1/-1->15->14 [3] 12/-1/-1->15->14 [4] -1/-1/-1->15->14 [5] 12/-1/-1->15->14 [6] -1/-1/-1->15->14 [7] 12/-1/-1->15->14 [8] -1/-1/-1->15->14 [9] 12/-1/-1->15->14 [10] -1/-1/-1->15->14 [11] 12/-1/-1->15->14 [12] -1/-1/-1->15->14 [13] 12/-1/-1->15->14 [14] -1/-1/-1->15->14 [15] 12/-1/-1->15->14
paraai-n32-h-01-agent-95:2465844:2467636 [2] NCCL INFO Channel 00 : 14[81000] -> 15[82000] via SHM/direct/direct
paraai-n32-h-01-agent-95:2465844:2467636 [2] NCCL INFO Channel 01 : 14[81000] -> 15[82000] via SHM/direct/direct
paraai-n32-h-01-agent-95:2465844:2467636 [2] NCCL INFO Channel 02 : 14[81000] -> 15[82000] via SHM/direct/direct
paraai-n32-h-01-agent-95:2465844:2467636 [2] NCCL INFO Channel 03 : 14[81000] -> 15[82000] via SHM/direct/direct
paraai-n32-h-01-agent-95:2465844:2467636 [2] NCCL INFO Channel 04 : 14[81000] -> 15[82000] via SHM/direct/direct
paraai-n32-h-01-agent-95:2465844:2467636 [2] NCCL INFO Channel 05 : 14[81000] -> 15[82000] via SHM/direct/direct
paraai-n32-h-01-agent-95:2465844:2467636 [2] NCCL INFO Channel 06 : 14[81000] -> 15[82000] via SHM/direct/direct
paraai-n32-h-01-agent-95:2465844:2467636 [2] NCCL INFO Channel 07 : 14[81000] -> 15[82000] via SHM/direct/direct
paraai-n32-h-01-agent-95:2465844:2467636 [2] NCCL INFO Channel 08 : 14[81000] -> 15[82000] via SHM/direct/direct
paraai-n32-h-01-agent-95:2465844:2467636 [2] NCCL INFO Channel 09 : 14[81000] -> 15[82000] via SHM/direct/direct
paraai-n32-h-01-agent-95:2465844:2467636 [2] NCCL INFO Channel 10 : 14[81000] -> 15[82000] via SHM/direct/direct
paraai-n32-h-01-agent-95:2465844:2467636 [2] NCCL INFO Channel 11 : 14[81000] -> 15[82000] via SHM/direct/direct
paraai-n32-h-01-agent-95:2465844:2467636 [2] NCCL INFO Channel 12 : 14[81000] -> 15[82000] via SHM/direct/direct
paraai-n32-h-01-agent-95:2465844:2467636 [2] NCCL INFO Channel 13 : 14[81000] -> 15[82000] via SHM/direct/direct
paraai-n32-h-01-agent-95:2465844:2467636 [2] NCCL INFO Channel 14 : 14[81000] -> 15[82000] via SHM/direct/direct
paraai-n32-h-01-agent-95:2465844:2467636 [2] NCCL INFO Channel 15 : 14[81000] -> 15[82000] via SHM/direct/direct
paraai-n32-h-01-agent-95:2465845:2467638 [3] NCCL INFO Channel 00/0 : 15[82000] -> 0[1000] [send] via NET/IB/1
paraai-n32-h-01-agent-95:2465843:2467635 [1] NCCL INFO NCCL_MAX_NCHANNELS set by environment to 16.
paraai-n32-h-01-agent-95:2465842:2467637 [0] NCCL INFO NCCL_MAX_NCHANNELS set by environment to 16.
paraai-n32-h-01-agent-95:2465842:2467637 [0] NCCL INFO NCCL_MIN_NCHANNELS set by environment to 16.
paraai-n32-h-01-agent-95:2465843:2467635 [1] NCCL INFO NCCL_MIN_NCHANNELS set by environment to 16.
paraai-n32-h-01-agent-95:2465842:2467637 [0] NCCL INFO Trees [0] 13/-1/-1->12->8 [1] 13/-1/-1->12->15 [2] 13/4/-1->12->-1 [3] 13/-1/-1->12->15 [4] 13/-1/-1->12->8 [5] 13/-1/-1->12->15 [6] 13/4/-1->12->-1 [7] 13/-1/-1->12->15 [8] 13/-1/-1->12->8 [9] 13/-1/-1->12->15 [10] 13/4/-1->12->-1 [11] 13/-1/-1->12->15 [12] 13/-1/-1->12->8 [13] 13/-1/-1->12->15 [14] 13/4/-1->12->-1 [15] 13/-1/-1->12->15
paraai-n32-h-01-agent-95:2465843:2467635 [1] NCCL INFO Trees [0] 14/-1/-1->13->12 [1] -1/-1/-1->13->12 [2] 14/-1/-1->13->12 [3] -1/-1/-1->13->12 [4] 14/-1/-1->13->12 [5] -1/-1/-1->13->12 [6] 14/-1/-1->13->12 [7] -1/-1/-1->13->12 [8] 14/-1/-1->13->12 [9] -1/-1/-1->13->12 [10] 14/-1/-1->13->12 [11] -1/-1/-1->13->12 [12] 14/-1/-1->13->12 [13] -1/-1/-1->13->12 [14] 14/-1/-1->13->12 [15] -1/-1/-1->13->12
paraai-n32-h-01-agent-95:2465842:2467637 [0] NCCL INFO Channel 00/0 : 11[82000] -> 12[1000] [receive] via NET/IB/0
paraai-n32-h-01-agent-95:2465843:2467635 [1] NCCL INFO Channel 00 : 13[2000] -> 14[81000] via SHM/direct/direct
paraai-n32-h-01-agent-95:2465843:2467635 [1] NCCL INFO Channel 02 : 13[2000] -> 14[81000] via SHM/direct/direct
paraai-n32-h-01-agent-95:2465843:2467635 [1] NCCL INFO Channel 04 : 13[2000] -> 14[81000] via SHM/direct/direct
paraai-n32-h-01-agent-95:2465843:2467635 [1] NCCL INFO Channel 06 : 13[2000] -> 14[81000] via SHM/direct/direct
paraai-n32-h-01-agent-95:2465843:2467635 [1] NCCL INFO Channel 08 : 13[2000] -> 14[81000] via SHM/direct/direct
paraai-n32-h-01-agent-95:2465843:2467635 [1] NCCL INFO Channel 10 : 13[2000] -> 14[81000] via SHM/direct/direct
paraai-n32-h-01-agent-95:2465843:2467635 [1] NCCL INFO Channel 12 : 13[2000] -> 14[81000] via SHM/direct/direct
paraai-n32-h-01-agent-95:2465843:2467635 [1] NCCL INFO Channel 14 : 13[2000] -> 14[81000] via SHM/direct/direct
paraai-n32-h-01-agent-95:2465845:2467638 [3] NCCL INFO Channel 02/0 : 15[82000] -> 0[1000] [send] via NET/IB/1
paraai-n32-h-01-agent-95:2465842:2467637 [0] NCCL INFO Channel 02/0 : 11[82000] -> 12[1000] [receive] via NET/IB/0
paraai-n32-h-01-agent-95:2465845:2467638 [3] NCCL INFO Channel 04/0 : 15[82000] -> 0[1000] [send] via NET/IB/1
paraai-n32-h-01-agent-95:2465842:2467637 [0] NCCL INFO Channel 04/0 : 11[82000] -> 12[1000] [receive] via NET/IB/0
paraai-n32-h-01-agent-95:2465845:2467638 [3] NCCL INFO Channel 06/0 : 15[82000] -> 0[1000] [send] via NET/IB/1
paraai-n32-h-01-agent-95:2465842:2467637 [0] NCCL INFO Channel 06/0 : 11[82000] -> 12[1000] [receive] via NET/IB/0
paraai-n32-h-01-agent-95:2465845:2467638 [3] NCCL INFO Channel 08/0 : 15[82000] -> 0[1000] [send] via NET/IB/1
paraai-n32-h-01-agent-95:2465845:2467638 [3] NCCL INFO Channel 10/0 : 15[82000] -> 0[1000] [send] via NET/IB/1
paraai-n32-h-01-agent-95:2465845:2467638 [3] NCCL INFO Channel 12/0 : 15[82000] -> 0[1000] [send] via NET/IB/1
paraai-n32-h-01-agent-95:2465842:2467637 [0] NCCL INFO Channel 08/0 : 11[82000] -> 12[1000] [receive] via NET/IB/0
paraai-n32-h-01-agent-95:2465845:2467638 [3] NCCL INFO Channel 14/0 : 15[82000] -> 0[1000] [send] via NET/IB/1
paraai-n32-h-01-agent-95:2465844:2467636 [2] NCCL INFO Channel 01/0 : 8[1000] -> 14[81000] [receive] via NET/IB/1
paraai-n32-h-01-agent-95:2465845:2467761 [3] NCCL INFO NCCL_IB_GID_INDEX set by environment to 3.
paraai-n32-h-01-agent-95:2465842:2467637 [0] NCCL INFO Channel 10/0 : 11[82000] -> 12[1000] [receive] via NET/IB/0
paraai-n32-h-01-agent-95:2465844:2467636 [2] NCCL INFO Channel 03/0 : 8[1000] -> 14[81000] [receive] via NET/IB/1
paraai-n32-h-01-agent-95:2465842:2467637 [0] NCCL INFO Channel 12/0 : 11[82000] -> 12[1000] [receive] via NET/IB/0
paraai-n32-h-01-agent-95:2465845:2467638 [3] NCCL INFO Channel 01 : 15[82000] -> 13[2000] via SHM/direct/direct
paraai-n32-h-01-agent-95:2465844:2467636 [2] NCCL INFO Channel 05/0 : 8[1000] -> 14[81000] [receive] via NET/IB/1
paraai-n32-h-01-agent-95:2465845:2467638 [3] NCCL INFO Channel 03 : 15[82000] -> 13[2000] via SHM/direct/direct
paraai-n32-h-01-agent-95:2465845:2467638 [3] NCCL INFO Channel 05 : 15[82000] -> 13[2000] via SHM/direct/direct
paraai-n32-h-01-agent-95:2465845:2467638 [3] NCCL INFO Channel 07 : 15[82000] -> 13[2000] via SHM/direct/direct
paraai-n32-h-01-agent-95:2465845:2467638 [3] NCCL INFO Channel 09 : 15[82000] -> 13[2000] via SHM/direct/direct
paraai-n32-h-01-agent-95:2465845:2467638 [3] NCCL INFO Channel 11 : 15[82000] -> 13[2000] via SHM/direct/direct
paraai-n32-h-01-agent-95:2465845:2467638 [3] NCCL INFO Channel 13 : 15[82000] -> 13[2000] via SHM/direct/direct
paraai-n32-h-01-agent-95:2465845:2467638 [3] NCCL INFO Channel 15 : 15[82000] -> 13[2000] via SHM/direct/direct
paraai-n32-h-01-agent-95:2465842:2467637 [0] NCCL INFO Channel 14/0 : 11[82000] -> 12[1000] [receive] via NET/IB/0
paraai-n32-h-01-agent-95:2465842:2467637 [0] NCCL INFO Channel 00 : 12[1000] -> 13[2000] via SHM/direct/direct
paraai-n32-h-01-agent-95:2465842:2467637 [0] NCCL INFO Channel 02 : 12[1000] -> 13[2000] via SHM/direct/direct
paraai-n32-h-01-agent-95:2465842:2467637 [0] NCCL INFO Channel 04 : 12[1000] -> 13[2000] via SHM/direct/direct
paraai-n32-h-01-agent-95:2465842:2467637 [0] NCCL INFO Channel 06 : 12[1000] -> 13[2000] via SHM/direct/direct
paraai-n32-h-01-agent-95:2465842:2467637 [0] NCCL INFO Channel 08 : 12[1000] -> 13[2000] via SHM/direct/direct
paraai-n32-h-01-agent-95:2465842:2467637 [0] NCCL INFO Channel 10 : 12[1000] -> 13[2000] via SHM/direct/direct
paraai-n32-h-01-agent-95:2465842:2467637 [0] NCCL INFO Channel 12 : 12[1000] -> 13[2000] via SHM/direct/direct
paraai-n32-h-01-agent-95:2465842:2467637 [0] NCCL INFO Channel 14 : 12[1000] -> 13[2000] via SHM/direct/direct
paraai-n32-h-01-agent-95:2465842:2467760 [0] NCCL INFO NCCL_IB_GID_INDEX set by environment to 3.
paraai-n32-h-01-agent-95:2465843:2467635 [1] NCCL INFO Channel 01 : 13[2000] -> 12[1000] via SHM/direct/direct
paraai-n32-h-01-agent-95:2465843:2467635 [1] NCCL INFO Channel 03 : 13[2000] -> 12[1000] via SHM/direct/direct
paraai-n32-h-01-agent-95:2465843:2467635 [1] NCCL INFO Channel 05 : 13[2000] -> 12[1000] via SHM/direct/direct
paraai-n32-h-01-agent-95:2465843:2467635 [1] NCCL INFO Channel 07 : 13[2000] -> 12[1000] via SHM/direct/direct
paraai-n32-h-01-agent-95:2465843:2467635 [1] NCCL INFO Channel 09 : 13[2000] -> 12[1000] via SHM/direct/direct
paraai-n32-h-01-agent-95:2465843:2467635 [1] NCCL INFO Channel 11 : 13[2000] -> 12[1000] via SHM/direct/direct
paraai-n32-h-01-agent-95:2465843:2467635 [1] NCCL INFO Channel 13 : 13[2000] -> 12[1000] via SHM/direct/direct
paraai-n32-h-01-agent-95:2465843:2467635 [1] NCCL INFO Channel 15 : 13[2000] -> 12[1000] via SHM/direct/direct
paraai-n32-h-01-agent-95:2465845:2467638 [3] NCCL INFO Connected all rings
paraai-n32-h-01-agent-95:2465844:2467636 [2] NCCL INFO Channel 07/0 : 8[1000] -> 14[81000] [receive] via NET/IB/1
paraai-n32-h-01-agent-95:2465844:2467636 [2] NCCL INFO Channel 09/0 : 8[1000] -> 14[81000] [receive] via NET/IB/1
paraai-n32-h-01-agent-95:2465842:2467637 [0] NCCL INFO Channel 01/0 : 12[1000] -> 2[81000] [send] via NET/IB/0
paraai-n32-h-01-agent-95:2465844:2467636 [2] NCCL INFO Channel 11/0 : 8[1000] -> 14[81000] [receive] via NET/IB/1
paraai-n32-h-01-agent-95:2465842:2467637 [0] NCCL INFO Channel 03/0 : 12[1000] -> 2[81000] [send] via NET/IB/0
paraai-n32-h-01-agent-95:2465844:2467636 [2] NCCL INFO Channel 13/0 : 8[1000] -> 14[81000] [receive] via NET/IB/1
paraai-n32-h-01-agent-95:2465842:2467637 [0] NCCL INFO Channel 05/0 : 12[1000] -> 2[81000] [send] via NET/IB/0
paraai-n32-h-01-agent-95:2465844:2467636 [2] NCCL INFO Channel 15/0 : 8[1000] -> 14[81000] [receive] via NET/IB/1
paraai-n32-h-01-agent-95:2465842:2467637 [0] NCCL INFO Channel 07/0 : 12[1000] -> 2[81000] [send] via NET/IB/0
paraai-n32-h-01-agent-95:2465842:2467637 [0] NCCL INFO Channel 09/0 : 12[1000] -> 2[81000] [send] via NET/IB/0
paraai-n32-h-01-agent-95:2465842:2467637 [0] NCCL INFO Channel 11/0 : 12[1000] -> 2[81000] [send] via NET/IB/0
paraai-n32-h-01-agent-95:2465842:2467637 [0] NCCL INFO Channel 13/0 : 12[1000] -> 2[81000] [send] via NET/IB/0
paraai-n32-h-01-agent-95:2465842:2467637 [0] NCCL INFO Channel 15/0 : 12[1000] -> 2[81000] [send] via NET/IB/0
paraai-n32-h-01-agent-95:2465842:2467637 [0] NCCL INFO Connected all rings
paraai-n32-h-01-agent-95:2465842:2467637 [0] NCCL INFO Channel 01 : 12[1000] -> 13[2000] via SHM/direct/direct
paraai-n32-h-01-agent-95:2465842:2467637 [0] NCCL INFO Channel 03 : 12[1000] -> 13[2000] via SHM/direct/direct
paraai-n32-h-01-agent-95:2465842:2467637 [0] NCCL INFO Channel 05 : 12[1000] -> 13[2000] via SHM/direct/direct
paraai-n32-h-01-agent-95:2465842:2467637 [0] NCCL INFO Channel 07 : 12[1000] -> 13[2000] via SHM/direct/direct
paraai-n32-h-01-agent-95:2465842:2467637 [0] NCCL INFO Channel 09 : 12[1000] -> 13[2000] via SHM/direct/direct
paraai-n32-h-01-agent-95:2465842:2467637 [0] NCCL INFO Channel 11 : 12[1000] -> 13[2000] via SHM/direct/direct
paraai-n32-h-01-agent-95:2465842:2467637 [0] NCCL INFO Channel 13 : 12[1000] -> 13[2000] via SHM/direct/direct
paraai-n32-h-01-agent-95:2465842:2467637 [0] NCCL INFO Channel 15 : 12[1000] -> 13[2000] via SHM/direct/direct
paraai-n32-h-01-agent-95:2465843:2467635 [1] NCCL INFO Connected all rings
paraai-n32-h-01-agent-95:2465842:2467637 [0] NCCL INFO Channel 01 : 12[1000] -> 15[82000] via SHM/direct/direct
paraai-n32-h-01-agent-95:2465842:2467637 [0] NCCL INFO Channel 03 : 12[1000] -> 15[82000] via SHM/direct/direct
paraai-n32-h-01-agent-95:2465842:2467637 [0] NCCL INFO Channel 05 : 12[1000] -> 15[82000] via SHM/direct/direct
paraai-n32-h-01-agent-95:2465842:2467637 [0] NCCL INFO Channel 07 : 12[1000] -> 15[82000] via SHM/direct/direct
paraai-n32-h-01-agent-95:2465842:2467637 [0] NCCL INFO Channel 09 : 12[1000] -> 15[82000] via SHM/direct/direct
paraai-n32-h-01-agent-95:2465842:2467637 [0] NCCL INFO Channel 11 : 12[1000] -> 15[82000] via SHM/direct/direct
paraai-n32-h-01-agent-95:2465842:2467637 [0] NCCL INFO Channel 13 : 12[1000] -> 15[82000] via SHM/direct/direct
paraai-n32-h-01-agent-95:2465842:2467637 [0] NCCL INFO Channel 15 : 12[1000] -> 15[82000] via SHM/direct/direct
paraai-n32-h-01-agent-95:2465845:2467638 [3] NCCL INFO Channel 01 : 15[82000] -> 12[1000] via SHM/direct/direct
paraai-n32-h-01-agent-95:2465845:2467638 [3] NCCL INFO Channel 03 : 15[82000] -> 12[1000] via SHM/direct/direct
paraai-n32-h-01-agent-95:2465845:2467638 [3] NCCL INFO Channel 05 : 15[82000] -> 12[1000] via SHM/direct/direct
paraai-n32-h-01-agent-95:2465845:2467638 [3] NCCL INFO Channel 07 : 15[82000] -> 12[1000] via SHM/direct/direct
paraai-n32-h-01-agent-95:2465845:2467638 [3] NCCL INFO Channel 09 : 15[82000] -> 12[1000] via SHM/direct/direct
paraai-n32-h-01-agent-95:2465845:2467638 [3] NCCL INFO Channel 11 : 15[82000] -> 12[1000] via SHM/direct/direct
paraai-n32-h-01-agent-95:2465845:2467638 [3] NCCL INFO Channel 13 : 15[82000] -> 12[1000] via SHM/direct/direct
paraai-n32-h-01-agent-95:2465845:2467638 [3] NCCL INFO Channel 15 : 15[82000] -> 12[1000] via SHM/direct/direct
paraai-n32-h-01-agent-95:2465843:2467635 [1] NCCL INFO Channel 00 : 13[2000] -> 12[1000] via SHM/direct/direct
paraai-n32-h-01-agent-95:2465843:2467635 [1] NCCL INFO Channel 02 : 13[2000] -> 12[1000] via SHM/direct/direct
paraai-n32-h-01-agent-95:2465843:2467635 [1] NCCL INFO Channel 04 : 13[2000] -> 12[1000] via SHM/direct/direct
paraai-n32-h-01-agent-95:2465843:2467635 [1] NCCL INFO Channel 06 : 13[2000] -> 12[1000] via SHM/direct/direct
paraai-n32-h-01-agent-95:2465843:2467635 [1] NCCL INFO Channel 08 : 13[2000] -> 12[1000] via SHM/direct/direct
paraai-n32-h-01-agent-95:2465843:2467635 [1] NCCL INFO Channel 10 : 13[2000] -> 12[1000] via SHM/direct/direct
paraai-n32-h-01-agent-95:2465843:2467635 [1] NCCL INFO Channel 12 : 13[2000] -> 12[1000] via SHM/direct/direct
paraai-n32-h-01-agent-95:2465843:2467635 [1] NCCL INFO Channel 14 : 13[2000] -> 12[1000] via SHM/direct/direct
paraai-n32-h-01-agent-95:2465842:2467637 [0] NCCL INFO Channel 00/0 : 8[1000] -> 12[1000] [receive] via NET/IB/0
paraai-n32-h-01-agent-95:2465844:2467763 [2] NCCL INFO NCCL_IB_GID_INDEX set by environment to 3.
paraai-n32-h-01-agent-95:2465844:2467636 [2] NCCL INFO Connected all rings
paraai-n32-h-01-agent-95:2465842:2467637 [0] NCCL INFO Channel 04/0 : 8[1000] -> 12[1000] [receive] via NET/IB/0
paraai-n32-h-01-agent-95:2465844:2467636 [2] NCCL INFO Channel 01/0 : 10[81000] -> 14[81000] [receive] via NET/IB/1
paraai-n32-h-01-agent-95:2465842:2467637 [0] NCCL INFO Channel 08/0 : 8[1000] -> 12[1000] [receive] via NET/IB/0
paraai-n32-h-01-agent-95:2465844:2467636 [2] NCCL INFO Channel 05/0 : 10[81000] -> 14[81000] [receive] via NET/IB/1
paraai-n32-h-01-agent-95:2465842:2467637 [0] NCCL INFO Channel 12/0 : 8[1000] -> 12[1000] [receive] via NET/IB/0
paraai-n32-h-01-agent-95:2465844:2467636 [2] NCCL INFO Channel 09/0 : 10[81000] -> 14[81000] [receive] via NET/IB/1
paraai-n32-h-01-agent-95:2465844:2467636 [2] NCCL INFO Channel 13/0 : 10[81000] -> 14[81000] [receive] via NET/IB/1
paraai-n32-h-01-agent-95:2465844:2467636 [2] NCCL INFO Channel 03/0 : 6[81000] -> 14[81000] [receive] via NET/IB/1
paraai-n32-h-01-agent-95:2465844:2467636 [2] NCCL INFO Channel 07/0 : 6[81000] -> 14[81000] [receive] via NET/IB/1
paraai-n32-h-01-agent-95:2465842:2467637 [0] NCCL INFO Channel 02/0 : 4[1000] -> 12[1000] [receive] via NET/IB/0
paraai-n32-h-01-agent-95:2465844:2467636 [2] NCCL INFO Channel 11/0 : 6[81000] -> 14[81000] [receive] via NET/IB/1
paraai-n32-h-01-agent-95:2465842:2467637 [0] NCCL INFO Channel 06/0 : 4[1000] -> 12[1000] [receive] via NET/IB/0
paraai-n32-h-01-agent-95:2465844:2467636 [2] NCCL INFO Channel 15/0 : 6[81000] -> 14[81000] [receive] via NET/IB/1
paraai-n32-h-01-agent-95:2465842:2467637 [0] NCCL INFO Channel 10/0 : 4[1000] -> 12[1000] [receive] via NET/IB/0
paraai-n32-h-01-agent-95:2465844:2467636 [2] NCCL INFO Channel 03/0 : 14[81000] -> 6[81000] [send] via NET/IB/1
paraai-n32-h-01-agent-95:2465842:2467637 [0] NCCL INFO Channel 14/0 : 4[1000] -> 12[1000] [receive] via NET/IB/0
paraai-n32-h-01-agent-95:2465844:2467636 [2] NCCL INFO Channel 07/0 : 14[81000] -> 6[81000] [send] via NET/IB/1
paraai-n32-h-01-agent-95:2465842:2467637 [0] NCCL INFO Channel 02/0 : 12[1000] -> 4[1000] [send] via NET/IB/0
paraai-n32-h-01-agent-95:2465844:2467636 [2] NCCL INFO Channel 11/0 : 14[81000] -> 6[81000] [send] via NET/IB/1
paraai-n32-h-01-agent-95:2465842:2467637 [0] NCCL INFO Channel 06/0 : 12[1000] -> 4[1000] [send] via NET/IB/0
paraai-n32-h-01-agent-95:2465842:2467637 [0] NCCL INFO Channel 10/0 : 12[1000] -> 4[1000] [send] via NET/IB/0
paraai-n32-h-01-agent-95:2465844:2467636 [2] NCCL INFO Channel 15/0 : 14[81000] -> 6[81000] [send] via NET/IB/1
paraai-n32-h-01-agent-95:2465842:2467637 [0] NCCL INFO Channel 14/0 : 12[1000] -> 4[1000] [send] via NET/IB/0
paraai-n32-h-01-agent-95:2465842:2467637 [0] NCCL INFO Channel 00/0 : 12[1000] -> 8[1000] [send] via NET/IB/0
paraai-n32-h-01-agent-95:2465842:2467637 [0] NCCL INFO Channel 04/0 : 12[1000] -> 8[1000] [send] via NET/IB/0
paraai-n32-h-01-agent-95:2465844:2467636 [2] NCCL INFO Channel 01/0 : 14[81000] -> 10[81000] [send] via NET/IB/1
paraai-n32-h-01-agent-95:2465842:2467637 [0] NCCL INFO Channel 08/0 : 12[1000] -> 8[1000] [send] via NET/IB/0
paraai-n32-h-01-agent-95:2465844:2467636 [2] NCCL INFO Channel 05/0 : 14[81000] -> 10[81000] [send] via NET/IB/1
paraai-n32-h-01-agent-95:2465842:2467637 [0] NCCL INFO Channel 12/0 : 12[1000] -> 8[1000] [send] via NET/IB/0
paraai-n32-h-01-agent-95:2465844:2467636 [2] NCCL INFO Channel 09/0 : 14[81000] -> 10[81000] [send] via NET/IB/1
paraai-n32-h-01-agent-95:2465844:2467636 [2] NCCL INFO Channel 13/0 : 14[81000] -> 10[81000] [send] via NET/IB/1
paraai-n32-h-01-agent-95:2465845:2467638 [3] NCCL INFO Channel 00 : 15[82000] -> 14[81000] via SHM/direct/direct
paraai-n32-h-01-agent-95:2465845:2467638 [3] NCCL INFO Channel 01 : 15[82000] -> 14[81000] via SHM/direct/direct
paraai-n32-h-01-agent-95:2465845:2467638 [3] NCCL INFO Channel 02 : 15[82000] -> 14[81000] via SHM/direct/direct
paraai-n32-h-01-agent-95:2465845:2467638 [3] NCCL INFO Channel 03 : 15[82000] -> 14[81000] via SHM/direct/direct
paraai-n32-h-01-agent-95:2465845:2467638 [3] NCCL INFO Channel 04 : 15[82000] -> 14[81000] via SHM/direct/direct
paraai-n32-h-01-agent-95:2465845:2467638 [3] NCCL INFO Channel 05 : 15[82000] -> 14[81000] via SHM/direct/direct
paraai-n32-h-01-agent-95:2465845:2467638 [3] NCCL INFO Channel 06 : 15[82000] -> 14[81000] via SHM/direct/direct
paraai-n32-h-01-agent-95:2465845:2467638 [3] NCCL INFO Channel 07 : 15[82000] -> 14[81000] via SHM/direct/direct
paraai-n32-h-01-agent-95:2465845:2467638 [3] NCCL INFO Channel 08 : 15[82000] -> 14[81000] via SHM/direct/direct
paraai-n32-h-01-agent-95:2465845:2467638 [3] NCCL INFO Channel 09 : 15[82000] -> 14[81000] via SHM/direct/direct
paraai-n32-h-01-agent-95:2465845:2467638 [3] NCCL INFO Channel 10 : 15[82000] -> 14[81000] via SHM/direct/direct
paraai-n32-h-01-agent-95:2465845:2467638 [3] NCCL INFO Channel 11 : 15[82000] -> 14[81000] via SHM/direct/direct
paraai-n32-h-01-agent-95:2465845:2467638 [3] NCCL INFO Channel 12 : 15[82000] -> 14[81000] via SHM/direct/direct
paraai-n32-h-01-agent-95:2465845:2467638 [3] NCCL INFO Channel 13 : 15[82000] -> 14[81000] via SHM/direct/direct
paraai-n32-h-01-agent-95:2465845:2467638 [3] NCCL INFO Channel 14 : 15[82000] -> 14[81000] via SHM/direct/direct
paraai-n32-h-01-agent-95:2465845:2467638 [3] NCCL INFO Channel 15 : 15[82000] -> 14[81000] via SHM/direct/direct
paraai-n32-h-01-agent-95:2465842:2467637 [0] NCCL INFO Connected all trees
paraai-n32-h-01-agent-95:2465842:2467637 [0] NCCL INFO threadThresholds 8/8/64 | 128/8/64 | 512 | 512
paraai-n32-h-01-agent-95:2465842:2467637 [0] NCCL INFO 16 coll channels, 16 p2p channels, 2 p2p channels per peer
paraai-n32-h-01-agent-95:2465844:2467636 [2] NCCL INFO Channel 00 : 14[81000] -> 13[2000] via SHM/direct/direct
paraai-n32-h-01-agent-95:2465844:2467636 [2] NCCL INFO Channel 02 : 14[81000] -> 13[2000] via SHM/direct/direct
paraai-n32-h-01-agent-95:2465844:2467636 [2] NCCL INFO Channel 04 : 14[81000] -> 13[2000] via SHM/direct/direct
paraai-n32-h-01-agent-95:2465844:2467636 [2] NCCL INFO Channel 06 : 14[81000] -> 13[2000] via SHM/direct/direct
paraai-n32-h-01-agent-95:2465844:2467636 [2] NCCL INFO Channel 08 : 14[81000] -> 13[2000] via SHM/direct/direct
paraai-n32-h-01-agent-95:2465844:2467636 [2] NCCL INFO Channel 10 : 14[81000] -> 13[2000] via SHM/direct/direct
paraai-n32-h-01-agent-95:2465844:2467636 [2] NCCL INFO Channel 12 : 14[81000] -> 13[2000] via SHM/direct/direct
paraai-n32-h-01-agent-95:2465844:2467636 [2] NCCL INFO Channel 14 : 14[81000] -> 13[2000] via SHM/direct/direct
paraai-n32-h-01-agent-95:2465844:2467636 [2] NCCL INFO Connected all trees
paraai-n32-h-01-agent-95:2465844:2467636 [2] NCCL INFO threadThresholds 8/8/64 | 128/8/64 | 512 | 512
paraai-n32-h-01-agent-95:2465844:2467636 [2] NCCL INFO 16 coll channels, 16 p2p channels, 2 p2p channels per peer
paraai-n32-h-01-agent-95:2465845:2467638 [3] NCCL INFO Connected all trees
paraai-n32-h-01-agent-95:2465845:2467638 [3] NCCL INFO threadThresholds 8/8/64 | 128/8/64 | 512 | 512
paraai-n32-h-01-agent-95:2465845:2467638 [3] NCCL INFO 16 coll channels, 16 p2p channels, 2 p2p channels per peer
paraai-n32-h-01-agent-95:2465843:2467635 [1] NCCL INFO Connected all trees
paraai-n32-h-01-agent-95:2465843:2467635 [1] NCCL INFO threadThresholds 8/8/64 | 128/8/64 | 512 | 512
paraai-n32-h-01-agent-95:2465843:2467635 [1] NCCL INFO 16 coll channels, 16 p2p channels, 2 p2p channels per peer
paraai-n32-h-01-agent-95:2465842:2467637 [0] NCCL INFO comm 0x35b5c380 rank 12 nranks 16 cudaDev 0 busId 1000 - Init COMPLETE
paraai-n32-h-01-agent-95:2465843:2467635 [1] NCCL INFO comm 0x3d274a80 rank 13 nranks 16 cudaDev 1 busId 2000 - Init COMPLETE
paraai-n32-h-01-agent-95:2465845:2467638 [3] NCCL INFO comm 0x83873be0 rank 15 nranks 16 cudaDev 3 busId 82000 - Init COMPLETE
paraai-n32-h-01-agent-95:2465844:2467636 [2] NCCL INFO comm 0x52ff7bf0 rank 14 nranks 16 cudaDev 2 busId 81000 - Init COMPLETE
2023-07-01 22:15:05,965 - root - INFO - validating...
2023-07-01 22:15:05,965 - root - INFO - validating...
2023-07-01 22:15:05,965 - root - INFO - validating...
2023-07-01 22:15:05,966 - root - INFO - validating...
2023-07-01 22:28:01,677 - root - INFO - validating...
2023-07-01 22:28:01,677 - root - INFO - validating...
2023-07-01 22:28:01,677 - root - INFO - validating...
2023-07-01 22:28:01,677 - root - INFO - validating...
2023-07-01 22:40:58,360 - root - INFO - validating...
2023-07-01 22:40:58,360 - root - INFO - validating...
2023-07-01 22:40:58,360 - root - INFO - validating...
2023-07-01 22:40:58,360 - root - INFO - validating...
2023-07-01 22:53:59,070 - root - INFO - validating...
2023-07-01 22:53:59,070 - root - INFO - validating...
2023-07-01 22:53:59,072 - root - INFO - validating...
2023-07-01 22:53:59,072 - root - INFO - validating...
2023-07-01 23:06:56,738 - root - INFO - validating...
2023-07-01 23:06:56,738 - root - INFO - validating...
2023-07-01 23:06:56,739 - root - INFO - validating...
2023-07-01 23:06:56,740 - root - INFO - validating...
2023-07-01 23:19:56,953 - root - INFO - validating...
2023-07-01 23:19:56,953 - root - INFO - validating...
2023-07-01 23:19:56,954 - root - INFO - validating...
2023-07-01 23:19:56,955 - root - INFO - validating...
2023-07-01 23:32:53,065 - root - INFO - validating...
2023-07-01 23:32:53,065 - root - INFO - validating...
2023-07-01 23:32:53,066 - root - INFO - validating...
2023-07-01 23:32:53,066 - root - INFO - validating...
2023-07-01 23:45:51,705 - root - INFO - validating...
2023-07-01 23:45:51,705 - root - INFO - validating...
2023-07-01 23:45:51,707 - root - INFO - validating...
2023-07-01 23:45:51,708 - root - INFO - validating...
2023-07-01 23:58:49,812 - root - INFO - validating...
2023-07-01 23:58:49,812 - root - INFO - validating...
2023-07-01 23:58:49,812 - root - INFO - validating...
2023-07-01 23:58:49,814 - root - INFO - validating...
2023-07-02 00:11:52,333 - root - INFO - validating...
2023-07-02 00:11:52,333 - root - INFO - validating...
2023-07-02 00:11:52,335 - root - INFO - validating...
2023-07-02 00:11:52,336 - root - INFO - validating...
2023-07-02 00:24:51,148 - root - INFO - validating...
2023-07-02 00:24:51,148 - root - INFO - validating...
2023-07-02 00:24:51,148 - root - INFO - validating...
2023-07-02 00:24:51,150 - root - INFO - validating...
2023-07-02 00:37:53,834 - root - INFO - validating...
2023-07-02 00:37:53,835 - root - INFO - validating...
2023-07-02 00:37:53,835 - root - INFO - validating...
2023-07-02 00:37:53,835 - root - INFO - validating...
2023-07-02 00:50:55,322 - root - INFO - validating...
2023-07-02 00:50:55,322 - root - INFO - validating...
2023-07-02 00:50:55,323 - root - INFO - validating...
2023-07-02 00:50:55,324 - root - INFO - validating...
2023-07-02 01:03:58,533 - root - INFO - validating...
2023-07-02 01:03:58,533 - root - INFO - validating...
2023-07-02 01:03:58,534 - root - INFO - validating...
2023-07-02 01:03:58,533 - root - INFO - validating...
2023-07-02 01:16:56,403 - root - INFO - validating...
2023-07-02 01:16:56,403 - root - INFO - validating...
2023-07-02 01:16:56,403 - root - INFO - validating...
2023-07-02 01:16:56,404 - root - INFO - validating...
2023-07-02 01:29:57,995 - root - INFO - validating...
2023-07-02 01:29:57,995 - root - INFO - validating...
2023-07-02 01:29:57,995 - root - INFO - validating...
2023-07-02 01:29:57,996 - root - INFO - validating...
2023-07-02 01:42:58,709 - root - INFO - validating...
2023-07-02 01:42:58,709 - root - INFO - validating...
2023-07-02 01:42:58,711 - root - INFO - validating...
2023-07-02 01:42:58,711 - root - INFO - validating...
2023-07-02 01:56:03,577 - root - INFO - validating...
2023-07-02 01:56:03,577 - root - INFO - validating...
2023-07-02 01:56:03,577 - root - INFO - validating...
2023-07-02 01:56:03,580 - root - INFO - validating...
2023-07-02 02:09:08,052 - root - INFO - validating...
2023-07-02 02:09:08,052 - root - INFO - validating...
2023-07-02 02:09:08,051 - root - INFO - validating...
2023-07-02 02:09:08,052 - root - INFO - validating...
2023-07-02 02:22:06,398 - root - INFO - validating...
2023-07-02 02:22:06,398 - root - INFO - validating...
2023-07-02 02:22:06,398 - root - INFO - validating...
2023-07-02 02:22:06,400 - root - INFO - validating...
2023-07-02 02:35:00,221 - root - INFO - validating...
2023-07-02 02:35:00,222 - root - INFO - validating...
2023-07-02 02:35:00,223 - root - INFO - validating...
2023-07-02 02:35:00,224 - root - INFO - validating...
2023-07-02 02:47:57,087 - root - INFO - validating...
2023-07-02 02:47:57,087 - root - INFO - validating...
2023-07-02 02:47:57,087 - root - INFO - validating...
2023-07-02 02:47:57,088 - root - INFO - validating...
2023-07-02 03:00:52,558 - root - INFO - validating...
2023-07-02 03:00:52,559 - root - INFO - validating...
2023-07-02 03:00:52,559 - root - INFO - validating...
2023-07-02 03:00:52,559 - root - INFO - validating...
2023-07-02 03:13:51,014 - root - INFO - validating...
2023-07-02 03:13:51,014 - root - INFO - validating...
2023-07-02 03:13:51,015 - root - INFO - validating...
2023-07-02 03:13:51,016 - root - INFO - validating...
2023-07-02 03:26:40,510 - root - INFO - validating...
2023-07-02 03:26:40,510 - root - INFO - validating...
2023-07-02 03:26:40,510 - root - INFO - validating...
2023-07-02 03:26:40,510 - root - INFO - validating...
2023-07-02 03:39:33,866 - root - INFO - validating...
2023-07-02 03:39:33,866 - root - INFO - validating...
2023-07-02 03:39:33,867 - root - INFO - validating...
2023-07-02 03:39:33,868 - root - INFO - validating...
2023-07-02 03:52:30,556 - root - INFO - validating...
2023-07-02 03:52:30,556 - root - INFO - validating...
2023-07-02 03:52:30,557 - root - INFO - validating...
2023-07-02 03:52:30,559 - root - INFO - validating...
2023-07-02 04:05:26,185 - root - INFO - validating...
2023-07-02 04:05:26,185 - root - INFO - validating...
2023-07-02 04:05:26,185 - root - INFO - validating...
2023-07-02 04:05:26,187 - root - INFO - validating...
2023-07-02 04:18:22,630 - root - INFO - validating...
2023-07-02 04:18:22,631 - root - INFO - validating...
2023-07-02 04:18:22,631 - root - INFO - validating...
2023-07-02 04:18:22,631 - root - INFO - validating...
2023-07-02 04:31:18,737 - root - INFO - validating...
2023-07-02 04:31:18,737 - root - INFO - validating...
2023-07-02 04:31:18,739 - root - INFO - validating...
2023-07-02 04:31:18,739 - root - INFO - validating...
2023-07-02 04:44:16,308 - root - INFO - validating...
2023-07-02 04:44:16,309 - root - INFO - validating...
2023-07-02 04:44:16,309 - root - INFO - validating...
2023-07-02 04:44:16,310 - root - INFO - validating...
2023-07-02 04:57:17,054 - root - INFO - validating...
2023-07-02 04:57:17,054 - root - INFO - validating...
2023-07-02 04:57:17,055 - root - INFO - validating...
2023-07-02 04:57:17,057 - root - INFO - validating...
2023-07-02 05:10:17,098 - root - INFO - validating...
2023-07-02 05:10:17,099 - root - INFO - validating...
2023-07-02 05:10:17,099 - root - INFO - validating...
2023-07-02 05:10:17,101 - root - INFO - validating...
2023-07-02 05:23:20,809 - root - INFO - validating...
2023-07-02 05:23:20,810 - root - INFO - validating...
2023-07-02 05:23:20,811 - root - INFO - validating...
2023-07-02 05:23:20,812 - root - INFO - validating...
2023-07-02 05:36:17,760 - root - INFO - validating...
2023-07-02 05:36:17,760 - root - INFO - validating...
2023-07-02 05:36:17,761 - root - INFO - validating...
2023-07-02 05:36:17,761 - root - INFO - validating...
2023-07-02 05:49:14,576 - root - INFO - validating...
2023-07-02 05:49:14,576 - root - INFO - validating...
2023-07-02 05:49:14,576 - root - INFO - validating...
2023-07-02 05:49:14,578 - root - INFO - validating...
2023-07-02 06:02:15,515 - root - INFO - validating...
2023-07-02 06:02:15,516 - root - INFO - validating...
2023-07-02 06:02:15,518 - root - INFO - validating...
2023-07-02 06:02:15,518 - root - INFO - validating...
2023-07-02 06:15:15,599 - root - INFO - validating...
2023-07-02 06:15:15,599 - root - INFO - validating...
2023-07-02 06:15:15,600 - root - INFO - validating...
2023-07-02 06:15:15,602 - root - INFO - validating...
2023-07-02 06:28:16,034 - root - INFO - validating...
2023-07-02 06:28:16,035 - root - INFO - validating...
2023-07-02 06:28:16,035 - root - INFO - validating...
2023-07-02 06:28:16,035 - root - INFO - validating...
2023-07-02 06:41:19,896 - root - INFO - validating...
2023-07-02 06:41:19,896 - root - INFO - validating...
2023-07-02 06:41:19,897 - root - INFO - validating...
2023-07-02 06:41:19,896 - root - INFO - validating...
2023-07-02 06:54:23,050 - root - INFO - validating...
2023-07-02 06:54:23,050 - root - INFO - validating...
2023-07-02 06:54:23,051 - root - INFO - validating...
2023-07-02 06:54:23,051 - root - INFO - validating...
2023-07-02 07:07:26,623 - root - INFO - validating...
2023-07-02 07:07:26,624 - root - INFO - validating...
2023-07-02 07:07:26,624 - root - INFO - validating...
2023-07-02 07:07:26,626 - root - INFO - validating...
2023-07-02 07:20:29,264 - root - INFO - validating...
2023-07-02 07:20:29,264 - root - INFO - validating...
2023-07-02 07:20:29,265 - root - INFO - validating...
2023-07-02 07:20:29,267 - root - INFO - validating...
2023-07-02 07:33:28,607 - root - INFO - validating...
2023-07-02 07:33:28,608 - root - INFO - validating...
2023-07-02 07:33:28,608 - root - INFO - validating...
2023-07-02 07:33:28,609 - root - INFO - validating...
2023-07-02 07:46:25,194 - root - INFO - validating...
2023-07-02 07:46:25,195 - root - INFO - validating...
2023-07-02 07:46:25,195 - root - INFO - validating...
2023-07-02 07:46:25,196 - root - INFO - validating...
2023-07-02 07:59:26,159 - root - INFO - validating...
2023-07-02 07:59:26,161 - root - INFO - validating...
2023-07-02 07:59:26,162 - root - INFO - validating...
2023-07-02 07:59:26,165 - root - INFO - validating...
2023-07-02 08:12:23,596 - root - INFO - validating...
2023-07-02 08:12:23,596 - root - INFO - validating...
2023-07-02 08:12:23,596 - root - INFO - validating...
2023-07-02 08:12:23,597 - root - INFO - validating...
2023-07-02 08:25:23,787 - root - INFO - validating...
2023-07-02 08:25:23,787 - root - INFO - validating...
2023-07-02 08:25:23,788 - root - INFO - validating...
2023-07-02 08:25:23,789 - root - INFO - validating...
2023-07-02 08:38:22,427 - root - INFO - validating...
2023-07-02 08:38:22,428 - root - INFO - validating...
2023-07-02 08:38:22,430 - root - INFO - validating...
2023-07-02 08:38:22,430 - root - INFO - validating...
2023-07-02 08:51:18,831 - root - INFO - validating...
2023-07-02 08:51:18,830 - root - INFO - validating...
2023-07-02 08:51:18,831 - root - INFO - validating...
2023-07-02 08:51:18,832 - root - INFO - validating...
2023-07-02 09:04:16,824 - root - INFO - validating...
2023-07-02 09:04:16,824 - root - INFO - validating...
2023-07-02 09:04:16,824 - root - INFO - validating...
2023-07-02 09:04:16,826 - root - INFO - validating...
2023-07-02 09:17:10,729 - root - INFO - validating...
2023-07-02 09:17:10,729 - root - INFO - validating...
2023-07-02 09:17:10,729 - root - INFO - validating...
2023-07-02 09:17:10,731 - root - INFO - validating...
2023-07-02 09:30:12,954 - root - INFO - validating...
2023-07-02 09:30:12,955 - root - INFO - validating...
2023-07-02 09:30:12,955 - root - INFO - validating...
2023-07-02 09:30:12,958 - root - INFO - validating...
2023-07-02 09:43:05,435 - root - INFO - validating...
2023-07-02 09:43:05,435 - root - INFO - validating...
2023-07-02 09:43:05,436 - root - INFO - validating...
2023-07-02 09:43:05,438 - root - INFO - validating...
2023-07-02 09:56:00,072 - root - INFO - validating...
2023-07-02 09:56:00,072 - root - INFO - validating...
2023-07-02 09:56:00,072 - root - INFO - validating...
2023-07-02 09:56:00,074 - root - INFO - validating...
2023-07-02 10:09:05,227 - root - INFO - validating...
2023-07-02 10:09:05,227 - root - INFO - validating...
2023-07-02 10:09:05,227 - root - INFO - validating...
2023-07-02 10:09:05,228 - root - INFO - validating...
2023-07-02 10:22:01,478 - root - INFO - validating...
2023-07-02 10:22:01,478 - root - INFO - validating...
2023-07-02 10:22:01,479 - root - INFO - validating...
2023-07-02 10:22:01,480 - root - INFO - validating...
2023-07-02 10:35:00,976 - root - INFO - validating...
2023-07-02 10:35:00,976 - root - INFO - validating...
2023-07-02 10:35:00,976 - root - INFO - validating...
2023-07-02 10:35:00,978 - root - INFO - validating...
2023-07-02 10:48:02,325 - root - INFO - validating...
2023-07-02 10:48:02,325 - root - INFO - validating...
2023-07-02 10:48:02,326 - root - INFO - validating...
2023-07-02 10:48:02,327 - root - INFO - validating...
2023-07-02 11:01:05,825 - root - INFO - validating...
2023-07-02 11:01:05,826 - root - INFO - validating...
2023-07-02 11:01:05,827 - root - INFO - validating...
2023-07-02 11:01:05,828 - root - INFO - validating...
2023-07-02 11:14:07,457 - root - INFO - validating...
2023-07-02 11:14:07,457 - root - INFO - validating...
2023-07-02 11:14:07,458 - root - INFO - validating...
2023-07-02 11:14:07,458 - root - INFO - validating...
2023-07-02 11:27:04,173 - root - INFO - validating...
2023-07-02 11:27:04,173 - root - INFO - validating...
2023-07-02 11:27:04,173 - root - INFO - validating...
2023-07-02 11:27:04,174 - root - INFO - validating...
2023-07-02 11:39:54,973 - root - INFO - validating...
2023-07-02 11:39:54,973 - root - INFO - validating...
2023-07-02 11:39:54,973 - root - INFO - validating...
2023-07-02 11:39:54,974 - root - INFO - validating...
2023-07-02 11:52:58,139 - root - INFO - validating...
2023-07-02 11:52:58,139 - root - INFO - validating...
2023-07-02 11:52:58,140 - root - INFO - validating...
2023-07-02 11:52:58,141 - root - INFO - validating...
2023-07-02 12:06:03,853 - root - INFO - validating...
2023-07-02 12:06:03,852 - root - INFO - validating...
2023-07-02 12:06:03,854 - root - INFO - validating...
2023-07-02 12:06:03,855 - root - INFO - validating...
2023-07-02 12:19:07,539 - root - INFO - validating...
2023-07-02 12:19:07,539 - root - INFO - validating...
2023-07-02 12:19:07,539 - root - INFO - validating...
2023-07-02 12:19:07,540 - root - INFO - validating...
2023-07-02 12:32:08,083 - root - INFO - validating...
2023-07-02 12:32:08,083 - root - INFO - validating...
2023-07-02 12:32:08,083 - root - INFO - validating...
2023-07-02 12:32:08,084 - root - INFO - validating...
2023-07-02 12:45:05,952 - root - INFO - validating...
2023-07-02 12:45:05,952 - root - INFO - validating...
2023-07-02 12:45:05,953 - root - INFO - validating...
2023-07-02 12:45:05,954 - root - INFO - validating...
2023-07-02 12:58:06,746 - root - INFO - validating...
2023-07-02 12:58:06,746 - root - INFO - validating...
2023-07-02 12:58:06,745 - root - INFO - validating...
2023-07-02 12:58:06,748 - root - INFO - validating...
2023-07-02 13:11:11,984 - root - INFO - validating...
2023-07-02 13:11:11,984 - root - INFO - validating...
2023-07-02 13:11:11,984 - root - INFO - validating...
2023-07-02 13:11:11,986 - root - INFO - validating...
2023-07-02 13:24:12,245 - root - INFO - validating...
2023-07-02 13:24:12,245 - root - INFO - validating...
2023-07-02 13:24:12,245 - root - INFO - validating...
2023-07-02 13:24:12,246 - root - INFO - validating...
2023-07-02 13:37:10,927 - root - INFO - validating...
2023-07-02 13:37:10,927 - root - INFO - validating...
2023-07-02 13:37:10,927 - root - INFO - validating...
2023-07-02 13:37:10,927 - root - INFO - validating...
2023-07-02 13:50:08,912 - root - INFO - validating...
2023-07-02 13:50:08,912 - root - INFO - validating...
2023-07-02 13:50:08,912 - root - INFO - validating...
2023-07-02 13:50:08,913 - root - INFO - validating...
2023-07-02 14:03:05,404 - root - INFO - validating...
2023-07-02 14:03:05,404 - root - INFO - validating...
2023-07-02 14:03:05,404 - root - INFO - validating...
2023-07-02 14:03:05,405 - root - INFO - validating...
2023-07-02 14:16:02,620 - root - INFO - validating...
2023-07-02 14:16:02,620 - root - INFO - validating...
2023-07-02 14:16:02,620 - root - INFO - validating...
2023-07-02 14:16:02,620 - root - INFO - validating...
2023-07-02 14:29:00,441 - root - INFO - validating...
2023-07-02 14:29:00,441 - root - INFO - validating...
2023-07-02 14:29:00,441 - root - INFO - validating...
2023-07-02 14:29:00,443 - root - INFO - validating...
2023-07-02 14:42:02,364 - root - INFO - validating...
2023-07-02 14:42:02,365 - root - INFO - validating...
2023-07-02 14:42:02,365 - root - INFO - validating...
2023-07-02 14:42:02,367 - root - INFO - validating...
2023-07-02 14:55:03,474 - root - INFO - validating...
2023-07-02 14:55:03,474 - root - INFO - validating...
2023-07-02 14:55:03,474 - root - INFO - validating...
2023-07-02 14:55:03,476 - root - INFO - validating...
2023-07-02 15:08:01,599 - root - INFO - validating...
2023-07-02 15:08:01,599 - root - INFO - validating...
2023-07-02 15:08:01,601 - root - INFO - validating...
2023-07-02 15:08:01,602 - root - INFO - validating...
2023-07-02 15:21:02,603 - root - INFO - validating...
2023-07-02 15:21:02,604 - root - INFO - validating...
2023-07-02 15:21:02,605 - root - INFO - validating...
2023-07-02 15:21:02,605 - root - INFO - validating...
2023-07-02 15:34:04,920 - root - INFO - validating...
2023-07-02 15:34:04,920 - root - INFO - validating...
2023-07-02 15:34:04,920 - root - INFO - validating...
2023-07-02 15:34:04,922 - root - INFO - validating...
2023-07-02 15:47:04,165 - root - INFO - validating...
2023-07-02 15:47:04,165 - root - INFO - validating...
2023-07-02 15:47:04,166 - root - INFO - validating...
2023-07-02 15:47:04,167 - root - INFO - validating...
2023-07-02 16:00:06,890 - root - INFO - validating...
2023-07-02 16:00:06,890 - root - INFO - validating...
2023-07-02 16:00:06,890 - root - INFO - validating...
2023-07-02 16:00:06,949 - root - INFO - validating...
2023-07-02 16:13:08,510 - root - INFO - validating...
2023-07-02 16:13:08,510 - root - INFO - validating...
2023-07-02 16:13:08,510 - root - INFO - validating...
2023-07-02 16:13:08,511 - root - INFO - validating...
2023-07-02 16:26:10,041 - root - INFO - validating...
2023-07-02 16:26:10,041 - root - INFO - validating...
2023-07-02 16:26:10,042 - root - INFO - validating...
2023-07-02 16:26:10,043 - root - INFO - validating...
2023-07-02 16:39:11,487 - root - INFO - validating...
2023-07-02 16:39:11,487 - root - INFO - validating...
2023-07-02 16:39:11,487 - root - INFO - validating...
2023-07-02 16:39:11,488 - root - INFO - validating...
2023-07-02 16:52:15,020 - root - INFO - validating...
2023-07-02 16:52:15,021 - root - INFO - validating...
2023-07-02 16:52:15,021 - root - INFO - validating...
2023-07-02 16:52:15,022 - root - INFO - validating...
2023-07-02 17:05:12,336 - root - INFO - validating...
2023-07-02 17:05:12,336 - root - INFO - validating...
2023-07-02 17:05:12,336 - root - INFO - validating...
2023-07-02 17:05:12,337 - root - INFO - validating...
2023-07-02 17:18:09,773 - root - INFO - validating...
2023-07-02 17:18:09,773 - root - INFO - validating...
2023-07-02 17:18:09,774 - root - INFO - validating...
2023-07-02 17:18:09,775 - root - INFO - validating...
2023-07-02 17:31:09,833 - root - INFO - validating...
2023-07-02 17:31:09,833 - root - INFO - validating...
2023-07-02 17:31:09,833 - root - INFO - validating...
2023-07-02 17:31:09,835 - root - INFO - validating...
2023-07-02 17:44:07,659 - root - INFO - validating...
2023-07-02 17:44:07,659 - root - INFO - validating...
2023-07-02 17:44:07,660 - root - INFO - validating...
2023-07-02 17:44:07,662 - root - INFO - validating...
2023-07-02 17:57:04,687 - root - INFO - validating...
2023-07-02 17:57:04,687 - root - INFO - validating...
2023-07-02 17:57:04,687 - root - INFO - validating...
2023-07-02 17:57:04,688 - root - INFO - validating...
2023-07-02 18:09:57,076 - root - INFO - validating...
2023-07-02 18:09:57,076 - root - INFO - validating...
2023-07-02 18:09:57,076 - root - INFO - validating...
2023-07-02 18:09:57,077 - root - INFO - validating...
2023-07-02 18:22:48,976 - root - INFO - validating...
2023-07-02 18:22:48,977 - root - INFO - validating...
2023-07-02 18:22:48,977 - root - INFO - validating...
2023-07-02 18:22:48,979 - root - INFO - validating...
2023-07-02 18:35:44,246 - root - INFO - validating...
2023-07-02 18:35:44,246 - root - INFO - validating...
2023-07-02 18:35:44,248 - root - INFO - validating...
2023-07-02 18:35:44,248 - root - INFO - validating...
2023-07-02 18:48:41,148 - root - INFO - validating...
2023-07-02 18:48:41,149 - root - INFO - validating...
2023-07-02 18:48:41,149 - root - INFO - validating...
2023-07-02 18:48:41,151 - root - INFO - validating...
2023-07-02 19:01:40,464 - root - INFO - validating...
2023-07-02 19:01:40,464 - root - INFO - validating...
2023-07-02 19:01:40,464 - root - INFO - validating...
2023-07-02 19:01:40,467 - root - INFO - validating...
2023-07-02 19:14:37,101 - root - INFO - validating...
2023-07-02 19:14:37,101 - root - INFO - validating...
2023-07-02 19:14:37,101 - root - INFO - validating...
2023-07-02 19:14:37,101 - root - INFO - validating...
2023-07-02 19:27:37,985 - root - INFO - validating...
2023-07-02 19:27:37,985 - root - INFO - validating...
2023-07-02 19:27:37,984 - root - INFO - validating...
2023-07-02 19:27:37,986 - root - INFO - validating...
2023-07-02 19:40:34,614 - root - INFO - validating...
2023-07-02 19:40:34,614 - root - INFO - validating...
2023-07-02 19:40:34,614 - root - INFO - validating...
2023-07-02 19:40:34,615 - root - INFO - validating...
2023-07-02 19:53:34,504 - root - INFO - validating...
2023-07-02 19:53:34,504 - root - INFO - validating...
2023-07-02 19:53:34,505 - root - INFO - validating...
2023-07-02 19:53:34,506 - root - INFO - validating...
2023-07-02 20:06:34,353 - root - INFO - validating...
2023-07-02 20:06:34,354 - root - INFO - validating...
2023-07-02 20:06:34,354 - root - INFO - validating...
2023-07-02 20:06:34,357 - root - INFO - validating...
2023-07-02 20:19:29,971 - root - INFO - validating...
2023-07-02 20:19:29,971 - root - INFO - validating...
2023-07-02 20:19:29,971 - root - INFO - validating...
2023-07-02 20:19:29,972 - root - INFO - validating...
2023-07-02 20:32:24,267 - root - INFO - validating...
2023-07-02 20:32:24,267 - root - INFO - validating...
2023-07-02 20:32:24,269 - root - INFO - validating...
2023-07-02 20:32:24,271 - root - INFO - validating...
2023-07-02 20:45:22,173 - root - INFO - validating...
2023-07-02 20:45:22,173 - root - INFO - validating...
2023-07-02 20:45:22,173 - root - INFO - validating...
2023-07-02 20:45:22,174 - root - INFO - validating...
2023-07-02 20:58:25,617 - root - INFO - validating...
2023-07-02 20:58:25,617 - root - INFO - validating...
2023-07-02 20:58:25,617 - root - INFO - validating...
2023-07-02 20:58:25,619 - root - INFO - validating...
2023-07-02 21:11:28,426 - root - INFO - validating...
2023-07-02 21:11:28,428 - root - INFO - validating...
2023-07-02 21:11:28,428 - root - INFO - validating...
2023-07-02 21:11:28,431 - root - INFO - validating...
2023-07-02 21:24:32,403 - root - INFO - validating...
2023-07-02 21:24:32,403 - root - INFO - validating...
2023-07-02 21:24:32,403 - root - INFO - validating...
2023-07-02 21:24:32,403 - root - INFO - validating...
2023-07-02 21:37:33,084 - root - INFO - validating...
2023-07-02 21:37:33,084 - root - INFO - validating...
2023-07-02 21:37:33,084 - root - INFO - validating...
2023-07-02 21:37:33,085 - root - INFO - validating...
2023-07-02 21:50:30,139 - root - INFO - validating...
2023-07-02 21:50:30,139 - root - INFO - validating...
2023-07-02 21:50:30,140 - root - INFO - validating...
2023-07-02 21:50:30,140 - root - INFO - validating...
2023-07-02 22:03:27,310 - root - INFO - validating...
2023-07-02 22:03:27,311 - root - INFO - validating...
2023-07-02 22:03:27,312 - root - INFO - validating...
2023-07-02 22:03:27,312 - root - INFO - validating...
2023-07-02 22:16:29,734 - root - INFO - validating...
2023-07-02 22:16:29,733 - root - INFO - validating...
2023-07-02 22:16:29,734 - root - INFO - validating...
2023-07-02 22:16:29,735 - root - INFO - validating...
2023-07-02 22:29:24,957 - root - INFO - validating...
2023-07-02 22:29:24,958 - root - INFO - validating...
2023-07-02 22:29:24,959 - root - INFO - validating...
2023-07-02 22:29:24,959 - root - INFO - validating...
2023-07-02 22:42:25,076 - root - INFO - validating...
2023-07-02 22:42:25,077 - root - INFO - validating...
2023-07-02 22:42:25,077 - root - INFO - validating...
2023-07-02 22:42:25,079 - root - INFO - validating...
2023-07-02 22:55:22,841 - root - INFO - validating...
2023-07-02 22:55:22,842 - root - INFO - validating...
2023-07-02 22:55:22,842 - root - INFO - validating...
2023-07-02 22:55:22,845 - root - INFO - validating...
2023-07-02 23:08:21,545 - root - INFO - validating...
2023-07-02 23:08:21,545 - root - INFO - validating...
2023-07-02 23:08:21,546 - root - INFO - validating...
2023-07-02 23:08:21,547 - root - INFO - validating...
2023-07-02 23:21:19,356 - root - INFO - validating...
2023-07-02 23:21:19,356 - root - INFO - validating...
2023-07-02 23:21:19,357 - root - INFO - validating...
2023-07-02 23:21:19,358 - root - INFO - validating...
2023-07-02 23:34:17,773 - root - INFO - validating...
2023-07-02 23:34:17,773 - root - INFO - validating...
2023-07-02 23:34:17,773 - root - INFO - validating...
2023-07-02 23:34:17,775 - root - INFO - validating...
2023-07-02 23:47:16,373 - root - INFO - validating...
2023-07-02 23:47:16,373 - root - INFO - validating...
2023-07-02 23:47:16,374 - root - INFO - validating...
2023-07-02 23:47:16,374 - root - INFO - validating...
2023-07-03 00:00:12,074 - root - INFO - validating...
2023-07-03 00:00:12,074 - root - INFO - validating...
2023-07-03 00:00:12,075 - root - INFO - validating...
2023-07-03 00:00:12,075 - root - INFO - validating...
2023-07-03 00:13:08,744 - root - INFO - validating...
2023-07-03 00:13:08,745 - root - INFO - validating...
2023-07-03 00:13:08,746 - root - INFO - validating...
2023-07-03 00:13:08,746 - root - INFO - validating...
2023-07-03 00:26:06,338 - root - INFO - validating...
2023-07-03 00:26:06,339 - root - INFO - validating...
2023-07-03 00:26:06,339 - root - INFO - validating...
2023-07-03 00:26:06,339 - root - INFO - validating...
2023-07-03 00:39:00,782 - root - INFO - validating...
2023-07-03 00:39:00,782 - root - INFO - validating...
2023-07-03 00:39:00,783 - root - INFO - validating...
2023-07-03 00:39:00,784 - root - INFO - validating...
2023-07-03 00:51:56,548 - root - INFO - validating...
2023-07-03 00:51:56,549 - root - INFO - validating...
2023-07-03 00:51:56,549 - root - INFO - validating...
2023-07-03 00:51:56,550 - root - INFO - validating...
2023-07-03 01:04:55,180 - root - INFO - validating...
2023-07-03 01:04:55,180 - root - INFO - validating...
2023-07-03 01:04:55,180 - root - INFO - validating...
2023-07-03 01:04:55,181 - root - INFO - validating...
2023-07-03 01:17:54,041 - root - INFO - validating...
2023-07-03 01:17:54,041 - root - INFO - validating...
2023-07-03 01:17:54,041 - root - INFO - validating...
2023-07-03 01:17:54,043 - root - INFO - validating...
2023-07-03 01:30:51,889 - root - INFO - validating...
2023-07-03 01:30:51,889 - root - INFO - validating...
2023-07-03 01:30:51,889 - root - INFO - validating...
2023-07-03 01:30:51,890 - root - INFO - validating...
2023-07-03 01:43:52,674 - root - INFO - validating...
2023-07-03 01:43:52,674 - root - INFO - validating...
2023-07-03 01:43:52,674 - root - INFO - validating...
2023-07-03 01:43:52,676 - root - INFO - validating...
2023-07-03 01:56:54,309 - root - INFO - validating...
2023-07-03 01:56:54,309 - root - INFO - validating...
2023-07-03 01:56:54,310 - root - INFO - validating...
2023-07-03 01:56:54,311 - root - INFO - validating...
2023-07-03 02:09:52,282 - root - INFO - validating...
2023-07-03 02:09:52,282 - root - INFO - validating...
2023-07-03 02:09:52,282 - root - INFO - validating...
2023-07-03 02:09:52,285 - root - INFO - validating...
2023-07-03 02:22:51,037 - root - INFO - validating...
2023-07-03 02:22:51,039 - root - INFO - validating...
2023-07-03 02:22:51,040 - root - INFO - validating...
2023-07-03 02:22:51,040 - root - INFO - validating...
2023-07-03 02:35:49,186 - root - INFO - validating...
2023-07-03 02:35:49,187 - root - INFO - validating...
2023-07-03 02:35:49,187 - root - INFO - validating...
2023-07-03 02:35:49,188 - root - INFO - validating...
2023-07-03 02:48:51,196 - root - INFO - validating...
2023-07-03 02:48:51,196 - root - INFO - validating...
2023-07-03 02:48:51,196 - root - INFO - validating...
2023-07-03 02:48:51,197 - root - INFO - validating...
2023-07-03 03:01:48,896 - root - INFO - validating...
2023-07-03 03:01:48,897 - root - INFO - validating...
2023-07-03 03:01:48,898 - root - INFO - validating...
2023-07-03 03:01:48,898 - root - INFO - validating...
2023-07-03 03:14:47,232 - root - INFO - validating...
2023-07-03 03:14:47,232 - root - INFO - validating...
2023-07-03 03:14:47,232 - root - INFO - validating...
2023-07-03 03:14:47,234 - root - INFO - validating...
2023-07-03 03:27:44,215 - root - INFO - validating...
2023-07-03 03:27:44,216 - root - INFO - validating...
2023-07-03 03:27:44,216 - root - INFO - validating...
2023-07-03 03:27:44,216 - root - INFO - validating...
2023-07-03 03:40:39,598 - root - INFO - validating...
2023-07-03 03:40:39,598 - root - INFO - validating...
2023-07-03 03:40:39,599 - root - INFO - validating...
2023-07-03 03:40:39,598 - root - INFO - validating...
2023-07-03 03:53:39,245 - root - INFO - validating...
2023-07-03 03:53:39,245 - root - INFO - validating...
2023-07-03 03:53:39,246 - root - INFO - validating...
2023-07-03 03:53:39,247 - root - INFO - validating...
2023-07-03 04:06:41,127 - root - INFO - validating...
2023-07-03 04:06:41,127 - root - INFO - validating...
2023-07-03 04:06:41,127 - root - INFO - validating...
2023-07-03 04:06:41,127 - root - INFO - validating...
2023-07-03 04:19:39,137 - root - INFO - validating...
2023-07-03 04:19:39,137 - root - INFO - validating...
2023-07-03 04:19:39,137 - root - INFO - validating...
2023-07-03 04:19:39,139 - root - INFO - validating...
2023-07-03 04:32:34,532 - root - INFO - validating...
2023-07-03 04:32:34,532 - root - INFO - validating...
2023-07-03 04:32:34,532 - root - INFO - validating...
2023-07-03 04:32:34,533 - root - INFO - validating...
2023-07-03 04:45:30,352 - root - INFO - validating...
2023-07-03 04:45:30,352 - root - INFO - validating...
2023-07-03 04:45:30,352 - root - INFO - validating...
2023-07-03 04:45:30,354 - root - INFO - validating...
2023-07-03 04:58:28,874 - root - INFO - validating...
2023-07-03 04:58:28,874 - root - INFO - validating...
2023-07-03 04:58:28,875 - root - INFO - validating...
2023-07-03 04:58:28,876 - root - INFO - validating...
2023-07-03 05:11:30,406 - root - INFO - validating...
2023-07-03 05:11:30,407 - root - INFO - validating...
2023-07-03 05:11:30,407 - root - INFO - validating...
2023-07-03 05:11:30,407 - root - INFO - validating...
2023-07-03 05:24:29,226 - root - INFO - validating...
2023-07-03 05:24:29,226 - root - INFO - validating...
2023-07-03 05:24:29,226 - root - INFO - validating...
2023-07-03 05:24:29,228 - root - INFO - validating...
2023-07-03 05:37:28,652 - root - INFO - validating...
2023-07-03 05:37:28,652 - root - INFO - validating...
2023-07-03 05:37:28,652 - root - INFO - validating...
2023-07-03 05:37:28,655 - root - INFO - validating...
2023-07-03 05:50:28,592 - root - INFO - validating...
2023-07-03 05:50:28,593 - root - INFO - validating...
2023-07-03 05:50:28,593 - root - INFO - validating...
2023-07-03 05:50:28,595 - root - INFO - validating...
2023-07-03 06:03:25,684 - root - INFO - validating...
2023-07-03 06:03:25,685 - root - INFO - validating...
2023-07-03 06:03:25,685 - root - INFO - validating...
2023-07-03 06:03:25,687 - root - INFO - validating...
2023-07-03 06:16:23,722 - root - INFO - validating...
2023-07-03 06:16:23,722 - root - INFO - validating...
2023-07-03 06:16:23,723 - root - INFO - validating...
2023-07-03 06:16:23,724 - root - INFO - validating...
2023-07-03 06:29:20,824 - root - INFO - validating...
2023-07-03 06:29:20,824 - root - INFO - validating...
2023-07-03 06:29:20,824 - root - INFO - validating...
2023-07-03 06:29:20,826 - root - INFO - validating...
2023-07-03 06:30:20,248 - root - INFO - Terminating training after reaching params.max_epochs while LR scheduler is set to CosineAnnealingLR
2023-07-03 06:30:20,248 - root - INFO - Terminating training after reaching params.max_epochs while LR scheduler is set to CosineAnnealingLR
2023-07-03 06:30:20,248 - root - INFO - Terminating training after reaching params.max_epochs while LR scheduler is set to CosineAnnealingLR
2023-07-03 06:30:20,248 - root - INFO - Terminating training after reaching params.max_epochs while LR scheduler is set to CosineAnnealingLR
paraai-n32-h-01-agent-95:2465843:2467764 [1] NCCL INFO [Service thread] Connection closed by localRank 1
paraai-n32-h-01-agent-95:2465844:2467763 [2] NCCL INFO [Service thread] Connection closed by localRank 2
paraai-n32-h-01-agent-95:2465845:2467761 [3] NCCL INFO [Service thread] Connection closed by localRank 3
paraai-n32-h-01-agent-95:2465843:2465843 [1] NCCL INFO comm 0x3d274a80 rank 13 nranks 16 cudaDev 1 busId 2000 - Abort COMPLETE
paraai-n32-h-01-agent-95:2465844:2465844 [2] NCCL INFO comm 0x52ff7bf0 rank 14 nranks 16 cudaDev 2 busId 81000 - Abort COMPLETE
paraai-n32-h-01-agent-95:2465845:2465845 [3] NCCL INFO comm 0x83873be0 rank 15 nranks 16 cudaDev 3 busId 82000 - Abort COMPLETE
paraai-n32-h-01-agent-95:2465842:2467760 [0] NCCL INFO [Service thread] Connection closed by localRank 0
paraai-n32-h-01-agent-95:2465842:2465842 [0] NCCL INFO comm 0x35b5c380 rank 12 nranks 16 cudaDev 0 busId 1000 - Abort COMPLETE
