master_addr is only used for static rdzv_backend and when rdzv_endpoint is not specified.
paraai-n32-h-01-agent-87
0
------------------ Configuration ------------------  /home/bingxing2/home/scx6115/Ocean_AI_model/exp_15_levels/Masked_AE_Ocean/20230628-131150/config.yaml
paraai-n32-h-01-agent-87
0
------------------ Configuration ------------------  /home/bingxing2/home/scx6115/Ocean_AI_model/exp_15_levels/Masked_AE_Ocean/20230628-131150/config.yaml
paraai-n32-h-01-agent-87
0
------------------ Configuration ------------------  /home/bingxing2/home/scx6115/Ocean_AI_model/exp_15_levels/Masked_AE_Ocean/20230628-131150/config.yaml
paraai-n32-h-01-agent-87
0
------------------ Configuration ------------------  /home/bingxing2/home/scx6115/Ocean_AI_model/exp_15_levels/Masked_AE_Ocean/20230628-131150/config.yaml
nettype Masked_AE_Ocean
log_to_wandb True
lr 0.001
batch_size 32
max_epochs 150
scheduler CosineAnnealingLR
fusion_3d_2d False
in_channels [0, 1, 2, 3, 4, 5, 6, 7, 8, 9, 10, 11, 12, 13, 14, 15, 16, 17, 18, 19, 20, 21, 22, 23, 24, 25, 26, 27, 28, 29, 30, 31, 32, 33, 34, 35, 36, 37, 38, 39, 40, 41, 42, 43, 44, 45, 46, 47, 48, 49, 50, 51, 52, 53, 54, 55, 56, 57, 58, 59, 60, 61, 62, 63, 64, 65]
out_channels [0, 1, 2, 3, 4, 5, 6, 7, 8, 9, 10, 11, 12, 13, 14, 15, 16, 17, 18, 19, 20, 21, 22, 23, 24, 25, 26, 27, 28, 29, 30, 31, 32, 33, 34, 35, 36, 37, 38, 39, 40, 41, 42, 43, 44, 45, 46, 47, 48, 49, 50, 51, 52, 53, 54, 55, 56, 57, 58, 59, 60]
N_in_channels 66
N_out_channels 61
img_size_h 720
img_size_w 1440
patch_size_h 8
patch_size_w 8
mlp_ratio 4.0
embed_dim 512
depth 16
num_heads 16
decoder_embed_dim 1024
decoder_depth 8
decoder_num_heads 16
koopman_depth 2
modes_h_ratio 1
modes_w_ratio 0.8
drop_rate 0.0
drop_path_rate 0.0
sparsity_threshold 0.01
hard_thresholding_fraction 1.0
num_blocks 8
loss l2
num_data_workers 0
dt 1
n_history 0
prediction_type iterative
prediction_length 41
n_initial_conditions 5
ics_type default
date_strings ['2018-09-14 00:00:00']
save_raw_forecasts True
save_channel False
masked_acc False
maskpath None
perturb False
add_grid False
N_grid_channels 0
gridtype sinusoidal
roll False
enable_nhwc False
optimizer_type FusedAdam
exp_dir ./exp_15_levels
patch_size 8
width 56
modes 32
target default
train_data_path /home/bingxing2/home/scx6115/Ocean_AI_model/sample_01/train
valid_data_path /home/bingxing2/home/scx6115/Ocean_AI_model/sample_01/valid
test_data_path /home/bingxing2/home/scx6115/Ocean_AI_model/sample_01/test
land_mask True
land_mask_path /home/bingxing2/home/scx6115/Ocean_AI_model/sample_01/land_mask.h5
normalize True
normalization zscore
global_mins_path /home/bingxing2/home/scx6115/Ocean_AI_model/sample_01/train/global_mins.npy
global_maxs_path /home/bingxing2/home/scx6115/Ocean_AI_model/sample_01/train/global_maxs.npy
global_means_path /home/bingxing2/home/scx6115/Ocean_AI_model/sample_01/train/global_means.npy
global_stds_path /home/bingxing2/home/scx6115/Ocean_AI_model/sample_01/train/global_stds.npy
orography True
orography_norm_zscore_path /home/bingxing2/home/scx6115/Ocean_AI_model/sample_01/orography_norm_zscore.h5
orography_norm_maxmin_path /home/bingxing2/home/scx6115/Ocean_AI_model/sample_01/orography_norm_maxmin.h5
add_noise False
noise_std 0
crop_size_x None
crop_size_y None
log_to_screen True
save_checkpoint True
plot_animations False
---------------------------------------------------
world_size : 16
Initialize distributed process group...
nettype Masked_AE_Ocean
log_to_wandb True
lr 0.001
batch_size 32
max_epochs 150
scheduler CosineAnnealingLR
fusion_3d_2d False
in_channels [0, 1, 2, 3, 4, 5, 6, 7, 8, 9, 10, 11, 12, 13, 14, 15, 16, 17, 18, 19, 20, 21, 22, 23, 24, 25, 26, 27, 28, 29, 30, 31, 32, 33, 34, 35, 36, 37, 38, 39, 40, 41, 42, 43, 44, 45, 46, 47, 48, 49, 50, 51, 52, 53, 54, 55, 56, 57, 58, 59, 60, 61, 62, 63, 64, 65]
out_channels [0, 1, 2, 3, 4, 5, 6, 7, 8, 9, 10, 11, 12, 13, 14, 15, 16, 17, 18, 19, 20, 21, 22, 23, 24, 25, 26, 27, 28, 29, 30, 31, 32, 33, 34, 35, 36, 37, 38, 39, 40, 41, 42, 43, 44, 45, 46, 47, 48, 49, 50, 51, 52, 53, 54, 55, 56, 57, 58, 59, 60]
N_in_channels 66
N_out_channels 61
img_size_h 720
img_size_w 1440
patch_size_h 8
patch_size_w 8
mlp_ratio 4.0
embed_dim 512
depth 16
num_heads 16
decoder_embed_dim 1024
decoder_depth 8
decoder_num_heads 16
koopman_depth 2
modes_h_ratio 1
modes_w_ratio 0.8
drop_rate 0.0
drop_path_rate 0.0
sparsity_threshold 0.01
hard_thresholding_fraction 1.0
num_blocks 8
loss l2
num_data_workers 0
dt 1
n_history 0
prediction_type iterative
prediction_length 41
n_initial_conditions 5
ics_type default
date_strings ['2018-09-14 00:00:00']
save_raw_forecasts True
save_channel False
masked_acc False
maskpath None
perturb False
add_grid False
N_grid_channels 0
gridtype sinusoidal
roll False
enable_nhwc False
optimizer_type FusedAdam
exp_dir ./exp_15_levels
patch_size 8
width 56
modes 32
target default
train_data_path /home/bingxing2/home/scx6115/Ocean_AI_model/sample_01/train
valid_data_path /home/bingxing2/home/scx6115/Ocean_AI_model/sample_01/valid
test_data_path /home/bingxing2/home/scx6115/Ocean_AI_model/sample_01/test
land_mask True
land_mask_path /home/bingxing2/home/scx6115/Ocean_AI_model/sample_01/land_mask.h5
normalize True
normalization zscore
global_mins_path /home/bingxing2/home/scx6115/Ocean_AI_model/sample_01/train/global_mins.npy
global_maxs_path /home/bingxing2/home/scx6115/Ocean_AI_model/sample_01/train/global_maxs.npy
global_means_path /home/bingxing2/home/scx6115/Ocean_AI_model/sample_01/train/global_means.npy
global_stds_path /home/bingxing2/home/scx6115/Ocean_AI_model/sample_01/train/global_stds.npy
orography True
orography_norm_zscore_path /home/bingxing2/home/scx6115/Ocean_AI_model/sample_01/orography_norm_zscore.h5
orography_norm_maxmin_path /home/bingxing2/home/scx6115/Ocean_AI_model/sample_01/orography_norm_maxmin.h5
add_noise False
noise_std 0
crop_size_x None
crop_size_y None
log_to_screen True
save_checkpoint True
plot_animations False
nettype--------------------------------------------------- 
Masked_AE_Ocean
log_to_wandbworld_size :  True16

lrInitialize distributed process group... 
0.001
batch_size 32
max_epochs 150
scheduler CosineAnnealingLR
fusion_3d_2d False
in_channels [0, 1, 2, 3, 4, 5, 6, 7, 8, 9, 10, 11, 12, 13, 14, 15, 16, 17, 18, 19, 20, 21, 22, 23, 24, 25, 26, 27, 28, 29, 30, 31, 32, 33, 34, 35, 36, 37, 38, 39, 40, 41, 42, 43, 44, 45, 46, 47, 48, 49, 50, 51, 52, 53, 54, 55, 56, 57, 58, 59, 60, 61, 62, 63, 64, 65]
out_channels [0, 1, 2, 3, 4, 5, 6, 7, 8, 9, 10, 11, 12, 13, 14, 15, 16, 17, 18, 19, 20, 21, 22, 23, 24, 25, 26, 27, 28, 29, 30, 31, 32, 33, 34, 35, 36, 37, 38, 39, 40, 41, 42, 43, 44, 45, 46, 47, 48, 49, 50, 51, 52, 53, 54, 55, 56, 57, 58, 59, 60]
N_in_channels 66
N_out_channels 61
img_size_h 720
img_size_w 1440
patch_size_h 8
patch_size_w 8
mlp_ratio 4.0
embed_dim 512
depth 16
num_heads 16
decoder_embed_dim 1024
decoder_depth 8
decoder_num_heads 16
koopman_depth 2
modes_h_ratio 1
modes_w_ratio 0.8
drop_rate 0.0
drop_path_rate 0.0
sparsity_threshold 0.01
hard_thresholding_fraction 1.0
num_blocks 8
loss l2
num_data_workers 0
dt 1
n_history 0
prediction_type iterative
prediction_length 41
n_initial_conditions 5
ics_type default
date_strings ['2018-09-14 00:00:00']
save_raw_forecasts True
save_channel False
masked_acc False
maskpath None
perturb False
add_grid False
N_grid_channels 0
gridtype sinusoidal
roll False
enable_nhwc False
optimizer_type FusedAdam
exp_dir ./exp_15_levels
patch_size 8
width 56
modes 32
target default
train_data_path /home/bingxing2/home/scx6115/Ocean_AI_model/sample_01/train
valid_data_path /home/bingxing2/home/scx6115/Ocean_AI_model/sample_01/valid
test_data_path /home/bingxing2/home/scx6115/Ocean_AI_model/sample_01/test
land_mask True
land_mask_path /home/bingxing2/home/scx6115/Ocean_AI_model/sample_01/land_mask.h5
normalize True
normalization zscore
global_mins_path /home/bingxing2/home/scx6115/Ocean_AI_model/sample_01/train/global_mins.npy
global_maxs_path /home/bingxing2/home/scx6115/Ocean_AI_model/sample_01/train/global_maxs.npy
global_means_path /home/bingxing2/home/scx6115/Ocean_AI_model/sample_01/train/global_means.npy
global_stds_path /home/bingxing2/home/scx6115/Ocean_AI_model/sample_01/train/global_stds.npy
orography True
orography_norm_zscore_path /home/bingxing2/home/scx6115/Ocean_AI_model/sample_01/orography_norm_zscore.h5
orography_norm_maxmin_path /home/bingxing2/home/scx6115/Ocean_AI_model/sample_01/orography_norm_maxmin.h5
add_noise False
noise_std 0
crop_size_x None
crop_size_y None
log_to_screen True
save_checkpoint True
plot_animations False
---------------------------------------------------
world_size : 16
Initialize distributed process group...
nettype Masked_AE_Ocean
log_to_wandb True
lr 0.001
batch_size 32
max_epochs 150
scheduler CosineAnnealingLR
fusion_3d_2d False
in_channels [0, 1, 2, 3, 4, 5, 6, 7, 8, 9, 10, 11, 12, 13, 14, 15, 16, 17, 18, 19, 20, 21, 22, 23, 24, 25, 26, 27, 28, 29, 30, 31, 32, 33, 34, 35, 36, 37, 38, 39, 40, 41, 42, 43, 44, 45, 46, 47, 48, 49, 50, 51, 52, 53, 54, 55, 56, 57, 58, 59, 60, 61, 62, 63, 64, 65]
out_channels [0, 1, 2, 3, 4, 5, 6, 7, 8, 9, 10, 11, 12, 13, 14, 15, 16, 17, 18, 19, 20, 21, 22, 23, 24, 25, 26, 27, 28, 29, 30, 31, 32, 33, 34, 35, 36, 37, 38, 39, 40, 41, 42, 43, 44, 45, 46, 47, 48, 49, 50, 51, 52, 53, 54, 55, 56, 57, 58, 59, 60]
N_in_channels 66
N_out_channels 61
img_size_h 720
img_size_w 1440
patch_size_h 8
patch_size_w 8
mlp_ratio 4.0
embed_dim 512
depth 16
num_heads 16
decoder_embed_dim 1024
decoder_depth 8
decoder_num_heads 16
koopman_depth 2
modes_h_ratio 1
modes_w_ratio 0.8
drop_rate 0.0
drop_path_rate 0.0
sparsity_threshold 0.01
hard_thresholding_fraction 1.0
num_blocks 8
loss l2
num_data_workers 0
dt 1
n_history 0
prediction_type iterative
prediction_length 41
n_initial_conditions 5
ics_type default
date_strings ['2018-09-14 00:00:00']
save_raw_forecasts True
save_channel False
masked_acc False
maskpath None
perturb False
add_grid False
N_grid_channels 0
gridtype sinusoidal
roll False
enable_nhwc False
optimizer_type FusedAdam
exp_dir ./exp_15_levels
patch_size 8
width 56
modes 32
target default
train_data_path /home/bingxing2/home/scx6115/Ocean_AI_model/sample_01/train
valid_data_path /home/bingxing2/home/scx6115/Ocean_AI_model/sample_01/valid
test_data_path /home/bingxing2/home/scx6115/Ocean_AI_model/sample_01/test
land_mask True
land_mask_path /home/bingxing2/home/scx6115/Ocean_AI_model/sample_01/land_mask.h5
normalize True
normalization zscore
global_mins_path /home/bingxing2/home/scx6115/Ocean_AI_model/sample_01/train/global_mins.npy
global_maxs_path /home/bingxing2/home/scx6115/Ocean_AI_model/sample_01/train/global_maxs.npy
global_means_path /home/bingxing2/home/scx6115/Ocean_AI_model/sample_01/train/global_means.npy
global_stds_path /home/bingxing2/home/scx6115/Ocean_AI_model/sample_01/train/global_stds.npy
orography True
orography_norm_zscore_path /home/bingxing2/home/scx6115/Ocean_AI_model/sample_01/orography_norm_zscore.h5
orography_norm_maxmin_path /home/bingxing2/home/scx6115/Ocean_AI_model/sample_01/orography_norm_maxmin.h5
add_noise False
noise_std 0
crop_size_x None
crop_size_y None
log_to_screen True
save_checkpoint True
plot_animations False
---------------------------------------------------
world_size : 16
Initialize distributed process group...
2023-07-03 12:48:35,693 - torch.distributed.distributed_c10d - INFO - Added key: store_based_barrier_key:1 to store for rank: 9
2023-07-03 12:48:35,694 - torch.distributed.distributed_c10d - INFO - Added key: store_based_barrier_key:1 to store for rank: 8
2023-07-03 12:48:35,697 - torch.distributed.distributed_c10d - INFO - Added key: store_based_barrier_key:1 to store for rank: 11
2023-07-03 12:48:35,703 - torch.distributed.distributed_c10d - INFO - Added key: store_based_barrier_key:1 to store for rank: 10
2023-07-03 12:48:35,738 - torch.distributed.distributed_c10d - INFO - Rank 11: Completed store-based barrier for key:store_based_barrier_key:1 with 16 nodes.
2023-07-03 12:48:35,744 - torch.distributed.distributed_c10d - INFO - Rank 9: Completed store-based barrier for key:store_based_barrier_key:1 with 16 nodes.
2023-07-03 12:48:35,744 - torch.distributed.distributed_c10d - INFO - Rank 10: Completed store-based barrier for key:store_based_barrier_key:1 with 16 nodes.
2023-07-03 12:48:35,746 - torch.distributed.distributed_c10d - INFO - Rank 8: Completed store-based barrier for key:store_based_barrier_key:1 with 16 nodes.
2023-07-03 12:48:35,790 - root - INFO - device: cuda:3
2023-07-03 12:48:35,791 - root - INFO - rank 11, begin data loader init
2023-07-03 12:48:35,797 - root - INFO - device: cuda:1
2023-07-03 12:48:35,797 - root - INFO - rank 9, begin data loader init
2023-07-03 12:48:35,799 - root - INFO - device: cuda:2
2023-07-03 12:48:35,799 - root - INFO - rank 10, begin data loader init
2023-07-03 12:48:35,803 - root - INFO - device: cuda:0
2023-07-03 12:48:35,803 - root - INFO - rank 8, begin data loader init
2023-07-03 12:48:35,833 - root - INFO - Getting file stats from /home/bingxing2/home/scx6115/Ocean_AI_model/sample_01/train/2000.h5
2023-07-03 12:48:35,833 - root - INFO - Getting file stats from /home/bingxing2/home/scx6115/Ocean_AI_model/sample_01/train/2000.h5
2023-07-03 12:48:35,833 - root - INFO - Getting file stats from /home/bingxing2/home/scx6115/Ocean_AI_model/sample_01/train/2000.h5
2023-07-03 12:48:35,833 - root - INFO - Getting file stats from /home/bingxing2/home/scx6115/Ocean_AI_model/sample_01/train/2000.h5
2023-07-03 12:48:35,834 - root - INFO - Number of samples per year: 365
2023-07-03 12:48:35,834 - root - INFO - Number of samples per year: 365
2023-07-03 12:48:35,834 - root - INFO - Found data at path /home/bingxing2/home/scx6115/Ocean_AI_model/sample_01/train. Number of examples: 4015. Image Shape: 720 x 1440 x 66
2023-07-03 12:48:35,834 - root - INFO - Number of samples per year: 365
2023-07-03 12:48:35,834 - root - INFO - Found data at path /home/bingxing2/home/scx6115/Ocean_AI_model/sample_01/train. Number of examples: 4015. Image Shape: 720 x 1440 x 66
2023-07-03 12:48:35,834 - root - INFO - Delta t: 1 days
2023-07-03 12:48:35,834 - root - INFO - Found data at path /home/bingxing2/home/scx6115/Ocean_AI_model/sample_01/train. Number of examples: 4015. Image Shape: 720 x 1440 x 66
2023-07-03 12:48:35,834 - root - INFO - Delta t: 1 days
2023-07-03 12:48:35,834 - root - INFO - Including 0 days of past history in training at a frequency of 1 days
2023-07-03 12:48:35,834 - root - INFO - Delta t: 1 days
2023-07-03 12:48:35,834 - root - INFO - Including 0 days of past history in training at a frequency of 1 days
2023-07-03 12:48:35,834 - root - INFO - Number of samples per year: 365
2023-07-03 12:48:35,834 - root - INFO - Including 0 days of past history in training at a frequency of 1 days
2023-07-03 12:48:35,834 - root - INFO - Found data at path /home/bingxing2/home/scx6115/Ocean_AI_model/sample_01/train. Number of examples: 4015. Image Shape: 720 x 1440 x 66
2023-07-03 12:48:35,834 - root - INFO - Delta t: 1 days
2023-07-03 12:48:35,835 - root - INFO - Including 0 days of past history in training at a frequency of 1 days
2023-07-03 12:48:35,874 - root - INFO - Getting file stats from /home/bingxing2/home/scx6115/Ocean_AI_model/sample_01/valid/2011.h5
2023-07-03 12:48:35,874 - root - INFO - Getting file stats from /home/bingxing2/home/scx6115/Ocean_AI_model/sample_01/valid/2011.h5
2023-07-03 12:48:35,874 - root - INFO - Getting file stats from /home/bingxing2/home/scx6115/Ocean_AI_model/sample_01/valid/2011.h5
2023-07-03 12:48:35,874 - root - INFO - Getting file stats from /home/bingxing2/home/scx6115/Ocean_AI_model/sample_01/valid/2011.h5
2023-07-03 12:48:35,875 - root - INFO - Number of samples per year: 364
2023-07-03 12:48:35,875 - root - INFO - Number of samples per year: 364
2023-07-03 12:48:35,875 - root - INFO - Found data at path /home/bingxing2/home/scx6115/Ocean_AI_model/sample_01/valid. Number of examples: 364. Image Shape: 720 x 1440 x 66
2023-07-03 12:48:35,875 - root - INFO - Number of samples per year: 364
2023-07-03 12:48:35,875 - root - INFO - Number of samples per year: 364
2023-07-03 12:48:35,875 - root - INFO - Found data at path /home/bingxing2/home/scx6115/Ocean_AI_model/sample_01/valid. Number of examples: 364. Image Shape: 720 x 1440 x 66
2023-07-03 12:48:35,875 - root - INFO - Delta t: 1 days
2023-07-03 12:48:35,875 - root - INFO - Found data at path /home/bingxing2/home/scx6115/Ocean_AI_model/sample_01/valid. Number of examples: 364. Image Shape: 720 x 1440 x 66
2023-07-03 12:48:35,875 - root - INFO - Found data at path /home/bingxing2/home/scx6115/Ocean_AI_model/sample_01/valid. Number of examples: 364. Image Shape: 720 x 1440 x 66
2023-07-03 12:48:35,875 - root - INFO - Delta t: 1 days
2023-07-03 12:48:35,875 - root - INFO - Including 0 days of past history in training at a frequency of 1 days
2023-07-03 12:48:35,875 - root - INFO - Delta t: 1 days
2023-07-03 12:48:35,875 - root - INFO - Delta t: 1 days
2023-07-03 12:48:35,875 - root - INFO - Including 0 days of past history in training at a frequency of 1 days
2023-07-03 12:48:35,875 - root - INFO - Including 0 days of past history in training at a frequency of 1 days
2023-07-03 12:48:35,875 - root - INFO - Including 0 days of past history in training at a frequency of 1 days
2023-07-03 12:48:35,875 - root - INFO - rank 9, data loader initialized
2023-07-03 12:48:35,875 - root - INFO - rank 10, data loader initialized
2023-07-03 12:48:35,875 - root - INFO - rank 11, data loader initialized
2023-07-03 12:48:35,876 - root - INFO - rank 8, data loader initialized
paraai-n32-h-01-agent-87:1053104:1053104 [2] NCCL INFO cudaDriverVersion 11060
paraai-n32-h-01-agent-87:1053103:1053103 [1] NCCL INFO cudaDriverVersion 11060
paraai-n32-h-01-agent-87:1053102:1053102 [0] NCCL INFO cudaDriverVersion 11060
paraai-n32-h-01-agent-87:1053105:1053105 [3] NCCL INFO cudaDriverVersion 11060
paraai-n32-h-01-agent-87:1053103:1053103 [1] NCCL INFO Bootstrap : Using eth0:172.16.5.149<0>
paraai-n32-h-01-agent-87:1053102:1053102 [0] NCCL INFO Bootstrap : Using eth0:172.16.5.149<0>
paraai-n32-h-01-agent-87:1053104:1053104 [2] NCCL INFO Bootstrap : Using eth0:172.16.5.149<0>
paraai-n32-h-01-agent-87:1053105:1053105 [3] NCCL INFO Bootstrap : Using eth0:172.16.5.149<0>
paraai-n32-h-01-agent-87:1053103:1053103 [1] NCCL INFO NET/Plugin : No plugin found (libnccl-net.so), using internal implementation
paraai-n32-h-01-agent-87:1053102:1053102 [0] NCCL INFO NET/Plugin : No plugin found (libnccl-net.so), using internal implementation
paraai-n32-h-01-agent-87:1053104:1053104 [2] NCCL INFO NET/Plugin : No plugin found (libnccl-net.so), using internal implementation
paraai-n32-h-01-agent-87:1053105:1053105 [3] NCCL INFO NET/Plugin : No plugin found (libnccl-net.so), using internal implementation
paraai-n32-h-01-agent-87:1053104:1053755 [2] NCCL INFO NET/IB : Using [0]mlx5_0:1/RoCE [1]mlx5_2:1/RoCE [RO]; OOB eth0:172.16.5.149<0>
paraai-n32-h-01-agent-87:1053104:1053755 [2] NCCL INFO Using network IB
paraai-n32-h-01-agent-87:1053105:1053756 [3] NCCL INFO NET/IB : Using [0]mlx5_0:1/RoCE [1]mlx5_2:1/RoCE [RO]; OOB eth0:172.16.5.149<0>
paraai-n32-h-01-agent-87:1053102:1053754 [0] NCCL INFO NET/IB : Using [0]mlx5_0:1/RoCE [1]mlx5_2:1/RoCE [RO]; OOB eth0:172.16.5.149<0>
paraai-n32-h-01-agent-87:1053105:1053756 [3] NCCL INFO Using network IB
paraai-n32-h-01-agent-87:1053102:1053754 [0] NCCL INFO Using network IB
paraai-n32-h-01-agent-87:1053103:1053753 [1] NCCL INFO NET/IB : Using [0]mlx5_0:1/RoCE [1]mlx5_2:1/RoCE [RO]; OOB eth0:172.16.5.149<0>
paraai-n32-h-01-agent-87:1053103:1053753 [1] NCCL INFO Using network IB
paraai-n32-h-01-agent-87:1053103:1053753 [1] NCCL INFO Setting affinity for GPU 1 to ffffffff
paraai-n32-h-01-agent-87:1053105:1053756 [3] NCCL INFO Setting affinity for GPU 3 to ffffffff,00000000,00000000
paraai-n32-h-01-agent-87:1053102:1053754 [0] NCCL INFO Setting affinity for GPU 0 to ffffffff
paraai-n32-h-01-agent-87:1053104:1053755 [2] NCCL INFO Setting affinity for GPU 2 to ffffffff,00000000,00000000
paraai-n32-h-01-agent-87:1053102:1053754 [0] NCCL INFO NCCL_MAX_NCHANNELS set by environment to 16.
paraai-n32-h-01-agent-87:1053102:1053754 [0] NCCL INFO NCCL_MIN_NCHANNELS set by environment to 16.
paraai-n32-h-01-agent-87:1053102:1053754 [0] NCCL INFO Trees [0] 9/12/-1->8->0 [1] 9/-1/-1->8->11 [2] 9/-1/-1->8->5 [3] 9/-1/-1->8->11 [4] 9/12/-1->8->0 [5] 9/-1/-1->8->11 [6] 9/-1/-1->8->5 [7] 9/-1/-1->8->11 [8] 9/12/-1->8->0 [9] 9/-1/-1->8->11 [10] 9/-1/-1->8->5 [11] 9/-1/-1->8->11 [12] 9/12/-1->8->0 [13] 9/-1/-1->8->11 [14] 9/-1/-1->8->5 [15] 9/-1/-1->8->11
paraai-n32-h-01-agent-87:1053103:1053753 [1] NCCL INFO NCCL_MAX_NCHANNELS set by environment to 16.
paraai-n32-h-01-agent-87:1053105:1053756 [3] NCCL INFO NCCL_MAX_NCHANNELS set by environment to 16.
paraai-n32-h-01-agent-87:1053104:1053755 [2] NCCL INFO NCCL_MAX_NCHANNELS set by environment to 16.
paraai-n32-h-01-agent-87:1053103:1053753 [1] NCCL INFO NCCL_MIN_NCHANNELS set by environment to 16.
paraai-n32-h-01-agent-87:1053105:1053756 [3] NCCL INFO NCCL_MIN_NCHANNELS set by environment to 16.
paraai-n32-h-01-agent-87:1053104:1053755 [2] NCCL INFO NCCL_MIN_NCHANNELS set by environment to 16.
paraai-n32-h-01-agent-87:1053103:1053753 [1] NCCL INFO Trees [0] 10/4/-1->9->8 [1] -1/-1/-1->9->8 [2] 10/-1/-1->9->8 [3] -1/-1/-1->9->8 [4] 10/4/-1->9->8 [5] -1/-1/-1->9->8 [6] 10/-1/-1->9->8 [7] -1/-1/-1->9->8 [8] 10/4/-1->9->8 [9] -1/-1/-1->9->8 [10] 10/-1/-1->9->8 [11] -1/-1/-1->9->8 [12] 10/4/-1->9->8 [13] -1/-1/-1->9->8 [14] 10/-1/-1->9->8 [15] -1/-1/-1->9->8
paraai-n32-h-01-agent-87:1053105:1053756 [3] NCCL INFO Trees [0] -1/-1/-1->11->10 [1] 8/6/-1->11->10 [2] -1/-1/-1->11->10 [3] 8/-1/-1->11->10 [4] -1/-1/-1->11->10 [5] 8/6/-1->11->10 [6] -1/-1/-1->11->10 [7] 8/-1/-1->11->10 [8] -1/-1/-1->11->10 [9] 8/6/-1->11->10 [10] -1/-1/-1->11->10 [11] 8/-1/-1->11->10 [12] -1/-1/-1->11->10 [13] 8/6/-1->11->10 [14] -1/-1/-1->11->10 [15] 8/-1/-1->11->10
paraai-n32-h-01-agent-87:1053104:1053755 [2] NCCL INFO Trees [0] 11/-1/-1->10->9 [1] 11/14/-1->10->2 [2] 11/-1/-1->10->9 [3] 11/-1/-1->10->7 [4] 11/-1/-1->10->9 [5] 11/14/-1->10->2 [6] 11/-1/-1->10->9 [7] 11/-1/-1->10->7 [8] 11/-1/-1->10->9 [9] 11/14/-1->10->2 [10] 11/-1/-1->10->9 [11] 11/-1/-1->10->7 [12] 11/-1/-1->10->9 [13] 11/14/-1->10->2 [14] 11/-1/-1->10->9 [15] 11/-1/-1->10->7
paraai-n32-h-01-agent-87:1053102:1053754 [0] NCCL INFO Channel 00/0 : 7[82000] -> 8[1000] [receive] via NET/IB/0
paraai-n32-h-01-agent-87:1053104:1053755 [2] NCCL INFO Channel 00 : 10[81000] -> 11[82000] via SHM/direct/direct
paraai-n32-h-01-agent-87:1053103:1053753 [1] NCCL INFO Channel 00 : 9[2000] -> 10[81000] via SHM/direct/direct
paraai-n32-h-01-agent-87:1053104:1053755 [2] NCCL INFO Channel 01 : 10[81000] -> 11[82000] via SHM/direct/direct
paraai-n32-h-01-agent-87:1053103:1053753 [1] NCCL INFO Channel 02 : 9[2000] -> 10[81000] via SHM/direct/direct
paraai-n32-h-01-agent-87:1053104:1053755 [2] NCCL INFO Channel 02 : 10[81000] -> 11[82000] via SHM/direct/direct
paraai-n32-h-01-agent-87:1053103:1053753 [1] NCCL INFO Channel 04 : 9[2000] -> 10[81000] via SHM/direct/direct
paraai-n32-h-01-agent-87:1053104:1053755 [2] NCCL INFO Channel 03 : 10[81000] -> 11[82000] via SHM/direct/direct
paraai-n32-h-01-agent-87:1053103:1053753 [1] NCCL INFO Channel 06 : 9[2000] -> 10[81000] via SHM/direct/direct
paraai-n32-h-01-agent-87:1053104:1053755 [2] NCCL INFO Channel 04 : 10[81000] -> 11[82000] via SHM/direct/direct
paraai-n32-h-01-agent-87:1053103:1053753 [1] NCCL INFO Channel 08 : 9[2000] -> 10[81000] via SHM/direct/direct
paraai-n32-h-01-agent-87:1053104:1053755 [2] NCCL INFO Channel 05 : 10[81000] -> 11[82000] via SHM/direct/direct
paraai-n32-h-01-agent-87:1053103:1053753 [1] NCCL INFO Channel 10 : 9[2000] -> 10[81000] via SHM/direct/direct
paraai-n32-h-01-agent-87:1053104:1053755 [2] NCCL INFO Channel 06 : 10[81000] -> 11[82000] via SHM/direct/direct
paraai-n32-h-01-agent-87:1053103:1053753 [1] NCCL INFO Channel 12 : 9[2000] -> 10[81000] via SHM/direct/direct
paraai-n32-h-01-agent-87:1053104:1053755 [2] NCCL INFO Channel 07 : 10[81000] -> 11[82000] via SHM/direct/direct
paraai-n32-h-01-agent-87:1053103:1053753 [1] NCCL INFO Channel 14 : 9[2000] -> 10[81000] via SHM/direct/direct
paraai-n32-h-01-agent-87:1053104:1053755 [2] NCCL INFO Channel 08 : 10[81000] -> 11[82000] via SHM/direct/direct
paraai-n32-h-01-agent-87:1053104:1053755 [2] NCCL INFO Channel 09 : 10[81000] -> 11[82000] via SHM/direct/direct
paraai-n32-h-01-agent-87:1053104:1053755 [2] NCCL INFO Channel 10 : 10[81000] -> 11[82000] via SHM/direct/direct
paraai-n32-h-01-agent-87:1053104:1053755 [2] NCCL INFO Channel 11 : 10[81000] -> 11[82000] via SHM/direct/direct
paraai-n32-h-01-agent-87:1053104:1053755 [2] NCCL INFO Channel 12 : 10[81000] -> 11[82000] via SHM/direct/direct
paraai-n32-h-01-agent-87:1053104:1053755 [2] NCCL INFO Channel 13 : 10[81000] -> 11[82000] via SHM/direct/direct
paraai-n32-h-01-agent-87:1053104:1053755 [2] NCCL INFO Channel 14 : 10[81000] -> 11[82000] via SHM/direct/direct
paraai-n32-h-01-agent-87:1053104:1053755 [2] NCCL INFO Channel 15 : 10[81000] -> 11[82000] via SHM/direct/direct
paraai-n32-h-01-agent-87:1053105:1053756 [3] NCCL INFO Channel 00/0 : 11[82000] -> 12[1000] [send] via NET/IB/1
paraai-n32-h-01-agent-87:1053102:1053754 [0] NCCL INFO Channel 02/0 : 7[82000] -> 8[1000] [receive] via NET/IB/0
paraai-n32-h-01-agent-87:1053105:1053756 [3] NCCL INFO Channel 02/0 : 11[82000] -> 12[1000] [send] via NET/IB/1
paraai-n32-h-01-agent-87:1053102:1053754 [0] NCCL INFO Channel 04/0 : 7[82000] -> 8[1000] [receive] via NET/IB/0
paraai-n32-h-01-agent-87:1053105:1053756 [3] NCCL INFO Channel 04/0 : 11[82000] -> 12[1000] [send] via NET/IB/1
paraai-n32-h-01-agent-87:1053102:1053754 [0] NCCL INFO Channel 06/0 : 7[82000] -> 8[1000] [receive] via NET/IB/0
paraai-n32-h-01-agent-87:1053105:1053756 [3] NCCL INFO Channel 06/0 : 11[82000] -> 12[1000] [send] via NET/IB/1
paraai-n32-h-01-agent-87:1053105:1053756 [3] NCCL INFO Channel 08/0 : 11[82000] -> 12[1000] [send] via NET/IB/1
paraai-n32-h-01-agent-87:1053105:1053756 [3] NCCL INFO Channel 10/0 : 11[82000] -> 12[1000] [send] via NET/IB/1
paraai-n32-h-01-agent-87:1053102:1053754 [0] NCCL INFO Channel 08/0 : 7[82000] -> 8[1000] [receive] via NET/IB/0
paraai-n32-h-01-agent-87:1053105:1053756 [3] NCCL INFO Channel 12/0 : 11[82000] -> 12[1000] [send] via NET/IB/1
paraai-n32-h-01-agent-87:1053102:1053754 [0] NCCL INFO Channel 10/0 : 7[82000] -> 8[1000] [receive] via NET/IB/0
paraai-n32-h-01-agent-87:1053105:1053756 [3] NCCL INFO Channel 14/0 : 11[82000] -> 12[1000] [send] via NET/IB/1
paraai-n32-h-01-agent-87:1053104:1053755 [2] NCCL INFO Channel 01/0 : 4[1000] -> 10[81000] [receive] via NET/IB/1
paraai-n32-h-01-agent-87:1053102:1053754 [0] NCCL INFO Channel 12/0 : 7[82000] -> 8[1000] [receive] via NET/IB/0
paraai-n32-h-01-agent-87:1053104:1053755 [2] NCCL INFO Channel 03/0 : 4[1000] -> 10[81000] [receive] via NET/IB/1
paraai-n32-h-01-agent-87:1053102:1053754 [0] NCCL INFO Channel 14/0 : 7[82000] -> 8[1000] [receive] via NET/IB/0
paraai-n32-h-01-agent-87:1053102:1053754 [0] NCCL INFO Channel 00 : 8[1000] -> 9[2000] via SHM/direct/direct
paraai-n32-h-01-agent-87:1053102:1053754 [0] NCCL INFO Channel 02 : 8[1000] -> 9[2000] via SHM/direct/direct
paraai-n32-h-01-agent-87:1053102:1053754 [0] NCCL INFO Channel 04 : 8[1000] -> 9[2000] via SHM/direct/direct
paraai-n32-h-01-agent-87:1053102:1053754 [0] NCCL INFO Channel 06 : 8[1000] -> 9[2000] via SHM/direct/direct
paraai-n32-h-01-agent-87:1053102:1053754 [0] NCCL INFO Channel 08 : 8[1000] -> 9[2000] via SHM/direct/direct
paraai-n32-h-01-agent-87:1053102:1053754 [0] NCCL INFO Channel 10 : 8[1000] -> 9[2000] via SHM/direct/direct
paraai-n32-h-01-agent-87:1053102:1053754 [0] NCCL INFO Channel 12 : 8[1000] -> 9[2000] via SHM/direct/direct
paraai-n32-h-01-agent-87:1053102:1053754 [0] NCCL INFO Channel 14 : 8[1000] -> 9[2000] via SHM/direct/direct
paraai-n32-h-01-agent-87:1053102:1053808 [0] NCCL INFO NCCL_IB_GID_INDEX set by environment to 3.
paraai-n32-h-01-agent-87:1053104:1053755 [2] NCCL INFO Channel 05/0 : 4[1000] -> 10[81000] [receive] via NET/IB/1
paraai-n32-h-01-agent-87:1053105:1053806 [3] NCCL INFO NCCL_IB_GID_INDEX set by environment to 3.
paraai-n32-h-01-agent-87:1053104:1053755 [2] NCCL INFO Channel 07/0 : 4[1000] -> 10[81000] [receive] via NET/IB/1
paraai-n32-h-01-agent-87:1053102:1053754 [0] NCCL INFO Channel 01/0 : 8[1000] -> 14[81000] [send] via NET/IB/0
paraai-n32-h-01-agent-87:1053102:1053754 [0] NCCL INFO Channel 03/0 : 8[1000] -> 14[81000] [send] via NET/IB/0
paraai-n32-h-01-agent-87:1053105:1053756 [3] NCCL INFO Channel 01 : 11[82000] -> 9[2000] via SHM/direct/direct
paraai-n32-h-01-agent-87:1053105:1053756 [3] NCCL INFO Channel 03 : 11[82000] -> 9[2000] via SHM/direct/direct
paraai-n32-h-01-agent-87:1053105:1053756 [3] NCCL INFO Channel 05 : 11[82000] -> 9[2000] via SHM/direct/direct
paraai-n32-h-01-agent-87:1053105:1053756 [3] NCCL INFO Channel 07 : 11[82000] -> 9[2000] via SHM/direct/direct
paraai-n32-h-01-agent-87:1053105:1053756 [3] NCCL INFO Channel 09 : 11[82000] -> 9[2000] via SHM/direct/direct
paraai-n32-h-01-agent-87:1053105:1053756 [3] NCCL INFO Channel 11 : 11[82000] -> 9[2000] via SHM/direct/direct
paraai-n32-h-01-agent-87:1053105:1053756 [3] NCCL INFO Channel 13 : 11[82000] -> 9[2000] via SHM/direct/direct
paraai-n32-h-01-agent-87:1053105:1053756 [3] NCCL INFO Channel 15 : 11[82000] -> 9[2000] via SHM/direct/direct
paraai-n32-h-01-agent-87:1053103:1053753 [1] NCCL INFO Channel 01 : 9[2000] -> 8[1000] via SHM/direct/direct
paraai-n32-h-01-agent-87:1053103:1053753 [1] NCCL INFO Channel 03 : 9[2000] -> 8[1000] via SHM/direct/direct
paraai-n32-h-01-agent-87:1053103:1053753 [1] NCCL INFO Channel 05 : 9[2000] -> 8[1000] via SHM/direct/direct
paraai-n32-h-01-agent-87:1053103:1053753 [1] NCCL INFO Channel 07 : 9[2000] -> 8[1000] via SHM/direct/direct
paraai-n32-h-01-agent-87:1053103:1053753 [1] NCCL INFO Channel 09 : 9[2000] -> 8[1000] via SHM/direct/direct
paraai-n32-h-01-agent-87:1053105:1053756 [3] NCCL INFO Connected all rings
paraai-n32-h-01-agent-87:1053103:1053753 [1] NCCL INFO Channel 11 : 9[2000] -> 8[1000] via SHM/direct/direct
paraai-n32-h-01-agent-87:1053103:1053753 [1] NCCL INFO Channel 13 : 9[2000] -> 8[1000] via SHM/direct/direct
paraai-n32-h-01-agent-87:1053103:1053753 [1] NCCL INFO Channel 15 : 9[2000] -> 8[1000] via SHM/direct/direct
paraai-n32-h-01-agent-87:1053102:1053754 [0] NCCL INFO Channel 05/0 : 8[1000] -> 14[81000] [send] via NET/IB/0
paraai-n32-h-01-agent-87:1053104:1053755 [2] NCCL INFO Channel 09/0 : 4[1000] -> 10[81000] [receive] via NET/IB/1
paraai-n32-h-01-agent-87:1053102:1053754 [0] NCCL INFO Channel 07/0 : 8[1000] -> 14[81000] [send] via NET/IB/0
paraai-n32-h-01-agent-87:1053104:1053755 [2] NCCL INFO Channel 11/0 : 4[1000] -> 10[81000] [receive] via NET/IB/1
paraai-n32-h-01-agent-87:1053102:1053754 [0] NCCL INFO Channel 09/0 : 8[1000] -> 14[81000] [send] via NET/IB/0
paraai-n32-h-01-agent-87:1053104:1053755 [2] NCCL INFO Channel 13/0 : 4[1000] -> 10[81000] [receive] via NET/IB/1
paraai-n32-h-01-agent-87:1053102:1053754 [0] NCCL INFO Channel 11/0 : 8[1000] -> 14[81000] [send] via NET/IB/0
paraai-n32-h-01-agent-87:1053104:1053755 [2] NCCL INFO Channel 15/0 : 4[1000] -> 10[81000] [receive] via NET/IB/1
paraai-n32-h-01-agent-87:1053102:1053754 [0] NCCL INFO Channel 13/0 : 8[1000] -> 14[81000] [send] via NET/IB/0
paraai-n32-h-01-agent-87:1053102:1053754 [0] NCCL INFO Channel 15/0 : 8[1000] -> 14[81000] [send] via NET/IB/0
paraai-n32-h-01-agent-87:1053102:1053754 [0] NCCL INFO Connected all rings
paraai-n32-h-01-agent-87:1053102:1053754 [0] NCCL INFO Channel 01 : 8[1000] -> 9[2000] via SHM/direct/direct
paraai-n32-h-01-agent-87:1053102:1053754 [0] NCCL INFO Channel 03 : 8[1000] -> 9[2000] via SHM/direct/direct
paraai-n32-h-01-agent-87:1053102:1053754 [0] NCCL INFO Channel 05 : 8[1000] -> 9[2000] via SHM/direct/direct
paraai-n32-h-01-agent-87:1053102:1053754 [0] NCCL INFO Channel 07 : 8[1000] -> 9[2000] via SHM/direct/direct
paraai-n32-h-01-agent-87:1053102:1053754 [0] NCCL INFO Channel 09 : 8[1000] -> 9[2000] via SHM/direct/direct
paraai-n32-h-01-agent-87:1053102:1053754 [0] NCCL INFO Channel 11 : 8[1000] -> 9[2000] via SHM/direct/direct
paraai-n32-h-01-agent-87:1053102:1053754 [0] NCCL INFO Channel 13 : 8[1000] -> 9[2000] via SHM/direct/direct
paraai-n32-h-01-agent-87:1053102:1053754 [0] NCCL INFO Channel 15 : 8[1000] -> 9[2000] via SHM/direct/direct
paraai-n32-h-01-agent-87:1053103:1053753 [1] NCCL INFO Connected all rings
paraai-n32-h-01-agent-87:1053103:1053753 [1] NCCL INFO Channel 00/0 : 4[1000] -> 9[2000] [receive] via NET/IB/0
paraai-n32-h-01-agent-87:1053103:1053753 [1] NCCL INFO Channel 04/0 : 4[1000] -> 9[2000] [receive] via NET/IB/0
paraai-n32-h-01-agent-87:1053102:1053754 [0] NCCL INFO Channel 02/0 : 5[2000] -> 8[1000] [receive] via NET/IB/0
paraai-n32-h-01-agent-87:1053104:1053807 [2] NCCL INFO NCCL_IB_GID_INDEX set by environment to 3.
paraai-n32-h-01-agent-87:1053104:1053755 [2] NCCL INFO Connected all rings
paraai-n32-h-01-agent-87:1053103:1053753 [1] NCCL INFO Channel 08/0 : 4[1000] -> 9[2000] [receive] via NET/IB/0
paraai-n32-h-01-agent-87:1053102:1053754 [0] NCCL INFO Channel 06/0 : 5[2000] -> 8[1000] [receive] via NET/IB/0
paraai-n32-h-01-agent-87:1053104:1053755 [2] NCCL INFO Channel 03/0 : 7[82000] -> 10[81000] [receive] via NET/IB/1
paraai-n32-h-01-agent-87:1053103:1053753 [1] NCCL INFO Channel 12/0 : 4[1000] -> 9[2000] [receive] via NET/IB/0
paraai-n32-h-01-agent-87:1053102:1053754 [0] NCCL INFO Channel 10/0 : 5[2000] -> 8[1000] [receive] via NET/IB/0
paraai-n32-h-01-agent-87:1053104:1053755 [2] NCCL INFO Channel 07/0 : 7[82000] -> 10[81000] [receive] via NET/IB/1
paraai-n32-h-01-agent-87:1053102:1053754 [0] NCCL INFO Channel 14/0 : 5[2000] -> 8[1000] [receive] via NET/IB/0
paraai-n32-h-01-agent-87:1053102:1053754 [0] NCCL INFO Channel 01 : 8[1000] -> 11[82000] via SHM/direct/direct
paraai-n32-h-01-agent-87:1053102:1053754 [0] NCCL INFO Channel 03 : 8[1000] -> 11[82000] via SHM/direct/direct
paraai-n32-h-01-agent-87:1053102:1053754 [0] NCCL INFO Channel 05 : 8[1000] -> 11[82000] via SHM/direct/direct
paraai-n32-h-01-agent-87:1053102:1053754 [0] NCCL INFO Channel 07 : 8[1000] -> 11[82000] via SHM/direct/direct
paraai-n32-h-01-agent-87:1053102:1053754 [0] NCCL INFO Channel 09 : 8[1000] -> 11[82000] via SHM/direct/direct
paraai-n32-h-01-agent-87:1053102:1053754 [0] NCCL INFO Channel 11 : 8[1000] -> 11[82000] via SHM/direct/direct
paraai-n32-h-01-agent-87:1053102:1053754 [0] NCCL INFO Channel 13 : 8[1000] -> 11[82000] via SHM/direct/direct
paraai-n32-h-01-agent-87:1053102:1053754 [0] NCCL INFO Channel 15 : 8[1000] -> 11[82000] via SHM/direct/direct
paraai-n32-h-01-agent-87:1053105:1053756 [3] NCCL INFO Channel 01/0 : 6[81000] -> 11[82000] [receive] via NET/IB/1
paraai-n32-h-01-agent-87:1053104:1053755 [2] NCCL INFO Channel 11/0 : 7[82000] -> 10[81000] [receive] via NET/IB/1
paraai-n32-h-01-agent-87:1053105:1053756 [3] NCCL INFO Channel 05/0 : 6[81000] -> 11[82000] [receive] via NET/IB/1
paraai-n32-h-01-agent-87:1053104:1053755 [2] NCCL INFO Channel 15/0 : 7[82000] -> 10[81000] [receive] via NET/IB/1
paraai-n32-h-01-agent-87:1053102:1053754 [0] NCCL INFO Channel 00/0 : 8[1000] -> 12[1000] [send] via NET/IB/0
paraai-n32-h-01-agent-87:1053105:1053756 [3] NCCL INFO Channel 09/0 : 6[81000] -> 11[82000] [receive] via NET/IB/1
paraai-n32-h-01-agent-87:1053102:1053754 [0] NCCL INFO Channel 04/0 : 8[1000] -> 12[1000] [send] via NET/IB/0
paraai-n32-h-01-agent-87:1053104:1053755 [2] NCCL INFO Channel 01/0 : 10[81000] -> 14[81000] [send] via NET/IB/1
paraai-n32-h-01-agent-87:1053105:1053756 [3] NCCL INFO Channel 13/0 : 6[81000] -> 11[82000] [receive] via NET/IB/1
paraai-n32-h-01-agent-87:1053102:1053754 [0] NCCL INFO Channel 08/0 : 8[1000] -> 12[1000] [send] via NET/IB/0
paraai-n32-h-01-agent-87:1053104:1053755 [2] NCCL INFO Channel 05/0 : 10[81000] -> 14[81000] [send] via NET/IB/1
paraai-n32-h-01-agent-87:1053102:1053754 [0] NCCL INFO Channel 12/0 : 8[1000] -> 12[1000] [send] via NET/IB/0
paraai-n32-h-01-agent-87:1053104:1053755 [2] NCCL INFO Channel 09/0 : 10[81000] -> 14[81000] [send] via NET/IB/1
paraai-n32-h-01-agent-87:1053102:1053754 [0] NCCL INFO Channel 00/0 : 0[1000] -> 8[1000] [receive] via NET/IB/0
paraai-n32-h-01-agent-87:1053103:1053805 [1] NCCL INFO NCCL_IB_GID_INDEX set by environment to 3.
paraai-n32-h-01-agent-87:1053104:1053755 [2] NCCL INFO Channel 13/0 : 10[81000] -> 14[81000] [send] via NET/IB/1
paraai-n32-h-01-agent-87:1053102:1053754 [0] NCCL INFO Channel 04/0 : 0[1000] -> 8[1000] [receive] via NET/IB/0
paraai-n32-h-01-agent-87:1053105:1053756 [3] NCCL INFO Channel 01/0 : 11[82000] -> 6[81000] [send] via NET/IB/1
paraai-n32-h-01-agent-87:1053103:1053753 [1] NCCL INFO Channel 00/0 : 9[2000] -> 4[1000] [send] via NET/IB/0
paraai-n32-h-01-agent-87:1053104:1053755 [2] NCCL INFO Channel 01/0 : 2[81000] -> 10[81000] [receive] via NET/IB/1
paraai-n32-h-01-agent-87:1053102:1053754 [0] NCCL INFO Channel 08/0 : 0[1000] -> 8[1000] [receive] via NET/IB/0
paraai-n32-h-01-agent-87:1053105:1053756 [3] NCCL INFO Channel 05/0 : 11[82000] -> 6[81000] [send] via NET/IB/1
paraai-n32-h-01-agent-87:1053103:1053753 [1] NCCL INFO Channel 04/0 : 9[2000] -> 4[1000] [send] via NET/IB/0
paraai-n32-h-01-agent-87:1053104:1053755 [2] NCCL INFO Channel 05/0 : 2[81000] -> 10[81000] [receive] via NET/IB/1
paraai-n32-h-01-agent-87:1053102:1053754 [0] NCCL INFO Channel 12/0 : 0[1000] -> 8[1000] [receive] via NET/IB/0
paraai-n32-h-01-agent-87:1053105:1053756 [3] NCCL INFO Channel 09/0 : 11[82000] -> 6[81000] [send] via NET/IB/1
paraai-n32-h-01-agent-87:1053103:1053753 [1] NCCL INFO Channel 08/0 : 9[2000] -> 4[1000] [send] via NET/IB/0
paraai-n32-h-01-agent-87:1053104:1053755 [2] NCCL INFO Channel 09/0 : 2[81000] -> 10[81000] [receive] via NET/IB/1
paraai-n32-h-01-agent-87:1053102:1053754 [0] NCCL INFO Channel 00/0 : 8[1000] -> 0[1000] [send] via NET/IB/0
paraai-n32-h-01-agent-87:1053105:1053756 [3] NCCL INFO Channel 13/0 : 11[82000] -> 6[81000] [send] via NET/IB/1
paraai-n32-h-01-agent-87:1053103:1053753 [1] NCCL INFO Channel 12/0 : 9[2000] -> 4[1000] [send] via NET/IB/0
paraai-n32-h-01-agent-87:1053104:1053755 [2] NCCL INFO Channel 13/0 : 2[81000] -> 10[81000] [receive] via NET/IB/1
paraai-n32-h-01-agent-87:1053102:1053754 [0] NCCL INFO Channel 04/0 : 8[1000] -> 0[1000] [send] via NET/IB/0
paraai-n32-h-01-agent-87:1053104:1053755 [2] NCCL INFO Channel 01/0 : 10[81000] -> 2[81000] [send] via NET/IB/1
paraai-n32-h-01-agent-87:1053102:1053754 [0] NCCL INFO Channel 08/0 : 8[1000] -> 0[1000] [send] via NET/IB/0
paraai-n32-h-01-agent-87:1053104:1053755 [2] NCCL INFO Channel 05/0 : 10[81000] -> 2[81000] [send] via NET/IB/1
paraai-n32-h-01-agent-87:1053102:1053754 [0] NCCL INFO Channel 12/0 : 8[1000] -> 0[1000] [send] via NET/IB/0
paraai-n32-h-01-agent-87:1053104:1053755 [2] NCCL INFO Channel 09/0 : 10[81000] -> 2[81000] [send] via NET/IB/1
paraai-n32-h-01-agent-87:1053102:1053754 [0] NCCL INFO Channel 00/0 : 12[1000] -> 8[1000] [receive] via NET/IB/0
paraai-n32-h-01-agent-87:1053104:1053755 [2] NCCL INFO Channel 13/0 : 10[81000] -> 2[81000] [send] via NET/IB/1
paraai-n32-h-01-agent-87:1053102:1053754 [0] NCCL INFO Channel 04/0 : 12[1000] -> 8[1000] [receive] via NET/IB/0
paraai-n32-h-01-agent-87:1053104:1053755 [2] NCCL INFO Channel 01/0 : 14[81000] -> 10[81000] [receive] via NET/IB/1
paraai-n32-h-01-agent-87:1053102:1053754 [0] NCCL INFO Channel 08/0 : 12[1000] -> 8[1000] [receive] via NET/IB/0
paraai-n32-h-01-agent-87:1053104:1053755 [2] NCCL INFO Channel 05/0 : 14[81000] -> 10[81000] [receive] via NET/IB/1
paraai-n32-h-01-agent-87:1053102:1053754 [0] NCCL INFO Channel 12/0 : 12[1000] -> 8[1000] [receive] via NET/IB/0
paraai-n32-h-01-agent-87:1053104:1053755 [2] NCCL INFO Channel 09/0 : 14[81000] -> 10[81000] [receive] via NET/IB/1
paraai-n32-h-01-agent-87:1053104:1053755 [2] NCCL INFO Channel 13/0 : 14[81000] -> 10[81000] [receive] via NET/IB/1
paraai-n32-h-01-agent-87:1053103:1053753 [1] NCCL INFO Channel 00 : 9[2000] -> 8[1000] via SHM/direct/direct
paraai-n32-h-01-agent-87:1053103:1053753 [1] NCCL INFO Channel 02 : 9[2000] -> 8[1000] via SHM/direct/direct
paraai-n32-h-01-agent-87:1053103:1053753 [1] NCCL INFO Channel 04 : 9[2000] -> 8[1000] via SHM/direct/direct
paraai-n32-h-01-agent-87:1053103:1053753 [1] NCCL INFO Channel 06 : 9[2000] -> 8[1000] via SHM/direct/direct
paraai-n32-h-01-agent-87:1053103:1053753 [1] NCCL INFO Channel 08 : 9[2000] -> 8[1000] via SHM/direct/direct
paraai-n32-h-01-agent-87:1053103:1053753 [1] NCCL INFO Channel 10 : 9[2000] -> 8[1000] via SHM/direct/direct
paraai-n32-h-01-agent-87:1053103:1053753 [1] NCCL INFO Channel 12 : 9[2000] -> 8[1000] via SHM/direct/direct
paraai-n32-h-01-agent-87:1053103:1053753 [1] NCCL INFO Channel 14 : 9[2000] -> 8[1000] via SHM/direct/direct
paraai-n32-h-01-agent-87:1053105:1053756 [3] NCCL INFO Channel 01 : 11[82000] -> 8[1000] via SHM/direct/direct
paraai-n32-h-01-agent-87:1053105:1053756 [3] NCCL INFO Channel 03 : 11[82000] -> 8[1000] via SHM/direct/direct
paraai-n32-h-01-agent-87:1053105:1053756 [3] NCCL INFO Channel 05 : 11[82000] -> 8[1000] via SHM/direct/direct
paraai-n32-h-01-agent-87:1053105:1053756 [3] NCCL INFO Channel 07 : 11[82000] -> 8[1000] via SHM/direct/direct
paraai-n32-h-01-agent-87:1053105:1053756 [3] NCCL INFO Channel 09 : 11[82000] -> 8[1000] via SHM/direct/direct
paraai-n32-h-01-agent-87:1053105:1053756 [3] NCCL INFO Channel 11 : 11[82000] -> 8[1000] via SHM/direct/direct
paraai-n32-h-01-agent-87:1053105:1053756 [3] NCCL INFO Channel 13 : 11[82000] -> 8[1000] via SHM/direct/direct
paraai-n32-h-01-agent-87:1053105:1053756 [3] NCCL INFO Channel 15 : 11[82000] -> 8[1000] via SHM/direct/direct
paraai-n32-h-01-agent-87:1053102:1053754 [0] NCCL INFO Channel 02/0 : 8[1000] -> 5[2000] [send] via NET/IB/0
paraai-n32-h-01-agent-87:1053104:1053755 [2] NCCL INFO Channel 03/0 : 10[81000] -> 7[82000] [send] via NET/IB/1
paraai-n32-h-01-agent-87:1053102:1053754 [0] NCCL INFO Channel 06/0 : 8[1000] -> 5[2000] [send] via NET/IB/0
paraai-n32-h-01-agent-87:1053104:1053755 [2] NCCL INFO Channel 07/0 : 10[81000] -> 7[82000] [send] via NET/IB/1
paraai-n32-h-01-agent-87:1053102:1053754 [0] NCCL INFO Channel 10/0 : 8[1000] -> 5[2000] [send] via NET/IB/0
paraai-n32-h-01-agent-87:1053104:1053755 [2] NCCL INFO Channel 11/0 : 10[81000] -> 7[82000] [send] via NET/IB/1
paraai-n32-h-01-agent-87:1053102:1053754 [0] NCCL INFO Channel 14/0 : 8[1000] -> 5[2000] [send] via NET/IB/0
paraai-n32-h-01-agent-87:1053105:1053756 [3] NCCL INFO Channel 00 : 11[82000] -> 10[81000] via SHM/direct/direct
paraai-n32-h-01-agent-87:1053105:1053756 [3] NCCL INFO Channel 01 : 11[82000] -> 10[81000] via SHM/direct/direct
paraai-n32-h-01-agent-87:1053105:1053756 [3] NCCL INFO Channel 02 : 11[82000] -> 10[81000] via SHM/direct/direct
paraai-n32-h-01-agent-87:1053105:1053756 [3] NCCL INFO Channel 03 : 11[82000] -> 10[81000] via SHM/direct/direct
paraai-n32-h-01-agent-87:1053105:1053756 [3] NCCL INFO Channel 04 : 11[82000] -> 10[81000] via SHM/direct/direct
paraai-n32-h-01-agent-87:1053105:1053756 [3] NCCL INFO Channel 05 : 11[82000] -> 10[81000] via SHM/direct/direct
paraai-n32-h-01-agent-87:1053105:1053756 [3] NCCL INFO Channel 06 : 11[82000] -> 10[81000] via SHM/direct/direct
paraai-n32-h-01-agent-87:1053105:1053756 [3] NCCL INFO Channel 07 : 11[82000] -> 10[81000] via SHM/direct/direct
paraai-n32-h-01-agent-87:1053105:1053756 [3] NCCL INFO Channel 08 : 11[82000] -> 10[81000] via SHM/direct/direct
paraai-n32-h-01-agent-87:1053105:1053756 [3] NCCL INFO Channel 09 : 11[82000] -> 10[81000] via SHM/direct/direct
paraai-n32-h-01-agent-87:1053105:1053756 [3] NCCL INFO Channel 10 : 11[82000] -> 10[81000] via SHM/direct/direct
paraai-n32-h-01-agent-87:1053105:1053756 [3] NCCL INFO Channel 11 : 11[82000] -> 10[81000] via SHM/direct/direct
paraai-n32-h-01-agent-87:1053105:1053756 [3] NCCL INFO Channel 12 : 11[82000] -> 10[81000] via SHM/direct/direct
paraai-n32-h-01-agent-87:1053105:1053756 [3] NCCL INFO Channel 13 : 11[82000] -> 10[81000] via SHM/direct/direct
paraai-n32-h-01-agent-87:1053105:1053756 [3] NCCL INFO Channel 14 : 11[82000] -> 10[81000] via SHM/direct/direct
paraai-n32-h-01-agent-87:1053105:1053756 [3] NCCL INFO Channel 15 : 11[82000] -> 10[81000] via SHM/direct/direct
paraai-n32-h-01-agent-87:1053104:1053755 [2] NCCL INFO Channel 15/0 : 10[81000] -> 7[82000] [send] via NET/IB/1
paraai-n32-h-01-agent-87:1053102:1053754 [0] NCCL INFO Connected all trees
paraai-n32-h-01-agent-87:1053102:1053754 [0] NCCL INFO threadThresholds 8/8/64 | 128/8/64 | 512 | 512
paraai-n32-h-01-agent-87:1053102:1053754 [0] NCCL INFO 16 coll channels, 16 p2p channels, 2 p2p channels per peer
paraai-n32-h-01-agent-87:1053104:1053755 [2] NCCL INFO Channel 00 : 10[81000] -> 9[2000] via SHM/direct/direct
paraai-n32-h-01-agent-87:1053104:1053755 [2] NCCL INFO Channel 02 : 10[81000] -> 9[2000] via SHM/direct/direct
paraai-n32-h-01-agent-87:1053104:1053755 [2] NCCL INFO Channel 04 : 10[81000] -> 9[2000] via SHM/direct/direct
paraai-n32-h-01-agent-87:1053104:1053755 [2] NCCL INFO Channel 06 : 10[81000] -> 9[2000] via SHM/direct/direct
paraai-n32-h-01-agent-87:1053104:1053755 [2] NCCL INFO Channel 08 : 10[81000] -> 9[2000] via SHM/direct/direct
paraai-n32-h-01-agent-87:1053104:1053755 [2] NCCL INFO Channel 10 : 10[81000] -> 9[2000] via SHM/direct/direct
paraai-n32-h-01-agent-87:1053104:1053755 [2] NCCL INFO Channel 12 : 10[81000] -> 9[2000] via SHM/direct/direct
paraai-n32-h-01-agent-87:1053104:1053755 [2] NCCL INFO Channel 14 : 10[81000] -> 9[2000] via SHM/direct/direct
paraai-n32-h-01-agent-87:1053103:1053753 [1] NCCL INFO Connected all trees
paraai-n32-h-01-agent-87:1053103:1053753 [1] NCCL INFO threadThresholds 8/8/64 | 128/8/64 | 512 | 512
paraai-n32-h-01-agent-87:1053103:1053753 [1] NCCL INFO 16 coll channels, 16 p2p channels, 2 p2p channels per peer
paraai-n32-h-01-agent-87:1053105:1053756 [3] NCCL INFO Connected all trees
paraai-n32-h-01-agent-87:1053105:1053756 [3] NCCL INFO threadThresholds 8/8/64 | 128/8/64 | 512 | 512
paraai-n32-h-01-agent-87:1053105:1053756 [3] NCCL INFO 16 coll channels, 16 p2p channels, 2 p2p channels per peer
paraai-n32-h-01-agent-87:1053104:1053755 [2] NCCL INFO Connected all trees
paraai-n32-h-01-agent-87:1053104:1053755 [2] NCCL INFO threadThresholds 8/8/64 | 128/8/64 | 512 | 512
paraai-n32-h-01-agent-87:1053104:1053755 [2] NCCL INFO 16 coll channels, 16 p2p channels, 2 p2p channels per peer
paraai-n32-h-01-agent-87:1053105:1053756 [3] NCCL INFO comm 0x3f8a7ec0 rank 11 nranks 16 cudaDev 3 busId 82000 - Init COMPLETE
paraai-n32-h-01-agent-87:1053103:1053753 [1] NCCL INFO comm 0x1893da00 rank 9 nranks 16 cudaDev 1 busId 2000 - Init COMPLETE
paraai-n32-h-01-agent-87:1053102:1053754 [0] NCCL INFO comm 0x3b360f80 rank 8 nranks 16 cudaDev 0 busId 1000 - Init COMPLETE
paraai-n32-h-01-agent-87:1053104:1053755 [2] NCCL INFO comm 0x3f0be680 rank 10 nranks 16 cudaDev 2 busId 81000 - Init COMPLETE
2023-07-03 12:48:50,203 - root - INFO - Starting from pretrained one-step model at ./exp_15_levels/Masked_AE_Ocean/20230628-131150/training_checkpoints/best_ckpt.tar
2023-07-03 12:48:50,204 - root - INFO - Starting from pretrained one-step model at ./exp_15_levels/Masked_AE_Ocean/20230628-131150/training_checkpoints/best_ckpt.tar
2023-07-03 12:48:50,205 - root - INFO - Starting from pretrained one-step model at ./exp_15_levels/Masked_AE_Ocean/20230628-131150/training_checkpoints/best_ckpt.tar
2023-07-03 12:48:50,206 - root - INFO - Starting from pretrained one-step model at ./exp_15_levels/Masked_AE_Ocean/20230628-131150/training_checkpoints/best_ckpt.tar
2023-07-03 12:48:51,457 - root - INFO - Adding 50 epochs specified in config file for refining pretrained model
2023-07-03 12:48:51,460 - root - INFO - Adding 50 epochs specified in config file for refining pretrained model
2023-07-03 12:48:51,503 - root - INFO - Adding 50 epochs specified in config file for refining pretrained model
2023-07-03 12:48:51,522 - root - INFO - Adding 50 epochs specified in config file for refining pretrained model
2023-07-03 12:48:55,519 - root - INFO - inp: torch.Size([1, 67, 720, 1440]), tar:torch.Size([1, 3, 66, 720, 1440])
2023-07-03 12:48:55,551 - root - INFO - inp: torch.Size([1, 67, 720, 1440]), tar:torch.Size([1, 3, 66, 720, 1440])
2023-07-03 12:48:55,690 - root - INFO - inp: torch.Size([1, 67, 720, 1440]), tar:torch.Size([1, 3, 66, 720, 1440])
2023-07-03 12:48:55,778 - root - INFO - inp: torch.Size([1, 67, 720, 1440]), tar:torch.Size([1, 3, 66, 720, 1440])
tar: cpu
loss_step_2: cuda:1
Traceback (most recent call last):
  File "/home/bingxing2/home/scx6115/Ocean_AI_model/train_025_multi_steps.py", line 613, in <module>
    trainer.train()
  File "/home/bingxing2/home/scx6115/Ocean_AI_model/train_025_multi_steps.py", line 151, in train
tar: cpu
    tr_time, data_time, train_logs = self.train_one_epoch() 
  File "/home/bingxing2/home/scx6115/Ocean_AI_model/train_025_multi_steps.py", line 297, in train_one_epoch
    gen_step_3 = self.model( inp_step_3 )
  File "/home/bingxing2/home/scx6115/.conda/envs/torch2.0/lib/python3.10/site-packages/torch/nn/modules/module.py", line 1501, in _call_impl
    return forward_call(*args, **kwargs)
  File "/home/bingxing2/home/scx6115/.conda/envs/torch2.0/lib/python3.10/site-packages/torch/nn/parallel/distributed.py", line 1156, in forward
    output = self._run_ddp_forward(*inputs, **kwargs)
  File "/home/bingxing2/home/scx6115/.conda/envs/torch2.0/lib/python3.10/site-packages/torch/nn/parallel/distributed.py", line 1110, in _run_ddp_forward
    return module_to_run(*inputs[0], **kwargs[0])  # type: ignore[index]
  File "/home/bingxing2/home/scx6115/.conda/envs/torch2.0/lib/python3.10/site-packages/torch/nn/modules/module.py", line 1501, in _call_impl
    return forward_call(*args, **kwargs)
  File "/home/bingxing2/home/scx6115/Ocean_AI_model/networks/Masked_AE_Ocean.py", line 225, in forward
    x = self.forward_decoder(x, ids_restore)
  File "/home/bingxing2/home/scx6115/Ocean_AI_model/networks/Masked_AE_Ocean.py", line 212, in forward_decoder
    x = blk(x)
  File "/home/bingxing2/home/scx6115/.conda/envs/torch2.0/lib/python3.10/site-packages/torch/nn/modules/module.py", line 1501, in _call_impl
    return forward_call(*args, **kwargs)
  File "/home/bingxing2/home/scx6115/Ocean_AI_model/networks/fourier_block_Masked_AE_Ocean.py", line 128, in forward
    x = self.filter(x)
  File "/home/bingxing2/home/scx6115/.conda/envs/torch2.0/lib/python3.10/site-packages/torch/nn/modules/module.py", line 1501, in _call_impl
    return forward_call(*args, **kwargs)
  File "/home/bingxing2/home/scx6115/Ocean_AI_model/networks/fourier_block_Masked_AE_Ocean.py", line 88, in forward
    torch.einsum('...bi,bio->...bo', o1_imag[:, :kept_modes], self.w2[0]) + \
torch.cuda.OutOfMemoryError: CUDA out of memory. Tried to allocate 16.00 MiB (GPU 1; 39.41 GiB total capacity; 37.20 GiB already allocated; 12.50 MiB free; 37.67 GiB reserved in total by PyTorch) If reserved memory is >> allocated memory try setting max_split_size_mb to avoid fragmentation.  See documentation for Memory Management and PYTORCH_CUDA_ALLOC_CONF
tar: cpu
loss_step_2: cuda:2
loss_step_2: cuda:3
tar: cpu
Traceback (most recent call last):
  File "/home/bingxing2/home/scx6115/Ocean_AI_model/train_025_multi_steps.py", line 613, in <module>
    trainer.train()
  File "/home/bingxing2/home/scx6115/Ocean_AI_model/train_025_multi_steps.py", line 151, in train
    tr_time, data_time, train_logs = self.train_one_epoch() 
  File "/home/bingxing2/home/scx6115/Ocean_AI_model/train_025_multi_steps.py", line 297, in train_one_epoch
    gen_step_3 = self.model( inp_step_3 )
  File "/home/bingxing2/home/scx6115/.conda/envs/torch2.0/lib/python3.10/site-packages/torch/nn/modules/module.py", line 1501, in _call_impl
    return forward_call(*args, **kwargs)
  File "/home/bingxing2/home/scx6115/.conda/envs/torch2.0/lib/python3.10/site-packages/torch/nn/parallel/distributed.py", line 1156, in forward
    output = self._run_ddp_forward(*inputs, **kwargs)
  File "/home/bingxing2/home/scx6115/.conda/envs/torch2.0/lib/python3.10/site-packages/torch/nn/parallel/distributed.py", line 1110, in _run_ddp_forward
    return module_to_run(*inputs[0], **kwargs[0])  # type: ignore[index]
  File "/home/bingxing2/home/scx6115/.conda/envs/torch2.0/lib/python3.10/site-packages/torch/nn/modules/module.py", line 1501, in _call_impl
    return forward_call(*args, **kwargs)
  File "/home/bingxing2/home/scx6115/Ocean_AI_model/networks/Masked_AE_Ocean.py", line 225, in forward
    x = self.forward_decoder(x, ids_restore)
  File "/home/bingxing2/home/scx6115/Ocean_AI_model/networks/Masked_AE_Ocean.py", line 212, in forward_decoder
    x = blk(x)
  File "/home/bingxing2/home/scx6115/.conda/envs/torch2.0/lib/python3.10/site-packages/torch/nn/modules/module.py", line 1501, in _call_impl
    return forward_call(*args, **kwargs)
  File "/home/bingxing2/home/scx6115/Ocean_AI_model/networks/fourier_block_Masked_AE_Ocean.py", line 128, in forward
    x = self.filter(x)
  File "/home/bingxing2/home/scx6115/.conda/envs/torch2.0/lib/python3.10/site-packages/torch/nn/modules/module.py", line 1501, in _call_impl
    return forward_call(*args, **kwargs)
  File "/home/bingxing2/home/scx6115/Ocean_AI_model/networks/fourier_block_Masked_AE_Ocean.py", line 88, in forward
    torch.einsum('...bi,bio->...bo', o1_imag[:, :kept_modes], self.w2[0]) + \
torch.cuda.OutOfMemoryError: CUDA out of memory. Tried to allocate 16.00 MiB (GPU 2; 39.41 GiB total capacity; 37.20 GiB already allocated; 12.50 MiB free; 37.67 GiB reserved in total by PyTorch) If reserved memory is >> allocated memory try setting max_split_size_mb to avoid fragmentation.  See documentation for Memory Management and PYTORCH_CUDA_ALLOC_CONF
loss_step_2: cuda:0
Traceback (most recent call last):
  File "/home/bingxing2/home/scx6115/Ocean_AI_model/train_025_multi_steps.py", line 613, in <module>
    trainer.train()
  File "/home/bingxing2/home/scx6115/Ocean_AI_model/train_025_multi_steps.py", line 151, in train
    tr_time, data_time, train_logs = self.train_one_epoch() 
  File "/home/bingxing2/home/scx6115/Ocean_AI_model/train_025_multi_steps.py", line 297, in train_one_epoch
    gen_step_3 = self.model( inp_step_3 )
  File "/home/bingxing2/home/scx6115/.conda/envs/torch2.0/lib/python3.10/site-packages/torch/nn/modules/module.py", line 1501, in _call_impl
    return forward_call(*args, **kwargs)
  File "/home/bingxing2/home/scx6115/.conda/envs/torch2.0/lib/python3.10/site-packages/torch/nn/parallel/distributed.py", line 1156, in forward
    output = self._run_ddp_forward(*inputs, **kwargs)
  File "/home/bingxing2/home/scx6115/.conda/envs/torch2.0/lib/python3.10/site-packages/torch/nn/parallel/distributed.py", line 1110, in _run_ddp_forward
    return module_to_run(*inputs[0], **kwargs[0])  # type: ignore[index]
  File "/home/bingxing2/home/scx6115/.conda/envs/torch2.0/lib/python3.10/site-packages/torch/nn/modules/module.py", line 1501, in _call_impl
    return forward_call(*args, **kwargs)
  File "/home/bingxing2/home/scx6115/Ocean_AI_model/networks/Masked_AE_Ocean.py", line 225, in forward
    x = self.forward_decoder(x, ids_restore)
  File "/home/bingxing2/home/scx6115/Ocean_AI_model/networks/Masked_AE_Ocean.py", line 212, in forward_decoder
    x = blk(x)
  File "/home/bingxing2/home/scx6115/.conda/envs/torch2.0/lib/python3.10/site-packages/torch/nn/modules/module.py", line 1501, in _call_impl
    return forward_call(*args, **kwargs)
  File "/home/bingxing2/home/scx6115/Ocean_AI_model/networks/fourier_block_Masked_AE_Ocean.py", line 128, in forward
    x = self.filter(x)
  File "/home/bingxing2/home/scx6115/.conda/envs/torch2.0/lib/python3.10/site-packages/torch/nn/modules/module.py", line 1501, in _call_impl
    return forward_call(*args, **kwargs)
  File "/home/bingxing2/home/scx6115/Ocean_AI_model/networks/fourier_block_Masked_AE_Ocean.py", line 88, in forward
    torch.einsum('...bi,bio->...bo', o1_imag[:, :kept_modes], self.w2[0]) + \
torch.cuda.OutOfMemoryError: CUDA out of memory. Tried to allocate 16.00 MiB (GPU 3; 39.41 GiB total capacity; 37.20 GiB already allocated; 12.50 MiB free; 37.67 GiB reserved in total by PyTorch) If reserved memory is >> allocated memory try setting max_split_size_mb to avoid fragmentation.  See documentation for Memory Management and PYTORCH_CUDA_ALLOC_CONF
Traceback (most recent call last):
  File "/home/bingxing2/home/scx6115/Ocean_AI_model/train_025_multi_steps.py", line 613, in <module>
    trainer.train()
  File "/home/bingxing2/home/scx6115/Ocean_AI_model/train_025_multi_steps.py", line 151, in train
    tr_time, data_time, train_logs = self.train_one_epoch() 
  File "/home/bingxing2/home/scx6115/Ocean_AI_model/train_025_multi_steps.py", line 297, in train_one_epoch
    gen_step_3 = self.model( inp_step_3 )
  File "/home/bingxing2/home/scx6115/.conda/envs/torch2.0/lib/python3.10/site-packages/torch/nn/modules/module.py", line 1501, in _call_impl
    return forward_call(*args, **kwargs)
  File "/home/bingxing2/home/scx6115/.conda/envs/torch2.0/lib/python3.10/site-packages/torch/nn/parallel/distributed.py", line 1156, in forward
    output = self._run_ddp_forward(*inputs, **kwargs)
  File "/home/bingxing2/home/scx6115/.conda/envs/torch2.0/lib/python3.10/site-packages/torch/nn/parallel/distributed.py", line 1110, in _run_ddp_forward
    return module_to_run(*inputs[0], **kwargs[0])  # type: ignore[index]
  File "/home/bingxing2/home/scx6115/.conda/envs/torch2.0/lib/python3.10/site-packages/torch/nn/modules/module.py", line 1501, in _call_impl
    return forward_call(*args, **kwargs)
  File "/home/bingxing2/home/scx6115/Ocean_AI_model/networks/Masked_AE_Ocean.py", line 225, in forward
    x = self.forward_decoder(x, ids_restore)
  File "/home/bingxing2/home/scx6115/Ocean_AI_model/networks/Masked_AE_Ocean.py", line 212, in forward_decoder
    x = blk(x)
  File "/home/bingxing2/home/scx6115/.conda/envs/torch2.0/lib/python3.10/site-packages/torch/nn/modules/module.py", line 1501, in _call_impl
    return forward_call(*args, **kwargs)
  File "/home/bingxing2/home/scx6115/Ocean_AI_model/networks/fourier_block_Masked_AE_Ocean.py", line 128, in forward
    x = self.filter(x)
  File "/home/bingxing2/home/scx6115/.conda/envs/torch2.0/lib/python3.10/site-packages/torch/nn/modules/module.py", line 1501, in _call_impl
    return forward_call(*args, **kwargs)
  File "/home/bingxing2/home/scx6115/Ocean_AI_model/networks/fourier_block_Masked_AE_Ocean.py", line 88, in forward
    torch.einsum('...bi,bio->...bo', o1_imag[:, :kept_modes], self.w2[0]) + \
torch.cuda.OutOfMemoryError: CUDA out of memory. Tried to allocate 16.00 MiB (GPU 0; 39.41 GiB total capacity; 37.20 GiB already allocated; 12.50 MiB free; 37.67 GiB reserved in total by PyTorch) If reserved memory is >> allocated memory try setting max_split_size_mb to avoid fragmentation.  See documentation for Memory Management and PYTORCH_CUDA_ALLOC_CONF
ERROR:torch.distributed.elastic.multiprocessing.api:failed (exitcode: 1) local_rank: 0 (pid: 1053102) of binary: /home/bingxing2/home/scx6115/.conda/envs/torch2.0/bin/python
Traceback (most recent call last):
  File "/home/bingxing2/home/scx6115/.conda/envs/torch2.0/bin/torchrun", line 8, in <module>
    sys.exit(main())
  File "/home/bingxing2/home/scx6115/.conda/envs/torch2.0/lib/python3.10/site-packages/torch/distributed/elastic/multiprocessing/errors/__init__.py", line 346, in wrapper
    return f(*args, **kwargs)
  File "/home/bingxing2/home/scx6115/.conda/envs/torch2.0/lib/python3.10/site-packages/torch/distributed/run.py", line 794, in main
    run(args)
  File "/home/bingxing2/home/scx6115/.conda/envs/torch2.0/lib/python3.10/site-packages/torch/distributed/run.py", line 785, in run
    elastic_launch(
  File "/home/bingxing2/home/scx6115/.conda/envs/torch2.0/lib/python3.10/site-packages/torch/distributed/launcher/api.py", line 134, in __call__
    return launch_agent(self._config, self._entrypoint, list(args))
  File "/home/bingxing2/home/scx6115/.conda/envs/torch2.0/lib/python3.10/site-packages/torch/distributed/launcher/api.py", line 250, in launch_agent
    raise ChildFailedError(
torch.distributed.elastic.multiprocessing.errors.ChildFailedError: 
============================================================
train_025_multi_steps.py FAILED
------------------------------------------------------------
Failures:
[1]:
  time      : 2023-07-03_12:49:03
  host      : paraai-n32-h-01-agent-87.paraai-n32-h-01.com
  rank      : 9 (local_rank: 1)
  exitcode  : 1 (pid: 1053103)
  error_file: <N/A>
  traceback : To enable traceback see: https://pytorch.org/docs/stable/elastic/errors.html
[2]:
  time      : 2023-07-03_12:49:03
  host      : paraai-n32-h-01-agent-87.paraai-n32-h-01.com
  rank      : 10 (local_rank: 2)
  exitcode  : 1 (pid: 1053104)
  error_file: <N/A>
  traceback : To enable traceback see: https://pytorch.org/docs/stable/elastic/errors.html
[3]:
  time      : 2023-07-03_12:49:03
  host      : paraai-n32-h-01-agent-87.paraai-n32-h-01.com
  rank      : 11 (local_rank: 3)
  exitcode  : 1 (pid: 1053105)
  error_file: <N/A>
  traceback : To enable traceback see: https://pytorch.org/docs/stable/elastic/errors.html
------------------------------------------------------------
Root Cause (first observed failure):
[0]:
  time      : 2023-07-03_12:49:03
  host      : paraai-n32-h-01-agent-87.paraai-n32-h-01.com
  rank      : 8 (local_rank: 0)
  exitcode  : 1 (pid: 1053102)
  error_file: <N/A>
  traceback : To enable traceback see: https://pytorch.org/docs/stable/elastic/errors.html
============================================================
