master_addr is only used for static rdzv_backend and when rdzv_endpoint is not specified.
paraai-n32-h-01-agent-95
0
------------------ Configuration ------------------  /home/bingxing2/home/scx6115/Ocean_AI_model/exp_15_levels/Masked_AE_Ocean/20230628-131150/config.yaml
paraai-n32-h-01-agent-95
paraai-n32-h-01-agent-95
0
------------------ Configuration ------------------  /home/bingxing2/home/scx6115/Ocean_AI_model/exp_15_levels/Masked_AE_Ocean/20230628-131150/config.yaml
0
------------------ Configuration ------------------  /home/bingxing2/home/scx6115/Ocean_AI_model/exp_15_levels/Masked_AE_Ocean/20230628-131150/config.yaml
paraai-n32-h-01-agent-95
0
------------------ Configuration ------------------  /home/bingxing2/home/scx6115/Ocean_AI_model/exp_15_levels/Masked_AE_Ocean/20230628-131150/config.yaml
nettype Masked_AE_Ocean
log_to_wandb True
lr 0.001
batch_size 32
max_epochs 150
scheduler CosineAnnealingLR
fusion_3d_2d False
in_channels [0, 1, 2, 3, 4, 5, 6, 7, 8, 9, 10, 11, 12, 13, 14, 15, 16, 17, 18, 19, 20, 21, 22, 23, 24, 25, 26, 27, 28, 29, 30, 31, 32, 33, 34, 35, 36, 37, 38, 39, 40, 41, 42, 43, 44, 45, 46, 47, 48, 49, 50, 51, 52, 53, 54, 55, 56, 57, 58, 59, 60, 61, 62, 63, 64, 65]
out_channels [0, 1, 2, 3, 4, 5, 6, 7, 8, 9, 10, 11, 12, 13, 14, 15, 16, 17, 18, 19, 20, 21, 22, 23, 24, 25, 26, 27, 28, 29, 30, 31, 32, 33, 34, 35, 36, 37, 38, 39, 40, 41, 42, 43, 44, 45, 46, 47, 48, 49, 50, 51, 52, 53, 54, 55, 56, 57, 58, 59, 60]
N_in_channels 66
N_out_channels 61
img_size_h 720
img_size_w 1440
patch_size_h 8
patch_size_w 8
mlp_ratio 4.0
embed_dim 512
depth 16
num_heads 16
decoder_embed_dim 1024
decoder_depth 8
decoder_num_heads 16
koopman_depth 2
modes_h_ratio 1
modes_w_ratio 0.8
drop_rate 0.0
drop_path_rate 0.0
sparsity_threshold 0.01
hard_thresholding_fraction 1.0
num_blocks 8
loss l2
num_data_workers 0
dt 1
n_history 0
prediction_type iterative
prediction_length 41
n_initial_conditions 5
ics_type default
date_strings ['2018-09-14 00:00:00']
save_raw_forecasts True
save_channel False
masked_acc False
maskpath None
perturb False
add_grid False
N_grid_channels 0
gridtype sinusoidal
roll False
enable_nhwc False
optimizer_type FusedAdam
exp_dir ./exp_15_levels
patch_size 8
width 56
modes 32
target default
train_data_path /home/bingxing2/home/scx6115/Ocean_AI_model/sample_01/train
valid_data_path /home/bingxing2/home/scx6115/Ocean_AI_model/sample_01/valid
test_data_path /home/bingxing2/home/scx6115/Ocean_AI_model/sample_01/test
land_mask True
land_mask_path /home/bingxing2/home/scx6115/Ocean_AI_model/sample_01/land_mask.h5
normalize True
normalization zscore
global_mins_path /home/bingxing2/home/scx6115/Ocean_AI_model/sample_01/train/global_mins.npy
global_maxs_path /home/bingxing2/home/scx6115/Ocean_AI_model/sample_01/train/global_maxs.npy
global_means_path /home/bingxing2/home/scx6115/Ocean_AI_model/sample_01/train/global_means.npy
global_stds_path /home/bingxing2/home/scx6115/Ocean_AI_model/sample_01/train/global_stds.npy
orography True
orography_norm_zscore_path /home/bingxing2/home/scx6115/Ocean_AI_model/sample_01/orography_norm_zscore.h5
orography_norm_maxmin_path /home/bingxing2/home/scx6115/Ocean_AI_model/sample_01/orography_norm_maxmin.h5
add_noise False
noise_std 0
crop_size_x None
crop_size_y None
log_to_screen True
save_checkpoint True
plot_animations False
nettype Masked_AE_Ocean
log_to_wandb True
lr 0.001
batch_size 32
max_epochs 150
scheduler ---------------------------------------------------CosineAnnealingLR

fusion_3d_2d False
in_channels [0, 1, 2, 3, 4, 5, 6, 7, 8, 9, 10, 11, 12, 13, 14, 15, 16, 17, 18, 19, 20, 21, 22, 23, 24, 25, 26, 27, 28, 29, 30, 31, 32, 33, 34, 35, 36, 37, 38, 39, 40, 41, 42, 43, 44, 45, 46, 47, 48, 49, 50, 51, 52, 53, 54, 55, 56, 57, 58, 59, 60, 61, 62, 63, 64, 65]
world_size : 16
out_channelsInitialize distributed process group... 
[0, 1, 2, 3, 4, 5, 6, 7, 8, 9, 10, 11, 12, 13, 14, 15, 16, 17, 18, 19, 20, 21, 22, 23, 24, 25, 26, 27, 28, 29, 30, 31, 32, 33, 34, 35, 36, 37, 38, 39, 40, 41, 42, 43, 44, 45, 46, 47, 48, 49, 50, 51, 52, 53, 54, 55, 56, 57, 58, 59, 60]
N_in_channels 66
N_out_channels 61
nettypeimg_size_h  720Masked_AE_Ocean

img_size_w 1440
log_to_wandbpatch_size_h  True8

patch_size_wlr  8
mlp_ratio0.001 
4.0
batch_size embed_dim 32512

max_epochsdepth  15016

schedulernum_heads  CosineAnnealingLR16

fusion_3d_2ddecoder_embed_dim  False1024

in_channels decoder_depth 8
decoder_num_heads 16
koopman_depth 2
[0, 1, 2, 3, 4, 5, 6, 7, 8, 9, 10, 11, 12, 13, 14, 15, 16, 17, 18, 19, 20, 21, 22, 23, 24, 25, 26, 27, 28, 29, 30, 31, 32, 33, 34, 35, 36, 37, 38, 39, 40, 41, 42, 43, 44, 45, 46, 47, 48, 49, 50, 51, 52, 53, 54, 55, 56, 57, 58, 59, 60, 61, 62, 63, 64, 65]
modes_h_ratio 1
modes_w_ratio out_channels 0.8
drop_rate 0.0
drop_path_rate[0, 1, 2, 3, 4, 5, 6, 7, 8, 9, 10, 11, 12, 13, 14, 15, 16, 17, 18, 19, 20, 21, 22, 23, 24, 25, 26, 27, 28, 29, 30, 31, 32, 33, 34, 35, 36, 37, 38, 39, 40, 41, 42, 43, 44, 45, 46, 47, 48, 49, 50, 51, 52, 53, 54, 55, 56, 57, 58, 59, 60] 
0.0
N_in_channelssparsity_threshold  660.01

N_out_channelshard_thresholding_fraction  611.0

img_size_hnum_blocks  7208

img_size_wloss  1440l2

patch_size_hnum_data_workers  80

patch_size_wdt  81

mlp_ration_history  04.0

prediction_typeembed_dim  iterative512

prediction_lengthdepth  4116

n_initial_conditionsnum_heads  516

ics_type decoder_embed_dimdefault 
1024
date_strings decoder_depth ['2018-09-14 00:00:00']8

save_raw_forecastsdecoder_num_heads  True16

koopman_depthsave_channel  2False

modes_h_ratiomasked_acc  1False

modes_w_ratiomaskpath  None0.8

perturbdrop_rate  False0.0

add_griddrop_path_rate  False
0.0
N_grid_channels sparsity_threshold0 
0.01gridtype
 sinusoidalhard_thresholding_fraction
 1.0roll
 False
num_blocks enable_nhwc8 
False
lossoptimizer_type  l2FusedAdam

num_data_workersexp_dir  0./exp_15_levels

dtpatch_size  18

n_historywidth  056

prediction_typemodes  iterative32

prediction_lengthtarget  41default

train_data_path n_initial_conditions/home/bingxing2/home/scx6115/Ocean_AI_model/sample_01/train 
5
ics_typevalid_data_path  default/home/bingxing2/home/scx6115/Ocean_AI_model/sample_01/valid

date_stringstest_data_path  /home/bingxing2/home/scx6115/Ocean_AI_model/sample_01/test['2018-09-14 00:00:00']

land_mask save_raw_forecastsTrue 
True
land_mask_path /home/bingxing2/home/scx6115/Ocean_AI_model/sample_01/land_mask.h5save_channel
 Falsenormalize
 Truemasked_acc
 Falsenormalization
 zscoremaskpath
 Noneglobal_mins_path
 /home/bingxing2/home/scx6115/Ocean_AI_model/sample_01/train/global_mins.npy
perturb global_maxs_pathFalse 
/home/bingxing2/home/scx6115/Ocean_AI_model/sample_01/train/global_maxs.npy
add_grid global_means_pathFalse 
/home/bingxing2/home/scx6115/Ocean_AI_model/sample_01/train/global_means.npy
N_grid_channels global_stds_path0 
/home/bingxing2/home/scx6115/Ocean_AI_model/sample_01/train/global_stds.npy
gridtype sinusoidalorography
 Trueroll
 Falseorography_norm_zscore_path
 /home/bingxing2/home/scx6115/Ocean_AI_model/sample_01/orography_norm_zscore.h5enable_nhwc 
False
orography_norm_maxmin_pathoptimizer_type  /home/bingxing2/home/scx6115/Ocean_AI_model/sample_01/orography_norm_maxmin.h5FusedAdam

exp_dir add_noise./exp_15_levels 
False
patch_size noise_std8 
0
width crop_size_x56 
None
modes crop_size_y32 
None
target log_to_screendefault 
True
train_data_path save_checkpoint/home/bingxing2/home/scx6115/Ocean_AI_model/sample_01/train 
True
valid_data_path plot_animations/home/bingxing2/home/scx6115/Ocean_AI_model/sample_01/valid 
False
test_data_path /home/bingxing2/home/scx6115/Ocean_AI_model/sample_01/test
land_mask True
land_mask_path /home/bingxing2/home/scx6115/Ocean_AI_model/sample_01/land_mask.h5
normalize True
normalization zscore
global_mins_path /home/bingxing2/home/scx6115/Ocean_AI_model/sample_01/train/global_mins.npy
global_maxs_path /home/bingxing2/home/scx6115/Ocean_AI_model/sample_01/train/global_maxs.npy
global_means_path /home/bingxing2/home/scx6115/Ocean_AI_model/sample_01/train/global_means.npy
global_stds_path /home/bingxing2/home/scx6115/Ocean_AI_model/sample_01/train/global_stds.npy
orography True
orography_norm_zscore_path /home/bingxing2/home/scx6115/Ocean_AI_model/sample_01/orography_norm_zscore.h5
---------------------------------------------------orography_norm_maxmin_path
 /home/bingxing2/home/scx6115/Ocean_AI_model/sample_01/orography_norm_maxmin.h5
add_noise False
noise_std 0
crop_size_x None
crop_size_y None
log_to_screenworld_size :  True
16
save_checkpointInitialize distributed process group... 
True
plot_animations False
---------------------------------------------------
world_size : 16
Initialize distributed process group...
nettype Masked_AE_Ocean
log_to_wandb True
lr 0.001
batch_size 32
max_epochs 150
scheduler CosineAnnealingLR
fusion_3d_2d False
in_channels [0, 1, 2, 3, 4, 5, 6, 7, 8, 9, 10, 11, 12, 13, 14, 15, 16, 17, 18, 19, 20, 21, 22, 23, 24, 25, 26, 27, 28, 29, 30, 31, 32, 33, 34, 35, 36, 37, 38, 39, 40, 41, 42, 43, 44, 45, 46, 47, 48, 49, 50, 51, 52, 53, 54, 55, 56, 57, 58, 59, 60, 61, 62, 63, 64, 65]
out_channels [0, 1, 2, 3, 4, 5, 6, 7, 8, 9, 10, 11, 12, 13, 14, 15, 16, 17, 18, 19, 20, 21, 22, 23, 24, 25, 26, 27, 28, 29, 30, 31, 32, 33, 34, 35, 36, 37, 38, 39, 40, 41, 42, 43, 44, 45, 46, 47, 48, 49, 50, 51, 52, 53, 54, 55, 56, 57, 58, 59, 60]
N_in_channels 66
N_out_channels 61
img_size_h 720
img_size_w 1440
patch_size_h 8
patch_size_w 8
mlp_ratio 4.0
embed_dim 512
depth 16
num_heads 16
decoder_embed_dim 1024
decoder_depth 8
decoder_num_heads 16
koopman_depth 2
modes_h_ratio 1
modes_w_ratio 0.8
drop_rate 0.0
drop_path_rate 0.0
sparsity_threshold 0.01
hard_thresholding_fraction 1.0
num_blocks 8
loss l2
num_data_workers 0
dt 1
n_history 0
prediction_type iterative
prediction_length 41
n_initial_conditions 5
ics_type default
date_strings ['2018-09-14 00:00:00']
save_raw_forecasts True
save_channel False
masked_acc False
maskpath None
perturb False
add_grid False
N_grid_channels 0
gridtype sinusoidal
roll False
enable_nhwc False
optimizer_type FusedAdam
exp_dir ./exp_15_levels
patch_size 8
width 56
modes 32
target default
train_data_path /home/bingxing2/home/scx6115/Ocean_AI_model/sample_01/train
valid_data_path /home/bingxing2/home/scx6115/Ocean_AI_model/sample_01/valid
test_data_path /home/bingxing2/home/scx6115/Ocean_AI_model/sample_01/test
land_mask True
land_mask_path /home/bingxing2/home/scx6115/Ocean_AI_model/sample_01/land_mask.h5
normalize True
normalization zscore
global_mins_path /home/bingxing2/home/scx6115/Ocean_AI_model/sample_01/train/global_mins.npy
global_maxs_path /home/bingxing2/home/scx6115/Ocean_AI_model/sample_01/train/global_maxs.npy
global_means_path /home/bingxing2/home/scx6115/Ocean_AI_model/sample_01/train/global_means.npy
global_stds_path /home/bingxing2/home/scx6115/Ocean_AI_model/sample_01/train/global_stds.npy
orography True
orography_norm_zscore_path /home/bingxing2/home/scx6115/Ocean_AI_model/sample_01/orography_norm_zscore.h5
orography_norm_maxmin_path /home/bingxing2/home/scx6115/Ocean_AI_model/sample_01/orography_norm_maxmin.h5
add_noise False
noise_std 0
crop_size_x None
crop_size_y None
log_to_screen True
save_checkpoint True
plot_animations False
---------------------------------------------------
world_size : 16
Initialize distributed process group...
2023-07-03 12:50:18,306 - torch.distributed.distributed_c10d - INFO - Added key: store_based_barrier_key:1 to store for rank: 14
2023-07-03 12:50:18,306 - torch.distributed.distributed_c10d - INFO - Added key: store_based_barrier_key:1 to store for rank: 15
2023-07-03 12:50:18,306 - torch.distributed.distributed_c10d - INFO - Added key: store_based_barrier_key:1 to store for rank: 13
2023-07-03 12:50:18,323 - torch.distributed.distributed_c10d - INFO - Added key: store_based_barrier_key:1 to store for rank: 12
2023-07-03 12:50:19,934 - torch.distributed.distributed_c10d - INFO - Rank 12: Completed store-based barrier for key:store_based_barrier_key:1 with 16 nodes.
2023-07-03 12:50:19,939 - torch.distributed.distributed_c10d - INFO - Rank 14: Completed store-based barrier for key:store_based_barrier_key:1 with 16 nodes.
2023-07-03 12:50:19,939 - torch.distributed.distributed_c10d - INFO - Rank 15: Completed store-based barrier for key:store_based_barrier_key:1 with 16 nodes.
2023-07-03 12:50:19,939 - torch.distributed.distributed_c10d - INFO - Rank 13: Completed store-based barrier for key:store_based_barrier_key:1 with 16 nodes.
2023-07-03 12:50:19,987 - root - INFO - device: cuda:0
2023-07-03 12:50:19,987 - root - INFO - rank 12, begin data loader init
2023-07-03 12:50:20,000 - root - INFO - device: cuda:1
2023-07-03 12:50:20,000 - root - INFO - rank 13, begin data loader init
2023-07-03 12:50:20,000 - root - INFO - device: cuda:2
2023-07-03 12:50:20,001 - root - INFO - rank 14, begin data loader init
2023-07-03 12:50:20,000 - root - INFO - device: cuda:3
2023-07-03 12:50:20,001 - root - INFO - rank 15, begin data loader init
2023-07-03 12:50:20,029 - root - INFO - Getting file stats from /home/bingxing2/home/scx6115/Ocean_AI_model/sample_01/train/2000.h5
2023-07-03 12:50:20,029 - root - INFO - Getting file stats from /home/bingxing2/home/scx6115/Ocean_AI_model/sample_01/train/2000.h5
2023-07-03 12:50:20,030 - root - INFO - Getting file stats from /home/bingxing2/home/scx6115/Ocean_AI_model/sample_01/train/2000.h5
2023-07-03 12:50:20,030 - root - INFO - Getting file stats from /home/bingxing2/home/scx6115/Ocean_AI_model/sample_01/train/2000.h5
2023-07-03 12:50:20,031 - root - INFO - Number of samples per year: 365
2023-07-03 12:50:20,031 - root - INFO - Number of samples per year: 365
2023-07-03 12:50:20,031 - root - INFO - Found data at path /home/bingxing2/home/scx6115/Ocean_AI_model/sample_01/train. Number of examples: 4015. Image Shape: 720 x 1440 x 66
2023-07-03 12:50:20,031 - root - INFO - Found data at path /home/bingxing2/home/scx6115/Ocean_AI_model/sample_01/train. Number of examples: 4015. Image Shape: 720 x 1440 x 66
2023-07-03 12:50:20,031 - root - INFO - Delta t: 1 days
2023-07-03 12:50:20,031 - root - INFO - Delta t: 1 days
2023-07-03 12:50:20,031 - root - INFO - Number of samples per year: 365
2023-07-03 12:50:20,031 - root - INFO - Including 0 days of past history in training at a frequency of 1 days
2023-07-03 12:50:20,031 - root - INFO - Including 0 days of past history in training at a frequency of 1 days
2023-07-03 12:50:20,031 - root - INFO - Found data at path /home/bingxing2/home/scx6115/Ocean_AI_model/sample_01/train. Number of examples: 4015. Image Shape: 720 x 1440 x 66
2023-07-03 12:50:20,031 - root - INFO - Delta t: 1 days
2023-07-03 12:50:20,031 - root - INFO - Including 0 days of past history in training at a frequency of 1 days
2023-07-03 12:50:20,031 - root - INFO - Number of samples per year: 365
2023-07-03 12:50:20,031 - root - INFO - Found data at path /home/bingxing2/home/scx6115/Ocean_AI_model/sample_01/train. Number of examples: 4015. Image Shape: 720 x 1440 x 66
2023-07-03 12:50:20,031 - root - INFO - Delta t: 1 days
2023-07-03 12:50:20,031 - root - INFO - Including 0 days of past history in training at a frequency of 1 days
2023-07-03 12:50:20,070 - root - INFO - Getting file stats from /home/bingxing2/home/scx6115/Ocean_AI_model/sample_01/valid/2011.h5
2023-07-03 12:50:20,070 - root - INFO - Getting file stats from /home/bingxing2/home/scx6115/Ocean_AI_model/sample_01/valid/2011.h5
2023-07-03 12:50:20,070 - root - INFO - Getting file stats from /home/bingxing2/home/scx6115/Ocean_AI_model/sample_01/valid/2011.h5
2023-07-03 12:50:20,070 - root - INFO - Getting file stats from /home/bingxing2/home/scx6115/Ocean_AI_model/sample_01/valid/2011.h5
2023-07-03 12:50:20,071 - root - INFO - Number of samples per year: 364
2023-07-03 12:50:20,071 - root - INFO - Number of samples per year: 364
2023-07-03 12:50:20,071 - root - INFO - Found data at path /home/bingxing2/home/scx6115/Ocean_AI_model/sample_01/valid. Number of examples: 364. Image Shape: 720 x 1440 x 66
2023-07-03 12:50:20,071 - root - INFO - Delta t: 1 days
2023-07-03 12:50:20,071 - root - INFO - Found data at path /home/bingxing2/home/scx6115/Ocean_AI_model/sample_01/valid. Number of examples: 364. Image Shape: 720 x 1440 x 66
2023-07-03 12:50:20,071 - root - INFO - Number of samples per year: 364
2023-07-03 12:50:20,071 - root - INFO - Including 0 days of past history in training at a frequency of 1 days
2023-07-03 12:50:20,071 - root - INFO - Delta t: 1 days
2023-07-03 12:50:20,071 - root - INFO - Number of samples per year: 364
2023-07-03 12:50:20,071 - root - INFO - Including 0 days of past history in training at a frequency of 1 days
2023-07-03 12:50:20,071 - root - INFO - Found data at path /home/bingxing2/home/scx6115/Ocean_AI_model/sample_01/valid. Number of examples: 364. Image Shape: 720 x 1440 x 66
2023-07-03 12:50:20,071 - root - INFO - Delta t: 1 days
2023-07-03 12:50:20,071 - root - INFO - Found data at path /home/bingxing2/home/scx6115/Ocean_AI_model/sample_01/valid. Number of examples: 364. Image Shape: 720 x 1440 x 66
2023-07-03 12:50:20,071 - root - INFO - rank 13, data loader initialized
2023-07-03 12:50:20,071 - root - INFO - Including 0 days of past history in training at a frequency of 1 days
2023-07-03 12:50:20,071 - root - INFO - Delta t: 1 days
2023-07-03 12:50:20,071 - root - INFO - rank 14, data loader initialized
2023-07-03 12:50:20,071 - root - INFO - Including 0 days of past history in training at a frequency of 1 days
2023-07-03 12:50:20,071 - root - INFO - rank 12, data loader initialized
2023-07-03 12:50:20,072 - root - INFO - rank 15, data loader initialized
paraai-n32-h-01-agent-95:2340789:2340789 [2] NCCL INFO cudaDriverVersion 11060
paraai-n32-h-01-agent-95:2340787:2340787 [0] NCCL INFO cudaDriverVersion 11060
paraai-n32-h-01-agent-95:2340788:2340788 [1] NCCL INFO cudaDriverVersion 11060
paraai-n32-h-01-agent-95:2340790:2340790 [3] NCCL INFO cudaDriverVersion 11060
paraai-n32-h-01-agent-95:2340787:2340787 [0] NCCL INFO Bootstrap : Using eth0:172.16.4.203<0>
paraai-n32-h-01-agent-95:2340790:2340790 [3] NCCL INFO Bootstrap : Using eth0:172.16.4.203<0>
paraai-n32-h-01-agent-95:2340789:2340789 [2] NCCL INFO Bootstrap : Using eth0:172.16.4.203<0>
paraai-n32-h-01-agent-95:2340788:2340788 [1] NCCL INFO Bootstrap : Using eth0:172.16.4.203<0>
paraai-n32-h-01-agent-95:2340790:2340790 [3] NCCL INFO NET/Plugin : No plugin found (libnccl-net.so), using internal implementation
paraai-n32-h-01-agent-95:2340789:2340789 [2] NCCL INFO NET/Plugin : No plugin found (libnccl-net.so), using internal implementation
paraai-n32-h-01-agent-95:2340787:2340787 [0] NCCL INFO NET/Plugin : No plugin found (libnccl-net.so), using internal implementation
paraai-n32-h-01-agent-95:2340788:2340788 [1] NCCL INFO NET/Plugin : No plugin found (libnccl-net.so), using internal implementation
paraai-n32-h-01-agent-95:2340788:2341421 [1] NCCL INFO NET/IB : Using [0]mlx5_0:1/RoCE [1]mlx5_2:1/RoCE [RO]; OOB eth0:172.16.4.203<0>
paraai-n32-h-01-agent-95:2340788:2341421 [1] NCCL INFO Using network IB
paraai-n32-h-01-agent-95:2340789:2341420 [2] NCCL INFO NET/IB : Using [0]mlx5_0:1/RoCE [1]mlx5_2:1/RoCE [RO]; OOB eth0:172.16.4.203<0>
paraai-n32-h-01-agent-95:2340789:2341420 [2] NCCL INFO Using network IB
paraai-n32-h-01-agent-95:2340790:2341418 [3] NCCL INFO NET/IB : Using [0]mlx5_0:1/RoCE [1]mlx5_2:1/RoCE [RO]; OOB eth0:172.16.4.203<0>
paraai-n32-h-01-agent-95:2340790:2341418 [3] NCCL INFO Using network IB
paraai-n32-h-01-agent-95:2340787:2341419 [0] NCCL INFO NET/IB : Using [0]mlx5_0:1/RoCE [1]mlx5_2:1/RoCE [RO]; OOB eth0:172.16.4.203<0>
paraai-n32-h-01-agent-95:2340787:2341419 [0] NCCL INFO Using network IB
paraai-n32-h-01-agent-95:2340787:2341419 [0] NCCL INFO Setting affinity for GPU 0 to ffffffff
paraai-n32-h-01-agent-95:2340790:2341418 [3] NCCL INFO Setting affinity for GPU 3 to ffffffff,00000000,00000000
paraai-n32-h-01-agent-95:2340788:2341421 [1] NCCL INFO Setting affinity for GPU 1 to ffffffff
paraai-n32-h-01-agent-95:2340789:2341420 [2] NCCL INFO Setting affinity for GPU 2 to ffffffff,00000000,00000000
paraai-n32-h-01-agent-95:2340788:2341421 [1] NCCL INFO NCCL_MAX_NCHANNELS set by environment to 16.
paraai-n32-h-01-agent-95:2340787:2341419 [0] NCCL INFO NCCL_MAX_NCHANNELS set by environment to 16.
paraai-n32-h-01-agent-95:2340788:2341421 [1] NCCL INFO NCCL_MIN_NCHANNELS set by environment to 16.
paraai-n32-h-01-agent-95:2340787:2341419 [0] NCCL INFO NCCL_MIN_NCHANNELS set by environment to 16.
paraai-n32-h-01-agent-95:2340788:2341421 [1] NCCL INFO Trees [0] 14/-1/-1->13->12 [1] -1/-1/-1->13->12 [2] 14/-1/-1->13->12 [3] -1/-1/-1->13->12 [4] 14/-1/-1->13->12 [5] -1/-1/-1->13->12 [6] 14/-1/-1->13->12 [7] -1/-1/-1->13->12 [8] 14/-1/-1->13->12 [9] -1/-1/-1->13->12 [10] 14/-1/-1->13->12 [11] -1/-1/-1->13->12 [12] 14/-1/-1->13->12 [13] -1/-1/-1->13->12 [14] 14/-1/-1->13->12 [15] -1/-1/-1->13->12
paraai-n32-h-01-agent-95:2340787:2341419 [0] NCCL INFO Trees [0] 13/-1/-1->12->8 [1] 13/-1/-1->12->15 [2] 13/4/-1->12->-1 [3] 13/-1/-1->12->15 [4] 13/-1/-1->12->8 [5] 13/-1/-1->12->15 [6] 13/4/-1->12->-1 [7] 13/-1/-1->12->15 [8] 13/-1/-1->12->8 [9] 13/-1/-1->12->15 [10] 13/4/-1->12->-1 [11] 13/-1/-1->12->15 [12] 13/-1/-1->12->8 [13] 13/-1/-1->12->15 [14] 13/4/-1->12->-1 [15] 13/-1/-1->12->15
paraai-n32-h-01-agent-95:2340787:2341419 [0] NCCL INFO Channel 00/0 : 11[82000] -> 12[1000] [receive] via NET/IB/0
paraai-n32-h-01-agent-95:2340789:2341420 [2] NCCL INFO NCCL_MAX_NCHANNELS set by environment to 16.
paraai-n32-h-01-agent-95:2340789:2341420 [2] NCCL INFO NCCL_MIN_NCHANNELS set by environment to 16.
paraai-n32-h-01-agent-95:2340789:2341420 [2] NCCL INFO Trees [0] 15/-1/-1->14->13 [1] 15/-1/-1->14->10 [2] 15/-1/-1->14->13 [3] 15/6/-1->14->-1 [4] 15/-1/-1->14->13 [5] 15/-1/-1->14->10 [6] 15/-1/-1->14->13 [7] 15/6/-1->14->-1 [8] 15/-1/-1->14->13 [9] 15/-1/-1->14->10 [10] 15/-1/-1->14->13 [11] 15/6/-1->14->-1 [12] 15/-1/-1->14->13 [13] 15/-1/-1->14->10 [14] 15/-1/-1->14->13 [15] 15/6/-1->14->-1
paraai-n32-h-01-agent-95:2340790:2341418 [3] NCCL INFO NCCL_MAX_NCHANNELS set by environment to 16.
paraai-n32-h-01-agent-95:2340790:2341418 [3] NCCL INFO NCCL_MIN_NCHANNELS set by environment to 16.
paraai-n32-h-01-agent-95:2340790:2341418 [3] NCCL INFO Trees [0] -1/-1/-1->15->14 [1] 12/-1/-1->15->14 [2] -1/-1/-1->15->14 [3] 12/-1/-1->15->14 [4] -1/-1/-1->15->14 [5] 12/-1/-1->15->14 [6] -1/-1/-1->15->14 [7] 12/-1/-1->15->14 [8] -1/-1/-1->15->14 [9] 12/-1/-1->15->14 [10] -1/-1/-1->15->14 [11] 12/-1/-1->15->14 [12] -1/-1/-1->15->14 [13] 12/-1/-1->15->14 [14] -1/-1/-1->15->14 [15] 12/-1/-1->15->14
paraai-n32-h-01-agent-95:2340788:2341421 [1] NCCL INFO Channel 00 : 13[2000] -> 14[81000] via SHM/direct/direct
paraai-n32-h-01-agent-95:2340788:2341421 [1] NCCL INFO Channel 02 : 13[2000] -> 14[81000] via SHM/direct/direct
paraai-n32-h-01-agent-95:2340788:2341421 [1] NCCL INFO Channel 04 : 13[2000] -> 14[81000] via SHM/direct/direct
paraai-n32-h-01-agent-95:2340788:2341421 [1] NCCL INFO Channel 06 : 13[2000] -> 14[81000] via SHM/direct/direct
paraai-n32-h-01-agent-95:2340788:2341421 [1] NCCL INFO Channel 08 : 13[2000] -> 14[81000] via SHM/direct/direct
paraai-n32-h-01-agent-95:2340788:2341421 [1] NCCL INFO Channel 10 : 13[2000] -> 14[81000] via SHM/direct/direct
paraai-n32-h-01-agent-95:2340788:2341421 [1] NCCL INFO Channel 12 : 13[2000] -> 14[81000] via SHM/direct/direct
paraai-n32-h-01-agent-95:2340788:2341421 [1] NCCL INFO Channel 14 : 13[2000] -> 14[81000] via SHM/direct/direct
paraai-n32-h-01-agent-95:2340789:2341420 [2] NCCL INFO Channel 00 : 14[81000] -> 15[82000] via SHM/direct/direct
paraai-n32-h-01-agent-95:2340789:2341420 [2] NCCL INFO Channel 01 : 14[81000] -> 15[82000] via SHM/direct/direct
paraai-n32-h-01-agent-95:2340789:2341420 [2] NCCL INFO Channel 02 : 14[81000] -> 15[82000] via SHM/direct/direct
paraai-n32-h-01-agent-95:2340789:2341420 [2] NCCL INFO Channel 03 : 14[81000] -> 15[82000] via SHM/direct/direct
paraai-n32-h-01-agent-95:2340789:2341420 [2] NCCL INFO Channel 04 : 14[81000] -> 15[82000] via SHM/direct/direct
paraai-n32-h-01-agent-95:2340789:2341420 [2] NCCL INFO Channel 05 : 14[81000] -> 15[82000] via SHM/direct/direct
paraai-n32-h-01-agent-95:2340789:2341420 [2] NCCL INFO Channel 06 : 14[81000] -> 15[82000] via SHM/direct/direct
paraai-n32-h-01-agent-95:2340789:2341420 [2] NCCL INFO Channel 07 : 14[81000] -> 15[82000] via SHM/direct/direct
paraai-n32-h-01-agent-95:2340789:2341420 [2] NCCL INFO Channel 08 : 14[81000] -> 15[82000] via SHM/direct/direct
paraai-n32-h-01-agent-95:2340789:2341420 [2] NCCL INFO Channel 09 : 14[81000] -> 15[82000] via SHM/direct/direct
paraai-n32-h-01-agent-95:2340789:2341420 [2] NCCL INFO Channel 10 : 14[81000] -> 15[82000] via SHM/direct/direct
paraai-n32-h-01-agent-95:2340789:2341420 [2] NCCL INFO Channel 11 : 14[81000] -> 15[82000] via SHM/direct/direct
paraai-n32-h-01-agent-95:2340789:2341420 [2] NCCL INFO Channel 12 : 14[81000] -> 15[82000] via SHM/direct/direct
paraai-n32-h-01-agent-95:2340789:2341420 [2] NCCL INFO Channel 13 : 14[81000] -> 15[82000] via SHM/direct/direct
paraai-n32-h-01-agent-95:2340789:2341420 [2] NCCL INFO Channel 14 : 14[81000] -> 15[82000] via SHM/direct/direct
paraai-n32-h-01-agent-95:2340789:2341420 [2] NCCL INFO Channel 15 : 14[81000] -> 15[82000] via SHM/direct/direct
paraai-n32-h-01-agent-95:2340790:2341418 [3] NCCL INFO Channel 00/0 : 15[82000] -> 0[1000] [send] via NET/IB/1
paraai-n32-h-01-agent-95:2340787:2341419 [0] NCCL INFO Channel 02/0 : 11[82000] -> 12[1000] [receive] via NET/IB/0
paraai-n32-h-01-agent-95:2340790:2341418 [3] NCCL INFO Channel 02/0 : 15[82000] -> 0[1000] [send] via NET/IB/1
paraai-n32-h-01-agent-95:2340787:2341419 [0] NCCL INFO Channel 04/0 : 11[82000] -> 12[1000] [receive] via NET/IB/0
paraai-n32-h-01-agent-95:2340790:2341418 [3] NCCL INFO Channel 04/0 : 15[82000] -> 0[1000] [send] via NET/IB/1
paraai-n32-h-01-agent-95:2340787:2341419 [0] NCCL INFO Channel 06/0 : 11[82000] -> 12[1000] [receive] via NET/IB/0
paraai-n32-h-01-agent-95:2340790:2341418 [3] NCCL INFO Channel 06/0 : 15[82000] -> 0[1000] [send] via NET/IB/1
paraai-n32-h-01-agent-95:2340790:2341418 [3] NCCL INFO Channel 08/0 : 15[82000] -> 0[1000] [send] via NET/IB/1
paraai-n32-h-01-agent-95:2340787:2341419 [0] NCCL INFO Channel 08/0 : 11[82000] -> 12[1000] [receive] via NET/IB/0
paraai-n32-h-01-agent-95:2340790:2341418 [3] NCCL INFO Channel 10/0 : 15[82000] -> 0[1000] [send] via NET/IB/1
paraai-n32-h-01-agent-95:2340787:2341419 [0] NCCL INFO Channel 10/0 : 11[82000] -> 12[1000] [receive] via NET/IB/0
paraai-n32-h-01-agent-95:2340790:2341418 [3] NCCL INFO Channel 12/0 : 15[82000] -> 0[1000] [send] via NET/IB/1
paraai-n32-h-01-agent-95:2340787:2341419 [0] NCCL INFO Channel 12/0 : 11[82000] -> 12[1000] [receive] via NET/IB/0
paraai-n32-h-01-agent-95:2340790:2341418 [3] NCCL INFO Channel 14/0 : 15[82000] -> 0[1000] [send] via NET/IB/1
paraai-n32-h-01-agent-95:2340790:2341472 [3] NCCL INFO NCCL_IB_GID_INDEX set by environment to 3.
paraai-n32-h-01-agent-95:2340789:2341420 [2] NCCL INFO Channel 01/0 : 8[1000] -> 14[81000] [receive] via NET/IB/1
paraai-n32-h-01-agent-95:2340787:2341419 [0] NCCL INFO Channel 14/0 : 11[82000] -> 12[1000] [receive] via NET/IB/0
paraai-n32-h-01-agent-95:2340787:2341419 [0] NCCL INFO Channel 00 : 12[1000] -> 13[2000] via SHM/direct/direct
paraai-n32-h-01-agent-95:2340787:2341419 [0] NCCL INFO Channel 02 : 12[1000] -> 13[2000] via SHM/direct/direct
paraai-n32-h-01-agent-95:2340787:2341419 [0] NCCL INFO Channel 04 : 12[1000] -> 13[2000] via SHM/direct/direct
paraai-n32-h-01-agent-95:2340787:2341419 [0] NCCL INFO Channel 06 : 12[1000] -> 13[2000] via SHM/direct/direct
paraai-n32-h-01-agent-95:2340787:2341419 [0] NCCL INFO Channel 08 : 12[1000] -> 13[2000] via SHM/direct/direct
paraai-n32-h-01-agent-95:2340787:2341419 [0] NCCL INFO Channel 10 : 12[1000] -> 13[2000] via SHM/direct/direct
paraai-n32-h-01-agent-95:2340787:2341419 [0] NCCL INFO Channel 12 : 12[1000] -> 13[2000] via SHM/direct/direct
paraai-n32-h-01-agent-95:2340787:2341419 [0] NCCL INFO Channel 14 : 12[1000] -> 13[2000] via SHM/direct/direct
paraai-n32-h-01-agent-95:2340787:2341471 [0] NCCL INFO NCCL_IB_GID_INDEX set by environment to 3.
paraai-n32-h-01-agent-95:2340789:2341420 [2] NCCL INFO Channel 03/0 : 8[1000] -> 14[81000] [receive] via NET/IB/1
paraai-n32-h-01-agent-95:2340789:2341420 [2] NCCL INFO Channel 05/0 : 8[1000] -> 14[81000] [receive] via NET/IB/1
paraai-n32-h-01-agent-95:2340789:2341420 [2] NCCL INFO Channel 07/0 : 8[1000] -> 14[81000] [receive] via NET/IB/1
paraai-n32-h-01-agent-95:2340790:2341418 [3] NCCL INFO Channel 01 : 15[82000] -> 13[2000] via SHM/direct/direct
paraai-n32-h-01-agent-95:2340790:2341418 [3] NCCL INFO Channel 03 : 15[82000] -> 13[2000] via SHM/direct/direct
paraai-n32-h-01-agent-95:2340790:2341418 [3] NCCL INFO Channel 05 : 15[82000] -> 13[2000] via SHM/direct/direct
paraai-n32-h-01-agent-95:2340790:2341418 [3] NCCL INFO Channel 07 : 15[82000] -> 13[2000] via SHM/direct/direct
paraai-n32-h-01-agent-95:2340790:2341418 [3] NCCL INFO Channel 09 : 15[82000] -> 13[2000] via SHM/direct/direct
paraai-n32-h-01-agent-95:2340790:2341418 [3] NCCL INFO Channel 11 : 15[82000] -> 13[2000] via SHM/direct/direct
paraai-n32-h-01-agent-95:2340790:2341418 [3] NCCL INFO Channel 13 : 15[82000] -> 13[2000] via SHM/direct/direct
paraai-n32-h-01-agent-95:2340790:2341418 [3] NCCL INFO Channel 15 : 15[82000] -> 13[2000] via SHM/direct/direct
paraai-n32-h-01-agent-95:2340788:2341421 [1] NCCL INFO Channel 01 : 13[2000] -> 12[1000] via SHM/direct/direct
paraai-n32-h-01-agent-95:2340788:2341421 [1] NCCL INFO Channel 03 : 13[2000] -> 12[1000] via SHM/direct/direct
paraai-n32-h-01-agent-95:2340788:2341421 [1] NCCL INFO Channel 05 : 13[2000] -> 12[1000] via SHM/direct/direct
paraai-n32-h-01-agent-95:2340788:2341421 [1] NCCL INFO Channel 07 : 13[2000] -> 12[1000] via SHM/direct/direct
paraai-n32-h-01-agent-95:2340788:2341421 [1] NCCL INFO Channel 09 : 13[2000] -> 12[1000] via SHM/direct/direct
paraai-n32-h-01-agent-95:2340788:2341421 [1] NCCL INFO Channel 11 : 13[2000] -> 12[1000] via SHM/direct/direct
paraai-n32-h-01-agent-95:2340788:2341421 [1] NCCL INFO Channel 13 : 13[2000] -> 12[1000] via SHM/direct/direct
paraai-n32-h-01-agent-95:2340788:2341421 [1] NCCL INFO Channel 15 : 13[2000] -> 12[1000] via SHM/direct/direct
paraai-n32-h-01-agent-95:2340790:2341418 [3] NCCL INFO Connected all rings
paraai-n32-h-01-agent-95:2340787:2341419 [0] NCCL INFO Channel 01/0 : 12[1000] -> 2[81000] [send] via NET/IB/0
paraai-n32-h-01-agent-95:2340787:2341419 [0] NCCL INFO Channel 03/0 : 12[1000] -> 2[81000] [send] via NET/IB/0
paraai-n32-h-01-agent-95:2340789:2341420 [2] NCCL INFO Channel 09/0 : 8[1000] -> 14[81000] [receive] via NET/IB/1
paraai-n32-h-01-agent-95:2340787:2341419 [0] NCCL INFO Channel 05/0 : 12[1000] -> 2[81000] [send] via NET/IB/0
paraai-n32-h-01-agent-95:2340789:2341420 [2] NCCL INFO Channel 11/0 : 8[1000] -> 14[81000] [receive] via NET/IB/1
paraai-n32-h-01-agent-95:2340787:2341419 [0] NCCL INFO Channel 07/0 : 12[1000] -> 2[81000] [send] via NET/IB/0
paraai-n32-h-01-agent-95:2340789:2341420 [2] NCCL INFO Channel 13/0 : 8[1000] -> 14[81000] [receive] via NET/IB/1
paraai-n32-h-01-agent-95:2340787:2341419 [0] NCCL INFO Channel 09/0 : 12[1000] -> 2[81000] [send] via NET/IB/0
paraai-n32-h-01-agent-95:2340789:2341420 [2] NCCL INFO Channel 15/0 : 8[1000] -> 14[81000] [receive] via NET/IB/1
paraai-n32-h-01-agent-95:2340787:2341419 [0] NCCL INFO Channel 11/0 : 12[1000] -> 2[81000] [send] via NET/IB/0
paraai-n32-h-01-agent-95:2340787:2341419 [0] NCCL INFO Channel 13/0 : 12[1000] -> 2[81000] [send] via NET/IB/0
paraai-n32-h-01-agent-95:2340787:2341419 [0] NCCL INFO Channel 15/0 : 12[1000] -> 2[81000] [send] via NET/IB/0
paraai-n32-h-01-agent-95:2340789:2341473 [2] NCCL INFO NCCL_IB_GID_INDEX set by environment to 3.
paraai-n32-h-01-agent-95:2340787:2341419 [0] NCCL INFO Connected all rings
paraai-n32-h-01-agent-95:2340787:2341419 [0] NCCL INFO Channel 01 : 12[1000] -> 13[2000] via SHM/direct/direct
paraai-n32-h-01-agent-95:2340787:2341419 [0] NCCL INFO Channel 03 : 12[1000] -> 13[2000] via SHM/direct/direct
paraai-n32-h-01-agent-95:2340787:2341419 [0] NCCL INFO Channel 05 : 12[1000] -> 13[2000] via SHM/direct/direct
paraai-n32-h-01-agent-95:2340787:2341419 [0] NCCL INFO Channel 07 : 12[1000] -> 13[2000] via SHM/direct/direct
paraai-n32-h-01-agent-95:2340787:2341419 [0] NCCL INFO Channel 09 : 12[1000] -> 13[2000] via SHM/direct/direct
paraai-n32-h-01-agent-95:2340787:2341419 [0] NCCL INFO Channel 11 : 12[1000] -> 13[2000] via SHM/direct/direct
paraai-n32-h-01-agent-95:2340787:2341419 [0] NCCL INFO Channel 13 : 12[1000] -> 13[2000] via SHM/direct/direct
paraai-n32-h-01-agent-95:2340787:2341419 [0] NCCL INFO Channel 15 : 12[1000] -> 13[2000] via SHM/direct/direct
paraai-n32-h-01-agent-95:2340788:2341421 [1] NCCL INFO Connected all rings
paraai-n32-h-01-agent-95:2340789:2341420 [2] NCCL INFO Connected all rings
paraai-n32-h-01-agent-95:2340787:2341419 [0] NCCL INFO Channel 01 : 12[1000] -> 15[82000] via SHM/direct/direct
paraai-n32-h-01-agent-95:2340787:2341419 [0] NCCL INFO Channel 03 : 12[1000] -> 15[82000] via SHM/direct/direct
paraai-n32-h-01-agent-95:2340787:2341419 [0] NCCL INFO Channel 05 : 12[1000] -> 15[82000] via SHM/direct/direct
paraai-n32-h-01-agent-95:2340787:2341419 [0] NCCL INFO Channel 07 : 12[1000] -> 15[82000] via SHM/direct/direct
paraai-n32-h-01-agent-95:2340787:2341419 [0] NCCL INFO Channel 09 : 12[1000] -> 15[82000] via SHM/direct/direct
paraai-n32-h-01-agent-95:2340787:2341419 [0] NCCL INFO Channel 11 : 12[1000] -> 15[82000] via SHM/direct/direct
paraai-n32-h-01-agent-95:2340787:2341419 [0] NCCL INFO Channel 13 : 12[1000] -> 15[82000] via SHM/direct/direct
paraai-n32-h-01-agent-95:2340787:2341419 [0] NCCL INFO Channel 15 : 12[1000] -> 15[82000] via SHM/direct/direct
paraai-n32-h-01-agent-95:2340790:2341418 [3] NCCL INFO Channel 01 : 15[82000] -> 12[1000] via SHM/direct/direct
paraai-n32-h-01-agent-95:2340790:2341418 [3] NCCL INFO Channel 03 : 15[82000] -> 12[1000] via SHM/direct/direct
paraai-n32-h-01-agent-95:2340790:2341418 [3] NCCL INFO Channel 05 : 15[82000] -> 12[1000] via SHM/direct/direct
paraai-n32-h-01-agent-95:2340790:2341418 [3] NCCL INFO Channel 07 : 15[82000] -> 12[1000] via SHM/direct/direct
paraai-n32-h-01-agent-95:2340790:2341418 [3] NCCL INFO Channel 09 : 15[82000] -> 12[1000] via SHM/direct/direct
paraai-n32-h-01-agent-95:2340790:2341418 [3] NCCL INFO Channel 11 : 15[82000] -> 12[1000] via SHM/direct/direct
paraai-n32-h-01-agent-95:2340790:2341418 [3] NCCL INFO Channel 13 : 15[82000] -> 12[1000] via SHM/direct/direct
paraai-n32-h-01-agent-95:2340790:2341418 [3] NCCL INFO Channel 15 : 15[82000] -> 12[1000] via SHM/direct/direct
paraai-n32-h-01-agent-95:2340788:2341421 [1] NCCL INFO Channel 00 : 13[2000] -> 12[1000] via SHM/direct/direct
paraai-n32-h-01-agent-95:2340788:2341421 [1] NCCL INFO Channel 02 : 13[2000] -> 12[1000] via SHM/direct/direct
paraai-n32-h-01-agent-95:2340788:2341421 [1] NCCL INFO Channel 04 : 13[2000] -> 12[1000] via SHM/direct/direct
paraai-n32-h-01-agent-95:2340788:2341421 [1] NCCL INFO Channel 06 : 13[2000] -> 12[1000] via SHM/direct/direct
paraai-n32-h-01-agent-95:2340788:2341421 [1] NCCL INFO Channel 08 : 13[2000] -> 12[1000] via SHM/direct/direct
paraai-n32-h-01-agent-95:2340788:2341421 [1] NCCL INFO Channel 10 : 13[2000] -> 12[1000] via SHM/direct/direct
paraai-n32-h-01-agent-95:2340788:2341421 [1] NCCL INFO Channel 12 : 13[2000] -> 12[1000] via SHM/direct/direct
paraai-n32-h-01-agent-95:2340788:2341421 [1] NCCL INFO Channel 14 : 13[2000] -> 12[1000] via SHM/direct/direct
paraai-n32-h-01-agent-95:2340789:2341420 [2] NCCL INFO Channel 01/0 : 10[81000] -> 14[81000] [receive] via NET/IB/1
paraai-n32-h-01-agent-95:2340787:2341419 [0] NCCL INFO Channel 00/0 : 8[1000] -> 12[1000] [receive] via NET/IB/0
paraai-n32-h-01-agent-95:2340789:2341420 [2] NCCL INFO Channel 05/0 : 10[81000] -> 14[81000] [receive] via NET/IB/1
paraai-n32-h-01-agent-95:2340787:2341419 [0] NCCL INFO Channel 04/0 : 8[1000] -> 12[1000] [receive] via NET/IB/0
paraai-n32-h-01-agent-95:2340789:2341420 [2] NCCL INFO Channel 09/0 : 10[81000] -> 14[81000] [receive] via NET/IB/1
paraai-n32-h-01-agent-95:2340787:2341419 [0] NCCL INFO Channel 08/0 : 8[1000] -> 12[1000] [receive] via NET/IB/0
paraai-n32-h-01-agent-95:2340789:2341420 [2] NCCL INFO Channel 13/0 : 10[81000] -> 14[81000] [receive] via NET/IB/1
paraai-n32-h-01-agent-95:2340787:2341419 [0] NCCL INFO Channel 12/0 : 8[1000] -> 12[1000] [receive] via NET/IB/0
paraai-n32-h-01-agent-95:2340787:2341419 [0] NCCL INFO Channel 02/0 : 4[1000] -> 12[1000] [receive] via NET/IB/0
paraai-n32-h-01-agent-95:2340787:2341419 [0] NCCL INFO Channel 06/0 : 4[1000] -> 12[1000] [receive] via NET/IB/0
paraai-n32-h-01-agent-95:2340789:2341420 [2] NCCL INFO Channel 03/0 : 6[81000] -> 14[81000] [receive] via NET/IB/1
paraai-n32-h-01-agent-95:2340787:2341419 [0] NCCL INFO Channel 10/0 : 4[1000] -> 12[1000] [receive] via NET/IB/0
paraai-n32-h-01-agent-95:2340789:2341420 [2] NCCL INFO Channel 07/0 : 6[81000] -> 14[81000] [receive] via NET/IB/1
paraai-n32-h-01-agent-95:2340787:2341419 [0] NCCL INFO Channel 14/0 : 4[1000] -> 12[1000] [receive] via NET/IB/0
paraai-n32-h-01-agent-95:2340789:2341420 [2] NCCL INFO Channel 11/0 : 6[81000] -> 14[81000] [receive] via NET/IB/1
paraai-n32-h-01-agent-95:2340787:2341419 [0] NCCL INFO Channel 02/0 : 12[1000] -> 4[1000] [send] via NET/IB/0
paraai-n32-h-01-agent-95:2340789:2341420 [2] NCCL INFO Channel 15/0 : 6[81000] -> 14[81000] [receive] via NET/IB/1
paraai-n32-h-01-agent-95:2340787:2341419 [0] NCCL INFO Channel 06/0 : 12[1000] -> 4[1000] [send] via NET/IB/0
paraai-n32-h-01-agent-95:2340789:2341420 [2] NCCL INFO Channel 03/0 : 14[81000] -> 6[81000] [send] via NET/IB/1
paraai-n32-h-01-agent-95:2340787:2341419 [0] NCCL INFO Channel 10/0 : 12[1000] -> 4[1000] [send] via NET/IB/0
paraai-n32-h-01-agent-95:2340789:2341420 [2] NCCL INFO Channel 07/0 : 14[81000] -> 6[81000] [send] via NET/IB/1
paraai-n32-h-01-agent-95:2340787:2341419 [0] NCCL INFO Channel 14/0 : 12[1000] -> 4[1000] [send] via NET/IB/0
paraai-n32-h-01-agent-95:2340789:2341420 [2] NCCL INFO Channel 11/0 : 14[81000] -> 6[81000] [send] via NET/IB/1
paraai-n32-h-01-agent-95:2340789:2341420 [2] NCCL INFO Channel 15/0 : 14[81000] -> 6[81000] [send] via NET/IB/1
paraai-n32-h-01-agent-95:2340787:2341419 [0] NCCL INFO Channel 00/0 : 12[1000] -> 8[1000] [send] via NET/IB/0
paraai-n32-h-01-agent-95:2340789:2341420 [2] NCCL INFO Channel 01/0 : 14[81000] -> 10[81000] [send] via NET/IB/1
paraai-n32-h-01-agent-95:2340787:2341419 [0] NCCL INFO Channel 04/0 : 12[1000] -> 8[1000] [send] via NET/IB/0
paraai-n32-h-01-agent-95:2340789:2341420 [2] NCCL INFO Channel 05/0 : 14[81000] -> 10[81000] [send] via NET/IB/1
paraai-n32-h-01-agent-95:2340787:2341419 [0] NCCL INFO Channel 08/0 : 12[1000] -> 8[1000] [send] via NET/IB/0
paraai-n32-h-01-agent-95:2340789:2341420 [2] NCCL INFO Channel 09/0 : 14[81000] -> 10[81000] [send] via NET/IB/1
paraai-n32-h-01-agent-95:2340787:2341419 [0] NCCL INFO Channel 12/0 : 12[1000] -> 8[1000] [send] via NET/IB/0
paraai-n32-h-01-agent-95:2340790:2341418 [3] NCCL INFO Channel 00 : 15[82000] -> 14[81000] via SHM/direct/direct
paraai-n32-h-01-agent-95:2340790:2341418 [3] NCCL INFO Channel 01 : 15[82000] -> 14[81000] via SHM/direct/direct
paraai-n32-h-01-agent-95:2340790:2341418 [3] NCCL INFO Channel 02 : 15[82000] -> 14[81000] via SHM/direct/direct
paraai-n32-h-01-agent-95:2340790:2341418 [3] NCCL INFO Channel 03 : 15[82000] -> 14[81000] via SHM/direct/direct
paraai-n32-h-01-agent-95:2340790:2341418 [3] NCCL INFO Channel 04 : 15[82000] -> 14[81000] via SHM/direct/direct
paraai-n32-h-01-agent-95:2340790:2341418 [3] NCCL INFO Channel 05 : 15[82000] -> 14[81000] via SHM/direct/direct
paraai-n32-h-01-agent-95:2340790:2341418 [3] NCCL INFO Channel 06 : 15[82000] -> 14[81000] via SHM/direct/direct
paraai-n32-h-01-agent-95:2340790:2341418 [3] NCCL INFO Channel 07 : 15[82000] -> 14[81000] via SHM/direct/direct
paraai-n32-h-01-agent-95:2340790:2341418 [3] NCCL INFO Channel 08 : 15[82000] -> 14[81000] via SHM/direct/direct
paraai-n32-h-01-agent-95:2340790:2341418 [3] NCCL INFO Channel 09 : 15[82000] -> 14[81000] via SHM/direct/direct
paraai-n32-h-01-agent-95:2340790:2341418 [3] NCCL INFO Channel 10 : 15[82000] -> 14[81000] via SHM/direct/direct
paraai-n32-h-01-agent-95:2340790:2341418 [3] NCCL INFO Channel 11 : 15[82000] -> 14[81000] via SHM/direct/direct
paraai-n32-h-01-agent-95:2340790:2341418 [3] NCCL INFO Channel 12 : 15[82000] -> 14[81000] via SHM/direct/direct
paraai-n32-h-01-agent-95:2340790:2341418 [3] NCCL INFO Channel 13 : 15[82000] -> 14[81000] via SHM/direct/direct
paraai-n32-h-01-agent-95:2340790:2341418 [3] NCCL INFO Channel 14 : 15[82000] -> 14[81000] via SHM/direct/direct
paraai-n32-h-01-agent-95:2340790:2341418 [3] NCCL INFO Channel 15 : 15[82000] -> 14[81000] via SHM/direct/direct
paraai-n32-h-01-agent-95:2340789:2341420 [2] NCCL INFO Channel 13/0 : 14[81000] -> 10[81000] [send] via NET/IB/1
paraai-n32-h-01-agent-95:2340787:2341419 [0] NCCL INFO Connected all trees
paraai-n32-h-01-agent-95:2340787:2341419 [0] NCCL INFO threadThresholds 8/8/64 | 128/8/64 | 512 | 512
paraai-n32-h-01-agent-95:2340787:2341419 [0] NCCL INFO 16 coll channels, 16 p2p channels, 2 p2p channels per peer
paraai-n32-h-01-agent-95:2340789:2341420 [2] NCCL INFO Channel 00 : 14[81000] -> 13[2000] via SHM/direct/direct
paraai-n32-h-01-agent-95:2340789:2341420 [2] NCCL INFO Channel 02 : 14[81000] -> 13[2000] via SHM/direct/direct
paraai-n32-h-01-agent-95:2340789:2341420 [2] NCCL INFO Channel 04 : 14[81000] -> 13[2000] via SHM/direct/direct
paraai-n32-h-01-agent-95:2340789:2341420 [2] NCCL INFO Channel 06 : 14[81000] -> 13[2000] via SHM/direct/direct
paraai-n32-h-01-agent-95:2340789:2341420 [2] NCCL INFO Channel 08 : 14[81000] -> 13[2000] via SHM/direct/direct
paraai-n32-h-01-agent-95:2340789:2341420 [2] NCCL INFO Channel 10 : 14[81000] -> 13[2000] via SHM/direct/direct
paraai-n32-h-01-agent-95:2340789:2341420 [2] NCCL INFO Channel 12 : 14[81000] -> 13[2000] via SHM/direct/direct
paraai-n32-h-01-agent-95:2340789:2341420 [2] NCCL INFO Channel 14 : 14[81000] -> 13[2000] via SHM/direct/direct
paraai-n32-h-01-agent-95:2340788:2341421 [1] NCCL INFO Connected all trees
paraai-n32-h-01-agent-95:2340788:2341421 [1] NCCL INFO threadThresholds 8/8/64 | 128/8/64 | 512 | 512
paraai-n32-h-01-agent-95:2340788:2341421 [1] NCCL INFO 16 coll channels, 16 p2p channels, 2 p2p channels per peer
paraai-n32-h-01-agent-95:2340789:2341420 [2] NCCL INFO Connected all trees
paraai-n32-h-01-agent-95:2340789:2341420 [2] NCCL INFO threadThresholds 8/8/64 | 128/8/64 | 512 | 512
paraai-n32-h-01-agent-95:2340789:2341420 [2] NCCL INFO 16 coll channels, 16 p2p channels, 2 p2p channels per peer
paraai-n32-h-01-agent-95:2340790:2341418 [3] NCCL INFO Connected all trees
paraai-n32-h-01-agent-95:2340790:2341418 [3] NCCL INFO threadThresholds 8/8/64 | 128/8/64 | 512 | 512
paraai-n32-h-01-agent-95:2340790:2341418 [3] NCCL INFO 16 coll channels, 16 p2p channels, 2 p2p channels per peer
paraai-n32-h-01-agent-95:2340788:2341421 [1] NCCL INFO comm 0x7cf1e590 rank 13 nranks 16 cudaDev 1 busId 2000 - Init COMPLETE
paraai-n32-h-01-agent-95:2340787:2341419 [0] NCCL INFO comm 0xad15000 rank 12 nranks 16 cudaDev 0 busId 1000 - Init COMPLETE
paraai-n32-h-01-agent-95:2340789:2341420 [2] NCCL INFO comm 0x11799100 rank 14 nranks 16 cudaDev 2 busId 81000 - Init COMPLETE
paraai-n32-h-01-agent-95:2340790:2341418 [3] NCCL INFO comm 0xd38d400 rank 15 nranks 16 cudaDev 3 busId 82000 - Init COMPLETE
2023-07-03 12:50:34,687 - root - INFO - Starting from pretrained one-step model at ./exp_15_levels/Masked_AE_Ocean/20230628-131150/training_checkpoints/best_ckpt.tar
2023-07-03 12:50:34,689 - root - INFO - Starting from pretrained one-step model at ./exp_15_levels/Masked_AE_Ocean/20230628-131150/training_checkpoints/best_ckpt.tar
2023-07-03 12:50:34,693 - root - INFO - Starting from pretrained one-step model at ./exp_15_levels/Masked_AE_Ocean/20230628-131150/training_checkpoints/best_ckpt.tar
2023-07-03 12:50:34,698 - root - INFO - Starting from pretrained one-step model at ./exp_15_levels/Masked_AE_Ocean/20230628-131150/training_checkpoints/best_ckpt.tar
2023-07-03 12:50:36,029 - root - INFO - Adding 50 epochs specified in config file for refining pretrained model
2023-07-03 12:50:36,042 - root - INFO - Adding 50 epochs specified in config file for refining pretrained model
2023-07-03 12:50:36,054 - root - INFO - Adding 50 epochs specified in config file for refining pretrained model
2023-07-03 12:50:36,087 - root - INFO - Adding 50 epochs specified in config file for refining pretrained model
2023-07-03 12:50:40,111 - root - INFO - inp: torch.Size([1, 67, 720, 1440]), tar:torch.Size([1, 3, 66, 720, 1440])
2023-07-03 12:50:40,196 - root - INFO - inp: torch.Size([1, 67, 720, 1440]), tar:torch.Size([1, 3, 66, 720, 1440])
2023-07-03 12:50:40,250 - root - INFO - inp: torch.Size([1, 67, 720, 1440]), tar:torch.Size([1, 3, 66, 720, 1440])
2023-07-03 12:50:40,253 - root - INFO - inp: torch.Size([1, 67, 720, 1440]), tar:torch.Size([1, 3, 66, 720, 1440])
tar: cpu
tar: cpu
loss_step_2: cuda:2
loss_step_2: cuda:1
tar: cpu
loss_step_2: cuda:3
Traceback (most recent call last):
  File "/home/bingxing2/home/scx6115/Ocean_AI_model/train_025_multi_steps.py", line 614, in <module>
    trainer.train()
  File "/home/bingxing2/home/scx6115/Ocean_AI_model/train_025_multi_steps.py", line 151, in train
    tr_time, data_time, train_logs = self.train_one_epoch() 
  File "/home/bingxing2/home/scx6115/Ocean_AI_model/train_025_multi_steps.py", line 298, in train_one_epoch
    gen_step_3 = self.model( inp_step_3 )
  File "/home/bingxing2/home/scx6115/.conda/envs/torch2.0/lib/python3.10/site-packages/torch/nn/modules/module.py", line 1501, in _call_impl
    return forward_call(*args, **kwargs)
  File "/home/bingxing2/home/scx6115/.conda/envs/torch2.0/lib/python3.10/site-packages/torch/nn/parallel/distributed.py", line 1156, in forward
    output = self._run_ddp_forward(*inputs, **kwargs)
  File "/home/bingxing2/home/scx6115/.conda/envs/torch2.0/lib/python3.10/site-packages/torch/nn/parallel/distributed.py", line 1110, in _run_ddp_forward
    return module_to_run(*inputs[0], **kwargs[0])  # type: ignore[index]
  File "/home/bingxing2/home/scx6115/.conda/envs/torch2.0/lib/python3.10/site-packages/torch/nn/modules/module.py", line 1501, in _call_impl
    return forward_call(*args, **kwargs)
  File "/home/bingxing2/home/scx6115/Ocean_AI_model/networks/Masked_AE_Ocean.py", line 225, in forward
    x = self.forward_decoder(x, ids_restore)
  File "/home/bingxing2/home/scx6115/Ocean_AI_model/networks/Masked_AE_Ocean.py", line 212, in forward_decoder
    x = blk(x)
  File "/home/bingxing2/home/scx6115/.conda/envs/torch2.0/lib/python3.10/site-packages/torch/nn/modules/module.py", line 1501, in _call_impl
    return forward_call(*args, **kwargs)
  File "/home/bingxing2/home/scx6115/Ocean_AI_model/networks/fourier_block_Masked_AE_Ocean.py", line 128, in forward
    x = self.filter(x)
  File "/home/bingxing2/home/scx6115/.conda/envs/torch2.0/lib/python3.10/site-packages/torch/nn/modules/module.py", line 1501, in _call_impl
    return forward_call(*args, **kwargs)
  File "/home/bingxing2/home/scx6115/Ocean_AI_model/networks/fourier_block_Masked_AE_Ocean.py", line 88, in forward
    torch.einsum('...bi,bio->...bo', o1_imag[:, :kept_modes], self.w2[0]) + \
torch.cuda.OutOfMemoryError: CUDA out of memory. Tried to allocate 16.00 MiB (GPU 2; 39.41 GiB total capacity; 37.20 GiB already allocated; 8.50 MiB free; 37.67 GiB reserved in total by PyTorch) If reserved memory is >> allocated memory try setting max_split_size_mb to avoid fragmentation.  See documentation for Memory Management and PYTORCH_CUDA_ALLOC_CONF
tar: cpu
Traceback (most recent call last):
  File "/home/bingxing2/home/scx6115/Ocean_AI_model/train_025_multi_steps.py", line 614, in <module>
    trainer.train()
  File "/home/bingxing2/home/scx6115/Ocean_AI_model/train_025_multi_steps.py", line 151, in train
    tr_time, data_time, train_logs = self.train_one_epoch() 
  File "/home/bingxing2/home/scx6115/Ocean_AI_model/train_025_multi_steps.py", line 298, in train_one_epoch
    gen_step_3 = self.model( inp_step_3 )
  File "/home/bingxing2/home/scx6115/.conda/envs/torch2.0/lib/python3.10/site-packages/torch/nn/modules/module.py", line 1501, in _call_impl
    return forward_call(*args, **kwargs)
  File "/home/bingxing2/home/scx6115/.conda/envs/torch2.0/lib/python3.10/site-packages/torch/nn/parallel/distributed.py", line 1156, in forward
    output = self._run_ddp_forward(*inputs, **kwargs)
  File "/home/bingxing2/home/scx6115/.conda/envs/torch2.0/lib/python3.10/site-packages/torch/nn/parallel/distributed.py", line 1110, in _run_ddp_forward
    return module_to_run(*inputs[0], **kwargs[0])  # type: ignore[index]
  File "/home/bingxing2/home/scx6115/.conda/envs/torch2.0/lib/python3.10/site-packages/torch/nn/modules/module.py", line 1501, in _call_impl
    return forward_call(*args, **kwargs)
  File "/home/bingxing2/home/scx6115/Ocean_AI_model/networks/Masked_AE_Ocean.py", line 225, in forward
    x = self.forward_decoder(x, ids_restore)
  File "/home/bingxing2/home/scx6115/Ocean_AI_model/networks/Masked_AE_Ocean.py", line 212, in forward_decoder
    x = blk(x)
  File "/home/bingxing2/home/scx6115/.conda/envs/torch2.0/lib/python3.10/site-packages/torch/nn/modules/module.py", line 1501, in _call_impl
    return forward_call(*args, **kwargs)
  File "/home/bingxing2/home/scx6115/Ocean_AI_model/networks/fourier_block_Masked_AE_Ocean.py", line 128, in forward
    x = self.filter(x)
  File "/home/bingxing2/home/scx6115/.conda/envs/torch2.0/lib/python3.10/site-packages/torch/nn/modules/module.py", line 1501, in _call_impl
    return forward_call(*args, **kwargs)
  File "/home/bingxing2/home/scx6115/Ocean_AI_model/networks/fourier_block_Masked_AE_Ocean.py", line 88, in forward
    torch.einsum('...bi,bio->...bo', o1_imag[:, :kept_modes], self.w2[0]) + \
torch.cuda.OutOfMemoryError: CUDA out of memory. Tried to allocate 16.00 MiB (GPU 1; 39.41 GiB total capacity; 37.20 GiB already allocated; 8.50 MiB free; 37.67 GiB reserved in total by PyTorch) If reserved memory is >> allocated memory try setting max_split_size_mb to avoid fragmentation.  See documentation for Memory Management and PYTORCH_CUDA_ALLOC_CONF
loss_step_2: cuda:0
Traceback (most recent call last):
  File "/home/bingxing2/home/scx6115/Ocean_AI_model/train_025_multi_steps.py", line 614, in <module>
    trainer.train()
  File "/home/bingxing2/home/scx6115/Ocean_AI_model/train_025_multi_steps.py", line 151, in train
    tr_time, data_time, train_logs = self.train_one_epoch() 
  File "/home/bingxing2/home/scx6115/Ocean_AI_model/train_025_multi_steps.py", line 298, in train_one_epoch
    gen_step_3 = self.model( inp_step_3 )
  File "/home/bingxing2/home/scx6115/.conda/envs/torch2.0/lib/python3.10/site-packages/torch/nn/modules/module.py", line 1501, in _call_impl
    return forward_call(*args, **kwargs)
  File "/home/bingxing2/home/scx6115/.conda/envs/torch2.0/lib/python3.10/site-packages/torch/nn/parallel/distributed.py", line 1156, in forward
    output = self._run_ddp_forward(*inputs, **kwargs)
  File "/home/bingxing2/home/scx6115/.conda/envs/torch2.0/lib/python3.10/site-packages/torch/nn/parallel/distributed.py", line 1110, in _run_ddp_forward
    return module_to_run(*inputs[0], **kwargs[0])  # type: ignore[index]
  File "/home/bingxing2/home/scx6115/.conda/envs/torch2.0/lib/python3.10/site-packages/torch/nn/modules/module.py", line 1501, in _call_impl
    return forward_call(*args, **kwargs)
  File "/home/bingxing2/home/scx6115/Ocean_AI_model/networks/Masked_AE_Ocean.py", line 225, in forward
    x = self.forward_decoder(x, ids_restore)
  File "/home/bingxing2/home/scx6115/Ocean_AI_model/networks/Masked_AE_Ocean.py", line 212, in forward_decoder
    x = blk(x)
  File "/home/bingxing2/home/scx6115/.conda/envs/torch2.0/lib/python3.10/site-packages/torch/nn/modules/module.py", line 1501, in _call_impl
    return forward_call(*args, **kwargs)
  File "/home/bingxing2/home/scx6115/Ocean_AI_model/networks/fourier_block_Masked_AE_Ocean.py", line 128, in forward
    x = self.filter(x)
  File "/home/bingxing2/home/scx6115/.conda/envs/torch2.0/lib/python3.10/site-packages/torch/nn/modules/module.py", line 1501, in _call_impl
    return forward_call(*args, **kwargs)
  File "/home/bingxing2/home/scx6115/Ocean_AI_model/networks/fourier_block_Masked_AE_Ocean.py", line 88, in forward
    torch.einsum('...bi,bio->...bo', o1_imag[:, :kept_modes], self.w2[0]) + \
torch.cuda.OutOfMemoryError: CUDA out of memory. Tried to allocate 16.00 MiB (GPU 3; 39.41 GiB total capacity; 37.20 GiB already allocated; 8.50 MiB free; 37.67 GiB reserved in total by PyTorch) If reserved memory is >> allocated memory try setting max_split_size_mb to avoid fragmentation.  See documentation for Memory Management and PYTORCH_CUDA_ALLOC_CONF
Traceback (most recent call last):
  File "/home/bingxing2/home/scx6115/Ocean_AI_model/train_025_multi_steps.py", line 614, in <module>
    trainer.train()
  File "/home/bingxing2/home/scx6115/Ocean_AI_model/train_025_multi_steps.py", line 151, in train
    tr_time, data_time, train_logs = self.train_one_epoch() 
  File "/home/bingxing2/home/scx6115/Ocean_AI_model/train_025_multi_steps.py", line 298, in train_one_epoch
    gen_step_3 = self.model( inp_step_3 )
  File "/home/bingxing2/home/scx6115/.conda/envs/torch2.0/lib/python3.10/site-packages/torch/nn/modules/module.py", line 1501, in _call_impl
    return forward_call(*args, **kwargs)
  File "/home/bingxing2/home/scx6115/.conda/envs/torch2.0/lib/python3.10/site-packages/torch/nn/parallel/distributed.py", line 1156, in forward
    output = self._run_ddp_forward(*inputs, **kwargs)
  File "/home/bingxing2/home/scx6115/.conda/envs/torch2.0/lib/python3.10/site-packages/torch/nn/parallel/distributed.py", line 1110, in _run_ddp_forward
    return module_to_run(*inputs[0], **kwargs[0])  # type: ignore[index]
  File "/home/bingxing2/home/scx6115/.conda/envs/torch2.0/lib/python3.10/site-packages/torch/nn/modules/module.py", line 1501, in _call_impl
    return forward_call(*args, **kwargs)
  File "/home/bingxing2/home/scx6115/Ocean_AI_model/networks/Masked_AE_Ocean.py", line 225, in forward
    x = self.forward_decoder(x, ids_restore)
  File "/home/bingxing2/home/scx6115/Ocean_AI_model/networks/Masked_AE_Ocean.py", line 212, in forward_decoder
    x = blk(x)
  File "/home/bingxing2/home/scx6115/.conda/envs/torch2.0/lib/python3.10/site-packages/torch/nn/modules/module.py", line 1501, in _call_impl
    return forward_call(*args, **kwargs)
  File "/home/bingxing2/home/scx6115/Ocean_AI_model/networks/fourier_block_Masked_AE_Ocean.py", line 128, in forward
    x = self.filter(x)
  File "/home/bingxing2/home/scx6115/.conda/envs/torch2.0/lib/python3.10/site-packages/torch/nn/modules/module.py", line 1501, in _call_impl
    return forward_call(*args, **kwargs)
  File "/home/bingxing2/home/scx6115/Ocean_AI_model/networks/fourier_block_Masked_AE_Ocean.py", line 88, in forward
    torch.einsum('...bi,bio->...bo', o1_imag[:, :kept_modes], self.w2[0]) + \
torch.cuda.OutOfMemoryError: CUDA out of memory. Tried to allocate 16.00 MiB (GPU 0; 39.41 GiB total capacity; 37.20 GiB already allocated; 8.50 MiB free; 37.67 GiB reserved in total by PyTorch) If reserved memory is >> allocated memory try setting max_split_size_mb to avoid fragmentation.  See documentation for Memory Management and PYTORCH_CUDA_ALLOC_CONF
WARNING:torch.distributed.elastic.multiprocessing.api:Sending process 2340787 closing signal SIGTERM
ERROR:torch.distributed.elastic.multiprocessing.api:failed (exitcode: 1) local_rank: 1 (pid: 2340788) of binary: /home/bingxing2/home/scx6115/.conda/envs/torch2.0/bin/python
Traceback (most recent call last):
  File "/home/bingxing2/home/scx6115/.conda/envs/torch2.0/bin/torchrun", line 8, in <module>
    sys.exit(main())
  File "/home/bingxing2/home/scx6115/.conda/envs/torch2.0/lib/python3.10/site-packages/torch/distributed/elastic/multiprocessing/errors/__init__.py", line 346, in wrapper
    return f(*args, **kwargs)
  File "/home/bingxing2/home/scx6115/.conda/envs/torch2.0/lib/python3.10/site-packages/torch/distributed/run.py", line 794, in main
    run(args)
  File "/home/bingxing2/home/scx6115/.conda/envs/torch2.0/lib/python3.10/site-packages/torch/distributed/run.py", line 785, in run
    elastic_launch(
  File "/home/bingxing2/home/scx6115/.conda/envs/torch2.0/lib/python3.10/site-packages/torch/distributed/launcher/api.py", line 134, in __call__
    return launch_agent(self._config, self._entrypoint, list(args))
  File "/home/bingxing2/home/scx6115/.conda/envs/torch2.0/lib/python3.10/site-packages/torch/distributed/launcher/api.py", line 250, in launch_agent
    raise ChildFailedError(
torch.distributed.elastic.multiprocessing.errors.ChildFailedError: 
============================================================
train_025_multi_steps.py FAILED
------------------------------------------------------------
Failures:
[1]:
  time      : 2023-07-03_12:50:45
  host      : paraai-n32-h-01-agent-95.paraai-n32-h-01.com
  rank      : 14 (local_rank: 2)
  exitcode  : 1 (pid: 2340789)
  error_file: <N/A>
  traceback : To enable traceback see: https://pytorch.org/docs/stable/elastic/errors.html
[2]:
  time      : 2023-07-03_12:50:45
  host      : paraai-n32-h-01-agent-95.paraai-n32-h-01.com
  rank      : 15 (local_rank: 3)
  exitcode  : 1 (pid: 2340790)
  error_file: <N/A>
  traceback : To enable traceback see: https://pytorch.org/docs/stable/elastic/errors.html
------------------------------------------------------------
Root Cause (first observed failure):
[0]:
  time      : 2023-07-03_12:50:45
  host      : paraai-n32-h-01-agent-95.paraai-n32-h-01.com
  rank      : 13 (local_rank: 1)
  exitcode  : 1 (pid: 2340788)
  error_file: <N/A>
  traceback : To enable traceback see: https://pytorch.org/docs/stable/elastic/errors.html
============================================================
srun: error: paraai-n32-h-01-agent-95: task 0: Exited with exit code 1
