master_addr is only used for static rdzv_backend and when rdzv_endpoint is not specified.
paraai-n32-h-01-agent-108
0
------------------ Configuration ------------------  /home/bingxing2/home/scx6115/Ocean_AI_model/config/Model_2.yaml
paraai-n32-h-01-agent-108
0
------------------ Configuration ------------------  /home/bingxing2/home/scx6115/Ocean_AI_model/config/Model_2.yaml
paraai-n32-h-01-agent-108
0
------------------ Configuration ------------------  /home/bingxing2/home/scx6115/Ocean_AI_model/config/Model_2.yaml
paraai-n32-h-01-agent-108
0
------------------ Configuration ------------------  /home/bingxing2/home/scx6115/Ocean_AI_model/config/Model_2.yaml
nettype Masked_AE_Ocean
log_to_wandb True
lr 0.001
batch_size 32
max_epochs 150
scheduler CosineAnnealingLR
fusion_3d_2d False
in_channels [0, 1, 2, 3, 4, 5, 6, 7, 8, 9, 10, 11, 12, 13, 14, 15, 16, 17, 18, 19, 20, 21, 22, 23, 24, 25, 26, 27, 28, 29, 30, 31, 32, 33, 34, 35, 36, 37, 38, 39, 40, 41, 42, 43, 44, 45, 46, 47, 48, 49, 50, 51, 52, 53, 54, 55, 56, 57, 58, 59, 60, 61, 62, 63, 64, 65]
out_channels [0, 1, 2, 3, 4, 5, 6, 7, 8, 9, 10, 11, 12, 13, 14, 15, 16, 17, 18, 19, 20, 21, 22, 23, 24, 25, 26, 27, 28, 29, 30, 31, 32, 33, 34, 35, 36, 37, 38, 39, 40, 41, 42, 43, 44, 45, 46, 47, 48, 49, 50, 51, 52, 53, 54, 55, 56, 57, 58, 59, 60]
N_in_channels 66
N_out_channels 61
img_size_h 720
img_size_w 1440
patch_size_h 8
patch_size_w 8
mlp_ratio 4.0
embed_dim 512
depth 16
num_heads 16
decoder_embed_dim 1024
decoder_depth 8
decoder_num_heads 16
koopman_depth 2
modes_h_ratio 1
modes_w_ratio 0.8
drop_rate 0.0
drop_path_rate 0.0
sparsity_threshold 0.01
hard_thresholding_fraction 1.0
num_blocks 8
loss l2
num_data_workers 0
dt 1
n_history 0
prediction_type iterative
prediction_length 41
n_initial_conditions 5
ics_type default
date_strings ['2018-09-14 00:00:00']
save_raw_forecasts True
save_channel False
masked_acc False
maskpath None
perturb False
add_grid False
N_grid_channels 0
gridtype sinusoidal
roll False
enable_nhwc False
optimizer_type FusedAdam
exp_dir ./exp_15_levels
patch_size 8
width 56
modes 32
target default
train_data_path /home/bingxing2/home/scx6115/Ocean_AI_model/sample_01/train
valid_data_path /home/bingxing2/home/scx6115/Ocean_AI_model/sample_01/valid
test_data_path /home/bingxing2/home/scx6115/Ocean_AI_model/sample_01/test
land_mask True
land_mask_path /home/bingxing2/home/scx6115/Ocean_AI_model/sample_01/land_mask.h5
normalize True
normalization zscore
global_mins_path /home/bingxing2/home/scx6115/Ocean_AI_model/sample_01/train/global_mins.npy
global_maxs_path /home/bingxing2/home/scx6115/Ocean_AI_model/sample_01/train/global_maxs.npy
global_means_path /home/bingxing2/home/scx6115/Ocean_AI_model/sample_01/train/global_means.npy
global_stds_path /home/bingxing2/home/scx6115/Ocean_AI_model/sample_01/train/global_stds.npy
orography True
orography_norm_zscore_path /home/bingxing2/home/scx6115/Ocean_AI_model/sample_01/orography_norm_zscore.h5
orography_norm_maxmin_path /home/bingxing2/home/scx6115/Ocean_AI_model/sample_01/orography_norm_maxmin.h5
add_noise False
noise_std 0
crop_size_x None
crop_size_y None
log_to_screen True
save_checkpoint True
plot_animations False
---------------------------------------------------
world_size : 16
Initialize distributed process group...
nettype Masked_AE_Ocean
log_to_wandb True
lr 0.001
batch_size 32
max_epochs 150
scheduler CosineAnnealingLR
fusion_3d_2d False
in_channels [0, 1, 2, 3, 4, 5, 6, 7, 8, 9, 10, 11, 12, 13, 14, 15, 16, 17, 18, 19, 20, 21, 22, 23, 24, 25, 26, 27, 28, 29, 30, 31, 32, 33, 34, 35, 36, 37, 38, 39, 40, 41, 42, 43, 44, 45, 46, 47, 48, 49, 50, 51, 52, 53, 54, 55, 56, 57, 58, 59, 60, 61, 62, 63, 64, 65]
out_channels [0, 1, 2, 3, 4, 5, 6, 7, 8, 9, 10, 11, 12, 13, 14, 15, 16, 17, 18, 19, 20, 21, 22, 23, 24, 25, 26, 27, 28, 29, 30, 31, 32, 33, 34, 35, 36, 37, 38, 39, 40, 41, 42, 43, 44, 45, 46, 47, 48, 49, 50, 51, 52, 53, 54, 55, 56, 57, 58, 59, 60]
N_in_channels 66
N_out_channels 61
img_size_h 720
img_size_w 1440
patch_size_h 8
patch_size_w 8
mlp_ratio 4.0
embed_dim 512
depth 16
num_heads 16
decoder_embed_dim 1024
decoder_depth 8
decoder_num_heads 16
koopman_depth 2
modes_h_ratio 1
modes_w_ratio 0.8
drop_rate 0.0
drop_path_rate 0.0
sparsity_threshold 0.01
hard_thresholding_fraction 1.0
num_blocks 8
loss l2
num_data_workers 0
dt 1
n_history 0
prediction_type iterative
prediction_length 41
n_initial_conditions 5
ics_type default
date_strings ['2018-09-14 00:00:00']
save_raw_forecasts True
save_channel False
masked_acc False
maskpath None
perturb False
add_grid False
N_grid_channels 0
gridtype sinusoidal
roll False
enable_nhwc False
optimizer_type FusedAdam
exp_dir ./exp_15_levels
patch_size 8
width 56
modes 32
target default
train_data_path /home/bingxing2/home/scx6115/Ocean_AI_model/sample_01/train
valid_data_path /home/bingxing2/home/scx6115/Ocean_AI_model/sample_01/valid
test_data_path /home/bingxing2/home/scx6115/Ocean_AI_model/sample_01/test
land_mask True
land_mask_path /home/bingxing2/home/scx6115/Ocean_AI_model/sample_01/land_mask.h5
normalize True
normalization zscore
global_mins_path /home/bingxing2/home/scx6115/Ocean_AI_model/sample_01/train/global_mins.npy
global_maxs_path /home/bingxing2/home/scx6115/Ocean_AI_model/sample_01/train/global_maxs.npy
global_means_path /home/bingxing2/home/scx6115/Ocean_AI_model/sample_01/train/global_means.npy
global_stds_path /home/bingxing2/home/scx6115/Ocean_AI_model/sample_01/train/global_stds.npy
orography True
orography_norm_zscore_path /home/bingxing2/home/scx6115/Ocean_AI_model/sample_01/orography_norm_zscore.h5
orography_norm_maxmin_path /home/bingxing2/home/scx6115/Ocean_AI_model/sample_01/orography_norm_maxmin.h5
add_noise False
noise_std 0
crop_size_x None
crop_size_y None
log_to_screen True
save_checkpoint True
plot_animations False
---------------------------------------------------
world_size : 16
Initialize distributed process group...
nettype Masked_AE_Ocean
log_to_wandb True
lr 0.001
batch_size 32
max_epochs 150
scheduler CosineAnnealingLR
fusion_3d_2d False
in_channels [0, 1, 2, 3, 4, 5, 6, 7, 8, 9, 10, 11, 12, 13, 14, 15, 16, 17, 18, 19, 20, 21, 22, 23, 24, 25, 26, 27, 28, 29, 30, 31, 32, 33, 34, 35, 36, 37, 38, 39, 40, 41, 42, 43, 44, 45, 46, 47, 48, 49, 50, 51, 52, 53, 54, 55, 56, 57, 58, 59, 60, 61, 62, 63, 64, 65]
out_channels [0, 1, 2, 3, 4, 5, 6, 7, 8, 9, 10, 11, 12, 13, 14, 15, 16, 17, 18, 19, 20, 21, 22, 23, 24, 25, 26, 27, 28, 29, 30, 31, 32, 33, 34, 35, 36, 37, 38, 39, 40, 41, 42, 43, 44, 45, 46, 47, 48, 49, 50, 51, 52, 53, 54, 55, 56, 57, 58, 59, 60]
N_in_channels 66
N_out_channels 61
img_size_h 720
img_size_w 1440
patch_size_h 8
patch_size_w 8
mlp_ratio 4.0
embed_dim 512
depth 16
num_heads 16
decoder_embed_dim 1024
decoder_depth 8
decoder_num_heads 16
koopman_depth 2
modes_h_ratio 1
modes_w_ratio 0.8
drop_rate 0.0
drop_path_rate 0.0
sparsity_threshold 0.01
hard_thresholding_fraction 1.0
num_blocks 8
loss l2
num_data_workers 0
dt 1
n_history 0
prediction_type iterative
prediction_length 41
n_initial_conditions 5
ics_type default
date_strings ['2018-09-14 00:00:00']
save_raw_forecasts True
save_channel False
masked_acc False
maskpath None
perturb False
add_grid False
N_grid_channels 0
gridtype sinusoidal
roll False
enable_nhwc False
optimizer_type FusedAdam
exp_dir ./exp_15_levels
patch_size 8
width 56
modes 32
target default
train_data_path /home/bingxing2/home/scx6115/Ocean_AI_model/sample_01/train
valid_data_path /home/bingxing2/home/scx6115/Ocean_AI_model/sample_01/valid
test_data_path /home/bingxing2/home/scx6115/Ocean_AI_model/sample_01/test
land_mask True
land_mask_path /home/bingxing2/home/scx6115/Ocean_AI_model/sample_01/land_mask.h5
normalize True
normalization zscore
global_mins_path /home/bingxing2/home/scx6115/Ocean_AI_model/sample_01/train/global_mins.npy
global_maxs_path /home/bingxing2/home/scx6115/Ocean_AI_model/sample_01/train/global_maxs.npy
global_means_path /home/bingxing2/home/scx6115/Ocean_AI_model/sample_01/train/global_means.npy
global_stds_path /home/bingxing2/home/scx6115/Ocean_AI_model/sample_01/train/global_stds.npy
orography True
orography_norm_zscore_path /home/bingxing2/home/scx6115/Ocean_AI_model/sample_01/orography_norm_zscore.h5
orography_norm_maxmin_path /home/bingxing2/home/scx6115/Ocean_AI_model/sample_01/orography_norm_maxmin.h5
add_noise False
noise_std 0
crop_size_x None
crop_size_y None
log_to_screen True
save_checkpoint True
plot_animations False
---------------------------------------------------
world_size : 16
Initialize distributed process group...
nettype Masked_AE_Ocean
log_to_wandb True
lr 0.001
batch_size 32
max_epochs 150
scheduler CosineAnnealingLR
fusion_3d_2d False
in_channels [0, 1, 2, 3, 4, 5, 6, 7, 8, 9, 10, 11, 12, 13, 14, 15, 16, 17, 18, 19, 20, 21, 22, 23, 24, 25, 26, 27, 28, 29, 30, 31, 32, 33, 34, 35, 36, 37, 38, 39, 40, 41, 42, 43, 44, 45, 46, 47, 48, 49, 50, 51, 52, 53, 54, 55, 56, 57, 58, 59, 60, 61, 62, 63, 64, 65]
out_channels [0, 1, 2, 3, 4, 5, 6, 7, 8, 9, 10, 11, 12, 13, 14, 15, 16, 17, 18, 19, 20, 21, 22, 23, 24, 25, 26, 27, 28, 29, 30, 31, 32, 33, 34, 35, 36, 37, 38, 39, 40, 41, 42, 43, 44, 45, 46, 47, 48, 49, 50, 51, 52, 53, 54, 55, 56, 57, 58, 59, 60]
N_in_channels 66
N_out_channels 61
img_size_h 720
img_size_w 1440
patch_size_h 8
patch_size_w 8
mlp_ratio 4.0
embed_dim 512
depth 16
num_heads 16
decoder_embed_dim 1024
decoder_depth 8
decoder_num_heads 16
koopman_depth 2
modes_h_ratio 1
modes_w_ratio 0.8
drop_rate 0.0
drop_path_rate 0.0
sparsity_threshold 0.01
hard_thresholding_fraction 1.0
num_blocks 8
loss l2
num_data_workers 0
dt 1
n_history 0
prediction_type iterative
prediction_length 41
n_initial_conditions 5
ics_type default
date_strings ['2018-09-14 00:00:00']
save_raw_forecasts True
save_channel False
masked_acc False
maskpath None
perturb False
add_grid False
N_grid_channels 0
gridtype sinusoidal
roll False
enable_nhwc False
optimizer_type FusedAdam
exp_dir ./exp_15_levels
patch_size 8
width 56
modes 32
target default
train_data_path /home/bingxing2/home/scx6115/Ocean_AI_model/sample_01/train
valid_data_path /home/bingxing2/home/scx6115/Ocean_AI_model/sample_01/valid
test_data_path /home/bingxing2/home/scx6115/Ocean_AI_model/sample_01/test
land_mask True
land_mask_path /home/bingxing2/home/scx6115/Ocean_AI_model/sample_01/land_mask.h5
normalize True
normalization zscore
global_mins_path /home/bingxing2/home/scx6115/Ocean_AI_model/sample_01/train/global_mins.npy
global_maxs_path /home/bingxing2/home/scx6115/Ocean_AI_model/sample_01/train/global_maxs.npy
global_means_path /home/bingxing2/home/scx6115/Ocean_AI_model/sample_01/train/global_means.npy
global_stds_path /home/bingxing2/home/scx6115/Ocean_AI_model/sample_01/train/global_stds.npy
orography True
orography_norm_zscore_path /home/bingxing2/home/scx6115/Ocean_AI_model/sample_01/orography_norm_zscore.h5
orography_norm_maxmin_path /home/bingxing2/home/scx6115/Ocean_AI_model/sample_01/orography_norm_maxmin.h5
add_noise False
noise_std 0
crop_size_x None
crop_size_y None
log_to_screen True
save_checkpoint True
plot_animations False
---------------------------------------------------
world_size : 16
Initialize distributed process group...
2023-07-08 11:19:34,381 - torch.distributed.distributed_c10d - INFO - Added key: store_based_barrier_key:1 to store for rank: 11
2023-07-08 11:19:34,430 - torch.distributed.distributed_c10d - INFO - Added key: store_based_barrier_key:1 to store for rank: 9
2023-07-08 11:19:34,433 - torch.distributed.distributed_c10d - INFO - Added key: store_based_barrier_key:1 to store for rank: 8
2023-07-08 11:19:34,434 - torch.distributed.distributed_c10d - INFO - Added key: store_based_barrier_key:1 to store for rank: 10
2023-07-08 11:19:35,257 - torch.distributed.distributed_c10d - INFO - Rank 11: Completed store-based barrier for key:store_based_barrier_key:1 with 16 nodes.
2023-07-08 11:19:35,257 - torch.distributed.distributed_c10d - INFO - Rank 8: Completed store-based barrier for key:store_based_barrier_key:1 with 16 nodes.
2023-07-08 11:19:35,257 - torch.distributed.distributed_c10d - INFO - Rank 9: Completed store-based barrier for key:store_based_barrier_key:1 with 16 nodes.
2023-07-08 11:19:35,258 - torch.distributed.distributed_c10d - INFO - Rank 10: Completed store-based barrier for key:store_based_barrier_key:1 with 16 nodes.
2023-07-08 11:19:35,315 - root - INFO - device: cuda:0
2023-07-08 11:19:35,315 - root - INFO - rank 8, begin data loader init
2023-07-08 11:19:35,319 - root - INFO - device: cuda:3
2023-07-08 11:19:35,319 - root - INFO - rank 11, begin data loader init
2023-07-08 11:19:35,322 - root - INFO - device: cuda:1
2023-07-08 11:19:35,322 - root - INFO - rank 9, begin data loader init
2023-07-08 11:19:35,322 - root - INFO - device: cuda:2
2023-07-08 11:19:35,323 - root - INFO - rank 10, begin data loader init
2023-07-08 11:19:35,323 - root - INFO - Getting file stats from /home/bingxing2/home/scx6115/Ocean_AI_model/sample_01/train/2000.h5
2023-07-08 11:19:35,323 - root - INFO - Getting file stats from /home/bingxing2/home/scx6115/Ocean_AI_model/sample_01/train/2000.h5
2023-07-08 11:19:35,324 - root - INFO - Number of samples per year: 365
2023-07-08 11:19:35,324 - root - INFO - Number of samples per year: 365
2023-07-08 11:19:35,324 - root - INFO - Found data at path /home/bingxing2/home/scx6115/Ocean_AI_model/sample_01/train. Number of examples: 4380. Image Shape: 720 x 1440 x 66
2023-07-08 11:19:35,324 - root - INFO - Getting file stats from /home/bingxing2/home/scx6115/Ocean_AI_model/sample_01/train/2000.h5
2023-07-08 11:19:35,324 - root - INFO - Delta t: 1 days
2023-07-08 11:19:35,324 - root - INFO - Found data at path /home/bingxing2/home/scx6115/Ocean_AI_model/sample_01/train. Number of examples: 4380. Image Shape: 720 x 1440 x 66
2023-07-08 11:19:35,324 - root - INFO - Including 0 days of past history in training at a frequency of 1 days
2023-07-08 11:19:35,324 - root - INFO - Delta t: 1 days
2023-07-08 11:19:35,324 - root - INFO - Including 0 days of past history in training at a frequency of 1 days
2023-07-08 11:19:35,324 - root - INFO - Getting file stats from /home/bingxing2/home/scx6115/Ocean_AI_model/sample_01/train/2000.h5
2023-07-08 11:19:35,325 - root - INFO - Number of samples per year: 365
2023-07-08 11:19:35,325 - root - INFO - Found data at path /home/bingxing2/home/scx6115/Ocean_AI_model/sample_01/train. Number of examples: 4380. Image Shape: 720 x 1440 x 66
2023-07-08 11:19:35,325 - root - INFO - Delta t: 1 days
2023-07-08 11:19:35,325 - root - INFO - Including 0 days of past history in training at a frequency of 1 days
2023-07-08 11:19:35,325 - root - INFO - Number of samples per year: 365
2023-07-08 11:19:35,326 - root - INFO - Found data at path /home/bingxing2/home/scx6115/Ocean_AI_model/sample_01/train. Number of examples: 4380. Image Shape: 720 x 1440 x 66
2023-07-08 11:19:35,326 - root - INFO - Delta t: 1 days
2023-07-08 11:19:35,326 - root - INFO - Including 0 days of past history in training at a frequency of 1 days
2023-07-08 11:19:35,330 - root - INFO - Getting file stats from /home/bingxing2/home/scx6115/Ocean_AI_model/sample_01/valid/2011.h5
2023-07-08 11:19:35,330 - root - INFO - Getting file stats from /home/bingxing2/home/scx6115/Ocean_AI_model/sample_01/valid/2011.h5
2023-07-08 11:19:35,330 - root - INFO - Getting file stats from /home/bingxing2/home/scx6115/Ocean_AI_model/sample_01/valid/2011.h5
2023-07-08 11:19:35,330 - root - INFO - Getting file stats from /home/bingxing2/home/scx6115/Ocean_AI_model/sample_01/valid/2011.h5
2023-07-08 11:19:35,331 - root - INFO - Number of samples per year: 364
2023-07-08 11:19:35,331 - root - INFO - Number of samples per year: 364
2023-07-08 11:19:35,331 - root - INFO - Number of samples per year: 364
2023-07-08 11:19:35,331 - root - INFO - Number of samples per year: 364
2023-07-08 11:19:35,331 - root - INFO - Found data at path /home/bingxing2/home/scx6115/Ocean_AI_model/sample_01/valid. Number of examples: 364. Image Shape: 720 x 1440 x 66
2023-07-08 11:19:35,331 - root - INFO - Found data at path /home/bingxing2/home/scx6115/Ocean_AI_model/sample_01/valid. Number of examples: 364. Image Shape: 720 x 1440 x 66
2023-07-08 11:19:35,331 - root - INFO - Delta t: 1 days
2023-07-08 11:19:35,331 - root - INFO - Found data at path /home/bingxing2/home/scx6115/Ocean_AI_model/sample_01/valid. Number of examples: 364. Image Shape: 720 x 1440 x 66
2023-07-08 11:19:35,331 - root - INFO - Found data at path /home/bingxing2/home/scx6115/Ocean_AI_model/sample_01/valid. Number of examples: 364. Image Shape: 720 x 1440 x 66
2023-07-08 11:19:35,331 - root - INFO - Delta t: 1 days
2023-07-08 11:19:35,331 - root - INFO - Including 0 days of past history in training at a frequency of 1 days
2023-07-08 11:19:35,331 - root - INFO - Delta t: 1 days
2023-07-08 11:19:35,331 - root - INFO - Delta t: 1 days
2023-07-08 11:19:35,331 - root - INFO - Including 0 days of past history in training at a frequency of 1 days
2023-07-08 11:19:35,331 - root - INFO - Including 0 days of past history in training at a frequency of 1 days
2023-07-08 11:19:35,331 - root - INFO - Including 0 days of past history in training at a frequency of 1 days
2023-07-08 11:19:35,331 - root - INFO - rank 8, data loader initialized
2023-07-08 11:19:35,331 - root - INFO - rank 9, data loader initialized
2023-07-08 11:19:35,331 - root - INFO - rank 10, data loader initialized
2023-07-08 11:19:35,331 - root - INFO - rank 11, data loader initialized
paraai-n32-h-01-agent-108:2534235:2534235 [2] NCCL INFO cudaDriverVersion 11060
paraai-n32-h-01-agent-108:2534234:2534234 [1] NCCL INFO cudaDriverVersion 11060
paraai-n32-h-01-agent-108:2534236:2534236 [3] NCCL INFO cudaDriverVersion 11060
paraai-n32-h-01-agent-108:2534233:2534233 [0] NCCL INFO cudaDriverVersion 11060
paraai-n32-h-01-agent-108:2534236:2534236 [3] NCCL INFO Bootstrap : Using eth0:172.16.4.91<0>
paraai-n32-h-01-agent-108:2534235:2534235 [2] NCCL INFO Bootstrap : Using eth0:172.16.4.91<0>
paraai-n32-h-01-agent-108:2534234:2534234 [1] NCCL INFO Bootstrap : Using eth0:172.16.4.91<0>
paraai-n32-h-01-agent-108:2534233:2534233 [0] NCCL INFO Bootstrap : Using eth0:172.16.4.91<0>
paraai-n32-h-01-agent-108:2534234:2534234 [1] NCCL INFO NET/Plugin : No plugin found (libnccl-net.so), using internal implementation
paraai-n32-h-01-agent-108:2534235:2534235 [2] NCCL INFO NET/Plugin : No plugin found (libnccl-net.so), using internal implementation
paraai-n32-h-01-agent-108:2534236:2534236 [3] NCCL INFO NET/Plugin : No plugin found (libnccl-net.so), using internal implementation
paraai-n32-h-01-agent-108:2534233:2534233 [0] NCCL INFO NET/Plugin : No plugin found (libnccl-net.so), using internal implementation
paraai-n32-h-01-agent-108:2534235:2534989 [2] NCCL INFO NET/IB : Using [0]mlx5_0:1/RoCE [1]mlx5_2:1/RoCE [RO]; OOB eth0:172.16.4.91<0>
paraai-n32-h-01-agent-108:2534235:2534989 [2] NCCL INFO Using network IB
paraai-n32-h-01-agent-108:2534233:2534988 [0] NCCL INFO NET/IB : Using [0]mlx5_0:1/RoCE [1]mlx5_2:1/RoCE [RO]; OOB eth0:172.16.4.91<0>
paraai-n32-h-01-agent-108:2534233:2534988 [0] NCCL INFO Using network IB
paraai-n32-h-01-agent-108:2534236:2534987 [3] NCCL INFO NET/IB : Using [0]mlx5_0:1/RoCE [1]mlx5_2:1/RoCE [RO]; OOB eth0:172.16.4.91<0>
paraai-n32-h-01-agent-108:2534236:2534987 [3] NCCL INFO Using network IB
paraai-n32-h-01-agent-108:2534234:2534986 [1] NCCL INFO NET/IB : Using [0]mlx5_0:1/RoCE [1]mlx5_2:1/RoCE [RO]; OOB eth0:172.16.4.91<0>
paraai-n32-h-01-agent-108:2534234:2534986 [1] NCCL INFO Using network IB
paraai-n32-h-01-agent-108:2534233:2534988 [0] NCCL INFO Setting affinity for GPU 0 to ffffffff
paraai-n32-h-01-agent-108:2534234:2534986 [1] NCCL INFO Setting affinity for GPU 1 to ffffffff
paraai-n32-h-01-agent-108:2534236:2534987 [3] NCCL INFO Setting affinity for GPU 3 to ffffffff,00000000,00000000
paraai-n32-h-01-agent-108:2534235:2534989 [2] NCCL INFO Setting affinity for GPU 2 to ffffffff,00000000,00000000
paraai-n32-h-01-agent-108:2534236:2534987 [3] NCCL INFO NCCL_MAX_NCHANNELS set by environment to 16.
paraai-n32-h-01-agent-108:2534234:2534986 [1] NCCL INFO NCCL_MAX_NCHANNELS set by environment to 16.
paraai-n32-h-01-agent-108:2534233:2534988 [0] NCCL INFO NCCL_MAX_NCHANNELS set by environment to 16.
paraai-n32-h-01-agent-108:2534235:2534989 [2] NCCL INFO NCCL_MAX_NCHANNELS set by environment to 16.
paraai-n32-h-01-agent-108:2534236:2534987 [3] NCCL INFO NCCL_MIN_NCHANNELS set by environment to 16.
paraai-n32-h-01-agent-108:2534234:2534986 [1] NCCL INFO NCCL_MIN_NCHANNELS set by environment to 16.
paraai-n32-h-01-agent-108:2534233:2534988 [0] NCCL INFO NCCL_MIN_NCHANNELS set by environment to 16.
paraai-n32-h-01-agent-108:2534235:2534989 [2] NCCL INFO NCCL_MIN_NCHANNELS set by environment to 16.
paraai-n32-h-01-agent-108:2534236:2534987 [3] NCCL INFO Trees [0] -1/-1/-1->11->10 [1] 8/6/-1->11->10 [2] -1/-1/-1->11->10 [3] 8/-1/-1->11->10 [4] -1/-1/-1->11->10 [5] 8/6/-1->11->10 [6] -1/-1/-1->11->10 [7] 8/-1/-1->11->10 [8] -1/-1/-1->11->10 [9] 8/6/-1->11->10 [10] -1/-1/-1->11->10 [11] 8/-1/-1->11->10 [12] -1/-1/-1->11->10 [13] 8/6/-1->11->10 [14] -1/-1/-1->11->10 [15] 8/-1/-1->11->10
paraai-n32-h-01-agent-108:2534234:2534986 [1] NCCL INFO Trees [0] 10/4/-1->9->8 [1] -1/-1/-1->9->8 [2] 10/-1/-1->9->8 [3] -1/-1/-1->9->8 [4] 10/4/-1->9->8 [5] -1/-1/-1->9->8 [6] 10/-1/-1->9->8 [7] -1/-1/-1->9->8 [8] 10/4/-1->9->8 [9] -1/-1/-1->9->8 [10] 10/-1/-1->9->8 [11] -1/-1/-1->9->8 [12] 10/4/-1->9->8 [13] -1/-1/-1->9->8 [14] 10/-1/-1->9->8 [15] -1/-1/-1->9->8
paraai-n32-h-01-agent-108:2534233:2534988 [0] NCCL INFO Trees [0] 9/12/-1->8->0 [1] 9/-1/-1->8->11 [2] 9/-1/-1->8->5 [3] 9/-1/-1->8->11 [4] 9/12/-1->8->0 [5] 9/-1/-1->8->11 [6] 9/-1/-1->8->5 [7] 9/-1/-1->8->11 [8] 9/12/-1->8->0 [9] 9/-1/-1->8->11 [10] 9/-1/-1->8->5 [11] 9/-1/-1->8->11 [12] 9/12/-1->8->0 [13] 9/-1/-1->8->11 [14] 9/-1/-1->8->5 [15] 9/-1/-1->8->11
paraai-n32-h-01-agent-108:2534235:2534989 [2] NCCL INFO Trees [0] 11/-1/-1->10->9 [1] 11/14/-1->10->2 [2] 11/-1/-1->10->9 [3] 11/-1/-1->10->7 [4] 11/-1/-1->10->9 [5] 11/14/-1->10->2 [6] 11/-1/-1->10->9 [7] 11/-1/-1->10->7 [8] 11/-1/-1->10->9 [9] 11/14/-1->10->2 [10] 11/-1/-1->10->9 [11] 11/-1/-1->10->7 [12] 11/-1/-1->10->9 [13] 11/14/-1->10->2 [14] 11/-1/-1->10->9 [15] 11/-1/-1->10->7
paraai-n32-h-01-agent-108:2534233:2534988 [0] NCCL INFO Channel 00/0 : 7[82000] -> 8[1000] [receive] via NET/IB/0
paraai-n32-h-01-agent-108:2534234:2534986 [1] NCCL INFO Channel 00 : 9[2000] -> 10[81000] via SHM/direct/direct
paraai-n32-h-01-agent-108:2534234:2534986 [1] NCCL INFO Channel 02 : 9[2000] -> 10[81000] via SHM/direct/direct
paraai-n32-h-01-agent-108:2534234:2534986 [1] NCCL INFO Channel 04 : 9[2000] -> 10[81000] via SHM/direct/direct
paraai-n32-h-01-agent-108:2534234:2534986 [1] NCCL INFO Channel 06 : 9[2000] -> 10[81000] via SHM/direct/direct
paraai-n32-h-01-agent-108:2534234:2534986 [1] NCCL INFO Channel 08 : 9[2000] -> 10[81000] via SHM/direct/direct
paraai-n32-h-01-agent-108:2534234:2534986 [1] NCCL INFO Channel 10 : 9[2000] -> 10[81000] via SHM/direct/direct
paraai-n32-h-01-agent-108:2534234:2534986 [1] NCCL INFO Channel 12 : 9[2000] -> 10[81000] via SHM/direct/direct
paraai-n32-h-01-agent-108:2534234:2534986 [1] NCCL INFO Channel 14 : 9[2000] -> 10[81000] via SHM/direct/direct
paraai-n32-h-01-agent-108:2534235:2534989 [2] NCCL INFO Channel 00 : 10[81000] -> 11[82000] via SHM/direct/direct
paraai-n32-h-01-agent-108:2534235:2534989 [2] NCCL INFO Channel 01 : 10[81000] -> 11[82000] via SHM/direct/direct
paraai-n32-h-01-agent-108:2534235:2534989 [2] NCCL INFO Channel 02 : 10[81000] -> 11[82000] via SHM/direct/direct
paraai-n32-h-01-agent-108:2534235:2534989 [2] NCCL INFO Channel 03 : 10[81000] -> 11[82000] via SHM/direct/direct
paraai-n32-h-01-agent-108:2534235:2534989 [2] NCCL INFO Channel 04 : 10[81000] -> 11[82000] via SHM/direct/direct
paraai-n32-h-01-agent-108:2534235:2534989 [2] NCCL INFO Channel 05 : 10[81000] -> 11[82000] via SHM/direct/direct
paraai-n32-h-01-agent-108:2534235:2534989 [2] NCCL INFO Channel 06 : 10[81000] -> 11[82000] via SHM/direct/direct
paraai-n32-h-01-agent-108:2534235:2534989 [2] NCCL INFO Channel 07 : 10[81000] -> 11[82000] via SHM/direct/direct
paraai-n32-h-01-agent-108:2534235:2534989 [2] NCCL INFO Channel 08 : 10[81000] -> 11[82000] via SHM/direct/direct
paraai-n32-h-01-agent-108:2534235:2534989 [2] NCCL INFO Channel 09 : 10[81000] -> 11[82000] via SHM/direct/direct
paraai-n32-h-01-agent-108:2534235:2534989 [2] NCCL INFO Channel 10 : 10[81000] -> 11[82000] via SHM/direct/direct
paraai-n32-h-01-agent-108:2534235:2534989 [2] NCCL INFO Channel 11 : 10[81000] -> 11[82000] via SHM/direct/direct
paraai-n32-h-01-agent-108:2534235:2534989 [2] NCCL INFO Channel 12 : 10[81000] -> 11[82000] via SHM/direct/direct
paraai-n32-h-01-agent-108:2534235:2534989 [2] NCCL INFO Channel 13 : 10[81000] -> 11[82000] via SHM/direct/direct
paraai-n32-h-01-agent-108:2534235:2534989 [2] NCCL INFO Channel 14 : 10[81000] -> 11[82000] via SHM/direct/direct
paraai-n32-h-01-agent-108:2534235:2534989 [2] NCCL INFO Channel 15 : 10[81000] -> 11[82000] via SHM/direct/direct
paraai-n32-h-01-agent-108:2534236:2534987 [3] NCCL INFO Channel 00/0 : 11[82000] -> 12[1000] [send] via NET/IB/1
paraai-n32-h-01-agent-108:2534233:2534988 [0] NCCL INFO Channel 02/0 : 7[82000] -> 8[1000] [receive] via NET/IB/0
paraai-n32-h-01-agent-108:2534236:2534987 [3] NCCL INFO Channel 02/0 : 11[82000] -> 12[1000] [send] via NET/IB/1
paraai-n32-h-01-agent-108:2534233:2534988 [0] NCCL INFO Channel 04/0 : 7[82000] -> 8[1000] [receive] via NET/IB/0
paraai-n32-h-01-agent-108:2534236:2534987 [3] NCCL INFO Channel 04/0 : 11[82000] -> 12[1000] [send] via NET/IB/1
paraai-n32-h-01-agent-108:2534233:2534988 [0] NCCL INFO Channel 06/0 : 7[82000] -> 8[1000] [receive] via NET/IB/0
paraai-n32-h-01-agent-108:2534236:2534987 [3] NCCL INFO Channel 06/0 : 11[82000] -> 12[1000] [send] via NET/IB/1
paraai-n32-h-01-agent-108:2534236:2534987 [3] NCCL INFO Channel 08/0 : 11[82000] -> 12[1000] [send] via NET/IB/1
paraai-n32-h-01-agent-108:2534236:2534987 [3] NCCL INFO Channel 10/0 : 11[82000] -> 12[1000] [send] via NET/IB/1
paraai-n32-h-01-agent-108:2534233:2534988 [0] NCCL INFO Channel 08/0 : 7[82000] -> 8[1000] [receive] via NET/IB/0
paraai-n32-h-01-agent-108:2534236:2534987 [3] NCCL INFO Channel 12/0 : 11[82000] -> 12[1000] [send] via NET/IB/1
paraai-n32-h-01-agent-108:2534233:2534988 [0] NCCL INFO Channel 10/0 : 7[82000] -> 8[1000] [receive] via NET/IB/0
paraai-n32-h-01-agent-108:2534236:2534987 [3] NCCL INFO Channel 14/0 : 11[82000] -> 12[1000] [send] via NET/IB/1
paraai-n32-h-01-agent-108:2534235:2534989 [2] NCCL INFO Channel 01/0 : 4[1000] -> 10[81000] [receive] via NET/IB/1
paraai-n32-h-01-agent-108:2534233:2534988 [0] NCCL INFO Channel 12/0 : 7[82000] -> 8[1000] [receive] via NET/IB/0
paraai-n32-h-01-agent-108:2534235:2534989 [2] NCCL INFO Channel 03/0 : 4[1000] -> 10[81000] [receive] via NET/IB/1
paraai-n32-h-01-agent-108:2534233:2534988 [0] NCCL INFO Channel 14/0 : 7[82000] -> 8[1000] [receive] via NET/IB/0
paraai-n32-h-01-agent-108:2534233:2534988 [0] NCCL INFO Channel 00 : 8[1000] -> 9[2000] via SHM/direct/direct
paraai-n32-h-01-agent-108:2534233:2534988 [0] NCCL INFO Channel 02 : 8[1000] -> 9[2000] via SHM/direct/direct
paraai-n32-h-01-agent-108:2534233:2534988 [0] NCCL INFO Channel 04 : 8[1000] -> 9[2000] via SHM/direct/direct
paraai-n32-h-01-agent-108:2534233:2534988 [0] NCCL INFO Channel 06 : 8[1000] -> 9[2000] via SHM/direct/direct
paraai-n32-h-01-agent-108:2534233:2534988 [0] NCCL INFO Channel 08 : 8[1000] -> 9[2000] via SHM/direct/direct
paraai-n32-h-01-agent-108:2534233:2534988 [0] NCCL INFO Channel 10 : 8[1000] -> 9[2000] via SHM/direct/direct
paraai-n32-h-01-agent-108:2534236:2535001 [3] NCCL INFO NCCL_IB_GID_INDEX set by environment to 3.
paraai-n32-h-01-agent-108:2534233:2534988 [0] NCCL INFO Channel 12 : 8[1000] -> 9[2000] via SHM/direct/direct
paraai-n32-h-01-agent-108:2534233:2534988 [0] NCCL INFO Channel 14 : 8[1000] -> 9[2000] via SHM/direct/direct
paraai-n32-h-01-agent-108:2534233:2535000 [0] NCCL INFO NCCL_IB_GID_INDEX set by environment to 3.
paraai-n32-h-01-agent-108:2534235:2534989 [2] NCCL INFO Channel 05/0 : 4[1000] -> 10[81000] [receive] via NET/IB/1
paraai-n32-h-01-agent-108:2534235:2534989 [2] NCCL INFO Channel 07/0 : 4[1000] -> 10[81000] [receive] via NET/IB/1
paraai-n32-h-01-agent-108:2534236:2534987 [3] NCCL INFO Channel 01 : 11[82000] -> 9[2000] via SHM/direct/direct
paraai-n32-h-01-agent-108:2534236:2534987 [3] NCCL INFO Channel 03 : 11[82000] -> 9[2000] via SHM/direct/direct
paraai-n32-h-01-agent-108:2534236:2534987 [3] NCCL INFO Channel 05 : 11[82000] -> 9[2000] via SHM/direct/direct
paraai-n32-h-01-agent-108:2534236:2534987 [3] NCCL INFO Channel 07 : 11[82000] -> 9[2000] via SHM/direct/direct
paraai-n32-h-01-agent-108:2534236:2534987 [3] NCCL INFO Channel 09 : 11[82000] -> 9[2000] via SHM/direct/direct
paraai-n32-h-01-agent-108:2534236:2534987 [3] NCCL INFO Channel 11 : 11[82000] -> 9[2000] via SHM/direct/direct
paraai-n32-h-01-agent-108:2534236:2534987 [3] NCCL INFO Channel 13 : 11[82000] -> 9[2000] via SHM/direct/direct
paraai-n32-h-01-agent-108:2534236:2534987 [3] NCCL INFO Channel 15 : 11[82000] -> 9[2000] via SHM/direct/direct
paraai-n32-h-01-agent-108:2534234:2534986 [1] NCCL INFO Channel 01 : 9[2000] -> 8[1000] via SHM/direct/direct
paraai-n32-h-01-agent-108:2534234:2534986 [1] NCCL INFO Channel 03 : 9[2000] -> 8[1000] via SHM/direct/direct
paraai-n32-h-01-agent-108:2534234:2534986 [1] NCCL INFO Channel 05 : 9[2000] -> 8[1000] via SHM/direct/direct
paraai-n32-h-01-agent-108:2534234:2534986 [1] NCCL INFO Channel 07 : 9[2000] -> 8[1000] via SHM/direct/direct
paraai-n32-h-01-agent-108:2534234:2534986 [1] NCCL INFO Channel 09 : 9[2000] -> 8[1000] via SHM/direct/direct
paraai-n32-h-01-agent-108:2534234:2534986 [1] NCCL INFO Channel 11 : 9[2000] -> 8[1000] via SHM/direct/direct
paraai-n32-h-01-agent-108:2534234:2534986 [1] NCCL INFO Channel 13 : 9[2000] -> 8[1000] via SHM/direct/direct
paraai-n32-h-01-agent-108:2534234:2534986 [1] NCCL INFO Channel 15 : 9[2000] -> 8[1000] via SHM/direct/direct
paraai-n32-h-01-agent-108:2534236:2534987 [3] NCCL INFO Connected all rings
paraai-n32-h-01-agent-108:2534233:2534988 [0] NCCL INFO Channel 01/0 : 8[1000] -> 14[81000] [send] via NET/IB/0
paraai-n32-h-01-agent-108:2534233:2534988 [0] NCCL INFO Channel 03/0 : 8[1000] -> 14[81000] [send] via NET/IB/0
paraai-n32-h-01-agent-108:2534235:2534989 [2] NCCL INFO Channel 09/0 : 4[1000] -> 10[81000] [receive] via NET/IB/1
paraai-n32-h-01-agent-108:2534233:2534988 [0] NCCL INFO Channel 05/0 : 8[1000] -> 14[81000] [send] via NET/IB/0
paraai-n32-h-01-agent-108:2534235:2534989 [2] NCCL INFO Channel 11/0 : 4[1000] -> 10[81000] [receive] via NET/IB/1
paraai-n32-h-01-agent-108:2534233:2534988 [0] NCCL INFO Channel 07/0 : 8[1000] -> 14[81000] [send] via NET/IB/0
paraai-n32-h-01-agent-108:2534235:2534989 [2] NCCL INFO Channel 13/0 : 4[1000] -> 10[81000] [receive] via NET/IB/1
paraai-n32-h-01-agent-108:2534233:2534988 [0] NCCL INFO Channel 09/0 : 8[1000] -> 14[81000] [send] via NET/IB/0
paraai-n32-h-01-agent-108:2534235:2534989 [2] NCCL INFO Channel 15/0 : 4[1000] -> 10[81000] [receive] via NET/IB/1
paraai-n32-h-01-agent-108:2534233:2534988 [0] NCCL INFO Channel 11/0 : 8[1000] -> 14[81000] [send] via NET/IB/0
paraai-n32-h-01-agent-108:2534233:2534988 [0] NCCL INFO Channel 13/0 : 8[1000] -> 14[81000] [send] via NET/IB/0
paraai-n32-h-01-agent-108:2534233:2534988 [0] NCCL INFO Channel 15/0 : 8[1000] -> 14[81000] [send] via NET/IB/0
paraai-n32-h-01-agent-108:2534233:2534988 [0] NCCL INFO Connected all rings
paraai-n32-h-01-agent-108:2534233:2534988 [0] NCCL INFO Channel 01 : 8[1000] -> 9[2000] via SHM/direct/direct
paraai-n32-h-01-agent-108:2534233:2534988 [0] NCCL INFO Channel 03 : 8[1000] -> 9[2000] via SHM/direct/direct
paraai-n32-h-01-agent-108:2534233:2534988 [0] NCCL INFO Channel 05 : 8[1000] -> 9[2000] via SHM/direct/direct
paraai-n32-h-01-agent-108:2534233:2534988 [0] NCCL INFO Channel 07 : 8[1000] -> 9[2000] via SHM/direct/direct
paraai-n32-h-01-agent-108:2534233:2534988 [0] NCCL INFO Channel 09 : 8[1000] -> 9[2000] via SHM/direct/direct
paraai-n32-h-01-agent-108:2534233:2534988 [0] NCCL INFO Channel 11 : 8[1000] -> 9[2000] via SHM/direct/direct
paraai-n32-h-01-agent-108:2534233:2534988 [0] NCCL INFO Channel 13 : 8[1000] -> 9[2000] via SHM/direct/direct
paraai-n32-h-01-agent-108:2534233:2534988 [0] NCCL INFO Channel 15 : 8[1000] -> 9[2000] via SHM/direct/direct
paraai-n32-h-01-agent-108:2534234:2534986 [1] NCCL INFO Connected all rings
paraai-n32-h-01-agent-108:2534234:2534986 [1] NCCL INFO Channel 00/0 : 4[1000] -> 9[2000] [receive] via NET/IB/0
paraai-n32-h-01-agent-108:2534233:2534988 [0] NCCL INFO Channel 02/0 : 5[2000] -> 8[1000] [receive] via NET/IB/0
paraai-n32-h-01-agent-108:2534234:2534986 [1] NCCL INFO Channel 04/0 : 4[1000] -> 9[2000] [receive] via NET/IB/0
paraai-n32-h-01-agent-108:2534233:2534988 [0] NCCL INFO Channel 06/0 : 5[2000] -> 8[1000] [receive] via NET/IB/0
paraai-n32-h-01-agent-108:2534234:2534986 [1] NCCL INFO Channel 08/0 : 4[1000] -> 9[2000] [receive] via NET/IB/0
paraai-n32-h-01-agent-108:2534235:2535002 [2] NCCL INFO NCCL_IB_GID_INDEX set by environment to 3.
paraai-n32-h-01-agent-108:2534234:2534986 [1] NCCL INFO Channel 12/0 : 4[1000] -> 9[2000] [receive] via NET/IB/0
paraai-n32-h-01-agent-108:2534233:2534988 [0] NCCL INFO Channel 10/0 : 5[2000] -> 8[1000] [receive] via NET/IB/0
paraai-n32-h-01-agent-108:2534235:2534989 [2] NCCL INFO Connected all rings
paraai-n32-h-01-agent-108:2534233:2534988 [0] NCCL INFO Channel 14/0 : 5[2000] -> 8[1000] [receive] via NET/IB/0
paraai-n32-h-01-agent-108:2534233:2534988 [0] NCCL INFO Channel 01 : 8[1000] -> 11[82000] via SHM/direct/direct
paraai-n32-h-01-agent-108:2534233:2534988 [0] NCCL INFO Channel 03 : 8[1000] -> 11[82000] via SHM/direct/direct
paraai-n32-h-01-agent-108:2534233:2534988 [0] NCCL INFO Channel 05 : 8[1000] -> 11[82000] via SHM/direct/direct
paraai-n32-h-01-agent-108:2534233:2534988 [0] NCCL INFO Channel 07 : 8[1000] -> 11[82000] via SHM/direct/direct
paraai-n32-h-01-agent-108:2534233:2534988 [0] NCCL INFO Channel 09 : 8[1000] -> 11[82000] via SHM/direct/direct
paraai-n32-h-01-agent-108:2534233:2534988 [0] NCCL INFO Channel 11 : 8[1000] -> 11[82000] via SHM/direct/direct
paraai-n32-h-01-agent-108:2534233:2534988 [0] NCCL INFO Channel 13 : 8[1000] -> 11[82000] via SHM/direct/direct
paraai-n32-h-01-agent-108:2534233:2534988 [0] NCCL INFO Channel 15 : 8[1000] -> 11[82000] via SHM/direct/direct
paraai-n32-h-01-agent-108:2534236:2534987 [3] NCCL INFO Channel 01/0 : 6[81000] -> 11[82000] [receive] via NET/IB/1
paraai-n32-h-01-agent-108:2534235:2534989 [2] NCCL INFO Channel 03/0 : 7[82000] -> 10[81000] [receive] via NET/IB/1
paraai-n32-h-01-agent-108:2534236:2534987 [3] NCCL INFO Channel 05/0 : 6[81000] -> 11[82000] [receive] via NET/IB/1
paraai-n32-h-01-agent-108:2534235:2534989 [2] NCCL INFO Channel 07/0 : 7[82000] -> 10[81000] [receive] via NET/IB/1
paraai-n32-h-01-agent-108:2534236:2534987 [3] NCCL INFO Channel 09/0 : 6[81000] -> 11[82000] [receive] via NET/IB/1
paraai-n32-h-01-agent-108:2534235:2534989 [2] NCCL INFO Channel 11/0 : 7[82000] -> 10[81000] [receive] via NET/IB/1
paraai-n32-h-01-agent-108:2534236:2534987 [3] NCCL INFO Channel 13/0 : 6[81000] -> 11[82000] [receive] via NET/IB/1
paraai-n32-h-01-agent-108:2534235:2534989 [2] NCCL INFO Channel 15/0 : 7[82000] -> 10[81000] [receive] via NET/IB/1
paraai-n32-h-01-agent-108:2534233:2534988 [0] NCCL INFO Channel 00/0 : 8[1000] -> 12[1000] [send] via NET/IB/0
paraai-n32-h-01-agent-108:2534235:2534989 [2] NCCL INFO Channel 01/0 : 10[81000] -> 14[81000] [send] via NET/IB/1
paraai-n32-h-01-agent-108:2534233:2534988 [0] NCCL INFO Channel 04/0 : 8[1000] -> 12[1000] [send] via NET/IB/0
paraai-n32-h-01-agent-108:2534235:2534989 [2] NCCL INFO Channel 05/0 : 10[81000] -> 14[81000] [send] via NET/IB/1
paraai-n32-h-01-agent-108:2534233:2534988 [0] NCCL INFO Channel 08/0 : 8[1000] -> 12[1000] [send] via NET/IB/0
paraai-n32-h-01-agent-108:2534235:2534989 [2] NCCL INFO Channel 09/0 : 10[81000] -> 14[81000] [send] via NET/IB/1
paraai-n32-h-01-agent-108:2534233:2534988 [0] NCCL INFO Channel 12/0 : 8[1000] -> 12[1000] [send] via NET/IB/0
paraai-n32-h-01-agent-108:2534235:2534989 [2] NCCL INFO Channel 13/0 : 10[81000] -> 14[81000] [send] via NET/IB/1
paraai-n32-h-01-agent-108:2534236:2534987 [3] NCCL INFO Channel 01/0 : 11[82000] -> 6[81000] [send] via NET/IB/1
paraai-n32-h-01-agent-108:2534234:2535003 [1] NCCL INFO NCCL_IB_GID_INDEX set by environment to 3.
paraai-n32-h-01-agent-108:2534233:2534988 [0] NCCL INFO Channel 00/0 : 0[1000] -> 8[1000] [receive] via NET/IB/0
paraai-n32-h-01-agent-108:2534235:2534989 [2] NCCL INFO Channel 01/0 : 2[81000] -> 10[81000] [receive] via NET/IB/1
paraai-n32-h-01-agent-108:2534236:2534987 [3] NCCL INFO Channel 05/0 : 11[82000] -> 6[81000] [send] via NET/IB/1
paraai-n32-h-01-agent-108:2534234:2534986 [1] NCCL INFO Channel 00/0 : 9[2000] -> 4[1000] [send] via NET/IB/0
paraai-n32-h-01-agent-108:2534233:2534988 [0] NCCL INFO Channel 04/0 : 0[1000] -> 8[1000] [receive] via NET/IB/0
paraai-n32-h-01-agent-108:2534236:2534987 [3] NCCL INFO Channel 09/0 : 11[82000] -> 6[81000] [send] via NET/IB/1
paraai-n32-h-01-agent-108:2534235:2534989 [2] NCCL INFO Channel 05/0 : 2[81000] -> 10[81000] [receive] via NET/IB/1
paraai-n32-h-01-agent-108:2534234:2534986 [1] NCCL INFO Channel 04/0 : 9[2000] -> 4[1000] [send] via NET/IB/0
paraai-n32-h-01-agent-108:2534236:2534987 [3] NCCL INFO Channel 13/0 : 11[82000] -> 6[81000] [send] via NET/IB/1
paraai-n32-h-01-agent-108:2534233:2534988 [0] NCCL INFO Channel 08/0 : 0[1000] -> 8[1000] [receive] via NET/IB/0
paraai-n32-h-01-agent-108:2534235:2534989 [2] NCCL INFO Channel 09/0 : 2[81000] -> 10[81000] [receive] via NET/IB/1
paraai-n32-h-01-agent-108:2534234:2534986 [1] NCCL INFO Channel 08/0 : 9[2000] -> 4[1000] [send] via NET/IB/0
paraai-n32-h-01-agent-108:2534235:2534989 [2] NCCL INFO Channel 13/0 : 2[81000] -> 10[81000] [receive] via NET/IB/1
paraai-n32-h-01-agent-108:2534233:2534988 [0] NCCL INFO Channel 12/0 : 0[1000] -> 8[1000] [receive] via NET/IB/0
paraai-n32-h-01-agent-108:2534234:2534986 [1] NCCL INFO Channel 12/0 : 9[2000] -> 4[1000] [send] via NET/IB/0
paraai-n32-h-01-agent-108:2534235:2534989 [2] NCCL INFO Channel 01/0 : 10[81000] -> 2[81000] [send] via NET/IB/1
paraai-n32-h-01-agent-108:2534233:2534988 [0] NCCL INFO Channel 00/0 : 8[1000] -> 0[1000] [send] via NET/IB/0
paraai-n32-h-01-agent-108:2534233:2534988 [0] NCCL INFO Channel 04/0 : 8[1000] -> 0[1000] [send] via NET/IB/0
paraai-n32-h-01-agent-108:2534235:2534989 [2] NCCL INFO Channel 05/0 : 10[81000] -> 2[81000] [send] via NET/IB/1
paraai-n32-h-01-agent-108:2534235:2534989 [2] NCCL INFO Channel 09/0 : 10[81000] -> 2[81000] [send] via NET/IB/1
paraai-n32-h-01-agent-108:2534233:2534988 [0] NCCL INFO Channel 08/0 : 8[1000] -> 0[1000] [send] via NET/IB/0
paraai-n32-h-01-agent-108:2534235:2534989 [2] NCCL INFO Channel 13/0 : 10[81000] -> 2[81000] [send] via NET/IB/1
paraai-n32-h-01-agent-108:2534233:2534988 [0] NCCL INFO Channel 12/0 : 8[1000] -> 0[1000] [send] via NET/IB/0
paraai-n32-h-01-agent-108:2534233:2534988 [0] NCCL INFO Channel 00/0 : 12[1000] -> 8[1000] [receive] via NET/IB/0
paraai-n32-h-01-agent-108:2534233:2534988 [0] NCCL INFO Channel 04/0 : 12[1000] -> 8[1000] [receive] via NET/IB/0
paraai-n32-h-01-agent-108:2534235:2534989 [2] NCCL INFO Channel 01/0 : 14[81000] -> 10[81000] [receive] via NET/IB/1
paraai-n32-h-01-agent-108:2534233:2534988 [0] NCCL INFO Channel 08/0 : 12[1000] -> 8[1000] [receive] via NET/IB/0
paraai-n32-h-01-agent-108:2534235:2534989 [2] NCCL INFO Channel 05/0 : 14[81000] -> 10[81000] [receive] via NET/IB/1
paraai-n32-h-01-agent-108:2534233:2534988 [0] NCCL INFO Channel 12/0 : 12[1000] -> 8[1000] [receive] via NET/IB/0
paraai-n32-h-01-agent-108:2534235:2534989 [2] NCCL INFO Channel 09/0 : 14[81000] -> 10[81000] [receive] via NET/IB/1
paraai-n32-h-01-agent-108:2534236:2534987 [3] NCCL INFO Channel 01 : 11[82000] -> 8[1000] via SHM/direct/direct
paraai-n32-h-01-agent-108:2534236:2534987 [3] NCCL INFO Channel 03 : 11[82000] -> 8[1000] via SHM/direct/direct
paraai-n32-h-01-agent-108:2534236:2534987 [3] NCCL INFO Channel 05 : 11[82000] -> 8[1000] via SHM/direct/direct
paraai-n32-h-01-agent-108:2534236:2534987 [3] NCCL INFO Channel 07 : 11[82000] -> 8[1000] via SHM/direct/direct
paraai-n32-h-01-agent-108:2534236:2534987 [3] NCCL INFO Channel 09 : 11[82000] -> 8[1000] via SHM/direct/direct
paraai-n32-h-01-agent-108:2534236:2534987 [3] NCCL INFO Channel 11 : 11[82000] -> 8[1000] via SHM/direct/direct
paraai-n32-h-01-agent-108:2534236:2534987 [3] NCCL INFO Channel 13 : 11[82000] -> 8[1000] via SHM/direct/direct
paraai-n32-h-01-agent-108:2534236:2534987 [3] NCCL INFO Channel 15 : 11[82000] -> 8[1000] via SHM/direct/direct
paraai-n32-h-01-agent-108:2534235:2534989 [2] NCCL INFO Channel 13/0 : 14[81000] -> 10[81000] [receive] via NET/IB/1
paraai-n32-h-01-agent-108:2534234:2534986 [1] NCCL INFO Channel 00 : 9[2000] -> 8[1000] via SHM/direct/direct
paraai-n32-h-01-agent-108:2534234:2534986 [1] NCCL INFO Channel 02 : 9[2000] -> 8[1000] via SHM/direct/direct
paraai-n32-h-01-agent-108:2534234:2534986 [1] NCCL INFO Channel 04 : 9[2000] -> 8[1000] via SHM/direct/direct
paraai-n32-h-01-agent-108:2534234:2534986 [1] NCCL INFO Channel 06 : 9[2000] -> 8[1000] via SHM/direct/direct
paraai-n32-h-01-agent-108:2534234:2534986 [1] NCCL INFO Channel 08 : 9[2000] -> 8[1000] via SHM/direct/direct
paraai-n32-h-01-agent-108:2534234:2534986 [1] NCCL INFO Channel 10 : 9[2000] -> 8[1000] via SHM/direct/direct
paraai-n32-h-01-agent-108:2534234:2534986 [1] NCCL INFO Channel 12 : 9[2000] -> 8[1000] via SHM/direct/direct
paraai-n32-h-01-agent-108:2534234:2534986 [1] NCCL INFO Channel 14 : 9[2000] -> 8[1000] via SHM/direct/direct
paraai-n32-h-01-agent-108:2534235:2534989 [2] NCCL INFO Channel 03/0 : 10[81000] -> 7[82000] [send] via NET/IB/1
paraai-n32-h-01-agent-108:2534235:2534989 [2] NCCL INFO Channel 07/0 : 10[81000] -> 7[82000] [send] via NET/IB/1
paraai-n32-h-01-agent-108:2534233:2534988 [0] NCCL INFO Channel 02/0 : 8[1000] -> 5[2000] [send] via NET/IB/0
paraai-n32-h-01-agent-108:2534235:2534989 [2] NCCL INFO Channel 11/0 : 10[81000] -> 7[82000] [send] via NET/IB/1
paraai-n32-h-01-agent-108:2534233:2534988 [0] NCCL INFO Channel 06/0 : 8[1000] -> 5[2000] [send] via NET/IB/0
paraai-n32-h-01-agent-108:2534233:2534988 [0] NCCL INFO Channel 10/0 : 8[1000] -> 5[2000] [send] via NET/IB/0
paraai-n32-h-01-agent-108:2534235:2534989 [2] NCCL INFO Channel 15/0 : 10[81000] -> 7[82000] [send] via NET/IB/1
paraai-n32-h-01-agent-108:2534233:2534988 [0] NCCL INFO Channel 14/0 : 8[1000] -> 5[2000] [send] via NET/IB/0
paraai-n32-h-01-agent-108:2534236:2534987 [3] NCCL INFO Channel 00 : 11[82000] -> 10[81000] via SHM/direct/direct
paraai-n32-h-01-agent-108:2534236:2534987 [3] NCCL INFO Channel 01 : 11[82000] -> 10[81000] via SHM/direct/direct
paraai-n32-h-01-agent-108:2534236:2534987 [3] NCCL INFO Channel 02 : 11[82000] -> 10[81000] via SHM/direct/direct
paraai-n32-h-01-agent-108:2534236:2534987 [3] NCCL INFO Channel 03 : 11[82000] -> 10[81000] via SHM/direct/direct
paraai-n32-h-01-agent-108:2534236:2534987 [3] NCCL INFO Channel 04 : 11[82000] -> 10[81000] via SHM/direct/direct
paraai-n32-h-01-agent-108:2534236:2534987 [3] NCCL INFO Channel 05 : 11[82000] -> 10[81000] via SHM/direct/direct
paraai-n32-h-01-agent-108:2534236:2534987 [3] NCCL INFO Channel 06 : 11[82000] -> 10[81000] via SHM/direct/direct
paraai-n32-h-01-agent-108:2534236:2534987 [3] NCCL INFO Channel 07 : 11[82000] -> 10[81000] via SHM/direct/direct
paraai-n32-h-01-agent-108:2534236:2534987 [3] NCCL INFO Channel 08 : 11[82000] -> 10[81000] via SHM/direct/direct
paraai-n32-h-01-agent-108:2534236:2534987 [3] NCCL INFO Channel 09 : 11[82000] -> 10[81000] via SHM/direct/direct
paraai-n32-h-01-agent-108:2534236:2534987 [3] NCCL INFO Channel 10 : 11[82000] -> 10[81000] via SHM/direct/direct
paraai-n32-h-01-agent-108:2534236:2534987 [3] NCCL INFO Channel 11 : 11[82000] -> 10[81000] via SHM/direct/direct
paraai-n32-h-01-agent-108:2534236:2534987 [3] NCCL INFO Channel 12 : 11[82000] -> 10[81000] via SHM/direct/direct
paraai-n32-h-01-agent-108:2534236:2534987 [3] NCCL INFO Channel 13 : 11[82000] -> 10[81000] via SHM/direct/direct
paraai-n32-h-01-agent-108:2534236:2534987 [3] NCCL INFO Channel 14 : 11[82000] -> 10[81000] via SHM/direct/direct
paraai-n32-h-01-agent-108:2534236:2534987 [3] NCCL INFO Channel 15 : 11[82000] -> 10[81000] via SHM/direct/direct
paraai-n32-h-01-agent-108:2534233:2534988 [0] NCCL INFO Connected all trees
paraai-n32-h-01-agent-108:2534233:2534988 [0] NCCL INFO threadThresholds 8/8/64 | 128/8/64 | 512 | 512
paraai-n32-h-01-agent-108:2534233:2534988 [0] NCCL INFO 16 coll channels, 16 p2p channels, 2 p2p channels per peer
paraai-n32-h-01-agent-108:2534235:2534989 [2] NCCL INFO Channel 00 : 10[81000] -> 9[2000] via SHM/direct/direct
paraai-n32-h-01-agent-108:2534235:2534989 [2] NCCL INFO Channel 02 : 10[81000] -> 9[2000] via SHM/direct/direct
paraai-n32-h-01-agent-108:2534235:2534989 [2] NCCL INFO Channel 04 : 10[81000] -> 9[2000] via SHM/direct/direct
paraai-n32-h-01-agent-108:2534235:2534989 [2] NCCL INFO Channel 06 : 10[81000] -> 9[2000] via SHM/direct/direct
paraai-n32-h-01-agent-108:2534235:2534989 [2] NCCL INFO Channel 08 : 10[81000] -> 9[2000] via SHM/direct/direct
paraai-n32-h-01-agent-108:2534235:2534989 [2] NCCL INFO Channel 10 : 10[81000] -> 9[2000] via SHM/direct/direct
paraai-n32-h-01-agent-108:2534235:2534989 [2] NCCL INFO Channel 12 : 10[81000] -> 9[2000] via SHM/direct/direct
paraai-n32-h-01-agent-108:2534235:2534989 [2] NCCL INFO Channel 14 : 10[81000] -> 9[2000] via SHM/direct/direct
paraai-n32-h-01-agent-108:2534235:2534989 [2] NCCL INFO Connected all trees
paraai-n32-h-01-agent-108:2534235:2534989 [2] NCCL INFO threadThresholds 8/8/64 | 128/8/64 | 512 | 512
paraai-n32-h-01-agent-108:2534235:2534989 [2] NCCL INFO 16 coll channels, 16 p2p channels, 2 p2p channels per peer
paraai-n32-h-01-agent-108:2534236:2534987 [3] NCCL INFO Connected all trees
paraai-n32-h-01-agent-108:2534236:2534987 [3] NCCL INFO threadThresholds 8/8/64 | 128/8/64 | 512 | 512
paraai-n32-h-01-agent-108:2534236:2534987 [3] NCCL INFO 16 coll channels, 16 p2p channels, 2 p2p channels per peer
paraai-n32-h-01-agent-108:2534234:2534986 [1] NCCL INFO Connected all trees
paraai-n32-h-01-agent-108:2534234:2534986 [1] NCCL INFO threadThresholds 8/8/64 | 128/8/64 | 512 | 512
paraai-n32-h-01-agent-108:2534234:2534986 [1] NCCL INFO 16 coll channels, 16 p2p channels, 2 p2p channels per peer
paraai-n32-h-01-agent-108:2534235:2534989 [2] NCCL INFO comm 0x33afa700 rank 10 nranks 16 cudaDev 2 busId 81000 - Init COMPLETE
paraai-n32-h-01-agent-108:2534234:2534986 [1] NCCL INFO comm 0x72b20ff0 rank 9 nranks 16 cudaDev 1 busId 2000 - Init COMPLETE
paraai-n32-h-01-agent-108:2534236:2534987 [3] NCCL INFO comm 0x145720c0 rank 11 nranks 16 cudaDev 3 busId 82000 - Init COMPLETE
paraai-n32-h-01-agent-108:2534233:2534988 [0] NCCL INFO comm 0x73a8f950 rank 8 nranks 16 cudaDev 0 busId 1000 - Init COMPLETE
2023-07-08 11:33:18,952 - root - INFO - validating...
2023-07-08 11:33:18,953 - root - INFO - validating...
2023-07-08 11:33:18,953 - root - INFO - validating...
2023-07-08 11:33:18,955 - root - INFO - validating...
2023-07-08 11:47:40,663 - root - INFO - validating...
2023-07-08 11:47:40,663 - root - INFO - validating...
2023-07-08 11:47:40,664 - root - INFO - validating...
2023-07-08 11:47:40,666 - root - INFO - validating...
2023-07-08 12:02:04,823 - root - INFO - validating...
2023-07-08 12:02:04,823 - root - INFO - validating...
2023-07-08 12:02:04,823 - root - INFO - validating...
2023-07-08 12:02:04,824 - root - INFO - validating...
2023-07-08 12:16:28,196 - root - INFO - validating...
2023-07-08 12:16:28,196 - root - INFO - validating...
2023-07-08 12:16:28,196 - root - INFO - validating...
2023-07-08 12:16:28,196 - root - INFO - validating...
2023-07-08 12:30:51,978 - root - INFO - validating...
2023-07-08 12:30:51,979 - root - INFO - validating...
2023-07-08 12:30:51,979 - root - INFO - validating...
2023-07-08 12:30:51,980 - root - INFO - validating...
2023-07-08 12:45:22,346 - root - INFO - validating...
2023-07-08 12:45:22,346 - root - INFO - validating...
2023-07-08 12:45:22,347 - root - INFO - validating...
2023-07-08 12:45:22,349 - root - INFO - validating...
2023-07-08 12:59:50,229 - root - INFO - validating...
2023-07-08 12:59:50,229 - root - INFO - validating...
2023-07-08 12:59:50,229 - root - INFO - validating...
2023-07-08 12:59:50,229 - root - INFO - validating...
2023-07-08 13:14:13,236 - root - INFO - validating...
2023-07-08 13:14:13,236 - root - INFO - validating...
2023-07-08 13:14:13,236 - root - INFO - validating...
2023-07-08 13:14:13,236 - root - INFO - validating...
2023-07-08 13:28:31,952 - root - INFO - validating...
2023-07-08 13:28:31,953 - root - INFO - validating...
2023-07-08 13:28:31,953 - root - INFO - validating...
2023-07-08 13:28:31,956 - root - INFO - validating...
2023-07-08 13:42:56,857 - root - INFO - validating...
2023-07-08 13:42:56,857 - root - INFO - validating...
2023-07-08 13:42:56,858 - root - INFO - validating...
2023-07-08 13:42:56,859 - root - INFO - validating...
2023-07-08 13:57:20,990 - root - INFO - validating...
2023-07-08 13:57:20,990 - root - INFO - validating...
2023-07-08 13:57:20,991 - root - INFO - validating...
2023-07-08 13:57:20,992 - root - INFO - validating...
2023-07-08 14:11:40,197 - root - INFO - validating...
2023-07-08 14:11:40,197 - root - INFO - validating...
2023-07-08 14:11:40,199 - root - INFO - validating...
2023-07-08 14:11:40,200 - root - INFO - validating...
2023-07-08 14:26:04,407 - root - INFO - validating...
2023-07-08 14:26:04,408 - root - INFO - validating...
2023-07-08 14:26:04,408 - root - INFO - validating...
2023-07-08 14:26:04,409 - root - INFO - validating...
2023-07-08 14:40:28,235 - root - INFO - validating...
2023-07-08 14:40:28,236 - root - INFO - validating...
2023-07-08 14:40:28,236 - root - INFO - validating...
2023-07-08 14:40:28,238 - root - INFO - validating...
2023-07-08 14:54:53,345 - root - INFO - validating...
2023-07-08 14:54:53,345 - root - INFO - validating...
2023-07-08 14:54:53,346 - root - INFO - validating...
2023-07-08 14:54:53,346 - root - INFO - validating...
2023-07-08 15:09:23,645 - root - INFO - validating...
2023-07-08 15:09:23,646 - root - INFO - validating...
2023-07-08 15:09:23,646 - root - INFO - validating...
2023-07-08 15:09:23,646 - root - INFO - validating...
2023-07-08 15:23:55,050 - root - INFO - validating...
2023-07-08 15:23:55,050 - root - INFO - validating...
2023-07-08 15:23:55,051 - root - INFO - validating...
2023-07-08 15:23:55,053 - root - INFO - validating...
2023-07-08 15:38:23,588 - root - INFO - validating...
2023-07-08 15:38:23,588 - root - INFO - validating...
2023-07-08 15:38:23,588 - root - INFO - validating...
2023-07-08 15:38:23,588 - root - INFO - validating...
2023-07-08 15:52:48,014 - root - INFO - validating...
2023-07-08 15:52:48,015 - root - INFO - validating...
2023-07-08 15:52:48,015 - root - INFO - validating...
2023-07-08 15:52:48,015 - root - INFO - validating...
2023-07-08 16:07:07,638 - root - INFO - validating...
2023-07-08 16:07:07,638 - root - INFO - validating...
2023-07-08 16:07:07,638 - root - INFO - validating...
2023-07-08 16:07:07,640 - root - INFO - validating...
2023-07-08 16:21:30,391 - root - INFO - validating...
2023-07-08 16:21:30,391 - root - INFO - validating...
2023-07-08 16:21:30,391 - root - INFO - validating...
2023-07-08 16:21:30,391 - root - INFO - validating...
2023-07-08 16:35:51,305 - root - INFO - validating...
2023-07-08 16:35:51,306 - root - INFO - validating...
2023-07-08 16:35:51,308 - root - INFO - validating...
2023-07-08 16:35:51,309 - root - INFO - validating...
2023-07-08 16:50:15,503 - root - INFO - validating...
2023-07-08 16:50:15,503 - root - INFO - validating...
2023-07-08 16:50:15,503 - root - INFO - validating...
2023-07-08 16:50:15,502 - root - INFO - validating...
2023-07-08 17:04:43,629 - root - INFO - validating...
2023-07-08 17:04:43,629 - root - INFO - validating...
2023-07-08 17:04:43,630 - root - INFO - validating...
2023-07-08 17:04:43,632 - root - INFO - validating...
2023-07-08 17:19:12,199 - root - INFO - validating...
2023-07-08 17:19:12,199 - root - INFO - validating...
2023-07-08 17:19:12,199 - root - INFO - validating...
2023-07-08 17:19:12,200 - root - INFO - validating...
2023-07-08 17:33:38,833 - root - INFO - validating...
2023-07-08 17:33:38,833 - root - INFO - validating...
2023-07-08 17:33:38,833 - root - INFO - validating...
2023-07-08 17:33:38,833 - root - INFO - validating...
2023-07-08 17:47:59,628 - root - INFO - validating...
2023-07-08 17:47:59,628 - root - INFO - validating...
2023-07-08 17:47:59,628 - root - INFO - validating...
2023-07-08 17:47:59,630 - root - INFO - validating...
2023-07-08 18:02:20,958 - root - INFO - validating...
2023-07-08 18:02:20,958 - root - INFO - validating...
2023-07-08 18:02:20,958 - root - INFO - validating...
2023-07-08 18:02:20,957 - root - INFO - validating...
2023-07-08 18:16:46,253 - root - INFO - validating...
2023-07-08 18:16:46,253 - root - INFO - validating...
2023-07-08 18:16:46,253 - root - INFO - validating...
2023-07-08 18:16:46,253 - root - INFO - validating...
2023-07-08 18:31:17,031 - root - INFO - validating...
2023-07-08 18:31:17,031 - root - INFO - validating...
2023-07-08 18:31:17,031 - root - INFO - validating...
2023-07-08 18:31:17,033 - root - INFO - validating...
2023-07-08 18:45:40,574 - root - INFO - validating...
2023-07-08 18:45:40,575 - root - INFO - validating...
2023-07-08 18:45:40,575 - root - INFO - validating...
2023-07-08 18:45:40,576 - root - INFO - validating...
2023-07-08 19:00:03,358 - root - INFO - validating...
2023-07-08 19:00:03,358 - root - INFO - validating...
2023-07-08 19:00:03,359 - root - INFO - validating...
2023-07-08 19:00:03,359 - root - INFO - validating...
2023-07-08 19:14:31,857 - root - INFO - validating...
2023-07-08 19:14:31,858 - root - INFO - validating...
2023-07-08 19:14:31,858 - root - INFO - validating...
2023-07-08 19:14:31,858 - root - INFO - validating...
2023-07-08 19:28:57,875 - root - INFO - validating...
2023-07-08 19:28:57,876 - root - INFO - validating...
2023-07-08 19:28:57,876 - root - INFO - validating...
2023-07-08 19:28:57,878 - root - INFO - validating...
2023-07-08 19:43:18,506 - root - INFO - validating...
2023-07-08 19:43:18,506 - root - INFO - validating...
2023-07-08 19:43:18,507 - root - INFO - validating...
2023-07-08 19:43:18,509 - root - INFO - validating...
2023-07-08 19:57:45,747 - root - INFO - validating...
2023-07-08 19:57:45,747 - root - INFO - validating...
2023-07-08 19:57:45,747 - root - INFO - validating...
2023-07-08 19:57:45,747 - root - INFO - validating...
2023-07-08 20:12:08,017 - root - INFO - validating...
2023-07-08 20:12:08,018 - root - INFO - validating...
2023-07-08 20:12:08,018 - root - INFO - validating...
2023-07-08 20:12:08,019 - root - INFO - validating...
2023-07-08 20:26:33,385 - root - INFO - validating...
2023-07-08 20:26:33,385 - root - INFO - validating...
2023-07-08 20:26:33,385 - root - INFO - validating...
2023-07-08 20:26:33,386 - root - INFO - validating...
2023-07-08 20:41:01,142 - root - INFO - validating...
2023-07-08 20:41:01,143 - root - INFO - validating...
2023-07-08 20:41:01,143 - root - INFO - validating...
2023-07-08 20:41:01,145 - root - INFO - validating...
2023-07-08 20:55:25,967 - root - INFO - validating...
2023-07-08 20:55:25,967 - root - INFO - validating...
2023-07-08 20:55:25,967 - root - INFO - validating...
2023-07-08 20:55:25,970 - root - INFO - validating...
2023-07-08 21:09:52,288 - root - INFO - validating...
2023-07-08 21:09:52,290 - root - INFO - validating...
2023-07-08 21:09:52,290 - root - INFO - validating...
2023-07-08 21:09:52,290 - root - INFO - validating...
2023-07-08 21:24:17,554 - root - INFO - validating...
2023-07-08 21:24:17,554 - root - INFO - validating...
2023-07-08 21:24:17,554 - root - INFO - validating...
2023-07-08 21:24:17,554 - root - INFO - validating...
2023-07-08 21:38:43,725 - root - INFO - validating...
2023-07-08 21:38:43,725 - root - INFO - validating...
2023-07-08 21:38:43,725 - root - INFO - validating...
2023-07-08 21:38:43,726 - root - INFO - validating...
2023-07-08 21:53:05,403 - root - INFO - validating...
2023-07-08 21:53:05,403 - root - INFO - validating...
2023-07-08 21:53:05,404 - root - INFO - validating...
2023-07-08 21:53:05,406 - root - INFO - validating...
2023-07-08 22:07:32,989 - root - INFO - validating...
2023-07-08 22:07:32,989 - root - INFO - validating...
2023-07-08 22:07:32,989 - root - INFO - validating...
2023-07-08 22:07:32,989 - root - INFO - validating...
2023-07-08 22:22:01,080 - root - INFO - validating...
2023-07-08 22:22:01,080 - root - INFO - validating...
2023-07-08 22:22:01,080 - root - INFO - validating...
2023-07-08 22:22:01,081 - root - INFO - validating...
2023-07-08 22:36:22,811 - root - INFO - validating...
2023-07-08 22:36:22,811 - root - INFO - validating...
2023-07-08 22:36:22,814 - root - INFO - validating...
2023-07-08 22:36:22,814 - root - INFO - validating...
2023-07-08 22:50:46,075 - root - INFO - validating...
2023-07-08 22:50:46,076 - root - INFO - validating...
2023-07-08 22:50:46,076 - root - INFO - validating...
2023-07-08 22:50:46,078 - root - INFO - validating...
2023-07-08 23:05:10,666 - root - INFO - validating...
2023-07-08 23:05:10,666 - root - INFO - validating...
2023-07-08 23:05:10,666 - root - INFO - validating...
2023-07-08 23:05:10,667 - root - INFO - validating...
2023-07-08 23:19:45,573 - root - INFO - validating...
2023-07-08 23:19:45,573 - root - INFO - validating...
2023-07-08 23:19:45,573 - root - INFO - validating...
2023-07-08 23:19:45,573 - root - INFO - validating...
2023-07-08 23:34:10,502 - root - INFO - validating...
2023-07-08 23:34:10,502 - root - INFO - validating...
2023-07-08 23:34:10,502 - root - INFO - validating...
2023-07-08 23:34:10,502 - root - INFO - validating...
2023-07-08 23:48:33,744 - root - INFO - validating...
2023-07-08 23:48:33,744 - root - INFO - validating...
2023-07-08 23:48:33,744 - root - INFO - validating...
2023-07-08 23:48:33,747 - root - INFO - validating...
2023-07-09 00:03:00,024 - root - INFO - validating...
2023-07-09 00:03:00,024 - root - INFO - validating...
2023-07-09 00:03:00,024 - root - INFO - validating...
2023-07-09 00:03:00,024 - root - INFO - validating...
2023-07-09 00:17:21,530 - root - INFO - validating...
2023-07-09 00:17:21,530 - root - INFO - validating...
2023-07-09 00:17:21,531 - root - INFO - validating...
2023-07-09 00:17:21,532 - root - INFO - validating...
2023-07-09 00:31:45,973 - root - INFO - validating...
2023-07-09 00:31:45,973 - root - INFO - validating...
2023-07-09 00:31:45,973 - root - INFO - validating...
2023-07-09 00:31:45,976 - root - INFO - validating...
2023-07-09 00:46:12,432 - root - INFO - validating...
2023-07-09 00:46:12,432 - root - INFO - validating...
2023-07-09 00:46:12,432 - root - INFO - validating...
2023-07-09 00:46:12,433 - root - INFO - validating...
2023-07-09 01:00:33,524 - root - INFO - validating...
2023-07-09 01:00:33,524 - root - INFO - validating...
2023-07-09 01:00:33,524 - root - INFO - validating...
2023-07-09 01:00:33,525 - root - INFO - validating...
2023-07-09 01:14:55,769 - root - INFO - validating...
2023-07-09 01:14:55,769 - root - INFO - validating...
2023-07-09 01:14:55,769 - root - INFO - validating...
2023-07-09 01:14:55,770 - root - INFO - validating...
2023-07-09 01:29:18,253 - root - INFO - validating...
2023-07-09 01:29:18,253 - root - INFO - validating...
2023-07-09 01:29:18,253 - root - INFO - validating...
2023-07-09 01:29:18,254 - root - INFO - validating...
2023-07-09 01:43:45,617 - root - INFO - validating...
2023-07-09 01:43:45,618 - root - INFO - validating...
2023-07-09 01:43:45,618 - root - INFO - validating...
2023-07-09 01:43:45,618 - root - INFO - validating...
2023-07-09 01:58:03,093 - root - INFO - validating...
2023-07-09 01:58:03,093 - root - INFO - validating...
2023-07-09 01:58:03,093 - root - INFO - validating...
2023-07-09 01:58:03,094 - root - INFO - validating...
2023-07-09 02:12:32,746 - root - INFO - validating...
2023-07-09 02:12:32,746 - root - INFO - validating...
2023-07-09 02:12:32,746 - root - INFO - validating...
2023-07-09 02:12:32,749 - root - INFO - validating...
2023-07-09 02:26:57,303 - root - INFO - validating...
2023-07-09 02:26:57,303 - root - INFO - validating...
2023-07-09 02:26:57,303 - root - INFO - validating...
2023-07-09 02:26:57,303 - root - INFO - validating...
2023-07-09 02:41:19,026 - root - INFO - validating...
2023-07-09 02:41:19,026 - root - INFO - validating...
2023-07-09 02:41:19,027 - root - INFO - validating...
2023-07-09 02:41:19,027 - root - INFO - validating...
2023-07-09 02:55:43,948 - root - INFO - validating...
2023-07-09 02:55:43,949 - root - INFO - validating...
2023-07-09 02:55:43,949 - root - INFO - validating...
2023-07-09 02:55:43,949 - root - INFO - validating...
2023-07-09 03:10:10,877 - root - INFO - validating...
2023-07-09 03:10:10,877 - root - INFO - validating...
2023-07-09 03:10:10,877 - root - INFO - validating...
2023-07-09 03:10:10,881 - root - INFO - validating...
2023-07-09 03:24:42,452 - root - INFO - validating...
2023-07-09 03:24:42,452 - root - INFO - validating...
2023-07-09 03:24:42,452 - root - INFO - validating...
2023-07-09 03:24:42,453 - root - INFO - validating...
2023-07-09 03:39:10,416 - root - INFO - validating...
2023-07-09 03:39:10,416 - root - INFO - validating...
2023-07-09 03:39:10,416 - root - INFO - validating...
2023-07-09 03:39:10,417 - root - INFO - validating...
2023-07-09 03:53:38,028 - root - INFO - validating...
2023-07-09 03:53:38,029 - root - INFO - validating...
2023-07-09 03:53:38,030 - root - INFO - validating...
2023-07-09 03:53:38,031 - root - INFO - validating...
2023-07-09 04:08:02,844 - root - INFO - validating...
2023-07-09 04:08:02,844 - root - INFO - validating...
2023-07-09 04:08:02,844 - root - INFO - validating...
2023-07-09 04:08:02,847 - root - INFO - validating...
2023-07-09 04:22:29,187 - root - INFO - validating...
2023-07-09 04:22:29,187 - root - INFO - validating...
2023-07-09 04:22:29,188 - root - INFO - validating...
2023-07-09 04:22:29,190 - root - INFO - validating...
2023-07-09 04:36:59,077 - root - INFO - validating...
2023-07-09 04:36:59,077 - root - INFO - validating...
2023-07-09 04:36:59,077 - root - INFO - validating...
2023-07-09 04:36:59,077 - root - INFO - validating...
2023-07-09 04:51:25,727 - root - INFO - validating...
2023-07-09 04:51:25,727 - root - INFO - validating...
2023-07-09 04:51:25,727 - root - INFO - validating...
2023-07-09 04:51:25,727 - root - INFO - validating...
2023-07-09 05:05:49,743 - root - INFO - validating...
2023-07-09 05:05:49,743 - root - INFO - validating...
2023-07-09 05:05:49,745 - root - INFO - validating...
2023-07-09 05:05:49,746 - root - INFO - validating...
2023-07-09 05:20:15,934 - root - INFO - validating...
2023-07-09 05:20:15,934 - root - INFO - validating...
2023-07-09 05:20:15,934 - root - INFO - validating...
2023-07-09 05:20:15,937 - root - INFO - validating...
2023-07-09 05:34:44,096 - root - INFO - validating...
2023-07-09 05:34:44,096 - root - INFO - validating...
2023-07-09 05:34:44,098 - root - INFO - validating...
2023-07-09 05:34:44,099 - root - INFO - validating...
2023-07-09 05:49:06,111 - root - INFO - validating...
2023-07-09 05:49:06,111 - root - INFO - validating...
2023-07-09 05:49:06,112 - root - INFO - validating...
2023-07-09 05:49:06,112 - root - INFO - validating...
2023-07-09 06:03:28,007 - root - INFO - validating...
2023-07-09 06:03:28,007 - root - INFO - validating...
2023-07-09 06:03:28,008 - root - INFO - validating...
2023-07-09 06:03:28,008 - root - INFO - validating...
2023-07-09 06:17:49,564 - root - INFO - validating...
2023-07-09 06:17:49,564 - root - INFO - validating...
2023-07-09 06:17:49,564 - root - INFO - validating...
2023-07-09 06:17:49,565 - root - INFO - validating...
2023-07-09 06:32:11,709 - root - INFO - validating...
2023-07-09 06:32:11,709 - root - INFO - validating...
2023-07-09 06:32:11,709 - root - INFO - validating...
2023-07-09 06:32:11,710 - root - INFO - validating...
2023-07-09 06:46:37,340 - root - INFO - validating...
2023-07-09 06:46:37,340 - root - INFO - validating...
2023-07-09 06:46:37,340 - root - INFO - validating...
2023-07-09 06:46:37,340 - root - INFO - validating...
2023-07-09 07:00:57,763 - root - INFO - validating...
2023-07-09 07:00:57,763 - root - INFO - validating...
2023-07-09 07:00:57,766 - root - INFO - validating...
2023-07-09 07:00:57,766 - root - INFO - validating...
2023-07-09 07:15:17,422 - root - INFO - validating...
2023-07-09 07:15:17,422 - root - INFO - validating...
2023-07-09 07:15:17,423 - root - INFO - validating...
2023-07-09 07:15:17,423 - root - INFO - validating...
2023-07-09 07:29:44,361 - root - INFO - validating...
2023-07-09 07:29:44,361 - root - INFO - validating...
2023-07-09 07:29:44,362 - root - INFO - validating...
2023-07-09 07:29:44,365 - root - INFO - validating...
2023-07-09 07:44:06,343 - root - INFO - validating...
2023-07-09 07:44:06,343 - root - INFO - validating...
2023-07-09 07:44:06,343 - root - INFO - validating...
2023-07-09 07:44:06,346 - root - INFO - validating...
2023-07-09 07:58:26,240 - root - INFO - validating...
2023-07-09 07:58:26,241 - root - INFO - validating...
2023-07-09 07:58:26,241 - root - INFO - validating...
2023-07-09 07:58:26,244 - root - INFO - validating...
2023-07-09 08:12:53,825 - root - INFO - validating...
2023-07-09 08:12:53,826 - root - INFO - validating...
2023-07-09 08:12:53,825 - root - INFO - validating...
2023-07-09 08:12:53,826 - root - INFO - validating...
2023-07-09 08:27:19,978 - root - INFO - validating...
2023-07-09 08:27:19,978 - root - INFO - validating...
2023-07-09 08:27:19,979 - root - INFO - validating...
2023-07-09 08:27:19,979 - root - INFO - validating...
2023-07-09 08:41:47,126 - root - INFO - validating...
2023-07-09 08:41:47,126 - root - INFO - validating...
2023-07-09 08:41:47,126 - root - INFO - validating...
2023-07-09 08:41:47,129 - root - INFO - validating...
2023-07-09 08:56:11,844 - root - INFO - validating...
2023-07-09 08:56:11,845 - root - INFO - validating...
2023-07-09 08:56:11,845 - root - INFO - validating...
2023-07-09 08:56:11,845 - root - INFO - validating...
2023-07-09 09:10:36,739 - root - INFO - validating...
2023-07-09 09:10:36,739 - root - INFO - validating...
2023-07-09 09:10:36,740 - root - INFO - validating...
2023-07-09 09:10:36,741 - root - INFO - validating...
2023-07-09 09:25:01,539 - root - INFO - validating...
2023-07-09 09:25:01,540 - root - INFO - validating...
2023-07-09 09:25:01,540 - root - INFO - validating...
2023-07-09 09:25:01,539 - root - INFO - validating...
2023-07-09 09:39:25,311 - root - INFO - validating...
2023-07-09 09:39:25,312 - root - INFO - validating...
2023-07-09 09:39:25,313 - root - INFO - validating...
2023-07-09 09:39:25,314 - root - INFO - validating...
2023-07-09 09:53:52,463 - root - INFO - validating...
2023-07-09 09:53:52,463 - root - INFO - validating...
2023-07-09 09:53:52,466 - root - INFO - validating...
2023-07-09 09:53:52,466 - root - INFO - validating...
2023-07-09 10:08:20,575 - root - INFO - validating...
2023-07-09 10:08:20,576 - root - INFO - validating...
2023-07-09 10:08:20,576 - root - INFO - validating...
2023-07-09 10:08:20,576 - root - INFO - validating...
2023-07-09 10:22:51,470 - root - INFO - validating...
2023-07-09 10:22:51,470 - root - INFO - validating...
2023-07-09 10:22:51,472 - root - INFO - validating...
2023-07-09 10:22:51,473 - root - INFO - validating...
2023-07-09 10:37:17,161 - root - INFO - validating...
2023-07-09 10:37:17,161 - root - INFO - validating...
2023-07-09 10:37:17,161 - root - INFO - validating...
2023-07-09 10:37:17,161 - root - INFO - validating...
2023-07-09 10:51:47,020 - root - INFO - validating...
2023-07-09 10:51:47,020 - root - INFO - validating...
2023-07-09 10:51:47,020 - root - INFO - validating...
2023-07-09 10:51:47,025 - root - INFO - validating...
2023-07-09 11:06:09,585 - root - INFO - validating...
2023-07-09 11:06:09,586 - root - INFO - validating...
2023-07-09 11:06:09,586 - root - INFO - validating...
2023-07-09 11:06:09,586 - root - INFO - validating...
2023-07-09 11:20:34,790 - root - INFO - validating...
2023-07-09 11:20:34,791 - root - INFO - validating...
2023-07-09 11:20:34,791 - root - INFO - validating...
2023-07-09 11:20:34,791 - root - INFO - validating...
2023-07-09 11:34:57,599 - root - INFO - validating...
2023-07-09 11:34:57,599 - root - INFO - validating...
2023-07-09 11:34:57,600 - root - INFO - validating...
2023-07-09 11:34:57,602 - root - INFO - validating...
2023-07-09 11:49:25,786 - root - INFO - validating...
2023-07-09 11:49:25,786 - root - INFO - validating...
2023-07-09 11:49:25,788 - root - INFO - validating...
2023-07-09 11:49:25,840 - root - INFO - validating...
2023-07-09 12:03:47,261 - root - INFO - validating...
2023-07-09 12:03:47,261 - root - INFO - validating...
2023-07-09 12:03:47,261 - root - INFO - validating...
2023-07-09 12:03:47,263 - root - INFO - validating...
2023-07-09 12:18:02,108 - root - INFO - validating...
2023-07-09 12:18:02,108 - root - INFO - validating...
2023-07-09 12:18:02,108 - root - INFO - validating...
2023-07-09 12:18:02,111 - root - INFO - validating...
2023-07-09 12:32:22,519 - root - INFO - validating...
2023-07-09 12:32:22,519 - root - INFO - validating...
2023-07-09 12:32:22,520 - root - INFO - validating...
2023-07-09 12:32:22,521 - root - INFO - validating...
2023-07-09 12:46:44,555 - root - INFO - validating...
2023-07-09 12:46:44,555 - root - INFO - validating...
2023-07-09 12:46:44,555 - root - INFO - validating...
2023-07-09 12:46:44,555 - root - INFO - validating...
2023-07-09 13:01:09,518 - root - INFO - validating...
2023-07-09 13:01:09,518 - root - INFO - validating...
2023-07-09 13:01:09,518 - root - INFO - validating...
2023-07-09 13:01:09,518 - root - INFO - validating...
2023-07-09 13:15:30,854 - root - INFO - validating...
2023-07-09 13:15:30,854 - root - INFO - validating...
2023-07-09 13:15:30,854 - root - INFO - validating...
2023-07-09 13:15:30,854 - root - INFO - validating...
