master_addr is only used for static rdzv_backend and when rdzv_endpoint is not specified.
paraai-n32-h-01-agent-107
0
------------------ Configuration ------------------  /home/bingxing2/home/scx6115/Ocean_AI_model/exp_15_levels/Masked_AE_Ocean/20230628-131150/config.yaml
paraai-n32-h-01-agent-107
0
------------------ Configuration ------------------  /home/bingxing2/home/scx6115/Ocean_AI_model/exp_15_levels/Masked_AE_Ocean/20230628-131150/config.yaml
paraai-n32-h-01-agent-107
0
------------------ Configuration ------------------  /home/bingxing2/home/scx6115/Ocean_AI_model/exp_15_levels/Masked_AE_Ocean/20230628-131150/config.yaml
paraai-n32-h-01-agent-107
0
------------------ Configuration ------------------  /home/bingxing2/home/scx6115/Ocean_AI_model/exp_15_levels/Masked_AE_Ocean/20230628-131150/config.yaml
nettype Masked_AE_Ocean
log_to_wandb True
lr 0.001
batch_size 32
max_epochs 150
scheduler CosineAnnealingLR
fusion_3d_2d False
in_channels [0, 1, 2, 3, 4, 5, 6, 7, 8, 9, 10, 11, 12, 13, 14, 15, 16, 17, 18, 19, 20, 21, 22, 23, 24, 25, 26, 27, 28, 29, 30, 31, 32, 33, 34, 35, 36, 37, 38, 39, 40, 41, 42, 43, 44, 45, 46, 47, 48, 49, 50, 51, 52, 53, 54, 55, 56, 57, 58, 59, 60, 61, 62, 63, 64, 65]
out_channels [0, 1, 2, 3, 4, 5, 6, 7, 8, 9, 10, 11, 12, 13, 14, 15, 16, 17, 18, 19, 20, 21, 22, 23, 24, 25, 26, 27, 28, 29, 30, 31, 32, 33, 34, 35, 36, 37, 38, 39, 40, 41, 42, 43, 44, 45, 46, 47, 48, 49, 50, 51, 52, 53, 54, 55, 56, 57, 58, 59, 60]
N_in_channels 66
N_out_channels 61
img_size_h 720
img_size_w 1440
patch_size_h 8
patch_size_w 8
mlp_ratio 4.0
embed_dim 512
depth 16
num_heads 16
decoder_embed_dim 1024
decoder_depth 8
decoder_num_heads 16
koopman_depth 2
modes_h_ratio 1
modes_w_ratio 0.8
drop_rate 0.0
drop_path_rate 0.0
sparsity_threshold 0.01
hard_thresholding_fraction 1.0
num_blocksnettype 8 
Masked_AE_Oceanloss
 l2
num_data_workers log_to_wandb0 
True
dt 1lr
 n_history 0
0.001
prediction_type iterative
batch_size prediction_length32 
41
max_epochs n_initial_conditions 1505

schedulerics_type  CosineAnnealingLRdefault

date_stringsfusion_3d_2d  False
['2018-09-14 00:00:00']
in_channels save_raw_forecasts True
save_channel False
masked_acc False
[0, 1, 2, 3, 4, 5, 6, 7, 8, 9, 10, 11, 12, 13, 14, 15, 16, 17, 18, 19, 20, 21, 22, 23, 24, 25, 26, 27, 28, 29, 30, 31, 32, 33, 34, 35, 36, 37, 38, 39, 40, 41, 42, 43, 44, 45, 46, 47, 48, 49, 50, 51, 52, 53, 54, 55, 56, 57, 58, 59, 60, 61, 62, 63, 64, 65]
maskpath None
out_channels perturb False
add_grid False
N_grid_channels[0, 1, 2, 3, 4, 5, 6, 7, 8, 9, 10, 11, 12, 13, 14, 15, 16, 17, 18, 19, 20, 21, 22, 23, 24, 25, 26, 27, 28, 29, 30, 31, 32, 33, 34, 35, 36, 37, 38, 39, 40, 41, 42, 43, 44, 45, 46, 47, 48, 49, 50, 51, 52, 53, 54, 55, 56, 57, 58, 59, 60] 
0
N_in_channelsgridtype  66sinusoidal

N_out_channelsroll  61False

enable_nhwcimg_size_h  False720

optimizer_typeimg_size_w  FusedAdam1440

exp_dir patch_size_h./exp_15_levels 
patch_size8 
8
patch_size_w width8 
56
mlp_ratio modes 4.032

embed_dimtarget  512default

depthtrain_data_path  16/home/bingxing2/home/scx6115/Ocean_AI_model/sample_01/train

num_headsvalid_data_path  16/home/bingxing2/home/scx6115/Ocean_AI_model/sample_01/valid

test_data_pathdecoder_embed_dim  /home/bingxing2/home/scx6115/Ocean_AI_model/sample_01/test1024

land_mask decoder_depthTrue 
8
land_mask_path decoder_num_heads/home/bingxing2/home/scx6115/Ocean_AI_model/sample_01/land_mask.h5 
16
normalize Truekoopman_depth
 2normalization
 zscoremodes_h_ratio
 1global_mins_path
 /home/bingxing2/home/scx6115/Ocean_AI_model/sample_01/train/global_mins.npymodes_w_ratio
 global_maxs_path0.8 
/home/bingxing2/home/scx6115/Ocean_AI_model/sample_01/train/global_maxs.npy
drop_rate global_means_path0.0 
/home/bingxing2/home/scx6115/Ocean_AI_model/sample_01/train/global_means.npy
drop_path_rate global_stds_path0.0 
/home/bingxing2/home/scx6115/Ocean_AI_model/sample_01/train/global_stds.npy
orographysparsity_threshold  True0.01

hard_thresholding_fractionorography_norm_zscore_path  1.0/home/bingxing2/home/scx6115/Ocean_AI_model/sample_01/orography_norm_zscore.h5

num_blocksorography_norm_maxmin_path  8/home/bingxing2/home/scx6115/Ocean_AI_model/sample_01/orography_norm_maxmin.h5

lossadd_noise  l2False

num_data_workersnoise_std  00

crop_size_x dtNone 
1
crop_size_y n_historyNone 
0
log_to_screen prediction_typeTrue 
iterative
save_checkpoint prediction_lengthTrue 
41
plot_animations n_initial_conditionsFalse 
5
ics_type default
date_strings ['2018-09-14 00:00:00']
save_raw_forecasts True
save_channel False
masked_acc False
maskpath None
perturb False
add_grid False
N_grid_channels 0
gridtype sinusoidal
roll False
enable_nhwc ---------------------------------------------------False

optimizer_type FusedAdam
exp_dir ./exp_15_levels
patch_size 8
width 56
world_size : modes16 
32
Initialize distributed process group...
target default
train_data_path /home/bingxing2/home/scx6115/Ocean_AI_model/sample_01/train
valid_data_path /home/bingxing2/home/scx6115/Ocean_AI_model/sample_01/valid
test_data_path /home/bingxing2/home/scx6115/Ocean_AI_model/sample_01/test
land_mask True
land_mask_path /home/bingxing2/home/scx6115/Ocean_AI_model/sample_01/land_mask.h5
normalize True
normalization zscore
global_mins_path /home/bingxing2/home/scx6115/Ocean_AI_model/sample_01/train/global_mins.npy
global_maxs_path /home/bingxing2/home/scx6115/Ocean_AI_model/sample_01/train/global_maxs.npy
global_means_path /home/bingxing2/home/scx6115/Ocean_AI_model/sample_01/train/global_means.npy
global_stds_path /home/bingxing2/home/scx6115/Ocean_AI_model/sample_01/train/global_stds.npy
orography True
orography_norm_zscore_path /home/bingxing2/home/scx6115/Ocean_AI_model/sample_01/orography_norm_zscore.h5
orography_norm_maxmin_path /home/bingxing2/home/scx6115/Ocean_AI_model/sample_01/orography_norm_maxmin.h5
add_noise False
noise_std 0
crop_size_x None
crop_size_y None
log_to_screen True
save_checkpoint True
plot_animations False
nettype Masked_AE_Ocean
log_to_wandb True
lr 0.001
nettypebatch_size  Masked_AE_Ocean32---------------------------------------------------


max_epochslog_to_wandb  150True

world_size :scheduler  16CosineAnnealingLRlr

Initialize distributed process group...
 fusion_3d_2d False
in_channels0.001 
batch_size 32
[0, 1, 2, 3, 4, 5, 6, 7, 8, 9, 10, 11, 12, 13, 14, 15, 16, 17, 18, 19, 20, 21, 22, 23, 24, 25, 26, 27, 28, 29, 30, 31, 32, 33, 34, 35, 36, 37, 38, 39, 40, 41, 42, 43, 44, 45, 46, 47, 48, 49, 50, 51, 52, 53, 54, 55, 56, 57, 58, 59, 60, 61, 62, 63, 64, 65]
max_epochs out_channels150 
scheduler CosineAnnealingLR
[0, 1, 2, 3, 4, 5, 6, 7, 8, 9, 10, 11, 12, 13, 14, 15, 16, 17, 18, 19, 20, 21, 22, 23, 24, 25, 26, 27, 28, 29, 30, 31, 32, 33, 34, 35, 36, 37, 38, 39, 40, 41, 42, 43, 44, 45, 46, 47, 48, 49, 50, 51, 52, 53, 54, 55, 56, 57, 58, 59, 60]fusion_3d_2d
 FalseN_in_channels
 in_channels66 
N_out_channels 61
img_size_h 720
img_size_w [0, 1, 2, 3, 4, 5, 6, 7, 8, 9, 10, 11, 12, 13, 14, 15, 16, 17, 18, 19, 20, 21, 22, 23, 24, 25, 26, 27, 28, 29, 30, 31, 32, 33, 34, 35, 36, 37, 38, 39, 40, 41, 42, 43, 44, 45, 46, 47, 48, 49, 50, 51, 52, 53, 54, 55, 56, 57, 58, 59, 60, 61, 62, 63, 64, 65]1440

patch_size_h out_channels8 
patch_size_w 8
mlp_ratio[0, 1, 2, 3, 4, 5, 6, 7, 8, 9, 10, 11, 12, 13, 14, 15, 16, 17, 18, 19, 20, 21, 22, 23, 24, 25, 26, 27, 28, 29, 30, 31, 32, 33, 34, 35, 36, 37, 38, 39, 40, 41, 42, 43, 44, 45, 46, 47, 48, 49, 50, 51, 52, 53, 54, 55, 56, 57, 58, 59, 60] 
4.0N_in_channels
 embed_dim66 
512
N_out_channelsdepth  6116

img_size_hnum_heads  72016

img_size_wdecoder_embed_dim  10241440

decoder_depthpatch_size_h  88

decoder_num_headspatch_size_w  816

mlp_ratiokoopman_depth  4.02

embed_dimmodes_h_ratio  5121

depthmodes_w_ratio  160.8

num_headsdrop_rate  160.0

decoder_embed_dimdrop_path_rate  10240.0

decoder_depthsparsity_threshold  0.018

hard_thresholding_fractiondecoder_num_heads  1.016

num_blocks koopman_depth8 2

lossmodes_h_ratio  l21

num_data_workersmodes_w_ratio  00.8

dtdrop_rate  10.0

n_historydrop_path_rate  00.0

sparsity_thresholdprediction_type  0.01iterative

hard_thresholding_fractionprediction_length  1.041

num_blocksn_initial_conditions  85

lossics_type  l2default

num_data_workersdate_strings  0['2018-09-14 00:00:00']

dtsave_raw_forecasts  1True

n_history save_channel0 
Falseprediction_type
 masked_acciterative 
False
prediction_lengthmaskpath  41None

n_initial_conditionsperturb  5False

ics_typeadd_grid  defaultFalse

date_stringsN_grid_channels  0['2018-09-14 00:00:00']

gridtypesave_raw_forecasts  sinusoidalTrue

roll Falsesave_channel
 enable_nhwcFalse 
False
masked_accoptimizer_type  FalseFusedAdam

exp_dirmaskpath  ./exp_15_levelsNone

patch_sizeperturb  8False

widthadd_grid  56False

modesN_grid_channels  320

targetgridtype default 
sinusoidaltrain_data_path
 roll/home/bingxing2/home/scx6115/Ocean_AI_model/sample_01/train 
Falsevalid_data_path
 /home/bingxing2/home/scx6115/Ocean_AI_model/sample_01/validenable_nhwc
 test_data_pathFalse 
/home/bingxing2/home/scx6115/Ocean_AI_model/sample_01/testoptimizer_type
 land_maskFusedAdam True

land_mask_pathexp_dir  /home/bingxing2/home/scx6115/Ocean_AI_model/sample_01/land_mask.h5./exp_15_levels

normalizepatch_size  True8

normalizationwidth  zscore56

global_mins_pathmodes  /home/bingxing2/home/scx6115/Ocean_AI_model/sample_01/train/global_mins.npy32

targetglobal_maxs_path  /home/bingxing2/home/scx6115/Ocean_AI_model/sample_01/train/global_maxs.npydefault

train_data_pathglobal_means_path  /home/bingxing2/home/scx6115/Ocean_AI_model/sample_01/train/home/bingxing2/home/scx6115/Ocean_AI_model/sample_01/train/global_means.npy

global_stds_pathvalid_data_path  /home/bingxing2/home/scx6115/Ocean_AI_model/sample_01/train/global_stds.npy/home/bingxing2/home/scx6115/Ocean_AI_model/sample_01/valid

orographytest_data_path  True/home/bingxing2/home/scx6115/Ocean_AI_model/sample_01/test

orography_norm_zscore_pathland_mask  /home/bingxing2/home/scx6115/Ocean_AI_model/sample_01/orography_norm_zscore.h5True

orography_norm_maxmin_pathland_mask_path  /home/bingxing2/home/scx6115/Ocean_AI_model/sample_01/orography_norm_maxmin.h5/home/bingxing2/home/scx6115/Ocean_AI_model/sample_01/land_mask.h5

add_noisenormalize  FalseTrue

noise_stdnormalization  0zscore

crop_size_xglobal_mins_path  None/home/bingxing2/home/scx6115/Ocean_AI_model/sample_01/train/global_mins.npy

crop_size_yglobal_maxs_path  None/home/bingxing2/home/scx6115/Ocean_AI_model/sample_01/train/global_maxs.npy

log_to_screenglobal_means_path  True/home/bingxing2/home/scx6115/Ocean_AI_model/sample_01/train/global_means.npy

save_checkpointglobal_stds_path  True/home/bingxing2/home/scx6115/Ocean_AI_model/sample_01/train/global_stds.npy

plot_animationsorography  FalseTrue

orography_norm_zscore_path /home/bingxing2/home/scx6115/Ocean_AI_model/sample_01/orography_norm_zscore.h5
orography_norm_maxmin_path /home/bingxing2/home/scx6115/Ocean_AI_model/sample_01/orography_norm_maxmin.h5
add_noise False
noise_std 0
crop_size_x None
crop_size_y None
log_to_screen True
save_checkpoint True
---------------------------------------------------plot_animations
 False
world_size : 16
Initialize distributed process group...
---------------------------------------------------
world_size : 16
Initialize distributed process group...
2023-07-03 12:48:34,937 - torch.distributed.distributed_c10d - INFO - Added key: store_based_barrier_key:1 to store for rank: 3
2023-07-03 12:48:34,937 - torch.distributed.distributed_c10d - INFO - Added key: store_based_barrier_key:1 to store for rank: 2
2023-07-03 12:48:34,938 - torch.distributed.distributed_c10d - INFO - Added key: store_based_barrier_key:1 to store for rank: 1
2023-07-03 12:48:35,737 - torch.distributed.distributed_c10d - INFO - Added key: store_based_barrier_key:1 to store for rank: 0
2023-07-03 12:48:35,738 - torch.distributed.distributed_c10d - INFO - Rank 0: Completed store-based barrier for key:store_based_barrier_key:1 with 16 nodes.
2023-07-03 12:48:35,745 - torch.distributed.distributed_c10d - INFO - Rank 3: Completed store-based barrier for key:store_based_barrier_key:1 with 16 nodes.
2023-07-03 12:48:35,745 - torch.distributed.distributed_c10d - INFO - Rank 2: Completed store-based barrier for key:store_based_barrier_key:1 with 16 nodes.
2023-07-03 12:48:35,747 - torch.distributed.distributed_c10d - INFO - Rank 1: Completed store-based barrier for key:store_based_barrier_key:1 with 16 nodes.
2023-07-03 12:48:35,796 - root - INFO - device: cuda:2
2023-07-03 12:48:35,796 - root - INFO - rank 2, begin data loader init
2023-07-03 12:48:35,800 - root - INFO - device: cuda:3
2023-07-03 12:48:35,800 - root - INFO - rank 3, begin data loader init
2023-07-03 12:48:35,801 - root - INFO - device: cuda:1
2023-07-03 12:48:35,801 - root - INFO - rank 1, begin data loader init
2023-07-03 12:48:35,833 - root - INFO - Getting file stats from /home/bingxing2/home/scx6115/Ocean_AI_model/sample_01/train/2000.h5
2023-07-03 12:48:35,833 - root - INFO - Getting file stats from /home/bingxing2/home/scx6115/Ocean_AI_model/sample_01/train/2000.h5
2023-07-03 12:48:35,833 - root - INFO - Getting file stats from /home/bingxing2/home/scx6115/Ocean_AI_model/sample_01/train/2000.h5
2023-07-03 12:48:35,834 - root - INFO - Number of samples per year: 365
2023-07-03 12:48:35,835 - root - INFO - Found data at path /home/bingxing2/home/scx6115/Ocean_AI_model/sample_01/train. Number of examples: 4015. Image Shape: 720 x 1440 x 66
2023-07-03 12:48:35,835 - root - INFO - Number of samples per year: 365
2023-07-03 12:48:35,835 - root - INFO - Number of samples per year: 365
2023-07-03 12:48:35,835 - root - INFO - Delta t: 1 days
2023-07-03 12:48:35,835 - root - INFO - Found data at path /home/bingxing2/home/scx6115/Ocean_AI_model/sample_01/train. Number of examples: 4015. Image Shape: 720 x 1440 x 66
2023-07-03 12:48:35,835 - root - INFO - Including 0 days of past history in training at a frequency of 1 days
2023-07-03 12:48:35,835 - root - INFO - Found data at path /home/bingxing2/home/scx6115/Ocean_AI_model/sample_01/train. Number of examples: 4015. Image Shape: 720 x 1440 x 66
2023-07-03 12:48:35,835 - root - INFO - Delta t: 1 days
2023-07-03 12:48:35,835 - root - INFO - Delta t: 1 days
2023-07-03 12:48:35,835 - root - INFO - Including 0 days of past history in training at a frequency of 1 days
2023-07-03 12:48:35,835 - root - INFO - Including 0 days of past history in training at a frequency of 1 days
2023-07-03 12:48:35,874 - root - INFO - Getting file stats from /home/bingxing2/home/scx6115/Ocean_AI_model/sample_01/valid/2011.h5
2023-07-03 12:48:35,874 - root - INFO - Getting file stats from /home/bingxing2/home/scx6115/Ocean_AI_model/sample_01/valid/2011.h5
2023-07-03 12:48:35,874 - root - INFO - Getting file stats from /home/bingxing2/home/scx6115/Ocean_AI_model/sample_01/valid/2011.h5
2023-07-03 12:48:35,875 - root - INFO - Number of samples per year: 364
2023-07-03 12:48:35,875 - root - INFO - Number of samples per year: 364
2023-07-03 12:48:35,875 - root - INFO - Found data at path /home/bingxing2/home/scx6115/Ocean_AI_model/sample_01/valid. Number of examples: 364. Image Shape: 720 x 1440 x 66
2023-07-03 12:48:35,875 - root - INFO - Delta t: 1 days
2023-07-03 12:48:35,875 - root - INFO - Number of samples per year: 364
2023-07-03 12:48:35,875 - root - INFO - Found data at path /home/bingxing2/home/scx6115/Ocean_AI_model/sample_01/valid. Number of examples: 364. Image Shape: 720 x 1440 x 66
2023-07-03 12:48:35,875 - root - INFO - Including 0 days of past history in training at a frequency of 1 days
2023-07-03 12:48:35,875 - root - INFO - Delta t: 1 days
2023-07-03 12:48:35,875 - root - INFO - Found data at path /home/bingxing2/home/scx6115/Ocean_AI_model/sample_01/valid. Number of examples: 364. Image Shape: 720 x 1440 x 66
2023-07-03 12:48:35,875 - root - INFO - Including 0 days of past history in training at a frequency of 1 days
2023-07-03 12:48:35,875 - root - INFO - Delta t: 1 days
2023-07-03 12:48:35,875 - root - INFO - Including 0 days of past history in training at a frequency of 1 days
2023-07-03 12:48:35,875 - root - INFO - rank 2, data loader initialized
2023-07-03 12:48:35,875 - root - INFO - rank 1, data loader initialized
2023-07-03 12:48:35,875 - root - INFO - rank 3, data loader initialized
2023-07-03 12:48:35,876 - root - INFO - ------------------ Configuration ------------------
2023-07-03 12:48:35,877 - root - INFO - Configuration file: /home/bingxing2/home/scx6115/Ocean_AI_model/exp_15_levels/Masked_AE_Ocean/20230628-131150/config.yaml
2023-07-03 12:48:35,877 - root - INFO - Configuration name: Masked_AE_Ocean
2023-07-03 12:48:35,877 - root - INFO - nettype Masked_AE_Ocean
2023-07-03 12:48:35,877 - root - INFO - log_to_wandb True
2023-07-03 12:48:35,877 - root - INFO - lr 0.001
2023-07-03 12:48:35,878 - root - INFO - batch_size 1
2023-07-03 12:48:35,878 - root - INFO - max_epochs 150
2023-07-03 12:48:35,878 - root - INFO - scheduler CosineAnnealingLR
2023-07-03 12:48:35,879 - root - INFO - fusion_3d_2d False
2023-07-03 12:48:35,879 - root - INFO - in_channels [0, 1, 2, 3, 4, 5, 6, 7, 8, 9, 10, 11, 12, 13, 14, 15, 16, 17, 18, 19, 20, 21, 22, 23, 24, 25, 26, 27, 28, 29, 30, 31, 32, 33, 34, 35, 36, 37, 38, 39, 40, 41, 42, 43, 44, 45, 46, 47, 48, 49, 50, 51, 52, 53, 54, 55, 56, 57, 58, 59, 60, 61, 62, 63, 64, 65]
2023-07-03 12:48:35,881 - root - INFO - out_channels [0, 1, 2, 3, 4, 5, 6, 7, 8, 9, 10, 11, 12, 13, 14, 15, 16, 17, 18, 19, 20, 21, 22, 23, 24, 25, 26, 27, 28, 29, 30, 31, 32, 33, 34, 35, 36, 37, 38, 39, 40, 41, 42, 43, 44, 45, 46, 47, 48, 49, 50, 51, 52, 53, 54, 55, 56, 57, 58, 59, 60]
2023-07-03 12:48:35,881 - root - INFO - N_in_channels 66
2023-07-03 12:48:35,881 - root - INFO - N_out_channels 61
2023-07-03 12:48:35,881 - root - INFO - img_size_h 720
2023-07-03 12:48:35,881 - root - INFO - img_size_w 1440
2023-07-03 12:48:35,881 - root - INFO - patch_size_h 8
2023-07-03 12:48:35,881 - root - INFO - patch_size_w 8
2023-07-03 12:48:35,881 - root - INFO - mlp_ratio 4.0
2023-07-03 12:48:35,881 - root - INFO - embed_dim 512
2023-07-03 12:48:35,881 - root - INFO - depth 16
2023-07-03 12:48:35,881 - root - INFO - num_heads 16
2023-07-03 12:48:35,882 - root - INFO - decoder_embed_dim 1024
2023-07-03 12:48:35,882 - root - INFO - decoder_depth 8
2023-07-03 12:48:35,882 - root - INFO - decoder_num_heads 16
2023-07-03 12:48:35,882 - root - INFO - koopman_depth 2
2023-07-03 12:48:35,882 - root - INFO - modes_h_ratio 1
2023-07-03 12:48:35,882 - root - INFO - modes_w_ratio 0.8
2023-07-03 12:48:35,882 - root - INFO - drop_rate 0.0
2023-07-03 12:48:35,882 - root - INFO - drop_path_rate 0.0
2023-07-03 12:48:35,882 - root - INFO - sparsity_threshold 0.01
2023-07-03 12:48:35,882 - root - INFO - hard_thresholding_fraction 1.0
2023-07-03 12:48:35,882 - root - INFO - num_blocks 8
2023-07-03 12:48:35,882 - root - INFO - loss l2
2023-07-03 12:48:35,882 - root - INFO - num_data_workers 0
2023-07-03 12:48:35,882 - root - INFO - dt 1
2023-07-03 12:48:35,883 - root - INFO - n_history 0
2023-07-03 12:48:35,883 - root - INFO - prediction_type iterative
2023-07-03 12:48:35,883 - root - INFO - prediction_length 41
2023-07-03 12:48:35,883 - root - INFO - n_initial_conditions 5
2023-07-03 12:48:35,883 - root - INFO - ics_type default
2023-07-03 12:48:35,883 - root - INFO - date_strings ['2018-09-14 00:00:00']
2023-07-03 12:48:35,883 - root - INFO - save_raw_forecasts True
2023-07-03 12:48:35,883 - root - INFO - save_channel False
2023-07-03 12:48:35,883 - root - INFO - masked_acc False
2023-07-03 12:48:35,883 - root - INFO - maskpath None
2023-07-03 12:48:35,883 - root - INFO - perturb False
2023-07-03 12:48:35,883 - root - INFO - add_grid False
2023-07-03 12:48:35,883 - root - INFO - N_grid_channels 0
2023-07-03 12:48:35,883 - root - INFO - gridtype sinusoidal
2023-07-03 12:48:35,884 - root - INFO - roll False
2023-07-03 12:48:35,884 - root - INFO - enable_nhwc False
2023-07-03 12:48:35,884 - root - INFO - optimizer_type FusedAdam
2023-07-03 12:48:35,884 - root - INFO - exp_dir ./exp_15_levels
2023-07-03 12:48:35,884 - root - INFO - patch_size 8
2023-07-03 12:48:35,884 - root - INFO - width 56
2023-07-03 12:48:35,884 - root - INFO - modes 32
2023-07-03 12:48:35,884 - root - INFO - target default
2023-07-03 12:48:35,884 - root - INFO - train_data_path /home/bingxing2/home/scx6115/Ocean_AI_model/sample_01/train
2023-07-03 12:48:35,884 - root - INFO - valid_data_path /home/bingxing2/home/scx6115/Ocean_AI_model/sample_01/valid
2023-07-03 12:48:35,884 - root - INFO - test_data_path /home/bingxing2/home/scx6115/Ocean_AI_model/sample_01/test
2023-07-03 12:48:35,884 - root - INFO - land_mask True
2023-07-03 12:48:35,884 - root - INFO - land_mask_path /home/bingxing2/home/scx6115/Ocean_AI_model/sample_01/land_mask.h5
2023-07-03 12:48:35,884 - root - INFO - normalize True
2023-07-03 12:48:35,885 - root - INFO - normalization zscore
2023-07-03 12:48:35,885 - root - INFO - global_mins_path /home/bingxing2/home/scx6115/Ocean_AI_model/sample_01/train/global_mins.npy
2023-07-03 12:48:35,885 - root - INFO - global_maxs_path /home/bingxing2/home/scx6115/Ocean_AI_model/sample_01/train/global_maxs.npy
2023-07-03 12:48:35,885 - root - INFO - global_means_path /home/bingxing2/home/scx6115/Ocean_AI_model/sample_01/train/global_means.npy
2023-07-03 12:48:35,885 - root - INFO - global_stds_path /home/bingxing2/home/scx6115/Ocean_AI_model/sample_01/train/global_stds.npy
2023-07-03 12:48:35,885 - root - INFO - orography True
2023-07-03 12:48:35,885 - root - INFO - orography_norm_zscore_path /home/bingxing2/home/scx6115/Ocean_AI_model/sample_01/orography_norm_zscore.h5
2023-07-03 12:48:35,885 - root - INFO - orography_norm_maxmin_path /home/bingxing2/home/scx6115/Ocean_AI_model/sample_01/orography_norm_maxmin.h5
2023-07-03 12:48:35,885 - root - INFO - add_noise False
2023-07-03 12:48:35,885 - root - INFO - noise_std 0
2023-07-03 12:48:35,885 - root - INFO - crop_size_x None
2023-07-03 12:48:35,885 - root - INFO - crop_size_y None
2023-07-03 12:48:35,885 - root - INFO - log_to_screen True
2023-07-03 12:48:35,885 - root - INFO - save_checkpoint True
2023-07-03 12:48:35,885 - root - INFO - plot_animations False
2023-07-03 12:48:35,886 - root - INFO - epsilon_factor 0
2023-07-03 12:48:35,886 - root - INFO - multi_steps_finetune 3
2023-07-03 12:48:35,886 - root - INFO - finetune_max_epochs 50
2023-07-03 12:48:35,886 - root - INFO - world_size 16
2023-07-03 12:48:35,886 - root - INFO - local_rank 0
2023-07-03 12:48:35,886 - root - INFO - global_batch_size 16
2023-07-03 12:48:35,886 - root - INFO - enable_amp True
2023-07-03 12:48:35,886 - root - INFO - pretrained_ckpt_path ./exp_15_levels/Masked_AE_Ocean/20230628-131150/training_checkpoints/best_ckpt.tar
2023-07-03 12:48:35,886 - root - INFO - experiment_dir /home/bingxing2/home/scx6115/Ocean_AI_model/exp_15_levels/Masked_AE_Ocean/20230628-131150/3_steps_finetune
2023-07-03 12:48:35,886 - root - INFO - checkpoint_path ./exp_15_levels/Masked_AE_Ocean/20230628-131150/3_steps_finetune/training_checkpoints/ckpt.tar
2023-07-03 12:48:35,886 - root - INFO - best_checkpoint_path ./exp_15_levels/Masked_AE_Ocean/20230628-131150/3_steps_finetune/training_checkpoints/best_ckpt.tar
2023-07-03 12:48:35,886 - root - INFO - resuming True
2023-07-03 12:48:35,886 - root - INFO - entity ocean_ai_model
2023-07-03 12:48:35,886 - root - INFO - project ai4science
2023-07-03 12:48:35,887 - root - INFO - group 025_daily_15_levels
2023-07-03 12:48:35,887 - root - INFO - name Masked_AE_Ocean_20230628-131150
2023-07-03 12:48:35,887 - root - INFO - ---------------------------------------------------
wandb: Tracking run with wandb version 0.15.3
wandb: W&B syncing is set to `offline` in this directory.  
wandb: Run `wandb online` or set WANDB_MODE=online to enable cloud syncing.
2023-07-03 12:48:43,425 - root - INFO - device: cuda:0
2023-07-03 12:48:43,425 - root - INFO - rank 0, begin data loader init
2023-07-03 12:48:43,428 - root - INFO - Getting file stats from /home/bingxing2/home/scx6115/Ocean_AI_model/sample_01/train/2000.h5
2023-07-03 12:48:43,429 - root - INFO - Number of samples per year: 365
2023-07-03 12:48:43,430 - root - INFO - Found data at path /home/bingxing2/home/scx6115/Ocean_AI_model/sample_01/train. Number of examples: 4015. Image Shape: 720 x 1440 x 66
2023-07-03 12:48:43,430 - root - INFO - Delta t: 1 days
2023-07-03 12:48:43,430 - root - INFO - Including 0 days of past history in training at a frequency of 1 days
2023-07-03 12:48:43,432 - root - INFO - Getting file stats from /home/bingxing2/home/scx6115/Ocean_AI_model/sample_01/valid/2011.h5
2023-07-03 12:48:43,433 - root - INFO - Number of samples per year: 364
2023-07-03 12:48:43,434 - root - INFO - Found data at path /home/bingxing2/home/scx6115/Ocean_AI_model/sample_01/valid. Number of examples: 364. Image Shape: 720 x 1440 x 66
2023-07-03 12:48:43,434 - root - INFO - Delta t: 1 days
2023-07-03 12:48:43,434 - root - INFO - Including 0 days of past history in training at a frequency of 1 days
2023-07-03 12:48:43,434 - root - INFO - rank 0, data loader initialized
paraai-n32-h-01-agent-107:2488392:2488392 [0] NCCL INFO Bootstrap : Using eth0:172.16.4.197<0>
paraai-n32-h-01-agent-107:2488392:2488392 [0] NCCL INFO NET/Plugin : No plugin found (libnccl-net.so), using internal implementation
paraai-n32-h-01-agent-107:2488394:2488394 [2] NCCL INFO cudaDriverVersion 11060
paraai-n32-h-01-agent-107:2488393:2488393 [1] NCCL INFO cudaDriverVersion 11060
paraai-n32-h-01-agent-107:2488395:2488395 [3] NCCL INFO cudaDriverVersion 11060
paraai-n32-h-01-agent-107:2488392:2488392 [0] NCCL INFO cudaDriverVersion 11060
NCCL version 2.14.3+cuda11.7
paraai-n32-h-01-agent-107:2488394:2488394 [2] NCCL INFO Bootstrap : Using eth0:172.16.4.197<0>
paraai-n32-h-01-agent-107:2488395:2488395 [3] NCCL INFO Bootstrap : Using eth0:172.16.4.197<0>
paraai-n32-h-01-agent-107:2488393:2488393 [1] NCCL INFO Bootstrap : Using eth0:172.16.4.197<0>
paraai-n32-h-01-agent-107:2488395:2488395 [3] NCCL INFO NET/Plugin : No plugin found (libnccl-net.so), using internal implementation
paraai-n32-h-01-agent-107:2488393:2488393 [1] NCCL INFO NET/Plugin : No plugin found (libnccl-net.so), using internal implementation
paraai-n32-h-01-agent-107:2488394:2488394 [2] NCCL INFO NET/Plugin : No plugin found (libnccl-net.so), using internal implementation
paraai-n32-h-01-agent-107:2488392:2489110 [0] NCCL INFO NET/IB : Using [0]mlx5_0:1/RoCE [1]mlx5_2:1/RoCE [RO]; OOB eth0:172.16.4.197<0>
paraai-n32-h-01-agent-107:2488392:2489110 [0] NCCL INFO Using network IB
paraai-n32-h-01-agent-107:2488395:2489112 [3] NCCL INFO NET/IB : Using [0]mlx5_0:1/RoCE [1]mlx5_2:1/RoCE [RO]; OOB eth0:172.16.4.197<0>
paraai-n32-h-01-agent-107:2488395:2489112 [3] NCCL INFO Using network IB
paraai-n32-h-01-agent-107:2488393:2489114 [1] NCCL INFO NET/IB : Using [0]mlx5_0:1/RoCE [1]mlx5_2:1/RoCE [RO]; OOB eth0:172.16.4.197<0>
paraai-n32-h-01-agent-107:2488393:2489114 [1] NCCL INFO Using network IB
paraai-n32-h-01-agent-107:2488394:2489113 [2] NCCL INFO NET/IB : Using [0]mlx5_0:1/RoCE [1]mlx5_2:1/RoCE [RO]; OOB eth0:172.16.4.197<0>
paraai-n32-h-01-agent-107:2488394:2489113 [2] NCCL INFO Using network IB
paraai-n32-h-01-agent-107:2488393:2489114 [1] NCCL INFO Setting affinity for GPU 1 to ffffffff
paraai-n32-h-01-agent-107:2488392:2489110 [0] NCCL INFO Setting affinity for GPU 0 to ffffffff
paraai-n32-h-01-agent-107:2488394:2489113 [2] NCCL INFO Setting affinity for GPU 2 to ffffffff,00000000,00000000
paraai-n32-h-01-agent-107:2488395:2489112 [3] NCCL INFO Setting affinity for GPU 3 to ffffffff,00000000,00000000
paraai-n32-h-01-agent-107:2488395:2489112 [3] NCCL INFO NCCL_MAX_NCHANNELS set by environment to 16.
paraai-n32-h-01-agent-107:2488395:2489112 [3] NCCL INFO NCCL_MIN_NCHANNELS set by environment to 16.
paraai-n32-h-01-agent-107:2488392:2489110 [0] NCCL INFO NCCL_MAX_NCHANNELS set by environment to 16.
paraai-n32-h-01-agent-107:2488393:2489114 [1] NCCL INFO NCCL_MAX_NCHANNELS set by environment to 16.
paraai-n32-h-01-agent-107:2488392:2489110 [0] NCCL INFO NCCL_MIN_NCHANNELS set by environment to 16.
paraai-n32-h-01-agent-107:2488393:2489114 [1] NCCL INFO NCCL_MIN_NCHANNELS set by environment to 16.
paraai-n32-h-01-agent-107:2488395:2489112 [3] NCCL INFO Trees [0] -1/-1/-1->3->2 [1] 0/-1/-1->3->2 [2] -1/-1/-1->3->2 [3] 0/-1/-1->3->2 [4] -1/-1/-1->3->2 [5] 0/-1/-1->3->2 [6] -1/-1/-1->3->2 [7] 0/-1/-1->3->2 [8] -1/-1/-1->3->2 [9] 0/-1/-1->3->2 [10] -1/-1/-1->3->2 [11] 0/-1/-1->3->2 [12] -1/-1/-1->3->2 [13] 0/-1/-1->3->2 [14] -1/-1/-1->3->2 [15] 0/-1/-1->3->2
paraai-n32-h-01-agent-107:2488392:2489110 [0] NCCL INFO Channel 00/16 :    0   1   2   3   4   5   6   7   8   9  10  11  12  13  14  15
paraai-n32-h-01-agent-107:2488394:2489113 [2] NCCL INFO NCCL_MAX_NCHANNELS set by environment to 16.
paraai-n32-h-01-agent-107:2488392:2489110 [0] NCCL INFO Channel 01/16 :    0   6   7   5   4  10  11   9   8  14  15  13  12   2   3   1
paraai-n32-h-01-agent-107:2488393:2489114 [1] NCCL INFO Trees [0] 2/-1/-1->1->0 [1] -1/-1/-1->1->0 [2] 2/-1/-1->1->0 [3] -1/-1/-1->1->0 [4] 2/-1/-1->1->0 [5] -1/-1/-1->1->0 [6] 2/-1/-1->1->0 [7] -1/-1/-1->1->0 [8] 2/-1/-1->1->0 [9] -1/-1/-1->1->0 [10] 2/-1/-1->1->0 [11] -1/-1/-1->1->0 [12] 2/-1/-1->1->0 [13] -1/-1/-1->1->0 [14] 2/-1/-1->1->0 [15] -1/-1/-1->1->0
paraai-n32-h-01-agent-107:2488394:2489113 [2] NCCL INFO NCCL_MIN_NCHANNELS set by environment to 16.
paraai-n32-h-01-agent-107:2488392:2489110 [0] NCCL INFO Channel 02/16 :    0   1   2   3   4   5   6   7   8   9  10  11  12  13  14  15
paraai-n32-h-01-agent-107:2488392:2489110 [0] NCCL INFO Channel 03/16 :    0   6   7   5   4  10  11   9   8  14  15  13  12   2   3   1
paraai-n32-h-01-agent-107:2488392:2489110 [0] NCCL INFO Channel 04/16 :    0   1   2   3   4   5   6   7   8   9  10  11  12  13  14  15
paraai-n32-h-01-agent-107:2488392:2489110 [0] NCCL INFO Channel 05/16 :    0   6   7   5   4  10  11   9   8  14  15  13  12   2   3   1
paraai-n32-h-01-agent-107:2488392:2489110 [0] NCCL INFO Channel 06/16 :    0   1   2   3   4   5   6   7   8   9  10  11  12  13  14  15
paraai-n32-h-01-agent-107:2488394:2489113 [2] NCCL INFO Trees [0] 3/-1/-1->2->1 [1] 3/10/-1->2->-1 [2] 3/-1/-1->2->1 [3] 3/-1/-1->2->6 [4] 3/-1/-1->2->1 [5] 3/10/-1->2->-1 [6] 3/-1/-1->2->1 [7] 3/-1/-1->2->6 [8] 3/-1/-1->2->1 [9] 3/10/-1->2->-1 [10] 3/-1/-1->2->1 [11] 3/-1/-1->2->6 [12] 3/-1/-1->2->1 [13] 3/10/-1->2->-1 [14] 3/-1/-1->2->1 [15] 3/-1/-1->2->6
paraai-n32-h-01-agent-107:2488392:2489110 [0] NCCL INFO Channel 07/16 :    0   6   7   5   4  10  11   9   8  14  15  13  12   2   3   1
paraai-n32-h-01-agent-107:2488392:2489110 [0] NCCL INFO Channel 08/16 :    0   1   2   3   4   5   6   7   8   9  10  11  12  13  14  15
paraai-n32-h-01-agent-107:2488392:2489110 [0] NCCL INFO Channel 09/16 :    0   6   7   5   4  10  11   9   8  14  15  13  12   2   3   1
paraai-n32-h-01-agent-107:2488392:2489110 [0] NCCL INFO Channel 10/16 :    0   1   2   3   4   5   6   7   8   9  10  11  12  13  14  15
paraai-n32-h-01-agent-107:2488392:2489110 [0] NCCL INFO Channel 11/16 :    0   6   7   5   4  10  11   9   8  14  15  13  12   2   3   1
paraai-n32-h-01-agent-107:2488392:2489110 [0] NCCL INFO Channel 12/16 :    0   1   2   3   4   5   6   7   8   9  10  11  12  13  14  15
paraai-n32-h-01-agent-107:2488392:2489110 [0] NCCL INFO Channel 13/16 :    0   6   7   5   4  10  11   9   8  14  15  13  12   2   3   1
paraai-n32-h-01-agent-107:2488392:2489110 [0] NCCL INFO Channel 14/16 :    0   1   2   3   4   5   6   7   8   9  10  11  12  13  14  15
paraai-n32-h-01-agent-107:2488392:2489110 [0] NCCL INFO Channel 15/16 :    0   6   7   5   4  10  11   9   8  14  15  13  12   2   3   1
paraai-n32-h-01-agent-107:2488392:2489110 [0] NCCL INFO Trees [0] 1/8/-1->0->-1 [1] 1/-1/-1->0->3 [2] 1/-1/-1->0->4 [3] 1/-1/-1->0->3 [4] 1/8/-1->0->-1 [5] 1/-1/-1->0->3 [6] 1/-1/-1->0->4 [7] 1/-1/-1->0->3 [8] 1/8/-1->0->-1 [9] 1/-1/-1->0->3 [10] 1/-1/-1->0->4 [11] 1/-1/-1->0->3 [12] 1/8/-1->0->-1 [13] 1/-1/-1->0->3 [14] 1/-1/-1->0->4 [15] 1/-1/-1->0->3
paraai-n32-h-01-agent-107:2488392:2489110 [0] NCCL INFO Channel 00/0 : 15[82000] -> 0[1000] [receive] via NET/IB/0
paraai-n32-h-01-agent-107:2488393:2489114 [1] NCCL INFO Channel 00 : 1[2000] -> 2[81000] via SHM/direct/direct
paraai-n32-h-01-agent-107:2488393:2489114 [1] NCCL INFO Channel 02 : 1[2000] -> 2[81000] via SHM/direct/direct
paraai-n32-h-01-agent-107:2488393:2489114 [1] NCCL INFO Channel 04 : 1[2000] -> 2[81000] via SHM/direct/direct
paraai-n32-h-01-agent-107:2488393:2489114 [1] NCCL INFO Channel 06 : 1[2000] -> 2[81000] via SHM/direct/direct
paraai-n32-h-01-agent-107:2488393:2489114 [1] NCCL INFO Channel 08 : 1[2000] -> 2[81000] via SHM/direct/direct
paraai-n32-h-01-agent-107:2488393:2489114 [1] NCCL INFO Channel 10 : 1[2000] -> 2[81000] via SHM/direct/direct
paraai-n32-h-01-agent-107:2488393:2489114 [1] NCCL INFO Channel 12 : 1[2000] -> 2[81000] via SHM/direct/direct
paraai-n32-h-01-agent-107:2488393:2489114 [1] NCCL INFO Channel 14 : 1[2000] -> 2[81000] via SHM/direct/direct
paraai-n32-h-01-agent-107:2488394:2489113 [2] NCCL INFO Channel 00 : 2[81000] -> 3[82000] via SHM/direct/direct
paraai-n32-h-01-agent-107:2488394:2489113 [2] NCCL INFO Channel 01 : 2[81000] -> 3[82000] via SHM/direct/direct
paraai-n32-h-01-agent-107:2488394:2489113 [2] NCCL INFO Channel 02 : 2[81000] -> 3[82000] via SHM/direct/direct
paraai-n32-h-01-agent-107:2488394:2489113 [2] NCCL INFO Channel 03 : 2[81000] -> 3[82000] via SHM/direct/direct
paraai-n32-h-01-agent-107:2488394:2489113 [2] NCCL INFO Channel 04 : 2[81000] -> 3[82000] via SHM/direct/direct
paraai-n32-h-01-agent-107:2488394:2489113 [2] NCCL INFO Channel 05 : 2[81000] -> 3[82000] via SHM/direct/direct
paraai-n32-h-01-agent-107:2488394:2489113 [2] NCCL INFO Channel 06 : 2[81000] -> 3[82000] via SHM/direct/direct
paraai-n32-h-01-agent-107:2488394:2489113 [2] NCCL INFO Channel 07 : 2[81000] -> 3[82000] via SHM/direct/direct
paraai-n32-h-01-agent-107:2488394:2489113 [2] NCCL INFO Channel 08 : 2[81000] -> 3[82000] via SHM/direct/direct
paraai-n32-h-01-agent-107:2488394:2489113 [2] NCCL INFO Channel 09 : 2[81000] -> 3[82000] via SHM/direct/direct
paraai-n32-h-01-agent-107:2488394:2489113 [2] NCCL INFO Channel 10 : 2[81000] -> 3[82000] via SHM/direct/direct
paraai-n32-h-01-agent-107:2488394:2489113 [2] NCCL INFO Channel 11 : 2[81000] -> 3[82000] via SHM/direct/direct
paraai-n32-h-01-agent-107:2488394:2489113 [2] NCCL INFO Channel 12 : 2[81000] -> 3[82000] via SHM/direct/direct
paraai-n32-h-01-agent-107:2488394:2489113 [2] NCCL INFO Channel 13 : 2[81000] -> 3[82000] via SHM/direct/direct
paraai-n32-h-01-agent-107:2488394:2489113 [2] NCCL INFO Channel 14 : 2[81000] -> 3[82000] via SHM/direct/direct
paraai-n32-h-01-agent-107:2488394:2489113 [2] NCCL INFO Channel 15 : 2[81000] -> 3[82000] via SHM/direct/direct
paraai-n32-h-01-agent-107:2488395:2489112 [3] NCCL INFO Channel 00/0 : 3[82000] -> 4[1000] [send] via NET/IB/1
paraai-n32-h-01-agent-107:2488392:2489110 [0] NCCL INFO Channel 02/0 : 15[82000] -> 0[1000] [receive] via NET/IB/0
paraai-n32-h-01-agent-107:2488395:2489112 [3] NCCL INFO Channel 02/0 : 3[82000] -> 4[1000] [send] via NET/IB/1
paraai-n32-h-01-agent-107:2488392:2489110 [0] NCCL INFO Channel 04/0 : 15[82000] -> 0[1000] [receive] via NET/IB/0
paraai-n32-h-01-agent-107:2488395:2489112 [3] NCCL INFO Channel 04/0 : 3[82000] -> 4[1000] [send] via NET/IB/1
paraai-n32-h-01-agent-107:2488392:2489110 [0] NCCL INFO Channel 06/0 : 15[82000] -> 0[1000] [receive] via NET/IB/0
paraai-n32-h-01-agent-107:2488395:2489112 [3] NCCL INFO Channel 06/0 : 3[82000] -> 4[1000] [send] via NET/IB/1
paraai-n32-h-01-agent-107:2488392:2489110 [0] NCCL INFO Channel 08/0 : 15[82000] -> 0[1000] [receive] via NET/IB/0
paraai-n32-h-01-agent-107:2488395:2489112 [3] NCCL INFO Channel 08/0 : 3[82000] -> 4[1000] [send] via NET/IB/1
paraai-n32-h-01-agent-107:2488392:2489110 [0] NCCL INFO Channel 10/0 : 15[82000] -> 0[1000] [receive] via NET/IB/0
paraai-n32-h-01-agent-107:2488395:2489112 [3] NCCL INFO Channel 10/0 : 3[82000] -> 4[1000] [send] via NET/IB/1
paraai-n32-h-01-agent-107:2488392:2489110 [0] NCCL INFO Channel 12/0 : 15[82000] -> 0[1000] [receive] via NET/IB/0
paraai-n32-h-01-agent-107:2488395:2489112 [3] NCCL INFO Channel 12/0 : 3[82000] -> 4[1000] [send] via NET/IB/1
paraai-n32-h-01-agent-107:2488392:2489110 [0] NCCL INFO Channel 14/0 : 15[82000] -> 0[1000] [receive] via NET/IB/0
paraai-n32-h-01-agent-107:2488392:2489110 [0] NCCL INFO Channel 00 : 0[1000] -> 1[2000] via SHM/direct/direct
paraai-n32-h-01-agent-107:2488392:2489110 [0] NCCL INFO Channel 02 : 0[1000] -> 1[2000] via SHM/direct/direct
paraai-n32-h-01-agent-107:2488392:2489110 [0] NCCL INFO Channel 04 : 0[1000] -> 1[2000] via SHM/direct/direct
paraai-n32-h-01-agent-107:2488392:2489110 [0] NCCL INFO Channel 06 : 0[1000] -> 1[2000] via SHM/direct/direct
paraai-n32-h-01-agent-107:2488392:2489110 [0] NCCL INFO Channel 08 : 0[1000] -> 1[2000] via SHM/direct/direct
paraai-n32-h-01-agent-107:2488392:2489110 [0] NCCL INFO Channel 10 : 0[1000] -> 1[2000] via SHM/direct/direct
paraai-n32-h-01-agent-107:2488392:2489110 [0] NCCL INFO Channel 12 : 0[1000] -> 1[2000] via SHM/direct/direct
paraai-n32-h-01-agent-107:2488392:2489110 [0] NCCL INFO Channel 14 : 0[1000] -> 1[2000] via SHM/direct/direct
paraai-n32-h-01-agent-107:2488392:2489124 [0] NCCL INFO NCCL_IB_GID_INDEX set by environment to 3.
paraai-n32-h-01-agent-107:2488395:2489112 [3] NCCL INFO Channel 14/0 : 3[82000] -> 4[1000] [send] via NET/IB/1
paraai-n32-h-01-agent-107:2488394:2489113 [2] NCCL INFO Channel 01/0 : 12[1000] -> 2[81000] [receive] via NET/IB/1
paraai-n32-h-01-agent-107:2488394:2489113 [2] NCCL INFO Channel 03/0 : 12[1000] -> 2[81000] [receive] via NET/IB/1
paraai-n32-h-01-agent-107:2488395:2489123 [3] NCCL INFO NCCL_IB_GID_INDEX set by environment to 3.
paraai-n32-h-01-agent-107:2488394:2489113 [2] NCCL INFO Channel 05/0 : 12[1000] -> 2[81000] [receive] via NET/IB/1
paraai-n32-h-01-agent-107:2488392:2489110 [0] NCCL INFO Channel 01/0 : 0[1000] -> 6[81000] [send] via NET/IB/0
paraai-n32-h-01-agent-107:2488394:2489113 [2] NCCL INFO Channel 07/0 : 12[1000] -> 2[81000] [receive] via NET/IB/1
paraai-n32-h-01-agent-107:2488392:2489110 [0] NCCL INFO Channel 03/0 : 0[1000] -> 6[81000] [send] via NET/IB/0
paraai-n32-h-01-agent-107:2488392:2489110 [0] NCCL INFO Channel 05/0 : 0[1000] -> 6[81000] [send] via NET/IB/0
paraai-n32-h-01-agent-107:2488395:2489112 [3] NCCL INFO Channel 01 : 3[82000] -> 1[2000] via SHM/direct/direct
paraai-n32-h-01-agent-107:2488395:2489112 [3] NCCL INFO Channel 03 : 3[82000] -> 1[2000] via SHM/direct/direct
paraai-n32-h-01-agent-107:2488395:2489112 [3] NCCL INFO Channel 05 : 3[82000] -> 1[2000] via SHM/direct/direct
paraai-n32-h-01-agent-107:2488395:2489112 [3] NCCL INFO Channel 07 : 3[82000] -> 1[2000] via SHM/direct/direct
paraai-n32-h-01-agent-107:2488395:2489112 [3] NCCL INFO Channel 09 : 3[82000] -> 1[2000] via SHM/direct/direct
paraai-n32-h-01-agent-107:2488395:2489112 [3] NCCL INFO Channel 11 : 3[82000] -> 1[2000] via SHM/direct/direct
paraai-n32-h-01-agent-107:2488395:2489112 [3] NCCL INFO Channel 13 : 3[82000] -> 1[2000] via SHM/direct/direct
paraai-n32-h-01-agent-107:2488395:2489112 [3] NCCL INFO Channel 15 : 3[82000] -> 1[2000] via SHM/direct/direct
paraai-n32-h-01-agent-107:2488393:2489114 [1] NCCL INFO Channel 01 : 1[2000] -> 0[1000] via SHM/direct/direct
paraai-n32-h-01-agent-107:2488393:2489114 [1] NCCL INFO Channel 03 : 1[2000] -> 0[1000] via SHM/direct/direct
paraai-n32-h-01-agent-107:2488393:2489114 [1] NCCL INFO Channel 05 : 1[2000] -> 0[1000] via SHM/direct/direct
paraai-n32-h-01-agent-107:2488393:2489114 [1] NCCL INFO Channel 07 : 1[2000] -> 0[1000] via SHM/direct/direct
paraai-n32-h-01-agent-107:2488393:2489114 [1] NCCL INFO Channel 09 : 1[2000] -> 0[1000] via SHM/direct/direct
paraai-n32-h-01-agent-107:2488393:2489114 [1] NCCL INFO Channel 11 : 1[2000] -> 0[1000] via SHM/direct/direct
paraai-n32-h-01-agent-107:2488393:2489114 [1] NCCL INFO Channel 13 : 1[2000] -> 0[1000] via SHM/direct/direct
paraai-n32-h-01-agent-107:2488393:2489114 [1] NCCL INFO Channel 15 : 1[2000] -> 0[1000] via SHM/direct/direct
paraai-n32-h-01-agent-107:2488395:2489112 [3] NCCL INFO Connected all rings
paraai-n32-h-01-agent-107:2488392:2489110 [0] NCCL INFO Channel 07/0 : 0[1000] -> 6[81000] [send] via NET/IB/0
paraai-n32-h-01-agent-107:2488394:2489113 [2] NCCL INFO Channel 09/0 : 12[1000] -> 2[81000] [receive] via NET/IB/1
paraai-n32-h-01-agent-107:2488392:2489110 [0] NCCL INFO Channel 09/0 : 0[1000] -> 6[81000] [send] via NET/IB/0
paraai-n32-h-01-agent-107:2488394:2489113 [2] NCCL INFO Channel 11/0 : 12[1000] -> 2[81000] [receive] via NET/IB/1
paraai-n32-h-01-agent-107:2488394:2489113 [2] NCCL INFO Channel 13/0 : 12[1000] -> 2[81000] [receive] via NET/IB/1
paraai-n32-h-01-agent-107:2488392:2489110 [0] NCCL INFO Channel 11/0 : 0[1000] -> 6[81000] [send] via NET/IB/0
paraai-n32-h-01-agent-107:2488392:2489110 [0] NCCL INFO Channel 13/0 : 0[1000] -> 6[81000] [send] via NET/IB/0
paraai-n32-h-01-agent-107:2488394:2489113 [2] NCCL INFO Channel 15/0 : 12[1000] -> 2[81000] [receive] via NET/IB/1
paraai-n32-h-01-agent-107:2488392:2489110 [0] NCCL INFO Channel 15/0 : 0[1000] -> 6[81000] [send] via NET/IB/0
paraai-n32-h-01-agent-107:2488392:2489110 [0] NCCL INFO Connected all rings
paraai-n32-h-01-agent-107:2488392:2489110 [0] NCCL INFO Channel 01 : 0[1000] -> 1[2000] via SHM/direct/direct
paraai-n32-h-01-agent-107:2488392:2489110 [0] NCCL INFO Channel 03 : 0[1000] -> 1[2000] via SHM/direct/direct
paraai-n32-h-01-agent-107:2488392:2489110 [0] NCCL INFO Channel 05 : 0[1000] -> 1[2000] via SHM/direct/direct
paraai-n32-h-01-agent-107:2488392:2489110 [0] NCCL INFO Channel 07 : 0[1000] -> 1[2000] via SHM/direct/direct
paraai-n32-h-01-agent-107:2488392:2489110 [0] NCCL INFO Channel 09 : 0[1000] -> 1[2000] via SHM/direct/direct
paraai-n32-h-01-agent-107:2488392:2489110 [0] NCCL INFO Channel 11 : 0[1000] -> 1[2000] via SHM/direct/direct
paraai-n32-h-01-agent-107:2488392:2489110 [0] NCCL INFO Channel 13 : 0[1000] -> 1[2000] via SHM/direct/direct
paraai-n32-h-01-agent-107:2488392:2489110 [0] NCCL INFO Channel 15 : 0[1000] -> 1[2000] via SHM/direct/direct
paraai-n32-h-01-agent-107:2488393:2489114 [1] NCCL INFO Connected all rings
paraai-n32-h-01-agent-107:2488392:2489110 [0] NCCL INFO Channel 01 : 0[1000] -> 3[82000] via SHM/direct/direct
paraai-n32-h-01-agent-107:2488392:2489110 [0] NCCL INFO Channel 03 : 0[1000] -> 3[82000] via SHM/direct/direct
paraai-n32-h-01-agent-107:2488392:2489110 [0] NCCL INFO Channel 05 : 0[1000] -> 3[82000] via SHM/direct/direct
paraai-n32-h-01-agent-107:2488392:2489110 [0] NCCL INFO Channel 07 : 0[1000] -> 3[82000] via SHM/direct/direct
paraai-n32-h-01-agent-107:2488392:2489110 [0] NCCL INFO Channel 09 : 0[1000] -> 3[82000] via SHM/direct/direct
paraai-n32-h-01-agent-107:2488392:2489110 [0] NCCL INFO Channel 11 : 0[1000] -> 3[82000] via SHM/direct/direct
paraai-n32-h-01-agent-107:2488392:2489110 [0] NCCL INFO Channel 13 : 0[1000] -> 3[82000] via SHM/direct/direct
paraai-n32-h-01-agent-107:2488392:2489110 [0] NCCL INFO Channel 15 : 0[1000] -> 3[82000] via SHM/direct/direct
paraai-n32-h-01-agent-107:2488395:2489112 [3] NCCL INFO Channel 01 : 3[82000] -> 0[1000] via SHM/direct/direct
paraai-n32-h-01-agent-107:2488395:2489112 [3] NCCL INFO Channel 03 : 3[82000] -> 0[1000] via SHM/direct/direct
paraai-n32-h-01-agent-107:2488395:2489112 [3] NCCL INFO Channel 05 : 3[82000] -> 0[1000] via SHM/direct/direct
paraai-n32-h-01-agent-107:2488395:2489112 [3] NCCL INFO Channel 07 : 3[82000] -> 0[1000] via SHM/direct/direct
paraai-n32-h-01-agent-107:2488395:2489112 [3] NCCL INFO Channel 09 : 3[82000] -> 0[1000] via SHM/direct/direct
paraai-n32-h-01-agent-107:2488395:2489112 [3] NCCL INFO Channel 11 : 3[82000] -> 0[1000] via SHM/direct/direct
paraai-n32-h-01-agent-107:2488395:2489112 [3] NCCL INFO Channel 13 : 3[82000] -> 0[1000] via SHM/direct/direct
paraai-n32-h-01-agent-107:2488395:2489112 [3] NCCL INFO Channel 15 : 3[82000] -> 0[1000] via SHM/direct/direct
paraai-n32-h-01-agent-107:2488393:2489114 [1] NCCL INFO Channel 00 : 1[2000] -> 0[1000] via SHM/direct/direct
paraai-n32-h-01-agent-107:2488393:2489114 [1] NCCL INFO Channel 02 : 1[2000] -> 0[1000] via SHM/direct/direct
paraai-n32-h-01-agent-107:2488393:2489114 [1] NCCL INFO Channel 04 : 1[2000] -> 0[1000] via SHM/direct/direct
paraai-n32-h-01-agent-107:2488393:2489114 [1] NCCL INFO Channel 06 : 1[2000] -> 0[1000] via SHM/direct/direct
paraai-n32-h-01-agent-107:2488393:2489114 [1] NCCL INFO Channel 08 : 1[2000] -> 0[1000] via SHM/direct/direct
paraai-n32-h-01-agent-107:2488393:2489114 [1] NCCL INFO Channel 10 : 1[2000] -> 0[1000] via SHM/direct/direct
paraai-n32-h-01-agent-107:2488393:2489114 [1] NCCL INFO Channel 12 : 1[2000] -> 0[1000] via SHM/direct/direct
paraai-n32-h-01-agent-107:2488393:2489114 [1] NCCL INFO Channel 14 : 1[2000] -> 0[1000] via SHM/direct/direct
paraai-n32-h-01-agent-107:2488392:2489110 [0] NCCL INFO Channel 02/0 : 0[1000] -> 4[1000] [send] via NET/IB/0
paraai-n32-h-01-agent-107:2488392:2489110 [0] NCCL INFO Channel 06/0 : 0[1000] -> 4[1000] [send] via NET/IB/0
paraai-n32-h-01-agent-107:2488392:2489110 [0] NCCL INFO Channel 10/0 : 0[1000] -> 4[1000] [send] via NET/IB/0
paraai-n32-h-01-agent-107:2488394:2489125 [2] NCCL INFO NCCL_IB_GID_INDEX set by environment to 3.
paraai-n32-h-01-agent-107:2488394:2489113 [2] NCCL INFO Connected all rings
paraai-n32-h-01-agent-107:2488392:2489110 [0] NCCL INFO Channel 14/0 : 0[1000] -> 4[1000] [send] via NET/IB/0
paraai-n32-h-01-agent-107:2488394:2489113 [2] NCCL INFO Channel 03/0 : 2[81000] -> 6[81000] [send] via NET/IB/1
paraai-n32-h-01-agent-107:2488394:2489113 [2] NCCL INFO Channel 07/0 : 2[81000] -> 6[81000] [send] via NET/IB/1
paraai-n32-h-01-agent-107:2488394:2489113 [2] NCCL INFO Channel 11/0 : 2[81000] -> 6[81000] [send] via NET/IB/1
paraai-n32-h-01-agent-107:2488394:2489113 [2] NCCL INFO Channel 15/0 : 2[81000] -> 6[81000] [send] via NET/IB/1
paraai-n32-h-01-agent-107:2488394:2489113 [2] NCCL INFO Channel 01/0 : 10[81000] -> 2[81000] [receive] via NET/IB/1
paraai-n32-h-01-agent-107:2488392:2489110 [0] NCCL INFO Channel 00/0 : 8[1000] -> 0[1000] [receive] via NET/IB/0
paraai-n32-h-01-agent-107:2488392:2489110 [0] NCCL INFO Channel 04/0 : 8[1000] -> 0[1000] [receive] via NET/IB/0
paraai-n32-h-01-agent-107:2488394:2489113 [2] NCCL INFO Channel 05/0 : 10[81000] -> 2[81000] [receive] via NET/IB/1
paraai-n32-h-01-agent-107:2488392:2489110 [0] NCCL INFO Channel 08/0 : 8[1000] -> 0[1000] [receive] via NET/IB/0
paraai-n32-h-01-agent-107:2488394:2489113 [2] NCCL INFO Channel 09/0 : 10[81000] -> 2[81000] [receive] via NET/IB/1
paraai-n32-h-01-agent-107:2488392:2489110 [0] NCCL INFO Channel 12/0 : 8[1000] -> 0[1000] [receive] via NET/IB/0
paraai-n32-h-01-agent-107:2488394:2489113 [2] NCCL INFO Channel 13/0 : 10[81000] -> 2[81000] [receive] via NET/IB/1
paraai-n32-h-01-agent-107:2488394:2489113 [2] NCCL INFO Channel 01/0 : 2[81000] -> 10[81000] [send] via NET/IB/1
paraai-n32-h-01-agent-107:2488392:2489110 [0] NCCL INFO Channel 00/0 : 0[1000] -> 8[1000] [send] via NET/IB/0
paraai-n32-h-01-agent-107:2488394:2489113 [2] NCCL INFO Channel 05/0 : 2[81000] -> 10[81000] [send] via NET/IB/1
paraai-n32-h-01-agent-107:2488392:2489110 [0] NCCL INFO Channel 04/0 : 0[1000] -> 8[1000] [send] via NET/IB/0
paraai-n32-h-01-agent-107:2488394:2489113 [2] NCCL INFO Channel 09/0 : 2[81000] -> 10[81000] [send] via NET/IB/1
paraai-n32-h-01-agent-107:2488392:2489110 [0] NCCL INFO Channel 08/0 : 0[1000] -> 8[1000] [send] via NET/IB/0
paraai-n32-h-01-agent-107:2488394:2489113 [2] NCCL INFO Channel 13/0 : 2[81000] -> 10[81000] [send] via NET/IB/1
paraai-n32-h-01-agent-107:2488392:2489110 [0] NCCL INFO Channel 12/0 : 0[1000] -> 8[1000] [send] via NET/IB/0
paraai-n32-h-01-agent-107:2488394:2489113 [2] NCCL INFO Channel 03/0 : 6[81000] -> 2[81000] [receive] via NET/IB/1
paraai-n32-h-01-agent-107:2488394:2489113 [2] NCCL INFO Channel 07/0 : 6[81000] -> 2[81000] [receive] via NET/IB/1
paraai-n32-h-01-agent-107:2488392:2489110 [0] NCCL INFO Channel 02/0 : 4[1000] -> 0[1000] [receive] via NET/IB/0
paraai-n32-h-01-agent-107:2488394:2489113 [2] NCCL INFO Channel 11/0 : 6[81000] -> 2[81000] [receive] via NET/IB/1
paraai-n32-h-01-agent-107:2488392:2489110 [0] NCCL INFO Channel 06/0 : 4[1000] -> 0[1000] [receive] via NET/IB/0
paraai-n32-h-01-agent-107:2488394:2489113 [2] NCCL INFO Channel 15/0 : 6[81000] -> 2[81000] [receive] via NET/IB/1
paraai-n32-h-01-agent-107:2488392:2489110 [0] NCCL INFO Channel 10/0 : 4[1000] -> 0[1000] [receive] via NET/IB/0
paraai-n32-h-01-agent-107:2488392:2489110 [0] NCCL INFO Channel 14/0 : 4[1000] -> 0[1000] [receive] via NET/IB/0
paraai-n32-h-01-agent-107:2488395:2489112 [3] NCCL INFO Channel 00 : 3[82000] -> 2[81000] via SHM/direct/direct
paraai-n32-h-01-agent-107:2488395:2489112 [3] NCCL INFO Channel 01 : 3[82000] -> 2[81000] via SHM/direct/direct
paraai-n32-h-01-agent-107:2488395:2489112 [3] NCCL INFO Channel 02 : 3[82000] -> 2[81000] via SHM/direct/direct
paraai-n32-h-01-agent-107:2488395:2489112 [3] NCCL INFO Channel 03 : 3[82000] -> 2[81000] via SHM/direct/direct
paraai-n32-h-01-agent-107:2488395:2489112 [3] NCCL INFO Channel 04 : 3[82000] -> 2[81000] via SHM/direct/direct
paraai-n32-h-01-agent-107:2488395:2489112 [3] NCCL INFO Channel 05 : 3[82000] -> 2[81000] via SHM/direct/direct
paraai-n32-h-01-agent-107:2488395:2489112 [3] NCCL INFO Channel 06 : 3[82000] -> 2[81000] via SHM/direct/direct
paraai-n32-h-01-agent-107:2488395:2489112 [3] NCCL INFO Channel 07 : 3[82000] -> 2[81000] via SHM/direct/direct
paraai-n32-h-01-agent-107:2488395:2489112 [3] NCCL INFO Channel 08 : 3[82000] -> 2[81000] via SHM/direct/direct
paraai-n32-h-01-agent-107:2488395:2489112 [3] NCCL INFO Channel 09 : 3[82000] -> 2[81000] via SHM/direct/direct
paraai-n32-h-01-agent-107:2488395:2489112 [3] NCCL INFO Channel 10 : 3[82000] -> 2[81000] via SHM/direct/direct
paraai-n32-h-01-agent-107:2488395:2489112 [3] NCCL INFO Channel 11 : 3[82000] -> 2[81000] via SHM/direct/direct
paraai-n32-h-01-agent-107:2488395:2489112 [3] NCCL INFO Channel 12 : 3[82000] -> 2[81000] via SHM/direct/direct
paraai-n32-h-01-agent-107:2488395:2489112 [3] NCCL INFO Channel 13 : 3[82000] -> 2[81000] via SHM/direct/direct
paraai-n32-h-01-agent-107:2488395:2489112 [3] NCCL INFO Channel 14 : 3[82000] -> 2[81000] via SHM/direct/direct
paraai-n32-h-01-agent-107:2488395:2489112 [3] NCCL INFO Channel 15 : 3[82000] -> 2[81000] via SHM/direct/direct
paraai-n32-h-01-agent-107:2488392:2489110 [0] NCCL INFO Connected all trees
paraai-n32-h-01-agent-107:2488392:2489110 [0] NCCL INFO threadThresholds 8/8/64 | 128/8/64 | 512 | 512
paraai-n32-h-01-agent-107:2488392:2489110 [0] NCCL INFO 16 coll channels, 16 p2p channels, 2 p2p channels per peer
paraai-n32-h-01-agent-107:2488394:2489113 [2] NCCL INFO Channel 00 : 2[81000] -> 1[2000] via SHM/direct/direct
paraai-n32-h-01-agent-107:2488394:2489113 [2] NCCL INFO Channel 02 : 2[81000] -> 1[2000] via SHM/direct/direct
paraai-n32-h-01-agent-107:2488394:2489113 [2] NCCL INFO Channel 04 : 2[81000] -> 1[2000] via SHM/direct/direct
paraai-n32-h-01-agent-107:2488394:2489113 [2] NCCL INFO Channel 06 : 2[81000] -> 1[2000] via SHM/direct/direct
paraai-n32-h-01-agent-107:2488394:2489113 [2] NCCL INFO Channel 08 : 2[81000] -> 1[2000] via SHM/direct/direct
paraai-n32-h-01-agent-107:2488394:2489113 [2] NCCL INFO Channel 10 : 2[81000] -> 1[2000] via SHM/direct/direct
paraai-n32-h-01-agent-107:2488394:2489113 [2] NCCL INFO Channel 12 : 2[81000] -> 1[2000] via SHM/direct/direct
paraai-n32-h-01-agent-107:2488394:2489113 [2] NCCL INFO Channel 14 : 2[81000] -> 1[2000] via SHM/direct/direct
paraai-n32-h-01-agent-107:2488393:2489114 [1] NCCL INFO Connected all trees
paraai-n32-h-01-agent-107:2488393:2489114 [1] NCCL INFO threadThresholds 8/8/64 | 128/8/64 | 512 | 512
paraai-n32-h-01-agent-107:2488393:2489114 [1] NCCL INFO 16 coll channels, 16 p2p channels, 2 p2p channels per peer
paraai-n32-h-01-agent-107:2488395:2489112 [3] NCCL INFO Connected all trees
paraai-n32-h-01-agent-107:2488394:2489113 [2] NCCL INFO Connected all trees
paraai-n32-h-01-agent-107:2488394:2489113 [2] NCCL INFO threadThresholds 8/8/64 | 128/8/64 | 512 | 512
paraai-n32-h-01-agent-107:2488394:2489113 [2] NCCL INFO 16 coll channels, 16 p2p channels, 2 p2p channels per peer
paraai-n32-h-01-agent-107:2488395:2489112 [3] NCCL INFO threadThresholds 8/8/64 | 128/8/64 | 512 | 512
paraai-n32-h-01-agent-107:2488395:2489112 [3] NCCL INFO 16 coll channels, 16 p2p channels, 2 p2p channels per peer
paraai-n32-h-01-agent-107:2488394:2489113 [2] NCCL INFO comm 0x4f68d5d0 rank 2 nranks 16 cudaDev 2 busId 81000 - Init COMPLETE
paraai-n32-h-01-agent-107:2488395:2489112 [3] NCCL INFO comm 0x3e55aa80 rank 3 nranks 16 cudaDev 3 busId 82000 - Init COMPLETE
paraai-n32-h-01-agent-107:2488393:2489114 [1] NCCL INFO comm 0x1eca3380 rank 1 nranks 16 cudaDev 1 busId 2000 - Init COMPLETE
paraai-n32-h-01-agent-107:2488392:2489110 [0] NCCL INFO comm 0x2cdda100 rank 0 nranks 16 cudaDev 0 busId 1000 - Init COMPLETE
2023-07-03 12:48:50,209 - root - INFO - Starting from pretrained one-step model at ./exp_15_levels/Masked_AE_Ocean/20230628-131150/training_checkpoints/best_ckpt.tar
2023-07-03 12:48:50,210 - root - INFO - Starting from pretrained one-step model at ./exp_15_levels/Masked_AE_Ocean/20230628-131150/training_checkpoints/best_ckpt.tar
2023-07-03 12:48:50,210 - root - INFO - Starting from pretrained one-step model at ./exp_15_levels/Masked_AE_Ocean/20230628-131150/training_checkpoints/best_ckpt.tar
2023-07-03 12:48:50,211 - root - INFO - Starting from pretrained one-step model at ./exp_15_levels/Masked_AE_Ocean/20230628-131150/training_checkpoints/best_ckpt.tar
2023-07-03 12:48:51,420 - root - INFO - Adding 50 epochs specified in config file for refining pretrained model
2023-07-03 12:48:51,477 - root - INFO - Adding 50 epochs specified in config file for refining pretrained model
2023-07-03 12:48:51,493 - root - INFO - Adding 50 epochs specified in config file for refining pretrained model
2023-07-03 12:48:51,495 - root - INFO - Number of trainable model parameters: 113891901
2023-07-03 12:48:51,495 - root - INFO - Starting Training Loop...
2023-07-03 12:48:51,514 - root - INFO - Adding 50 epochs specified in config file for refining pretrained model
2023-07-03 12:48:55,654 - root - INFO - inp: torch.Size([1, 67, 720, 1440]), tar:torch.Size([1, 3, 66, 720, 1440])
2023-07-03 12:48:55,688 - root - INFO - inp: torch.Size([1, 67, 720, 1440]), tar:torch.Size([1, 3, 66, 720, 1440])
2023-07-03 12:48:55,706 - root - INFO - inp: torch.Size([1, 67, 720, 1440]), tar:torch.Size([1, 3, 66, 720, 1440])
2023-07-03 12:48:55,758 - root - INFO - inp: torch.Size([1, 67, 720, 1440]), tar:torch.Size([1, 3, 66, 720, 1440])
tar: cpu
loss_step_2: cuda:1
tar: cpu
loss_step_2: cuda:2
tar: cpu
loss_step_2: cuda:0
Traceback (most recent call last):
  File "/home/bingxing2/home/scx6115/Ocean_AI_model/train_025_multi_steps.py", line 613, in <module>
    trainer.train()
  File "/home/bingxing2/home/scx6115/Ocean_AI_model/train_025_multi_steps.py", line 151, in train
    tr_time, data_time, train_logs = self.train_one_epoch() 
  File "/home/bingxing2/home/scx6115/Ocean_AI_model/train_025_multi_steps.py", line 297, in train_one_epoch
    gen_step_3 = self.model( inp_step_3 )
  File "/home/bingxing2/home/scx6115/.conda/envs/torch2.0/lib/python3.10/site-packages/torch/nn/modules/module.py", line 1501, in _call_impl
    return forward_call(*args, **kwargs)
  File "/home/bingxing2/home/scx6115/.conda/envs/torch2.0/lib/python3.10/site-packages/torch/nn/parallel/distributed.py", line 1156, in forward
    output = self._run_ddp_forward(*inputs, **kwargs)
  File "/home/bingxing2/home/scx6115/.conda/envs/torch2.0/lib/python3.10/site-packages/torch/nn/parallel/distributed.py", line 1110, in _run_ddp_forward
    return module_to_run(*inputs[0], **kwargs[0])  # type: ignore[index]
  File "/home/bingxing2/home/scx6115/.conda/envs/torch2.0/lib/python3.10/site-packages/torch/nn/modules/module.py", line 1501, in _call_impl
    return forward_call(*args, **kwargs)
  File "/home/bingxing2/home/scx6115/Ocean_AI_model/networks/Masked_AE_Ocean.py", line 225, in forward
    x = self.forward_decoder(x, ids_restore)
  File "/home/bingxing2/home/scx6115/Ocean_AI_model/networks/Masked_AE_Ocean.py", line 212, in forward_decoder
    x = blk(x)
  File "/home/bingxing2/home/scx6115/.conda/envs/torch2.0/lib/python3.10/site-packages/torch/nn/modules/module.py", line 1501, in _call_impl
    return forward_call(*args, **kwargs)
  File "/home/bingxing2/home/scx6115/Ocean_AI_model/networks/fourier_block_Masked_AE_Ocean.py", line 128, in forward
    x = self.filter(x)
  File "/home/bingxing2/home/scx6115/.conda/envs/torch2.0/lib/python3.10/site-packages/torch/nn/modules/module.py", line 1501, in _call_impl
    return forward_call(*args, **kwargs)
  File "/home/bingxing2/home/scx6115/Ocean_AI_model/networks/fourier_block_Masked_AE_Ocean.py", line 88, in forward
    torch.einsum('...bi,bio->...bo', o1_imag[:, :kept_modes], self.w2[0]) + \
torch.cuda.OutOfMemoryError: CUDA out of memory. Tried to allocate 16.00 MiB (GPU 1; 39.41 GiB total capacity; 37.20 GiB already allocated; 12.50 MiB free; 37.67 GiB reserved in total by PyTorch) If reserved memory is >> allocated memory try setting max_split_size_mb to avoid fragmentation.  See documentation for Memory Management and PYTORCH_CUDA_ALLOC_CONF
tar: cpu
Traceback (most recent call last):
  File "/home/bingxing2/home/scx6115/Ocean_AI_model/train_025_multi_steps.py", line 613, in <module>
    trainer.train()
  File "/home/bingxing2/home/scx6115/Ocean_AI_model/train_025_multi_steps.py", line 151, in train
    tr_time, data_time, train_logs = self.train_one_epoch() 
  File "/home/bingxing2/home/scx6115/Ocean_AI_model/train_025_multi_steps.py", line 297, in train_one_epoch
    gen_step_3 = self.model( inp_step_3 )
  File "/home/bingxing2/home/scx6115/.conda/envs/torch2.0/lib/python3.10/site-packages/torch/nn/modules/module.py", line 1501, in _call_impl
    return forward_call(*args, **kwargs)
  File "/home/bingxing2/home/scx6115/.conda/envs/torch2.0/lib/python3.10/site-packages/torch/nn/parallel/distributed.py", line 1156, in forward
    output = self._run_ddp_forward(*inputs, **kwargs)
  File "/home/bingxing2/home/scx6115/.conda/envs/torch2.0/lib/python3.10/site-packages/torch/nn/parallel/distributed.py", line 1110, in _run_ddp_forward
    return module_to_run(*inputs[0], **kwargs[0])  # type: ignore[index]
  File "/home/bingxing2/home/scx6115/.conda/envs/torch2.0/lib/python3.10/site-packages/torch/nn/modules/module.py", line 1501, in _call_impl
    return forward_call(*args, **kwargs)
  File "/home/bingxing2/home/scx6115/Ocean_AI_model/networks/Masked_AE_Ocean.py", line 225, in forward
    x = self.forward_decoder(x, ids_restore)
  File "/home/bingxing2/home/scx6115/Ocean_AI_model/networks/Masked_AE_Ocean.py", line 212, in forward_decoder
    x = blk(x)
  File "/home/bingxing2/home/scx6115/.conda/envs/torch2.0/lib/python3.10/site-packages/torch/nn/modules/module.py", line 1501, in _call_impl
    return forward_call(*args, **kwargs)
  File "/home/bingxing2/home/scx6115/Ocean_AI_model/networks/fourier_block_Masked_AE_Ocean.py", line 128, in forward
    x = self.filter(x)
  File "/home/bingxing2/home/scx6115/.conda/envs/torch2.0/lib/python3.10/site-packages/torch/nn/modules/module.py", line 1501, in _call_impl
    return forward_call(*args, **kwargs)
  File "/home/bingxing2/home/scx6115/Ocean_AI_model/networks/fourier_block_Masked_AE_Ocean.py", line 97, in forward
    x = torch.fft.irfft(x, n=N, dim=1, norm="ortho")
torch.cuda.OutOfMemoryError: CUDA out of memory. Tried to allocate 64.00 MiB (GPU 2; 39.41 GiB total capacity; 37.24 GiB already allocated; 24.50 MiB free; 37.66 GiB reserved in total by PyTorch) If reserved memory is >> allocated memory try setting max_split_size_mb to avoid fragmentation.  See documentation for Memory Management and PYTORCH_CUDA_ALLOC_CONF
loss_step_2: cuda:3
Traceback (most recent call last):
  File "/home/bingxing2/home/scx6115/Ocean_AI_model/train_025_multi_steps.py", line 613, in <module>
    trainer.train()
  File "/home/bingxing2/home/scx6115/Ocean_AI_model/train_025_multi_steps.py", line 151, in train
    tr_time, data_time, train_logs = self.train_one_epoch()
  File "/home/bingxing2/home/scx6115/Ocean_AI_model/train_025_multi_steps.py", line 297, in train_one_epoch
    gen_step_3 = self.model( inp_step_3 )
  File "/home/bingxing2/home/scx6115/.conda/envs/torch2.0/lib/python3.10/site-packages/torch/nn/modules/module.py", line 1501, in _call_impl
    return forward_call(*args, **kwargs)
  File "/home/bingxing2/home/scx6115/.conda/envs/torch2.0/lib/python3.10/site-packages/torch/nn/parallel/distributed.py", line 1156, in forward
    output = self._run_ddp_forward(*inputs, **kwargs)
  File "/home/bingxing2/home/scx6115/.conda/envs/torch2.0/lib/python3.10/site-packages/torch/nn/parallel/distributed.py", line 1110, in _run_ddp_forward
    return module_to_run(*inputs[0], **kwargs[0])  # type: ignore[index]
  File "/home/bingxing2/home/scx6115/.conda/envs/torch2.0/lib/python3.10/site-packages/torch/nn/modules/module.py", line 1501, in _call_impl
    return forward_call(*args, **kwargs)
  File "/home/bingxing2/home/scx6115/Ocean_AI_model/networks/Masked_AE_Ocean.py", line 225, in forward
    x = self.forward_decoder(x, ids_restore)
  File "/home/bingxing2/home/scx6115/Ocean_AI_model/networks/Masked_AE_Ocean.py", line 212, in forward_decoder
    x = blk(x)
  File "/home/bingxing2/home/scx6115/.conda/envs/torch2.0/lib/python3.10/site-packages/torch/nn/modules/module.py", line 1501, in _call_impl
    return forward_call(*args, **kwargs)
  File "/home/bingxing2/home/scx6115/Ocean_AI_model/networks/fourier_block_Masked_AE_Ocean.py", line 128, in forward
    x = self.filter(x)
  File "/home/bingxing2/home/scx6115/.conda/envs/torch2.0/lib/python3.10/site-packages/torch/nn/modules/module.py", line 1501, in _call_impl
    return forward_call(*args, **kwargs)
  File "/home/bingxing2/home/scx6115/Ocean_AI_model/networks/fourier_block_Masked_AE_Ocean.py", line 97, in forward
    x = torch.fft.irfft(x, n=N, dim=1, norm="ortho")
torch.cuda.OutOfMemoryError: CUDA out of memory. Tried to allocate 64.00 MiB (GPU 0; 39.41 GiB total capacity; 37.24 GiB already allocated; 6.50 MiB free; 37.67 GiB reserved in total by PyTorch) If reserved memory is >> allocated memory try setting max_split_size_mb to avoid fragmentation.  See documentation for Memory Management and PYTORCH_CUDA_ALLOC_CONF
wandb: Waiting for W&B process to finish... (failed 1).
Traceback (most recent call last):
  File "/home/bingxing2/home/scx6115/Ocean_AI_model/train_025_multi_steps.py", line 613, in <module>
    trainer.train()
  File "/home/bingxing2/home/scx6115/Ocean_AI_model/train_025_multi_steps.py", line 151, in train
    tr_time, data_time, train_logs = self.train_one_epoch() 
  File "/home/bingxing2/home/scx6115/Ocean_AI_model/train_025_multi_steps.py", line 297, in train_one_epoch
    gen_step_3 = self.model( inp_step_3 )
  File "/home/bingxing2/home/scx6115/.conda/envs/torch2.0/lib/python3.10/site-packages/torch/nn/modules/module.py", line 1501, in _call_impl
    return forward_call(*args, **kwargs)
  File "/home/bingxing2/home/scx6115/.conda/envs/torch2.0/lib/python3.10/site-packages/torch/nn/parallel/distributed.py", line 1156, in forward
    output = self._run_ddp_forward(*inputs, **kwargs)
  File "/home/bingxing2/home/scx6115/.conda/envs/torch2.0/lib/python3.10/site-packages/torch/nn/parallel/distributed.py", line 1110, in _run_ddp_forward
    return module_to_run(*inputs[0], **kwargs[0])  # type: ignore[index]
  File "/home/bingxing2/home/scx6115/.conda/envs/torch2.0/lib/python3.10/site-packages/torch/nn/modules/module.py", line 1501, in _call_impl
    return forward_call(*args, **kwargs)
  File "/home/bingxing2/home/scx6115/Ocean_AI_model/networks/Masked_AE_Ocean.py", line 225, in forward
    x = self.forward_decoder(x, ids_restore)
  File "/home/bingxing2/home/scx6115/Ocean_AI_model/networks/Masked_AE_Ocean.py", line 212, in forward_decoder
    x = blk(x)
  File "/home/bingxing2/home/scx6115/.conda/envs/torch2.0/lib/python3.10/site-packages/torch/nn/modules/module.py", line 1501, in _call_impl
    return forward_call(*args, **kwargs)
  File "/home/bingxing2/home/scx6115/Ocean_AI_model/networks/fourier_block_Masked_AE_Ocean.py", line 128, in forward
    x = self.filter(x)
  File "/home/bingxing2/home/scx6115/.conda/envs/torch2.0/lib/python3.10/site-packages/torch/nn/modules/module.py", line 1501, in _call_impl
    return forward_call(*args, **kwargs)
  File "/home/bingxing2/home/scx6115/Ocean_AI_model/networks/fourier_block_Masked_AE_Ocean.py", line 97, in forward
    x = torch.fft.irfft(x, n=N, dim=1, norm="ortho")
torch.cuda.OutOfMemoryError: CUDA out of memory. Tried to allocate 64.00 MiB (GPU 3; 39.41 GiB total capacity; 37.24 GiB already allocated; 24.50 MiB free; 37.66 GiB reserved in total by PyTorch) If reserved memory is >> allocated memory try setting max_split_size_mb to avoid fragmentation.  See documentation for Memory Management and PYTORCH_CUDA_ALLOC_CONF
wandb: You can sync this run to the cloud by running:
wandb: wandb sync /home/bingxing2/home/scx6115/Ocean_AI_model/wandb/offline-run-20230703_124837-7s58mxq0
wandb: Find logs at: ./wandb/offline-run-20230703_124837-7s58mxq0/logs
WARNING:torch.distributed.elastic.multiprocessing.api:Sending process 2488392 closing signal SIGTERM
ERROR:torch.distributed.elastic.multiprocessing.api:failed (exitcode: 1) local_rank: 1 (pid: 2488393) of binary: /home/bingxing2/home/scx6115/.conda/envs/torch2.0/bin/python
Traceback (most recent call last):
  File "/home/bingxing2/home/scx6115/.conda/envs/torch2.0/bin/torchrun", line 8, in <module>
    sys.exit(main())
  File "/home/bingxing2/home/scx6115/.conda/envs/torch2.0/lib/python3.10/site-packages/torch/distributed/elastic/multiprocessing/errors/__init__.py", line 346, in wrapper
    return f(*args, **kwargs)
  File "/home/bingxing2/home/scx6115/.conda/envs/torch2.0/lib/python3.10/site-packages/torch/distributed/run.py", line 794, in main
    run(args)
  File "/home/bingxing2/home/scx6115/.conda/envs/torch2.0/lib/python3.10/site-packages/torch/distributed/run.py", line 785, in run
    elastic_launch(
  File "/home/bingxing2/home/scx6115/.conda/envs/torch2.0/lib/python3.10/site-packages/torch/distributed/launcher/api.py", line 134, in __call__
    return launch_agent(self._config, self._entrypoint, list(args))
  File "/home/bingxing2/home/scx6115/.conda/envs/torch2.0/lib/python3.10/site-packages/torch/distributed/launcher/api.py", line 250, in launch_agent
    raise ChildFailedError(
torch.distributed.elastic.multiprocessing.errors.ChildFailedError: 
============================================================
train_025_multi_steps.py FAILED
------------------------------------------------------------
Failures:
[1]:
  time      : 2023-07-03_12:49:03
  host      : paraai-n32-h-01-agent-107.paraai-n32-h-01.com
  rank      : 2 (local_rank: 2)
  exitcode  : 1 (pid: 2488394)
  error_file: <N/A>
  traceback : To enable traceback see: https://pytorch.org/docs/stable/elastic/errors.html
[2]:
  time      : 2023-07-03_12:49:03
  host      : paraai-n32-h-01-agent-107.paraai-n32-h-01.com
  rank      : 3 (local_rank: 3)
  exitcode  : 1 (pid: 2488395)
  error_file: <N/A>
  traceback : To enable traceback see: https://pytorch.org/docs/stable/elastic/errors.html
------------------------------------------------------------
Root Cause (first observed failure):
[0]:
  time      : 2023-07-03_12:49:03
  host      : paraai-n32-h-01-agent-107.paraai-n32-h-01.com
  rank      : 1 (local_rank: 1)
  exitcode  : 1 (pid: 2488393)
  error_file: <N/A>
  traceback : To enable traceback see: https://pytorch.org/docs/stable/elastic/errors.html
============================================================
srun: error: paraai-n32-h-01-agent-107: task 0: Exited with exit code 1
