master_addr is only used for static rdzv_backend and when rdzv_endpoint is not specified.
paraai-n32-h-01-agent-87
paraai-n32-h-01-agent-87
paraai-n32-h-01-agent-87
00

------------------ Configuration ------------------ ------------------ Configuration ------------------  0 /home/bingxing2/home/scx6115/Ocean_AI_model/config/Model_2.yaml
/home/bingxing2/home/scx6115/Ocean_AI_model/config/Model_2.yaml
------------------ Configuration ------------------ 
 /home/bingxing2/home/scx6115/Ocean_AI_model/config/Model_2.yaml
paraai-n32-h-01-agent-87
0
------------------ Configuration ------------------  /home/bingxing2/home/scx6115/Ocean_AI_model/config/Model_2.yaml
nettype Masked_AE_Ocean
log_to_wandb True
lr 0.001
batch_size 32
max_epochs 150
scheduler CosineAnnealingLR
fusion_3d_2d False
in_channels [0, 1, 2, 3, 4, 5, 6, 7, 8, 9, 10, 11, 12, 13, 14, 15, 16, 17, 18, 19, 20, 21, 22, 23, 24, 25, 26, 27, 28, 29, 30, 31, 32, 33, 34, 35, 36, 37, 38, 39, 40, 41, 42, 43, 44, 45, 46, 47, 48, 49, 50, 51, 52, 53, 54, 55, 56, 57, 58, 59, 60, 61, 62, 63, 64, 65]
out_channels [0, 1, 2, 3, 4, 5, 6, 7, 8, 9, 10, 11, 12, 13, 14, 15, 16, 17, 18, 19, 20, 21, 22, 23, 24, 25, 26, 27, 28, 29, 30, 31, 32, 33, 34, 35, 36, 37, 38, 39, 40, 41, 42, 43, 44, 45, 46, 47, 48, 49, 50, 51, 52, 53, 54, 55, 56, 57, 58, 59, 60]
N_in_channels 66
N_out_channels 61
img_size_h 720
img_size_w 1440
patch_size_h 8
patch_size_w 8
mlp_ratio 4.0
embed_dim 512
depth 12
num_heads 16
decoder_embed_dim 1024
decoder_depth 8
decoder_num_heads 16
koopman_depth 2
nettypemodes_h_ratio  Masked_AE_Ocean1

log_to_wandbmodes_w_ratio  True0.8

lrdrop_rate  0.0010.0

batch_sizedrop_path_rate  320.0

max_epochsnettypesparsity_threshold   150Masked_AE_Ocean0.01


schedulerlog_to_wandbhard_thresholding_fraction   CosineAnnealingLRTrue1.0


fusion_3d_2dlrnum_blocks   False0.0018


in_channelsbatch_sizeloss   [0, 1, 2, 3, 4, 5, 6, 7, 8, 9, 10, 11, 12, 13, 14, 15, 16, 17, 18, 19, 20, 21, 22, 23, 24, 25, 26, 27, 28, 29, 30, 31, 32, 33, 34, 35, 36, 37, 38, 39, 40, 41, 42, 43, 44, 45, 46, 47, 48, 49, 50, 51, 52, 53, 54, 55, 56, 57, 58, 59, 60, 61, 62, 63, 64, 65]32l2


out_channelsmax_epochsnum_data_workers   [0, 1, 2, 3, 4, 5, 6, 7, 8, 9, 10, 11, 12, 13, 14, 15, 16, 17, 18, 19, 20, 21, 22, 23, 24, 25, 26, 27, 28, 29, 30, 31, 32, 33, 34, 35, 36, 37, 38, 39, 40, 41, 42, 43, 44, 45, 46, 47, 48, 49, 50, 51, 52, 53, 54, 55, 56, 57, 58, 59, 60]1500nettype


 N_in_channelsschedulerdtMasked_AE_Ocean   
66CosineAnnealingLR1log_to_wandb


 N_out_channelsfusion_3d_2dn_historyTrue   
61False0lr


 img_size_hin_channelsprediction_type0.001   
720iterative[0, 1, 2, 3, 4, 5, 6, 7, 8, 9, 10, 11, 12, 13, 14, 15, 16, 17, 18, 19, 20, 21, 22, 23, 24, 25, 26, 27, 28, 29, 30, 31, 32, 33, 34, 35, 36, 37, 38, 39, 40, 41, 42, 43, 44, 45, 46, 47, 48, 49, 50, 51, 52, 53, 54, 55, 56, 57, 58, 59, 60, 61, 62, 63, 64, 65]batch_size


 img_size_wprediction_lengthout_channels32   
144041[0, 1, 2, 3, 4, 5, 6, 7, 8, 9, 10, 11, 12, 13, 14, 15, 16, 17, 18, 19, 20, 21, 22, 23, 24, 25, 26, 27, 28, 29, 30, 31, 32, 33, 34, 35, 36, 37, 38, 39, 40, 41, 42, 43, 44, 45, 46, 47, 48, 49, 50, 51, 52, 53, 54, 55, 56, 57, 58, 59, 60]max_epochs


 patch_size_hn_initial_conditionsN_in_channels150   
8566scheduler


 patch_size_wics_typeN_out_channelsCosineAnnealingLR   
8default61fusion_3d_2d


 mlp_ratiodate_stringsimg_size_hFalse   
4.0['2018-09-14 00:00:00']720in_channels


 embed_dimsave_raw_forecastsimg_size_w[0, 1, 2, 3, 4, 5, 6, 7, 8, 9, 10, 11, 12, 13, 14, 15, 16, 17, 18, 19, 20, 21, 22, 23, 24, 25, 26, 27, 28, 29, 30, 31, 32, 33, 34, 35, 36, 37, 38, 39, 40, 41, 42, 43, 44, 45, 46, 47, 48, 49, 50, 51, 52, 53, 54, 55, 56, 57, 58, 59, 60, 61, 62, 63, 64, 65]   
512True1440out_channels


 depthsave_channelpatch_size_h[0, 1, 2, 3, 4, 5, 6, 7, 8, 9, 10, 11, 12, 13, 14, 15, 16, 17, 18, 19, 20, 21, 22, 23, 24, 25, 26, 27, 28, 29, 30, 31, 32, 33, 34, 35, 36, 37, 38, 39, 40, 41, 42, 43, 44, 45, 46, 47, 48, 49, 50, 51, 52, 53, 54, 55, 56, 57, 58, 59, 60]   
12False8N_in_channels


 num_headsmasked_accpatch_size_w66   
16False8N_out_channels


 decoder_embed_dimmaskpathmlp_ratio61   
1024None4.0img_size_h


 decoder_depthperturbembed_dim720   
8False512img_size_w


 decoder_num_headsadd_griddepth1440   
16False12patch_size_h


 koopman_depthN_grid_channelsnum_heads8   
2016patch_size_w


 modes_h_ratiogridtypedecoder_embed_dim8   
1sinusoidal1024mlp_ratio


 modes_w_ratiorolldecoder_depth4.0   
0.8False8embed_dim


 drop_rateenable_nhwcdecoder_num_heads512   
0.0False16depth


 drop_path_rateoptimizer_typekoopman_depth12   
0.0FusedAdam2num_heads


 sparsity_thresholdexp_dirmodes_h_ratio16   
0.01./exp_15_levels1decoder_embed_dim


 hard_thresholding_fractionpatch_sizemodes_w_ratio1024   
1.080.8decoder_depth


 num_blockswidthdrop_rate8   
8560.0decoder_num_heads


 lossmodesdrop_path_rate16   
l2320.0koopman_depth


 num_data_workerstargetsparsity_threshold2   
0default0.01modes_h_ratio


 dttrain_data_pathhard_thresholding_fraction1   
1/home/bingxing2/home/scx6115/Ocean_AI_model/sample_01/train1.0modes_w_ratio


 n_historyvalid_data_pathnum_blocks0.8   
0/home/bingxing2/home/scx6115/Ocean_AI_model/sample_01/valid8drop_rate


 prediction_typetest_data_pathloss0.0   
iterative/home/bingxing2/home/scx6115/Ocean_AI_model/sample_01/testl2drop_path_rate


 prediction_lengthland_masknum_data_workers0.0   
41True0sparsity_threshold


 n_initial_conditionsland_mask_pathdt0.01   
5/home/bingxing2/home/scx6115/Ocean_AI_model/sample_01/land_mask.h51hard_thresholding_fraction


 ics_typenormalizen_history1.0   
defaultTrue0num_blocks


 date_stringsnormalizationprediction_type8   
['2018-09-14 00:00:00']zscoreiterativeloss


 save_raw_forecastsglobal_mins_pathprediction_lengthl2   
True/home/bingxing2/home/scx6115/Ocean_AI_model/sample_01/train/global_mins.npy41num_data_workers


 save_channelglobal_maxs_pathn_initial_conditions0   
False/home/bingxing2/home/scx6115/Ocean_AI_model/sample_01/train/global_maxs.npy5dt


 masked_accglobal_means_pathics_type1   
False/home/bingxing2/home/scx6115/Ocean_AI_model/sample_01/train/global_means.npydefaultn_history


 maskpathglobal_stds_pathdate_strings0   
None/home/bingxing2/home/scx6115/Ocean_AI_model/sample_01/train/global_stds.npy['2018-09-14 00:00:00']prediction_type


 perturborographysave_raw_forecastsiterative   
FalseTrueTrueprediction_length


 add_gridorography_norm_zscore_pathsave_channel41   
False/home/bingxing2/home/scx6115/Ocean_AI_model/sample_01/orography_norm_zscore.h5Falsen_initial_conditions


 N_grid_channelsorography_norm_maxmin_pathmasked_acc5   
0/home/bingxing2/home/scx6115/Ocean_AI_model/sample_01/orography_norm_maxmin.h5Falseics_type


 gridtypeadd_noisemaskpathdefault   
sinusoidalFalseNonedate_strings


 rollnoise_stdperturb['2018-09-14 00:00:00']   
False0Falsesave_raw_forecasts


 enable_nhwccrop_size_xadd_gridTrue   
FalseNoneFalsesave_channel


 optimizer_typecrop_size_yN_grid_channelsFalse   
FusedAdamNone0masked_acc


 exp_dirlog_to_screengridtypeFalse   
./exp_15_levelsTruesinusoidalmaskpath


 patch_sizesave_checkpointrollNone   
8TrueFalseperturb


 widthplot_animationsenable_nhwcFalse   
56FalseFalseadd_grid


 modesoptimizer_typeFalse --------------------------------------------------- 
32
FusedAdam
N_grid_channelsexp_dir
 world_size : target0 ./exp_15_levels 
16
defaultgridtype
patch_size
 Initialize distributed process group... train_data_pathsinusoidal
8 

/home/bingxing2/home/scx6115/Ocean_AI_model/sample_01/trainrollwidth
  valid_data_pathFalse56 

/home/bingxing2/home/scx6115/Ocean_AI_model/sample_01/validenable_nhwcmodes
  test_data_pathFalse32 

/home/bingxing2/home/scx6115/Ocean_AI_model/sample_01/testoptimizer_typetarget
  land_maskFusedAdamdefault 

Trueexp_dirtrain_data_path
  land_mask_path./exp_15_levels/home/bingxing2/home/scx6115/Ocean_AI_model/sample_01/train 

/home/bingxing2/home/scx6115/Ocean_AI_model/sample_01/land_mask.h5patch_sizevalid_data_path
  normalize8/home/bingxing2/home/scx6115/Ocean_AI_model/sample_01/valid 

Truewidthtest_data_path
  normalization56/home/bingxing2/home/scx6115/Ocean_AI_model/sample_01/test 

zscoremodesland_mask
  global_mins_path32True 

/home/bingxing2/home/scx6115/Ocean_AI_model/sample_01/train/global_mins.npytargetland_mask_path
  global_maxs_pathdefault/home/bingxing2/home/scx6115/Ocean_AI_model/sample_01/land_mask.h5 

/home/bingxing2/home/scx6115/Ocean_AI_model/sample_01/train/global_maxs.npytrain_data_pathnormalize
  global_means_path/home/bingxing2/home/scx6115/Ocean_AI_model/sample_01/trainTrue 

/home/bingxing2/home/scx6115/Ocean_AI_model/sample_01/train/global_means.npyvalid_data_pathnormalization
  global_stds_path/home/bingxing2/home/scx6115/Ocean_AI_model/sample_01/validzscore 

/home/bingxing2/home/scx6115/Ocean_AI_model/sample_01/train/global_stds.npytest_data_pathglobal_mins_path
  orography/home/bingxing2/home/scx6115/Ocean_AI_model/sample_01/test/home/bingxing2/home/scx6115/Ocean_AI_model/sample_01/train/global_mins.npy 

Trueland_maskglobal_maxs_path
  orography_norm_zscore_pathTrue/home/bingxing2/home/scx6115/Ocean_AI_model/sample_01/train/global_maxs.npy 

/home/bingxing2/home/scx6115/Ocean_AI_model/sample_01/orography_norm_zscore.h5land_mask_pathglobal_means_path
  orography_norm_maxmin_path/home/bingxing2/home/scx6115/Ocean_AI_model/sample_01/land_mask.h5/home/bingxing2/home/scx6115/Ocean_AI_model/sample_01/train/global_means.npy 

/home/bingxing2/home/scx6115/Ocean_AI_model/sample_01/orography_norm_maxmin.h5normalizeglobal_stds_path
  add_noiseTrue/home/bingxing2/home/scx6115/Ocean_AI_model/sample_01/train/global_stds.npy 

Falsenormalizationorography
  noise_stdzscoreTrue 

0global_mins_pathorography_norm_zscore_path
  crop_size_x/home/bingxing2/home/scx6115/Ocean_AI_model/sample_01/train/global_mins.npy/home/bingxing2/home/scx6115/Ocean_AI_model/sample_01/orography_norm_zscore.h5 

Noneglobal_maxs_pathorography_norm_maxmin_path
  crop_size_y/home/bingxing2/home/scx6115/Ocean_AI_model/sample_01/train/global_maxs.npy/home/bingxing2/home/scx6115/Ocean_AI_model/sample_01/orography_norm_maxmin.h5 

Noneglobal_means_pathadd_noise
  log_to_screen/home/bingxing2/home/scx6115/Ocean_AI_model/sample_01/train/global_means.npyFalse 

Trueglobal_stds_pathnoise_std
  save_checkpoint/home/bingxing2/home/scx6115/Ocean_AI_model/sample_01/train/global_stds.npy0 

Trueorographycrop_size_x
  plot_animationsTrueNone 

Falseorography_norm_zscore_pathcrop_size_y
  /home/bingxing2/home/scx6115/Ocean_AI_model/sample_01/orography_norm_zscore.h5None
---------------------------------------------------
orography_norm_maxmin_path
log_to_screen  world_size :/home/bingxing2/home/scx6115/Ocean_AI_model/sample_01/orography_norm_maxmin.h5True 
2023-07-01 22:02:51,637 - torch.distributed.distributed_c10d - INFO - Added key: store_based_barrier_key:1 to store for rank: 11

16add_noisesave_checkpoint
  Initialize distributed process group...FalseTrue


noise_stdplot_animations  0False

crop_size_x None
crop_size_y ---------------------------------------------------None

log_to_screenworld_size :  True16

save_checkpointInitialize distributed process group... 
True
plot_animations False
---------------------------------------------------
world_size : 16
Initialize distributed process group...
2023-07-01 22:02:51,640 - torch.distributed.distributed_c10d - INFO - Added key: store_based_barrier_key:1 to store for rank: 8
2023-07-01 22:02:51,640 - torch.distributed.distributed_c10d - INFO - Added key: store_based_barrier_key:1 to store for rank: 9
2023-07-01 22:02:51,641 - torch.distributed.distributed_c10d - INFO - Added key: store_based_barrier_key:1 to store for rank: 10
2023-07-01 22:02:51,647 - torch.distributed.distributed_c10d - INFO - Rank 11: Completed store-based barrier for key:store_based_barrier_key:1 with 16 nodes.
2023-07-01 22:02:51,651 - torch.distributed.distributed_c10d - INFO - Rank 8: Completed store-based barrier for key:store_based_barrier_key:1 with 16 nodes.
2023-07-01 22:02:51,651 - torch.distributed.distributed_c10d - INFO - Rank 9: Completed store-based barrier for key:store_based_barrier_key:1 with 16 nodes.
2023-07-01 22:02:51,651 - torch.distributed.distributed_c10d - INFO - Rank 10: Completed store-based barrier for key:store_based_barrier_key:1 with 16 nodes.
2023-07-01 22:02:51,745 - root - INFO - device: cuda:3
2023-07-01 22:02:51,745 - root - INFO - rank 11, begin data loader init
2023-07-01 22:02:51,747 - root - INFO - device: cuda:0
2023-07-01 22:02:51,747 - root - INFO - rank 8, begin data loader init
2023-07-01 22:02:51,750 - root - INFO - device: cuda:1
2023-07-01 22:02:51,750 - root - INFO - rank 9, begin data loader init
2023-07-01 22:02:51,753 - root - INFO - Getting file stats from /home/bingxing2/home/scx6115/Ocean_AI_model/sample_01/train/2000.h5
2023-07-01 22:02:51,753 - root - INFO - Getting file stats from /home/bingxing2/home/scx6115/Ocean_AI_model/sample_01/train/2000.h5
2023-07-01 22:02:51,753 - root - INFO - Getting file stats from /home/bingxing2/home/scx6115/Ocean_AI_model/sample_01/train/2000.h5
2023-07-01 22:02:51,754 - root - INFO - Number of samples per year: 365
2023-07-01 22:02:51,754 - root - INFO - Number of samples per year: 365
2023-07-01 22:02:51,754 - root - INFO - Number of samples per year: 365
2023-07-01 22:02:51,754 - root - INFO - Found data at path /home/bingxing2/home/scx6115/Ocean_AI_model/sample_01/train. Number of examples: 4015. Image Shape: 720 x 1440 x 66
2023-07-01 22:02:51,754 - root - INFO - Found data at path /home/bingxing2/home/scx6115/Ocean_AI_model/sample_01/train. Number of examples: 4015. Image Shape: 720 x 1440 x 66
2023-07-01 22:02:51,754 - root - INFO - Found data at path /home/bingxing2/home/scx6115/Ocean_AI_model/sample_01/train. Number of examples: 4015. Image Shape: 720 x 1440 x 66
2023-07-01 22:02:51,754 - root - INFO - Delta t: 1 days
2023-07-01 22:02:51,754 - root - INFO - Delta t: 1 days
2023-07-01 22:02:51,754 - root - INFO - Delta t: 1 days
2023-07-01 22:02:51,754 - root - INFO - Including 0 days of past history in training at a frequency of 1 days
2023-07-01 22:02:51,754 - root - INFO - Including 0 days of past history in training at a frequency of 1 days
2023-07-01 22:02:51,754 - root - INFO - Including 0 days of past history in training at a frequency of 1 days
2023-07-01 22:02:51,755 - root - INFO - device: cuda:2
2023-07-01 22:02:51,755 - root - INFO - rank 10, begin data loader init
2023-07-01 22:02:51,757 - root - INFO - Getting file stats from /home/bingxing2/home/scx6115/Ocean_AI_model/sample_01/train/2000.h5
2023-07-01 22:02:51,758 - root - INFO - Number of samples per year: 365
2023-07-01 22:02:51,758 - root - INFO - Found data at path /home/bingxing2/home/scx6115/Ocean_AI_model/sample_01/train. Number of examples: 4015. Image Shape: 720 x 1440 x 66
2023-07-01 22:02:51,759 - root - INFO - Delta t: 1 days
2023-07-01 22:02:51,759 - root - INFO - Including 0 days of past history in training at a frequency of 1 days
2023-07-01 22:02:51,759 - root - INFO - Getting file stats from /home/bingxing2/home/scx6115/Ocean_AI_model/sample_01/valid/2011.h5
2023-07-01 22:02:51,759 - root - INFO - Getting file stats from /home/bingxing2/home/scx6115/Ocean_AI_model/sample_01/valid/2011.h5
2023-07-01 22:02:51,759 - root - INFO - Getting file stats from /home/bingxing2/home/scx6115/Ocean_AI_model/sample_01/valid/2011.h5
2023-07-01 22:02:51,760 - root - INFO - Getting file stats from /home/bingxing2/home/scx6115/Ocean_AI_model/sample_01/valid/2011.h5
2023-07-01 22:02:51,760 - root - INFO - Number of samples per year: 364
2023-07-01 22:02:51,760 - root - INFO - Number of samples per year: 364
2023-07-01 22:02:51,760 - root - INFO - Number of samples per year: 364
2023-07-01 22:02:51,760 - root - INFO - Found data at path /home/bingxing2/home/scx6115/Ocean_AI_model/sample_01/valid. Number of examples: 364. Image Shape: 720 x 1440 x 66
2023-07-01 22:02:51,761 - root - INFO - Found data at path /home/bingxing2/home/scx6115/Ocean_AI_model/sample_01/valid. Number of examples: 364. Image Shape: 720 x 1440 x 66
2023-07-01 22:02:51,761 - root - INFO - Found data at path /home/bingxing2/home/scx6115/Ocean_AI_model/sample_01/valid. Number of examples: 364. Image Shape: 720 x 1440 x 66
2023-07-01 22:02:51,761 - root - INFO - Delta t: 1 days
2023-07-01 22:02:51,761 - root - INFO - Delta t: 1 days
2023-07-01 22:02:51,761 - root - INFO - Delta t: 1 days
2023-07-01 22:02:51,761 - root - INFO - Including 0 days of past history in training at a frequency of 1 days
2023-07-01 22:02:51,761 - root - INFO - Including 0 days of past history in training at a frequency of 1 days
2023-07-01 22:02:51,761 - root - INFO - Including 0 days of past history in training at a frequency of 1 days
2023-07-01 22:02:51,761 - root - INFO - rank 11, data loader initialized
2023-07-01 22:02:51,761 - root - INFO - rank 8, data loader initialized
2023-07-01 22:02:51,761 - root - INFO - rank 9, data loader initialized
2023-07-01 22:02:51,761 - root - INFO - Number of samples per year: 364
2023-07-01 22:02:51,761 - root - INFO - Found data at path /home/bingxing2/home/scx6115/Ocean_AI_model/sample_01/valid. Number of examples: 364. Image Shape: 720 x 1440 x 66
2023-07-01 22:02:51,761 - root - INFO - Delta t: 1 days
2023-07-01 22:02:51,761 - root - INFO - Including 0 days of past history in training at a frequency of 1 days
2023-07-01 22:02:51,762 - root - INFO - rank 10, data loader initialized
paraai-n32-h-01-agent-87:1193384:1193384 [2] NCCL INFO cudaDriverVersion 11060
paraai-n32-h-01-agent-87:1193383:1193383 [1] NCCL INFO cudaDriverVersion 11060
paraai-n32-h-01-agent-87:1193385:1193385 [3] NCCL INFO cudaDriverVersion 11060
paraai-n32-h-01-agent-87:1193382:1193382 [0] NCCL INFO cudaDriverVersion 11060
paraai-n32-h-01-agent-87:1193384:1193384 [2] NCCL INFO Bootstrap : Using eth0:172.16.5.149<0>
paraai-n32-h-01-agent-87:1193385:1193385 [3] NCCL INFO Bootstrap : Using eth0:172.16.5.149<0>
paraai-n32-h-01-agent-87:1193383:1193383 [1] NCCL INFO Bootstrap : Using eth0:172.16.5.149<0>
paraai-n32-h-01-agent-87:1193382:1193382 [0] NCCL INFO Bootstrap : Using eth0:172.16.5.149<0>
paraai-n32-h-01-agent-87:1193384:1193384 [2] NCCL INFO NET/Plugin : No plugin found (libnccl-net.so), using internal implementation
paraai-n32-h-01-agent-87:1193385:1193385 [3] NCCL INFO NET/Plugin : No plugin found (libnccl-net.so), using internal implementation
paraai-n32-h-01-agent-87:1193382:1193382 [0] NCCL INFO NET/Plugin : No plugin found (libnccl-net.so), using internal implementation
paraai-n32-h-01-agent-87:1193383:1193383 [1] NCCL INFO NET/Plugin : No plugin found (libnccl-net.so), using internal implementation
paraai-n32-h-01-agent-87:1193384:1195225 [2] NCCL INFO NET/IB : Using [0]mlx5_0:1/RoCE [1]mlx5_2:1/RoCE [RO]; OOB eth0:172.16.5.149<0>
paraai-n32-h-01-agent-87:1193385:1195224 [3] NCCL INFO NET/IB : Using [0]mlx5_0:1/RoCE [1]mlx5_2:1/RoCE [RO]; OOB eth0:172.16.5.149<0>
paraai-n32-h-01-agent-87:1193384:1195225 [2] NCCL INFO Using network IB
paraai-n32-h-01-agent-87:1193385:1195224 [3] NCCL INFO Using network IB
paraai-n32-h-01-agent-87:1193382:1195227 [0] NCCL INFO NET/IB : Using [0]mlx5_0:1/RoCE [1]mlx5_2:1/RoCE [RO]; OOB eth0:172.16.5.149<0>
paraai-n32-h-01-agent-87:1193382:1195227 [0] NCCL INFO Using network IB
paraai-n32-h-01-agent-87:1193383:1195226 [1] NCCL INFO NET/IB : Using [0]mlx5_0:1/RoCE [1]mlx5_2:1/RoCE [RO]; OOB eth0:172.16.5.149<0>
paraai-n32-h-01-agent-87:1193383:1195226 [1] NCCL INFO Using network IB
paraai-n32-h-01-agent-87:1193384:1195225 [2] NCCL INFO Setting affinity for GPU 2 to ffffffff,00000000,00000000
paraai-n32-h-01-agent-87:1193382:1195227 [0] NCCL INFO Setting affinity for GPU 0 to ffffffff
paraai-n32-h-01-agent-87:1193383:1195226 [1] NCCL INFO Setting affinity for GPU 1 to ffffffff
paraai-n32-h-01-agent-87:1193385:1195224 [3] NCCL INFO Setting affinity for GPU 3 to ffffffff,00000000,00000000
paraai-n32-h-01-agent-87:1193384:1195225 [2] NCCL INFO NCCL_MAX_NCHANNELS set by environment to 16.
paraai-n32-h-01-agent-87:1193384:1195225 [2] NCCL INFO NCCL_MIN_NCHANNELS set by environment to 16.
paraai-n32-h-01-agent-87:1193384:1195225 [2] NCCL INFO Trees [0] 11/-1/-1->10->9 [1] 11/14/-1->10->2 [2] 11/-1/-1->10->9 [3] 11/-1/-1->10->7 [4] 11/-1/-1->10->9 [5] 11/14/-1->10->2 [6] 11/-1/-1->10->9 [7] 11/-1/-1->10->7 [8] 11/-1/-1->10->9 [9] 11/14/-1->10->2 [10] 11/-1/-1->10->9 [11] 11/-1/-1->10->7 [12] 11/-1/-1->10->9 [13] 11/14/-1->10->2 [14] 11/-1/-1->10->9 [15] 11/-1/-1->10->7
paraai-n32-h-01-agent-87:1193383:1195226 [1] NCCL INFO NCCL_MAX_NCHANNELS set by environment to 16.
paraai-n32-h-01-agent-87:1193382:1195227 [0] NCCL INFO NCCL_MAX_NCHANNELS set by environment to 16.
paraai-n32-h-01-agent-87:1193383:1195226 [1] NCCL INFO NCCL_MIN_NCHANNELS set by environment to 16.
paraai-n32-h-01-agent-87:1193382:1195227 [0] NCCL INFO NCCL_MIN_NCHANNELS set by environment to 16.
paraai-n32-h-01-agent-87:1193383:1195226 [1] NCCL INFO Trees [0] 10/4/-1->9->8 [1] -1/-1/-1->9->8 [2] 10/-1/-1->9->8 [3] -1/-1/-1->9->8 [4] 10/4/-1->9->8 [5] -1/-1/-1->9->8 [6] 10/-1/-1->9->8 [7] -1/-1/-1->9->8 [8] 10/4/-1->9->8 [9] -1/-1/-1->9->8 [10] 10/-1/-1->9->8 [11] -1/-1/-1->9->8 [12] 10/4/-1->9->8 [13] -1/-1/-1->9->8 [14] 10/-1/-1->9->8 [15] -1/-1/-1->9->8
paraai-n32-h-01-agent-87:1193382:1195227 [0] NCCL INFO Trees [0] 9/12/-1->8->0 [1] 9/-1/-1->8->11 [2] 9/-1/-1->8->5 [3] 9/-1/-1->8->11 [4] 9/12/-1->8->0 [5] 9/-1/-1->8->11 [6] 9/-1/-1->8->5 [7] 9/-1/-1->8->11 [8] 9/12/-1->8->0 [9] 9/-1/-1->8->11 [10] 9/-1/-1->8->5 [11] 9/-1/-1->8->11 [12] 9/12/-1->8->0 [13] 9/-1/-1->8->11 [14] 9/-1/-1->8->5 [15] 9/-1/-1->8->11
paraai-n32-h-01-agent-87:1193385:1195224 [3] NCCL INFO NCCL_MAX_NCHANNELS set by environment to 16.
paraai-n32-h-01-agent-87:1193385:1195224 [3] NCCL INFO NCCL_MIN_NCHANNELS set by environment to 16.
paraai-n32-h-01-agent-87:1193385:1195224 [3] NCCL INFO Trees [0] -1/-1/-1->11->10 [1] 8/6/-1->11->10 [2] -1/-1/-1->11->10 [3] 8/-1/-1->11->10 [4] -1/-1/-1->11->10 [5] 8/6/-1->11->10 [6] -1/-1/-1->11->10 [7] 8/-1/-1->11->10 [8] -1/-1/-1->11->10 [9] 8/6/-1->11->10 [10] -1/-1/-1->11->10 [11] 8/-1/-1->11->10 [12] -1/-1/-1->11->10 [13] 8/6/-1->11->10 [14] -1/-1/-1->11->10 [15] 8/-1/-1->11->10
paraai-n32-h-01-agent-87:1193382:1195227 [0] NCCL INFO Channel 00/0 : 7[82000] -> 8[1000] [receive] via NET/IB/0
paraai-n32-h-01-agent-87:1193383:1195226 [1] NCCL INFO Channel 00 : 9[2000] -> 10[81000] via SHM/direct/direct
paraai-n32-h-01-agent-87:1193384:1195225 [2] NCCL INFO Channel 00 : 10[81000] -> 11[82000] via SHM/direct/direct
paraai-n32-h-01-agent-87:1193383:1195226 [1] NCCL INFO Channel 02 : 9[2000] -> 10[81000] via SHM/direct/direct
paraai-n32-h-01-agent-87:1193384:1195225 [2] NCCL INFO Channel 01 : 10[81000] -> 11[82000] via SHM/direct/direct
paraai-n32-h-01-agent-87:1193383:1195226 [1] NCCL INFO Channel 04 : 9[2000] -> 10[81000] via SHM/direct/direct
paraai-n32-h-01-agent-87:1193384:1195225 [2] NCCL INFO Channel 02 : 10[81000] -> 11[82000] via SHM/direct/direct
paraai-n32-h-01-agent-87:1193383:1195226 [1] NCCL INFO Channel 06 : 9[2000] -> 10[81000] via SHM/direct/direct
paraai-n32-h-01-agent-87:1193384:1195225 [2] NCCL INFO Channel 03 : 10[81000] -> 11[82000] via SHM/direct/direct
paraai-n32-h-01-agent-87:1193383:1195226 [1] NCCL INFO Channel 08 : 9[2000] -> 10[81000] via SHM/direct/direct
paraai-n32-h-01-agent-87:1193384:1195225 [2] NCCL INFO Channel 04 : 10[81000] -> 11[82000] via SHM/direct/direct
paraai-n32-h-01-agent-87:1193383:1195226 [1] NCCL INFO Channel 10 : 9[2000] -> 10[81000] via SHM/direct/direct
paraai-n32-h-01-agent-87:1193384:1195225 [2] NCCL INFO Channel 05 : 10[81000] -> 11[82000] via SHM/direct/direct
paraai-n32-h-01-agent-87:1193383:1195226 [1] NCCL INFO Channel 12 : 9[2000] -> 10[81000] via SHM/direct/direct
paraai-n32-h-01-agent-87:1193384:1195225 [2] NCCL INFO Channel 06 : 10[81000] -> 11[82000] via SHM/direct/direct
paraai-n32-h-01-agent-87:1193383:1195226 [1] NCCL INFO Channel 14 : 9[2000] -> 10[81000] via SHM/direct/direct
paraai-n32-h-01-agent-87:1193384:1195225 [2] NCCL INFO Channel 07 : 10[81000] -> 11[82000] via SHM/direct/direct
paraai-n32-h-01-agent-87:1193384:1195225 [2] NCCL INFO Channel 08 : 10[81000] -> 11[82000] via SHM/direct/direct
paraai-n32-h-01-agent-87:1193384:1195225 [2] NCCL INFO Channel 09 : 10[81000] -> 11[82000] via SHM/direct/direct
paraai-n32-h-01-agent-87:1193384:1195225 [2] NCCL INFO Channel 10 : 10[81000] -> 11[82000] via SHM/direct/direct
paraai-n32-h-01-agent-87:1193384:1195225 [2] NCCL INFO Channel 11 : 10[81000] -> 11[82000] via SHM/direct/direct
paraai-n32-h-01-agent-87:1193384:1195225 [2] NCCL INFO Channel 12 : 10[81000] -> 11[82000] via SHM/direct/direct
paraai-n32-h-01-agent-87:1193384:1195225 [2] NCCL INFO Channel 13 : 10[81000] -> 11[82000] via SHM/direct/direct
paraai-n32-h-01-agent-87:1193384:1195225 [2] NCCL INFO Channel 14 : 10[81000] -> 11[82000] via SHM/direct/direct
paraai-n32-h-01-agent-87:1193384:1195225 [2] NCCL INFO Channel 15 : 10[81000] -> 11[82000] via SHM/direct/direct
paraai-n32-h-01-agent-87:1193385:1195224 [3] NCCL INFO Channel 00/0 : 11[82000] -> 12[1000] [send] via NET/IB/1
paraai-n32-h-01-agent-87:1193382:1195227 [0] NCCL INFO Channel 02/0 : 7[82000] -> 8[1000] [receive] via NET/IB/0
paraai-n32-h-01-agent-87:1193385:1195224 [3] NCCL INFO Channel 02/0 : 11[82000] -> 12[1000] [send] via NET/IB/1
paraai-n32-h-01-agent-87:1193382:1195227 [0] NCCL INFO Channel 04/0 : 7[82000] -> 8[1000] [receive] via NET/IB/0
paraai-n32-h-01-agent-87:1193385:1195224 [3] NCCL INFO Channel 04/0 : 11[82000] -> 12[1000] [send] via NET/IB/1
paraai-n32-h-01-agent-87:1193382:1195227 [0] NCCL INFO Channel 06/0 : 7[82000] -> 8[1000] [receive] via NET/IB/0
paraai-n32-h-01-agent-87:1193385:1195224 [3] NCCL INFO Channel 06/0 : 11[82000] -> 12[1000] [send] via NET/IB/1
paraai-n32-h-01-agent-87:1193385:1195224 [3] NCCL INFO Channel 08/0 : 11[82000] -> 12[1000] [send] via NET/IB/1
paraai-n32-h-01-agent-87:1193385:1195224 [3] NCCL INFO Channel 10/0 : 11[82000] -> 12[1000] [send] via NET/IB/1
paraai-n32-h-01-agent-87:1193385:1195224 [3] NCCL INFO Channel 12/0 : 11[82000] -> 12[1000] [send] via NET/IB/1
paraai-n32-h-01-agent-87:1193385:1195224 [3] NCCL INFO Channel 14/0 : 11[82000] -> 12[1000] [send] via NET/IB/1
paraai-n32-h-01-agent-87:1193384:1195225 [2] NCCL INFO Channel 01/0 : 4[1000] -> 10[81000] [receive] via NET/IB/1
paraai-n32-h-01-agent-87:1193382:1195227 [0] NCCL INFO Channel 08/0 : 7[82000] -> 8[1000] [receive] via NET/IB/0
paraai-n32-h-01-agent-87:1193384:1195225 [2] NCCL INFO Channel 03/0 : 4[1000] -> 10[81000] [receive] via NET/IB/1
paraai-n32-h-01-agent-87:1193382:1195227 [0] NCCL INFO Channel 10/0 : 7[82000] -> 8[1000] [receive] via NET/IB/0
paraai-n32-h-01-agent-87:1193384:1195225 [2] NCCL INFO Channel 05/0 : 4[1000] -> 10[81000] [receive] via NET/IB/1
paraai-n32-h-01-agent-87:1193385:1195391 [3] NCCL INFO NCCL_IB_GID_INDEX set by environment to 3.
paraai-n32-h-01-agent-87:1193382:1195227 [0] NCCL INFO Channel 12/0 : 7[82000] -> 8[1000] [receive] via NET/IB/0
paraai-n32-h-01-agent-87:1193384:1195225 [2] NCCL INFO Channel 07/0 : 4[1000] -> 10[81000] [receive] via NET/IB/1
paraai-n32-h-01-agent-87:1193382:1195227 [0] NCCL INFO Channel 14/0 : 7[82000] -> 8[1000] [receive] via NET/IB/0
paraai-n32-h-01-agent-87:1193382:1195227 [0] NCCL INFO Channel 00 : 8[1000] -> 9[2000] via SHM/direct/direct
paraai-n32-h-01-agent-87:1193382:1195227 [0] NCCL INFO Channel 02 : 8[1000] -> 9[2000] via SHM/direct/direct
paraai-n32-h-01-agent-87:1193382:1195227 [0] NCCL INFO Channel 04 : 8[1000] -> 9[2000] via SHM/direct/direct
paraai-n32-h-01-agent-87:1193382:1195227 [0] NCCL INFO Channel 06 : 8[1000] -> 9[2000] via SHM/direct/direct
paraai-n32-h-01-agent-87:1193382:1195227 [0] NCCL INFO Channel 08 : 8[1000] -> 9[2000] via SHM/direct/direct
paraai-n32-h-01-agent-87:1193382:1195227 [0] NCCL INFO Channel 10 : 8[1000] -> 9[2000] via SHM/direct/direct
paraai-n32-h-01-agent-87:1193382:1195227 [0] NCCL INFO Channel 12 : 8[1000] -> 9[2000] via SHM/direct/direct
paraai-n32-h-01-agent-87:1193382:1195227 [0] NCCL INFO Channel 14 : 8[1000] -> 9[2000] via SHM/direct/direct
paraai-n32-h-01-agent-87:1193382:1195389 [0] NCCL INFO NCCL_IB_GID_INDEX set by environment to 3.
paraai-n32-h-01-agent-87:1193385:1195224 [3] NCCL INFO Channel 01 : 11[82000] -> 9[2000] via SHM/direct/direct
paraai-n32-h-01-agent-87:1193385:1195224 [3] NCCL INFO Channel 03 : 11[82000] -> 9[2000] via SHM/direct/direct
paraai-n32-h-01-agent-87:1193385:1195224 [3] NCCL INFO Channel 05 : 11[82000] -> 9[2000] via SHM/direct/direct
paraai-n32-h-01-agent-87:1193385:1195224 [3] NCCL INFO Channel 07 : 11[82000] -> 9[2000] via SHM/direct/direct
paraai-n32-h-01-agent-87:1193385:1195224 [3] NCCL INFO Channel 09 : 11[82000] -> 9[2000] via SHM/direct/direct
paraai-n32-h-01-agent-87:1193385:1195224 [3] NCCL INFO Channel 11 : 11[82000] -> 9[2000] via SHM/direct/direct
paraai-n32-h-01-agent-87:1193385:1195224 [3] NCCL INFO Channel 13 : 11[82000] -> 9[2000] via SHM/direct/direct
paraai-n32-h-01-agent-87:1193385:1195224 [3] NCCL INFO Channel 15 : 11[82000] -> 9[2000] via SHM/direct/direct
paraai-n32-h-01-agent-87:1193383:1195226 [1] NCCL INFO Channel 01 : 9[2000] -> 8[1000] via SHM/direct/direct
paraai-n32-h-01-agent-87:1193383:1195226 [1] NCCL INFO Channel 03 : 9[2000] -> 8[1000] via SHM/direct/direct
paraai-n32-h-01-agent-87:1193383:1195226 [1] NCCL INFO Channel 05 : 9[2000] -> 8[1000] via SHM/direct/direct
paraai-n32-h-01-agent-87:1193383:1195226 [1] NCCL INFO Channel 07 : 9[2000] -> 8[1000] via SHM/direct/direct
paraai-n32-h-01-agent-87:1193383:1195226 [1] NCCL INFO Channel 09 : 9[2000] -> 8[1000] via SHM/direct/direct
paraai-n32-h-01-agent-87:1193383:1195226 [1] NCCL INFO Channel 11 : 9[2000] -> 8[1000] via SHM/direct/direct
paraai-n32-h-01-agent-87:1193383:1195226 [1] NCCL INFO Channel 13 : 9[2000] -> 8[1000] via SHM/direct/direct
paraai-n32-h-01-agent-87:1193383:1195226 [1] NCCL INFO Channel 15 : 9[2000] -> 8[1000] via SHM/direct/direct
paraai-n32-h-01-agent-87:1193385:1195224 [3] NCCL INFO Connected all rings
paraai-n32-h-01-agent-87:1193382:1195227 [0] NCCL INFO Channel 01/0 : 8[1000] -> 14[81000] [send] via NET/IB/0
paraai-n32-h-01-agent-87:1193384:1195225 [2] NCCL INFO Channel 09/0 : 4[1000] -> 10[81000] [receive] via NET/IB/1
paraai-n32-h-01-agent-87:1193382:1195227 [0] NCCL INFO Channel 03/0 : 8[1000] -> 14[81000] [send] via NET/IB/0
paraai-n32-h-01-agent-87:1193384:1195225 [2] NCCL INFO Channel 11/0 : 4[1000] -> 10[81000] [receive] via NET/IB/1
paraai-n32-h-01-agent-87:1193382:1195227 [0] NCCL INFO Channel 05/0 : 8[1000] -> 14[81000] [send] via NET/IB/0
paraai-n32-h-01-agent-87:1193384:1195225 [2] NCCL INFO Channel 13/0 : 4[1000] -> 10[81000] [receive] via NET/IB/1
paraai-n32-h-01-agent-87:1193382:1195227 [0] NCCL INFO Channel 07/0 : 8[1000] -> 14[81000] [send] via NET/IB/0
paraai-n32-h-01-agent-87:1193384:1195225 [2] NCCL INFO Channel 15/0 : 4[1000] -> 10[81000] [receive] via NET/IB/1
paraai-n32-h-01-agent-87:1193382:1195227 [0] NCCL INFO Channel 09/0 : 8[1000] -> 14[81000] [send] via NET/IB/0
paraai-n32-h-01-agent-87:1193382:1195227 [0] NCCL INFO Channel 11/0 : 8[1000] -> 14[81000] [send] via NET/IB/0
paraai-n32-h-01-agent-87:1193384:1195388 [2] NCCL INFO NCCL_IB_GID_INDEX set by environment to 3.
paraai-n32-h-01-agent-87:1193384:1195225 [2] NCCL INFO Connected all rings
paraai-n32-h-01-agent-87:1193382:1195227 [0] NCCL INFO Channel 13/0 : 8[1000] -> 14[81000] [send] via NET/IB/0
paraai-n32-h-01-agent-87:1193384:1195225 [2] NCCL INFO Channel 03/0 : 7[82000] -> 10[81000] [receive] via NET/IB/1
paraai-n32-h-01-agent-87:1193382:1195227 [0] NCCL INFO Channel 15/0 : 8[1000] -> 14[81000] [send] via NET/IB/0
paraai-n32-h-01-agent-87:1193384:1195225 [2] NCCL INFO Channel 07/0 : 7[82000] -> 10[81000] [receive] via NET/IB/1
paraai-n32-h-01-agent-87:1193382:1195227 [0] NCCL INFO Connected all rings
paraai-n32-h-01-agent-87:1193382:1195227 [0] NCCL INFO Channel 01 : 8[1000] -> 9[2000] via SHM/direct/direct
paraai-n32-h-01-agent-87:1193382:1195227 [0] NCCL INFO Channel 03 : 8[1000] -> 9[2000] via SHM/direct/direct
paraai-n32-h-01-agent-87:1193382:1195227 [0] NCCL INFO Channel 05 : 8[1000] -> 9[2000] via SHM/direct/direct
paraai-n32-h-01-agent-87:1193382:1195227 [0] NCCL INFO Channel 07 : 8[1000] -> 9[2000] via SHM/direct/direct
paraai-n32-h-01-agent-87:1193382:1195227 [0] NCCL INFO Channel 09 : 8[1000] -> 9[2000] via SHM/direct/direct
paraai-n32-h-01-agent-87:1193382:1195227 [0] NCCL INFO Channel 11 : 8[1000] -> 9[2000] via SHM/direct/direct
paraai-n32-h-01-agent-87:1193382:1195227 [0] NCCL INFO Channel 13 : 8[1000] -> 9[2000] via SHM/direct/direct
paraai-n32-h-01-agent-87:1193382:1195227 [0] NCCL INFO Channel 15 : 8[1000] -> 9[2000] via SHM/direct/direct
paraai-n32-h-01-agent-87:1193383:1195226 [1] NCCL INFO Connected all rings
paraai-n32-h-01-agent-87:1193383:1195226 [1] NCCL INFO Channel 00/0 : 4[1000] -> 9[2000] [receive] via NET/IB/0
paraai-n32-h-01-agent-87:1193384:1195225 [2] NCCL INFO Channel 11/0 : 7[82000] -> 10[81000] [receive] via NET/IB/1
paraai-n32-h-01-agent-87:1193383:1195226 [1] NCCL INFO Channel 04/0 : 4[1000] -> 9[2000] [receive] via NET/IB/0
paraai-n32-h-01-agent-87:1193382:1195227 [0] NCCL INFO Channel 02/0 : 5[2000] -> 8[1000] [receive] via NET/IB/0
paraai-n32-h-01-agent-87:1193382:1195227 [0] NCCL INFO Channel 06/0 : 5[2000] -> 8[1000] [receive] via NET/IB/0
paraai-n32-h-01-agent-87:1193383:1195226 [1] NCCL INFO Channel 08/0 : 4[1000] -> 9[2000] [receive] via NET/IB/0
paraai-n32-h-01-agent-87:1193384:1195225 [2] NCCL INFO Channel 15/0 : 7[82000] -> 10[81000] [receive] via NET/IB/1
paraai-n32-h-01-agent-87:1193382:1195227 [0] NCCL INFO Channel 10/0 : 5[2000] -> 8[1000] [receive] via NET/IB/0
paraai-n32-h-01-agent-87:1193383:1195226 [1] NCCL INFO Channel 12/0 : 4[1000] -> 9[2000] [receive] via NET/IB/0
paraai-n32-h-01-agent-87:1193384:1195225 [2] NCCL INFO Channel 01/0 : 10[81000] -> 14[81000] [send] via NET/IB/1
paraai-n32-h-01-agent-87:1193384:1195225 [2] NCCL INFO Channel 05/0 : 10[81000] -> 14[81000] [send] via NET/IB/1
paraai-n32-h-01-agent-87:1193382:1195227 [0] NCCL INFO Channel 14/0 : 5[2000] -> 8[1000] [receive] via NET/IB/0
paraai-n32-h-01-agent-87:1193382:1195227 [0] NCCL INFO Channel 01 : 8[1000] -> 11[82000] via SHM/direct/direct
paraai-n32-h-01-agent-87:1193382:1195227 [0] NCCL INFO Channel 03 : 8[1000] -> 11[82000] via SHM/direct/direct
paraai-n32-h-01-agent-87:1193382:1195227 [0] NCCL INFO Channel 05 : 8[1000] -> 11[82000] via SHM/direct/direct
paraai-n32-h-01-agent-87:1193382:1195227 [0] NCCL INFO Channel 07 : 8[1000] -> 11[82000] via SHM/direct/direct
paraai-n32-h-01-agent-87:1193382:1195227 [0] NCCL INFO Channel 09 : 8[1000] -> 11[82000] via SHM/direct/direct
paraai-n32-h-01-agent-87:1193382:1195227 [0] NCCL INFO Channel 11 : 8[1000] -> 11[82000] via SHM/direct/direct
paraai-n32-h-01-agent-87:1193382:1195227 [0] NCCL INFO Channel 13 : 8[1000] -> 11[82000] via SHM/direct/direct
paraai-n32-h-01-agent-87:1193382:1195227 [0] NCCL INFO Channel 15 : 8[1000] -> 11[82000] via SHM/direct/direct
paraai-n32-h-01-agent-87:1193385:1195224 [3] NCCL INFO Channel 01/0 : 6[81000] -> 11[82000] [receive] via NET/IB/1
paraai-n32-h-01-agent-87:1193384:1195225 [2] NCCL INFO Channel 09/0 : 10[81000] -> 14[81000] [send] via NET/IB/1
paraai-n32-h-01-agent-87:1193385:1195224 [3] NCCL INFO Channel 05/0 : 6[81000] -> 11[82000] [receive] via NET/IB/1
paraai-n32-h-01-agent-87:1193382:1195227 [0] NCCL INFO Channel 00/0 : 8[1000] -> 12[1000] [send] via NET/IB/0
paraai-n32-h-01-agent-87:1193384:1195225 [2] NCCL INFO Channel 13/0 : 10[81000] -> 14[81000] [send] via NET/IB/1
paraai-n32-h-01-agent-87:1193385:1195224 [3] NCCL INFO Channel 09/0 : 6[81000] -> 11[82000] [receive] via NET/IB/1
paraai-n32-h-01-agent-87:1193382:1195227 [0] NCCL INFO Channel 04/0 : 8[1000] -> 12[1000] [send] via NET/IB/0
paraai-n32-h-01-agent-87:1193384:1195225 [2] NCCL INFO Channel 01/0 : 2[81000] -> 10[81000] [receive] via NET/IB/1
paraai-n32-h-01-agent-87:1193385:1195224 [3] NCCL INFO Channel 13/0 : 6[81000] -> 11[82000] [receive] via NET/IB/1
paraai-n32-h-01-agent-87:1193382:1195227 [0] NCCL INFO Channel 08/0 : 8[1000] -> 12[1000] [send] via NET/IB/0
paraai-n32-h-01-agent-87:1193383:1195390 [1] NCCL INFO NCCL_IB_GID_INDEX set by environment to 3.
paraai-n32-h-01-agent-87:1193384:1195225 [2] NCCL INFO Channel 05/0 : 2[81000] -> 10[81000] [receive] via NET/IB/1
paraai-n32-h-01-agent-87:1193382:1195227 [0] NCCL INFO Channel 12/0 : 8[1000] -> 12[1000] [send] via NET/IB/0
paraai-n32-h-01-agent-87:1193383:1195226 [1] NCCL INFO Channel 00/0 : 9[2000] -> 4[1000] [send] via NET/IB/0
paraai-n32-h-01-agent-87:1193384:1195225 [2] NCCL INFO Channel 09/0 : 2[81000] -> 10[81000] [receive] via NET/IB/1
paraai-n32-h-01-agent-87:1193383:1195226 [1] NCCL INFO Channel 04/0 : 9[2000] -> 4[1000] [send] via NET/IB/0
paraai-n32-h-01-agent-87:1193382:1195227 [0] NCCL INFO Channel 00/0 : 0[1000] -> 8[1000] [receive] via NET/IB/0
paraai-n32-h-01-agent-87:1193385:1195224 [3] NCCL INFO Channel 01/0 : 11[82000] -> 6[81000] [send] via NET/IB/1
paraai-n32-h-01-agent-87:1193384:1195225 [2] NCCL INFO Channel 13/0 : 2[81000] -> 10[81000] [receive] via NET/IB/1
paraai-n32-h-01-agent-87:1193383:1195226 [1] NCCL INFO Channel 08/0 : 9[2000] -> 4[1000] [send] via NET/IB/0
paraai-n32-h-01-agent-87:1193382:1195227 [0] NCCL INFO Channel 04/0 : 0[1000] -> 8[1000] [receive] via NET/IB/0
paraai-n32-h-01-agent-87:1193385:1195224 [3] NCCL INFO Channel 05/0 : 11[82000] -> 6[81000] [send] via NET/IB/1
paraai-n32-h-01-agent-87:1193384:1195225 [2] NCCL INFO Channel 01/0 : 10[81000] -> 2[81000] [send] via NET/IB/1
paraai-n32-h-01-agent-87:1193383:1195226 [1] NCCL INFO Channel 12/0 : 9[2000] -> 4[1000] [send] via NET/IB/0
paraai-n32-h-01-agent-87:1193382:1195227 [0] NCCL INFO Channel 08/0 : 0[1000] -> 8[1000] [receive] via NET/IB/0
paraai-n32-h-01-agent-87:1193385:1195224 [3] NCCL INFO Channel 09/0 : 11[82000] -> 6[81000] [send] via NET/IB/1
paraai-n32-h-01-agent-87:1193384:1195225 [2] NCCL INFO Channel 05/0 : 10[81000] -> 2[81000] [send] via NET/IB/1
paraai-n32-h-01-agent-87:1193382:1195227 [0] NCCL INFO Channel 12/0 : 0[1000] -> 8[1000] [receive] via NET/IB/0
paraai-n32-h-01-agent-87:1193382:1195227 [0] NCCL INFO Channel 00/0 : 8[1000] -> 0[1000] [send] via NET/IB/0
paraai-n32-h-01-agent-87:1193384:1195225 [2] NCCL INFO Channel 09/0 : 10[81000] -> 2[81000] [send] via NET/IB/1
paraai-n32-h-01-agent-87:1193385:1195224 [3] NCCL INFO Channel 13/0 : 11[82000] -> 6[81000] [send] via NET/IB/1
paraai-n32-h-01-agent-87:1193382:1195227 [0] NCCL INFO Channel 04/0 : 8[1000] -> 0[1000] [send] via NET/IB/0
paraai-n32-h-01-agent-87:1193384:1195225 [2] NCCL INFO Channel 13/0 : 10[81000] -> 2[81000] [send] via NET/IB/1
paraai-n32-h-01-agent-87:1193382:1195227 [0] NCCL INFO Channel 08/0 : 8[1000] -> 0[1000] [send] via NET/IB/0
paraai-n32-h-01-agent-87:1193384:1195225 [2] NCCL INFO Channel 01/0 : 14[81000] -> 10[81000] [receive] via NET/IB/1
paraai-n32-h-01-agent-87:1193382:1195227 [0] NCCL INFO Channel 12/0 : 8[1000] -> 0[1000] [send] via NET/IB/0
paraai-n32-h-01-agent-87:1193384:1195225 [2] NCCL INFO Channel 05/0 : 14[81000] -> 10[81000] [receive] via NET/IB/1
paraai-n32-h-01-agent-87:1193382:1195227 [0] NCCL INFO Channel 00/0 : 12[1000] -> 8[1000] [receive] via NET/IB/0
paraai-n32-h-01-agent-87:1193384:1195225 [2] NCCL INFO Channel 09/0 : 14[81000] -> 10[81000] [receive] via NET/IB/1
paraai-n32-h-01-agent-87:1193382:1195227 [0] NCCL INFO Channel 04/0 : 12[1000] -> 8[1000] [receive] via NET/IB/0
paraai-n32-h-01-agent-87:1193384:1195225 [2] NCCL INFO Channel 13/0 : 14[81000] -> 10[81000] [receive] via NET/IB/1
paraai-n32-h-01-agent-87:1193382:1195227 [0] NCCL INFO Channel 08/0 : 12[1000] -> 8[1000] [receive] via NET/IB/0
paraai-n32-h-01-agent-87:1193383:1195226 [1] NCCL INFO Channel 00 : 9[2000] -> 8[1000] via SHM/direct/direct
paraai-n32-h-01-agent-87:1193383:1195226 [1] NCCL INFO Channel 02 : 9[2000] -> 8[1000] via SHM/direct/direct
paraai-n32-h-01-agent-87:1193383:1195226 [1] NCCL INFO Channel 04 : 9[2000] -> 8[1000] via SHM/direct/direct
paraai-n32-h-01-agent-87:1193383:1195226 [1] NCCL INFO Channel 06 : 9[2000] -> 8[1000] via SHM/direct/direct
paraai-n32-h-01-agent-87:1193383:1195226 [1] NCCL INFO Channel 08 : 9[2000] -> 8[1000] via SHM/direct/direct
paraai-n32-h-01-agent-87:1193383:1195226 [1] NCCL INFO Channel 10 : 9[2000] -> 8[1000] via SHM/direct/direct
paraai-n32-h-01-agent-87:1193383:1195226 [1] NCCL INFO Channel 12 : 9[2000] -> 8[1000] via SHM/direct/direct
paraai-n32-h-01-agent-87:1193383:1195226 [1] NCCL INFO Channel 14 : 9[2000] -> 8[1000] via SHM/direct/direct
paraai-n32-h-01-agent-87:1193382:1195227 [0] NCCL INFO Channel 12/0 : 12[1000] -> 8[1000] [receive] via NET/IB/0
paraai-n32-h-01-agent-87:1193385:1195224 [3] NCCL INFO Channel 01 : 11[82000] -> 8[1000] via SHM/direct/direct
paraai-n32-h-01-agent-87:1193385:1195224 [3] NCCL INFO Channel 03 : 11[82000] -> 8[1000] via SHM/direct/direct
paraai-n32-h-01-agent-87:1193385:1195224 [3] NCCL INFO Channel 05 : 11[82000] -> 8[1000] via SHM/direct/direct
paraai-n32-h-01-agent-87:1193385:1195224 [3] NCCL INFO Channel 07 : 11[82000] -> 8[1000] via SHM/direct/direct
paraai-n32-h-01-agent-87:1193385:1195224 [3] NCCL INFO Channel 09 : 11[82000] -> 8[1000] via SHM/direct/direct
paraai-n32-h-01-agent-87:1193385:1195224 [3] NCCL INFO Channel 11 : 11[82000] -> 8[1000] via SHM/direct/direct
paraai-n32-h-01-agent-87:1193385:1195224 [3] NCCL INFO Channel 13 : 11[82000] -> 8[1000] via SHM/direct/direct
paraai-n32-h-01-agent-87:1193385:1195224 [3] NCCL INFO Channel 15 : 11[82000] -> 8[1000] via SHM/direct/direct
paraai-n32-h-01-agent-87:1193382:1195227 [0] NCCL INFO Channel 02/0 : 8[1000] -> 5[2000] [send] via NET/IB/0
paraai-n32-h-01-agent-87:1193384:1195225 [2] NCCL INFO Channel 03/0 : 10[81000] -> 7[82000] [send] via NET/IB/1
paraai-n32-h-01-agent-87:1193382:1195227 [0] NCCL INFO Channel 06/0 : 8[1000] -> 5[2000] [send] via NET/IB/0
paraai-n32-h-01-agent-87:1193384:1195225 [2] NCCL INFO Channel 07/0 : 10[81000] -> 7[82000] [send] via NET/IB/1
paraai-n32-h-01-agent-87:1193384:1195225 [2] NCCL INFO Channel 11/0 : 10[81000] -> 7[82000] [send] via NET/IB/1
paraai-n32-h-01-agent-87:1193382:1195227 [0] NCCL INFO Channel 10/0 : 8[1000] -> 5[2000] [send] via NET/IB/0
paraai-n32-h-01-agent-87:1193384:1195225 [2] NCCL INFO Channel 15/0 : 10[81000] -> 7[82000] [send] via NET/IB/1
paraai-n32-h-01-agent-87:1193382:1195227 [0] NCCL INFO Channel 14/0 : 8[1000] -> 5[2000] [send] via NET/IB/0
paraai-n32-h-01-agent-87:1193385:1195224 [3] NCCL INFO Channel 00 : 11[82000] -> 10[81000] via SHM/direct/direct
paraai-n32-h-01-agent-87:1193385:1195224 [3] NCCL INFO Channel 01 : 11[82000] -> 10[81000] via SHM/direct/direct
paraai-n32-h-01-agent-87:1193385:1195224 [3] NCCL INFO Channel 02 : 11[82000] -> 10[81000] via SHM/direct/direct
paraai-n32-h-01-agent-87:1193385:1195224 [3] NCCL INFO Channel 03 : 11[82000] -> 10[81000] via SHM/direct/direct
paraai-n32-h-01-agent-87:1193385:1195224 [3] NCCL INFO Channel 04 : 11[82000] -> 10[81000] via SHM/direct/direct
paraai-n32-h-01-agent-87:1193385:1195224 [3] NCCL INFO Channel 05 : 11[82000] -> 10[81000] via SHM/direct/direct
paraai-n32-h-01-agent-87:1193385:1195224 [3] NCCL INFO Channel 06 : 11[82000] -> 10[81000] via SHM/direct/direct
paraai-n32-h-01-agent-87:1193385:1195224 [3] NCCL INFO Channel 07 : 11[82000] -> 10[81000] via SHM/direct/direct
paraai-n32-h-01-agent-87:1193385:1195224 [3] NCCL INFO Channel 08 : 11[82000] -> 10[81000] via SHM/direct/direct
paraai-n32-h-01-agent-87:1193385:1195224 [3] NCCL INFO Channel 09 : 11[82000] -> 10[81000] via SHM/direct/direct
paraai-n32-h-01-agent-87:1193385:1195224 [3] NCCL INFO Channel 10 : 11[82000] -> 10[81000] via SHM/direct/direct
paraai-n32-h-01-agent-87:1193385:1195224 [3] NCCL INFO Channel 11 : 11[82000] -> 10[81000] via SHM/direct/direct
paraai-n32-h-01-agent-87:1193385:1195224 [3] NCCL INFO Channel 12 : 11[82000] -> 10[81000] via SHM/direct/direct
paraai-n32-h-01-agent-87:1193385:1195224 [3] NCCL INFO Channel 13 : 11[82000] -> 10[81000] via SHM/direct/direct
paraai-n32-h-01-agent-87:1193385:1195224 [3] NCCL INFO Channel 14 : 11[82000] -> 10[81000] via SHM/direct/direct
paraai-n32-h-01-agent-87:1193385:1195224 [3] NCCL INFO Channel 15 : 11[82000] -> 10[81000] via SHM/direct/direct
paraai-n32-h-01-agent-87:1193382:1195227 [0] NCCL INFO Connected all trees
paraai-n32-h-01-agent-87:1193382:1195227 [0] NCCL INFO threadThresholds 8/8/64 | 128/8/64 | 512 | 512
paraai-n32-h-01-agent-87:1193382:1195227 [0] NCCL INFO 16 coll channels, 16 p2p channels, 2 p2p channels per peer
paraai-n32-h-01-agent-87:1193384:1195225 [2] NCCL INFO Channel 00 : 10[81000] -> 9[2000] via SHM/direct/direct
paraai-n32-h-01-agent-87:1193384:1195225 [2] NCCL INFO Channel 02 : 10[81000] -> 9[2000] via SHM/direct/direct
paraai-n32-h-01-agent-87:1193384:1195225 [2] NCCL INFO Channel 04 : 10[81000] -> 9[2000] via SHM/direct/direct
paraai-n32-h-01-agent-87:1193384:1195225 [2] NCCL INFO Channel 06 : 10[81000] -> 9[2000] via SHM/direct/direct
paraai-n32-h-01-agent-87:1193384:1195225 [2] NCCL INFO Channel 08 : 10[81000] -> 9[2000] via SHM/direct/direct
paraai-n32-h-01-agent-87:1193384:1195225 [2] NCCL INFO Channel 10 : 10[81000] -> 9[2000] via SHM/direct/direct
paraai-n32-h-01-agent-87:1193384:1195225 [2] NCCL INFO Channel 12 : 10[81000] -> 9[2000] via SHM/direct/direct
paraai-n32-h-01-agent-87:1193384:1195225 [2] NCCL INFO Channel 14 : 10[81000] -> 9[2000] via SHM/direct/direct
paraai-n32-h-01-agent-87:1193383:1195226 [1] NCCL INFO Connected all trees
paraai-n32-h-01-agent-87:1193383:1195226 [1] NCCL INFO threadThresholds 8/8/64 | 128/8/64 | 512 | 512
paraai-n32-h-01-agent-87:1193383:1195226 [1] NCCL INFO 16 coll channels, 16 p2p channels, 2 p2p channels per peer
paraai-n32-h-01-agent-87:1193384:1195225 [2] NCCL INFO Connected all trees
paraai-n32-h-01-agent-87:1193384:1195225 [2] NCCL INFO threadThresholds 8/8/64 | 128/8/64 | 512 | 512
paraai-n32-h-01-agent-87:1193385:1195224 [3] NCCL INFO Connected all trees
paraai-n32-h-01-agent-87:1193384:1195225 [2] NCCL INFO 16 coll channels, 16 p2p channels, 2 p2p channels per peer
paraai-n32-h-01-agent-87:1193385:1195224 [3] NCCL INFO threadThresholds 8/8/64 | 128/8/64 | 512 | 512
paraai-n32-h-01-agent-87:1193385:1195224 [3] NCCL INFO 16 coll channels, 16 p2p channels, 2 p2p channels per peer
paraai-n32-h-01-agent-87:1193382:1195227 [0] NCCL INFO comm 0x176f6400 rank 8 nranks 16 cudaDev 0 busId 1000 - Init COMPLETE
paraai-n32-h-01-agent-87:1193385:1195224 [3] NCCL INFO comm 0x5e882d90 rank 11 nranks 16 cudaDev 3 busId 82000 - Init COMPLETE
paraai-n32-h-01-agent-87:1193384:1195225 [2] NCCL INFO comm 0x4a9714d0 rank 10 nranks 16 cudaDev 2 busId 81000 - Init COMPLETE
paraai-n32-h-01-agent-87:1193383:1195226 [1] NCCL INFO comm 0x5226d190 rank 9 nranks 16 cudaDev 1 busId 2000 - Init COMPLETE
2023-07-01 22:15:05,960 - root - INFO - validating...
2023-07-01 22:15:05,960 - root - INFO - validating...
2023-07-01 22:15:05,961 - root - INFO - validating...
2023-07-01 22:15:05,962 - root - INFO - validating...
2023-07-01 22:28:01,671 - root - INFO - validating...
2023-07-01 22:28:01,671 - root - INFO - validating...
2023-07-01 22:28:01,672 - root - INFO - validating...
2023-07-01 22:28:01,671 - root - INFO - validating...
2023-07-01 22:40:58,353 - root - INFO - validating...
2023-07-01 22:40:58,353 - root - INFO - validating...
2023-07-01 22:40:58,353 - root - INFO - validating...
2023-07-01 22:40:58,353 - root - INFO - validating...
2023-07-01 22:53:59,064 - root - INFO - validating...
2023-07-01 22:53:59,063 - root - INFO - validating...
2023-07-01 22:53:59,064 - root - INFO - validating...
2023-07-01 22:53:59,065 - root - INFO - validating...
2023-07-01 23:06:56,732 - root - INFO - validating...
2023-07-01 23:06:56,732 - root - INFO - validating...
2023-07-01 23:06:56,732 - root - INFO - validating...
2023-07-01 23:06:56,733 - root - INFO - validating...
2023-07-01 23:19:56,948 - root - INFO - validating...
2023-07-01 23:19:56,948 - root - INFO - validating...
2023-07-01 23:19:56,948 - root - INFO - validating...
2023-07-01 23:19:56,950 - root - INFO - validating...
2023-07-01 23:32:53,059 - root - INFO - validating...
2023-07-01 23:32:53,060 - root - INFO - validating...
2023-07-01 23:32:53,060 - root - INFO - validating...
2023-07-01 23:32:53,060 - root - INFO - validating...
2023-07-01 23:45:51,701 - root - INFO - validating...
2023-07-01 23:45:51,701 - root - INFO - validating...
2023-07-01 23:45:51,701 - root - INFO - validating...
2023-07-01 23:45:51,701 - root - INFO - validating...
2023-07-01 23:58:49,806 - root - INFO - validating...
2023-07-01 23:58:49,807 - root - INFO - validating...
2023-07-01 23:58:49,807 - root - INFO - validating...
2023-07-01 23:58:49,809 - root - INFO - validating...
2023-07-02 00:11:52,326 - root - INFO - validating...
2023-07-02 00:11:52,327 - root - INFO - validating...
2023-07-02 00:11:52,327 - root - INFO - validating...
2023-07-02 00:11:52,329 - root - INFO - validating...
2023-07-02 00:24:51,141 - root - INFO - validating...
2023-07-02 00:24:51,141 - root - INFO - validating...
2023-07-02 00:24:51,141 - root - INFO - validating...
2023-07-02 00:24:51,141 - root - INFO - validating...
2023-07-02 00:37:53,827 - root - INFO - validating...
2023-07-02 00:37:53,828 - root - INFO - validating...
2023-07-02 00:37:53,828 - root - INFO - validating...
2023-07-02 00:37:53,830 - root - INFO - validating...
2023-07-02 00:50:55,315 - root - INFO - validating...
2023-07-02 00:50:55,315 - root - INFO - validating...
2023-07-02 00:50:55,315 - root - INFO - validating...
2023-07-02 00:50:55,318 - root - INFO - validating...
2023-07-02 01:03:58,524 - root - INFO - validating...
2023-07-02 01:03:58,524 - root - INFO - validating...
2023-07-02 01:03:58,527 - root - INFO - validating...
2023-07-02 01:03:58,527 - root - INFO - validating...
2023-07-02 01:16:56,393 - root - INFO - validating...
2023-07-02 01:16:56,393 - root - INFO - validating...
2023-07-02 01:16:56,395 - root - INFO - validating...
2023-07-02 01:16:56,396 - root - INFO - validating...
2023-07-02 01:29:57,985 - root - INFO - validating...
2023-07-02 01:29:57,985 - root - INFO - validating...
2023-07-02 01:29:57,985 - root - INFO - validating...
2023-07-02 01:29:57,986 - root - INFO - validating...
2023-07-02 01:42:58,701 - root - INFO - validating...
2023-07-02 01:42:58,703 - root - INFO - validating...
2023-07-02 01:42:58,703 - root - INFO - validating...
2023-07-02 01:42:58,705 - root - INFO - validating...
2023-07-02 01:56:03,568 - root - INFO - validating...
2023-07-02 01:56:03,569 - root - INFO - validating...
2023-07-02 01:56:03,568 - root - INFO - validating...
2023-07-02 01:56:03,569 - root - INFO - validating...
2023-07-02 02:09:08,045 - root - INFO - validating...
2023-07-02 02:09:08,044 - root - INFO - validating...
2023-07-02 02:09:08,045 - root - INFO - validating...
2023-07-02 02:09:08,047 - root - INFO - validating...
2023-07-02 02:22:06,394 - root - INFO - validating...
2023-07-02 02:22:06,394 - root - INFO - validating...
2023-07-02 02:22:06,394 - root - INFO - validating...
2023-07-02 02:22:06,394 - root - INFO - validating...
2023-07-02 02:35:00,218 - root - INFO - validating...
2023-07-02 02:35:00,219 - root - INFO - validating...
2023-07-02 02:35:00,219 - root - INFO - validating...
2023-07-02 02:35:00,220 - root - INFO - validating...
2023-07-02 02:47:57,086 - root - INFO - validating...
2023-07-02 02:47:57,086 - root - INFO - validating...
2023-07-02 02:47:57,087 - root - INFO - validating...
2023-07-02 02:47:57,089 - root - INFO - validating...
2023-07-02 03:00:52,558 - root - INFO - validating...
2023-07-02 03:00:52,559 - root - INFO - validating...
2023-07-02 03:00:52,559 - root - INFO - validating...
2023-07-02 03:00:52,562 - root - INFO - validating...
2023-07-02 03:13:51,015 - root - INFO - validating...
2023-07-02 03:13:51,016 - root - INFO - validating...
2023-07-02 03:13:51,016 - root - INFO - validating...
2023-07-02 03:13:51,018 - root - INFO - validating...
2023-07-02 03:26:40,504 - root - INFO - validating...
2023-07-02 03:26:40,505 - root - INFO - validating...
2023-07-02 03:26:40,504 - root - INFO - validating...
2023-07-02 03:26:40,506 - root - INFO - validating...
2023-07-02 03:39:33,858 - root - INFO - validating...
2023-07-02 03:39:33,858 - root - INFO - validating...
2023-07-02 03:39:33,858 - root - INFO - validating...
2023-07-02 03:39:33,859 - root - INFO - validating...
2023-07-02 03:52:30,549 - root - INFO - validating...
2023-07-02 03:52:30,549 - root - INFO - validating...
2023-07-02 03:52:30,551 - root - INFO - validating...
2023-07-02 03:52:30,551 - root - INFO - validating...
2023-07-02 04:05:26,179 - root - INFO - validating...
2023-07-02 04:05:26,180 - root - INFO - validating...
2023-07-02 04:05:26,180 - root - INFO - validating...
2023-07-02 04:05:26,182 - root - INFO - validating...
2023-07-02 04:18:22,625 - root - INFO - validating...
2023-07-02 04:18:22,625 - root - INFO - validating...
2023-07-02 04:18:22,625 - root - INFO - validating...
2023-07-02 04:18:22,626 - root - INFO - validating...
2023-07-02 04:31:18,728 - root - INFO - validating...
2023-07-02 04:31:18,729 - root - INFO - validating...
2023-07-02 04:31:18,729 - root - INFO - validating...
2023-07-02 04:31:18,731 - root - INFO - validating...
2023-07-02 04:44:16,298 - root - INFO - validating...
2023-07-02 04:44:16,298 - root - INFO - validating...
2023-07-02 04:44:16,298 - root - INFO - validating...
2023-07-02 04:44:16,298 - root - INFO - validating...
2023-07-02 04:57:17,042 - root - INFO - validating...
2023-07-02 04:57:17,042 - root - INFO - validating...
2023-07-02 04:57:17,042 - root - INFO - validating...
2023-07-02 04:57:17,042 - root - INFO - validating...
2023-07-02 05:10:17,090 - root - INFO - validating...
2023-07-02 05:10:17,090 - root - INFO - validating...
2023-07-02 05:10:17,090 - root - INFO - validating...
2023-07-02 05:10:17,090 - root - INFO - validating...
2023-07-02 05:23:20,801 - root - INFO - validating...
2023-07-02 05:23:20,801 - root - INFO - validating...
2023-07-02 05:23:20,801 - root - INFO - validating...
2023-07-02 05:23:20,801 - root - INFO - validating...
2023-07-02 05:36:17,753 - root - INFO - validating...
2023-07-02 05:36:17,753 - root - INFO - validating...
2023-07-02 05:36:17,753 - root - INFO - validating...
2023-07-02 05:36:17,754 - root - INFO - validating...
2023-07-02 05:49:14,571 - root - INFO - validating...
2023-07-02 05:49:14,571 - root - INFO - validating...
2023-07-02 05:49:14,571 - root - INFO - validating...
2023-07-02 05:49:14,572 - root - INFO - validating...
2023-07-02 06:02:15,510 - root - INFO - validating...
2023-07-02 06:02:15,511 - root - INFO - validating...
2023-07-02 06:02:15,511 - root - INFO - validating...
2023-07-02 06:02:15,513 - root - INFO - validating...
2023-07-02 06:15:15,592 - root - INFO - validating...
2023-07-02 06:15:15,592 - root - INFO - validating...
2023-07-02 06:15:15,593 - root - INFO - validating...
2023-07-02 06:15:15,595 - root - INFO - validating...
2023-07-02 06:28:16,027 - root - INFO - validating...
2023-07-02 06:28:16,027 - root - INFO - validating...
2023-07-02 06:28:16,027 - root - INFO - validating...
2023-07-02 06:28:16,027 - root - INFO - validating...
2023-07-02 06:41:19,889 - root - INFO - validating...
2023-07-02 06:41:19,889 - root - INFO - validating...
2023-07-02 06:41:19,889 - root - INFO - validating...
2023-07-02 06:41:19,889 - root - INFO - validating...
2023-07-02 06:54:23,043 - root - INFO - validating...
2023-07-02 06:54:23,044 - root - INFO - validating...
2023-07-02 06:54:23,044 - root - INFO - validating...
2023-07-02 06:54:23,046 - root - INFO - validating...
2023-07-02 07:07:26,618 - root - INFO - validating...
2023-07-02 07:07:26,619 - root - INFO - validating...
2023-07-02 07:07:26,618 - root - INFO - validating...
2023-07-02 07:07:26,619 - root - INFO - validating...
2023-07-02 07:20:29,258 - root - INFO - validating...
2023-07-02 07:20:29,258 - root - INFO - validating...
2023-07-02 07:20:29,257 - root - INFO - validating...
2023-07-02 07:20:29,259 - root - INFO - validating...
2023-07-02 07:33:28,600 - root - INFO - validating...
2023-07-02 07:33:28,601 - root - INFO - validating...
2023-07-02 07:33:28,601 - root - INFO - validating...
2023-07-02 07:33:28,601 - root - INFO - validating...
2023-07-02 07:46:25,186 - root - INFO - validating...
2023-07-02 07:46:25,186 - root - INFO - validating...
2023-07-02 07:46:25,187 - root - INFO - validating...
2023-07-02 07:46:25,187 - root - INFO - validating...
2023-07-02 07:59:26,152 - root - INFO - validating...
2023-07-02 07:59:26,153 - root - INFO - validating...
2023-07-02 07:59:26,153 - root - INFO - validating...
2023-07-02 07:59:26,154 - root - INFO - validating...
2023-07-02 08:12:23,590 - root - INFO - validating...
2023-07-02 08:12:23,590 - root - INFO - validating...
2023-07-02 08:12:23,591 - root - INFO - validating...
2023-07-02 08:12:23,591 - root - INFO - validating...
2023-07-02 08:25:23,783 - root - INFO - validating...
2023-07-02 08:25:23,783 - root - INFO - validating...
2023-07-02 08:25:23,783 - root - INFO - validating...
2023-07-02 08:25:23,785 - root - INFO - validating...
2023-07-02 08:38:22,425 - root - INFO - validating...
2023-07-02 08:38:22,425 - root - INFO - validating...
2023-07-02 08:38:22,425 - root - INFO - validating...
2023-07-02 08:38:22,426 - root - INFO - validating...
2023-07-02 08:51:18,830 - root - INFO - validating...
2023-07-02 08:51:18,830 - root - INFO - validating...
2023-07-02 08:51:18,830 - root - INFO - validating...
2023-07-02 08:51:18,881 - root - INFO - validating...
2023-07-02 09:04:16,820 - root - INFO - validating...
2023-07-02 09:04:16,821 - root - INFO - validating...
2023-07-02 09:04:16,821 - root - INFO - validating...
2023-07-02 09:04:16,823 - root - INFO - validating...
2023-07-02 09:17:10,723 - root - INFO - validating...
2023-07-02 09:17:10,724 - root - INFO - validating...
2023-07-02 09:17:10,725 - root - INFO - validating...
2023-07-02 09:17:10,726 - root - INFO - validating...
2023-07-02 09:30:12,948 - root - INFO - validating...
2023-07-02 09:30:12,948 - root - INFO - validating...
2023-07-02 09:30:12,949 - root - INFO - validating...
2023-07-02 09:30:12,951 - root - INFO - validating...
2023-07-02 09:43:05,429 - root - INFO - validating...
2023-07-02 09:43:05,429 - root - INFO - validating...
2023-07-02 09:43:05,429 - root - INFO - validating...
2023-07-02 09:43:05,429 - root - INFO - validating...
2023-07-02 09:56:00,065 - root - INFO - validating...
2023-07-02 09:56:00,065 - root - INFO - validating...
2023-07-02 09:56:00,065 - root - INFO - validating...
2023-07-02 09:56:00,065 - root - INFO - validating...
2023-07-02 10:09:05,221 - root - INFO - validating...
2023-07-02 10:09:05,221 - root - INFO - validating...
2023-07-02 10:09:05,222 - root - INFO - validating...
2023-07-02 10:09:05,224 - root - INFO - validating...
2023-07-02 10:22:01,474 - root - INFO - validating...
2023-07-02 10:22:01,474 - root - INFO - validating...
2023-07-02 10:22:01,474 - root - INFO - validating...
2023-07-02 10:22:01,477 - root - INFO - validating...
2023-07-02 10:35:00,972 - root - INFO - validating...
2023-07-02 10:35:00,972 - root - INFO - validating...
2023-07-02 10:35:00,972 - root - INFO - validating...
2023-07-02 10:35:00,975 - root - INFO - validating...
2023-07-02 10:48:02,324 - root - INFO - validating...
2023-07-02 10:48:02,324 - root - INFO - validating...
2023-07-02 10:48:02,325 - root - INFO - validating...
2023-07-02 10:48:02,325 - root - INFO - validating...
2023-07-02 11:01:05,826 - root - INFO - validating...
2023-07-02 11:01:05,826 - root - INFO - validating...
2023-07-02 11:01:05,826 - root - INFO - validating...
2023-07-02 11:01:05,827 - root - INFO - validating...
2023-07-02 11:14:07,457 - root - INFO - validating...
2023-07-02 11:14:07,457 - root - INFO - validating...
2023-07-02 11:14:07,457 - root - INFO - validating...
2023-07-02 11:14:07,463 - root - INFO - validating...
2023-07-02 11:27:04,172 - root - INFO - validating...
2023-07-02 11:27:04,172 - root - INFO - validating...
2023-07-02 11:27:04,172 - root - INFO - validating...
2023-07-02 11:27:04,172 - root - INFO - validating...
2023-07-02 11:39:54,972 - root - INFO - validating...
2023-07-02 11:39:54,972 - root - INFO - validating...
2023-07-02 11:39:54,972 - root - INFO - validating...
2023-07-02 11:39:54,973 - root - INFO - validating...
2023-07-02 11:52:58,136 - root - INFO - validating...
2023-07-02 11:52:58,136 - root - INFO - validating...
2023-07-02 11:52:58,136 - root - INFO - validating...
2023-07-02 11:52:58,136 - root - INFO - validating...
2023-07-02 12:06:03,847 - root - INFO - validating...
2023-07-02 12:06:03,847 - root - INFO - validating...
2023-07-02 12:06:03,847 - root - INFO - validating...
2023-07-02 12:06:03,848 - root - INFO - validating...
2023-07-02 12:19:07,533 - root - INFO - validating...
2023-07-02 12:19:07,533 - root - INFO - validating...
2023-07-02 12:19:07,533 - root - INFO - validating...
2023-07-02 12:19:07,533 - root - INFO - validating...
2023-07-02 12:32:08,080 - root - INFO - validating...
2023-07-02 12:32:08,080 - root - INFO - validating...
2023-07-02 12:32:08,081 - root - INFO - validating...
2023-07-02 12:32:08,082 - root - INFO - validating...
2023-07-02 12:45:05,950 - root - INFO - validating...
2023-07-02 12:45:05,951 - root - INFO - validating...
2023-07-02 12:45:05,952 - root - INFO - validating...
2023-07-02 12:45:05,953 - root - INFO - validating...
2023-07-02 12:58:06,743 - root - INFO - validating...
2023-07-02 12:58:06,744 - root - INFO - validating...
2023-07-02 12:58:06,744 - root - INFO - validating...
2023-07-02 12:58:06,746 - root - INFO - validating...
2023-07-02 13:11:11,980 - root - INFO - validating...
2023-07-02 13:11:11,980 - root - INFO - validating...
2023-07-02 13:11:11,983 - root - INFO - validating...
2023-07-02 13:11:11,983 - root - INFO - validating...
2023-07-02 13:24:12,241 - root - INFO - validating...
2023-07-02 13:24:12,241 - root - INFO - validating...
2023-07-02 13:24:12,243 - root - INFO - validating...
2023-07-02 13:24:12,243 - root - INFO - validating...
2023-07-02 13:37:10,923 - root - INFO - validating...
2023-07-02 13:37:10,923 - root - INFO - validating...
2023-07-02 13:37:10,925 - root - INFO - validating...
2023-07-02 13:37:10,926 - root - INFO - validating...
2023-07-02 13:50:08,908 - root - INFO - validating...
2023-07-02 13:50:08,908 - root - INFO - validating...
2023-07-02 13:50:08,908 - root - INFO - validating...
2023-07-02 13:50:08,908 - root - INFO - validating...
2023-07-02 14:03:05,399 - root - INFO - validating...
2023-07-02 14:03:05,399 - root - INFO - validating...
2023-07-02 14:03:05,400 - root - INFO - validating...
2023-07-02 14:03:05,400 - root - INFO - validating...
2023-07-02 14:16:02,615 - root - INFO - validating...
2023-07-02 14:16:02,615 - root - INFO - validating...
2023-07-02 14:16:02,615 - root - INFO - validating...
2023-07-02 14:16:02,616 - root - INFO - validating...
2023-07-02 14:29:00,436 - root - INFO - validating...
2023-07-02 14:29:00,437 - root - INFO - validating...
2023-07-02 14:29:00,437 - root - INFO - validating...
2023-07-02 14:29:00,438 - root - INFO - validating...
2023-07-02 14:42:02,361 - root - INFO - validating...
2023-07-02 14:42:02,361 - root - INFO - validating...
2023-07-02 14:42:02,361 - root - INFO - validating...
2023-07-02 14:42:02,362 - root - INFO - validating...
2023-07-02 14:55:03,471 - root - INFO - validating...
2023-07-02 14:55:03,471 - root - INFO - validating...
2023-07-02 14:55:03,472 - root - INFO - validating...
2023-07-02 14:55:03,476 - root - INFO - validating...
2023-07-02 15:08:01,597 - root - INFO - validating...
2023-07-02 15:08:01,597 - root - INFO - validating...
2023-07-02 15:08:01,597 - root - INFO - validating...
2023-07-02 15:08:01,597 - root - INFO - validating...
2023-07-02 15:21:02,601 - root - INFO - validating...
2023-07-02 15:21:02,601 - root - INFO - validating...
2023-07-02 15:21:02,602 - root - INFO - validating...
2023-07-02 15:21:02,604 - root - INFO - validating...
2023-07-02 15:34:04,917 - root - INFO - validating...
2023-07-02 15:34:04,917 - root - INFO - validating...
2023-07-02 15:34:04,917 - root - INFO - validating...
2023-07-02 15:34:04,917 - root - INFO - validating...
2023-07-02 15:47:04,162 - root - INFO - validating...
2023-07-02 15:47:04,162 - root - INFO - validating...
2023-07-02 15:47:04,163 - root - INFO - validating...
2023-07-02 15:47:04,164 - root - INFO - validating...
2023-07-02 16:00:06,887 - root - INFO - validating...
2023-07-02 16:00:06,887 - root - INFO - validating...
2023-07-02 16:00:06,887 - root - INFO - validating...
2023-07-02 16:00:06,887 - root - INFO - validating...
2023-07-02 16:13:08,507 - root - INFO - validating...
2023-07-02 16:13:08,507 - root - INFO - validating...
2023-07-02 16:13:08,508 - root - INFO - validating...
2023-07-02 16:13:08,510 - root - INFO - validating...
2023-07-02 16:26:10,040 - root - INFO - validating...
2023-07-02 16:26:10,040 - root - INFO - validating...
2023-07-02 16:26:10,041 - root - INFO - validating...
2023-07-02 16:26:10,041 - root - INFO - validating...
2023-07-02 16:39:11,487 - root - INFO - validating...
2023-07-02 16:39:11,487 - root - INFO - validating...
2023-07-02 16:39:11,486 - root - INFO - validating...
2023-07-02 16:39:11,487 - root - INFO - validating...
2023-07-02 16:52:15,021 - root - INFO - validating...
2023-07-02 16:52:15,021 - root - INFO - validating...
2023-07-02 16:52:15,021 - root - INFO - validating...
2023-07-02 16:52:15,021 - root - INFO - validating...
2023-07-02 17:05:12,335 - root - INFO - validating...
2023-07-02 17:05:12,335 - root - INFO - validating...
2023-07-02 17:05:12,335 - root - INFO - validating...
2023-07-02 17:05:12,336 - root - INFO - validating...
2023-07-02 17:18:09,771 - root - INFO - validating...
2023-07-02 17:18:09,771 - root - INFO - validating...
2023-07-02 17:18:09,771 - root - INFO - validating...
2023-07-02 17:18:09,771 - root - INFO - validating...
2023-07-02 17:31:09,831 - root - INFO - validating...
2023-07-02 17:31:09,831 - root - INFO - validating...
2023-07-02 17:31:09,831 - root - INFO - validating...
2023-07-02 17:31:09,832 - root - INFO - validating...
2023-07-02 17:44:07,658 - root - INFO - validating...
2023-07-02 17:44:07,658 - root - INFO - validating...
2023-07-02 17:44:07,658 - root - INFO - validating...
2023-07-02 17:44:07,663 - root - INFO - validating...
2023-07-02 17:57:04,686 - root - INFO - validating...
2023-07-02 17:57:04,687 - root - INFO - validating...
2023-07-02 17:57:04,687 - root - INFO - validating...
2023-07-02 17:57:04,687 - root - INFO - validating...
2023-07-02 18:09:57,074 - root - INFO - validating...
2023-07-02 18:09:57,074 - root - INFO - validating...
2023-07-02 18:09:57,073 - root - INFO - validating...
2023-07-02 18:09:57,078 - root - INFO - validating...
2023-07-02 18:22:48,974 - root - INFO - validating...
2023-07-02 18:22:48,974 - root - INFO - validating...
2023-07-02 18:22:48,974 - root - INFO - validating...
2023-07-02 18:22:48,976 - root - INFO - validating...
2023-07-02 18:35:44,243 - root - INFO - validating...
2023-07-02 18:35:44,244 - root - INFO - validating...
2023-07-02 18:35:44,245 - root - INFO - validating...
2023-07-02 18:35:44,245 - root - INFO - validating...
2023-07-02 18:48:41,145 - root - INFO - validating...
2023-07-02 18:48:41,145 - root - INFO - validating...
2023-07-02 18:48:41,145 - root - INFO - validating...
2023-07-02 18:48:41,146 - root - INFO - validating...
2023-07-02 19:01:40,460 - root - INFO - validating...
2023-07-02 19:01:40,460 - root - INFO - validating...
2023-07-02 19:01:40,460 - root - INFO - validating...
2023-07-02 19:01:40,461 - root - INFO - validating...
2023-07-02 19:14:37,096 - root - INFO - validating...
2023-07-02 19:14:37,096 - root - INFO - validating...
2023-07-02 19:14:37,097 - root - INFO - validating...
2023-07-02 19:14:37,098 - root - INFO - validating...
2023-07-02 19:27:37,979 - root - INFO - validating...
2023-07-02 19:27:37,980 - root - INFO - validating...
2023-07-02 19:27:37,980 - root - INFO - validating...
2023-07-02 19:27:37,980 - root - INFO - validating...
2023-07-02 19:40:34,609 - root - INFO - validating...
2023-07-02 19:40:34,609 - root - INFO - validating...
2023-07-02 19:40:34,610 - root - INFO - validating...
2023-07-02 19:40:34,612 - root - INFO - validating...
2023-07-02 19:53:34,501 - root - INFO - validating...
2023-07-02 19:53:34,502 - root - INFO - validating...
2023-07-02 19:53:34,502 - root - INFO - validating...
2023-07-02 19:53:34,504 - root - INFO - validating...
2023-07-02 20:06:34,352 - root - INFO - validating...
2023-07-02 20:06:34,352 - root - INFO - validating...
2023-07-02 20:06:34,352 - root - INFO - validating...
2023-07-02 20:06:34,352 - root - INFO - validating...
2023-07-02 20:19:29,970 - root - INFO - validating...
2023-07-02 20:19:29,970 - root - INFO - validating...
2023-07-02 20:19:29,970 - root - INFO - validating...
2023-07-02 20:19:29,971 - root - INFO - validating...
2023-07-02 20:32:24,263 - root - INFO - validating...
2023-07-02 20:32:24,263 - root - INFO - validating...
2023-07-02 20:32:24,264 - root - INFO - validating...
2023-07-02 20:32:24,264 - root - INFO - validating...
2023-07-02 20:45:22,169 - root - INFO - validating...
2023-07-02 20:45:22,169 - root - INFO - validating...
2023-07-02 20:45:22,169 - root - INFO - validating...
2023-07-02 20:45:22,169 - root - INFO - validating...
2023-07-02 20:58:25,614 - root - INFO - validating...
2023-07-02 20:58:25,614 - root - INFO - validating...
2023-07-02 20:58:25,614 - root - INFO - validating...
2023-07-02 20:58:25,615 - root - INFO - validating...
2023-07-02 21:11:28,425 - root - INFO - validating...
2023-07-02 21:11:28,426 - root - INFO - validating...
2023-07-02 21:11:28,426 - root - INFO - validating...
2023-07-02 21:11:28,426 - root - INFO - validating...
2023-07-02 21:24:32,402 - root - INFO - validating...
2023-07-02 21:24:32,403 - root - INFO - validating...
2023-07-02 21:24:32,403 - root - INFO - validating...
2023-07-02 21:24:32,403 - root - INFO - validating...
2023-07-02 21:37:33,083 - root - INFO - validating...
2023-07-02 21:37:33,083 - root - INFO - validating...
2023-07-02 21:37:33,083 - root - INFO - validating...
2023-07-02 21:37:33,083 - root - INFO - validating...
2023-07-02 21:50:30,137 - root - INFO - validating...
2023-07-02 21:50:30,137 - root - INFO - validating...
2023-07-02 21:50:30,137 - root - INFO - validating...
2023-07-02 21:50:30,138 - root - INFO - validating...
2023-07-02 22:03:27,308 - root - INFO - validating...
2023-07-02 22:03:27,308 - root - INFO - validating...
2023-07-02 22:03:27,308 - root - INFO - validating...
2023-07-02 22:03:27,308 - root - INFO - validating...
2023-07-02 22:16:29,732 - root - INFO - validating...
2023-07-02 22:16:29,732 - root - INFO - validating...
2023-07-02 22:16:29,732 - root - INFO - validating...
2023-07-02 22:16:29,732 - root - INFO - validating...
2023-07-02 22:29:24,955 - root - INFO - validating...
2023-07-02 22:29:24,955 - root - INFO - validating...
2023-07-02 22:29:24,955 - root - INFO - validating...
2023-07-02 22:29:24,955 - root - INFO - validating...
2023-07-02 22:42:25,073 - root - INFO - validating...
2023-07-02 22:42:25,074 - root - INFO - validating...
2023-07-02 22:42:25,074 - root - INFO - validating...
2023-07-02 22:42:25,076 - root - INFO - validating...
2023-07-02 22:55:22,836 - root - INFO - validating...
2023-07-02 22:55:22,836 - root - INFO - validating...
2023-07-02 22:55:22,836 - root - INFO - validating...
2023-07-02 22:55:22,839 - root - INFO - validating...
2023-07-02 23:08:21,539 - root - INFO - validating...
2023-07-02 23:08:21,539 - root - INFO - validating...
2023-07-02 23:08:21,539 - root - INFO - validating...
2023-07-02 23:08:21,540 - root - INFO - validating...
2023-07-02 23:21:19,350 - root - INFO - validating...
2023-07-02 23:21:19,350 - root - INFO - validating...
2023-07-02 23:21:19,350 - root - INFO - validating...
2023-07-02 23:21:19,352 - root - INFO - validating...
2023-07-02 23:34:17,766 - root - INFO - validating...
2023-07-02 23:34:17,766 - root - INFO - validating...
2023-07-02 23:34:17,766 - root - INFO - validating...
2023-07-02 23:34:17,768 - root - INFO - validating...
2023-07-02 23:47:16,368 - root - INFO - validating...
2023-07-02 23:47:16,368 - root - INFO - validating...
2023-07-02 23:47:16,368 - root - INFO - validating...
2023-07-02 23:47:16,371 - root - INFO - validating...
2023-07-03 00:00:12,073 - root - INFO - validating...
2023-07-03 00:00:12,074 - root - INFO - validating...
2023-07-03 00:00:12,074 - root - INFO - validating...
2023-07-03 00:00:12,073 - root - INFO - validating...
2023-07-03 00:13:08,745 - root - INFO - validating...
2023-07-03 00:13:08,745 - root - INFO - validating...
2023-07-03 00:13:08,745 - root - INFO - validating...
2023-07-03 00:13:08,745 - root - INFO - validating...
2023-07-03 00:26:06,340 - root - INFO - validating...
2023-07-03 00:26:06,340 - root - INFO - validating...
2023-07-03 00:26:06,340 - root - INFO - validating...
2023-07-03 00:26:06,342 - root - INFO - validating...
2023-07-03 00:39:00,784 - root - INFO - validating...
2023-07-03 00:39:00,787 - root - INFO - validating...
2023-07-03 00:39:00,787 - root - INFO - validating...
2023-07-03 00:39:00,788 - root - INFO - validating...
2023-07-03 00:51:56,551 - root - INFO - validating...
2023-07-03 00:51:56,551 - root - INFO - validating...
2023-07-03 00:51:56,551 - root - INFO - validating...
2023-07-03 00:51:56,553 - root - INFO - validating...
2023-07-03 01:04:55,174 - root - INFO - validating...
2023-07-03 01:04:55,174 - root - INFO - validating...
2023-07-03 01:04:55,174 - root - INFO - validating...
2023-07-03 01:04:55,173 - root - INFO - validating...
2023-07-03 01:17:54,032 - root - INFO - validating...
2023-07-03 01:17:54,032 - root - INFO - validating...
2023-07-03 01:17:54,032 - root - INFO - validating...
2023-07-03 01:17:54,032 - root - INFO - validating...
2023-07-03 01:30:51,880 - root - INFO - validating...
2023-07-03 01:30:51,880 - root - INFO - validating...
2023-07-03 01:30:51,880 - root - INFO - validating...
2023-07-03 01:30:51,880 - root - INFO - validating...
2023-07-03 01:43:52,667 - root - INFO - validating...
2023-07-03 01:43:52,667 - root - INFO - validating...
2023-07-03 01:43:52,670 - root - INFO - validating...
2023-07-03 01:43:52,670 - root - INFO - validating...
2023-07-03 01:56:54,303 - root - INFO - validating...
2023-07-03 01:56:54,303 - root - INFO - validating...
2023-07-03 01:56:54,304 - root - INFO - validating...
2023-07-03 01:56:54,306 - root - INFO - validating...
2023-07-03 02:09:52,277 - root - INFO - validating...
2023-07-03 02:09:52,277 - root - INFO - validating...
2023-07-03 02:09:52,277 - root - INFO - validating...
2023-07-03 02:09:52,280 - root - INFO - validating...
2023-07-03 02:22:51,033 - root - INFO - validating...
2023-07-03 02:22:51,033 - root - INFO - validating...
2023-07-03 02:22:51,034 - root - INFO - validating...
2023-07-03 02:22:51,035 - root - INFO - validating...
2023-07-03 02:35:49,181 - root - INFO - validating...
2023-07-03 02:35:49,181 - root - INFO - validating...
2023-07-03 02:35:49,181 - root - INFO - validating...
2023-07-03 02:35:49,181 - root - INFO - validating...
2023-07-03 02:48:51,186 - root - INFO - validating...
2023-07-03 02:48:51,187 - root - INFO - validating...
2023-07-03 02:48:51,188 - root - INFO - validating...
2023-07-03 02:48:51,190 - root - INFO - validating...
2023-07-03 03:01:48,886 - root - INFO - validating...
2023-07-03 03:01:48,886 - root - INFO - validating...
2023-07-03 03:01:48,888 - root - INFO - validating...
2023-07-03 03:01:48,888 - root - INFO - validating...
2023-07-03 03:14:47,222 - root - INFO - validating...
2023-07-03 03:14:47,222 - root - INFO - validating...
2023-07-03 03:14:47,222 - root - INFO - validating...
2023-07-03 03:14:47,222 - root - INFO - validating...
2023-07-03 03:27:44,205 - root - INFO - validating...
2023-07-03 03:27:44,206 - root - INFO - validating...
2023-07-03 03:27:44,208 - root - INFO - validating...
2023-07-03 03:27:44,208 - root - INFO - validating...
2023-07-03 03:40:39,588 - root - INFO - validating...
2023-07-03 03:40:39,588 - root - INFO - validating...
2023-07-03 03:40:39,588 - root - INFO - validating...
2023-07-03 03:40:39,589 - root - INFO - validating...
2023-07-03 03:53:39,239 - root - INFO - validating...
2023-07-03 03:53:39,238 - root - INFO - validating...
2023-07-03 03:53:39,239 - root - INFO - validating...
2023-07-03 03:53:39,241 - root - INFO - validating...
2023-07-03 04:06:41,122 - root - INFO - validating...
2023-07-03 04:06:41,123 - root - INFO - validating...
2023-07-03 04:06:41,124 - root - INFO - validating...
2023-07-03 04:06:41,125 - root - INFO - validating...
2023-07-03 04:19:39,132 - root - INFO - validating...
2023-07-03 04:19:39,132 - root - INFO - validating...
2023-07-03 04:19:39,132 - root - INFO - validating...
2023-07-03 04:19:39,133 - root - INFO - validating...
2023-07-03 04:32:34,526 - root - INFO - validating...
2023-07-03 04:32:34,526 - root - INFO - validating...
2023-07-03 04:32:34,526 - root - INFO - validating...
2023-07-03 04:32:34,527 - root - INFO - validating...
2023-07-03 04:45:30,346 - root - INFO - validating...
2023-07-03 04:45:30,346 - root - INFO - validating...
2023-07-03 04:45:30,346 - root - INFO - validating...
2023-07-03 04:45:30,346 - root - INFO - validating...
2023-07-03 04:58:28,866 - root - INFO - validating...
2023-07-03 04:58:28,866 - root - INFO - validating...
2023-07-03 04:58:28,866 - root - INFO - validating...
2023-07-03 04:58:28,866 - root - INFO - validating...
2023-07-03 05:11:30,397 - root - INFO - validating...
2023-07-03 05:11:30,397 - root - INFO - validating...
2023-07-03 05:11:30,397 - root - INFO - validating...
2023-07-03 05:11:30,399 - root - INFO - validating...
2023-07-03 05:24:29,216 - root - INFO - validating...
2023-07-03 05:24:29,216 - root - INFO - validating...
2023-07-03 05:24:29,217 - root - INFO - validating...
2023-07-03 05:24:29,218 - root - INFO - validating...
2023-07-03 05:37:28,646 - root - INFO - validating...
2023-07-03 05:37:28,646 - root - INFO - validating...
2023-07-03 05:37:28,646 - root - INFO - validating...
2023-07-03 05:37:28,648 - root - INFO - validating...
2023-07-03 05:50:28,588 - root - INFO - validating...
2023-07-03 05:50:28,588 - root - INFO - validating...
2023-07-03 05:50:28,589 - root - INFO - validating...
2023-07-03 05:50:28,591 - root - INFO - validating...
2023-07-03 06:03:25,679 - root - INFO - validating...
2023-07-03 06:03:25,679 - root - INFO - validating...
2023-07-03 06:03:25,679 - root - INFO - validating...
2023-07-03 06:03:25,679 - root - INFO - validating...
2023-07-03 06:16:23,713 - root - INFO - validating...
2023-07-03 06:16:23,713 - root - INFO - validating...
2023-07-03 06:16:23,714 - root - INFO - validating...
2023-07-03 06:16:23,716 - root - INFO - validating...
2023-07-03 06:29:20,814 - root - INFO - validating...
2023-07-03 06:29:20,814 - root - INFO - validating...
2023-07-03 06:29:20,817 - root - INFO - validating...
2023-07-03 06:29:20,817 - root - INFO - validating...
2023-07-03 06:30:20,238 - root - INFO - Terminating training after reaching params.max_epochs while LR scheduler is set to CosineAnnealingLR
2023-07-03 06:30:20,238 - root - INFO - Terminating training after reaching params.max_epochs while LR scheduler is set to CosineAnnealingLR
2023-07-03 06:30:20,238 - root - INFO - Terminating training after reaching params.max_epochs while LR scheduler is set to CosineAnnealingLR
2023-07-03 06:30:20,238 - root - INFO - Terminating training after reaching params.max_epochs while LR scheduler is set to CosineAnnealingLR
paraai-n32-h-01-agent-87:1193384:1195388 [2] NCCL INFO [Service thread] Connection closed by localRank 2
paraai-n32-h-01-agent-87:1193385:1195391 [3] NCCL INFO [Service thread] Connection closed by localRank 3
paraai-n32-h-01-agent-87:1193385:1193385 [3] NCCL INFO comm 0x5e882d90 rank 11 nranks 16 cudaDev 3 busId 82000 - Abort COMPLETE
paraai-n32-h-01-agent-87:1193384:1193384 [2] NCCL INFO comm 0x4a9714d0 rank 10 nranks 16 cudaDev 2 busId 81000 - Abort COMPLETE
paraai-n32-h-01-agent-87:1193382:1195389 [0] NCCL INFO [Service thread] Connection closed by localRank 0
paraai-n32-h-01-agent-87:1193382:1193382 [0] NCCL INFO comm 0x176f6400 rank 8 nranks 16 cudaDev 0 busId 1000 - Abort COMPLETE
paraai-n32-h-01-agent-87:1193383:1195390 [1] NCCL INFO [Service thread] Connection closed by localRank 1
paraai-n32-h-01-agent-87:1193383:1193383 [1] NCCL INFO comm 0x5226d190 rank 9 nranks 16 cudaDev 1 busId 2000 - Abort COMPLETE
WARNING:torch.distributed.elastic.rendezvous.dynamic_rendezvous:The node 'paraai-n32-h-01-agent-87.paraai-n32-h-01.com_1193052_0' has failed to send a keep-alive heartbeat to the rendezvous '1' due to an error of type RendezvousTimeoutError.
