master_addr is only used for static rdzv_backend and when rdzv_endpoint is not specified.
paraai-n32-h-01-agent-95
0
------------------ Configuration ------------------  /home/bingxing2/home/scx6115/Ocean_AI_model/config/Model_2.yaml
paraai-n32-h-01-agent-95
0
------------------ Configuration ------------------  /home/bingxing2/home/scx6115/Ocean_AI_model/config/Model_2.yaml
paraai-n32-h-01-agent-95
0
------------------ Configuration ------------------  /home/bingxing2/home/scx6115/Ocean_AI_model/config/Model_2.yaml
paraai-n32-h-01-agent-95
0
------------------ Configuration ------------------  /home/bingxing2/home/scx6115/Ocean_AI_model/config/Model_2.yaml
nettype Masked_AE_Ocean
log_to_wandb True
lr 0.001
batch_size 32
max_epochs 150
scheduler CosineAnnealingLR
fusion_3d_2d False
in_channels [0, 1, 2, 3, 4, 5, 6, 7, 8, 9, 10, 11, 12, 13, 14, 15, 16, 17, 18, 19, 20, 21, 22, 23, 24, 25, 26, 27, 28, 29, 30, 31, 32, 33, 34, 35, 36, 37, 38, 39, 40, 41, 42, 43, 44, 45, 46, 47, 48, 49, 50, 51, 52, 53, 54, 55, 56, 57, 58, 59, 60, 61, 62, 63, 64, 65]
out_channels [0, 1, 2, 3, 4, 5, 6, 7, 8, 9, 10, 11, 12, 13, 14, 15, 16, 17, 18, 19, 20, 21, 22, 23, 24, 25, 26, 27, 28, 29, 30, 31, 32, 33, 34, 35, 36, 37, 38, 39, 40, 41, 42, 43, 44, 45, 46, 47, 48, 49, 50, 51, 52, 53, 54, 55, 56, 57, 58, 59, 60]
N_in_channels 66
N_out_channels 61
img_size_h 720
img_size_w 1440
patch_size_h 8
patch_size_w 8
mlp_ratio 4.0
embed_dim 512
depth 16
num_heads 16
decoder_embed_dim 1024
decoder_depth 8
decoder_num_heads 16
koopman_depth 2
modes_h_ratio 1
modes_w_ratio 0.8
drop_rate nettype0.0 
Masked_AE_Oceandrop_path_rate
 log_to_wandb0.0 
Truesparsity_threshold
 lr0.01 
0.001hard_thresholding_fraction
 batch_size1.0 
32num_blocks
 max_epochs8 
150loss
 schedulerl2 
CosineAnnealingLRnum_data_workers
 fusion_3d_2d0 
Falsedt
 in_channels1 
[0, 1, 2, 3, 4, 5, 6, 7, 8, 9, 10, 11, 12, 13, 14, 15, 16, 17, 18, 19, 20, 21, 22, 23, 24, 25, 26, 27, 28, 29, 30, 31, 32, 33, 34, 35, 36, 37, 38, 39, 40, 41, 42, 43, 44, 45, 46, 47, 48, 49, 50, 51, 52, 53, 54, 55, 56, 57, 58, 59, 60, 61, 62, 63, 64, 65]n_history
 out_channels0 
[0, 1, 2, 3, 4, 5, 6, 7, 8, 9, 10, 11, 12, 13, 14, 15, 16, 17, 18, 19, 20, 21, 22, 23, 24, 25, 26, 27, 28, 29, 30, 31, 32, 33, 34, 35, 36, 37, 38, 39, 40, 41, 42, 43, 44, 45, 46, 47, 48, 49, 50, 51, 52, 53, 54, 55, 56, 57, 58, 59, 60]prediction_type
 N_in_channelsiterative 
66prediction_length
 N_out_channels41 
61n_initial_conditions
 img_size_h5 
720ics_type
 img_size_wdefault 
1440date_strings
 patch_size_h['2018-09-14 00:00:00'] 
8save_raw_forecasts
 patch_size_wTrue 
8save_channel
 mlp_ratioFalse 
4.0masked_acc
 embed_dimFalse 
512maskpath
 depthNone 
16perturb
 num_headsFalse 
16add_grid
 decoder_embed_dimFalse 
1024N_grid_channels
 decoder_depth0 
8gridtype
 decoder_num_headssinusoidal 
16roll
 koopman_depthFalse 
2enable_nhwc
 modes_h_ratioFalse 
1optimizer_type
 modes_w_ratioFusedAdam 
0.8exp_dir
 drop_rate./exp_15_levels 
0.0patch_size
 drop_path_rate8 
0.0width
 sparsity_threshold56 
0.01modes
 hard_thresholding_fraction32 
1.0target
 num_blocksdefault 
8train_data_path
 loss/home/bingxing2/home/scx6115/Ocean_AI_model/sample_01/train 
l2valid_data_path
 num_data_workers/home/bingxing2/home/scx6115/Ocean_AI_model/sample_01/valid 
0test_data_path
 dt/home/bingxing2/home/scx6115/Ocean_AI_model/sample_01/test 
1land_mask
 n_historyTrue 
0land_mask_path
 prediction_type/home/bingxing2/home/scx6115/Ocean_AI_model/sample_01/land_mask.h5 
iterativenormalize
 prediction_lengthTrue 
41normalization
 n_initial_conditionszscore 
5global_mins_path
 ics_type/home/bingxing2/home/scx6115/Ocean_AI_model/sample_01/train/global_mins.npy 
defaultglobal_maxs_path
 date_strings/home/bingxing2/home/scx6115/Ocean_AI_model/sample_01/train/global_maxs.npy 
['2018-09-14 00:00:00']global_means_path
 save_raw_forecasts/home/bingxing2/home/scx6115/Ocean_AI_model/sample_01/train/global_means.npy 
Trueglobal_stds_path
 save_channel/home/bingxing2/home/scx6115/Ocean_AI_model/sample_01/train/global_stds.npy 
Falseorography
 masked_accTrue 
Falseorography_norm_zscore_path
 maskpath/home/bingxing2/home/scx6115/Ocean_AI_model/sample_01/orography_norm_zscore.h5 
Noneorography_norm_maxmin_path
 perturb/home/bingxing2/home/scx6115/Ocean_AI_model/sample_01/orography_norm_maxmin.h5 
Falseadd_noise
 add_gridFalse 
Falsenoise_std
 N_grid_channels0 
0crop_size_x
 gridtypeNone 
sinusoidalcrop_size_y
 rollNone 
Falselog_to_screen
 enable_nhwcTrue 
Falsesave_checkpoint
 optimizer_typeTrue 
FusedAdamplot_animations
 exp_dirFalse 
./exp_15_levels
patch_size 8
width ---------------------------------------------------56

modes world_size :32 
16target
 Initialize distributed process group...default

train_data_path /home/bingxing2/home/scx6115/Ocean_AI_model/sample_01/train
valid_data_path /home/bingxing2/home/scx6115/Ocean_AI_model/sample_01/valid
test_data_path /home/bingxing2/home/scx6115/Ocean_AI_model/sample_01/test
land_mask True
land_mask_path /home/bingxing2/home/scx6115/Ocean_AI_model/sample_01/land_mask.h5
normalize True
normalization zscore
global_mins_path /home/bingxing2/home/scx6115/Ocean_AI_model/sample_01/train/global_mins.npy
global_maxs_path /home/bingxing2/home/scx6115/Ocean_AI_model/sample_01/train/global_maxs.npy
global_means_path /home/bingxing2/home/scx6115/Ocean_AI_model/sample_01/train/global_means.npy
global_stds_path /home/bingxing2/home/scx6115/Ocean_AI_model/sample_01/train/global_stds.npy
orography True
orography_norm_zscore_path /home/bingxing2/home/scx6115/Ocean_AI_model/sample_01/orography_norm_zscore.h5
orography_norm_maxmin_path /home/bingxing2/home/scx6115/Ocean_AI_model/sample_01/orography_norm_maxmin.h5
add_noise False
noise_std 0
crop_size_x None
crop_size_y None
log_to_screen True
save_checkpoint True
plot_animations False
---------------------------------------------------
world_size : 16
Initialize distributed process group...
nettype Masked_AE_Ocean
log_to_wandb True
lr 0.001
batch_size 32
max_epochs 150
scheduler CosineAnnealingLR
fusion_3d_2d False
in_channels [0, 1, 2, 3, 4, 5, 6, 7, 8, 9, 10, 11, 12, 13, 14, 15, 16, 17, 18, 19, 20, 21, 22, 23, 24, 25, 26, 27, 28, 29, 30, 31, 32, 33, 34, 35, 36, 37, 38, 39, 40, 41, 42, 43, 44, 45, 46, 47, 48, 49, 50, 51, 52, 53, 54, 55, 56, 57, 58, 59, 60, 61, 62, 63, 64, 65]
out_channels [0, 1, 2, 3, 4, 5, 6, 7, 8, 9, 10, 11, 12, 13, 14, 15, 16, 17, 18, 19, 20, 21, 22, 23, 24, 25, 26, 27, 28, 29, 30, 31, 32, 33, 34, 35, 36, 37, 38, 39, 40, 41, 42, 43, 44, 45, 46, 47, 48, 49, 50, 51, 52, 53, 54, 55, 56, 57, 58, 59, 60]
N_in_channels 66
N_out_channels 61
img_size_h 720
img_size_w 1440
patch_size_h 8
patch_size_w 8
mlp_ratio 4.0
embed_dim 512
depth 16
num_heads 16
decoder_embed_dim 1024
decoder_depth 8
decoder_num_heads 16
koopman_depth 2
modes_h_ratio 1
modes_w_ratio 0.8
drop_rate 0.0
drop_path_rate 0.0
sparsity_threshold 0.01
hard_thresholding_fraction 1.0
num_blocks 8
loss l2
num_data_workers 0
dt 1
n_history 0
prediction_type iterative
prediction_length 41
n_initial_conditions 5
ics_type default
date_strings ['2018-09-14 00:00:00']
save_raw_forecasts True
save_channel False
masked_acc False
maskpath None
perturb False
add_grid False
N_grid_channels 0
gridtype sinusoidal
roll False
enable_nhwc False
optimizer_type FusedAdam
exp_dir ./exp_15_levels
patch_size 8
width 56
modes 32
target default
train_data_path /home/bingxing2/home/scx6115/Ocean_AI_model/sample_01/train
valid_data_path /home/bingxing2/home/scx6115/Ocean_AI_model/sample_01/valid
test_data_path /home/bingxing2/home/scx6115/Ocean_AI_model/sample_01/test
land_mask True
land_mask_path /home/bingxing2/home/scx6115/Ocean_AI_model/sample_01/land_mask.h5
normalize True
normalization zscore
global_mins_path /home/bingxing2/home/scx6115/Ocean_AI_model/sample_01/train/global_mins.npy
global_maxs_path /home/bingxing2/home/scx6115/Ocean_AI_model/sample_01/train/global_maxs.npy
global_means_path /home/bingxing2/home/scx6115/Ocean_AI_model/sample_01/train/global_means.npy
global_stds_path /home/bingxing2/home/scx6115/Ocean_AI_model/sample_01/train/global_stds.npy
orography True
orography_norm_zscore_path /home/bingxing2/home/scx6115/Ocean_AI_model/sample_01/orography_norm_zscore.h5
orography_norm_maxmin_path /home/bingxing2/home/scx6115/Ocean_AI_model/sample_01/orography_norm_maxmin.h5
add_noise False
noise_std 0
crop_size_x None
crop_size_y None
log_to_screen True
save_checkpoint True
plot_animations False
---------------------------------------------------
world_size : 16
Initialize distributed process group...
nettype Masked_AE_Ocean
log_to_wandb True
lr 0.001
batch_size 32
max_epochs 150
scheduler CosineAnnealingLR
fusion_3d_2d False
in_channels [0, 1, 2, 3, 4, 5, 6, 7, 8, 9, 10, 11, 12, 13, 14, 15, 16, 17, 18, 19, 20, 21, 22, 23, 24, 25, 26, 27, 28, 29, 30, 31, 32, 33, 34, 35, 36, 37, 38, 39, 40, 41, 42, 43, 44, 45, 46, 47, 48, 49, 50, 51, 52, 53, 54, 55, 56, 57, 58, 59, 60, 61, 62, 63, 64, 65]
out_channels [0, 1, 2, 3, 4, 5, 6, 7, 8, 9, 10, 11, 12, 13, 14, 15, 16, 17, 18, 19, 20, 21, 22, 23, 24, 25, 26, 27, 28, 29, 30, 31, 32, 33, 34, 35, 36, 37, 38, 39, 40, 41, 42, 43, 44, 45, 46, 47, 48, 49, 50, 51, 52, 53, 54, 55, 56, 57, 58, 59, 60]
N_in_channels 66
N_out_channels 61
img_size_h 720
img_size_w 1440
patch_size_h 8
patch_size_w 8
mlp_ratio 4.0
embed_dim 512
depth 16
num_heads 16
decoder_embed_dim 1024
decoder_depth 8
decoder_num_heads 16
koopman_depth 2
modes_h_ratio 1
modes_w_ratio 0.8
drop_rate 0.0
drop_path_rate 0.0
sparsity_threshold 0.01
hard_thresholding_fraction 1.0
num_blocks 8
loss l2
num_data_workers 0
dt 1
n_history 0
prediction_type iterative
prediction_length 41
n_initial_conditions 5
ics_type default
date_strings ['2018-09-14 00:00:00']
save_raw_forecasts True
save_channel False
masked_acc False
maskpath None
perturb False
add_grid False
N_grid_channels 0
gridtype sinusoidal
roll False
enable_nhwc False
optimizer_type FusedAdam
exp_dir ./exp_15_levels
patch_size 8
width 56
modes 32
target default
train_data_path /home/bingxing2/home/scx6115/Ocean_AI_model/sample_01/train
valid_data_path /home/bingxing2/home/scx6115/Ocean_AI_model/sample_01/valid
test_data_path /home/bingxing2/home/scx6115/Ocean_AI_model/sample_01/test
land_mask True
land_mask_path /home/bingxing2/home/scx6115/Ocean_AI_model/sample_01/land_mask.h5
normalize True
normalization zscore
global_mins_path /home/bingxing2/home/scx6115/Ocean_AI_model/sample_01/train/global_mins.npy
global_maxs_path /home/bingxing2/home/scx6115/Ocean_AI_model/sample_01/train/global_maxs.npy
global_means_path /home/bingxing2/home/scx6115/Ocean_AI_model/sample_01/train/global_means.npy
global_stds_path /home/bingxing2/home/scx6115/Ocean_AI_model/sample_01/train/global_stds.npy
orography True
orography_norm_zscore_path /home/bingxing2/home/scx6115/Ocean_AI_model/sample_01/orography_norm_zscore.h5
orography_norm_maxmin_path /home/bingxing2/home/scx6115/Ocean_AI_model/sample_01/orography_norm_maxmin.h5
add_noise False
noise_std 0
crop_size_x None
crop_size_y None
log_to_screen True
save_checkpoint True
plot_animations False
---------------------------------------------------
world_size : 16
Initialize distributed process group...
2023-07-08 11:19:34,494 - torch.distributed.distributed_c10d - INFO - Added key: store_based_barrier_key:1 to store for rank: 14
2023-07-08 11:19:34,494 - torch.distributed.distributed_c10d - INFO - Added key: store_based_barrier_key:1 to store for rank: 13
2023-07-08 11:19:34,514 - torch.distributed.distributed_c10d - INFO - Added key: store_based_barrier_key:1 to store for rank: 15
2023-07-08 11:19:34,515 - torch.distributed.distributed_c10d - INFO - Added key: store_based_barrier_key:1 to store for rank: 12
2023-07-08 11:19:35,258 - torch.distributed.distributed_c10d - INFO - Rank 15: Completed store-based barrier for key:store_based_barrier_key:1 with 16 nodes.
2023-07-08 11:19:35,258 - torch.distributed.distributed_c10d - INFO - Rank 12: Completed store-based barrier for key:store_based_barrier_key:1 with 16 nodes.
2023-07-08 11:19:35,258 - torch.distributed.distributed_c10d - INFO - Rank 14: Completed store-based barrier for key:store_based_barrier_key:1 with 16 nodes.
2023-07-08 11:19:35,258 - torch.distributed.distributed_c10d - INFO - Rank 13: Completed store-based barrier for key:store_based_barrier_key:1 with 16 nodes.
2023-07-08 11:19:35,322 - root - INFO - device: cuda:1
2023-07-08 11:19:35,322 - root - INFO - rank 13, begin data loader init
2023-07-08 11:19:35,325 - root - INFO - device: cuda:3
2023-07-08 11:19:35,325 - root - INFO - rank 15, begin data loader init
2023-07-08 11:19:35,327 - root - INFO - device: cuda:2
2023-07-08 11:19:35,327 - root - INFO - rank 14, begin data loader init
2023-07-08 11:19:35,329 - root - INFO - Getting file stats from /home/bingxing2/home/scx6115/Ocean_AI_model/sample_01/train/2000.h5
2023-07-08 11:19:35,329 - root - INFO - Getting file stats from /home/bingxing2/home/scx6115/Ocean_AI_model/sample_01/train/2000.h5
2023-07-08 11:19:35,329 - root - INFO - Getting file stats from /home/bingxing2/home/scx6115/Ocean_AI_model/sample_01/train/2000.h5
2023-07-08 11:19:35,330 - root - INFO - device: cuda:0
2023-07-08 11:19:35,330 - root - INFO - rank 12, begin data loader init
2023-07-08 11:19:35,330 - root - INFO - Number of samples per year: 365
2023-07-08 11:19:35,330 - root - INFO - Number of samples per year: 365
2023-07-08 11:19:35,330 - root - INFO - Number of samples per year: 365
2023-07-08 11:19:35,330 - root - INFO - Found data at path /home/bingxing2/home/scx6115/Ocean_AI_model/sample_01/train. Number of examples: 4380. Image Shape: 720 x 1440 x 66
2023-07-08 11:19:35,330 - root - INFO - Found data at path /home/bingxing2/home/scx6115/Ocean_AI_model/sample_01/train. Number of examples: 4380. Image Shape: 720 x 1440 x 66
2023-07-08 11:19:35,331 - root - INFO - Found data at path /home/bingxing2/home/scx6115/Ocean_AI_model/sample_01/train. Number of examples: 4380. Image Shape: 720 x 1440 x 66
2023-07-08 11:19:35,331 - root - INFO - Delta t: 1 days
2023-07-08 11:19:35,331 - root - INFO - Delta t: 1 days
2023-07-08 11:19:35,331 - root - INFO - Delta t: 1 days
2023-07-08 11:19:35,331 - root - INFO - Including 0 days of past history in training at a frequency of 1 days
2023-07-08 11:19:35,331 - root - INFO - Including 0 days of past history in training at a frequency of 1 days
2023-07-08 11:19:35,331 - root - INFO - Including 0 days of past history in training at a frequency of 1 days
2023-07-08 11:19:35,334 - root - INFO - Getting file stats from /home/bingxing2/home/scx6115/Ocean_AI_model/sample_01/train/2000.h5
2023-07-08 11:19:35,335 - root - INFO - Number of samples per year: 365
2023-07-08 11:19:35,335 - root - INFO - Found data at path /home/bingxing2/home/scx6115/Ocean_AI_model/sample_01/train. Number of examples: 4380. Image Shape: 720 x 1440 x 66
2023-07-08 11:19:35,335 - root - INFO - Delta t: 1 days
2023-07-08 11:19:35,335 - root - INFO - Including 0 days of past history in training at a frequency of 1 days
2023-07-08 11:19:35,336 - root - INFO - Getting file stats from /home/bingxing2/home/scx6115/Ocean_AI_model/sample_01/valid/2011.h5
2023-07-08 11:19:35,336 - root - INFO - Getting file stats from /home/bingxing2/home/scx6115/Ocean_AI_model/sample_01/valid/2011.h5
2023-07-08 11:19:35,337 - root - INFO - Getting file stats from /home/bingxing2/home/scx6115/Ocean_AI_model/sample_01/valid/2011.h5
2023-07-08 11:19:35,337 - root - INFO - Number of samples per year: 364
2023-07-08 11:19:35,337 - root - INFO - Number of samples per year: 364
2023-07-08 11:19:35,338 - root - INFO - Found data at path /home/bingxing2/home/scx6115/Ocean_AI_model/sample_01/valid. Number of examples: 364. Image Shape: 720 x 1440 x 66
2023-07-08 11:19:35,338 - root - INFO - Found data at path /home/bingxing2/home/scx6115/Ocean_AI_model/sample_01/valid. Number of examples: 364. Image Shape: 720 x 1440 x 66
2023-07-08 11:19:35,338 - root - INFO - Delta t: 1 days
2023-07-08 11:19:35,338 - root - INFO - Delta t: 1 days
2023-07-08 11:19:35,338 - root - INFO - Including 0 days of past history in training at a frequency of 1 days
2023-07-08 11:19:35,338 - root - INFO - Including 0 days of past history in training at a frequency of 1 days
2023-07-08 11:19:35,338 - root - INFO - Number of samples per year: 364
2023-07-08 11:19:35,338 - root - INFO - rank 13, data loader initialized
2023-07-08 11:19:35,338 - root - INFO - rank 15, data loader initialized
2023-07-08 11:19:35,338 - root - INFO - Found data at path /home/bingxing2/home/scx6115/Ocean_AI_model/sample_01/valid. Number of examples: 364. Image Shape: 720 x 1440 x 66
2023-07-08 11:19:35,338 - root - INFO - Delta t: 1 days
2023-07-08 11:19:35,338 - root - INFO - Getting file stats from /home/bingxing2/home/scx6115/Ocean_AI_model/sample_01/valid/2011.h5
2023-07-08 11:19:35,338 - root - INFO - Including 0 days of past history in training at a frequency of 1 days
2023-07-08 11:19:35,338 - root - INFO - rank 14, data loader initialized
2023-07-08 11:19:35,339 - root - INFO - Number of samples per year: 364
2023-07-08 11:19:35,339 - root - INFO - Found data at path /home/bingxing2/home/scx6115/Ocean_AI_model/sample_01/valid. Number of examples: 364. Image Shape: 720 x 1440 x 66
2023-07-08 11:19:35,339 - root - INFO - Delta t: 1 days
2023-07-08 11:19:35,339 - root - INFO - Including 0 days of past history in training at a frequency of 1 days
2023-07-08 11:19:35,339 - root - INFO - rank 12, data loader initialized
paraai-n32-h-01-agent-95:2192772:2192772 [1] NCCL INFO cudaDriverVersion 11060
paraai-n32-h-01-agent-95:2192774:2192774 [3] NCCL INFO cudaDriverVersion 11060
paraai-n32-h-01-agent-95:2192771:2192771 [0] NCCL INFO cudaDriverVersion 11060
paraai-n32-h-01-agent-95:2192773:2192773 [2] NCCL INFO cudaDriverVersion 11060
paraai-n32-h-01-agent-95:2192774:2192774 [3] NCCL INFO Bootstrap : Using eth0:172.16.4.203<0>
paraai-n32-h-01-agent-95:2192773:2192773 [2] NCCL INFO Bootstrap : Using eth0:172.16.4.203<0>
paraai-n32-h-01-agent-95:2192772:2192772 [1] NCCL INFO Bootstrap : Using eth0:172.16.4.203<0>
paraai-n32-h-01-agent-95:2192771:2192771 [0] NCCL INFO Bootstrap : Using eth0:172.16.4.203<0>
paraai-n32-h-01-agent-95:2192772:2192772 [1] NCCL INFO NET/Plugin : No plugin found (libnccl-net.so), using internal implementation
paraai-n32-h-01-agent-95:2192773:2192773 [2] NCCL INFO NET/Plugin : No plugin found (libnccl-net.so), using internal implementation
paraai-n32-h-01-agent-95:2192771:2192771 [0] NCCL INFO NET/Plugin : No plugin found (libnccl-net.so), using internal implementation
paraai-n32-h-01-agent-95:2192774:2192774 [3] NCCL INFO NET/Plugin : No plugin found (libnccl-net.so), using internal implementation
paraai-n32-h-01-agent-95:2192772:2193610 [1] NCCL INFO NET/IB : Using [0]mlx5_0:1/RoCE [1]mlx5_2:1/RoCE [RO]; OOB eth0:172.16.4.203<0>
paraai-n32-h-01-agent-95:2192772:2193610 [1] NCCL INFO Using network IB
paraai-n32-h-01-agent-95:2192771:2193613 [0] NCCL INFO NET/IB : Using [0]mlx5_0:1/RoCE [1]mlx5_2:1/RoCE [RO]; OOB eth0:172.16.4.203<0>
paraai-n32-h-01-agent-95:2192773:2193612 [2] NCCL INFO NET/IB : Using [0]mlx5_0:1/RoCE [1]mlx5_2:1/RoCE [RO]; OOB eth0:172.16.4.203<0>
paraai-n32-h-01-agent-95:2192771:2193613 [0] NCCL INFO Using network IB
paraai-n32-h-01-agent-95:2192773:2193612 [2] NCCL INFO Using network IB
paraai-n32-h-01-agent-95:2192774:2193611 [3] NCCL INFO NET/IB : Using [0]mlx5_0:1/RoCE [1]mlx5_2:1/RoCE [RO]; OOB eth0:172.16.4.203<0>
paraai-n32-h-01-agent-95:2192774:2193611 [3] NCCL INFO Using network IB
paraai-n32-h-01-agent-95:2192774:2193611 [3] NCCL INFO Setting affinity for GPU 3 to ffffffff,00000000,00000000
paraai-n32-h-01-agent-95:2192773:2193612 [2] NCCL INFO Setting affinity for GPU 2 to ffffffff,00000000,00000000
paraai-n32-h-01-agent-95:2192771:2193613 [0] NCCL INFO Setting affinity for GPU 0 to ffffffff
paraai-n32-h-01-agent-95:2192772:2193610 [1] NCCL INFO Setting affinity for GPU 1 to ffffffff
paraai-n32-h-01-agent-95:2192774:2193611 [3] NCCL INFO NCCL_MAX_NCHANNELS set by environment to 16.
paraai-n32-h-01-agent-95:2192774:2193611 [3] NCCL INFO NCCL_MIN_NCHANNELS set by environment to 16.
paraai-n32-h-01-agent-95:2192774:2193611 [3] NCCL INFO Trees [0] -1/-1/-1->15->14 [1] 12/-1/-1->15->14 [2] -1/-1/-1->15->14 [3] 12/-1/-1->15->14 [4] -1/-1/-1->15->14 [5] 12/-1/-1->15->14 [6] -1/-1/-1->15->14 [7] 12/-1/-1->15->14 [8] -1/-1/-1->15->14 [9] 12/-1/-1->15->14 [10] -1/-1/-1->15->14 [11] 12/-1/-1->15->14 [12] -1/-1/-1->15->14 [13] 12/-1/-1->15->14 [14] -1/-1/-1->15->14 [15] 12/-1/-1->15->14
paraai-n32-h-01-agent-95:2192773:2193612 [2] NCCL INFO NCCL_MAX_NCHANNELS set by environment to 16.
paraai-n32-h-01-agent-95:2192772:2193610 [1] NCCL INFO NCCL_MAX_NCHANNELS set by environment to 16.
paraai-n32-h-01-agent-95:2192771:2193613 [0] NCCL INFO NCCL_MAX_NCHANNELS set by environment to 16.
paraai-n32-h-01-agent-95:2192773:2193612 [2] NCCL INFO NCCL_MIN_NCHANNELS set by environment to 16.
paraai-n32-h-01-agent-95:2192772:2193610 [1] NCCL INFO NCCL_MIN_NCHANNELS set by environment to 16.
paraai-n32-h-01-agent-95:2192771:2193613 [0] NCCL INFO NCCL_MIN_NCHANNELS set by environment to 16.
paraai-n32-h-01-agent-95:2192773:2193612 [2] NCCL INFO Trees [0] 15/-1/-1->14->13 [1] 15/-1/-1->14->10 [2] 15/-1/-1->14->13 [3] 15/6/-1->14->-1 [4] 15/-1/-1->14->13 [5] 15/-1/-1->14->10 [6] 15/-1/-1->14->13 [7] 15/6/-1->14->-1 [8] 15/-1/-1->14->13 [9] 15/-1/-1->14->10 [10] 15/-1/-1->14->13 [11] 15/6/-1->14->-1 [12] 15/-1/-1->14->13 [13] 15/-1/-1->14->10 [14] 15/-1/-1->14->13 [15] 15/6/-1->14->-1
paraai-n32-h-01-agent-95:2192772:2193610 [1] NCCL INFO Trees [0] 14/-1/-1->13->12 [1] -1/-1/-1->13->12 [2] 14/-1/-1->13->12 [3] -1/-1/-1->13->12 [4] 14/-1/-1->13->12 [5] -1/-1/-1->13->12 [6] 14/-1/-1->13->12 [7] -1/-1/-1->13->12 [8] 14/-1/-1->13->12 [9] -1/-1/-1->13->12 [10] 14/-1/-1->13->12 [11] -1/-1/-1->13->12 [12] 14/-1/-1->13->12 [13] -1/-1/-1->13->12 [14] 14/-1/-1->13->12 [15] -1/-1/-1->13->12
paraai-n32-h-01-agent-95:2192771:2193613 [0] NCCL INFO Trees [0] 13/-1/-1->12->8 [1] 13/-1/-1->12->15 [2] 13/4/-1->12->-1 [3] 13/-1/-1->12->15 [4] 13/-1/-1->12->8 [5] 13/-1/-1->12->15 [6] 13/4/-1->12->-1 [7] 13/-1/-1->12->15 [8] 13/-1/-1->12->8 [9] 13/-1/-1->12->15 [10] 13/4/-1->12->-1 [11] 13/-1/-1->12->15 [12] 13/-1/-1->12->8 [13] 13/-1/-1->12->15 [14] 13/4/-1->12->-1 [15] 13/-1/-1->12->15
paraai-n32-h-01-agent-95:2192771:2193613 [0] NCCL INFO Channel 00/0 : 11[82000] -> 12[1000] [receive] via NET/IB/0
paraai-n32-h-01-agent-95:2192772:2193610 [1] NCCL INFO Channel 00 : 13[2000] -> 14[81000] via SHM/direct/direct
paraai-n32-h-01-agent-95:2192772:2193610 [1] NCCL INFO Channel 02 : 13[2000] -> 14[81000] via SHM/direct/direct
paraai-n32-h-01-agent-95:2192772:2193610 [1] NCCL INFO Channel 04 : 13[2000] -> 14[81000] via SHM/direct/direct
paraai-n32-h-01-agent-95:2192772:2193610 [1] NCCL INFO Channel 06 : 13[2000] -> 14[81000] via SHM/direct/direct
paraai-n32-h-01-agent-95:2192772:2193610 [1] NCCL INFO Channel 08 : 13[2000] -> 14[81000] via SHM/direct/direct
paraai-n32-h-01-agent-95:2192772:2193610 [1] NCCL INFO Channel 10 : 13[2000] -> 14[81000] via SHM/direct/direct
paraai-n32-h-01-agent-95:2192773:2193612 [2] NCCL INFO Channel 00 : 14[81000] -> 15[82000] via SHM/direct/direct
paraai-n32-h-01-agent-95:2192772:2193610 [1] NCCL INFO Channel 12 : 13[2000] -> 14[81000] via SHM/direct/direct
paraai-n32-h-01-agent-95:2192773:2193612 [2] NCCL INFO Channel 01 : 14[81000] -> 15[82000] via SHM/direct/direct
paraai-n32-h-01-agent-95:2192772:2193610 [1] NCCL INFO Channel 14 : 13[2000] -> 14[81000] via SHM/direct/direct
paraai-n32-h-01-agent-95:2192773:2193612 [2] NCCL INFO Channel 02 : 14[81000] -> 15[82000] via SHM/direct/direct
paraai-n32-h-01-agent-95:2192773:2193612 [2] NCCL INFO Channel 03 : 14[81000] -> 15[82000] via SHM/direct/direct
paraai-n32-h-01-agent-95:2192773:2193612 [2] NCCL INFO Channel 04 : 14[81000] -> 15[82000] via SHM/direct/direct
paraai-n32-h-01-agent-95:2192773:2193612 [2] NCCL INFO Channel 05 : 14[81000] -> 15[82000] via SHM/direct/direct
paraai-n32-h-01-agent-95:2192773:2193612 [2] NCCL INFO Channel 06 : 14[81000] -> 15[82000] via SHM/direct/direct
paraai-n32-h-01-agent-95:2192773:2193612 [2] NCCL INFO Channel 07 : 14[81000] -> 15[82000] via SHM/direct/direct
paraai-n32-h-01-agent-95:2192773:2193612 [2] NCCL INFO Channel 08 : 14[81000] -> 15[82000] via SHM/direct/direct
paraai-n32-h-01-agent-95:2192773:2193612 [2] NCCL INFO Channel 09 : 14[81000] -> 15[82000] via SHM/direct/direct
paraai-n32-h-01-agent-95:2192773:2193612 [2] NCCL INFO Channel 10 : 14[81000] -> 15[82000] via SHM/direct/direct
paraai-n32-h-01-agent-95:2192773:2193612 [2] NCCL INFO Channel 11 : 14[81000] -> 15[82000] via SHM/direct/direct
paraai-n32-h-01-agent-95:2192773:2193612 [2] NCCL INFO Channel 12 : 14[81000] -> 15[82000] via SHM/direct/direct
paraai-n32-h-01-agent-95:2192773:2193612 [2] NCCL INFO Channel 13 : 14[81000] -> 15[82000] via SHM/direct/direct
paraai-n32-h-01-agent-95:2192773:2193612 [2] NCCL INFO Channel 14 : 14[81000] -> 15[82000] via SHM/direct/direct
paraai-n32-h-01-agent-95:2192773:2193612 [2] NCCL INFO Channel 15 : 14[81000] -> 15[82000] via SHM/direct/direct
paraai-n32-h-01-agent-95:2192774:2193611 [3] NCCL INFO Channel 00/0 : 15[82000] -> 0[1000] [send] via NET/IB/1
paraai-n32-h-01-agent-95:2192771:2193613 [0] NCCL INFO Channel 02/0 : 11[82000] -> 12[1000] [receive] via NET/IB/0
paraai-n32-h-01-agent-95:2192774:2193611 [3] NCCL INFO Channel 02/0 : 15[82000] -> 0[1000] [send] via NET/IB/1
paraai-n32-h-01-agent-95:2192771:2193613 [0] NCCL INFO Channel 04/0 : 11[82000] -> 12[1000] [receive] via NET/IB/0
paraai-n32-h-01-agent-95:2192774:2193611 [3] NCCL INFO Channel 04/0 : 15[82000] -> 0[1000] [send] via NET/IB/1
paraai-n32-h-01-agent-95:2192771:2193613 [0] NCCL INFO Channel 06/0 : 11[82000] -> 12[1000] [receive] via NET/IB/0
paraai-n32-h-01-agent-95:2192774:2193611 [3] NCCL INFO Channel 06/0 : 15[82000] -> 0[1000] [send] via NET/IB/1
paraai-n32-h-01-agent-95:2192774:2193611 [3] NCCL INFO Channel 08/0 : 15[82000] -> 0[1000] [send] via NET/IB/1
paraai-n32-h-01-agent-95:2192774:2193611 [3] NCCL INFO Channel 10/0 : 15[82000] -> 0[1000] [send] via NET/IB/1
paraai-n32-h-01-agent-95:2192771:2193613 [0] NCCL INFO Channel 08/0 : 11[82000] -> 12[1000] [receive] via NET/IB/0
paraai-n32-h-01-agent-95:2192774:2193611 [3] NCCL INFO Channel 12/0 : 15[82000] -> 0[1000] [send] via NET/IB/1
paraai-n32-h-01-agent-95:2192771:2193613 [0] NCCL INFO Channel 10/0 : 11[82000] -> 12[1000] [receive] via NET/IB/0
paraai-n32-h-01-agent-95:2192774:2193611 [3] NCCL INFO Channel 14/0 : 15[82000] -> 0[1000] [send] via NET/IB/1
paraai-n32-h-01-agent-95:2192774:2193665 [3] NCCL INFO NCCL_IB_GID_INDEX set by environment to 3.
paraai-n32-h-01-agent-95:2192773:2193612 [2] NCCL INFO Channel 01/0 : 8[1000] -> 14[81000] [receive] via NET/IB/1
paraai-n32-h-01-agent-95:2192771:2193613 [0] NCCL INFO Channel 12/0 : 11[82000] -> 12[1000] [receive] via NET/IB/0
paraai-n32-h-01-agent-95:2192773:2193612 [2] NCCL INFO Channel 03/0 : 8[1000] -> 14[81000] [receive] via NET/IB/1
paraai-n32-h-01-agent-95:2192771:2193613 [0] NCCL INFO Channel 14/0 : 11[82000] -> 12[1000] [receive] via NET/IB/0
paraai-n32-h-01-agent-95:2192771:2193613 [0] NCCL INFO Channel 00 : 12[1000] -> 13[2000] via SHM/direct/direct
paraai-n32-h-01-agent-95:2192771:2193613 [0] NCCL INFO Channel 02 : 12[1000] -> 13[2000] via SHM/direct/direct
paraai-n32-h-01-agent-95:2192771:2193613 [0] NCCL INFO Channel 04 : 12[1000] -> 13[2000] via SHM/direct/direct
paraai-n32-h-01-agent-95:2192771:2193613 [0] NCCL INFO Channel 06 : 12[1000] -> 13[2000] via SHM/direct/direct
paraai-n32-h-01-agent-95:2192771:2193613 [0] NCCL INFO Channel 08 : 12[1000] -> 13[2000] via SHM/direct/direct
paraai-n32-h-01-agent-95:2192771:2193613 [0] NCCL INFO Channel 10 : 12[1000] -> 13[2000] via SHM/direct/direct
paraai-n32-h-01-agent-95:2192771:2193613 [0] NCCL INFO Channel 12 : 12[1000] -> 13[2000] via SHM/direct/direct
paraai-n32-h-01-agent-95:2192771:2193613 [0] NCCL INFO Channel 14 : 12[1000] -> 13[2000] via SHM/direct/direct
paraai-n32-h-01-agent-95:2192771:2193666 [0] NCCL INFO NCCL_IB_GID_INDEX set by environment to 3.
paraai-n32-h-01-agent-95:2192773:2193612 [2] NCCL INFO Channel 05/0 : 8[1000] -> 14[81000] [receive] via NET/IB/1
paraai-n32-h-01-agent-95:2192774:2193611 [3] NCCL INFO Channel 01 : 15[82000] -> 13[2000] via SHM/direct/direct
paraai-n32-h-01-agent-95:2192774:2193611 [3] NCCL INFO Channel 03 : 15[82000] -> 13[2000] via SHM/direct/direct
paraai-n32-h-01-agent-95:2192774:2193611 [3] NCCL INFO Channel 05 : 15[82000] -> 13[2000] via SHM/direct/direct
paraai-n32-h-01-agent-95:2192774:2193611 [3] NCCL INFO Channel 07 : 15[82000] -> 13[2000] via SHM/direct/direct
paraai-n32-h-01-agent-95:2192774:2193611 [3] NCCL INFO Channel 09 : 15[82000] -> 13[2000] via SHM/direct/direct
paraai-n32-h-01-agent-95:2192774:2193611 [3] NCCL INFO Channel 11 : 15[82000] -> 13[2000] via SHM/direct/direct
paraai-n32-h-01-agent-95:2192774:2193611 [3] NCCL INFO Channel 13 : 15[82000] -> 13[2000] via SHM/direct/direct
paraai-n32-h-01-agent-95:2192774:2193611 [3] NCCL INFO Channel 15 : 15[82000] -> 13[2000] via SHM/direct/direct
paraai-n32-h-01-agent-95:2192772:2193610 [1] NCCL INFO Channel 01 : 13[2000] -> 12[1000] via SHM/direct/direct
paraai-n32-h-01-agent-95:2192772:2193610 [1] NCCL INFO Channel 03 : 13[2000] -> 12[1000] via SHM/direct/direct
paraai-n32-h-01-agent-95:2192772:2193610 [1] NCCL INFO Channel 05 : 13[2000] -> 12[1000] via SHM/direct/direct
paraai-n32-h-01-agent-95:2192772:2193610 [1] NCCL INFO Channel 07 : 13[2000] -> 12[1000] via SHM/direct/direct
paraai-n32-h-01-agent-95:2192772:2193610 [1] NCCL INFO Channel 09 : 13[2000] -> 12[1000] via SHM/direct/direct
paraai-n32-h-01-agent-95:2192772:2193610 [1] NCCL INFO Channel 11 : 13[2000] -> 12[1000] via SHM/direct/direct
paraai-n32-h-01-agent-95:2192772:2193610 [1] NCCL INFO Channel 13 : 13[2000] -> 12[1000] via SHM/direct/direct
paraai-n32-h-01-agent-95:2192772:2193610 [1] NCCL INFO Channel 15 : 13[2000] -> 12[1000] via SHM/direct/direct
paraai-n32-h-01-agent-95:2192774:2193611 [3] NCCL INFO Connected all rings
paraai-n32-h-01-agent-95:2192773:2193612 [2] NCCL INFO Channel 07/0 : 8[1000] -> 14[81000] [receive] via NET/IB/1
paraai-n32-h-01-agent-95:2192771:2193613 [0] NCCL INFO Channel 01/0 : 12[1000] -> 2[81000] [send] via NET/IB/0
paraai-n32-h-01-agent-95:2192773:2193612 [2] NCCL INFO Channel 09/0 : 8[1000] -> 14[81000] [receive] via NET/IB/1
paraai-n32-h-01-agent-95:2192771:2193613 [0] NCCL INFO Channel 03/0 : 12[1000] -> 2[81000] [send] via NET/IB/0
paraai-n32-h-01-agent-95:2192773:2193612 [2] NCCL INFO Channel 11/0 : 8[1000] -> 14[81000] [receive] via NET/IB/1
paraai-n32-h-01-agent-95:2192771:2193613 [0] NCCL INFO Channel 05/0 : 12[1000] -> 2[81000] [send] via NET/IB/0
paraai-n32-h-01-agent-95:2192773:2193612 [2] NCCL INFO Channel 13/0 : 8[1000] -> 14[81000] [receive] via NET/IB/1
paraai-n32-h-01-agent-95:2192771:2193613 [0] NCCL INFO Channel 07/0 : 12[1000] -> 2[81000] [send] via NET/IB/0
paraai-n32-h-01-agent-95:2192773:2193612 [2] NCCL INFO Channel 15/0 : 8[1000] -> 14[81000] [receive] via NET/IB/1
paraai-n32-h-01-agent-95:2192771:2193613 [0] NCCL INFO Channel 09/0 : 12[1000] -> 2[81000] [send] via NET/IB/0
paraai-n32-h-01-agent-95:2192771:2193613 [0] NCCL INFO Channel 11/0 : 12[1000] -> 2[81000] [send] via NET/IB/0
paraai-n32-h-01-agent-95:2192773:2193667 [2] NCCL INFO NCCL_IB_GID_INDEX set by environment to 3.
paraai-n32-h-01-agent-95:2192771:2193613 [0] NCCL INFO Channel 13/0 : 12[1000] -> 2[81000] [send] via NET/IB/0
paraai-n32-h-01-agent-95:2192773:2193612 [2] NCCL INFO Connected all rings
paraai-n32-h-01-agent-95:2192771:2193613 [0] NCCL INFO Channel 15/0 : 12[1000] -> 2[81000] [send] via NET/IB/0
paraai-n32-h-01-agent-95:2192773:2193612 [2] NCCL INFO Channel 01/0 : 10[81000] -> 14[81000] [receive] via NET/IB/1
paraai-n32-h-01-agent-95:2192771:2193613 [0] NCCL INFO Connected all rings
paraai-n32-h-01-agent-95:2192771:2193613 [0] NCCL INFO Channel 01 : 12[1000] -> 13[2000] via SHM/direct/direct
paraai-n32-h-01-agent-95:2192771:2193613 [0] NCCL INFO Channel 03 : 12[1000] -> 13[2000] via SHM/direct/direct
paraai-n32-h-01-agent-95:2192771:2193613 [0] NCCL INFO Channel 05 : 12[1000] -> 13[2000] via SHM/direct/direct
paraai-n32-h-01-agent-95:2192771:2193613 [0] NCCL INFO Channel 07 : 12[1000] -> 13[2000] via SHM/direct/direct
paraai-n32-h-01-agent-95:2192771:2193613 [0] NCCL INFO Channel 09 : 12[1000] -> 13[2000] via SHM/direct/direct
paraai-n32-h-01-agent-95:2192771:2193613 [0] NCCL INFO Channel 11 : 12[1000] -> 13[2000] via SHM/direct/direct
paraai-n32-h-01-agent-95:2192771:2193613 [0] NCCL INFO Channel 13 : 12[1000] -> 13[2000] via SHM/direct/direct
paraai-n32-h-01-agent-95:2192771:2193613 [0] NCCL INFO Channel 15 : 12[1000] -> 13[2000] via SHM/direct/direct
paraai-n32-h-01-agent-95:2192772:2193610 [1] NCCL INFO Connected all rings
paraai-n32-h-01-agent-95:2192771:2193613 [0] NCCL INFO Channel 01 : 12[1000] -> 15[82000] via SHM/direct/direct
paraai-n32-h-01-agent-95:2192771:2193613 [0] NCCL INFO Channel 03 : 12[1000] -> 15[82000] via SHM/direct/direct
paraai-n32-h-01-agent-95:2192771:2193613 [0] NCCL INFO Channel 05 : 12[1000] -> 15[82000] via SHM/direct/direct
paraai-n32-h-01-agent-95:2192771:2193613 [0] NCCL INFO Channel 07 : 12[1000] -> 15[82000] via SHM/direct/direct
paraai-n32-h-01-agent-95:2192771:2193613 [0] NCCL INFO Channel 09 : 12[1000] -> 15[82000] via SHM/direct/direct
paraai-n32-h-01-agent-95:2192771:2193613 [0] NCCL INFO Channel 11 : 12[1000] -> 15[82000] via SHM/direct/direct
paraai-n32-h-01-agent-95:2192771:2193613 [0] NCCL INFO Channel 13 : 12[1000] -> 15[82000] via SHM/direct/direct
paraai-n32-h-01-agent-95:2192771:2193613 [0] NCCL INFO Channel 15 : 12[1000] -> 15[82000] via SHM/direct/direct
paraai-n32-h-01-agent-95:2192774:2193611 [3] NCCL INFO Channel 01 : 15[82000] -> 12[1000] via SHM/direct/direct
paraai-n32-h-01-agent-95:2192774:2193611 [3] NCCL INFO Channel 03 : 15[82000] -> 12[1000] via SHM/direct/direct
paraai-n32-h-01-agent-95:2192774:2193611 [3] NCCL INFO Channel 05 : 15[82000] -> 12[1000] via SHM/direct/direct
paraai-n32-h-01-agent-95:2192774:2193611 [3] NCCL INFO Channel 07 : 15[82000] -> 12[1000] via SHM/direct/direct
paraai-n32-h-01-agent-95:2192774:2193611 [3] NCCL INFO Channel 09 : 15[82000] -> 12[1000] via SHM/direct/direct
paraai-n32-h-01-agent-95:2192774:2193611 [3] NCCL INFO Channel 11 : 15[82000] -> 12[1000] via SHM/direct/direct
paraai-n32-h-01-agent-95:2192774:2193611 [3] NCCL INFO Channel 13 : 15[82000] -> 12[1000] via SHM/direct/direct
paraai-n32-h-01-agent-95:2192774:2193611 [3] NCCL INFO Channel 15 : 15[82000] -> 12[1000] via SHM/direct/direct
paraai-n32-h-01-agent-95:2192772:2193610 [1] NCCL INFO Channel 00 : 13[2000] -> 12[1000] via SHM/direct/direct
paraai-n32-h-01-agent-95:2192772:2193610 [1] NCCL INFO Channel 02 : 13[2000] -> 12[1000] via SHM/direct/direct
paraai-n32-h-01-agent-95:2192772:2193610 [1] NCCL INFO Channel 04 : 13[2000] -> 12[1000] via SHM/direct/direct
paraai-n32-h-01-agent-95:2192772:2193610 [1] NCCL INFO Channel 06 : 13[2000] -> 12[1000] via SHM/direct/direct
paraai-n32-h-01-agent-95:2192772:2193610 [1] NCCL INFO Channel 08 : 13[2000] -> 12[1000] via SHM/direct/direct
paraai-n32-h-01-agent-95:2192772:2193610 [1] NCCL INFO Channel 10 : 13[2000] -> 12[1000] via SHM/direct/direct
paraai-n32-h-01-agent-95:2192772:2193610 [1] NCCL INFO Channel 12 : 13[2000] -> 12[1000] via SHM/direct/direct
paraai-n32-h-01-agent-95:2192772:2193610 [1] NCCL INFO Channel 14 : 13[2000] -> 12[1000] via SHM/direct/direct
paraai-n32-h-01-agent-95:2192773:2193612 [2] NCCL INFO Channel 05/0 : 10[81000] -> 14[81000] [receive] via NET/IB/1
paraai-n32-h-01-agent-95:2192771:2193613 [0] NCCL INFO Channel 00/0 : 8[1000] -> 12[1000] [receive] via NET/IB/0
paraai-n32-h-01-agent-95:2192773:2193612 [2] NCCL INFO Channel 09/0 : 10[81000] -> 14[81000] [receive] via NET/IB/1
paraai-n32-h-01-agent-95:2192771:2193613 [0] NCCL INFO Channel 04/0 : 8[1000] -> 12[1000] [receive] via NET/IB/0
paraai-n32-h-01-agent-95:2192773:2193612 [2] NCCL INFO Channel 13/0 : 10[81000] -> 14[81000] [receive] via NET/IB/1
paraai-n32-h-01-agent-95:2192771:2193613 [0] NCCL INFO Channel 08/0 : 8[1000] -> 12[1000] [receive] via NET/IB/0
paraai-n32-h-01-agent-95:2192771:2193613 [0] NCCL INFO Channel 12/0 : 8[1000] -> 12[1000] [receive] via NET/IB/0
paraai-n32-h-01-agent-95:2192771:2193613 [0] NCCL INFO Channel 02/0 : 4[1000] -> 12[1000] [receive] via NET/IB/0
paraai-n32-h-01-agent-95:2192773:2193612 [2] NCCL INFO Channel 03/0 : 6[81000] -> 14[81000] [receive] via NET/IB/1
paraai-n32-h-01-agent-95:2192771:2193613 [0] NCCL INFO Channel 06/0 : 4[1000] -> 12[1000] [receive] via NET/IB/0
paraai-n32-h-01-agent-95:2192773:2193612 [2] NCCL INFO Channel 07/0 : 6[81000] -> 14[81000] [receive] via NET/IB/1
paraai-n32-h-01-agent-95:2192771:2193613 [0] NCCL INFO Channel 10/0 : 4[1000] -> 12[1000] [receive] via NET/IB/0
paraai-n32-h-01-agent-95:2192773:2193612 [2] NCCL INFO Channel 11/0 : 6[81000] -> 14[81000] [receive] via NET/IB/1
paraai-n32-h-01-agent-95:2192771:2193613 [0] NCCL INFO Channel 14/0 : 4[1000] -> 12[1000] [receive] via NET/IB/0
paraai-n32-h-01-agent-95:2192773:2193612 [2] NCCL INFO Channel 15/0 : 6[81000] -> 14[81000] [receive] via NET/IB/1
paraai-n32-h-01-agent-95:2192771:2193613 [0] NCCL INFO Channel 02/0 : 12[1000] -> 4[1000] [send] via NET/IB/0
paraai-n32-h-01-agent-95:2192773:2193612 [2] NCCL INFO Channel 03/0 : 14[81000] -> 6[81000] [send] via NET/IB/1
paraai-n32-h-01-agent-95:2192771:2193613 [0] NCCL INFO Channel 06/0 : 12[1000] -> 4[1000] [send] via NET/IB/0
paraai-n32-h-01-agent-95:2192773:2193612 [2] NCCL INFO Channel 07/0 : 14[81000] -> 6[81000] [send] via NET/IB/1
paraai-n32-h-01-agent-95:2192771:2193613 [0] NCCL INFO Channel 10/0 : 12[1000] -> 4[1000] [send] via NET/IB/0
paraai-n32-h-01-agent-95:2192773:2193612 [2] NCCL INFO Channel 11/0 : 14[81000] -> 6[81000] [send] via NET/IB/1
paraai-n32-h-01-agent-95:2192773:2193612 [2] NCCL INFO Channel 15/0 : 14[81000] -> 6[81000] [send] via NET/IB/1
paraai-n32-h-01-agent-95:2192771:2193613 [0] NCCL INFO Channel 14/0 : 12[1000] -> 4[1000] [send] via NET/IB/0
paraai-n32-h-01-agent-95:2192773:2193612 [2] NCCL INFO Channel 01/0 : 14[81000] -> 10[81000] [send] via NET/IB/1
paraai-n32-h-01-agent-95:2192773:2193612 [2] NCCL INFO Channel 05/0 : 14[81000] -> 10[81000] [send] via NET/IB/1
paraai-n32-h-01-agent-95:2192771:2193613 [0] NCCL INFO Channel 00/0 : 12[1000] -> 8[1000] [send] via NET/IB/0
paraai-n32-h-01-agent-95:2192773:2193612 [2] NCCL INFO Channel 09/0 : 14[81000] -> 10[81000] [send] via NET/IB/1
paraai-n32-h-01-agent-95:2192771:2193613 [0] NCCL INFO Channel 04/0 : 12[1000] -> 8[1000] [send] via NET/IB/0
paraai-n32-h-01-agent-95:2192771:2193613 [0] NCCL INFO Channel 08/0 : 12[1000] -> 8[1000] [send] via NET/IB/0
paraai-n32-h-01-agent-95:2192773:2193612 [2] NCCL INFO Channel 13/0 : 14[81000] -> 10[81000] [send] via NET/IB/1
paraai-n32-h-01-agent-95:2192771:2193613 [0] NCCL INFO Channel 12/0 : 12[1000] -> 8[1000] [send] via NET/IB/0
paraai-n32-h-01-agent-95:2192774:2193611 [3] NCCL INFO Channel 00 : 15[82000] -> 14[81000] via SHM/direct/direct
paraai-n32-h-01-agent-95:2192774:2193611 [3] NCCL INFO Channel 01 : 15[82000] -> 14[81000] via SHM/direct/direct
paraai-n32-h-01-agent-95:2192774:2193611 [3] NCCL INFO Channel 02 : 15[82000] -> 14[81000] via SHM/direct/direct
paraai-n32-h-01-agent-95:2192774:2193611 [3] NCCL INFO Channel 03 : 15[82000] -> 14[81000] via SHM/direct/direct
paraai-n32-h-01-agent-95:2192774:2193611 [3] NCCL INFO Channel 04 : 15[82000] -> 14[81000] via SHM/direct/direct
paraai-n32-h-01-agent-95:2192774:2193611 [3] NCCL INFO Channel 05 : 15[82000] -> 14[81000] via SHM/direct/direct
paraai-n32-h-01-agent-95:2192774:2193611 [3] NCCL INFO Channel 06 : 15[82000] -> 14[81000] via SHM/direct/direct
paraai-n32-h-01-agent-95:2192774:2193611 [3] NCCL INFO Channel 07 : 15[82000] -> 14[81000] via SHM/direct/direct
paraai-n32-h-01-agent-95:2192774:2193611 [3] NCCL INFO Channel 08 : 15[82000] -> 14[81000] via SHM/direct/direct
paraai-n32-h-01-agent-95:2192774:2193611 [3] NCCL INFO Channel 09 : 15[82000] -> 14[81000] via SHM/direct/direct
paraai-n32-h-01-agent-95:2192774:2193611 [3] NCCL INFO Channel 10 : 15[82000] -> 14[81000] via SHM/direct/direct
paraai-n32-h-01-agent-95:2192774:2193611 [3] NCCL INFO Channel 11 : 15[82000] -> 14[81000] via SHM/direct/direct
paraai-n32-h-01-agent-95:2192774:2193611 [3] NCCL INFO Channel 12 : 15[82000] -> 14[81000] via SHM/direct/direct
paraai-n32-h-01-agent-95:2192774:2193611 [3] NCCL INFO Channel 13 : 15[82000] -> 14[81000] via SHM/direct/direct
paraai-n32-h-01-agent-95:2192774:2193611 [3] NCCL INFO Channel 14 : 15[82000] -> 14[81000] via SHM/direct/direct
paraai-n32-h-01-agent-95:2192774:2193611 [3] NCCL INFO Channel 15 : 15[82000] -> 14[81000] via SHM/direct/direct
paraai-n32-h-01-agent-95:2192771:2193613 [0] NCCL INFO Connected all trees
paraai-n32-h-01-agent-95:2192771:2193613 [0] NCCL INFO threadThresholds 8/8/64 | 128/8/64 | 512 | 512
paraai-n32-h-01-agent-95:2192771:2193613 [0] NCCL INFO 16 coll channels, 16 p2p channels, 2 p2p channels per peer
paraai-n32-h-01-agent-95:2192773:2193612 [2] NCCL INFO Channel 00 : 14[81000] -> 13[2000] via SHM/direct/direct
paraai-n32-h-01-agent-95:2192773:2193612 [2] NCCL INFO Channel 02 : 14[81000] -> 13[2000] via SHM/direct/direct
paraai-n32-h-01-agent-95:2192773:2193612 [2] NCCL INFO Channel 04 : 14[81000] -> 13[2000] via SHM/direct/direct
paraai-n32-h-01-agent-95:2192773:2193612 [2] NCCL INFO Channel 06 : 14[81000] -> 13[2000] via SHM/direct/direct
paraai-n32-h-01-agent-95:2192773:2193612 [2] NCCL INFO Channel 08 : 14[81000] -> 13[2000] via SHM/direct/direct
paraai-n32-h-01-agent-95:2192773:2193612 [2] NCCL INFO Channel 10 : 14[81000] -> 13[2000] via SHM/direct/direct
paraai-n32-h-01-agent-95:2192773:2193612 [2] NCCL INFO Channel 12 : 14[81000] -> 13[2000] via SHM/direct/direct
paraai-n32-h-01-agent-95:2192773:2193612 [2] NCCL INFO Channel 14 : 14[81000] -> 13[2000] via SHM/direct/direct
paraai-n32-h-01-agent-95:2192772:2193610 [1] NCCL INFO Connected all trees
paraai-n32-h-01-agent-95:2192772:2193610 [1] NCCL INFO threadThresholds 8/8/64 | 128/8/64 | 512 | 512
paraai-n32-h-01-agent-95:2192772:2193610 [1] NCCL INFO 16 coll channels, 16 p2p channels, 2 p2p channels per peer
paraai-n32-h-01-agent-95:2192773:2193612 [2] NCCL INFO Connected all trees
paraai-n32-h-01-agent-95:2192773:2193612 [2] NCCL INFO threadThresholds 8/8/64 | 128/8/64 | 512 | 512
paraai-n32-h-01-agent-95:2192773:2193612 [2] NCCL INFO 16 coll channels, 16 p2p channels, 2 p2p channels per peer
paraai-n32-h-01-agent-95:2192774:2193611 [3] NCCL INFO Connected all trees
paraai-n32-h-01-agent-95:2192774:2193611 [3] NCCL INFO threadThresholds 8/8/64 | 128/8/64 | 512 | 512
paraai-n32-h-01-agent-95:2192774:2193611 [3] NCCL INFO 16 coll channels, 16 p2p channels, 2 p2p channels per peer
paraai-n32-h-01-agent-95:2192774:2193611 [3] NCCL INFO comm 0x44003700 rank 15 nranks 16 cudaDev 3 busId 82000 - Init COMPLETE
paraai-n32-h-01-agent-95:2192773:2193612 [2] NCCL INFO comm 0x6bcbfe50 rank 14 nranks 16 cudaDev 2 busId 81000 - Init COMPLETE
paraai-n32-h-01-agent-95:2192772:2193610 [1] NCCL INFO comm 0x5d661890 rank 13 nranks 16 cudaDev 1 busId 2000 - Init COMPLETE
paraai-n32-h-01-agent-95:2192771:2193613 [0] NCCL INFO comm 0x40228180 rank 12 nranks 16 cudaDev 0 busId 1000 - Init COMPLETE
2023-07-08 11:33:18,948 - root - INFO - validating...
2023-07-08 11:33:18,949 - root - INFO - validating...
2023-07-08 11:33:18,949 - root - INFO - validating...
2023-07-08 11:33:18,951 - root - INFO - validating...
2023-07-08 11:47:40,656 - root - INFO - validating...
2023-07-08 11:47:40,657 - root - INFO - validating...
2023-07-08 11:47:40,657 - root - INFO - validating...
2023-07-08 11:47:40,659 - root - INFO - validating...
2023-07-08 12:02:04,817 - root - INFO - validating...
2023-07-08 12:02:04,817 - root - INFO - validating...
2023-07-08 12:02:04,818 - root - INFO - validating...
2023-07-08 12:02:04,820 - root - INFO - validating...
2023-07-08 12:16:28,194 - root - INFO - validating...
2023-07-08 12:16:28,194 - root - INFO - validating...
2023-07-08 12:16:28,196 - root - INFO - validating...
2023-07-08 12:16:28,198 - root - INFO - validating...
2023-07-08 12:30:51,982 - root - INFO - validating...
2023-07-08 12:30:51,982 - root - INFO - validating...
2023-07-08 12:30:51,982 - root - INFO - validating...
2023-07-08 12:30:51,982 - root - INFO - validating...
2023-07-08 12:45:22,348 - root - INFO - validating...
2023-07-08 12:45:22,348 - root - INFO - validating...
2023-07-08 12:45:22,348 - root - INFO - validating...
2023-07-08 12:45:22,349 - root - INFO - validating...
2023-07-08 12:59:50,229 - root - INFO - validating...
2023-07-08 12:59:50,230 - root - INFO - validating...
2023-07-08 12:59:50,230 - root - INFO - validating...
2023-07-08 12:59:50,231 - root - INFO - validating...
2023-07-08 13:14:13,237 - root - INFO - validating...
2023-07-08 13:14:13,237 - root - INFO - validating...
2023-07-08 13:14:13,237 - root - INFO - validating...
2023-07-08 13:14:13,237 - root - INFO - validating...
2023-07-08 13:28:31,956 - root - INFO - validating...
2023-07-08 13:28:31,956 - root - INFO - validating...
2023-07-08 13:28:31,956 - root - INFO - validating...
2023-07-08 13:28:31,959 - root - INFO - validating...
2023-07-08 13:42:56,860 - root - INFO - validating...
2023-07-08 13:42:56,860 - root - INFO - validating...
2023-07-08 13:42:56,861 - root - INFO - validating...
2023-07-08 13:42:56,863 - root - INFO - validating...
2023-07-08 13:57:20,992 - root - INFO - validating...
2023-07-08 13:57:20,993 - root - INFO - validating...
2023-07-08 13:57:20,993 - root - INFO - validating...
2023-07-08 13:57:20,993 - root - INFO - validating...
2023-07-08 14:11:40,200 - root - INFO - validating...
2023-07-08 14:11:40,200 - root - INFO - validating...
2023-07-08 14:11:40,201 - root - INFO - validating...
2023-07-08 14:11:40,201 - root - INFO - validating...
2023-07-08 14:26:04,408 - root - INFO - validating...
2023-07-08 14:26:04,408 - root - INFO - validating...
2023-07-08 14:26:04,408 - root - INFO - validating...
2023-07-08 14:26:04,408 - root - INFO - validating...
2023-07-08 14:40:28,231 - root - INFO - validating...
2023-07-08 14:40:28,231 - root - INFO - validating...
2023-07-08 14:40:28,231 - root - INFO - validating...
2023-07-08 14:40:28,232 - root - INFO - validating...
2023-07-08 14:54:53,340 - root - INFO - validating...
2023-07-08 14:54:53,340 - root - INFO - validating...
2023-07-08 14:54:53,340 - root - INFO - validating...
2023-07-08 14:54:53,343 - root - INFO - validating...
2023-07-08 15:09:23,641 - root - INFO - validating...
2023-07-08 15:09:23,641 - root - INFO - validating...
2023-07-08 15:09:23,642 - root - INFO - validating...
2023-07-08 15:09:23,645 - root - INFO - validating...
2023-07-08 15:23:55,048 - root - INFO - validating...
2023-07-08 15:23:55,047 - root - INFO - validating...
2023-07-08 15:23:55,050 - root - INFO - validating...
2023-07-08 15:23:55,051 - root - INFO - validating...
2023-07-08 15:38:23,584 - root - INFO - validating...
2023-07-08 15:38:23,584 - root - INFO - validating...
2023-07-08 15:38:23,585 - root - INFO - validating...
2023-07-08 15:38:23,585 - root - INFO - validating...
2023-07-08 15:52:48,014 - root - INFO - validating...
2023-07-08 15:52:48,015 - root - INFO - validating...
2023-07-08 15:52:48,015 - root - INFO - validating...
2023-07-08 15:52:48,016 - root - INFO - validating...
2023-07-08 16:07:07,640 - root - INFO - validating...
2023-07-08 16:07:07,641 - root - INFO - validating...
2023-07-08 16:07:07,641 - root - INFO - validating...
2023-07-08 16:07:07,642 - root - INFO - validating...
2023-07-08 16:21:30,395 - root - INFO - validating...
2023-07-08 16:21:30,395 - root - INFO - validating...
2023-07-08 16:21:30,395 - root - INFO - validating...
2023-07-08 16:21:30,397 - root - INFO - validating...
2023-07-08 16:35:51,311 - root - INFO - validating...
2023-07-08 16:35:51,311 - root - INFO - validating...
2023-07-08 16:35:51,311 - root - INFO - validating...
2023-07-08 16:35:51,311 - root - INFO - validating...
2023-07-08 16:50:15,510 - root - INFO - validating...
2023-07-08 16:50:15,511 - root - INFO - validating...
2023-07-08 16:50:15,511 - root - INFO - validating...
2023-07-08 16:50:15,513 - root - INFO - validating...
2023-07-08 17:04:43,630 - root - INFO - validating...
2023-07-08 17:04:43,630 - root - INFO - validating...
2023-07-08 17:04:43,633 - root - INFO - validating...
2023-07-08 17:04:43,633 - root - INFO - validating...
2023-07-08 17:19:12,199 - root - INFO - validating...
2023-07-08 17:19:12,199 - root - INFO - validating...
2023-07-08 17:19:12,199 - root - INFO - validating...
2023-07-08 17:19:12,202 - root - INFO - validating...
2023-07-08 17:33:38,834 - root - INFO - validating...
2023-07-08 17:33:38,835 - root - INFO - validating...
2023-07-08 17:33:38,835 - root - INFO - validating...
2023-07-08 17:33:38,836 - root - INFO - validating...
2023-07-08 17:47:59,631 - root - INFO - validating...
2023-07-08 17:47:59,631 - root - INFO - validating...
2023-07-08 17:47:59,633 - root - INFO - validating...
2023-07-08 17:47:59,633 - root - INFO - validating...
2023-07-08 18:02:20,962 - root - INFO - validating...
2023-07-08 18:02:20,962 - root - INFO - validating...
2023-07-08 18:02:20,963 - root - INFO - validating...
2023-07-08 18:02:20,963 - root - INFO - validating...
2023-07-08 18:16:46,258 - root - INFO - validating...
2023-07-08 18:16:46,258 - root - INFO - validating...
2023-07-08 18:16:46,259 - root - INFO - validating...
2023-07-08 18:16:46,259 - root - INFO - validating...
2023-07-08 18:31:17,030 - root - INFO - validating...
2023-07-08 18:31:17,030 - root - INFO - validating...
2023-07-08 18:31:17,030 - root - INFO - validating...
2023-07-08 18:31:17,032 - root - INFO - validating...
2023-07-08 18:45:40,570 - root - INFO - validating...
2023-07-08 18:45:40,571 - root - INFO - validating...
2023-07-08 18:45:40,571 - root - INFO - validating...
2023-07-08 18:45:40,574 - root - INFO - validating...
2023-07-08 19:00:03,356 - root - INFO - validating...
2023-07-08 19:00:03,356 - root - INFO - validating...
2023-07-08 19:00:03,357 - root - INFO - validating...
2023-07-08 19:00:03,360 - root - INFO - validating...
2023-07-08 19:14:31,857 - root - INFO - validating...
2023-07-08 19:14:31,858 - root - INFO - validating...
2023-07-08 19:14:31,858 - root - INFO - validating...
2023-07-08 19:14:31,859 - root - INFO - validating...
2023-07-08 19:28:57,875 - root - INFO - validating...
2023-07-08 19:28:57,876 - root - INFO - validating...
2023-07-08 19:28:57,876 - root - INFO - validating...
2023-07-08 19:28:57,880 - root - INFO - validating...
2023-07-08 19:43:18,509 - root - INFO - validating...
2023-07-08 19:43:18,509 - root - INFO - validating...
2023-07-08 19:43:18,510 - root - INFO - validating...
2023-07-08 19:43:18,510 - root - INFO - validating...
2023-07-08 19:57:45,752 - root - INFO - validating...
2023-07-08 19:57:45,753 - root - INFO - validating...
2023-07-08 19:57:45,753 - root - INFO - validating...
2023-07-08 19:57:45,755 - root - INFO - validating...
2023-07-08 20:12:08,022 - root - INFO - validating...
2023-07-08 20:12:08,021 - root - INFO - validating...
2023-07-08 20:12:08,024 - root - INFO - validating...
2023-07-08 20:12:08,025 - root - INFO - validating...
2023-07-08 20:26:33,386 - root - INFO - validating...
2023-07-08 20:26:33,386 - root - INFO - validating...
2023-07-08 20:26:33,388 - root - INFO - validating...
2023-07-08 20:26:33,391 - root - INFO - validating...
2023-07-08 20:41:01,139 - root - INFO - validating...
2023-07-08 20:41:01,141 - root - INFO - validating...
2023-07-08 20:41:01,142 - root - INFO - validating...
2023-07-08 20:41:01,142 - root - INFO - validating...
2023-07-08 20:55:25,962 - root - INFO - validating...
2023-07-08 20:55:25,962 - root - INFO - validating...
2023-07-08 20:55:25,962 - root - INFO - validating...
2023-07-08 20:55:25,964 - root - INFO - validating...
2023-07-08 21:09:52,283 - root - INFO - validating...
2023-07-08 21:09:52,283 - root - INFO - validating...
2023-07-08 21:09:52,284 - root - INFO - validating...
2023-07-08 21:09:52,286 - root - INFO - validating...
2023-07-08 21:24:17,554 - root - INFO - validating...
2023-07-08 21:24:17,555 - root - INFO - validating...
2023-07-08 21:24:17,557 - root - INFO - validating...
2023-07-08 21:24:17,557 - root - INFO - validating...
2023-07-08 21:38:43,724 - root - INFO - validating...
2023-07-08 21:38:43,724 - root - INFO - validating...
2023-07-08 21:38:43,724 - root - INFO - validating...
2023-07-08 21:38:43,727 - root - INFO - validating...
2023-07-08 21:53:05,403 - root - INFO - validating...
2023-07-08 21:53:05,403 - root - INFO - validating...
2023-07-08 21:53:05,404 - root - INFO - validating...
2023-07-08 21:53:05,404 - root - INFO - validating...
2023-07-08 22:07:32,988 - root - INFO - validating...
2023-07-08 22:07:32,989 - root - INFO - validating...
2023-07-08 22:07:32,989 - root - INFO - validating...
2023-07-08 22:07:32,989 - root - INFO - validating...
2023-07-08 22:22:01,077 - root - INFO - validating...
2023-07-08 22:22:01,077 - root - INFO - validating...
2023-07-08 22:22:01,076 - root - INFO - validating...
2023-07-08 22:22:01,077 - root - INFO - validating...
2023-07-08 22:36:22,806 - root - INFO - validating...
2023-07-08 22:36:22,806 - root - INFO - validating...
2023-07-08 22:36:22,806 - root - INFO - validating...
2023-07-08 22:36:22,808 - root - INFO - validating...
2023-07-08 22:50:46,070 - root - INFO - validating...
2023-07-08 22:50:46,070 - root - INFO - validating...
2023-07-08 22:50:46,072 - root - INFO - validating...
2023-07-08 22:50:46,073 - root - INFO - validating...
2023-07-08 23:05:10,665 - root - INFO - validating...
2023-07-08 23:05:10,665 - root - INFO - validating...
2023-07-08 23:05:10,667 - root - INFO - validating...
2023-07-08 23:05:10,667 - root - INFO - validating...
2023-07-08 23:19:45,574 - root - INFO - validating...
2023-07-08 23:19:45,575 - root - INFO - validating...
2023-07-08 23:19:45,575 - root - INFO - validating...
2023-07-08 23:19:45,577 - root - INFO - validating...
2023-07-08 23:34:10,505 - root - INFO - validating...
2023-07-08 23:34:10,506 - root - INFO - validating...
2023-07-08 23:34:10,506 - root - INFO - validating...
2023-07-08 23:34:10,509 - root - INFO - validating...
2023-07-08 23:48:33,748 - root - INFO - validating...
2023-07-08 23:48:33,748 - root - INFO - validating...
2023-07-08 23:48:33,748 - root - INFO - validating...
2023-07-08 23:48:33,750 - root - INFO - validating...
2023-07-09 00:03:00,026 - root - INFO - validating...
2023-07-09 00:03:00,026 - root - INFO - validating...
2023-07-09 00:03:00,027 - root - INFO - validating...
2023-07-09 00:03:00,027 - root - INFO - validating...
2023-07-09 00:17:21,530 - root - INFO - validating...
2023-07-09 00:17:21,530 - root - INFO - validating...
2023-07-09 00:17:21,530 - root - INFO - validating...
2023-07-09 00:17:21,530 - root - INFO - validating...
2023-07-09 00:31:45,972 - root - INFO - validating...
2023-07-09 00:31:45,973 - root - INFO - validating...
2023-07-09 00:31:45,972 - root - INFO - validating...
2023-07-09 00:31:45,976 - root - INFO - validating...
2023-07-09 00:46:12,432 - root - INFO - validating...
2023-07-09 00:46:12,433 - root - INFO - validating...
2023-07-09 00:46:12,433 - root - INFO - validating...
2023-07-09 00:46:12,435 - root - INFO - validating...
2023-07-09 01:00:33,523 - root - INFO - validating...
2023-07-09 01:00:33,524 - root - INFO - validating...
2023-07-09 01:00:33,526 - root - INFO - validating...
2023-07-09 01:00:33,526 - root - INFO - validating...
2023-07-09 01:14:55,772 - root - INFO - validating...
2023-07-09 01:14:55,774 - root - INFO - validating...
2023-07-09 01:14:55,774 - root - INFO - validating...
2023-07-09 01:14:55,775 - root - INFO - validating...
2023-07-09 01:29:18,257 - root - INFO - validating...
2023-07-09 01:29:18,259 - root - INFO - validating...
2023-07-09 01:29:18,259 - root - INFO - validating...
2023-07-09 01:29:18,262 - root - INFO - validating...
2023-07-09 01:43:45,622 - root - INFO - validating...
2023-07-09 01:43:45,622 - root - INFO - validating...
2023-07-09 01:43:45,625 - root - INFO - validating...
2023-07-09 01:43:45,625 - root - INFO - validating...
2023-07-09 01:58:03,095 - root - INFO - validating...
2023-07-09 01:58:03,096 - root - INFO - validating...
2023-07-09 01:58:03,096 - root - INFO - validating...
2023-07-09 01:58:03,098 - root - INFO - validating...
2023-07-09 02:12:32,747 - root - INFO - validating...
2023-07-09 02:12:32,746 - root - INFO - validating...
2023-07-09 02:12:32,748 - root - INFO - validating...
2023-07-09 02:12:32,748 - root - INFO - validating...
2023-07-09 02:26:57,303 - root - INFO - validating...
2023-07-09 02:26:57,305 - root - INFO - validating...
2023-07-09 02:26:57,306 - root - INFO - validating...
2023-07-09 02:26:57,306 - root - INFO - validating...
2023-07-09 02:41:19,027 - root - INFO - validating...
2023-07-09 02:41:19,028 - root - INFO - validating...
2023-07-09 02:41:19,029 - root - INFO - validating...
2023-07-09 02:41:19,029 - root - INFO - validating...
2023-07-09 02:55:43,945 - root - INFO - validating...
2023-07-09 02:55:43,946 - root - INFO - validating...
2023-07-09 02:55:43,947 - root - INFO - validating...
2023-07-09 02:55:43,947 - root - INFO - validating...
2023-07-09 03:10:10,872 - root - INFO - validating...
2023-07-09 03:10:10,872 - root - INFO - validating...
2023-07-09 03:10:10,874 - root - INFO - validating...
2023-07-09 03:10:10,875 - root - INFO - validating...
2023-07-09 03:24:42,445 - root - INFO - validating...
2023-07-09 03:24:42,445 - root - INFO - validating...
2023-07-09 03:24:42,445 - root - INFO - validating...
2023-07-09 03:24:42,447 - root - INFO - validating...
2023-07-09 03:39:10,409 - root - INFO - validating...
2023-07-09 03:39:10,409 - root - INFO - validating...
2023-07-09 03:39:10,409 - root - INFO - validating...
2023-07-09 03:39:10,413 - root - INFO - validating...
2023-07-09 03:53:38,020 - root - INFO - validating...
2023-07-09 03:53:38,021 - root - INFO - validating...
2023-07-09 03:53:38,021 - root - INFO - validating...
2023-07-09 03:53:38,023 - root - INFO - validating...
2023-07-09 04:08:02,836 - root - INFO - validating...
2023-07-09 04:08:02,837 - root - INFO - validating...
2023-07-09 04:08:02,837 - root - INFO - validating...
2023-07-09 04:08:02,837 - root - INFO - validating...
2023-07-09 04:22:29,182 - root - INFO - validating...
2023-07-09 04:22:29,183 - root - INFO - validating...
2023-07-09 04:22:29,184 - root - INFO - validating...
2023-07-09 04:22:29,184 - root - INFO - validating...
2023-07-09 04:36:59,076 - root - INFO - validating...
2023-07-09 04:36:59,077 - root - INFO - validating...
2023-07-09 04:36:59,076 - root - INFO - validating...
2023-07-09 04:36:59,076 - root - INFO - validating...
2023-07-09 04:51:25,726 - root - INFO - validating...
2023-07-09 04:51:25,726 - root - INFO - validating...
2023-07-09 04:51:25,726 - root - INFO - validating...
2023-07-09 04:51:25,729 - root - INFO - validating...
2023-07-09 05:05:49,742 - root - INFO - validating...
2023-07-09 05:05:49,743 - root - INFO - validating...
2023-07-09 05:05:49,743 - root - INFO - validating...
2023-07-09 05:05:49,743 - root - INFO - validating...
2023-07-09 05:20:15,937 - root - INFO - validating...
2023-07-09 05:20:15,938 - root - INFO - validating...
2023-07-09 05:20:15,940 - root - INFO - validating...
2023-07-09 05:20:15,940 - root - INFO - validating...
2023-07-09 05:34:44,100 - root - INFO - validating...
2023-07-09 05:34:44,100 - root - INFO - validating...
2023-07-09 05:34:44,100 - root - INFO - validating...
2023-07-09 05:34:44,100 - root - INFO - validating...
2023-07-09 05:49:06,115 - root - INFO - validating...
2023-07-09 05:49:06,115 - root - INFO - validating...
2023-07-09 05:49:06,115 - root - INFO - validating...
2023-07-09 05:49:06,117 - root - INFO - validating...
2023-07-09 06:03:28,008 - root - INFO - validating...
2023-07-09 06:03:28,009 - root - INFO - validating...
2023-07-09 06:03:28,009 - root - INFO - validating...
2023-07-09 06:03:28,009 - root - INFO - validating...
2023-07-09 06:17:49,562 - root - INFO - validating...
2023-07-09 06:17:49,563 - root - INFO - validating...
2023-07-09 06:17:49,563 - root - INFO - validating...
2023-07-09 06:17:49,563 - root - INFO - validating...
2023-07-09 06:32:11,707 - root - INFO - validating...
2023-07-09 06:32:11,707 - root - INFO - validating...
2023-07-09 06:32:11,707 - root - INFO - validating...
2023-07-09 06:32:11,707 - root - INFO - validating...
2023-07-09 06:46:37,340 - root - INFO - validating...
2023-07-09 06:46:37,341 - root - INFO - validating...
2023-07-09 06:46:37,341 - root - INFO - validating...
2023-07-09 06:46:37,344 - root - INFO - validating...
2023-07-09 07:00:57,763 - root - INFO - validating...
2023-07-09 07:00:57,764 - root - INFO - validating...
2023-07-09 07:00:57,764 - root - INFO - validating...
2023-07-09 07:00:57,764 - root - INFO - validating...
2023-07-09 07:15:17,418 - root - INFO - validating...
2023-07-09 07:15:17,418 - root - INFO - validating...
2023-07-09 07:15:17,419 - root - INFO - validating...
2023-07-09 07:15:17,419 - root - INFO - validating...
2023-07-09 07:29:44,360 - root - INFO - validating...
2023-07-09 07:29:44,360 - root - INFO - validating...
2023-07-09 07:29:44,360 - root - INFO - validating...
2023-07-09 07:29:44,362 - root - INFO - validating...
2023-07-09 07:44:06,342 - root - INFO - validating...
2023-07-09 07:44:06,343 - root - INFO - validating...
2023-07-09 07:44:06,343 - root - INFO - validating...
2023-07-09 07:44:06,345 - root - INFO - validating...
2023-07-09 07:58:26,239 - root - INFO - validating...
2023-07-09 07:58:26,238 - root - INFO - validating...
2023-07-09 07:58:26,239 - root - INFO - validating...
2023-07-09 07:58:26,241 - root - INFO - validating...
2023-07-09 08:12:53,822 - root - INFO - validating...
2023-07-09 08:12:53,823 - root - INFO - validating...
2023-07-09 08:12:53,824 - root - INFO - validating...
2023-07-09 08:12:53,826 - root - INFO - validating...
2023-07-09 08:27:19,980 - root - INFO - validating...
2023-07-09 08:27:19,980 - root - INFO - validating...
2023-07-09 08:27:19,981 - root - INFO - validating...
2023-07-09 08:27:19,982 - root - INFO - validating...
2023-07-09 08:41:47,122 - root - INFO - validating...
2023-07-09 08:41:47,122 - root - INFO - validating...
2023-07-09 08:41:47,123 - root - INFO - validating...
2023-07-09 08:41:47,126 - root - INFO - validating...
2023-07-09 08:56:11,838 - root - INFO - validating...
2023-07-09 08:56:11,839 - root - INFO - validating...
2023-07-09 08:56:11,839 - root - INFO - validating...
2023-07-09 08:56:11,839 - root - INFO - validating...
2023-07-09 09:10:36,731 - root - INFO - validating...
2023-07-09 09:10:36,731 - root - INFO - validating...
2023-07-09 09:10:36,732 - root - INFO - validating...
2023-07-09 09:10:36,731 - root - INFO - validating...
2023-07-09 09:25:01,530 - root - INFO - validating...
2023-07-09 09:25:01,530 - root - INFO - validating...
2023-07-09 09:25:01,530 - root - INFO - validating...
2023-07-09 09:25:01,533 - root - INFO - validating...
2023-07-09 09:39:25,302 - root - INFO - validating...
2023-07-09 09:39:25,302 - root - INFO - validating...
2023-07-09 09:39:25,303 - root - INFO - validating...
2023-07-09 09:39:25,304 - root - INFO - validating...
2023-07-09 09:53:52,461 - root - INFO - validating...
2023-07-09 09:53:52,461 - root - INFO - validating...
2023-07-09 09:53:52,461 - root - INFO - validating...
2023-07-09 09:53:52,463 - root - INFO - validating...
2023-07-09 10:08:20,574 - root - INFO - validating...
2023-07-09 10:08:20,574 - root - INFO - validating...
2023-07-09 10:08:20,574 - root - INFO - validating...
2023-07-09 10:08:20,577 - root - INFO - validating...
2023-07-09 10:22:51,469 - root - INFO - validating...
2023-07-09 10:22:51,469 - root - INFO - validating...
2023-07-09 10:22:51,469 - root - INFO - validating...
2023-07-09 10:22:51,471 - root - INFO - validating...
2023-07-09 10:37:17,158 - root - INFO - validating...
2023-07-09 10:37:17,158 - root - INFO - validating...
2023-07-09 10:37:17,158 - root - INFO - validating...
2023-07-09 10:37:17,159 - root - INFO - validating...
2023-07-09 10:51:47,015 - root - INFO - validating...
2023-07-09 10:51:47,016 - root - INFO - validating...
2023-07-09 10:51:47,016 - root - INFO - validating...
2023-07-09 10:51:47,017 - root - INFO - validating...
2023-07-09 11:06:09,581 - root - INFO - validating...
2023-07-09 11:06:09,580 - root - INFO - validating...
2023-07-09 11:06:09,583 - root - INFO - validating...
2023-07-09 11:06:09,584 - root - INFO - validating...
2023-07-09 11:20:34,786 - root - INFO - validating...
2023-07-09 11:20:34,786 - root - INFO - validating...
2023-07-09 11:20:34,787 - root - INFO - validating...
2023-07-09 11:20:34,787 - root - INFO - validating...
2023-07-09 11:34:57,596 - root - INFO - validating...
2023-07-09 11:34:57,597 - root - INFO - validating...
2023-07-09 11:34:57,597 - root - INFO - validating...
2023-07-09 11:34:57,599 - root - INFO - validating...
2023-07-09 11:49:25,785 - root - INFO - validating...
2023-07-09 11:49:25,787 - root - INFO - validating...
2023-07-09 11:49:25,787 - root - INFO - validating...
2023-07-09 11:49:25,788 - root - INFO - validating...
2023-07-09 12:03:47,262 - root - INFO - validating...
2023-07-09 12:03:47,262 - root - INFO - validating...
2023-07-09 12:03:47,264 - root - INFO - validating...
2023-07-09 12:03:47,265 - root - INFO - validating...
2023-07-09 12:18:02,113 - root - INFO - validating...
2023-07-09 12:18:02,113 - root - INFO - validating...
2023-07-09 12:18:02,114 - root - INFO - validating...
2023-07-09 12:18:02,114 - root - INFO - validating...
2023-07-09 12:32:22,525 - root - INFO - validating...
2023-07-09 12:32:22,527 - root - INFO - validating...
2023-07-09 12:32:22,527 - root - INFO - validating...
2023-07-09 12:32:22,527 - root - INFO - validating...
2023-07-09 12:46:44,561 - root - INFO - validating...
2023-07-09 12:46:44,562 - root - INFO - validating...
2023-07-09 12:46:44,562 - root - INFO - validating...
2023-07-09 12:46:44,565 - root - INFO - validating...
2023-07-09 13:01:09,522 - root - INFO - validating...
2023-07-09 13:01:09,523 - root - INFO - validating...
2023-07-09 13:01:09,523 - root - INFO - validating...
2023-07-09 13:01:09,524 - root - INFO - validating...
2023-07-09 13:15:30,854 - root - INFO - validating...
2023-07-09 13:15:30,854 - root - INFO - validating...
2023-07-09 13:15:30,855 - root - INFO - validating...
2023-07-09 13:15:30,856 - root - INFO - validating...
