master_addr is only used for static rdzv_backend and when rdzv_endpoint is not specified.
paraai-n32-h-01-agent-107
0
------------------ Configuration ------------------  /home/bingxing2/home/scx6115/Ocean_AI_model/config/Model_2.yaml
paraai-n32-h-01-agent-107
0
------------------ Configuration ------------------  /home/bingxing2/home/scx6115/Ocean_AI_model/config/Model_2.yaml
paraai-n32-h-01-agent-107
0
------------------ Configuration ------------------  /home/bingxing2/home/scx6115/Ocean_AI_model/config/Model_2.yaml
paraai-n32-h-01-agent-107
0
------------------ Configuration ------------------  /home/bingxing2/home/scx6115/Ocean_AI_model/config/Model_2.yaml
nettype Masked_AE_Ocean
log_to_wandb True
lr 0.001
batch_size 32
max_epochs 150
scheduler CosineAnnealingLR
fusion_3d_2d False
in_channels [0, 1, 2, 3, 4, 5, 6, 7, 8, 9, 10, 11, 12, 13, 14, 15, 16, 17, 18, 19, 20, 21, 22, 23, 24, 25, 26, 27, 28, 29, 30, 31, 32, 33, 34, 35, 36, 37, 38, 39, 40, 41, 42, 43, 44, 45, 46, 47, 48, 49, 50, 51, 52, 53, 54, 55, 56, 57, 58, 59, 60, 61, 62, 63, 64, 65]
out_channels [0, 1, 2, 3, 4, 5, 6, 7, 8, 9, 10, 11, 12, 13, 14, 15, 16, 17, 18, 19, 20, 21, 22, 23, 24, 25, 26, 27, 28, 29, 30, 31, 32, 33, 34, 35, 36, 37, 38, 39, 40, 41, 42, 43, 44, 45, 46, 47, 48, 49, 50, 51, 52, 53, 54, 55, 56, 57, 58, 59, 60]
N_in_channels 66
N_out_channels 61
img_size_h 720
img_size_w 1440
patch_size_h 8
patch_size_w 8
mlp_ratio 4.0
embed_dim 512
depth 16
num_heads 16
decoder_embed_dim 1024
decoder_depth 8
decoder_num_heads 16
koopman_depth 2
modes_h_ratio 1
modes_w_ratio 0.8
drop_rate 0.0
drop_path_rate 0.0
sparsity_threshold 0.01
hard_thresholding_fraction 1.0
num_blocks 8
loss l2
num_data_workers 0
dt 1
n_history 0
prediction_type iterative
prediction_length 41
n_initial_conditions 5
ics_type default
date_strings ['2018-09-14 00:00:00']
save_raw_forecasts True
save_channel False
masked_accnettype False
 Masked_AE_Oceanmaskpath
 None
perturb False
log_to_wandb add_gridTrue 
False
lrN_grid_channels  0
gridtype0.001 
sinusoidal
batch_sizeroll  False32

enable_nhwc max_epochsFalse 
150
optimizer_type schedulerFusedAdam 
CosineAnnealingLR
exp_dir fusion_3d_2d./exp_15_levels 
False
patch_size 8in_channels
 width 56
modes 32
target [0, 1, 2, 3, 4, 5, 6, 7, 8, 9, 10, 11, 12, 13, 14, 15, 16, 17, 18, 19, 20, 21, 22, 23, 24, 25, 26, 27, 28, 29, 30, 31, 32, 33, 34, 35, 36, 37, 38, 39, 40, 41, 42, 43, 44, 45, 46, 47, 48, 49, 50, 51, 52, 53, 54, 55, 56, 57, 58, 59, 60, 61, 62, 63, 64, 65]default

train_data_path out_channels/home/bingxing2/home/scx6115/Ocean_AI_model/sample_01/train 
valid_data_path /home/bingxing2/home/scx6115/Ocean_AI_model/sample_01/valid
test_data_path /home/bingxing2/home/scx6115/Ocean_AI_model/sample_01/test[0, 1, 2, 3, 4, 5, 6, 7, 8, 9, 10, 11, 12, 13, 14, 15, 16, 17, 18, 19, 20, 21, 22, 23, 24, 25, 26, 27, 28, 29, 30, 31, 32, 33, 34, 35, 36, 37, 38, 39, 40, 41, 42, 43, 44, 45, 46, 47, 48, 49, 50, 51, 52, 53, 54, 55, 56, 57, 58, 59, 60]

land_mask TrueN_in_channels
 66land_mask_path
 /home/bingxing2/home/scx6115/Ocean_AI_model/sample_01/land_mask.h5
N_out_channels normalize61 
True
img_size_hnormalization  720zscore

img_size_wglobal_mins_path  1440/home/bingxing2/home/scx6115/Ocean_AI_model/sample_01/train/global_mins.npy

patch_size_hglobal_maxs_path  8/home/bingxing2/home/scx6115/Ocean_AI_model/sample_01/train/global_maxs.npy

patch_size_wglobal_means_path  8/home/bingxing2/home/scx6115/Ocean_AI_model/sample_01/train/global_means.npy

mlp_ratioglobal_stds_path  /home/bingxing2/home/scx6115/Ocean_AI_model/sample_01/train/global_stds.npy4.0

orographyembed_dim  True512

orography_norm_zscore_path depth/home/bingxing2/home/scx6115/Ocean_AI_model/sample_01/orography_norm_zscore.h5 
16orography_norm_maxmin_path
 /home/bingxing2/home/scx6115/Ocean_AI_model/sample_01/orography_norm_maxmin.h5num_heads
 16
add_noise Falsedecoder_embed_dim
 1024noise_std
 0decoder_depth
 8crop_size_x
 None
decoder_num_heads crop_size_y16 
None
koopman_depthlog_to_screen  2True

modes_h_ratiosave_checkpoint  1True

modes_w_ratioplot_animations  False0.8

drop_rate 0.0
drop_path_rate 0.0
sparsity_threshold 0.01
hard_thresholding_fraction 1.0
num_blocks 8
loss l2
num_data_workers 0
dt 1
n_history 0
prediction_type iterative
prediction_length ---------------------------------------------------41

n_initial_conditions 5
ics_type default
date_strings ['2018-09-14 00:00:00']
save_raw_forecasts True
world_size :save_channel  16False

Initialize distributed process group...
masked_acc False
maskpath None
perturb False
add_grid False
N_grid_channels 0
gridtype sinusoidal
roll False
enable_nhwc False
optimizer_type FusedAdam
exp_dir ./exp_15_levels
patch_size 8
width 56
modes 32
target default
train_data_path /home/bingxing2/home/scx6115/Ocean_AI_model/sample_01/train
valid_data_path /home/bingxing2/home/scx6115/Ocean_AI_model/sample_01/valid
test_data_path /home/bingxing2/home/scx6115/Ocean_AI_model/sample_01/test
land_mask True
land_mask_path /home/bingxing2/home/scx6115/Ocean_AI_model/sample_01/land_mask.h5
normalize True
normalization zscore
global_mins_path /home/bingxing2/home/scx6115/Ocean_AI_model/sample_01/train/global_mins.npy
global_maxs_path /home/bingxing2/home/scx6115/Ocean_AI_model/sample_01/train/global_maxs.npy
global_means_path /home/bingxing2/home/scx6115/Ocean_AI_model/sample_01/train/global_means.npy
global_stds_path /home/bingxing2/home/scx6115/Ocean_AI_model/sample_01/train/global_stds.npy
orography True
orography_norm_zscore_path /home/bingxing2/home/scx6115/Ocean_AI_model/sample_01/orography_norm_zscore.h5
orography_norm_maxmin_path /home/bingxing2/home/scx6115/Ocean_AI_model/sample_01/orography_norm_maxmin.h5
add_noise False
noise_std 0
crop_size_x None
crop_size_y None
log_to_screen True
save_checkpoint True
plot_animations False
---------------------------------------------------
world_size : 16
Initialize distributed process group...
nettype Masked_AE_Ocean
log_to_wandb True
lr 0.001
batch_size 32
max_epochs 150
scheduler CosineAnnealingLR
fusion_3d_2d False
in_channels [0, 1, 2, 3, 4, 5, 6, 7, 8, 9, 10, 11, 12, 13, 14, 15, 16, 17, 18, 19, 20, 21, 22, 23, 24, 25, 26, 27, 28, 29, 30, 31, 32, 33, 34, 35, 36, 37, 38, 39, 40, 41, 42, 43, 44, 45, 46, 47, 48, 49, 50, 51, 52, 53, 54, 55, 56, 57, 58, 59, 60, 61, 62, 63, 64, 65]
out_channels [0, 1, 2, 3, 4, 5, 6, 7, 8, 9, 10, 11, 12, 13, 14, 15, 16, 17, 18, 19, 20, 21, 22, 23, 24, 25, 26, 27, 28, 29, 30, 31, 32, 33, 34, 35, 36, 37, 38, 39, 40, 41, 42, 43, 44, 45, 46, 47, 48, 49, 50, 51, 52, 53, 54, 55, 56, 57, 58, 59, 60]
N_in_channels 66
N_out_channels 61
img_size_h 720
img_size_w 1440
patch_size_h 8
patch_size_w 8
mlp_ratio 4.0
embed_dim 512
depth 16
num_heads 16
decoder_embed_dim 1024
decoder_depth 8
decoder_num_heads 16
koopman_depth 2
modes_h_ratio 1
modes_w_ratio 0.8
drop_rate 0.0
drop_path_rate 0.0
sparsity_threshold 0.01
hard_thresholding_fraction 1.0
num_blocks 8
loss l2
num_data_workers 0
dt 1
n_history 0
prediction_type iterative
prediction_length 41
n_initial_conditions 5
ics_type default
date_strings ['2018-09-14 00:00:00']
save_raw_forecasts True
save_channel False
masked_acc False
maskpath None
perturb False
add_grid False
N_grid_channels 0
gridtype sinusoidal
roll False
enable_nhwc False
optimizer_type FusedAdam
exp_dir ./exp_15_levels
patch_size 8
width 56
modes 32
target default
train_data_path /home/bingxing2/home/scx6115/Ocean_AI_model/sample_01/train
valid_data_path /home/bingxing2/home/scx6115/Ocean_AI_model/sample_01/valid
test_data_path /home/bingxing2/home/scx6115/Ocean_AI_model/sample_01/test
land_mask True
land_mask_path /home/bingxing2/home/scx6115/Ocean_AI_model/sample_01/land_mask.h5
normalize True
normalization zscore
global_mins_path /home/bingxing2/home/scx6115/Ocean_AI_model/sample_01/train/global_mins.npy
global_maxs_path /home/bingxing2/home/scx6115/Ocean_AI_model/sample_01/train/global_maxs.npy
global_means_path /home/bingxing2/home/scx6115/Ocean_AI_model/sample_01/train/global_means.npy
global_stds_path /home/bingxing2/home/scx6115/Ocean_AI_model/sample_01/train/global_stds.npy
orography True
orography_norm_zscore_path /home/bingxing2/home/scx6115/Ocean_AI_model/sample_01/orography_norm_zscore.h5
orography_norm_maxmin_path /home/bingxing2/home/scx6115/Ocean_AI_model/sample_01/orography_norm_maxmin.h5
add_noise False
noise_std 0
crop_size_x None
crop_size_y None
log_to_screen True
save_checkpoint True
plot_animations False
---------------------------------------------------
world_size : 16
Initialize distributed process group...
nettype Masked_AE_Ocean
log_to_wandb True
lr 0.001
batch_size 32
max_epochs 150
scheduler CosineAnnealingLR
fusion_3d_2d False
in_channels [0, 1, 2, 3, 4, 5, 6, 7, 8, 9, 10, 11, 12, 13, 14, 15, 16, 17, 18, 19, 20, 21, 22, 23, 24, 25, 26, 27, 28, 29, 30, 31, 32, 33, 34, 35, 36, 37, 38, 39, 40, 41, 42, 43, 44, 45, 46, 47, 48, 49, 50, 51, 52, 53, 54, 55, 56, 57, 58, 59, 60, 61, 62, 63, 64, 65]
out_channels [0, 1, 2, 3, 4, 5, 6, 7, 8, 9, 10, 11, 12, 13, 14, 15, 16, 17, 18, 19, 20, 21, 22, 23, 24, 25, 26, 27, 28, 29, 30, 31, 32, 33, 34, 35, 36, 37, 38, 39, 40, 41, 42, 43, 44, 45, 46, 47, 48, 49, 50, 51, 52, 53, 54, 55, 56, 57, 58, 59, 60]
N_in_channels 66
N_out_channels 61
img_size_h 720
img_size_w 1440
patch_size_h 8
patch_size_w 8
mlp_ratio 4.0
embed_dim 512
depth 16
num_heads 16
decoder_embed_dim 1024
decoder_depth 8
decoder_num_heads 16
koopman_depth 2
modes_h_ratio 1
modes_w_ratio 0.8
drop_rate 0.0
drop_path_rate 0.0
sparsity_threshold 0.01
hard_thresholding_fraction 1.0
num_blocks 8
loss l2
num_data_workers 0
dt 1
n_history 0
prediction_type iterative
prediction_length 41
n_initial_conditions 5
ics_type default
date_strings ['2018-09-14 00:00:00']
save_raw_forecasts True
save_channel False
masked_acc False
maskpath None
perturb False
add_grid False
N_grid_channels 0
gridtype sinusoidal
roll False
enable_nhwc False
optimizer_type FusedAdam
exp_dir ./exp_15_levels
patch_size 8
width 56
modes 32
target default
train_data_path /home/bingxing2/home/scx6115/Ocean_AI_model/sample_01/train
valid_data_path /home/bingxing2/home/scx6115/Ocean_AI_model/sample_01/valid
test_data_path /home/bingxing2/home/scx6115/Ocean_AI_model/sample_01/test
land_mask True
land_mask_path /home/bingxing2/home/scx6115/Ocean_AI_model/sample_01/land_mask.h5
normalize True
normalization zscore
global_mins_path /home/bingxing2/home/scx6115/Ocean_AI_model/sample_01/train/global_mins.npy
global_maxs_path /home/bingxing2/home/scx6115/Ocean_AI_model/sample_01/train/global_maxs.npy
global_means_path /home/bingxing2/home/scx6115/Ocean_AI_model/sample_01/train/global_means.npy
global_stds_path /home/bingxing2/home/scx6115/Ocean_AI_model/sample_01/train/global_stds.npy
orography True
orography_norm_zscore_path /home/bingxing2/home/scx6115/Ocean_AI_model/sample_01/orography_norm_zscore.h5
orography_norm_maxmin_path /home/bingxing2/home/scx6115/Ocean_AI_model/sample_01/orography_norm_maxmin.h5
add_noise False
noise_std 0
crop_size_x None
crop_size_y None
log_to_screen True
save_checkpoint True
plot_animations False
---------------------------------------------------
world_size : 16
Initialize distributed process group...
2023-07-08 11:19:35,246 - torch.distributed.distributed_c10d - INFO - Added key: store_based_barrier_key:1 to store for rank: 6
2023-07-08 11:19:35,246 - torch.distributed.distributed_c10d - INFO - Added key: store_based_barrier_key:1 to store for rank: 4
2023-07-08 11:19:35,246 - torch.distributed.distributed_c10d - INFO - Added key: store_based_barrier_key:1 to store for rank: 5
2023-07-08 11:19:35,261 - torch.distributed.distributed_c10d - INFO - Added key: store_based_barrier_key:1 to store for rank: 7
2023-07-08 11:19:35,267 - torch.distributed.distributed_c10d - INFO - Rank 5: Completed store-based barrier for key:store_based_barrier_key:1 with 16 nodes.
2023-07-08 11:19:35,267 - torch.distributed.distributed_c10d - INFO - Rank 6: Completed store-based barrier for key:store_based_barrier_key:1 with 16 nodes.
2023-07-08 11:19:35,267 - torch.distributed.distributed_c10d - INFO - Rank 4: Completed store-based barrier for key:store_based_barrier_key:1 with 16 nodes.
2023-07-08 11:19:35,272 - torch.distributed.distributed_c10d - INFO - Rank 7: Completed store-based barrier for key:store_based_barrier_key:1 with 16 nodes.
2023-07-08 11:19:35,323 - root - INFO - device: cuda:0
2023-07-08 11:19:35,324 - root - INFO - rank 4, begin data loader init
2023-07-08 11:19:35,330 - root - INFO - device: cuda:1
2023-07-08 11:19:35,330 - root - INFO - rank 5, begin data loader init
2023-07-08 11:19:35,331 - root - INFO - Getting file stats from /home/bingxing2/home/scx6115/Ocean_AI_model/sample_01/train/2000.h5
2023-07-08 11:19:35,332 - root - INFO - Getting file stats from /home/bingxing2/home/scx6115/Ocean_AI_model/sample_01/train/2000.h5
2023-07-08 11:19:35,332 - root - INFO - Number of samples per year: 365
2023-07-08 11:19:35,333 - root - INFO - Found data at path /home/bingxing2/home/scx6115/Ocean_AI_model/sample_01/train. Number of examples: 4380. Image Shape: 720 x 1440 x 66
2023-07-08 11:19:35,333 - root - INFO - Delta t: 1 days
2023-07-08 11:19:35,333 - root - INFO - Including 0 days of past history in training at a frequency of 1 days
2023-07-08 11:19:35,333 - root - INFO - device: cuda:3
2023-07-08 11:19:35,333 - root - INFO - rank 7, begin data loader init
2023-07-08 11:19:35,333 - root - INFO - Number of samples per year: 365
2023-07-08 11:19:35,334 - root - INFO - Found data at path /home/bingxing2/home/scx6115/Ocean_AI_model/sample_01/train. Number of examples: 4380. Image Shape: 720 x 1440 x 66
2023-07-08 11:19:35,334 - root - INFO - Delta t: 1 days
2023-07-08 11:19:35,334 - root - INFO - Including 0 days of past history in training at a frequency of 1 days
2023-07-08 11:19:35,334 - root - INFO - device: cuda:2
2023-07-08 11:19:35,334 - root - INFO - rank 6, begin data loader init
2023-07-08 11:19:35,335 - root - INFO - Getting file stats from /home/bingxing2/home/scx6115/Ocean_AI_model/sample_01/train/2000.h5
2023-07-08 11:19:35,336 - root - INFO - Getting file stats from /home/bingxing2/home/scx6115/Ocean_AI_model/sample_01/train/2000.h5
2023-07-08 11:19:35,337 - root - INFO - Number of samples per year: 365
2023-07-08 11:19:35,337 - root - INFO - Found data at path /home/bingxing2/home/scx6115/Ocean_AI_model/sample_01/train. Number of examples: 4380. Image Shape: 720 x 1440 x 66
2023-07-08 11:19:35,337 - root - INFO - Delta t: 1 days
2023-07-08 11:19:35,337 - root - INFO - Including 0 days of past history in training at a frequency of 1 days
2023-07-08 11:19:35,338 - root - INFO - Number of samples per year: 365
2023-07-08 11:19:35,338 - root - INFO - Found data at path /home/bingxing2/home/scx6115/Ocean_AI_model/sample_01/train. Number of examples: 4380. Image Shape: 720 x 1440 x 66
2023-07-08 11:19:35,338 - root - INFO - Delta t: 1 days
2023-07-08 11:19:35,338 - root - INFO - Including 0 days of past history in training at a frequency of 1 days
2023-07-08 11:19:35,339 - root - INFO - Getting file stats from /home/bingxing2/home/scx6115/Ocean_AI_model/sample_01/valid/2011.h5
2023-07-08 11:19:35,339 - root - INFO - Getting file stats from /home/bingxing2/home/scx6115/Ocean_AI_model/sample_01/valid/2011.h5
2023-07-08 11:19:35,339 - root - INFO - Getting file stats from /home/bingxing2/home/scx6115/Ocean_AI_model/sample_01/valid/2011.h5
2023-07-08 11:19:35,340 - root - INFO - Getting file stats from /home/bingxing2/home/scx6115/Ocean_AI_model/sample_01/valid/2011.h5
2023-07-08 11:19:35,340 - root - INFO - Number of samples per year: 364
2023-07-08 11:19:35,340 - root - INFO - Found data at path /home/bingxing2/home/scx6115/Ocean_AI_model/sample_01/valid. Number of examples: 364. Image Shape: 720 x 1440 x 66
2023-07-08 11:19:35,340 - root - INFO - Number of samples per year: 364
2023-07-08 11:19:35,340 - root - INFO - Number of samples per year: 364
2023-07-08 11:19:35,340 - root - INFO - Delta t: 1 days
2023-07-08 11:19:35,340 - root - INFO - Found data at path /home/bingxing2/home/scx6115/Ocean_AI_model/sample_01/valid. Number of examples: 364. Image Shape: 720 x 1440 x 66
2023-07-08 11:19:35,340 - root - INFO - Found data at path /home/bingxing2/home/scx6115/Ocean_AI_model/sample_01/valid. Number of examples: 364. Image Shape: 720 x 1440 x 66
2023-07-08 11:19:35,340 - root - INFO - Including 0 days of past history in training at a frequency of 1 days
2023-07-08 11:19:35,340 - root - INFO - Delta t: 1 days
2023-07-08 11:19:35,340 - root - INFO - Delta t: 1 days
2023-07-08 11:19:35,340 - root - INFO - Including 0 days of past history in training at a frequency of 1 days
2023-07-08 11:19:35,340 - root - INFO - Including 0 days of past history in training at a frequency of 1 days
2023-07-08 11:19:35,340 - root - INFO - rank 4, data loader initialized
2023-07-08 11:19:35,340 - root - INFO - rank 5, data loader initialized
2023-07-08 11:19:35,340 - root - INFO - rank 7, data loader initialized
2023-07-08 11:19:35,341 - root - INFO - Number of samples per year: 364
2023-07-08 11:19:35,341 - root - INFO - Found data at path /home/bingxing2/home/scx6115/Ocean_AI_model/sample_01/valid. Number of examples: 364. Image Shape: 720 x 1440 x 66
2023-07-08 11:19:35,341 - root - INFO - Delta t: 1 days
2023-07-08 11:19:35,341 - root - INFO - Including 0 days of past history in training at a frequency of 1 days
2023-07-08 11:19:35,341 - root - INFO - rank 6, data loader initialized
paraai-n32-h-01-agent-107:2425716:2425716 [2] NCCL INFO cudaDriverVersion 11060
paraai-n32-h-01-agent-107:2425714:2425714 [0] NCCL INFO cudaDriverVersion 11060
paraai-n32-h-01-agent-107:2425715:2425715 [1] NCCL INFO cudaDriverVersion 11060
paraai-n32-h-01-agent-107:2425717:2425717 [3] NCCL INFO cudaDriverVersion 11060
paraai-n32-h-01-agent-107:2425716:2425716 [2] NCCL INFO Bootstrap : Using eth0:172.16.4.197<0>
paraai-n32-h-01-agent-107:2425717:2425717 [3] NCCL INFO Bootstrap : Using eth0:172.16.4.197<0>
paraai-n32-h-01-agent-107:2425714:2425714 [0] NCCL INFO Bootstrap : Using eth0:172.16.4.197<0>
paraai-n32-h-01-agent-107:2425714:2425714 [0] NCCL INFO NET/Plugin : No plugin found (libnccl-net.so), using internal implementation
paraai-n32-h-01-agent-107:2425717:2425717 [3] NCCL INFO NET/Plugin : No plugin found (libnccl-net.so), using internal implementation
paraai-n32-h-01-agent-107:2425716:2425716 [2] NCCL INFO NET/Plugin : No plugin found (libnccl-net.so), using internal implementation
paraai-n32-h-01-agent-107:2425714:2426554 [0] NCCL INFO NET/IB : Using [0]mlx5_0:1/RoCE [1]mlx5_2:1/RoCE [RO]; OOB eth0:172.16.4.197<0>
paraai-n32-h-01-agent-107:2425714:2426554 [0] NCCL INFO Using network IB
paraai-n32-h-01-agent-107:2425717:2426555 [3] NCCL INFO NET/IB : Using [0]mlx5_0:1/RoCE [1]mlx5_2:1/RoCE [RO]; OOB eth0:172.16.4.197<0>
paraai-n32-h-01-agent-107:2425717:2426555 [3] NCCL INFO Using network IB
paraai-n32-h-01-agent-107:2425716:2426553 [2] NCCL INFO NET/IB : Using [0]mlx5_0:1/RoCE [1]mlx5_2:1/RoCE [RO]; OOB eth0:172.16.4.197<0>
paraai-n32-h-01-agent-107:2425716:2426553 [2] NCCL INFO Using network IB
paraai-n32-h-01-agent-107:2425715:2425715 [1] NCCL INFO Bootstrap : Using eth0:172.16.4.197<0>
paraai-n32-h-01-agent-107:2425715:2425715 [1] NCCL INFO NET/Plugin : No plugin found (libnccl-net.so), using internal implementation
paraai-n32-h-01-agent-107:2425715:2426563 [1] NCCL INFO NET/IB : Using [0]mlx5_0:1/RoCE [1]mlx5_2:1/RoCE [RO]; OOB eth0:172.16.4.197<0>
paraai-n32-h-01-agent-107:2425715:2426563 [1] NCCL INFO Using network IB
paraai-n32-h-01-agent-107:2425716:2426553 [2] NCCL INFO Setting affinity for GPU 2 to ffffffff,00000000,00000000
paraai-n32-h-01-agent-107:2425715:2426563 [1] NCCL INFO Setting affinity for GPU 1 to ffffffff
paraai-n32-h-01-agent-107:2425717:2426555 [3] NCCL INFO Setting affinity for GPU 3 to ffffffff,00000000,00000000
paraai-n32-h-01-agent-107:2425714:2426554 [0] NCCL INFO Setting affinity for GPU 0 to ffffffff
paraai-n32-h-01-agent-107:2425714:2426554 [0] NCCL INFO NCCL_MAX_NCHANNELS set by environment to 16.
paraai-n32-h-01-agent-107:2425717:2426555 [3] NCCL INFO NCCL_MAX_NCHANNELS set by environment to 16.
paraai-n32-h-01-agent-107:2425717:2426555 [3] NCCL INFO NCCL_MIN_NCHANNELS set by environment to 16.
paraai-n32-h-01-agent-107:2425714:2426554 [0] NCCL INFO NCCL_MIN_NCHANNELS set by environment to 16.
paraai-n32-h-01-agent-107:2425716:2426553 [2] NCCL INFO NCCL_MAX_NCHANNELS set by environment to 16.
paraai-n32-h-01-agent-107:2425715:2426563 [1] NCCL INFO NCCL_MAX_NCHANNELS set by environment to 16.
paraai-n32-h-01-agent-107:2425716:2426553 [2] NCCL INFO NCCL_MIN_NCHANNELS set by environment to 16.
paraai-n32-h-01-agent-107:2425715:2426563 [1] NCCL INFO NCCL_MIN_NCHANNELS set by environment to 16.
paraai-n32-h-01-agent-107:2425717:2426555 [3] NCCL INFO Trees [0] -1/-1/-1->7->6 [1] 4/-1/-1->7->6 [2] -1/-1/-1->7->6 [3] 4/10/-1->7->6 [4] -1/-1/-1->7->6 [5] 4/-1/-1->7->6 [6] -1/-1/-1->7->6 [7] 4/10/-1->7->6 [8] -1/-1/-1->7->6 [9] 4/-1/-1->7->6 [10] -1/-1/-1->7->6 [11] 4/10/-1->7->6 [12] -1/-1/-1->7->6 [13] 4/-1/-1->7->6 [14] -1/-1/-1->7->6 [15] 4/10/-1->7->6
paraai-n32-h-01-agent-107:2425714:2426554 [0] NCCL INFO Trees [0] 5/-1/-1->4->9 [1] 5/-1/-1->4->7 [2] 5/0/-1->4->12 [3] 5/-1/-1->4->7 [4] 5/-1/-1->4->9 [5] 5/-1/-1->4->7 [6] 5/0/-1->4->12 [7] 5/-1/-1->4->7 [8] 5/-1/-1->4->9 [9] 5/-1/-1->4->7 [10] 5/0/-1->4->12 [11] 5/-1/-1->4->7 [12] 5/-1/-1->4->9 [13] 5/-1/-1->4->7 [14] 5/0/-1->4->12 [15] 5/-1/-1->4->7
paraai-n32-h-01-agent-107:2425716:2426553 [2] NCCL INFO Trees [0] 7/-1/-1->6->5 [1] 7/-1/-1->6->11 [2] 7/-1/-1->6->5 [3] 7/2/-1->6->14 [4] 7/-1/-1->6->5 [5] 7/-1/-1->6->11 [6] 7/-1/-1->6->5 [7] 7/2/-1->6->14 [8] 7/-1/-1->6->5 [9] 7/-1/-1->6->11 [10] 7/-1/-1->6->5 [11] 7/2/-1->6->14 [12] 7/-1/-1->6->5 [13] 7/-1/-1->6->11 [14] 7/-1/-1->6->5 [15] 7/2/-1->6->14
paraai-n32-h-01-agent-107:2425715:2426563 [1] NCCL INFO Trees [0] 6/-1/-1->5->4 [1] -1/-1/-1->5->4 [2] 6/8/-1->5->4 [3] -1/-1/-1->5->4 [4] 6/-1/-1->5->4 [5] -1/-1/-1->5->4 [6] 6/8/-1->5->4 [7] -1/-1/-1->5->4 [8] 6/-1/-1->5->4 [9] -1/-1/-1->5->4 [10] 6/8/-1->5->4 [11] -1/-1/-1->5->4 [12] 6/-1/-1->5->4 [13] -1/-1/-1->5->4 [14] 6/8/-1->5->4 [15] -1/-1/-1->5->4
paraai-n32-h-01-agent-107:2425714:2426554 [0] NCCL INFO Channel 00/0 : 3[82000] -> 4[1000] [receive] via NET/IB/0
paraai-n32-h-01-agent-107:2425716:2426553 [2] NCCL INFO Channel 00 : 6[81000] -> 7[82000] via SHM/direct/direct
paraai-n32-h-01-agent-107:2425716:2426553 [2] NCCL INFO Channel 01 : 6[81000] -> 7[82000] via SHM/direct/direct
paraai-n32-h-01-agent-107:2425716:2426553 [2] NCCL INFO Channel 02 : 6[81000] -> 7[82000] via SHM/direct/direct
paraai-n32-h-01-agent-107:2425716:2426553 [2] NCCL INFO Channel 03 : 6[81000] -> 7[82000] via SHM/direct/direct
paraai-n32-h-01-agent-107:2425716:2426553 [2] NCCL INFO Channel 04 : 6[81000] -> 7[82000] via SHM/direct/direct
paraai-n32-h-01-agent-107:2425716:2426553 [2] NCCL INFO Channel 05 : 6[81000] -> 7[82000] via SHM/direct/direct
paraai-n32-h-01-agent-107:2425715:2426563 [1] NCCL INFO Channel 00 : 5[2000] -> 6[81000] via SHM/direct/direct
paraai-n32-h-01-agent-107:2425716:2426553 [2] NCCL INFO Channel 06 : 6[81000] -> 7[82000] via SHM/direct/direct
paraai-n32-h-01-agent-107:2425715:2426563 [1] NCCL INFO Channel 02 : 5[2000] -> 6[81000] via SHM/direct/direct
paraai-n32-h-01-agent-107:2425716:2426553 [2] NCCL INFO Channel 07 : 6[81000] -> 7[82000] via SHM/direct/direct
paraai-n32-h-01-agent-107:2425715:2426563 [1] NCCL INFO Channel 04 : 5[2000] -> 6[81000] via SHM/direct/direct
paraai-n32-h-01-agent-107:2425716:2426553 [2] NCCL INFO Channel 08 : 6[81000] -> 7[82000] via SHM/direct/direct
paraai-n32-h-01-agent-107:2425715:2426563 [1] NCCL INFO Channel 06 : 5[2000] -> 6[81000] via SHM/direct/direct
paraai-n32-h-01-agent-107:2425716:2426553 [2] NCCL INFO Channel 09 : 6[81000] -> 7[82000] via SHM/direct/direct
paraai-n32-h-01-agent-107:2425715:2426563 [1] NCCL INFO Channel 08 : 5[2000] -> 6[81000] via SHM/direct/direct
paraai-n32-h-01-agent-107:2425716:2426553 [2] NCCL INFO Channel 10 : 6[81000] -> 7[82000] via SHM/direct/direct
paraai-n32-h-01-agent-107:2425715:2426563 [1] NCCL INFO Channel 10 : 5[2000] -> 6[81000] via SHM/direct/direct
paraai-n32-h-01-agent-107:2425716:2426553 [2] NCCL INFO Channel 11 : 6[81000] -> 7[82000] via SHM/direct/direct
paraai-n32-h-01-agent-107:2425715:2426563 [1] NCCL INFO Channel 12 : 5[2000] -> 6[81000] via SHM/direct/direct
paraai-n32-h-01-agent-107:2425716:2426553 [2] NCCL INFO Channel 12 : 6[81000] -> 7[82000] via SHM/direct/direct
paraai-n32-h-01-agent-107:2425715:2426563 [1] NCCL INFO Channel 14 : 5[2000] -> 6[81000] via SHM/direct/direct
paraai-n32-h-01-agent-107:2425716:2426553 [2] NCCL INFO Channel 13 : 6[81000] -> 7[82000] via SHM/direct/direct
paraai-n32-h-01-agent-107:2425716:2426553 [2] NCCL INFO Channel 14 : 6[81000] -> 7[82000] via SHM/direct/direct
paraai-n32-h-01-agent-107:2425716:2426553 [2] NCCL INFO Channel 15 : 6[81000] -> 7[82000] via SHM/direct/direct
paraai-n32-h-01-agent-107:2425717:2426555 [3] NCCL INFO Channel 00/0 : 7[82000] -> 8[1000] [send] via NET/IB/1
paraai-n32-h-01-agent-107:2425714:2426554 [0] NCCL INFO Channel 02/0 : 3[82000] -> 4[1000] [receive] via NET/IB/0
paraai-n32-h-01-agent-107:2425717:2426555 [3] NCCL INFO Channel 02/0 : 7[82000] -> 8[1000] [send] via NET/IB/1
paraai-n32-h-01-agent-107:2425714:2426554 [0] NCCL INFO Channel 04/0 : 3[82000] -> 4[1000] [receive] via NET/IB/0
paraai-n32-h-01-agent-107:2425717:2426555 [3] NCCL INFO Channel 04/0 : 7[82000] -> 8[1000] [send] via NET/IB/1
paraai-n32-h-01-agent-107:2425717:2426555 [3] NCCL INFO Channel 06/0 : 7[82000] -> 8[1000] [send] via NET/IB/1
paraai-n32-h-01-agent-107:2425714:2426554 [0] NCCL INFO Channel 06/0 : 3[82000] -> 4[1000] [receive] via NET/IB/0
paraai-n32-h-01-agent-107:2425717:2426555 [3] NCCL INFO Channel 08/0 : 7[82000] -> 8[1000] [send] via NET/IB/1
paraai-n32-h-01-agent-107:2425717:2426555 [3] NCCL INFO Channel 10/0 : 7[82000] -> 8[1000] [send] via NET/IB/1
paraai-n32-h-01-agent-107:2425717:2426555 [3] NCCL INFO Channel 12/0 : 7[82000] -> 8[1000] [send] via NET/IB/1
paraai-n32-h-01-agent-107:2425717:2426555 [3] NCCL INFO Channel 14/0 : 7[82000] -> 8[1000] [send] via NET/IB/1
paraai-n32-h-01-agent-107:2425716:2426553 [2] NCCL INFO Channel 01/0 : 0[1000] -> 6[81000] [receive] via NET/IB/1
paraai-n32-h-01-agent-107:2425716:2426553 [2] NCCL INFO Channel 03/0 : 0[1000] -> 6[81000] [receive] via NET/IB/1
paraai-n32-h-01-agent-107:2425714:2426554 [0] NCCL INFO Channel 08/0 : 3[82000] -> 4[1000] [receive] via NET/IB/0
paraai-n32-h-01-agent-107:2425717:2426568 [3] NCCL INFO NCCL_IB_GID_INDEX set by environment to 3.
paraai-n32-h-01-agent-107:2425716:2426553 [2] NCCL INFO Channel 05/0 : 0[1000] -> 6[81000] [receive] via NET/IB/1
paraai-n32-h-01-agent-107:2425714:2426554 [0] NCCL INFO Channel 10/0 : 3[82000] -> 4[1000] [receive] via NET/IB/0
paraai-n32-h-01-agent-107:2425716:2426553 [2] NCCL INFO Channel 07/0 : 0[1000] -> 6[81000] [receive] via NET/IB/1
paraai-n32-h-01-agent-107:2425714:2426554 [0] NCCL INFO Channel 12/0 : 3[82000] -> 4[1000] [receive] via NET/IB/0
paraai-n32-h-01-agent-107:2425714:2426554 [0] NCCL INFO Channel 14/0 : 3[82000] -> 4[1000] [receive] via NET/IB/0
paraai-n32-h-01-agent-107:2425714:2426554 [0] NCCL INFO Channel 00 : 4[1000] -> 5[2000] via SHM/direct/direct
paraai-n32-h-01-agent-107:2425714:2426554 [0] NCCL INFO Channel 02 : 4[1000] -> 5[2000] via SHM/direct/direct
paraai-n32-h-01-agent-107:2425714:2426554 [0] NCCL INFO Channel 04 : 4[1000] -> 5[2000] via SHM/direct/direct
paraai-n32-h-01-agent-107:2425714:2426554 [0] NCCL INFO Channel 06 : 4[1000] -> 5[2000] via SHM/direct/direct
paraai-n32-h-01-agent-107:2425714:2426554 [0] NCCL INFO Channel 08 : 4[1000] -> 5[2000] via SHM/direct/direct
paraai-n32-h-01-agent-107:2425714:2426554 [0] NCCL INFO Channel 10 : 4[1000] -> 5[2000] via SHM/direct/direct
paraai-n32-h-01-agent-107:2425714:2426554 [0] NCCL INFO Channel 12 : 4[1000] -> 5[2000] via SHM/direct/direct
paraai-n32-h-01-agent-107:2425714:2426554 [0] NCCL INFO Channel 14 : 4[1000] -> 5[2000] via SHM/direct/direct
paraai-n32-h-01-agent-107:2425714:2426569 [0] NCCL INFO NCCL_IB_GID_INDEX set by environment to 3.
paraai-n32-h-01-agent-107:2425716:2426553 [2] NCCL INFO Channel 09/0 : 0[1000] -> 6[81000] [receive] via NET/IB/1
paraai-n32-h-01-agent-107:2425717:2426555 [3] NCCL INFO Channel 01 : 7[82000] -> 5[2000] via SHM/direct/direct
paraai-n32-h-01-agent-107:2425717:2426555 [3] NCCL INFO Channel 03 : 7[82000] -> 5[2000] via SHM/direct/direct
paraai-n32-h-01-agent-107:2425717:2426555 [3] NCCL INFO Channel 05 : 7[82000] -> 5[2000] via SHM/direct/direct
paraai-n32-h-01-agent-107:2425717:2426555 [3] NCCL INFO Channel 07 : 7[82000] -> 5[2000] via SHM/direct/direct
paraai-n32-h-01-agent-107:2425717:2426555 [3] NCCL INFO Channel 09 : 7[82000] -> 5[2000] via SHM/direct/direct
paraai-n32-h-01-agent-107:2425717:2426555 [3] NCCL INFO Channel 11 : 7[82000] -> 5[2000] via SHM/direct/direct
paraai-n32-h-01-agent-107:2425717:2426555 [3] NCCL INFO Channel 13 : 7[82000] -> 5[2000] via SHM/direct/direct
paraai-n32-h-01-agent-107:2425717:2426555 [3] NCCL INFO Channel 15 : 7[82000] -> 5[2000] via SHM/direct/direct
paraai-n32-h-01-agent-107:2425715:2426563 [1] NCCL INFO Channel 01 : 5[2000] -> 4[1000] via SHM/direct/direct
paraai-n32-h-01-agent-107:2425715:2426563 [1] NCCL INFO Channel 03 : 5[2000] -> 4[1000] via SHM/direct/direct
paraai-n32-h-01-agent-107:2425715:2426563 [1] NCCL INFO Channel 05 : 5[2000] -> 4[1000] via SHM/direct/direct
paraai-n32-h-01-agent-107:2425715:2426563 [1] NCCL INFO Channel 07 : 5[2000] -> 4[1000] via SHM/direct/direct
paraai-n32-h-01-agent-107:2425715:2426563 [1] NCCL INFO Channel 09 : 5[2000] -> 4[1000] via SHM/direct/direct
paraai-n32-h-01-agent-107:2425715:2426563 [1] NCCL INFO Channel 11 : 5[2000] -> 4[1000] via SHM/direct/direct
paraai-n32-h-01-agent-107:2425715:2426563 [1] NCCL INFO Channel 13 : 5[2000] -> 4[1000] via SHM/direct/direct
paraai-n32-h-01-agent-107:2425715:2426563 [1] NCCL INFO Channel 15 : 5[2000] -> 4[1000] via SHM/direct/direct
paraai-n32-h-01-agent-107:2425717:2426555 [3] NCCL INFO Connected all rings
paraai-n32-h-01-agent-107:2425716:2426553 [2] NCCL INFO Channel 11/0 : 0[1000] -> 6[81000] [receive] via NET/IB/1
paraai-n32-h-01-agent-107:2425717:2426555 [3] NCCL INFO Channel 03/0 : 7[82000] -> 10[81000] [send] via NET/IB/1
paraai-n32-h-01-agent-107:2425716:2426553 [2] NCCL INFO Channel 13/0 : 0[1000] -> 6[81000] [receive] via NET/IB/1
paraai-n32-h-01-agent-107:2425717:2426555 [3] NCCL INFO Channel 07/0 : 7[82000] -> 10[81000] [send] via NET/IB/1
paraai-n32-h-01-agent-107:2425716:2426553 [2] NCCL INFO Channel 15/0 : 0[1000] -> 6[81000] [receive] via NET/IB/1
paraai-n32-h-01-agent-107:2425717:2426555 [3] NCCL INFO Channel 11/0 : 7[82000] -> 10[81000] [send] via NET/IB/1
paraai-n32-h-01-agent-107:2425714:2426554 [0] NCCL INFO Channel 01/0 : 4[1000] -> 10[81000] [send] via NET/IB/0
paraai-n32-h-01-agent-107:2425716:2426566 [2] NCCL INFO NCCL_IB_GID_INDEX set by environment to 3.
paraai-n32-h-01-agent-107:2425717:2426555 [3] NCCL INFO Channel 15/0 : 7[82000] -> 10[81000] [send] via NET/IB/1
paraai-n32-h-01-agent-107:2425714:2426554 [0] NCCL INFO Channel 03/0 : 4[1000] -> 10[81000] [send] via NET/IB/0
paraai-n32-h-01-agent-107:2425716:2426553 [2] NCCL INFO Connected all rings
paraai-n32-h-01-agent-107:2425716:2426553 [2] NCCL INFO Channel 03/0 : 2[81000] -> 6[81000] [receive] via NET/IB/1
paraai-n32-h-01-agent-107:2425714:2426554 [0] NCCL INFO Channel 05/0 : 4[1000] -> 10[81000] [send] via NET/IB/0
paraai-n32-h-01-agent-107:2425716:2426553 [2] NCCL INFO Channel 07/0 : 2[81000] -> 6[81000] [receive] via NET/IB/1
paraai-n32-h-01-agent-107:2425714:2426554 [0] NCCL INFO Channel 07/0 : 4[1000] -> 10[81000] [send] via NET/IB/0
paraai-n32-h-01-agent-107:2425716:2426553 [2] NCCL INFO Channel 11/0 : 2[81000] -> 6[81000] [receive] via NET/IB/1
paraai-n32-h-01-agent-107:2425714:2426554 [0] NCCL INFO Channel 09/0 : 4[1000] -> 10[81000] [send] via NET/IB/0
paraai-n32-h-01-agent-107:2425716:2426553 [2] NCCL INFO Channel 15/0 : 2[81000] -> 6[81000] [receive] via NET/IB/1
paraai-n32-h-01-agent-107:2425714:2426554 [0] NCCL INFO Channel 11/0 : 4[1000] -> 10[81000] [send] via NET/IB/0
paraai-n32-h-01-agent-107:2425714:2426554 [0] NCCL INFO Channel 13/0 : 4[1000] -> 10[81000] [send] via NET/IB/0
paraai-n32-h-01-agent-107:2425714:2426554 [0] NCCL INFO Channel 15/0 : 4[1000] -> 10[81000] [send] via NET/IB/0
paraai-n32-h-01-agent-107:2425714:2426554 [0] NCCL INFO Connected all rings
paraai-n32-h-01-agent-107:2425714:2426554 [0] NCCL INFO Channel 01 : 4[1000] -> 5[2000] via SHM/direct/direct
paraai-n32-h-01-agent-107:2425714:2426554 [0] NCCL INFO Channel 03 : 4[1000] -> 5[2000] via SHM/direct/direct
paraai-n32-h-01-agent-107:2425714:2426554 [0] NCCL INFO Channel 05 : 4[1000] -> 5[2000] via SHM/direct/direct
paraai-n32-h-01-agent-107:2425714:2426554 [0] NCCL INFO Channel 07 : 4[1000] -> 5[2000] via SHM/direct/direct
paraai-n32-h-01-agent-107:2425714:2426554 [0] NCCL INFO Channel 09 : 4[1000] -> 5[2000] via SHM/direct/direct
paraai-n32-h-01-agent-107:2425714:2426554 [0] NCCL INFO Channel 11 : 4[1000] -> 5[2000] via SHM/direct/direct
paraai-n32-h-01-agent-107:2425714:2426554 [0] NCCL INFO Channel 13 : 4[1000] -> 5[2000] via SHM/direct/direct
paraai-n32-h-01-agent-107:2425714:2426554 [0] NCCL INFO Channel 15 : 4[1000] -> 5[2000] via SHM/direct/direct
paraai-n32-h-01-agent-107:2425715:2426563 [1] NCCL INFO Connected all rings
paraai-n32-h-01-agent-107:2425714:2426554 [0] NCCL INFO Channel 01 : 4[1000] -> 7[82000] via SHM/direct/direct
paraai-n32-h-01-agent-107:2425714:2426554 [0] NCCL INFO Channel 03 : 4[1000] -> 7[82000] via SHM/direct/direct
paraai-n32-h-01-agent-107:2425714:2426554 [0] NCCL INFO Channel 05 : 4[1000] -> 7[82000] via SHM/direct/direct
paraai-n32-h-01-agent-107:2425714:2426554 [0] NCCL INFO Channel 07 : 4[1000] -> 7[82000] via SHM/direct/direct
paraai-n32-h-01-agent-107:2425714:2426554 [0] NCCL INFO Channel 09 : 4[1000] -> 7[82000] via SHM/direct/direct
paraai-n32-h-01-agent-107:2425714:2426554 [0] NCCL INFO Channel 11 : 4[1000] -> 7[82000] via SHM/direct/direct
paraai-n32-h-01-agent-107:2425714:2426554 [0] NCCL INFO Channel 13 : 4[1000] -> 7[82000] via SHM/direct/direct
paraai-n32-h-01-agent-107:2425714:2426554 [0] NCCL INFO Channel 15 : 4[1000] -> 7[82000] via SHM/direct/direct
paraai-n32-h-01-agent-107:2425715:2426563 [1] NCCL INFO Channel 02/0 : 5[2000] -> 8[1000] [send] via NET/IB/0
paraai-n32-h-01-agent-107:2425715:2426563 [1] NCCL INFO Channel 06/0 : 5[2000] -> 8[1000] [send] via NET/IB/0
paraai-n32-h-01-agent-107:2425714:2426554 [0] NCCL INFO Channel 02/0 : 0[1000] -> 4[1000] [receive] via NET/IB/0
paraai-n32-h-01-agent-107:2425715:2426563 [1] NCCL INFO Channel 10/0 : 5[2000] -> 8[1000] [send] via NET/IB/0
paraai-n32-h-01-agent-107:2425714:2426554 [0] NCCL INFO Channel 06/0 : 0[1000] -> 4[1000] [receive] via NET/IB/0
paraai-n32-h-01-agent-107:2425716:2426553 [2] NCCL INFO Channel 01/0 : 6[81000] -> 11[82000] [send] via NET/IB/1
paraai-n32-h-01-agent-107:2425715:2426563 [1] NCCL INFO Channel 14/0 : 5[2000] -> 8[1000] [send] via NET/IB/0
paraai-n32-h-01-agent-107:2425714:2426554 [0] NCCL INFO Channel 10/0 : 0[1000] -> 4[1000] [receive] via NET/IB/0
paraai-n32-h-01-agent-107:2425715:2426567 [1] NCCL INFO NCCL_IB_GID_INDEX set by environment to 3.
paraai-n32-h-01-agent-107:2425716:2426553 [2] NCCL INFO Channel 05/0 : 6[81000] -> 11[82000] [send] via NET/IB/1
paraai-n32-h-01-agent-107:2425714:2426554 [0] NCCL INFO Channel 14/0 : 0[1000] -> 4[1000] [receive] via NET/IB/0
paraai-n32-h-01-agent-107:2425717:2426555 [3] NCCL INFO Channel 03/0 : 10[81000] -> 7[82000] [receive] via NET/IB/1
paraai-n32-h-01-agent-107:2425714:2426554 [0] NCCL INFO Channel 00/0 : 4[1000] -> 9[2000] [send] via NET/IB/0
paraai-n32-h-01-agent-107:2425716:2426553 [2] NCCL INFO Channel 09/0 : 6[81000] -> 11[82000] [send] via NET/IB/1
paraai-n32-h-01-agent-107:2425717:2426555 [3] NCCL INFO Channel 07/0 : 10[81000] -> 7[82000] [receive] via NET/IB/1
paraai-n32-h-01-agent-107:2425714:2426554 [0] NCCL INFO Channel 04/0 : 4[1000] -> 9[2000] [send] via NET/IB/0
paraai-n32-h-01-agent-107:2425716:2426553 [2] NCCL INFO Channel 13/0 : 6[81000] -> 11[82000] [send] via NET/IB/1
paraai-n32-h-01-agent-107:2425715:2426563 [1] NCCL INFO Channel 02/0 : 8[1000] -> 5[2000] [receive] via NET/IB/0
paraai-n32-h-01-agent-107:2425714:2426554 [0] NCCL INFO Channel 08/0 : 4[1000] -> 9[2000] [send] via NET/IB/0
paraai-n32-h-01-agent-107:2425717:2426555 [3] NCCL INFO Channel 11/0 : 10[81000] -> 7[82000] [receive] via NET/IB/1
paraai-n32-h-01-agent-107:2425716:2426553 [2] NCCL INFO Channel 03/0 : 14[81000] -> 6[81000] [receive] via NET/IB/1
paraai-n32-h-01-agent-107:2425715:2426563 [1] NCCL INFO Channel 06/0 : 8[1000] -> 5[2000] [receive] via NET/IB/0
paraai-n32-h-01-agent-107:2425714:2426554 [0] NCCL INFO Channel 12/0 : 4[1000] -> 9[2000] [send] via NET/IB/0
paraai-n32-h-01-agent-107:2425717:2426555 [3] NCCL INFO Channel 15/0 : 10[81000] -> 7[82000] [receive] via NET/IB/1
paraai-n32-h-01-agent-107:2425717:2426555 [3] NCCL INFO Channel 01 : 7[82000] -> 4[1000] via SHM/direct/direct
paraai-n32-h-01-agent-107:2425717:2426555 [3] NCCL INFO Channel 03 : 7[82000] -> 4[1000] via SHM/direct/direct
paraai-n32-h-01-agent-107:2425717:2426555 [3] NCCL INFO Channel 05 : 7[82000] -> 4[1000] via SHM/direct/direct
paraai-n32-h-01-agent-107:2425717:2426555 [3] NCCL INFO Channel 07 : 7[82000] -> 4[1000] via SHM/direct/direct
paraai-n32-h-01-agent-107:2425717:2426555 [3] NCCL INFO Channel 09 : 7[82000] -> 4[1000] via SHM/direct/direct
paraai-n32-h-01-agent-107:2425717:2426555 [3] NCCL INFO Channel 11 : 7[82000] -> 4[1000] via SHM/direct/direct
paraai-n32-h-01-agent-107:2425717:2426555 [3] NCCL INFO Channel 13 : 7[82000] -> 4[1000] via SHM/direct/direct
paraai-n32-h-01-agent-107:2425717:2426555 [3] NCCL INFO Channel 15 : 7[82000] -> 4[1000] via SHM/direct/direct
paraai-n32-h-01-agent-107:2425716:2426553 [2] NCCL INFO Channel 07/0 : 14[81000] -> 6[81000] [receive] via NET/IB/1
paraai-n32-h-01-agent-107:2425715:2426563 [1] NCCL INFO Channel 10/0 : 8[1000] -> 5[2000] [receive] via NET/IB/0
paraai-n32-h-01-agent-107:2425714:2426554 [0] NCCL INFO Channel 02/0 : 12[1000] -> 4[1000] [receive] via NET/IB/0
paraai-n32-h-01-agent-107:2425716:2426553 [2] NCCL INFO Channel 11/0 : 14[81000] -> 6[81000] [receive] via NET/IB/1
paraai-n32-h-01-agent-107:2425715:2426563 [1] NCCL INFO Channel 14/0 : 8[1000] -> 5[2000] [receive] via NET/IB/0
paraai-n32-h-01-agent-107:2425714:2426554 [0] NCCL INFO Channel 06/0 : 12[1000] -> 4[1000] [receive] via NET/IB/0
paraai-n32-h-01-agent-107:2425716:2426553 [2] NCCL INFO Channel 15/0 : 14[81000] -> 6[81000] [receive] via NET/IB/1
paraai-n32-h-01-agent-107:2425714:2426554 [0] NCCL INFO Channel 10/0 : 12[1000] -> 4[1000] [receive] via NET/IB/0
paraai-n32-h-01-agent-107:2425716:2426553 [2] NCCL INFO Channel 03/0 : 6[81000] -> 14[81000] [send] via NET/IB/1
paraai-n32-h-01-agent-107:2425714:2426554 [0] NCCL INFO Channel 14/0 : 12[1000] -> 4[1000] [receive] via NET/IB/0
paraai-n32-h-01-agent-107:2425716:2426553 [2] NCCL INFO Channel 07/0 : 6[81000] -> 14[81000] [send] via NET/IB/1
paraai-n32-h-01-agent-107:2425714:2426554 [0] NCCL INFO Channel 02/0 : 4[1000] -> 12[1000] [send] via NET/IB/0
paraai-n32-h-01-agent-107:2425716:2426553 [2] NCCL INFO Channel 11/0 : 6[81000] -> 14[81000] [send] via NET/IB/1
paraai-n32-h-01-agent-107:2425714:2426554 [0] NCCL INFO Channel 06/0 : 4[1000] -> 12[1000] [send] via NET/IB/0
paraai-n32-h-01-agent-107:2425716:2426553 [2] NCCL INFO Channel 15/0 : 6[81000] -> 14[81000] [send] via NET/IB/1
paraai-n32-h-01-agent-107:2425714:2426554 [0] NCCL INFO Channel 10/0 : 4[1000] -> 12[1000] [send] via NET/IB/0
paraai-n32-h-01-agent-107:2425714:2426554 [0] NCCL INFO Channel 14/0 : 4[1000] -> 12[1000] [send] via NET/IB/0
paraai-n32-h-01-agent-107:2425716:2426553 [2] NCCL INFO Channel 01/0 : 11[82000] -> 6[81000] [receive] via NET/IB/1
paraai-n32-h-01-agent-107:2425714:2426554 [0] NCCL INFO Channel 00/0 : 9[2000] -> 4[1000] [receive] via NET/IB/0
paraai-n32-h-01-agent-107:2425716:2426553 [2] NCCL INFO Channel 05/0 : 11[82000] -> 6[81000] [receive] via NET/IB/1
paraai-n32-h-01-agent-107:2425714:2426554 [0] NCCL INFO Channel 04/0 : 9[2000] -> 4[1000] [receive] via NET/IB/0
paraai-n32-h-01-agent-107:2425716:2426553 [2] NCCL INFO Channel 09/0 : 11[82000] -> 6[81000] [receive] via NET/IB/1
paraai-n32-h-01-agent-107:2425714:2426554 [0] NCCL INFO Channel 08/0 : 9[2000] -> 4[1000] [receive] via NET/IB/0
paraai-n32-h-01-agent-107:2425716:2426553 [2] NCCL INFO Channel 13/0 : 11[82000] -> 6[81000] [receive] via NET/IB/1
paraai-n32-h-01-agent-107:2425714:2426554 [0] NCCL INFO Channel 12/0 : 9[2000] -> 4[1000] [receive] via NET/IB/0
paraai-n32-h-01-agent-107:2425716:2426553 [2] NCCL INFO Channel 03/0 : 6[81000] -> 2[81000] [send] via NET/IB/1
paraai-n32-h-01-agent-107:2425714:2426554 [0] NCCL INFO Channel 02/0 : 4[1000] -> 0[1000] [send] via NET/IB/0
paraai-n32-h-01-agent-107:2425716:2426553 [2] NCCL INFO Channel 07/0 : 6[81000] -> 2[81000] [send] via NET/IB/1
paraai-n32-h-01-agent-107:2425716:2426553 [2] NCCL INFO Channel 11/0 : 6[81000] -> 2[81000] [send] via NET/IB/1
paraai-n32-h-01-agent-107:2425714:2426554 [0] NCCL INFO Channel 06/0 : 4[1000] -> 0[1000] [send] via NET/IB/0
paraai-n32-h-01-agent-107:2425714:2426554 [0] NCCL INFO Channel 10/0 : 4[1000] -> 0[1000] [send] via NET/IB/0
paraai-n32-h-01-agent-107:2425716:2426553 [2] NCCL INFO Channel 15/0 : 6[81000] -> 2[81000] [send] via NET/IB/1
paraai-n32-h-01-agent-107:2425716:2426553 [2] NCCL INFO Channel 00 : 6[81000] -> 5[2000] via SHM/direct/direct
paraai-n32-h-01-agent-107:2425716:2426553 [2] NCCL INFO Channel 02 : 6[81000] -> 5[2000] via SHM/direct/direct
paraai-n32-h-01-agent-107:2425716:2426553 [2] NCCL INFO Channel 04 : 6[81000] -> 5[2000] via SHM/direct/direct
paraai-n32-h-01-agent-107:2425716:2426553 [2] NCCL INFO Channel 06 : 6[81000] -> 5[2000] via SHM/direct/direct
paraai-n32-h-01-agent-107:2425716:2426553 [2] NCCL INFO Channel 08 : 6[81000] -> 5[2000] via SHM/direct/direct
paraai-n32-h-01-agent-107:2425716:2426553 [2] NCCL INFO Channel 10 : 6[81000] -> 5[2000] via SHM/direct/direct
paraai-n32-h-01-agent-107:2425716:2426553 [2] NCCL INFO Channel 12 : 6[81000] -> 5[2000] via SHM/direct/direct
paraai-n32-h-01-agent-107:2425716:2426553 [2] NCCL INFO Channel 14 : 6[81000] -> 5[2000] via SHM/direct/direct
paraai-n32-h-01-agent-107:2425714:2426554 [0] NCCL INFO Channel 14/0 : 4[1000] -> 0[1000] [send] via NET/IB/0
paraai-n32-h-01-agent-107:2425717:2426555 [3] NCCL INFO Channel 00 : 7[82000] -> 6[81000] via SHM/direct/direct
paraai-n32-h-01-agent-107:2425717:2426555 [3] NCCL INFO Channel 01 : 7[82000] -> 6[81000] via SHM/direct/direct
paraai-n32-h-01-agent-107:2425717:2426555 [3] NCCL INFO Channel 02 : 7[82000] -> 6[81000] via SHM/direct/direct
paraai-n32-h-01-agent-107:2425717:2426555 [3] NCCL INFO Channel 03 : 7[82000] -> 6[81000] via SHM/direct/direct
paraai-n32-h-01-agent-107:2425717:2426555 [3] NCCL INFO Channel 04 : 7[82000] -> 6[81000] via SHM/direct/direct
paraai-n32-h-01-agent-107:2425717:2426555 [3] NCCL INFO Channel 05 : 7[82000] -> 6[81000] via SHM/direct/direct
paraai-n32-h-01-agent-107:2425717:2426555 [3] NCCL INFO Channel 06 : 7[82000] -> 6[81000] via SHM/direct/direct
paraai-n32-h-01-agent-107:2425717:2426555 [3] NCCL INFO Channel 07 : 7[82000] -> 6[81000] via SHM/direct/direct
paraai-n32-h-01-agent-107:2425717:2426555 [3] NCCL INFO Channel 08 : 7[82000] -> 6[81000] via SHM/direct/direct
paraai-n32-h-01-agent-107:2425717:2426555 [3] NCCL INFO Channel 09 : 7[82000] -> 6[81000] via SHM/direct/direct
paraai-n32-h-01-agent-107:2425717:2426555 [3] NCCL INFO Channel 10 : 7[82000] -> 6[81000] via SHM/direct/direct
paraai-n32-h-01-agent-107:2425717:2426555 [3] NCCL INFO Channel 11 : 7[82000] -> 6[81000] via SHM/direct/direct
paraai-n32-h-01-agent-107:2425717:2426555 [3] NCCL INFO Channel 12 : 7[82000] -> 6[81000] via SHM/direct/direct
paraai-n32-h-01-agent-107:2425717:2426555 [3] NCCL INFO Channel 13 : 7[82000] -> 6[81000] via SHM/direct/direct
paraai-n32-h-01-agent-107:2425717:2426555 [3] NCCL INFO Channel 14 : 7[82000] -> 6[81000] via SHM/direct/direct
paraai-n32-h-01-agent-107:2425717:2426555 [3] NCCL INFO Channel 15 : 7[82000] -> 6[81000] via SHM/direct/direct
paraai-n32-h-01-agent-107:2425717:2426555 [3] NCCL INFO Connected all trees
paraai-n32-h-01-agent-107:2425717:2426555 [3] NCCL INFO threadThresholds 8/8/64 | 128/8/64 | 512 | 512
paraai-n32-h-01-agent-107:2425717:2426555 [3] NCCL INFO 16 coll channels, 16 p2p channels, 2 p2p channels per peer
paraai-n32-h-01-agent-107:2425715:2426563 [1] NCCL INFO Channel 00 : 5[2000] -> 4[1000] via SHM/direct/direct
paraai-n32-h-01-agent-107:2425715:2426563 [1] NCCL INFO Channel 02 : 5[2000] -> 4[1000] via SHM/direct/direct
paraai-n32-h-01-agent-107:2425715:2426563 [1] NCCL INFO Channel 04 : 5[2000] -> 4[1000] via SHM/direct/direct
paraai-n32-h-01-agent-107:2425715:2426563 [1] NCCL INFO Channel 06 : 5[2000] -> 4[1000] via SHM/direct/direct
paraai-n32-h-01-agent-107:2425715:2426563 [1] NCCL INFO Channel 08 : 5[2000] -> 4[1000] via SHM/direct/direct
paraai-n32-h-01-agent-107:2425715:2426563 [1] NCCL INFO Channel 10 : 5[2000] -> 4[1000] via SHM/direct/direct
paraai-n32-h-01-agent-107:2425715:2426563 [1] NCCL INFO Channel 12 : 5[2000] -> 4[1000] via SHM/direct/direct
paraai-n32-h-01-agent-107:2425715:2426563 [1] NCCL INFO Channel 14 : 5[2000] -> 4[1000] via SHM/direct/direct
paraai-n32-h-01-agent-107:2425714:2426554 [0] NCCL INFO Connected all trees
paraai-n32-h-01-agent-107:2425714:2426554 [0] NCCL INFO threadThresholds 8/8/64 | 128/8/64 | 512 | 512
paraai-n32-h-01-agent-107:2425714:2426554 [0] NCCL INFO 16 coll channels, 16 p2p channels, 2 p2p channels per peer
paraai-n32-h-01-agent-107:2425715:2426563 [1] NCCL INFO Connected all trees
paraai-n32-h-01-agent-107:2425715:2426563 [1] NCCL INFO threadThresholds 8/8/64 | 128/8/64 | 512 | 512
paraai-n32-h-01-agent-107:2425715:2426563 [1] NCCL INFO 16 coll channels, 16 p2p channels, 2 p2p channels per peer
paraai-n32-h-01-agent-107:2425716:2426553 [2] NCCL INFO Connected all trees
paraai-n32-h-01-agent-107:2425716:2426553 [2] NCCL INFO threadThresholds 8/8/64 | 128/8/64 | 512 | 512
paraai-n32-h-01-agent-107:2425716:2426553 [2] NCCL INFO 16 coll channels, 16 p2p channels, 2 p2p channels per peer
paraai-n32-h-01-agent-107:2425717:2426555 [3] NCCL INFO comm 0x2fb98280 rank 7 nranks 16 cudaDev 3 busId 82000 - Init COMPLETE
paraai-n32-h-01-agent-107:2425716:2426553 [2] NCCL INFO comm 0x2177cf40 rank 6 nranks 16 cudaDev 2 busId 81000 - Init COMPLETE
paraai-n32-h-01-agent-107:2425715:2426563 [1] NCCL INFO comm 0xbf8e940 rank 5 nranks 16 cudaDev 1 busId 2000 - Init COMPLETE
paraai-n32-h-01-agent-107:2425714:2426554 [0] NCCL INFO comm 0x12209900 rank 4 nranks 16 cudaDev 0 busId 1000 - Init COMPLETE
2023-07-08 11:33:18,956 - root - INFO - validating...
2023-07-08 11:33:18,956 - root - INFO - validating...
2023-07-08 11:33:18,956 - root - INFO - validating...
2023-07-08 11:33:18,957 - root - INFO - validating...
2023-07-08 11:47:40,660 - root - INFO - validating...
2023-07-08 11:47:40,660 - root - INFO - validating...
2023-07-08 11:47:40,660 - root - INFO - validating...
2023-07-08 11:47:40,660 - root - INFO - validating...
2023-07-08 12:02:04,819 - root - INFO - validating...
2023-07-08 12:02:04,819 - root - INFO - validating...
2023-07-08 12:02:04,819 - root - INFO - validating...
2023-07-08 12:02:04,822 - root - INFO - validating...
2023-07-08 12:16:28,198 - root - INFO - validating...
2023-07-08 12:16:28,198 - root - INFO - validating...
2023-07-08 12:16:28,198 - root - INFO - validating...
2023-07-08 12:16:28,199 - root - INFO - validating...
2023-07-08 12:30:51,983 - root - INFO - validating...
2023-07-08 12:30:51,983 - root - INFO - validating...
2023-07-08 12:30:51,983 - root - INFO - validating...
2023-07-08 12:30:51,983 - root - INFO - validating...
2023-07-08 12:45:22,345 - root - INFO - validating...
2023-07-08 12:45:22,346 - root - INFO - validating...
2023-07-08 12:45:22,346 - root - INFO - validating...
2023-07-08 12:45:22,346 - root - INFO - validating...
2023-07-08 12:59:50,224 - root - INFO - validating...
2023-07-08 12:59:50,225 - root - INFO - validating...
2023-07-08 12:59:50,225 - root - INFO - validating...
2023-07-08 12:59:50,226 - root - INFO - validating...
2023-07-08 13:14:13,233 - root - INFO - validating...
2023-07-08 13:14:13,233 - root - INFO - validating...
2023-07-08 13:14:13,234 - root - INFO - validating...
2023-07-08 13:14:13,234 - root - INFO - validating...
2023-07-08 13:28:31,954 - root - INFO - validating...
2023-07-08 13:28:31,954 - root - INFO - validating...
2023-07-08 13:28:31,955 - root - INFO - validating...
2023-07-08 13:28:31,956 - root - INFO - validating...
2023-07-08 13:42:56,859 - root - INFO - validating...
2023-07-08 13:42:56,859 - root - INFO - validating...
2023-07-08 13:42:56,860 - root - INFO - validating...
2023-07-08 13:42:56,860 - root - INFO - validating...
2023-07-08 13:57:20,990 - root - INFO - validating...
2023-07-08 13:57:20,990 - root - INFO - validating...
2023-07-08 13:57:20,990 - root - INFO - validating...
2023-07-08 13:57:20,991 - root - INFO - validating...
2023-07-08 14:11:40,196 - root - INFO - validating...
2023-07-08 14:11:40,196 - root - INFO - validating...
2023-07-08 14:11:40,196 - root - INFO - validating...
2023-07-08 14:11:40,196 - root - INFO - validating...
2023-07-08 14:26:04,406 - root - INFO - validating...
2023-07-08 14:26:04,406 - root - INFO - validating...
2023-07-08 14:26:04,406 - root - INFO - validating...
2023-07-08 14:26:04,408 - root - INFO - validating...
2023-07-08 14:40:28,233 - root - INFO - validating...
2023-07-08 14:40:28,233 - root - INFO - validating...
2023-07-08 14:40:28,233 - root - INFO - validating...
2023-07-08 14:40:28,236 - root - INFO - validating...
2023-07-08 14:54:53,342 - root - INFO - validating...
2023-07-08 14:54:53,343 - root - INFO - validating...
2023-07-08 14:54:53,345 - root - INFO - validating...
2023-07-08 14:54:53,345 - root - INFO - validating...
2023-07-08 15:09:23,643 - root - INFO - validating...
2023-07-08 15:09:23,643 - root - INFO - validating...
2023-07-08 15:09:23,643 - root - INFO - validating...
2023-07-08 15:09:23,643 - root - INFO - validating...
2023-07-08 15:23:55,048 - root - INFO - validating...
2023-07-08 15:23:55,048 - root - INFO - validating...
2023-07-08 15:23:55,049 - root - INFO - validating...
2023-07-08 15:23:55,053 - root - INFO - validating...
2023-07-08 15:38:23,587 - root - INFO - validating...
2023-07-08 15:38:23,586 - root - INFO - validating...
2023-07-08 15:38:23,587 - root - INFO - validating...
2023-07-08 15:38:23,589 - root - INFO - validating...
2023-07-08 15:52:48,014 - root - INFO - validating...
2023-07-08 15:52:48,015 - root - INFO - validating...
2023-07-08 15:52:48,015 - root - INFO - validating...
2023-07-08 15:52:48,017 - root - INFO - validating...
2023-07-08 16:07:07,635 - root - INFO - validating...
2023-07-08 16:07:07,635 - root - INFO - validating...
2023-07-08 16:07:07,636 - root - INFO - validating...
2023-07-08 16:07:07,637 - root - INFO - validating...
2023-07-08 16:21:30,386 - root - INFO - validating...
2023-07-08 16:21:30,386 - root - INFO - validating...
2023-07-08 16:21:30,386 - root - INFO - validating...
2023-07-08 16:21:30,389 - root - INFO - validating...
2023-07-08 16:35:51,300 - root - INFO - validating...
2023-07-08 16:35:51,300 - root - INFO - validating...
2023-07-08 16:35:51,300 - root - INFO - validating...
2023-07-08 16:35:51,301 - root - INFO - validating...
2023-07-08 16:50:15,502 - root - INFO - validating...
2023-07-08 16:50:15,503 - root - INFO - validating...
2023-07-08 16:50:15,503 - root - INFO - validating...
2023-07-08 16:50:15,506 - root - INFO - validating...
2023-07-08 17:04:43,629 - root - INFO - validating...
2023-07-08 17:04:43,629 - root - INFO - validating...
2023-07-08 17:04:43,631 - root - INFO - validating...
2023-07-08 17:04:43,632 - root - INFO - validating...
2023-07-08 17:19:12,200 - root - INFO - validating...
2023-07-08 17:19:12,200 - root - INFO - validating...
2023-07-08 17:19:12,201 - root - INFO - validating...
2023-07-08 17:19:12,203 - root - INFO - validating...
2023-07-08 17:33:38,836 - root - INFO - validating...
2023-07-08 17:33:38,836 - root - INFO - validating...
2023-07-08 17:33:38,838 - root - INFO - validating...
2023-07-08 17:33:38,838 - root - INFO - validating...
2023-07-08 17:47:59,630 - root - INFO - validating...
2023-07-08 17:47:59,630 - root - INFO - validating...
2023-07-08 17:47:59,630 - root - INFO - validating...
2023-07-08 17:47:59,633 - root - INFO - validating...
2023-07-08 18:02:20,958 - root - INFO - validating...
2023-07-08 18:02:20,958 - root - INFO - validating...
2023-07-08 18:02:20,959 - root - INFO - validating...
2023-07-08 18:02:20,961 - root - INFO - validating...
2023-07-08 18:16:46,255 - root - INFO - validating...
2023-07-08 18:16:46,256 - root - INFO - validating...
2023-07-08 18:16:46,257 - root - INFO - validating...
2023-07-08 18:16:46,257 - root - INFO - validating...
2023-07-08 18:31:17,028 - root - INFO - validating...
2023-07-08 18:31:17,029 - root - INFO - validating...
2023-07-08 18:31:17,029 - root - INFO - validating...
2023-07-08 18:31:17,032 - root - INFO - validating...
2023-07-08 18:45:40,571 - root - INFO - validating...
2023-07-08 18:45:40,571 - root - INFO - validating...
2023-07-08 18:45:40,572 - root - INFO - validating...
2023-07-08 18:45:40,573 - root - INFO - validating...
2023-07-08 19:00:03,358 - root - INFO - validating...
2023-07-08 19:00:03,358 - root - INFO - validating...
2023-07-08 19:00:03,358 - root - INFO - validating...
2023-07-08 19:00:03,359 - root - INFO - validating...
2023-07-08 19:14:31,859 - root - INFO - validating...
2023-07-08 19:14:31,859 - root - INFO - validating...
2023-07-08 19:14:31,859 - root - INFO - validating...
2023-07-08 19:14:31,861 - root - INFO - validating...
2023-07-08 19:28:57,879 - root - INFO - validating...
2023-07-08 19:28:57,879 - root - INFO - validating...
2023-07-08 19:28:57,879 - root - INFO - validating...
2023-07-08 19:28:57,881 - root - INFO - validating...
2023-07-08 19:43:18,512 - root - INFO - validating...
2023-07-08 19:43:18,511 - root - INFO - validating...
2023-07-08 19:43:18,512 - root - INFO - validating...
2023-07-08 19:43:18,512 - root - INFO - validating...
2023-07-08 19:57:45,753 - root - INFO - validating...
2023-07-08 19:57:45,753 - root - INFO - validating...
2023-07-08 19:57:45,753 - root - INFO - validating...
2023-07-08 19:57:45,756 - root - INFO - validating...
2023-07-08 20:12:08,022 - root - INFO - validating...
2023-07-08 20:12:08,024 - root - INFO - validating...
2023-07-08 20:12:08,024 - root - INFO - validating...
2023-07-08 20:12:08,028 - root - INFO - validating...
2023-07-08 20:26:33,389 - root - INFO - validating...
2023-07-08 20:26:33,389 - root - INFO - validating...
2023-07-08 20:26:33,390 - root - INFO - validating...
2023-07-08 20:26:33,392 - root - INFO - validating...
2023-07-08 20:41:01,140 - root - INFO - validating...
2023-07-08 20:41:01,140 - root - INFO - validating...
2023-07-08 20:41:01,141 - root - INFO - validating...
2023-07-08 20:41:01,143 - root - INFO - validating...
2023-07-08 20:55:25,960 - root - INFO - validating...
2023-07-08 20:55:25,961 - root - INFO - validating...
2023-07-08 20:55:25,963 - root - INFO - validating...
2023-07-08 20:55:25,963 - root - INFO - validating...
2023-07-08 21:09:52,281 - root - INFO - validating...
2023-07-08 21:09:52,281 - root - INFO - validating...
2023-07-08 21:09:52,281 - root - INFO - validating...
2023-07-08 21:09:52,284 - root - INFO - validating...
2023-07-08 21:24:17,554 - root - INFO - validating...
2023-07-08 21:24:17,554 - root - INFO - validating...
2023-07-08 21:24:17,556 - root - INFO - validating...
2023-07-08 21:24:17,556 - root - INFO - validating...
2023-07-08 21:38:43,725 - root - INFO - validating...
2023-07-08 21:38:43,725 - root - INFO - validating...
2023-07-08 21:38:43,726 - root - INFO - validating...
2023-07-08 21:38:43,727 - root - INFO - validating...
2023-07-08 21:53:05,402 - root - INFO - validating...
2023-07-08 21:53:05,402 - root - INFO - validating...
2023-07-08 21:53:05,402 - root - INFO - validating...
2023-07-08 21:53:05,404 - root - INFO - validating...
2023-07-08 22:07:32,986 - root - INFO - validating...
2023-07-08 22:07:32,987 - root - INFO - validating...
2023-07-08 22:07:32,987 - root - INFO - validating...
2023-07-08 22:07:32,987 - root - INFO - validating...
2023-07-08 22:22:01,076 - root - INFO - validating...
2023-07-08 22:22:01,076 - root - INFO - validating...
2023-07-08 22:22:01,076 - root - INFO - validating...
2023-07-08 22:22:01,077 - root - INFO - validating...
2023-07-08 22:36:22,806 - root - INFO - validating...
2023-07-08 22:36:22,806 - root - INFO - validating...
2023-07-08 22:36:22,807 - root - INFO - validating...
2023-07-08 22:36:22,809 - root - INFO - validating...
2023-07-08 22:50:46,069 - root - INFO - validating...
2023-07-08 22:50:46,070 - root - INFO - validating...
2023-07-08 22:50:46,070 - root - INFO - validating...
2023-07-08 22:50:46,073 - root - INFO - validating...
2023-07-08 23:05:10,663 - root - INFO - validating...
2023-07-08 23:05:10,664 - root - INFO - validating...
2023-07-08 23:05:10,665 - root - INFO - validating...
2023-07-08 23:05:10,665 - root - INFO - validating...
2023-07-08 23:19:45,570 - root - INFO - validating...
2023-07-08 23:19:45,570 - root - INFO - validating...
2023-07-08 23:19:45,570 - root - INFO - validating...
2023-07-08 23:19:45,571 - root - INFO - validating...
2023-07-08 23:34:10,504 - root - INFO - validating...
2023-07-08 23:34:10,504 - root - INFO - validating...
2023-07-08 23:34:10,505 - root - INFO - validating...
2023-07-08 23:34:10,507 - root - INFO - validating...
2023-07-08 23:48:33,748 - root - INFO - validating...
2023-07-08 23:48:33,748 - root - INFO - validating...
2023-07-08 23:48:33,748 - root - INFO - validating...
2023-07-08 23:48:33,751 - root - INFO - validating...
2023-07-09 00:03:00,027 - root - INFO - validating...
2023-07-09 00:03:00,027 - root - INFO - validating...
2023-07-09 00:03:00,029 - root - INFO - validating...
2023-07-09 00:03:00,029 - root - INFO - validating...
2023-07-09 00:17:21,530 - root - INFO - validating...
2023-07-09 00:17:21,530 - root - INFO - validating...
2023-07-09 00:17:21,530 - root - INFO - validating...
2023-07-09 00:17:21,533 - root - INFO - validating...
2023-07-09 00:31:45,973 - root - INFO - validating...
2023-07-09 00:31:45,973 - root - INFO - validating...
2023-07-09 00:31:45,973 - root - INFO - validating...
2023-07-09 00:31:45,976 - root - INFO - validating...
2023-07-09 00:46:12,433 - root - INFO - validating...
2023-07-09 00:46:12,434 - root - INFO - validating...
2023-07-09 00:46:12,434 - root - INFO - validating...
2023-07-09 00:46:12,436 - root - INFO - validating...
2023-07-09 01:00:33,526 - root - INFO - validating...
2023-07-09 01:00:33,526 - root - INFO - validating...
2023-07-09 01:00:33,526 - root - INFO - validating...
2023-07-09 01:00:33,528 - root - INFO - validating...
2023-07-09 01:14:55,771 - root - INFO - validating...
2023-07-09 01:14:55,771 - root - INFO - validating...
2023-07-09 01:14:55,772 - root - INFO - validating...
2023-07-09 01:14:55,775 - root - INFO - validating...
2023-07-09 01:29:18,255 - root - INFO - validating...
2023-07-09 01:29:18,255 - root - INFO - validating...
2023-07-09 01:29:18,256 - root - INFO - validating...
2023-07-09 01:29:18,256 - root - INFO - validating...
2023-07-09 01:43:45,619 - root - INFO - validating...
2023-07-09 01:43:45,620 - root - INFO - validating...
2023-07-09 01:43:45,620 - root - INFO - validating...
2023-07-09 01:43:45,620 - root - INFO - validating...
2023-07-09 01:58:03,096 - root - INFO - validating...
2023-07-09 01:58:03,096 - root - INFO - validating...
2023-07-09 01:58:03,096 - root - INFO - validating...
2023-07-09 01:58:03,097 - root - INFO - validating...
2023-07-09 02:12:32,749 - root - INFO - validating...
2023-07-09 02:12:32,749 - root - INFO - validating...
2023-07-09 02:12:32,750 - root - INFO - validating...
2023-07-09 02:12:32,750 - root - INFO - validating...
2023-07-09 02:26:57,304 - root - INFO - validating...
2023-07-09 02:26:57,305 - root - INFO - validating...
2023-07-09 02:26:57,305 - root - INFO - validating...
2023-07-09 02:26:57,305 - root - INFO - validating...
2023-07-09 02:41:19,028 - root - INFO - validating...
2023-07-09 02:41:19,028 - root - INFO - validating...
2023-07-09 02:41:19,030 - root - INFO - validating...
2023-07-09 02:41:19,030 - root - INFO - validating...
2023-07-09 02:55:43,948 - root - INFO - validating...
2023-07-09 02:55:43,948 - root - INFO - validating...
2023-07-09 02:55:43,948 - root - INFO - validating...
2023-07-09 02:55:43,950 - root - INFO - validating...
2023-07-09 03:10:10,875 - root - INFO - validating...
2023-07-09 03:10:10,877 - root - INFO - validating...
2023-07-09 03:10:10,877 - root - INFO - validating...
2023-07-09 03:10:10,877 - root - INFO - validating...
2023-07-09 03:24:42,447 - root - INFO - validating...
2023-07-09 03:24:42,447 - root - INFO - validating...
2023-07-09 03:24:42,447 - root - INFO - validating...
2023-07-09 03:24:42,448 - root - INFO - validating...
2023-07-09 03:39:10,411 - root - INFO - validating...
2023-07-09 03:39:10,412 - root - INFO - validating...
2023-07-09 03:39:10,413 - root - INFO - validating...
2023-07-09 03:39:10,414 - root - INFO - validating...
2023-07-09 03:53:38,022 - root - INFO - validating...
2023-07-09 03:53:38,023 - root - INFO - validating...
2023-07-09 03:53:38,023 - root - INFO - validating...
2023-07-09 03:53:38,023 - root - INFO - validating...
2023-07-09 04:08:02,839 - root - INFO - validating...
2023-07-09 04:08:02,839 - root - INFO - validating...
2023-07-09 04:08:02,839 - root - INFO - validating...
2023-07-09 04:08:02,841 - root - INFO - validating...
2023-07-09 04:22:29,183 - root - INFO - validating...
2023-07-09 04:22:29,183 - root - INFO - validating...
2023-07-09 04:22:29,183 - root - INFO - validating...
2023-07-09 04:22:29,185 - root - INFO - validating...
2023-07-09 04:36:59,075 - root - INFO - validating...
2023-07-09 04:36:59,075 - root - INFO - validating...
2023-07-09 04:36:59,076 - root - INFO - validating...
2023-07-09 04:36:59,078 - root - INFO - validating...
2023-07-09 04:51:25,727 - root - INFO - validating...
2023-07-09 04:51:25,727 - root - INFO - validating...
2023-07-09 04:51:25,728 - root - INFO - validating...
2023-07-09 04:51:25,728 - root - INFO - validating...
2023-07-09 05:05:49,743 - root - INFO - validating...
2023-07-09 05:05:49,743 - root - INFO - validating...
2023-07-09 05:05:49,745 - root - INFO - validating...
2023-07-09 05:05:49,746 - root - INFO - validating...
2023-07-09 05:20:15,932 - root - INFO - validating...
2023-07-09 05:20:15,933 - root - INFO - validating...
2023-07-09 05:20:15,934 - root - INFO - validating...
2023-07-09 05:20:15,935 - root - INFO - validating...
2023-07-09 05:34:44,094 - root - INFO - validating...
2023-07-09 05:34:44,095 - root - INFO - validating...
2023-07-09 05:34:44,095 - root - INFO - validating...
2023-07-09 05:34:44,097 - root - INFO - validating...
2023-07-09 05:49:06,113 - root - INFO - validating...
2023-07-09 05:49:06,113 - root - INFO - validating...
2023-07-09 05:49:06,114 - root - INFO - validating...
2023-07-09 05:49:06,116 - root - INFO - validating...
2023-07-09 06:03:28,011 - root - INFO - validating...
2023-07-09 06:03:28,012 - root - INFO - validating...
2023-07-09 06:03:28,012 - root - INFO - validating...
2023-07-09 06:03:28,013 - root - INFO - validating...
2023-07-09 06:17:49,566 - root - INFO - validating...
2023-07-09 06:17:49,566 - root - INFO - validating...
2023-07-09 06:17:49,566 - root - INFO - validating...
2023-07-09 06:17:49,569 - root - INFO - validating...
2023-07-09 06:32:11,709 - root - INFO - validating...
2023-07-09 06:32:11,710 - root - INFO - validating...
2023-07-09 06:32:11,710 - root - INFO - validating...
2023-07-09 06:32:11,710 - root - INFO - validating...
2023-07-09 06:46:37,339 - root - INFO - validating...
2023-07-09 06:46:37,339 - root - INFO - validating...
2023-07-09 06:46:37,339 - root - INFO - validating...
2023-07-09 06:46:37,340 - root - INFO - validating...
2023-07-09 07:00:57,757 - root - INFO - validating...
2023-07-09 07:00:57,759 - root - INFO - validating...
2023-07-09 07:00:57,759 - root - INFO - validating...
2023-07-09 07:00:57,760 - root - INFO - validating...
2023-07-09 07:15:17,413 - root - INFO - validating...
2023-07-09 07:15:17,414 - root - INFO - validating...
2023-07-09 07:15:17,415 - root - INFO - validating...
2023-07-09 07:15:17,416 - root - INFO - validating...
2023-07-09 07:29:44,357 - root - INFO - validating...
2023-07-09 07:29:44,357 - root - INFO - validating...
2023-07-09 07:29:44,359 - root - INFO - validating...
2023-07-09 07:29:44,361 - root - INFO - validating...
2023-07-09 07:44:06,341 - root - INFO - validating...
2023-07-09 07:44:06,341 - root - INFO - validating...
2023-07-09 07:44:06,342 - root - INFO - validating...
2023-07-09 07:44:06,342 - root - INFO - validating...
2023-07-09 07:58:26,240 - root - INFO - validating...
2023-07-09 07:58:26,240 - root - INFO - validating...
2023-07-09 07:58:26,242 - root - INFO - validating...
2023-07-09 07:58:26,242 - root - INFO - validating...
2023-07-09 08:12:53,825 - root - INFO - validating...
2023-07-09 08:12:53,826 - root - INFO - validating...
2023-07-09 08:12:53,827 - root - INFO - validating...
2023-07-09 08:12:53,828 - root - INFO - validating...
2023-07-09 08:27:19,978 - root - INFO - validating...
2023-07-09 08:27:19,979 - root - INFO - validating...
2023-07-09 08:27:19,979 - root - INFO - validating...
2023-07-09 08:27:19,980 - root - INFO - validating...
2023-07-09 08:41:47,121 - root - INFO - validating...
2023-07-09 08:41:47,122 - root - INFO - validating...
2023-07-09 08:41:47,124 - root - INFO - validating...
2023-07-09 08:41:47,124 - root - INFO - validating...
2023-07-09 08:56:11,839 - root - INFO - validating...
2023-07-09 08:56:11,839 - root - INFO - validating...
2023-07-09 08:56:11,840 - root - INFO - validating...
2023-07-09 08:56:11,841 - root - INFO - validating...
2023-07-09 09:10:36,733 - root - INFO - validating...
2023-07-09 09:10:36,733 - root - INFO - validating...
2023-07-09 09:10:36,734 - root - INFO - validating...
2023-07-09 09:10:36,736 - root - INFO - validating...
2023-07-09 09:25:01,533 - root - INFO - validating...
2023-07-09 09:25:01,534 - root - INFO - validating...
2023-07-09 09:25:01,534 - root - INFO - validating...
2023-07-09 09:25:01,536 - root - INFO - validating...
2023-07-09 09:39:25,305 - root - INFO - validating...
2023-07-09 09:39:25,306 - root - INFO - validating...
2023-07-09 09:39:25,305 - root - INFO - validating...
2023-07-09 09:39:25,306 - root - INFO - validating...
2023-07-09 09:53:52,464 - root - INFO - validating...
2023-07-09 09:53:52,465 - root - INFO - validating...
2023-07-09 09:53:52,465 - root - INFO - validating...
2023-07-09 09:53:52,465 - root - INFO - validating...
2023-07-09 10:08:20,579 - root - INFO - validating...
2023-07-09 10:08:20,579 - root - INFO - validating...
2023-07-09 10:08:20,580 - root - INFO - validating...
2023-07-09 10:08:20,581 - root - INFO - validating...
2023-07-09 10:22:51,471 - root - INFO - validating...
2023-07-09 10:22:51,474 - root - INFO - validating...
2023-07-09 10:22:51,474 - root - INFO - validating...
2023-07-09 10:22:51,474 - root - INFO - validating...
2023-07-09 10:37:17,162 - root - INFO - validating...
2023-07-09 10:37:17,162 - root - INFO - validating...
2023-07-09 10:37:17,164 - root - INFO - validating...
2023-07-09 10:37:17,165 - root - INFO - validating...
2023-07-09 10:51:47,021 - root - INFO - validating...
2023-07-09 10:51:47,021 - root - INFO - validating...
2023-07-09 10:51:47,022 - root - INFO - validating...
2023-07-09 10:51:47,023 - root - INFO - validating...
2023-07-09 11:06:09,585 - root - INFO - validating...
2023-07-09 11:06:09,585 - root - INFO - validating...
2023-07-09 11:06:09,585 - root - INFO - validating...
2023-07-09 11:06:09,585 - root - INFO - validating...
2023-07-09 11:20:34,788 - root - INFO - validating...
2023-07-09 11:20:34,790 - root - INFO - validating...
2023-07-09 11:20:34,790 - root - INFO - validating...
2023-07-09 11:20:34,792 - root - INFO - validating...
2023-07-09 11:34:57,597 - root - INFO - validating...
2023-07-09 11:34:57,597 - root - INFO - validating...
2023-07-09 11:34:57,597 - root - INFO - validating...
2023-07-09 11:34:57,600 - root - INFO - validating...
2023-07-09 11:49:25,783 - root - INFO - validating...
2023-07-09 11:49:25,783 - root - INFO - validating...
2023-07-09 11:49:25,783 - root - INFO - validating...
2023-07-09 11:49:25,783 - root - INFO - validating...
2023-07-09 12:03:47,262 - root - INFO - validating...
2023-07-09 12:03:47,262 - root - INFO - validating...
2023-07-09 12:03:47,263 - root - INFO - validating...
2023-07-09 12:03:47,263 - root - INFO - validating...
2023-07-09 12:18:02,112 - root - INFO - validating...
2023-07-09 12:18:02,112 - root - INFO - validating...
2023-07-09 12:18:02,112 - root - INFO - validating...
2023-07-09 12:18:02,112 - root - INFO - validating...
2023-07-09 12:32:22,521 - root - INFO - validating...
2023-07-09 12:32:22,522 - root - INFO - validating...
2023-07-09 12:32:22,522 - root - INFO - validating...
2023-07-09 12:32:22,524 - root - INFO - validating...
2023-07-09 12:46:44,553 - root - INFO - validating...
2023-07-09 12:46:44,553 - root - INFO - validating...
2023-07-09 12:46:44,553 - root - INFO - validating...
2023-07-09 12:46:44,554 - root - INFO - validating...
2023-07-09 13:01:09,515 - root - INFO - validating...
2023-07-09 13:01:09,516 - root - INFO - validating...
2023-07-09 13:01:09,519 - root - INFO - validating...
2023-07-09 13:01:09,519 - root - INFO - validating...
2023-07-09 13:15:30,852 - root - INFO - validating...
2023-07-09 13:15:30,852 - root - INFO - validating...
2023-07-09 13:15:30,852 - root - INFO - validating...
2023-07-09 13:15:30,852 - root - INFO - validating...
