master_addr is only used for static rdzv_backend and when rdzv_endpoint is not specified.
paraai-n32-h-01-agent-102
0
------------------ Configuration ------------------  /home/bingxing2/home/scx6115/Ocean_AI_model/config/Model_2.yaml
paraai-n32-h-01-agent-102
0
------------------ Configuration ------------------  /home/bingxing2/home/scx6115/Ocean_AI_model/config/Model_2.yaml
paraai-n32-h-01-agent-102
0
------------------ Configuration ------------------  /home/bingxing2/home/scx6115/Ocean_AI_model/config/Model_2.yaml
paraai-n32-h-01-agent-102
0
------------------ Configuration ------------------  /home/bingxing2/home/scx6115/Ocean_AI_model/config/Model_2.yaml
nettype Masked_AE_Ocean
log_to_wandb True
lr 0.001
batch_size 32
max_epochs 150
scheduler CosineAnnealingLR
fusion_3d_2d False
in_channels [0, 1, 2, 3, 4, 5, 6, 7, 8, 9, 10, 11, 12, 13, 14, 15, 16, 17, 18, 19, 20, 21, 22, 23, 24, 25, 26, 27, 28, 29, 30, 31, 32, 33, 34, 35, 36, 37, 38, 39, 40, 41, 42, 43, 44, 45, 46, 47, 48, 49, 50, 51, 52, 53, 54, 55, 56, 57, 58, 59, 60, 61, 62, 63, 64, 65]
out_channels [0, 1, 2, 3, 4, 5, 6, 7, 8, 9, 10, 11, 12, 13, 14, 15, 16, 17, 18, 19, 20, 21, 22, 23, 24, 25, 26, 27, 28, 29, 30, 31, 32, 33, 34, 35, 36, 37, 38, 39, 40, 41, 42, 43, 44, 45, 46, 47, 48, 49, 50, 51, 52, 53, 54, 55, 56, 57, 58, 59, 60]
N_in_channels 66
N_out_channels 61
img_size_h 720
img_size_w 1440
patch_size_h 8
patch_size_w 8
mlp_ratio 4.0
embed_dim 512
depth 16
num_heads 16
decoder_embed_dim 1024
decoder_depth 8
decoder_num_heads 16
koopman_depth 2
modes_h_ratio 1
modes_w_ratio 0.8
drop_rate 0.0
drop_path_rate 0.0
sparsity_threshold 0.01
hard_thresholding_fraction 1.0
num_blocks 8
loss l2
num_data_workers 0
dt 1
n_history 0
prediction_type iterative
prediction_length 41
n_initial_conditions 5
ics_type default
date_strings ['2018-09-14 00:00:00']
save_raw_forecasts True
save_channelnettype  FalseMasked_AE_Ocean

masked_acclog_to_wandb  FalseTrue

maskpathlr  None0.001

perturbbatch_size  False32

add_gridmax_epochs  False150

N_grid_channelsscheduler  0CosineAnnealingLR

gridtypefusion_3d_2d  sinusoidalFalse

rollin_channels  False[0, 1, 2, 3, 4, 5, 6, 7, 8, 9, 10, 11, 12, 13, 14, 15, 16, 17, 18, 19, 20, 21, 22, 23, 24, 25, 26, 27, 28, 29, 30, 31, 32, 33, 34, 35, 36, 37, 38, 39, 40, 41, 42, 43, 44, 45, 46, 47, 48, 49, 50, 51, 52, 53, 54, 55, 56, 57, 58, 59, 60, 61, 62, 63, 64, 65]

enable_nhwcout_channels  False[0, 1, 2, 3, 4, 5, 6, 7, 8, 9, 10, 11, 12, 13, 14, 15, 16, 17, 18, 19, 20, 21, 22, 23, 24, 25, 26, 27, 28, 29, 30, 31, 32, 33, 34, 35, 36, 37, 38, 39, 40, 41, 42, 43, 44, 45, 46, 47, 48, 49, 50, 51, 52, 53, 54, 55, 56, 57, 58, 59, 60]

optimizer_typeN_in_channels  FusedAdam66

exp_dirN_out_channels  ./exp_15_levels61

patch_sizeimg_size_h  8720

widthimg_size_w  561440

modespatch_size_h  328

targetpatch_size_w  default8

train_data_pathmlp_ratio  /home/bingxing2/home/scx6115/Ocean_AI_model/sample_01/train4.0

valid_data_pathembed_dim  /home/bingxing2/home/scx6115/Ocean_AI_model/sample_01/valid512

test_data_pathdepth  /home/bingxing2/home/scx6115/Ocean_AI_model/sample_01/test16

land_masknum_heads  True16

land_mask_pathdecoder_embed_dim  /home/bingxing2/home/scx6115/Ocean_AI_model/sample_01/land_mask.h51024

normalizedecoder_depth  True8

normalizationdecoder_num_heads  zscore16

global_mins_pathkoopman_depth  /home/bingxing2/home/scx6115/Ocean_AI_model/sample_01/train/global_mins.npy2

global_maxs_pathmodes_h_ratio  /home/bingxing2/home/scx6115/Ocean_AI_model/sample_01/train/global_maxs.npy1

global_means_pathmodes_w_ratio  /home/bingxing2/home/scx6115/Ocean_AI_model/sample_01/train/global_means.npy0.8

global_stds_pathdrop_rate  /home/bingxing2/home/scx6115/Ocean_AI_model/sample_01/train/global_stds.npy0.0

orographydrop_path_rate  True0.0

orography_norm_zscore_pathsparsity_threshold  /home/bingxing2/home/scx6115/Ocean_AI_model/sample_01/orography_norm_zscore.h50.01

orography_norm_maxmin_pathhard_thresholding_fraction  /home/bingxing2/home/scx6115/Ocean_AI_model/sample_01/orography_norm_maxmin.h51.0

add_noisenum_blocks  False8

noise_stdloss  0l2

crop_size_xnum_data_workers  None0

crop_size_ydt  None1

log_to_screenn_history  True0

save_checkpointprediction_type  Trueiterative

plot_animationsprediction_length  False41

n_initial_conditions 5
ics_type ---------------------------------------------------default

date_stringsworld_size :  ['2018-09-14 00:00:00']16

save_raw_forecastsInitialize distributed process group... 
True
save_channel False
masked_acc False
maskpath None
perturb False
add_grid False
N_grid_channels 0
gridtype sinusoidal
roll False
enable_nhwc False
optimizer_type FusedAdam
exp_dir ./exp_15_levels
patch_size 8
width 56
modes 32
target default
train_data_path /home/bingxing2/home/scx6115/Ocean_AI_model/sample_01/train
valid_data_path /home/bingxing2/home/scx6115/Ocean_AI_model/sample_01/valid
test_data_path /home/bingxing2/home/scx6115/Ocean_AI_model/sample_01/test
land_mask True
land_mask_path /home/bingxing2/home/scx6115/Ocean_AI_model/sample_01/land_mask.h5
normalize True
normalization zscore
global_mins_path /home/bingxing2/home/scx6115/Ocean_AI_model/sample_01/train/global_mins.npy
global_maxs_path /home/bingxing2/home/scx6115/Ocean_AI_model/sample_01/train/global_maxs.npy
global_means_path /home/bingxing2/home/scx6115/Ocean_AI_model/sample_01/train/global_means.npy
global_stds_path /home/bingxing2/home/scx6115/Ocean_AI_model/sample_01/train/global_stds.npy
orography True
orography_norm_zscore_path /home/bingxing2/home/scx6115/Ocean_AI_model/sample_01/orography_norm_zscore.h5
orography_norm_maxmin_path /home/bingxing2/home/scx6115/Ocean_AI_model/sample_01/orography_norm_maxmin.h5
add_noise False
noise_std 0
crop_size_x None
crop_size_y None
log_to_screen True
save_checkpoint True
plot_animations False
---------------------------------------------------
world_size : 16
Initialize distributed process group...
nettype Masked_AE_Ocean
log_to_wandb True
lr 0.001
batch_size 32
max_epochs 150
scheduler CosineAnnealingLR
fusion_3d_2d False
in_channels [0, 1, 2, 3, 4, 5, 6, 7, 8, 9, 10, 11, 12, 13, 14, 15, 16, 17, 18, 19, 20, 21, 22, 23, 24, 25, 26, 27, 28, 29, 30, 31, 32, 33, 34, 35, 36, 37, 38, 39, 40, 41, 42, 43, 44, 45, 46, 47, 48, 49, 50, 51, 52, 53, 54, 55, 56, 57, 58, 59, 60, 61, 62, 63, 64, 65]
out_channels [0, 1, 2, 3, 4, 5, 6, 7, 8, 9, 10, 11, 12, 13, 14, 15, 16, 17, 18, 19, 20, 21, 22, 23, 24, 25, 26, 27, 28, 29, 30, 31, 32, 33, 34, 35, 36, 37, 38, 39, 40, 41, 42, 43, 44, 45, 46, 47, 48, 49, 50, 51, 52, 53, 54, 55, 56, 57, 58, 59, 60]
N_in_channels 66
N_out_channels 61
img_size_h 720
img_size_w 1440
patch_size_h 8
patch_size_w 8
mlp_ratio 4.0
embed_dim 512
depth 16
num_heads 16
decoder_embed_dim 1024
decoder_depth 8
decoder_num_heads 16
koopman_depth 2
modes_h_ratio 1
modes_w_ratio 0.8
drop_rate 0.0
drop_path_rate 0.0
sparsity_threshold 0.01
hard_thresholding_fraction 1.0
num_blocks 8
loss l2
num_data_workers 0
dt 1
n_history 0
prediction_type iterative
prediction_length 41
n_initial_conditions 5
ics_type default
nettypedate_strings  Masked_AE_Ocean['2018-09-14 00:00:00']

log_to_wandbsave_raw_forecasts  TrueTrue

lrsave_channel  0.001False

batch_sizemasked_acc  32False

max_epochsmaskpath  150None

schedulerperturb  CosineAnnealingLRFalse

fusion_3d_2dadd_grid  FalseFalse

in_channelsN_grid_channels  [0, 1, 2, 3, 4, 5, 6, 7, 8, 9, 10, 11, 12, 13, 14, 15, 16, 17, 18, 19, 20, 21, 22, 23, 24, 25, 26, 27, 28, 29, 30, 31, 32, 33, 34, 35, 36, 37, 38, 39, 40, 41, 42, 43, 44, 45, 46, 47, 48, 49, 50, 51, 52, 53, 54, 55, 56, 57, 58, 59, 60, 61, 62, 63, 64, 65]0

out_channelsgridtype  [0, 1, 2, 3, 4, 5, 6, 7, 8, 9, 10, 11, 12, 13, 14, 15, 16, 17, 18, 19, 20, 21, 22, 23, 24, 25, 26, 27, 28, 29, 30, 31, 32, 33, 34, 35, 36, 37, 38, 39, 40, 41, 42, 43, 44, 45, 46, 47, 48, 49, 50, 51, 52, 53, 54, 55, 56, 57, 58, 59, 60]sinusoidal

N_in_channelsroll  66False

N_out_channelsenable_nhwc  61False

img_size_hoptimizer_type  720FusedAdam

img_size_wexp_dir  1440./exp_15_levels

patch_size_hpatch_size  88

patch_size_wwidth  856

mlp_ratiomodes  4.032

embed_dimtarget  512default

depthtrain_data_path  16/home/bingxing2/home/scx6115/Ocean_AI_model/sample_01/train

num_headsvalid_data_path  16/home/bingxing2/home/scx6115/Ocean_AI_model/sample_01/valid

decoder_embed_dimtest_data_path  1024/home/bingxing2/home/scx6115/Ocean_AI_model/sample_01/test

decoder_depthland_mask  8True

decoder_num_headsland_mask_path  16/home/bingxing2/home/scx6115/Ocean_AI_model/sample_01/land_mask.h5

koopman_depthnormalize  2True

modes_h_rationormalization  1zscore

modes_w_ratioglobal_mins_path  0.8/home/bingxing2/home/scx6115/Ocean_AI_model/sample_01/train/global_mins.npy

drop_rateglobal_maxs_path  0.0/home/bingxing2/home/scx6115/Ocean_AI_model/sample_01/train/global_maxs.npy

drop_path_rateglobal_means_path  0.0/home/bingxing2/home/scx6115/Ocean_AI_model/sample_01/train/global_means.npy

sparsity_thresholdglobal_stds_path  0.01/home/bingxing2/home/scx6115/Ocean_AI_model/sample_01/train/global_stds.npy

hard_thresholding_fractionorography  1.0True

num_blocksorography_norm_zscore_path  8/home/bingxing2/home/scx6115/Ocean_AI_model/sample_01/orography_norm_zscore.h5

lossorography_norm_maxmin_path  l2/home/bingxing2/home/scx6115/Ocean_AI_model/sample_01/orography_norm_maxmin.h5

num_data_workersadd_noise  0False

dtnoise_std  10

n_history crop_size_x0 
Noneprediction_type
 crop_size_yiterative 
Noneprediction_length
 log_to_screen41 
Truen_initial_conditions
 save_checkpoint5 
Trueics_type
 plot_animationsdefault 
Falsedate_strings
 ['2018-09-14 00:00:00']
save_raw_forecasts True
---------------------------------------------------save_channel
 Falseworld_size :
 masked_acc16 
FalseInitialize distributed process group...

maskpath None
perturb False
add_grid False
N_grid_channels 0
gridtype sinusoidal
roll False
enable_nhwc False
optimizer_type FusedAdam
exp_dir ./exp_15_levels
patch_size 8
width 56
modes 32
target default
train_data_path /home/bingxing2/home/scx6115/Ocean_AI_model/sample_01/train
valid_data_path /home/bingxing2/home/scx6115/Ocean_AI_model/sample_01/valid
test_data_path /home/bingxing2/home/scx6115/Ocean_AI_model/sample_01/test
land_mask True
land_mask_path /home/bingxing2/home/scx6115/Ocean_AI_model/sample_01/land_mask.h5
normalize True
normalization zscore
global_mins_path /home/bingxing2/home/scx6115/Ocean_AI_model/sample_01/train/global_mins.npy
global_maxs_path /home/bingxing2/home/scx6115/Ocean_AI_model/sample_01/train/global_maxs.npy
global_means_path /home/bingxing2/home/scx6115/Ocean_AI_model/sample_01/train/global_means.npy
global_stds_path /home/bingxing2/home/scx6115/Ocean_AI_model/sample_01/train/global_stds.npy
orography True
orography_norm_zscore_path /home/bingxing2/home/scx6115/Ocean_AI_model/sample_01/orography_norm_zscore.h5
orography_norm_maxmin_path /home/bingxing2/home/scx6115/Ocean_AI_model/sample_01/orography_norm_maxmin.h5
add_noise False
noise_std 0
crop_size_x None
crop_size_y None
log_to_screen True
save_checkpoint True
plot_animations False
---------------------------------------------------
world_size : 16
Initialize distributed process group...
2023-07-03 21:29:47,889 - torch.distributed.distributed_c10d - INFO - Added key: store_based_barrier_key:1 to store for rank: 1
2023-07-03 21:29:48,878 - torch.distributed.distributed_c10d - INFO - Added key: store_based_barrier_key:1 to store for rank: 3
2023-07-03 21:29:48,880 - torch.distributed.distributed_c10d - INFO - Added key: store_based_barrier_key:1 to store for rank: 0
2023-07-03 21:29:48,880 - torch.distributed.distributed_c10d - INFO - Rank 0: Completed store-based barrier for key:store_based_barrier_key:1 with 16 nodes.
2023-07-03 21:29:48,880 - torch.distributed.distributed_c10d - INFO - Added key: store_based_barrier_key:1 to store for rank: 2
2023-07-03 21:29:48,881 - torch.distributed.distributed_c10d - INFO - Rank 2: Completed store-based barrier for key:store_based_barrier_key:1 with 16 nodes.
2023-07-03 21:29:48,888 - torch.distributed.distributed_c10d - INFO - Rank 3: Completed store-based barrier for key:store_based_barrier_key:1 with 16 nodes.
2023-07-03 21:29:48,889 - torch.distributed.distributed_c10d - INFO - Rank 1: Completed store-based barrier for key:store_based_barrier_key:1 with 16 nodes.
2023-07-03 21:29:48,934 - root - INFO - device: cuda:2
2023-07-03 21:29:48,934 - root - INFO - rank 2, begin data loader init
2023-07-03 21:29:48,938 - root - INFO - device: cuda:3
2023-07-03 21:29:48,938 - root - INFO - rank 3, begin data loader init
2023-07-03 21:29:48,940 - root - INFO - device: cuda:1
2023-07-03 21:29:48,940 - root - INFO - rank 1, begin data loader init
2023-07-03 21:29:48,977 - root - INFO - Getting file stats from /home/bingxing2/home/scx6115/Ocean_AI_model/sample_01/train/2000.h5
2023-07-03 21:29:48,977 - root - INFO - Getting file stats from /home/bingxing2/home/scx6115/Ocean_AI_model/sample_01/train/2000.h5
2023-07-03 21:29:48,977 - root - INFO - Getting file stats from /home/bingxing2/home/scx6115/Ocean_AI_model/sample_01/train/2000.h5
2023-07-03 21:29:48,978 - root - INFO - Number of samples per year: 365
2023-07-03 21:29:48,978 - root - INFO - Found data at path /home/bingxing2/home/scx6115/Ocean_AI_model/sample_01/train. Number of examples: 4015. Image Shape: 720 x 1440 x 66
2023-07-03 21:29:48,978 - root - INFO - Number of samples per year: 365
2023-07-03 21:29:48,979 - root - INFO - Delta t: 1 days
2023-07-03 21:29:48,979 - root - INFO - Found data at path /home/bingxing2/home/scx6115/Ocean_AI_model/sample_01/train. Number of examples: 4015. Image Shape: 720 x 1440 x 66
2023-07-03 21:29:48,979 - root - INFO - Including 0 days of past history in training at a frequency of 1 days
2023-07-03 21:29:48,979 - root - INFO - Number of samples per year: 365
2023-07-03 21:29:48,979 - root - INFO - Delta t: 1 days
2023-07-03 21:29:48,979 - root - INFO - Found data at path /home/bingxing2/home/scx6115/Ocean_AI_model/sample_01/train. Number of examples: 4015. Image Shape: 720 x 1440 x 66
2023-07-03 21:29:48,979 - root - INFO - Including 0 days of past history in training at a frequency of 1 days
2023-07-03 21:29:48,979 - root - INFO - Delta t: 1 days
2023-07-03 21:29:48,979 - root - INFO - Including 0 days of past history in training at a frequency of 1 days
2023-07-03 21:29:49,017 - root - INFO - Getting file stats from /home/bingxing2/home/scx6115/Ocean_AI_model/sample_01/valid/2011.h5
2023-07-03 21:29:49,017 - root - INFO - Getting file stats from /home/bingxing2/home/scx6115/Ocean_AI_model/sample_01/valid/2011.h5
2023-07-03 21:29:49,017 - root - INFO - Getting file stats from /home/bingxing2/home/scx6115/Ocean_AI_model/sample_01/valid/2011.h5
2023-07-03 21:29:49,018 - root - INFO - Number of samples per year: 364
2023-07-03 21:29:49,018 - root - INFO - Number of samples per year: 364
2023-07-03 21:29:49,018 - root - INFO - Found data at path /home/bingxing2/home/scx6115/Ocean_AI_model/sample_01/valid. Number of examples: 364. Image Shape: 720 x 1440 x 66
2023-07-03 21:29:49,018 - root - INFO - Number of samples per year: 364
2023-07-03 21:29:49,018 - root - INFO - Found data at path /home/bingxing2/home/scx6115/Ocean_AI_model/sample_01/valid. Number of examples: 364. Image Shape: 720 x 1440 x 66
2023-07-03 21:29:49,018 - root - INFO - Delta t: 1 days
2023-07-03 21:29:49,018 - root - INFO - Found data at path /home/bingxing2/home/scx6115/Ocean_AI_model/sample_01/valid. Number of examples: 364. Image Shape: 720 x 1440 x 66
2023-07-03 21:29:49,018 - root - INFO - Delta t: 1 days
2023-07-03 21:29:49,018 - root - INFO - Including 0 days of past history in training at a frequency of 1 days
2023-07-03 21:29:49,019 - root - INFO - Delta t: 1 days
2023-07-03 21:29:49,019 - root - INFO - Including 0 days of past history in training at a frequency of 1 days
2023-07-03 21:29:49,019 - root - INFO - Including 0 days of past history in training at a frequency of 1 days
2023-07-03 21:29:49,019 - root - INFO - rank 3, data loader initialized
2023-07-03 21:29:49,019 - root - INFO - rank 2, data loader initialized
2023-07-03 21:29:49,019 - root - INFO - rank 1, data loader initialized
2023-07-03 21:29:49,019 - root - INFO - ------------------ Configuration ------------------
2023-07-03 21:29:49,019 - root - INFO - Configuration file: /home/bingxing2/home/scx6115/Ocean_AI_model/config/Model_2.yaml
2023-07-03 21:29:49,019 - root - INFO - Configuration name: Masked_AE_Ocean
2023-07-03 21:29:49,019 - root - INFO - nettype Masked_AE_Ocean
2023-07-03 21:29:49,019 - root - INFO - log_to_wandb True
2023-07-03 21:29:49,019 - root - INFO - lr 0.001
2023-07-03 21:29:49,019 - root - INFO - batch_size 2
2023-07-03 21:29:49,019 - root - INFO - max_epochs 150
2023-07-03 21:29:49,020 - root - INFO - scheduler CosineAnnealingLR
2023-07-03 21:29:49,020 - root - INFO - fusion_3d_2d False
2023-07-03 21:29:49,020 - root - INFO - in_channels [0, 1, 2, 3, 4, 5, 6, 7, 8, 9, 10, 11, 12, 13, 14, 15, 16, 17, 18, 19, 20, 21, 22, 23, 24, 25, 26, 27, 28, 29, 30, 31, 32, 33, 34, 35, 36, 37, 38, 39, 40, 41, 42, 43, 44, 45, 46, 47, 48, 49, 50, 51, 52, 53, 54, 55, 56, 57, 58, 59, 60, 61, 62, 63, 64, 65]
2023-07-03 21:29:49,020 - root - INFO - out_channels [0, 1, 2, 3, 4, 5, 6, 7, 8, 9, 10, 11, 12, 13, 14, 15, 16, 17, 18, 19, 20, 21, 22, 23, 24, 25, 26, 27, 28, 29, 30, 31, 32, 33, 34, 35, 36, 37, 38, 39, 40, 41, 42, 43, 44, 45, 46, 47, 48, 49, 50, 51, 52, 53, 54, 55, 56, 57, 58, 59, 60]
2023-07-03 21:29:49,020 - root - INFO - N_in_channels 66
2023-07-03 21:29:49,020 - root - INFO - N_out_channels 61
2023-07-03 21:29:49,020 - root - INFO - img_size_h 720
2023-07-03 21:29:49,020 - root - INFO - img_size_w 1440
2023-07-03 21:29:49,020 - root - INFO - patch_size_h 8
2023-07-03 21:29:49,020 - root - INFO - patch_size_w 8
2023-07-03 21:29:49,020 - root - INFO - mlp_ratio 4.0
2023-07-03 21:29:49,020 - root - INFO - embed_dim 512
2023-07-03 21:29:49,020 - root - INFO - depth 16
2023-07-03 21:29:49,021 - root - INFO - num_heads 16
2023-07-03 21:29:49,021 - root - INFO - decoder_embed_dim 1024
2023-07-03 21:29:49,021 - root - INFO - decoder_depth 8
2023-07-03 21:29:49,021 - root - INFO - decoder_num_heads 16
2023-07-03 21:29:49,021 - root - INFO - koopman_depth 2
2023-07-03 21:29:49,021 - root - INFO - modes_h_ratio 1
2023-07-03 21:29:49,021 - root - INFO - modes_w_ratio 0.8
2023-07-03 21:29:49,021 - root - INFO - drop_rate 0.0
2023-07-03 21:29:49,021 - root - INFO - drop_path_rate 0.0
2023-07-03 21:29:49,021 - root - INFO - sparsity_threshold 0.01
2023-07-03 21:29:49,021 - root - INFO - hard_thresholding_fraction 1.0
2023-07-03 21:29:49,021 - root - INFO - num_blocks 8
2023-07-03 21:29:49,021 - root - INFO - loss l2
2023-07-03 21:29:49,021 - root - INFO - num_data_workers 0
2023-07-03 21:29:49,022 - root - INFO - dt 1
2023-07-03 21:29:49,022 - root - INFO - n_history 0
2023-07-03 21:29:49,022 - root - INFO - prediction_type iterative
2023-07-03 21:29:49,022 - root - INFO - prediction_length 41
2023-07-03 21:29:49,022 - root - INFO - n_initial_conditions 5
2023-07-03 21:29:49,022 - root - INFO - ics_type default
2023-07-03 21:29:49,022 - root - INFO - date_strings ['2018-09-14 00:00:00']
2023-07-03 21:29:49,022 - root - INFO - save_raw_forecasts True
2023-07-03 21:29:49,022 - root - INFO - save_channel False
2023-07-03 21:29:49,022 - root - INFO - masked_acc False
2023-07-03 21:29:49,022 - root - INFO - maskpath None
2023-07-03 21:29:49,022 - root - INFO - perturb False
2023-07-03 21:29:49,022 - root - INFO - add_grid False
2023-07-03 21:29:49,023 - root - INFO - N_grid_channels 0
2023-07-03 21:29:49,023 - root - INFO - gridtype sinusoidal
2023-07-03 21:29:49,023 - root - INFO - roll False
2023-07-03 21:29:49,023 - root - INFO - enable_nhwc False
2023-07-03 21:29:49,023 - root - INFO - optimizer_type FusedAdam
2023-07-03 21:29:49,023 - root - INFO - exp_dir ./exp_15_levels
2023-07-03 21:29:49,023 - root - INFO - patch_size 8
2023-07-03 21:29:49,023 - root - INFO - width 56
2023-07-03 21:29:49,023 - root - INFO - modes 32
2023-07-03 21:29:49,023 - root - INFO - target default
2023-07-03 21:29:49,023 - root - INFO - train_data_path /home/bingxing2/home/scx6115/Ocean_AI_model/sample_01/train
2023-07-03 21:29:49,023 - root - INFO - valid_data_path /home/bingxing2/home/scx6115/Ocean_AI_model/sample_01/valid
2023-07-03 21:29:49,023 - root - INFO - test_data_path /home/bingxing2/home/scx6115/Ocean_AI_model/sample_01/test
2023-07-03 21:29:49,023 - root - INFO - land_mask True
2023-07-03 21:29:49,024 - root - INFO - land_mask_path /home/bingxing2/home/scx6115/Ocean_AI_model/sample_01/land_mask.h5
2023-07-03 21:29:49,024 - root - INFO - normalize True
2023-07-03 21:29:49,024 - root - INFO - normalization zscore
2023-07-03 21:29:49,024 - root - INFO - global_mins_path /home/bingxing2/home/scx6115/Ocean_AI_model/sample_01/train/global_mins.npy
2023-07-03 21:29:49,024 - root - INFO - global_maxs_path /home/bingxing2/home/scx6115/Ocean_AI_model/sample_01/train/global_maxs.npy
2023-07-03 21:29:49,024 - root - INFO - global_means_path /home/bingxing2/home/scx6115/Ocean_AI_model/sample_01/train/global_means.npy
2023-07-03 21:29:49,024 - root - INFO - global_stds_path /home/bingxing2/home/scx6115/Ocean_AI_model/sample_01/train/global_stds.npy
2023-07-03 21:29:49,024 - root - INFO - orography True
2023-07-03 21:29:49,024 - root - INFO - orography_norm_zscore_path /home/bingxing2/home/scx6115/Ocean_AI_model/sample_01/orography_norm_zscore.h5
2023-07-03 21:29:49,024 - root - INFO - orography_norm_maxmin_path /home/bingxing2/home/scx6115/Ocean_AI_model/sample_01/orography_norm_maxmin.h5
2023-07-03 21:29:49,024 - root - INFO - add_noise False
2023-07-03 21:29:49,024 - root - INFO - noise_std 0
2023-07-03 21:29:49,024 - root - INFO - crop_size_x None
2023-07-03 21:29:49,024 - root - INFO - crop_size_y None
2023-07-03 21:29:49,025 - root - INFO - log_to_screen True
2023-07-03 21:29:49,025 - root - INFO - save_checkpoint True
2023-07-03 21:29:49,025 - root - INFO - plot_animations False
2023-07-03 21:29:49,025 - root - INFO - epsilon_factor 0
2023-07-03 21:29:49,025 - root - INFO - multi_steps_finetune 1
2023-07-03 21:29:49,025 - root - INFO - finetune_max_epochs 0
2023-07-03 21:29:49,025 - root - INFO - world_size 16
2023-07-03 21:29:49,025 - root - INFO - local_rank 0
2023-07-03 21:29:49,025 - root - INFO - global_batch_size 32
2023-07-03 21:29:49,025 - root - INFO - enable_amp True
2023-07-03 21:29:49,025 - root - INFO - experiment_dir /home/bingxing2/home/scx6115/Ocean_AI_model/exp_15_levels/Masked_AE_Ocean/20230703-212934
2023-07-03 21:29:49,025 - root - INFO - checkpoint_path ./exp_15_levels/Masked_AE_Ocean/20230703-212934/training_checkpoints/ckpt.tar
2023-07-03 21:29:49,025 - root - INFO - best_checkpoint_path ./exp_15_levels/Masked_AE_Ocean/20230703-212934/training_checkpoints/best_ckpt.tar
2023-07-03 21:29:49,025 - root - INFO - resuming False
2023-07-03 21:29:49,026 - root - INFO - entity ocean_ai_model
2023-07-03 21:29:49,026 - root - INFO - project ai4science
2023-07-03 21:29:49,026 - root - INFO - group 025_daily_15_levels
2023-07-03 21:29:49,026 - root - INFO - name Masked_AE_Ocean_20230703-212934
2023-07-03 21:29:49,026 - root - INFO - ---------------------------------------------------
wandb: Tracking run with wandb version 0.15.3
wandb: W&B syncing is set to `offline` in this directory.  
wandb: Run `wandb online` or set WANDB_MODE=online to enable cloud syncing.
2023-07-03 21:29:56,212 - root - INFO - device: cuda:0
2023-07-03 21:29:56,212 - root - INFO - rank 0, begin data loader init
2023-07-03 21:29:56,215 - root - INFO - Getting file stats from /home/bingxing2/home/scx6115/Ocean_AI_model/sample_01/train/2000.h5
2023-07-03 21:29:56,216 - root - INFO - Number of samples per year: 365
2023-07-03 21:29:56,216 - root - INFO - Found data at path /home/bingxing2/home/scx6115/Ocean_AI_model/sample_01/train. Number of examples: 4015. Image Shape: 720 x 1440 x 66
2023-07-03 21:29:56,216 - root - INFO - Delta t: 1 days
2023-07-03 21:29:56,217 - root - INFO - Including 0 days of past history in training at a frequency of 1 days
2023-07-03 21:29:56,219 - root - INFO - Getting file stats from /home/bingxing2/home/scx6115/Ocean_AI_model/sample_01/valid/2011.h5
2023-07-03 21:29:56,220 - root - INFO - Number of samples per year: 364
2023-07-03 21:29:56,220 - root - INFO - Found data at path /home/bingxing2/home/scx6115/Ocean_AI_model/sample_01/valid. Number of examples: 364. Image Shape: 720 x 1440 x 66
2023-07-03 21:29:56,221 - root - INFO - Delta t: 1 days
2023-07-03 21:29:56,221 - root - INFO - Including 0 days of past history in training at a frequency of 1 days
2023-07-03 21:29:56,221 - root - INFO - rank 0, data loader initialized
paraai-n32-h-01-agent-102:39818:39818 [0] NCCL INFO Bootstrap : Using eth0:172.16.4.77<0>
paraai-n32-h-01-agent-102:39818:39818 [0] NCCL INFO NET/Plugin : No plugin found (libnccl-net.so), using internal implementation
paraai-n32-h-01-agent-102:39819:39819 [1] NCCL INFO cudaDriverVersion 11060
paraai-n32-h-01-agent-102:39821:39821 [3] NCCL INFO cudaDriverVersion 11060
paraai-n32-h-01-agent-102:39820:39820 [2] NCCL INFO cudaDriverVersion 11060
paraai-n32-h-01-agent-102:39818:39818 [0] NCCL INFO cudaDriverVersion 11060
NCCL version 2.14.3+cuda11.7
paraai-n32-h-01-agent-102:39820:39820 [2] NCCL INFO Bootstrap : Using eth0:172.16.4.77<0>
paraai-n32-h-01-agent-102:39819:39819 [1] NCCL INFO Bootstrap : Using eth0:172.16.4.77<0>
paraai-n32-h-01-agent-102:39820:39820 [2] NCCL INFO NET/Plugin : No plugin found (libnccl-net.so), using internal implementation
paraai-n32-h-01-agent-102:39819:39819 [1] NCCL INFO NET/Plugin : No plugin found (libnccl-net.so), using internal implementation
paraai-n32-h-01-agent-102:39821:39821 [3] NCCL INFO Bootstrap : Using eth0:172.16.4.77<0>
paraai-n32-h-01-agent-102:39821:39821 [3] NCCL INFO NET/Plugin : No plugin found (libnccl-net.so), using internal implementation
paraai-n32-h-01-agent-102:39818:40531 [0] NCCL INFO NET/IB : Using [0]mlx5_0:1/RoCE [1]mlx5_2:1/RoCE [RO]; OOB eth0:172.16.4.77<0>
paraai-n32-h-01-agent-102:39818:40531 [0] NCCL INFO Using network IB
paraai-n32-h-01-agent-102:39820:40532 [2] NCCL INFO NET/IB : Using [0]mlx5_0:1/RoCE [1]mlx5_2:1/RoCE [RO]; OOB eth0:172.16.4.77<0>
paraai-n32-h-01-agent-102:39820:40532 [2] NCCL INFO Using network IB
paraai-n32-h-01-agent-102:39819:40533 [1] NCCL INFO NET/IB : Using [0]mlx5_0:1/RoCE [1]mlx5_2:1/RoCE [RO]; OOB eth0:172.16.4.77<0>
paraai-n32-h-01-agent-102:39819:40533 [1] NCCL INFO Using network IB
paraai-n32-h-01-agent-102:39821:40536 [3] NCCL INFO NET/IB : Using [0]mlx5_0:1/RoCE [1]mlx5_2:1/RoCE [RO]; OOB eth0:172.16.4.77<0>
paraai-n32-h-01-agent-102:39821:40536 [3] NCCL INFO Using network IB
paraai-n32-h-01-agent-102:39818:40531 [0] NCCL INFO Setting affinity for GPU 0 to ffffffff
paraai-n32-h-01-agent-102:39819:40533 [1] NCCL INFO Setting affinity for GPU 1 to ffffffff
paraai-n32-h-01-agent-102:39821:40536 [3] NCCL INFO Setting affinity for GPU 3 to ffffffff,00000000,00000000
paraai-n32-h-01-agent-102:39820:40532 [2] NCCL INFO Setting affinity for GPU 2 to ffffffff,00000000,00000000
paraai-n32-h-01-agent-102:39820:40532 [2] NCCL INFO NCCL_MAX_NCHANNELS set by environment to 16.
paraai-n32-h-01-agent-102:39820:40532 [2] NCCL INFO NCCL_MIN_NCHANNELS set by environment to 16.
paraai-n32-h-01-agent-102:39820:40532 [2] NCCL INFO Trees [0] 3/-1/-1->2->1 [1] 3/10/-1->2->-1 [2] 3/-1/-1->2->1 [3] 3/-1/-1->2->6 [4] 3/-1/-1->2->1 [5] 3/10/-1->2->-1 [6] 3/-1/-1->2->1 [7] 3/-1/-1->2->6 [8] 3/-1/-1->2->1 [9] 3/10/-1->2->-1 [10] 3/-1/-1->2->1 [11] 3/-1/-1->2->6 [12] 3/-1/-1->2->1 [13] 3/10/-1->2->-1 [14] 3/-1/-1->2->1 [15] 3/-1/-1->2->6
paraai-n32-h-01-agent-102:39821:40536 [3] NCCL INFO NCCL_MAX_NCHANNELS set by environment to 16.
paraai-n32-h-01-agent-102:39821:40536 [3] NCCL INFO NCCL_MIN_NCHANNELS set by environment to 16.
paraai-n32-h-01-agent-102:39821:40536 [3] NCCL INFO Trees [0] -1/-1/-1->3->2 [1] 0/-1/-1->3->2 [2] -1/-1/-1->3->2 [3] 0/-1/-1->3->2 [4] -1/-1/-1->3->2 [5] 0/-1/-1->3->2 [6] -1/-1/-1->3->2 [7] 0/-1/-1->3->2 [8] -1/-1/-1->3->2 [9] 0/-1/-1->3->2 [10] -1/-1/-1->3->2 [11] 0/-1/-1->3->2 [12] -1/-1/-1->3->2 [13] 0/-1/-1->3->2 [14] -1/-1/-1->3->2 [15] 0/-1/-1->3->2
paraai-n32-h-01-agent-102:39819:40533 [1] NCCL INFO NCCL_MAX_NCHANNELS set by environment to 16.
paraai-n32-h-01-agent-102:39818:40531 [0] NCCL INFO NCCL_MAX_NCHANNELS set by environment to 16.
paraai-n32-h-01-agent-102:39819:40533 [1] NCCL INFO NCCL_MIN_NCHANNELS set by environment to 16.
paraai-n32-h-01-agent-102:39818:40531 [0] NCCL INFO NCCL_MIN_NCHANNELS set by environment to 16.
paraai-n32-h-01-agent-102:39819:40533 [1] NCCL INFO Trees [0] 2/-1/-1->1->0 [1] -1/-1/-1->1->0 [2] 2/-1/-1->1->0 [3] -1/-1/-1->1->0 [4] 2/-1/-1->1->0 [5] -1/-1/-1->1->0 [6] 2/-1/-1->1->0 [7] -1/-1/-1->1->0 [8] 2/-1/-1->1->0 [9] -1/-1/-1->1->0 [10] 2/-1/-1->1->0 [11] -1/-1/-1->1->0 [12] 2/-1/-1->1->0 [13] -1/-1/-1->1->0 [14] 2/-1/-1->1->0 [15] -1/-1/-1->1->0
paraai-n32-h-01-agent-102:39818:40531 [0] NCCL INFO Channel 00/16 :    0   1   2   3   4   5   6   7   8   9  10  11  12  13  14  15
paraai-n32-h-01-agent-102:39818:40531 [0] NCCL INFO Channel 01/16 :    0   6   7   5   4  10  11   9   8  14  15  13  12   2   3   1
paraai-n32-h-01-agent-102:39818:40531 [0] NCCL INFO Channel 02/16 :    0   1   2   3   4   5   6   7   8   9  10  11  12  13  14  15
paraai-n32-h-01-agent-102:39818:40531 [0] NCCL INFO Channel 03/16 :    0   6   7   5   4  10  11   9   8  14  15  13  12   2   3   1
paraai-n32-h-01-agent-102:39818:40531 [0] NCCL INFO Channel 04/16 :    0   1   2   3   4   5   6   7   8   9  10  11  12  13  14  15
paraai-n32-h-01-agent-102:39818:40531 [0] NCCL INFO Channel 05/16 :    0   6   7   5   4  10  11   9   8  14  15  13  12   2   3   1
paraai-n32-h-01-agent-102:39818:40531 [0] NCCL INFO Channel 06/16 :    0   1   2   3   4   5   6   7   8   9  10  11  12  13  14  15
paraai-n32-h-01-agent-102:39818:40531 [0] NCCL INFO Channel 07/16 :    0   6   7   5   4  10  11   9   8  14  15  13  12   2   3   1
paraai-n32-h-01-agent-102:39818:40531 [0] NCCL INFO Channel 08/16 :    0   1   2   3   4   5   6   7   8   9  10  11  12  13  14  15
paraai-n32-h-01-agent-102:39818:40531 [0] NCCL INFO Channel 09/16 :    0   6   7   5   4  10  11   9   8  14  15  13  12   2   3   1
paraai-n32-h-01-agent-102:39818:40531 [0] NCCL INFO Channel 10/16 :    0   1   2   3   4   5   6   7   8   9  10  11  12  13  14  15
paraai-n32-h-01-agent-102:39818:40531 [0] NCCL INFO Channel 11/16 :    0   6   7   5   4  10  11   9   8  14  15  13  12   2   3   1
paraai-n32-h-01-agent-102:39818:40531 [0] NCCL INFO Channel 12/16 :    0   1   2   3   4   5   6   7   8   9  10  11  12  13  14  15
paraai-n32-h-01-agent-102:39818:40531 [0] NCCL INFO Channel 13/16 :    0   6   7   5   4  10  11   9   8  14  15  13  12   2   3   1
paraai-n32-h-01-agent-102:39818:40531 [0] NCCL INFO Channel 14/16 :    0   1   2   3   4   5   6   7   8   9  10  11  12  13  14  15
paraai-n32-h-01-agent-102:39818:40531 [0] NCCL INFO Channel 15/16 :    0   6   7   5   4  10  11   9   8  14  15  13  12   2   3   1
paraai-n32-h-01-agent-102:39818:40531 [0] NCCL INFO Trees [0] 1/8/-1->0->-1 [1] 1/-1/-1->0->3 [2] 1/-1/-1->0->4 [3] 1/-1/-1->0->3 [4] 1/8/-1->0->-1 [5] 1/-1/-1->0->3 [6] 1/-1/-1->0->4 [7] 1/-1/-1->0->3 [8] 1/8/-1->0->-1 [9] 1/-1/-1->0->3 [10] 1/-1/-1->0->4 [11] 1/-1/-1->0->3 [12] 1/8/-1->0->-1 [13] 1/-1/-1->0->3 [14] 1/-1/-1->0->4 [15] 1/-1/-1->0->3
paraai-n32-h-01-agent-102:39818:40531 [0] NCCL INFO Channel 00/0 : 15[82000] -> 0[1000] [receive] via NET/IB/0
paraai-n32-h-01-agent-102:39818:40531 [0] NCCL INFO Channel 02/0 : 15[82000] -> 0[1000] [receive] via NET/IB/0
paraai-n32-h-01-agent-102:39819:40533 [1] NCCL INFO Channel 00 : 1[2000] -> 2[81000] via SHM/direct/direct
paraai-n32-h-01-agent-102:39819:40533 [1] NCCL INFO Channel 02 : 1[2000] -> 2[81000] via SHM/direct/direct
paraai-n32-h-01-agent-102:39819:40533 [1] NCCL INFO Channel 04 : 1[2000] -> 2[81000] via SHM/direct/direct
paraai-n32-h-01-agent-102:39819:40533 [1] NCCL INFO Channel 06 : 1[2000] -> 2[81000] via SHM/direct/direct
paraai-n32-h-01-agent-102:39819:40533 [1] NCCL INFO Channel 08 : 1[2000] -> 2[81000] via SHM/direct/direct
paraai-n32-h-01-agent-102:39819:40533 [1] NCCL INFO Channel 10 : 1[2000] -> 2[81000] via SHM/direct/direct
paraai-n32-h-01-agent-102:39819:40533 [1] NCCL INFO Channel 12 : 1[2000] -> 2[81000] via SHM/direct/direct
paraai-n32-h-01-agent-102:39819:40533 [1] NCCL INFO Channel 14 : 1[2000] -> 2[81000] via SHM/direct/direct
paraai-n32-h-01-agent-102:39821:40536 [3] NCCL INFO Channel 00/0 : 3[82000] -> 4[1000] [send] via NET/IB/1
paraai-n32-h-01-agent-102:39818:40531 [0] NCCL INFO Channel 04/0 : 15[82000] -> 0[1000] [receive] via NET/IB/0
paraai-n32-h-01-agent-102:39820:40532 [2] NCCL INFO Channel 00 : 2[81000] -> 3[82000] via SHM/direct/direct
paraai-n32-h-01-agent-102:39820:40532 [2] NCCL INFO Channel 01 : 2[81000] -> 3[82000] via SHM/direct/direct
paraai-n32-h-01-agent-102:39820:40532 [2] NCCL INFO Channel 02 : 2[81000] -> 3[82000] via SHM/direct/direct
paraai-n32-h-01-agent-102:39820:40532 [2] NCCL INFO Channel 03 : 2[81000] -> 3[82000] via SHM/direct/direct
paraai-n32-h-01-agent-102:39820:40532 [2] NCCL INFO Channel 04 : 2[81000] -> 3[82000] via SHM/direct/direct
paraai-n32-h-01-agent-102:39820:40532 [2] NCCL INFO Channel 05 : 2[81000] -> 3[82000] via SHM/direct/direct
paraai-n32-h-01-agent-102:39820:40532 [2] NCCL INFO Channel 06 : 2[81000] -> 3[82000] via SHM/direct/direct
paraai-n32-h-01-agent-102:39820:40532 [2] NCCL INFO Channel 07 : 2[81000] -> 3[82000] via SHM/direct/direct
paraai-n32-h-01-agent-102:39820:40532 [2] NCCL INFO Channel 08 : 2[81000] -> 3[82000] via SHM/direct/direct
paraai-n32-h-01-agent-102:39820:40532 [2] NCCL INFO Channel 09 : 2[81000] -> 3[82000] via SHM/direct/direct
paraai-n32-h-01-agent-102:39820:40532 [2] NCCL INFO Channel 10 : 2[81000] -> 3[82000] via SHM/direct/direct
paraai-n32-h-01-agent-102:39820:40532 [2] NCCL INFO Channel 11 : 2[81000] -> 3[82000] via SHM/direct/direct
paraai-n32-h-01-agent-102:39820:40532 [2] NCCL INFO Channel 12 : 2[81000] -> 3[82000] via SHM/direct/direct
paraai-n32-h-01-agent-102:39820:40532 [2] NCCL INFO Channel 13 : 2[81000] -> 3[82000] via SHM/direct/direct
paraai-n32-h-01-agent-102:39820:40532 [2] NCCL INFO Channel 14 : 2[81000] -> 3[82000] via SHM/direct/direct
paraai-n32-h-01-agent-102:39820:40532 [2] NCCL INFO Channel 15 : 2[81000] -> 3[82000] via SHM/direct/direct
paraai-n32-h-01-agent-102:39821:40536 [3] NCCL INFO Channel 02/0 : 3[82000] -> 4[1000] [send] via NET/IB/1
paraai-n32-h-01-agent-102:39818:40531 [0] NCCL INFO Channel 06/0 : 15[82000] -> 0[1000] [receive] via NET/IB/0
paraai-n32-h-01-agent-102:39818:40531 [0] NCCL INFO Channel 08/0 : 15[82000] -> 0[1000] [receive] via NET/IB/0
paraai-n32-h-01-agent-102:39821:40536 [3] NCCL INFO Channel 04/0 : 3[82000] -> 4[1000] [send] via NET/IB/1
paraai-n32-h-01-agent-102:39818:40531 [0] NCCL INFO Channel 10/0 : 15[82000] -> 0[1000] [receive] via NET/IB/0
paraai-n32-h-01-agent-102:39821:40536 [3] NCCL INFO Channel 06/0 : 3[82000] -> 4[1000] [send] via NET/IB/1
paraai-n32-h-01-agent-102:39818:40531 [0] NCCL INFO Channel 12/0 : 15[82000] -> 0[1000] [receive] via NET/IB/0
paraai-n32-h-01-agent-102:39821:40536 [3] NCCL INFO Channel 08/0 : 3[82000] -> 4[1000] [send] via NET/IB/1
paraai-n32-h-01-agent-102:39818:40531 [0] NCCL INFO Channel 14/0 : 15[82000] -> 0[1000] [receive] via NET/IB/0
paraai-n32-h-01-agent-102:39821:40536 [3] NCCL INFO Channel 10/0 : 3[82000] -> 4[1000] [send] via NET/IB/1
paraai-n32-h-01-agent-102:39818:40531 [0] NCCL INFO Channel 00 : 0[1000] -> 1[2000] via SHM/direct/direct
paraai-n32-h-01-agent-102:39818:40531 [0] NCCL INFO Channel 02 : 0[1000] -> 1[2000] via SHM/direct/direct
paraai-n32-h-01-agent-102:39818:40531 [0] NCCL INFO Channel 04 : 0[1000] -> 1[2000] via SHM/direct/direct
paraai-n32-h-01-agent-102:39818:40531 [0] NCCL INFO Channel 06 : 0[1000] -> 1[2000] via SHM/direct/direct
paraai-n32-h-01-agent-102:39818:40531 [0] NCCL INFO Channel 08 : 0[1000] -> 1[2000] via SHM/direct/direct
paraai-n32-h-01-agent-102:39818:40531 [0] NCCL INFO Channel 10 : 0[1000] -> 1[2000] via SHM/direct/direct
paraai-n32-h-01-agent-102:39818:40531 [0] NCCL INFO Channel 12 : 0[1000] -> 1[2000] via SHM/direct/direct
paraai-n32-h-01-agent-102:39818:40531 [0] NCCL INFO Channel 14 : 0[1000] -> 1[2000] via SHM/direct/direct
paraai-n32-h-01-agent-102:39818:40853 [0] NCCL INFO NCCL_IB_GID_INDEX set by environment to 3.
paraai-n32-h-01-agent-102:39821:40536 [3] NCCL INFO Channel 12/0 : 3[82000] -> 4[1000] [send] via NET/IB/1
paraai-n32-h-01-agent-102:39821:40536 [3] NCCL INFO Channel 14/0 : 3[82000] -> 4[1000] [send] via NET/IB/1
paraai-n32-h-01-agent-102:39821:40864 [3] NCCL INFO NCCL_IB_GID_INDEX set by environment to 3.
paraai-n32-h-01-agent-102:39820:40532 [2] NCCL INFO Channel 01/0 : 12[1000] -> 2[81000] [receive] via NET/IB/1
paraai-n32-h-01-agent-102:39820:40532 [2] NCCL INFO Channel 03/0 : 12[1000] -> 2[81000] [receive] via NET/IB/1
paraai-n32-h-01-agent-102:39820:40532 [2] NCCL INFO Channel 05/0 : 12[1000] -> 2[81000] [receive] via NET/IB/1
paraai-n32-h-01-agent-102:39820:40532 [2] NCCL INFO Channel 07/0 : 12[1000] -> 2[81000] [receive] via NET/IB/1
paraai-n32-h-01-agent-102:39818:40531 [0] NCCL INFO Channel 01/0 : 0[1000] -> 6[81000] [send] via NET/IB/0
paraai-n32-h-01-agent-102:39821:40536 [3] NCCL INFO Channel 01 : 3[82000] -> 1[2000] via SHM/direct/direct
paraai-n32-h-01-agent-102:39821:40536 [3] NCCL INFO Channel 03 : 3[82000] -> 1[2000] via SHM/direct/direct
paraai-n32-h-01-agent-102:39821:40536 [3] NCCL INFO Channel 05 : 3[82000] -> 1[2000] via SHM/direct/direct
paraai-n32-h-01-agent-102:39821:40536 [3] NCCL INFO Channel 07 : 3[82000] -> 1[2000] via SHM/direct/direct
paraai-n32-h-01-agent-102:39821:40536 [3] NCCL INFO Channel 09 : 3[82000] -> 1[2000] via SHM/direct/direct
paraai-n32-h-01-agent-102:39821:40536 [3] NCCL INFO Channel 11 : 3[82000] -> 1[2000] via SHM/direct/direct
paraai-n32-h-01-agent-102:39821:40536 [3] NCCL INFO Channel 13 : 3[82000] -> 1[2000] via SHM/direct/direct
paraai-n32-h-01-agent-102:39821:40536 [3] NCCL INFO Channel 15 : 3[82000] -> 1[2000] via SHM/direct/direct
paraai-n32-h-01-agent-102:39819:40533 [1] NCCL INFO Channel 01 : 1[2000] -> 0[1000] via SHM/direct/direct
paraai-n32-h-01-agent-102:39819:40533 [1] NCCL INFO Channel 03 : 1[2000] -> 0[1000] via SHM/direct/direct
paraai-n32-h-01-agent-102:39819:40533 [1] NCCL INFO Channel 05 : 1[2000] -> 0[1000] via SHM/direct/direct
paraai-n32-h-01-agent-102:39819:40533 [1] NCCL INFO Channel 07 : 1[2000] -> 0[1000] via SHM/direct/direct
paraai-n32-h-01-agent-102:39819:40533 [1] NCCL INFO Channel 09 : 1[2000] -> 0[1000] via SHM/direct/direct
paraai-n32-h-01-agent-102:39819:40533 [1] NCCL INFO Channel 11 : 1[2000] -> 0[1000] via SHM/direct/direct
paraai-n32-h-01-agent-102:39819:40533 [1] NCCL INFO Channel 13 : 1[2000] -> 0[1000] via SHM/direct/direct
paraai-n32-h-01-agent-102:39819:40533 [1] NCCL INFO Channel 15 : 1[2000] -> 0[1000] via SHM/direct/direct
paraai-n32-h-01-agent-102:39821:40536 [3] NCCL INFO Connected all rings
paraai-n32-h-01-agent-102:39818:40531 [0] NCCL INFO Channel 03/0 : 0[1000] -> 6[81000] [send] via NET/IB/0
paraai-n32-h-01-agent-102:39818:40531 [0] NCCL INFO Channel 05/0 : 0[1000] -> 6[81000] [send] via NET/IB/0
paraai-n32-h-01-agent-102:39820:40532 [2] NCCL INFO Channel 09/0 : 12[1000] -> 2[81000] [receive] via NET/IB/1
paraai-n32-h-01-agent-102:39818:40531 [0] NCCL INFO Channel 07/0 : 0[1000] -> 6[81000] [send] via NET/IB/0
paraai-n32-h-01-agent-102:39820:40532 [2] NCCL INFO Channel 11/0 : 12[1000] -> 2[81000] [receive] via NET/IB/1
paraai-n32-h-01-agent-102:39818:40531 [0] NCCL INFO Channel 09/0 : 0[1000] -> 6[81000] [send] via NET/IB/0
paraai-n32-h-01-agent-102:39820:40532 [2] NCCL INFO Channel 13/0 : 12[1000] -> 2[81000] [receive] via NET/IB/1
paraai-n32-h-01-agent-102:39818:40531 [0] NCCL INFO Channel 11/0 : 0[1000] -> 6[81000] [send] via NET/IB/0
paraai-n32-h-01-agent-102:39818:40531 [0] NCCL INFO Channel 13/0 : 0[1000] -> 6[81000] [send] via NET/IB/0
paraai-n32-h-01-agent-102:39820:40532 [2] NCCL INFO Channel 15/0 : 12[1000] -> 2[81000] [receive] via NET/IB/1
paraai-n32-h-01-agent-102:39818:40531 [0] NCCL INFO Channel 15/0 : 0[1000] -> 6[81000] [send] via NET/IB/0
paraai-n32-h-01-agent-102:39818:40531 [0] NCCL INFO Connected all rings
paraai-n32-h-01-agent-102:39818:40531 [0] NCCL INFO Channel 01 : 0[1000] -> 1[2000] via SHM/direct/direct
paraai-n32-h-01-agent-102:39818:40531 [0] NCCL INFO Channel 03 : 0[1000] -> 1[2000] via SHM/direct/direct
paraai-n32-h-01-agent-102:39818:40531 [0] NCCL INFO Channel 05 : 0[1000] -> 1[2000] via SHM/direct/direct
paraai-n32-h-01-agent-102:39818:40531 [0] NCCL INFO Channel 07 : 0[1000] -> 1[2000] via SHM/direct/direct
paraai-n32-h-01-agent-102:39818:40531 [0] NCCL INFO Channel 09 : 0[1000] -> 1[2000] via SHM/direct/direct
paraai-n32-h-01-agent-102:39818:40531 [0] NCCL INFO Channel 11 : 0[1000] -> 1[2000] via SHM/direct/direct
paraai-n32-h-01-agent-102:39818:40531 [0] NCCL INFO Channel 13 : 0[1000] -> 1[2000] via SHM/direct/direct
paraai-n32-h-01-agent-102:39818:40531 [0] NCCL INFO Channel 15 : 0[1000] -> 1[2000] via SHM/direct/direct
paraai-n32-h-01-agent-102:39819:40533 [1] NCCL INFO Connected all rings
paraai-n32-h-01-agent-102:39818:40531 [0] NCCL INFO Channel 01 : 0[1000] -> 3[82000] via SHM/direct/direct
paraai-n32-h-01-agent-102:39818:40531 [0] NCCL INFO Channel 03 : 0[1000] -> 3[82000] via SHM/direct/direct
paraai-n32-h-01-agent-102:39818:40531 [0] NCCL INFO Channel 05 : 0[1000] -> 3[82000] via SHM/direct/direct
paraai-n32-h-01-agent-102:39818:40531 [0] NCCL INFO Channel 07 : 0[1000] -> 3[82000] via SHM/direct/direct
paraai-n32-h-01-agent-102:39818:40531 [0] NCCL INFO Channel 09 : 0[1000] -> 3[82000] via SHM/direct/direct
paraai-n32-h-01-agent-102:39818:40531 [0] NCCL INFO Channel 11 : 0[1000] -> 3[82000] via SHM/direct/direct
paraai-n32-h-01-agent-102:39818:40531 [0] NCCL INFO Channel 13 : 0[1000] -> 3[82000] via SHM/direct/direct
paraai-n32-h-01-agent-102:39818:40531 [0] NCCL INFO Channel 15 : 0[1000] -> 3[82000] via SHM/direct/direct
paraai-n32-h-01-agent-102:39821:40536 [3] NCCL INFO Channel 01 : 3[82000] -> 0[1000] via SHM/direct/direct
paraai-n32-h-01-agent-102:39821:40536 [3] NCCL INFO Channel 03 : 3[82000] -> 0[1000] via SHM/direct/direct
paraai-n32-h-01-agent-102:39821:40536 [3] NCCL INFO Channel 05 : 3[82000] -> 0[1000] via SHM/direct/direct
paraai-n32-h-01-agent-102:39821:40536 [3] NCCL INFO Channel 07 : 3[82000] -> 0[1000] via SHM/direct/direct
paraai-n32-h-01-agent-102:39821:40536 [3] NCCL INFO Channel 09 : 3[82000] -> 0[1000] via SHM/direct/direct
paraai-n32-h-01-agent-102:39821:40536 [3] NCCL INFO Channel 11 : 3[82000] -> 0[1000] via SHM/direct/direct
paraai-n32-h-01-agent-102:39821:40536 [3] NCCL INFO Channel 13 : 3[82000] -> 0[1000] via SHM/direct/direct
paraai-n32-h-01-agent-102:39821:40536 [3] NCCL INFO Channel 15 : 3[82000] -> 0[1000] via SHM/direct/direct
paraai-n32-h-01-agent-102:39820:40921 [2] NCCL INFO NCCL_IB_GID_INDEX set by environment to 3.
paraai-n32-h-01-agent-102:39819:40533 [1] NCCL INFO Channel 00 : 1[2000] -> 0[1000] via SHM/direct/direct
paraai-n32-h-01-agent-102:39819:40533 [1] NCCL INFO Channel 02 : 1[2000] -> 0[1000] via SHM/direct/direct
paraai-n32-h-01-agent-102:39819:40533 [1] NCCL INFO Channel 04 : 1[2000] -> 0[1000] via SHM/direct/direct
paraai-n32-h-01-agent-102:39819:40533 [1] NCCL INFO Channel 06 : 1[2000] -> 0[1000] via SHM/direct/direct
paraai-n32-h-01-agent-102:39819:40533 [1] NCCL INFO Channel 08 : 1[2000] -> 0[1000] via SHM/direct/direct
paraai-n32-h-01-agent-102:39819:40533 [1] NCCL INFO Channel 10 : 1[2000] -> 0[1000] via SHM/direct/direct
paraai-n32-h-01-agent-102:39819:40533 [1] NCCL INFO Channel 12 : 1[2000] -> 0[1000] via SHM/direct/direct
paraai-n32-h-01-agent-102:39819:40533 [1] NCCL INFO Channel 14 : 1[2000] -> 0[1000] via SHM/direct/direct
paraai-n32-h-01-agent-102:39820:40532 [2] NCCL INFO Connected all rings
paraai-n32-h-01-agent-102:39818:40531 [0] NCCL INFO Channel 02/0 : 0[1000] -> 4[1000] [send] via NET/IB/0
paraai-n32-h-01-agent-102:39820:40532 [2] NCCL INFO Channel 03/0 : 2[81000] -> 6[81000] [send] via NET/IB/1
paraai-n32-h-01-agent-102:39818:40531 [0] NCCL INFO Channel 06/0 : 0[1000] -> 4[1000] [send] via NET/IB/0
paraai-n32-h-01-agent-102:39820:40532 [2] NCCL INFO Channel 07/0 : 2[81000] -> 6[81000] [send] via NET/IB/1
paraai-n32-h-01-agent-102:39818:40531 [0] NCCL INFO Channel 10/0 : 0[1000] -> 4[1000] [send] via NET/IB/0
paraai-n32-h-01-agent-102:39820:40532 [2] NCCL INFO Channel 11/0 : 2[81000] -> 6[81000] [send] via NET/IB/1
paraai-n32-h-01-agent-102:39818:40531 [0] NCCL INFO Channel 14/0 : 0[1000] -> 4[1000] [send] via NET/IB/0
paraai-n32-h-01-agent-102:39820:40532 [2] NCCL INFO Channel 15/0 : 2[81000] -> 6[81000] [send] via NET/IB/1
paraai-n32-h-01-agent-102:39820:40532 [2] NCCL INFO Channel 01/0 : 10[81000] -> 2[81000] [receive] via NET/IB/1
paraai-n32-h-01-agent-102:39820:40532 [2] NCCL INFO Channel 05/0 : 10[81000] -> 2[81000] [receive] via NET/IB/1
paraai-n32-h-01-agent-102:39818:40531 [0] NCCL INFO Channel 00/0 : 8[1000] -> 0[1000] [receive] via NET/IB/0
paraai-n32-h-01-agent-102:39820:40532 [2] NCCL INFO Channel 09/0 : 10[81000] -> 2[81000] [receive] via NET/IB/1
paraai-n32-h-01-agent-102:39818:40531 [0] NCCL INFO Channel 04/0 : 8[1000] -> 0[1000] [receive] via NET/IB/0
paraai-n32-h-01-agent-102:39820:40532 [2] NCCL INFO Channel 13/0 : 10[81000] -> 2[81000] [receive] via NET/IB/1
paraai-n32-h-01-agent-102:39818:40531 [0] NCCL INFO Channel 08/0 : 8[1000] -> 0[1000] [receive] via NET/IB/0
paraai-n32-h-01-agent-102:39820:40532 [2] NCCL INFO Channel 01/0 : 2[81000] -> 10[81000] [send] via NET/IB/1
paraai-n32-h-01-agent-102:39818:40531 [0] NCCL INFO Channel 12/0 : 8[1000] -> 0[1000] [receive] via NET/IB/0
paraai-n32-h-01-agent-102:39820:40532 [2] NCCL INFO Channel 05/0 : 2[81000] -> 10[81000] [send] via NET/IB/1
paraai-n32-h-01-agent-102:39818:40531 [0] NCCL INFO Channel 00/0 : 0[1000] -> 8[1000] [send] via NET/IB/0
paraai-n32-h-01-agent-102:39820:40532 [2] NCCL INFO Channel 09/0 : 2[81000] -> 10[81000] [send] via NET/IB/1
paraai-n32-h-01-agent-102:39818:40531 [0] NCCL INFO Channel 04/0 : 0[1000] -> 8[1000] [send] via NET/IB/0
paraai-n32-h-01-agent-102:39820:40532 [2] NCCL INFO Channel 13/0 : 2[81000] -> 10[81000] [send] via NET/IB/1
paraai-n32-h-01-agent-102:39818:40531 [0] NCCL INFO Channel 08/0 : 0[1000] -> 8[1000] [send] via NET/IB/0
paraai-n32-h-01-agent-102:39818:40531 [0] NCCL INFO Channel 12/0 : 0[1000] -> 8[1000] [send] via NET/IB/0
paraai-n32-h-01-agent-102:39820:40532 [2] NCCL INFO Channel 03/0 : 6[81000] -> 2[81000] [receive] via NET/IB/1
paraai-n32-h-01-agent-102:39820:40532 [2] NCCL INFO Channel 07/0 : 6[81000] -> 2[81000] [receive] via NET/IB/1
paraai-n32-h-01-agent-102:39820:40532 [2] NCCL INFO Channel 11/0 : 6[81000] -> 2[81000] [receive] via NET/IB/1
paraai-n32-h-01-agent-102:39820:40532 [2] NCCL INFO Channel 15/0 : 6[81000] -> 2[81000] [receive] via NET/IB/1
paraai-n32-h-01-agent-102:39818:40531 [0] NCCL INFO Channel 02/0 : 4[1000] -> 0[1000] [receive] via NET/IB/0
paraai-n32-h-01-agent-102:39818:40531 [0] NCCL INFO Channel 06/0 : 4[1000] -> 0[1000] [receive] via NET/IB/0
paraai-n32-h-01-agent-102:39818:40531 [0] NCCL INFO Channel 10/0 : 4[1000] -> 0[1000] [receive] via NET/IB/0
paraai-n32-h-01-agent-102:39818:40531 [0] NCCL INFO Channel 14/0 : 4[1000] -> 0[1000] [receive] via NET/IB/0
paraai-n32-h-01-agent-102:39820:40532 [2] NCCL INFO Channel 00 : 2[81000] -> 1[2000] via SHM/direct/direct
paraai-n32-h-01-agent-102:39820:40532 [2] NCCL INFO Channel 02 : 2[81000] -> 1[2000] via SHM/direct/direct
paraai-n32-h-01-agent-102:39820:40532 [2] NCCL INFO Channel 04 : 2[81000] -> 1[2000] via SHM/direct/direct
paraai-n32-h-01-agent-102:39820:40532 [2] NCCL INFO Channel 06 : 2[81000] -> 1[2000] via SHM/direct/direct
paraai-n32-h-01-agent-102:39820:40532 [2] NCCL INFO Channel 08 : 2[81000] -> 1[2000] via SHM/direct/direct
paraai-n32-h-01-agent-102:39820:40532 [2] NCCL INFO Channel 10 : 2[81000] -> 1[2000] via SHM/direct/direct
paraai-n32-h-01-agent-102:39820:40532 [2] NCCL INFO Channel 12 : 2[81000] -> 1[2000] via SHM/direct/direct
paraai-n32-h-01-agent-102:39820:40532 [2] NCCL INFO Channel 14 : 2[81000] -> 1[2000] via SHM/direct/direct
paraai-n32-h-01-agent-102:39821:40536 [3] NCCL INFO Channel 00 : 3[82000] -> 2[81000] via SHM/direct/direct
paraai-n32-h-01-agent-102:39821:40536 [3] NCCL INFO Channel 01 : 3[82000] -> 2[81000] via SHM/direct/direct
paraai-n32-h-01-agent-102:39821:40536 [3] NCCL INFO Channel 02 : 3[82000] -> 2[81000] via SHM/direct/direct
paraai-n32-h-01-agent-102:39821:40536 [3] NCCL INFO Channel 03 : 3[82000] -> 2[81000] via SHM/direct/direct
paraai-n32-h-01-agent-102:39821:40536 [3] NCCL INFO Channel 04 : 3[82000] -> 2[81000] via SHM/direct/direct
paraai-n32-h-01-agent-102:39821:40536 [3] NCCL INFO Channel 05 : 3[82000] -> 2[81000] via SHM/direct/direct
paraai-n32-h-01-agent-102:39821:40536 [3] NCCL INFO Channel 06 : 3[82000] -> 2[81000] via SHM/direct/direct
paraai-n32-h-01-agent-102:39821:40536 [3] NCCL INFO Channel 07 : 3[82000] -> 2[81000] via SHM/direct/direct
paraai-n32-h-01-agent-102:39821:40536 [3] NCCL INFO Channel 08 : 3[82000] -> 2[81000] via SHM/direct/direct
paraai-n32-h-01-agent-102:39821:40536 [3] NCCL INFO Channel 09 : 3[82000] -> 2[81000] via SHM/direct/direct
paraai-n32-h-01-agent-102:39821:40536 [3] NCCL INFO Channel 10 : 3[82000] -> 2[81000] via SHM/direct/direct
paraai-n32-h-01-agent-102:39821:40536 [3] NCCL INFO Channel 11 : 3[82000] -> 2[81000] via SHM/direct/direct
paraai-n32-h-01-agent-102:39821:40536 [3] NCCL INFO Channel 12 : 3[82000] -> 2[81000] via SHM/direct/direct
paraai-n32-h-01-agent-102:39821:40536 [3] NCCL INFO Channel 13 : 3[82000] -> 2[81000] via SHM/direct/direct
paraai-n32-h-01-agent-102:39821:40536 [3] NCCL INFO Channel 14 : 3[82000] -> 2[81000] via SHM/direct/direct
paraai-n32-h-01-agent-102:39821:40536 [3] NCCL INFO Channel 15 : 3[82000] -> 2[81000] via SHM/direct/direct
paraai-n32-h-01-agent-102:39818:40531 [0] NCCL INFO Connected all trees
paraai-n32-h-01-agent-102:39818:40531 [0] NCCL INFO threadThresholds 8/8/64 | 128/8/64 | 512 | 512
paraai-n32-h-01-agent-102:39818:40531 [0] NCCL INFO 16 coll channels, 16 p2p channels, 2 p2p channels per peer
paraai-n32-h-01-agent-102:39820:40532 [2] NCCL INFO Connected all trees
paraai-n32-h-01-agent-102:39820:40532 [2] NCCL INFO threadThresholds 8/8/64 | 128/8/64 | 512 | 512
paraai-n32-h-01-agent-102:39820:40532 [2] NCCL INFO 16 coll channels, 16 p2p channels, 2 p2p channels per peer
paraai-n32-h-01-agent-102:39821:40536 [3] NCCL INFO Connected all trees
paraai-n32-h-01-agent-102:39821:40536 [3] NCCL INFO threadThresholds 8/8/64 | 128/8/64 | 512 | 512
paraai-n32-h-01-agent-102:39821:40536 [3] NCCL INFO 16 coll channels, 16 p2p channels, 2 p2p channels per peer
paraai-n32-h-01-agent-102:39819:40533 [1] NCCL INFO Connected all trees
paraai-n32-h-01-agent-102:39819:40533 [1] NCCL INFO threadThresholds 8/8/64 | 128/8/64 | 512 | 512
paraai-n32-h-01-agent-102:39819:40533 [1] NCCL INFO 16 coll channels, 16 p2p channels, 2 p2p channels per peer
paraai-n32-h-01-agent-102:39819:40533 [1] NCCL INFO comm 0x37efac40 rank 1 nranks 16 cudaDev 1 busId 2000 - Init COMPLETE
paraai-n32-h-01-agent-102:39821:40536 [3] NCCL INFO comm 0xbaba480 rank 3 nranks 16 cudaDev 3 busId 82000 - Init COMPLETE
paraai-n32-h-01-agent-102:39820:40532 [2] NCCL INFO comm 0x478a94c0 rank 2 nranks 16 cudaDev 2 busId 81000 - Init COMPLETE
paraai-n32-h-01-agent-102:39818:40531 [0] NCCL INFO comm 0x1f7d9580 rank 0 nranks 16 cudaDev 0 busId 1000 - Init COMPLETE
2023-07-03 21:30:04,052 - root - INFO - Number of trainable model parameters: 113891901
2023-07-03 21:30:04,052 - root - INFO - Starting Training Loop...
2023-07-03 21:42:12,820 - root - INFO - validating...
2023-07-03 21:42:12,821 - root - INFO - validating...
2023-07-03 21:42:12,821 - root - INFO - validating...
2023-07-03 21:42:12,824 - root - INFO - validating...
2023-07-03 21:43:15,816 - root - INFO - Val loss improved from 1000000.0 to 0.48532363772392273
2023-07-03 21:43:17,397 - root - INFO - Time taken for epoch 1 is 793.344404220581 sec
2023-07-03 21:43:17,398 - root - INFO - train data time=0.005860805511474609, train step time=179.64538168907166, valid step time=61.53869318962097
2023-07-03 21:43:17,398 - root - INFO - Train loss: 0.47838491201400757. Valid loss: 0.48532363772392273
