WARNING:torch.distributed.run:
*****************************************
Setting OMP_NUM_THREADS environment variable for each process to be 1 in default, to avoid your system being overloaded, please further tune the variable for optimal performance in your application as needed. 
*****************************************
paraai-n32-h-01-agent-73
paraai-n32-h-01-agent-73
00

------------------ Configuration ------------------ ------------------ Configuration ------------------   /home/bingxing2/home/scx6115/Ocean_AI_model/config/AFNO.yaml/home/bingxing2/home/scx6115/Ocean_AI_model/config/AFNO.yaml

paraai-n32-h-01-agent-73
0
------------------ Configuration ------------------  /home/bingxing2/home/scx6115/Ocean_AI_model/config/AFNO.yaml
paraai-n32-h-01-agent-73
0
------------------ Configuration ------------------  /home/bingxing2/home/scx6115/Ocean_AI_model/config/AFNO.yaml
log_to_wandb True
lr 0.0005
batch_size 32
max_epochs 500
scheduler CosineAnnealingLR
in_channels [0, 1, 2, 3, 4, 5, 6, 7, 8, 9, 10, 11, 12, 13, 14, 15, 16, 17, 18, 19, 20, 21, 22, 23, 24, 25, 26, 27, 28, 29]
out_channels [0, 1, 2, 3, 4, 5, 6, 7, 8, 9, 10, 11, 12, 13, 14, 15, 16, 17, 18, 19, 20, 21, 22, 23, 24]
N_in_channels 31
N_out_channels 25
img_size_h 720
img_size_w 1440
patch_size_h 5
patch_size_w 5
loss l2
num_data_workers 0
dt 1
n_history 0
prediction_type iterative
prediction_length 30
n_initial_conditions 5
ics_type default
save_raw_forecasts True
save_channel False
masked_acc False
maskpath None
perturb False
add_grid False
N_grid_channels 0
gridtype sinusoidal
roll False
num_blocks 8
nettype afno
patch_size 8
width 56
modes 32
target default
enable_nhwc False
optimizer_type FusedAdam
normalize True
normalization zscore
global_mins_path ./sample_00/train/global_mins.npy
global_maxs_path ./sample_00/train/global_maxs.npy
global_means_path ./sample_00/train/global_means.npy
global_stds_path ./sample_00/train/global_stds.npy
train_data_path ./sample_00/train
valid_data_path ./sample_00/valid
test_data_pathlog_to_wandb ./sample_00/test
 land_maskTrue 
True
land_mask_path ./sample_00/land_mask.h5lr
 orography True
orography_norm_zscore_path 0.0005./sample_00/orography_norm_zscore.h5

orography_norm_maxmin_pathbatch_size ./sample_00/orography_norm_maxmin.h5 
32exp_dir
 ./exp
max_epochsadd_noise  500False

noise_std scheduler0 
log_to_wandbCosineAnnealingLRcrop_size_x
  Nonein_channels
True crop_size_y
 None
lrlog_to_screen[0, 1, 2, 3, 4, 5, 6, 7, 8, 9, 10, 11, 12, 13, 14, 15, 16, 17, 18, 19, 20, 21, 22, 23, 24, 25, 26, 27, 28, 29]  True

0.0005save_checkpoint
 out_channelsTruebatch_size 
 32[0, 1, 2, 3, 4, 5, 6, 7, 8, 9, 10, 11, 12, 13, 14, 15, 16, 17, 18, 19, 20, 21, 22, 23, 24]plot_animations

 False
N_in_channelsmax_epochs  31500

schedulerN_out_channels  CosineAnnealingLR25

in_channels img_size_h 720
img_size_w[0, 1, 2, 3, 4, 5, 6, 7, 8, 9, 10, 11, 12, 13, 14, 15, 16, 17, 18, 19, 20, 21, 22, 23, 24, 25, 26, 27, 28, 29] 
1440
out_channelspatch_size_h  5
patch_size_w[0, 1, 2, 3, 4, 5, 6, 7, 8, 9, 10, 11, 12, 13, 14, 15, 16, 17, 18, 19, 20, 21, 22, 23, 24]--------------------------------------------------- 

5
N_in_channels loss31 
l2
N_out_channels 25num_data_workers
world_size :  img_size_h016

 Initialize distributed process group...dt
 7201

img_size_wn_history  14400

patch_size_h prediction_type5 
iterative
patch_size_w prediction_length5 
30loss
 l2n_initial_conditions
 5
num_data_workers ics_type0 
defaultdt
 1save_raw_forecasts
 Truen_history
 0save_channel
 prediction_typeFalse 
iterative
masked_acc Falseprediction_length
 30maskpath
 Nonen_initial_conditions
 5perturb
 Falseics_type
 add_griddefault 
Falsesave_raw_forecasts
 TrueN_grid_channels
 0
save_channel Falsegridtype
 sinusoidal
masked_acc rollFalse 
False
maskpath Nonenum_blocks
 8perturb
 nettypeFalse 
afno
add_gridpatch_size  False8

N_grid_channelswidth  560

modes gridtype32
 sinusoidaltarget 
defaultroll
 Falseenable_nhwc
 Falsenum_blocks
 8optimizer_type
 nettypeFusedAdam 
afno
normalizepatch_size  True
8
normalizationwidth  zscore56

global_mins_pathmodes  ./sample_00/train/global_mins.npy32

global_maxs_path target./sample_00/train/global_maxs.npy 
default
global_means_path ./sample_00/train/global_means.npyenable_nhwc
 Falseglobal_stds_path
 ./sample_00/train/global_stds.npy
optimizer_type train_data_path FusedAdam./sample_00/train

valid_data_pathnormalize  True./sample_00/valid

normalizationtest_data_path  zscore./sample_00/test

land_mask global_mins_pathTrue 
./sample_00/train/global_mins.npy
global_maxs_pathland_mask_path  ./sample_00/land_mask.h5./sample_00/train/global_maxs.npy

orographyglobal_means_path  True./sample_00/train/global_means.npy

orography_norm_zscore_pathglobal_stds_path  ./sample_00/orography_norm_zscore.h5./sample_00/train/global_stds.npy

orography_norm_maxmin_pathtrain_data_path  ./sample_00/orography_norm_maxmin.h5./sample_00/train

exp_dir ./expvalid_data_path
 ./sample_00/validadd_noise
 False
test_data_pathnoise_std  ./sample_00/test0

land_maskcrop_size_x  NoneTrue

crop_size_yland_mask_path  None./sample_00/land_mask.h5

log_to_screen Trueorography
 Truesave_checkpoint
 Trueorography_norm_zscore_path
 plot_animations ./sample_00/orography_norm_zscore.h5False

orography_norm_maxmin_path ./sample_00/orography_norm_maxmin.h5
exp_dir ./exp
add_noise False
noise_std 0
crop_size_x None
crop_size_y None
log_to_screen True
save_checkpoint True
---------------------------------------------------
plot_animations False
world_size : 16
Initialize distributed process group...
---------------------------------------------------
world_size : 16
Initialize distributed process group...
2023-06-08 20:47:15,674 - torch.distributed.distributed_c10d - INFO - Added key: store_based_barrier_key:1 to store for rank: 10
2023-06-08 20:47:15,675 - torch.distributed.distributed_c10d - INFO - Added key: store_based_barrier_key:1 to store for rank: 9
2023-06-08 20:47:15,675 - torch.distributed.distributed_c10d - INFO - Added key: store_based_barrier_key:1 to store for rank: 11
log_to_wandb True
lr 0.0005
batch_size 32
max_epochs 500
scheduler CosineAnnealingLR
in_channels [0, 1, 2, 3, 4, 5, 6, 7, 8, 9, 10, 11, 12, 13, 14, 15, 16, 17, 18, 19, 20, 21, 22, 23, 24, 25, 26, 27, 28, 29]
out_channels [0, 1, 2, 3, 4, 5, 6, 7, 8, 9, 10, 11, 12, 13, 14, 15, 16, 17, 18, 19, 20, 21, 22, 23, 24]
N_in_channels 31
N_out_channels 25
img_size_h 720
img_size_w 1440
patch_size_h 5
patch_size_w 5
loss l2
num_data_workers 0
dt 1
n_history 0
prediction_type iterative
prediction_length 30
n_initial_conditions 5
ics_type default
save_raw_forecasts True
save_channel False
masked_acc False
maskpath None
perturb False
add_grid False
N_grid_channels 0
gridtype sinusoidal
roll False
num_blocks 8
nettype afno
patch_size 8
width 56
modes 32
target default
enable_nhwc False
optimizer_type FusedAdam
normalize True
normalization zscore
global_mins_path ./sample_00/train/global_mins.npy
global_maxs_path ./sample_00/train/global_maxs.npy
global_means_path ./sample_00/train/global_means.npy
global_stds_path ./sample_00/train/global_stds.npy
train_data_path ./sample_00/train
valid_data_path ./sample_00/valid
test_data_path ./sample_00/test
land_mask True
land_mask_path ./sample_00/land_mask.h5
orography True
orography_norm_zscore_path ./sample_00/orography_norm_zscore.h5
orography_norm_maxmin_path ./sample_00/orography_norm_maxmin.h5
exp_dir ./exp
add_noise False
noise_std 0
crop_size_x None
crop_size_y None
log_to_screen True
save_checkpoint True
plot_animations False
---------------------------------------------------
world_size : 16
Initialize distributed process group...
2023-06-08 20:47:15,680 - torch.distributed.distributed_c10d - INFO - Added key: store_based_barrier_key:1 to store for rank: 8
2023-06-08 20:47:15,681 - torch.distributed.distributed_c10d - INFO - Rank 8: Completed store-based barrier for key:store_based_barrier_key:1 with 16 nodes.
2023-06-08 20:47:15,685 - torch.distributed.distributed_c10d - INFO - Rank 10: Completed store-based barrier for key:store_based_barrier_key:1 with 16 nodes.
2023-06-08 20:47:15,686 - torch.distributed.distributed_c10d - INFO - Rank 9: Completed store-based barrier for key:store_based_barrier_key:1 with 16 nodes.
2023-06-08 20:47:15,686 - torch.distributed.distributed_c10d - INFO - Rank 11: Completed store-based barrier for key:store_based_barrier_key:1 with 16 nodes.
2023-06-08 20:47:15,738 - root - INFO - device: cuda:0
2023-06-08 20:47:15,738 - root - INFO - rank 8, begin data loader init
2023-06-08 20:47:15,741 - root - INFO - device: cuda:2
2023-06-08 20:47:15,741 - root - INFO - rank 10, begin data loader init
2023-06-08 20:47:15,744 - root - INFO - device: cuda:1
2023-06-08 20:47:15,744 - root - INFO - rank 9, begin data loader init
2023-06-08 20:47:15,744 - root - INFO - device: cuda:3
2023-06-08 20:47:15,744 - root - INFO - rank 11, begin data loader init
2023-06-08 20:47:15,773 - root - INFO - Getting file stats from ./sample_00/train/2000.h5
2023-06-08 20:47:15,773 - root - INFO - Getting file stats from ./sample_00/train/2000.h5
2023-06-08 20:47:15,773 - root - INFO - Getting file stats from ./sample_00/train/2000.h5
2023-06-08 20:47:15,773 - root - INFO - Getting file stats from ./sample_00/train/2000.h5
2023-06-08 20:47:15,774 - root - INFO - Number of samples per year: 365
2023-06-08 20:47:15,774 - root - INFO - Number of samples per year: 365
2023-06-08 20:47:15,774 - root - INFO - Found data at path ./sample_00/train. Number of examples: 1460. Image Shape: 720 x 1440 x 30
2023-06-08 20:47:15,774 - root - INFO - Found data at path ./sample_00/train. Number of examples: 1460. Image Shape: 720 x 1440 x 30
2023-06-08 20:47:15,774 - root - INFO - Number of samples per year: 365
2023-06-08 20:47:15,774 - root - INFO - Delta t: 1 days
2023-06-08 20:47:15,774 - root - INFO - Delta t: 1 days
2023-06-08 20:47:15,774 - root - INFO - Found data at path ./sample_00/train. Number of examples: 1460. Image Shape: 720 x 1440 x 30
2023-06-08 20:47:15,774 - root - INFO - Including 0 days of past history in training at a frequency of 1 days
2023-06-08 20:47:15,774 - root - INFO - Including 0 days of past history in training at a frequency of 1 days
2023-06-08 20:47:15,774 - root - INFO - Delta t: 1 days
2023-06-08 20:47:15,774 - root - INFO - Including 0 days of past history in training at a frequency of 1 days
2023-06-08 20:47:15,774 - root - INFO - Number of samples per year: 365
2023-06-08 20:47:15,774 - root - INFO - Found data at path ./sample_00/train. Number of examples: 1460. Image Shape: 720 x 1440 x 30
2023-06-08 20:47:15,774 - root - INFO - Delta t: 1 days
2023-06-08 20:47:15,774 - root - INFO - Including 0 days of past history in training at a frequency of 1 days
2023-06-08 20:47:15,815 - root - INFO - Getting file stats from ./sample_00/valid/2006.h5
2023-06-08 20:47:15,815 - root - INFO - Getting file stats from ./sample_00/valid/2006.h5
2023-06-08 20:47:15,815 - root - INFO - Getting file stats from ./sample_00/valid/2006.h5
2023-06-08 20:47:15,815 - root - INFO - Getting file stats from ./sample_00/valid/2006.h5
2023-06-08 20:47:15,816 - root - INFO - Number of samples per year: 364
2023-06-08 20:47:15,816 - root - INFO - Found data at path ./sample_00/valid. Number of examples: 364. Image Shape: 720 x 1440 x 30
2023-06-08 20:47:15,816 - root - INFO - Number of samples per year: 364
2023-06-08 20:47:15,816 - root - INFO - Number of samples per year: 364
2023-06-08 20:47:15,816 - root - INFO - Delta t: 1 days
2023-06-08 20:47:15,816 - root - INFO - Number of samples per year: 364
2023-06-08 20:47:15,816 - root - INFO - Including 0 days of past history in training at a frequency of 1 days
2023-06-08 20:47:15,816 - root - INFO - Found data at path ./sample_00/valid. Number of examples: 364. Image Shape: 720 x 1440 x 30
2023-06-08 20:47:15,816 - root - INFO - Found data at path ./sample_00/valid. Number of examples: 364. Image Shape: 720 x 1440 x 30
2023-06-08 20:47:15,816 - root - INFO - Delta t: 1 days
2023-06-08 20:47:15,816 - root - INFO - Found data at path ./sample_00/valid. Number of examples: 364. Image Shape: 720 x 1440 x 30
2023-06-08 20:47:15,816 - root - INFO - Delta t: 1 days
2023-06-08 20:47:15,816 - root - INFO - Including 0 days of past history in training at a frequency of 1 days
2023-06-08 20:47:15,816 - root - INFO - Delta t: 1 days
2023-06-08 20:47:15,816 - root - INFO - Including 0 days of past history in training at a frequency of 1 days
2023-06-08 20:47:15,816 - root - INFO - Including 0 days of past history in training at a frequency of 1 days
2023-06-08 20:47:15,816 - root - INFO - rank 10, data loader initialized
2023-06-08 20:47:15,816 - root - INFO - rank 9, data loader initialized
2023-06-08 20:47:15,816 - root - INFO - rank 8, data loader initialized
2023-06-08 20:47:15,816 - root - INFO - rank 11, data loader initialized
srun: Job step aborted: Waiting up to 32 seconds for job step to finish.
slurmstepd: error: *** STEP 19961.2 ON paraai-n32-h-01-agent-73 CANCELLED AT 2023-06-08T20:49:57 ***
WARNING:torch.distributed.elastic.agent.server.api:Received 15 death signal, shutting down workers
WARNING:torch.distributed.elastic.multiprocessing.api:Sending process 3504360 closing signal SIGTERM
WARNING:torch.distributed.elastic.multiprocessing.api:Sending process 3504361 closing signal SIGTERM
WARNING:torch.distributed.elastic.multiprocessing.api:Sending process 3504362 closing signal SIGTERM
WARNING:torch.distributed.elastic.multiprocessing.api:Sending process 3504363 closing signal SIGTERM
