master_addr is only used for static rdzv_backend and when rdzv_endpoint is not specified.
WARNING:torch.distributed.run:
*****************************************
Setting OMP_NUM_THREADS environment variable for each process to be 1 in default, to avoid your system being overloaded, please further tune the variable for optimal performance in your application as needed. 
*****************************************
paraai-n32-h-01-agent-93
paraai-n32-h-01-agent-93
paraai-n32-h-01-agent-93
paraai-n32-h-01-agent-93
00

00------------------ Configuration ------------------ ------------------ Configuration ------------------ 
  /home/bingxing2/home/scx6115/Ocean_AI_model/config/AFNO.yaml/home/bingxing2/home/scx6115/Ocean_AI_model/config/AFNO.yaml

------------------ Configuration ------------------  /home/bingxing2/home/scx6115/Ocean_AI_model/config/AFNO.yaml

------------------ Configuration ------------------  /home/bingxing2/home/scx6115/Ocean_AI_model/config/AFNO.yaml
log_to_wandb True
lr 0.0005
batch_size 32
max_epochs 500
scheduler CosineAnnealingLR
in_channels [0, 1, 2, 3, 4, 5, 6, 7, 8, 9, 10, 11, 12, 13, 14, 15, 16, 17, 18, 19, 20, 21, 22, 23, 24, 25, 26, 27, 28, 29]
out_channels [0, 1, 2, 3, 4, 5, 6, 7, 8, 9, 10, 11, 12, 13, 14, 15, 16, 17, 18, 19, 20, 21, 22, 23, 24]
N_in_channels 31
N_out_channels 25
img_size_h 720
img_size_w 1440
patch_size_h 5
patch_size_w 5
loss l2
num_data_workers 8
dt 1
n_history 0
prediction_type iterative
prediction_length 30
n_initial_conditions 5
ics_type default
save_raw_forecasts True
save_channel False
masked_acc log_to_wandbFalse
 maskpathTrue 
None
log_to_wandblrperturb   TrueFalse

0.0005add_grid
 False
batch_sizelr  N_grid_channels32 
00.0005
max_epochs
 gridtype500 batch_size
sinusoidal 
scheduler32 roll
CosineAnnealingLR 
Falsemax_epochs
 in_channels500num_blocks 
 8scheduler
 CosineAnnealingLRnettype
[0, 1, 2, 3, 4, 5, 6, 7, 8, 9, 10, 11, 12, 13, 14, 15, 16, 17, 18, 19, 20, 21, 22, 23, 24, 25, 26, 27, 28, 29] 
afnoin_channels
 patch_sizeout_channels  8
width[0, 1, 2, 3, 4, 5, 6, 7, 8, 9, 10, 11, 12, 13, 14, 15, 16, 17, 18, 19, 20, 21, 22, 23, 24, 25, 26, 27, 28, 29] 
[0, 1, 2, 3, 4, 5, 6, 7, 8, 9, 10, 11, 12, 13, 14, 15, 16, 17, 18, 19, 20, 21, 22, 23, 24]56

out_channelsmodesN_in_channels   3231

target[0, 1, 2, 3, 4, 5, 6, 7, 8, 9, 10, 11, 12, 13, 14, 15, 16, 17, 18, 19, 20, 21, 22, 23, 24]N_out_channels 
 default25
N_in_channels
 enable_nhwc31 img_size_h
False 
720
optimizer_typeN_out_channels  img_size_wFusedAdam25 

1440normalize
 img_size_hTrue patch_size_h
720 
normalization5 img_size_w
zscore 
1440patch_size_w
 5global_mins_path
patch_size_h  ./sample_00/train/global_mins.npyloss
5 
l2global_maxs_path
 patch_size_w./sample_00/train/global_maxs.npy num_data_workers
5 
8global_means_path
loss ./sample_00/train/global_means.npy 
dtl2 
global_stds_path1 
./sample_00/train/global_stds.npynum_data_workersn_history 
 80
train_data_path
dt  prediction_type./sample_00/train1 

iterative
valid_data_pathn_history  ./sample_00/validprediction_length0 

30
test_data_pathprediction_type  n_initial_conditions./sample_00/testiterative 

5land_mask
prediction_length  Trueics_type30
 
defaultland_mask_path
 n_initial_conditions./sample_00/land_mask.h5save_raw_forecasts  5
True

orographyics_type  save_channelTruedefault 

False
save_raw_forecastsorography_norm_zscore_path  masked_accTrue./sample_00/orography_norm_zscore.h5 

False
save_channelorography_norm_maxmin_pathmaskpath   False./sample_00/orography_norm_maxmin.h5None


masked_accexp_dir perturblog_to_wandbFalse  
./exp False

Truemaskpathadd_noise add_grid
  NoneFalseFalse


lr perturbN_grid_channels  noise_stdFalse0.00050 


0add_grid
gridtype batch_size Falsecrop_size_x
sinusoidal  N_grid_channels
None 32
0
roll
 crop_size_yFalse max_epochsgridtypeNone
  
500sinusoidalnum_blockslog_to_screen

  scheduler8True

roll  CosineAnnealingLRnettypesave_checkpointFalse
  
Trueafnoin_channels

num_blocks  plot_animationspatch_size8  
False8[0, 1, 2, 3, 4, 5, 6, 7, 8, 9, 10, 11, 12, 13, 14, 15, 16, 17, 18, 19, 20, 21, 22, 23, 24, 25, 26, 27, 28, 29]


nettype widthafno out_channels
56 
patch_size 8modes
 [0, 1, 2, 3, 4, 5, 6, 7, 8, 9, 10, 11, 12, 13, 14, 15, 16, 17, 18, 19, 20, 21, 22, 23, 24]32
width
 N_in_channelstarget56  
31defaultmodes

 32enable_nhwcN_out_channels
  False25
target
 optimizer_typedefaultimg_size_h 
FusedAdam 
enable_nhwc720 
normalizeFalse 
img_size_wTrue 
optimizer_type1440 
normalizationFusedAdam 
patch_size_hzscore 
normalize5 
Trueglobal_mins_path
patch_size_w  ./sample_00/train/global_mins.npynormalization 
5zscore

global_maxs_path loss./sample_00/train/global_maxs.npy 
l2global_mins_path
 ./sample_00/train/global_mins.npynum_data_workersglobal_means_path
  ---------------------------------------------------global_maxs_path8./sample_00/train/global_means.npy
 

./sample_00/train/global_maxs.npy
dt global_stds_pathglobal_means_path1  
./sample_00/train/global_stds.npy./sample_00/train/global_means.npy
n_history
 train_data_path0 
global_stds_path./sample_00/train 
prediction_type./sample_00/train/global_stds.npy valid_data_path
iterative 
./sample_00/validworld_size :train_data_path
 prediction_length 16 ./sample_00/traintest_data_path30

 
Initialize distributed process group...valid_data_path./sample_00/test
n_initial_conditions 
 ./sample_00/valid5
land_mask
 Truetest_data_pathics_type
  ./sample_00/testland_mask_pathdefault
 
./sample_00/land_mask.h5land_mask
save_raw_forecasts  TrueTrue
orography
 land_mask_pathTrue 
save_channel./sample_00/land_mask.h5 
orography_norm_zscore_pathFalse 
orography./sample_00/orography_norm_zscore.h5 
True
masked_accorography_norm_maxmin_path  False./sample_00/orography_norm_maxmin.h5orography_norm_zscore_path

 ./sample_00/orography_norm_zscore.h5maskpathexp_dir
  ./expNoneorography_norm_maxmin_path

 ./sample_00/orography_norm_maxmin.h5
add_noiseperturb exp_dir False False
./exp

noise_stdadd_grid add_noise 0 False
False

crop_size_xN_grid_channels noise_std None 0
0

crop_size_ygridtypecrop_size_x   NonesinusoidalNone


log_to_screenrollcrop_size_y   TrueFalseNone


save_checkpointnum_blockslog_to_screen   True8True


nettypeplot_animationssave_checkpoint  afno False
True

patch_size plot_animations8 
False
width 56
modes 32
target default
enable_nhwc False
optimizer_type FusedAdam
normalize True
normalization zscore
global_mins_path ./sample_00/train/global_mins.npy
global_maxs_path ./sample_00/train/global_maxs.npy
global_means_path ./sample_00/train/global_means.npy
global_stds_path ./sample_00/train/global_stds.npy
train_data_path ./sample_00/train---------------------------------------------------
---------------------------------------------------
valid_data_path
 ./sample_00/valid
test_data_path ./sample_00/test
land_mask True
land_mask_path ./sample_00/land_mask.h5
orography True
orography_norm_zscore_path world_size :world_size :./sample_00/orography_norm_zscore.h5  
1616

orography_norm_maxmin_pathInitialize distributed process group... Initialize distributed process group...
./sample_00/orography_norm_maxmin.h5

exp_dir ./exp
add_noise False
noise_std 0
crop_size_x None
crop_size_y None
log_to_screen True
save_checkpoint True
plot_animations False
---------------------------------------------------
world_size : 16
Initialize distributed process group...
2023-06-09 15:55:28,304 - torch.distributed.distributed_c10d - INFO - Added key: store_based_barrier_key:1 to store for rank: 12
2023-06-09 15:55:28,304 - torch.distributed.distributed_c10d - INFO - Added key: store_based_barrier_key:1 to store for rank: 14
2023-06-09 15:55:28,304 - torch.distributed.distributed_c10d - INFO - Added key: store_based_barrier_key:1 to store for rank: 13
2023-06-09 15:55:28,304 - torch.distributed.distributed_c10d - INFO - Added key: store_based_barrier_key:1 to store for rank: 15
2023-06-09 15:55:28,315 - torch.distributed.distributed_c10d - INFO - Rank 12: Completed store-based barrier for key:store_based_barrier_key:1 with 16 nodes.
2023-06-09 15:55:28,315 - torch.distributed.distributed_c10d - INFO - Rank 13: Completed store-based barrier for key:store_based_barrier_key:1 with 16 nodes.
2023-06-09 15:55:28,315 - torch.distributed.distributed_c10d - INFO - Rank 14: Completed store-based barrier for key:store_based_barrier_key:1 with 16 nodes.
2023-06-09 15:55:28,315 - torch.distributed.distributed_c10d - INFO - Rank 15: Completed store-based barrier for key:store_based_barrier_key:1 with 16 nodes.
2023-06-09 15:55:28,372 - root - INFO - device: cuda:0
2023-06-09 15:55:28,372 - root - INFO - rank 12, begin data loader init
2023-06-09 15:55:28,376 - root - INFO - device: cuda:2
2023-06-09 15:55:28,376 - root - INFO - rank 14, begin data loader init
2023-06-09 15:55:28,379 - root - INFO - device: cuda:3
2023-06-09 15:55:28,379 - root - INFO - rank 15, begin data loader init
2023-06-09 15:55:28,379 - root - INFO - device: cuda:1
2023-06-09 15:55:28,379 - root - INFO - rank 13, begin data loader init
2023-06-09 15:55:28,412 - root - INFO - Getting file stats from ./sample_00/train/2000.h5
2023-06-09 15:55:28,412 - root - INFO - Getting file stats from ./sample_00/train/2000.h5
2023-06-09 15:55:28,412 - root - INFO - Getting file stats from ./sample_00/train/2000.h5
2023-06-09 15:55:28,412 - root - INFO - Getting file stats from ./sample_00/train/2000.h5
2023-06-09 15:55:28,413 - root - INFO - Number of samples per year: 365
2023-06-09 15:55:28,413 - root - INFO - Number of samples per year: 365
2023-06-09 15:55:28,413 - root - INFO - Found data at path ./sample_00/train. Number of examples: 4015. Image Shape: 720 x 1440 x 30
2023-06-09 15:55:28,413 - root - INFO - Found data at path ./sample_00/train. Number of examples: 4015. Image Shape: 720 x 1440 x 30
2023-06-09 15:55:28,413 - root - INFO - Delta t: 1 days
2023-06-09 15:55:28,413 - root - INFO - Delta t: 1 days
2023-06-09 15:55:28,414 - root - INFO - Including 0 days of past history in training at a frequency of 1 days
2023-06-09 15:55:28,414 - root - INFO - Including 0 days of past history in training at a frequency of 1 days
2023-06-09 15:55:28,414 - root - INFO - Number of samples per year: 365
2023-06-09 15:55:28,414 - root - INFO - Number of samples per year: 365
2023-06-09 15:55:28,414 - root - INFO - Found data at path ./sample_00/train. Number of examples: 4015. Image Shape: 720 x 1440 x 30
2023-06-09 15:55:28,414 - root - INFO - Delta t: 1 days
2023-06-09 15:55:28,414 - root - INFO - Found data at path ./sample_00/train. Number of examples: 4015. Image Shape: 720 x 1440 x 30
2023-06-09 15:55:28,414 - root - INFO - Including 0 days of past history in training at a frequency of 1 days
2023-06-09 15:55:28,414 - root - INFO - Delta t: 1 days
2023-06-09 15:55:28,414 - root - INFO - Including 0 days of past history in training at a frequency of 1 days
2023-06-09 15:55:28,418 - root - INFO - Getting file stats from ./sample_00/valid/2011.h5
2023-06-09 15:55:28,419 - root - INFO - Getting file stats from ./sample_00/valid/2011.h5
2023-06-09 15:55:28,419 - root - INFO - Getting file stats from ./sample_00/valid/2011.h5
2023-06-09 15:55:28,419 - root - INFO - Getting file stats from ./sample_00/valid/2011.h5
2023-06-09 15:55:28,419 - root - INFO - Number of samples per year: 364
2023-06-09 15:55:28,420 - root - INFO - Found data at path ./sample_00/valid. Number of examples: 364. Image Shape: 720 x 1440 x 30
2023-06-09 15:55:28,420 - root - INFO - Delta t: 1 days
2023-06-09 15:55:28,420 - root - INFO - Including 0 days of past history in training at a frequency of 1 days
2023-06-09 15:55:28,420 - root - INFO - Number of samples per year: 364
2023-06-09 15:55:28,420 - root - INFO - Found data at path ./sample_00/valid. Number of examples: 364. Image Shape: 720 x 1440 x 30
2023-06-09 15:55:28,420 - root - INFO - rank 14, data loader initialized
2023-06-09 15:55:28,420 - root - INFO - Delta t: 1 days
2023-06-09 15:55:28,420 - root - INFO - Number of samples per year: 364
2023-06-09 15:55:28,420 - root - INFO - Including 0 days of past history in training at a frequency of 1 days
2023-06-09 15:55:28,420 - root - INFO - Found data at path ./sample_00/valid. Number of examples: 364. Image Shape: 720 x 1440 x 30
2023-06-09 15:55:28,420 - root - INFO - Delta t: 1 days
2023-06-09 15:55:28,420 - root - INFO - Number of samples per year: 364
2023-06-09 15:55:28,420 - root - INFO - Including 0 days of past history in training at a frequency of 1 days
2023-06-09 15:55:28,420 - root - INFO - rank 15, data loader initialized
2023-06-09 15:55:28,420 - root - INFO - Found data at path ./sample_00/valid. Number of examples: 364. Image Shape: 720 x 1440 x 30
2023-06-09 15:55:28,420 - root - INFO - Delta t: 1 days
2023-06-09 15:55:28,420 - root - INFO - rank 13, data loader initialized
2023-06-09 15:55:28,420 - root - INFO - Including 0 days of past history in training at a frequency of 1 days
2023-06-09 15:55:28,420 - root - INFO - rank 12, data loader initialized
paraai-n32-h-01-agent-93:3123256:3123256 [3] NCCL INFO cudaDriverVersion 11060
paraai-n32-h-01-agent-93:3123254:3123254 [1] NCCL INFO cudaDriverVersion 11060
paraai-n32-h-01-agent-93:3123255:3123255 [2] NCCL INFO cudaDriverVersion 11060
paraai-n32-h-01-agent-93:3123253:3123253 [0] NCCL INFO cudaDriverVersion 11060
paraai-n32-h-01-agent-93:3123254:3123254 [1] NCCL INFO Bootstrap : Using eth0:172.16.4.69<0>
paraai-n32-h-01-agent-93:3123255:3123255 [2] NCCL INFO Bootstrap : Using eth0:172.16.4.69<0>
paraai-n32-h-01-agent-93:3123253:3123253 [0] NCCL INFO Bootstrap : Using eth0:172.16.4.69<0>
paraai-n32-h-01-agent-93:3123256:3123256 [3] NCCL INFO Bootstrap : Using eth0:172.16.4.69<0>
paraai-n32-h-01-agent-93:3123254:3123254 [1] NCCL INFO NET/Plugin : No plugin found (libnccl-net.so), using internal implementation
paraai-n32-h-01-agent-93:3123253:3123253 [0] NCCL INFO NET/Plugin : No plugin found (libnccl-net.so), using internal implementation
paraai-n32-h-01-agent-93:3123255:3123255 [2] NCCL INFO NET/Plugin : No plugin found (libnccl-net.so), using internal implementation
paraai-n32-h-01-agent-93:3123256:3123256 [3] NCCL INFO NET/Plugin : No plugin found (libnccl-net.so), using internal implementation
paraai-n32-h-01-agent-93:3123255:3124215 [2] NCCL INFO NCCL_IB_DISABLE set by environment to 0.
paraai-n32-h-01-agent-93:3123254:3124214 [1] NCCL INFO NCCL_IB_DISABLE set by environment to 0.
paraai-n32-h-01-agent-93:3123256:3124216 [3] NCCL INFO NCCL_IB_DISABLE set by environment to 0.
paraai-n32-h-01-agent-93:3123253:3124217 [0] NCCL INFO NCCL_IB_DISABLE set by environment to 0.
paraai-n32-h-01-agent-93:3123255:3124215 [2] NCCL INFO NET/IB : Using [0]mlx5_0:1/RoCE [1]mlx5_1:1/RoCE [2]mlx5_2:1/RoCE [3]mlx5_3:1/RoCE [RO]; OOB eth0:172.16.4.69<0>
paraai-n32-h-01-agent-93:3123255:3124215 [2] NCCL INFO Using network IB
paraai-n32-h-01-agent-93:3123253:3124217 [0] NCCL INFO NET/IB : Using [0]mlx5_0:1/RoCE [1]mlx5_1:1/RoCE [2]mlx5_2:1/RoCE [3]mlx5_3:1/RoCE [RO]; OOB eth0:172.16.4.69<0>
paraai-n32-h-01-agent-93:3123253:3124217 [0] NCCL INFO Using network IB
paraai-n32-h-01-agent-93:3123254:3124214 [1] NCCL INFO NET/IB : Using [0]mlx5_0:1/RoCE [1]mlx5_1:1/RoCE [2]mlx5_2:1/RoCE [3]mlx5_3:1/RoCE [RO]; OOB eth0:172.16.4.69<0>
paraai-n32-h-01-agent-93:3123256:3124216 [3] NCCL INFO NET/IB : Using [0]mlx5_0:1/RoCE [1]mlx5_1:1/RoCE [2]mlx5_2:1/RoCE [3]mlx5_3:1/RoCE [RO]; OOB eth0:172.16.4.69<0>
paraai-n32-h-01-agent-93:3123254:3124214 [1] NCCL INFO Using network IB
paraai-n32-h-01-agent-93:3123256:3124216 [3] NCCL INFO Using network IB
paraai-n32-h-01-agent-93:3123254:3124214 [1] NCCL INFO Setting affinity for GPU 1 to ffffffff
paraai-n32-h-01-agent-93:3123255:3124215 [2] NCCL INFO Setting affinity for GPU 2 to ffffffff,00000000,00000000
paraai-n32-h-01-agent-93:3123253:3124217 [0] NCCL INFO Setting affinity for GPU 0 to ffffffff
paraai-n32-h-01-agent-93:3123256:3124216 [3] NCCL INFO Setting affinity for GPU 3 to ffffffff,00000000,00000000
paraai-n32-h-01-agent-93:3123256:3124216 [3] NCCL INFO Trees [0] -1/-1/-1->15->14 [1] -1/-1/-1->15->14
paraai-n32-h-01-agent-93:3123255:3124215 [2] NCCL INFO Trees [0] 15/-1/-1->14->13 [1] 15/-1/-1->14->13
paraai-n32-h-01-agent-93:3123254:3124214 [1] NCCL INFO Trees [0] 14/-1/-1->13->12 [1] 14/-1/-1->13->12
paraai-n32-h-01-agent-93:3123253:3124217 [0] NCCL INFO Trees [0] 13/-1/-1->12->8 [1] 13/4/-1->12->-1
paraai-n32-h-01-agent-93:3123255:3124215 [2] NCCL INFO Channel 00 : 14[81000] -> 15[82000] via SHM/direct/direct
paraai-n32-h-01-agent-93:3123255:3124215 [2] NCCL INFO Channel 01 : 14[81000] -> 15[82000] via SHM/direct/direct
paraai-n32-h-01-agent-93:3123254:3124214 [1] NCCL INFO Channel 00 : 13[2000] -> 14[81000] via SHM/direct/direct
paraai-n32-h-01-agent-93:3123254:3124214 [1] NCCL INFO Channel 01 : 13[2000] -> 14[81000] via SHM/direct/direct
paraai-n32-h-01-agent-93:3123253:3124217 [0] NCCL INFO Channel 00/0 : 11[82000] -> 12[1000] [receive] via NET/IB/0
paraai-n32-h-01-agent-93:3123256:3124216 [3] NCCL INFO Channel 00/0 : 15[82000] -> 0[1000] [send] via NET/IB/0
paraai-n32-h-01-agent-93:3123256:3124216 [3] NCCL INFO Channel 01/0 : 15[82000] -> 0[1000] [send] via NET/IB/0
paraai-n32-h-01-agent-93:3123253:3124217 [0] NCCL INFO Channel 01/0 : 11[82000] -> 12[1000] [receive] via NET/IB/0
paraai-n32-h-01-agent-93:3123253:3124217 [0] NCCL INFO Channel 00 : 12[1000] -> 13[2000] via SHM/direct/direct
paraai-n32-h-01-agent-93:3123253:3124217 [0] NCCL INFO Channel 01 : 12[1000] -> 13[2000] via SHM/direct/direct
paraai-n32-h-01-agent-93:3123255:3124215 [2] NCCL INFO Connected all rings
paraai-n32-h-01-agent-93:3123254:3124214 [1] NCCL INFO Connected all rings
paraai-n32-h-01-agent-93:3123256:3124278 [3] NCCL INFO NCCL_IB_GID_INDEX set by environment to 3.
paraai-n32-h-01-agent-93:3123255:3124215 [2] NCCL INFO Channel 00 : 14[81000] -> 13[2000] via SHM/direct/direct
paraai-n32-h-01-agent-93:3123255:3124215 [2] NCCL INFO Channel 01 : 14[81000] -> 13[2000] via SHM/direct/direct
paraai-n32-h-01-agent-93:3123254:3124214 [1] NCCL INFO Channel 00 : 13[2000] -> 12[1000] via SHM/direct/direct
paraai-n32-h-01-agent-93:3123254:3124214 [1] NCCL INFO Channel 01 : 13[2000] -> 12[1000] via SHM/direct/direct
paraai-n32-h-01-agent-93:3123256:3124216 [3] NCCL INFO Connected all rings
paraai-n32-h-01-agent-93:3123256:3124216 [3] NCCL INFO Channel 00 : 15[82000] -> 14[81000] via SHM/direct/direct
paraai-n32-h-01-agent-93:3123256:3124216 [3] NCCL INFO Channel 01 : 15[82000] -> 14[81000] via SHM/direct/direct
paraai-n32-h-01-agent-93:3123255:3124215 [2] NCCL INFO Connected all trees
paraai-n32-h-01-agent-93:3123255:3124215 [2] NCCL INFO threadThresholds 8/8/64 | 128/8/64 | 512 | 512
paraai-n32-h-01-agent-93:3123255:3124215 [2] NCCL INFO 2 coll channels, 2 p2p channels, 2 p2p channels per peer
paraai-n32-h-01-agent-93:3123256:3124216 [3] NCCL INFO Connected all trees
paraai-n32-h-01-agent-93:3123256:3124216 [3] NCCL INFO threadThresholds 8/8/64 | 128/8/64 | 512 | 512
paraai-n32-h-01-agent-93:3123256:3124216 [3] NCCL INFO 2 coll channels, 2 p2p channels, 2 p2p channels per peer
paraai-n32-h-01-agent-93:3123253:3124277 [0] NCCL INFO NCCL_IB_GID_INDEX set by environment to 3.
paraai-n32-h-01-agent-93:3123253:3124277 [0] NCCL INFO NCCL_IB_TIMEOUT set by environment to 23.
paraai-n32-h-01-agent-93:3123253:3124277 [0] NCCL INFO NCCL_IB_RETRY_CNT set by environment to 7.
paraai-n32-h-01-agent-93:3123253:3124217 [0] NCCL INFO Connected all rings
paraai-n32-h-01-agent-93:3123253:3124217 [0] NCCL INFO Channel 00/0 : 8[1000] -> 12[1000] [receive] via NET/IB/0
paraai-n32-h-01-agent-93:3123253:3124217 [0] NCCL INFO Channel 01/0 : 4[1000] -> 12[1000] [receive] via NET/IB/0
paraai-n32-h-01-agent-93:3123253:3124217 [0] NCCL INFO Channel 01/0 : 12[1000] -> 4[1000] [send] via NET/IB/0
paraai-n32-h-01-agent-93:3123253:3124217 [0] NCCL INFO Channel 00/0 : 12[1000] -> 8[1000] [send] via NET/IB/0
paraai-n32-h-01-agent-93:3123253:3124217 [0] NCCL INFO Connected all trees
paraai-n32-h-01-agent-93:3123253:3124217 [0] NCCL INFO threadThresholds 8/8/64 | 128/8/64 | 512 | 512
paraai-n32-h-01-agent-93:3123253:3124217 [0] NCCL INFO 2 coll channels, 2 p2p channels, 2 p2p channels per peer
paraai-n32-h-01-agent-93:3123254:3124214 [1] NCCL INFO Connected all trees
paraai-n32-h-01-agent-93:3123254:3124214 [1] NCCL INFO threadThresholds 8/8/64 | 128/8/64 | 512 | 512
paraai-n32-h-01-agent-93:3123254:3124214 [1] NCCL INFO 2 coll channels, 2 p2p channels, 2 p2p channels per peer
paraai-n32-h-01-agent-93:3123255:3124215 [2] NCCL INFO comm 0x71bceac0 rank 14 nranks 16 cudaDev 2 busId 81000 - Init COMPLETE
paraai-n32-h-01-agent-93:3123254:3124214 [1] NCCL INFO comm 0x11ffb080 rank 13 nranks 16 cudaDev 1 busId 2000 - Init COMPLETE
paraai-n32-h-01-agent-93:3123253:3124217 [0] NCCL INFO comm 0x32c8fbc0 rank 12 nranks 16 cudaDev 0 busId 1000 - Init COMPLETE
paraai-n32-h-01-agent-93:3123256:3124216 [3] NCCL INFO comm 0x1c0c3b40 rank 15 nranks 16 cudaDev 3 busId 82000 - Init COMPLETE
paraai-n32-h-01-agent-93:3123256:3124280 [3] NCCL INFO NCCL_IB_TIMEOUT set by environment to 23.
paraai-n32-h-01-agent-93:3123256:3124280 [3] NCCL INFO NCCL_IB_RETRY_CNT set by environment to 7.
srun: Job step aborted: Waiting up to 32 seconds for job step to finish.
slurmstepd: error: *** STEP 20187.0 ON paraai-n32-h-01-agent-93 CANCELLED AT 2023-06-10T10:46:07 ***
WARNING:torch.distributed.elastic.agent.server.api:Received 15 death signal, shutting down workers
WARNING:torch.distributed.elastic.multiprocessing.api:Sending process 3123253 closing signal SIGTERM
WARNING:torch.distributed.elastic.multiprocessing.api:Sending process 3123254 closing signal SIGTERM
WARNING:torch.distributed.elastic.multiprocessing.api:Sending process 3123255 closing signal SIGTERM
WARNING:torch.distributed.elastic.multiprocessing.api:Sending process 3123256 closing signal SIGTERM
