WARNING:torch.distributed.run:
*****************************************
Setting OMP_NUM_THREADS environment variable for each process to be 1 in default, to avoid your system being overloaded, please further tune the variable for optimal performance in your application as needed. 
*****************************************
paraai-n32-h-01-agent-67
paraai-n32-h-01-agent-67
00

------------------ Configuration ------------------ ------------------ Configuration ------------------  /home/bingxing2/home/scx6115/Ocean_AI_model/config/AFNO.yaml 
/home/bingxing2/home/scx6115/Ocean_AI_model/config/AFNO.yaml
paraai-n32-h-01-agent-67
paraai-n32-h-01-agent-67
0
------------------ Configuration ------------------  /home/bingxing2/home/scx6115/Ocean_AI_model/config/AFNO.yaml
0
------------------ Configuration ------------------  /home/bingxing2/home/scx6115/Ocean_AI_model/config/AFNO.yaml
log_to_wandb True
lr 0.0005
batch_size 32
max_epochs 500
scheduler CosineAnnealingLR
in_channels [0, 1, 2, 3, 4, 5, 6, 7, 8, 9, 10, 11, 12, 13, 14, 15, 16, 17, 18, 19, 20, 21, 22, 23, 24, 25, 26, 27, 28, 29]
out_channels [0, 1, 2, 3, 4, 5, 6, 7, 8, 9, 10, 11, 12, 13, 14, 15, 16, 17, 18, 19, 20, 21, 22, 23, 24]
N_in_channels 31
N_out_channels 25
img_size_h 720
img_size_w 1440
patch_size_h 5
patch_size_w 5
loss l2
num_data_workers 0
dt 1
n_history 0
prediction_type iterative
prediction_length 30
n_initial_conditions 5
ics_type default
save_raw_forecasts True
save_channel False
masked_acc False
maskpath None
perturb False
add_grid False
N_grid_channels 0
gridtype log_to_wandbsinusoidal
 rollTrue 
False
num_blocks 8lr
 nettype afno
0.0005patch_size
log_to_wandb 8batch_size 
 Truewidth32 

56max_epochs
 500modeslr
  scheduler32 0.0005
CosineAnnealingLR

targetin_channels batch_size default 
32
enable_nhwc [0, 1, 2, 3, 4, 5, 6, 7, 8, 9, 10, 11, 12, 13, 14, 15, 16, 17, 18, 19, 20, 21, 22, 23, 24, 25, 26, 27, 28, 29]max_epochsFalse
 
500
out_channelsoptimizer_typescheduler   FusedAdamCosineAnnealingLR

[0, 1, 2, 3, 4, 5, 6, 7, 8, 9, 10, 11, 12, 13, 14, 15, 16, 17, 18, 19, 20, 21, 22, 23, 24]normalizein_channels
  N_in_channelsTrue 
31
normalization[0, 1, 2, 3, 4, 5, 6, 7, 8, 9, 10, 11, 12, 13, 14, 15, 16, 17, 18, 19, 20, 21, 22, 23, 24, 25, 26, 27, 28, 29]N_out_channels 
 zscore25

out_channels img_size_hglobal_mins_path [0, 1, 2, 3, 4, 5, 6, 7, 8, 9, 10, 11, 12, 13, 14, 15, 16, 17, 18, 19, 20, 21, 22, 23, 24] 720
./sample_00/train/global_mins.npy

N_in_channelsimg_size_w global_maxs_path31  
1440./sample_00/train/global_maxs.npy
N_out_channels
 patch_size_hglobal_means_path  255./sample_00/train/global_means.npy


patch_size_w img_size_h5global_stds_path
  loss./sample_00/train/global_stds.npy720 

l2train_data_pathimg_size_w
  num_data_workers1440./sample_00/train
 0

patch_size_h dt5valid_data_path 
 1patch_size_w./sample_00/valid

 n_history5 
0test_data_path
loss  ./sample_00/testl2prediction_type

 land_maskiterativenum_data_workers
log_to_wandb  prediction_lengthTrue 30 0


Trueland_mask_pathdt 
1n_initial_conditions
  ./sample_00/land_mask.h5n_history5lr
 
 orography0ics_type 
 0.0005Truedefaultprediction_type


batch_size orography_norm_zscore_pathiterative save_raw_forecasts
  32prediction_lengthTrue./sample_00/orography_norm_zscore.h5
 

max_epochs30orography_norm_maxmin_pathsave_channel 
  500False./sample_00/orography_norm_maxmin.h5
n_initial_conditions
masked_acc
scheduler   exp_dirCosineAnnealingLR5False

 
maskpathin_channels./exp 
 ics_typeadd_noiseNone
  perturbdefault[0, 1, 2, 3, 4, 5, 6, 7, 8, 9, 10, 11, 12, 13, 14, 15, 16, 17, 18, 19, 20, 21, 22, 23, 24, 25, 26, 27, 28, 29] False
False


noise_stdout_channelssave_raw_forecastsadd_grid    False0
True[0, 1, 2, 3, 4, 5, 6, 7, 8, 9, 10, 11, 12, 13, 14, 15, 16, 17, 18, 19, 20, 21, 22, 23, 24]
N_grid_channels

 crop_size_x0 
N_in_channelsNone save_channel
31gridtype
  crop_size_yN_out_channelssinusoidal False 
Noneroll
 25Falsemasked_acc


 img_size_hlog_to_screennum_blocksFalse   8720

nettypeTrue
 maskpath
img_size_wafno save_checkpoint 
None1440 patch_size

True perturb
patch_size_h8  
plot_animations5width False
 
56patch_size_wFalse
 
add_grid5 
modesFalse loss
32 
l2N_grid_channels
target num_data_workers 0 default

0
gridtypeenable_nhwc  dtsinusoidal False

1rolloptimizer_type
  Falsen_historyFusedAdam
 
num_blocks0normalize 
 prediction_type8 True

iterativenettypenormalization
  zscoreprediction_lengthafno
 
30global_mins_pathpatch_size 
 ./sample_00/train/global_mins.npyn_initial_conditions8
 
---------------------------------------------------global_maxs_path5

width ics_type ./sample_00/train/global_maxs.npy 56default


global_means_path ./sample_00/train/global_means.npysave_raw_forecasts
modes world_size :global_stds_path   True
16./sample_00/train/global_stds.npy32save_channel


 Initialize distributed process group...Falsetrain_data_path
target
  ./sample_00/trainmasked_acc
default valid_data_path
False 
enable_nhwc./sample_00/validmaskpath 
 Falsetest_data_pathNone

 ./sample_00/testoptimizer_type
perturb  land_maskFalse FusedAdam
True

add_gridland_mask_path normalize ./sample_00/land_mask.h5False
 
orographyTrueN_grid_channels 
True 
0normalizationorography_norm_zscore_path
  gridtype./sample_00/orography_norm_zscore.h5 zscore
sinusoidal

orography_norm_maxmin_path rollglobal_mins_path./sample_00/orography_norm_maxmin.h5 
False 
exp_dir./sample_00/train/global_mins.npy num_blocks
./exp 
global_maxs_path 8add_noise./sample_00/train/global_maxs.npy
 
Falsenettype
 global_means_pathnoise_stdafno  
./sample_00/train/global_means.npy0patch_size

 crop_size_x8 global_stds_path
None 
width./sample_00/train/global_stds.npy crop_size_y
 56None
train_data_path
modeslog_to_screen   32True./sample_00/train


save_checkpointtargetvalid_data_path   Truedefault

./sample_00/validplot_animationsenable_nhwc
  FalseFalsetest_data_path

 optimizer_type./sample_00/test 
FusedAdam
land_mask normalizeTrue 
True
land_mask_pathnormalization  ./sample_00/land_mask.h5zscore

orography global_mins_pathTrue 
./sample_00/train/global_mins.npy
orography_norm_zscore_pathglobal_maxs_path  ./sample_00/orography_norm_zscore.h5./sample_00/train/global_maxs.npy

orography_norm_maxmin_pathglobal_means_path  ./sample_00/orography_norm_maxmin.h5./sample_00/train/global_means.npy---------------------------------------------------


exp_dirglobal_stds_path  ./exp./sample_00/train/global_stds.npy

add_noisetrain_data_path  world_size :./sample_00/train False
16

valid_data_path Initialize distributed process group...noise_std
./sample_00/valid 
0test_data_path
 ./sample_00/testcrop_size_x
 Noneland_mask
 crop_size_yTrue 
Noneland_mask_path
 ./sample_00/land_mask.h5log_to_screen
 orographyTrue True

save_checkpointorography_norm_zscore_path  True./sample_00/orography_norm_zscore.h5

plot_animationsorography_norm_maxmin_path  False./sample_00/orography_norm_maxmin.h5

exp_dir ./exp
add_noise False
noise_std 0
crop_size_x None
crop_size_y None
log_to_screen True
save_checkpoint True
plot_animations False
---------------------------------------------------
world_size : 16
Initialize distributed process group...
---------------------------------------------------
world_size : 16
Initialize distributed process group...
2023-06-08 21:30:57,930 - torch.distributed.distributed_c10d - INFO - Added key: store_based_barrier_key:1 to store for rank: 5
2023-06-08 21:30:57,930 - torch.distributed.distributed_c10d - INFO - Added key: store_based_barrier_key:1 to store for rank: 4
2023-06-08 21:30:57,930 - torch.distributed.distributed_c10d - INFO - Added key: store_based_barrier_key:1 to store for rank: 7
2023-06-08 21:30:57,931 - torch.distributed.distributed_c10d - INFO - Added key: store_based_barrier_key:1 to store for rank: 6
2023-06-08 21:30:59,183 - torch.distributed.distributed_c10d - INFO - Rank 7: Completed store-based barrier for key:store_based_barrier_key:1 with 16 nodes.
2023-06-08 21:30:59,183 - torch.distributed.distributed_c10d - INFO - Rank 4: Completed store-based barrier for key:store_based_barrier_key:1 with 16 nodes.
2023-06-08 21:30:59,183 - torch.distributed.distributed_c10d - INFO - Rank 6: Completed store-based barrier for key:store_based_barrier_key:1 with 16 nodes.
2023-06-08 21:30:59,183 - torch.distributed.distributed_c10d - INFO - Rank 5: Completed store-based barrier for key:store_based_barrier_key:1 with 16 nodes.
2023-06-08 21:30:59,287 - root - INFO - device: cuda:3
2023-06-08 21:30:59,287 - root - INFO - rank 7, begin data loader init
2023-06-08 21:30:59,287 - root - INFO - device: cuda:2
2023-06-08 21:30:59,287 - root - INFO - device: cuda:0
2023-06-08 21:30:59,287 - root - INFO - rank 6, begin data loader init
2023-06-08 21:30:59,287 - root - INFO - rank 4, begin data loader init
2023-06-08 21:30:59,287 - root - INFO - device: cuda:1
2023-06-08 21:30:59,287 - root - INFO - rank 5, begin data loader init
2023-06-08 21:30:59,295 - root - INFO - Getting file stats from ./sample_00/train/2000.h5
2023-06-08 21:30:59,295 - root - INFO - Getting file stats from ./sample_00/train/2000.h5
2023-06-08 21:30:59,295 - root - INFO - Getting file stats from ./sample_00/train/2000.h5
2023-06-08 21:30:59,295 - root - INFO - Getting file stats from ./sample_00/train/2000.h5
2023-06-08 21:30:59,296 - root - INFO - Number of samples per year: 365
2023-06-08 21:30:59,296 - root - INFO - Number of samples per year: 365
2023-06-08 21:30:59,296 - root - INFO - Found data at path ./sample_00/train. Number of examples: 1460. Image Shape: 720 x 1440 x 30
2023-06-08 21:30:59,296 - root - INFO - Found data at path ./sample_00/train. Number of examples: 1460. Image Shape: 720 x 1440 x 30
2023-06-08 21:30:59,296 - root - INFO - Delta t: 1 days
2023-06-08 21:30:59,296 - root - INFO - Delta t: 1 days
2023-06-08 21:30:59,296 - root - INFO - Number of samples per year: 365
2023-06-08 21:30:59,296 - root - INFO - Number of samples per year: 365
2023-06-08 21:30:59,296 - root - INFO - Including 0 days of past history in training at a frequency of 1 days
2023-06-08 21:30:59,296 - root - INFO - Including 0 days of past history in training at a frequency of 1 days
2023-06-08 21:30:59,296 - root - INFO - Found data at path ./sample_00/train. Number of examples: 1460. Image Shape: 720 x 1440 x 30
2023-06-08 21:30:59,296 - root - INFO - Found data at path ./sample_00/train. Number of examples: 1460. Image Shape: 720 x 1440 x 30
2023-06-08 21:30:59,296 - root - INFO - Delta t: 1 days
2023-06-08 21:30:59,296 - root - INFO - Delta t: 1 days
2023-06-08 21:30:59,296 - root - INFO - Including 0 days of past history in training at a frequency of 1 days
2023-06-08 21:30:59,296 - root - INFO - Including 0 days of past history in training at a frequency of 1 days
2023-06-08 21:30:59,338 - root - INFO - Getting file stats from ./sample_00/valid/2006.h5
2023-06-08 21:30:59,338 - root - INFO - Getting file stats from ./sample_00/valid/2006.h5
2023-06-08 21:30:59,338 - root - INFO - Getting file stats from ./sample_00/valid/2006.h5
2023-06-08 21:30:59,338 - root - INFO - Getting file stats from ./sample_00/valid/2006.h5
2023-06-08 21:30:59,339 - root - INFO - Number of samples per year: 364
2023-06-08 21:30:59,339 - root - INFO - Number of samples per year: 364
2023-06-08 21:30:59,339 - root - INFO - Found data at path ./sample_00/valid. Number of examples: 364. Image Shape: 720 x 1440 x 30
2023-06-08 21:30:59,339 - root - INFO - Found data at path ./sample_00/valid. Number of examples: 364. Image Shape: 720 x 1440 x 30
2023-06-08 21:30:59,339 - root - INFO - Delta t: 1 days
2023-06-08 21:30:59,339 - root - INFO - Delta t: 1 days
2023-06-08 21:30:59,339 - root - INFO - Number of samples per year: 364
2023-06-08 21:30:59,339 - root - INFO - Including 0 days of past history in training at a frequency of 1 days
2023-06-08 21:30:59,339 - root - INFO - Including 0 days of past history in training at a frequency of 1 days
2023-06-08 21:30:59,339 - root - INFO - Found data at path ./sample_00/valid. Number of examples: 364. Image Shape: 720 x 1440 x 30
2023-06-08 21:30:59,339 - root - INFO - Delta t: 1 days
2023-06-08 21:30:59,339 - root - INFO - Including 0 days of past history in training at a frequency of 1 days
2023-06-08 21:30:59,339 - root - INFO - rank 6, data loader initialized
2023-06-08 21:30:59,339 - root - INFO - Number of samples per year: 364
2023-06-08 21:30:59,339 - root - INFO - Found data at path ./sample_00/valid. Number of examples: 364. Image Shape: 720 x 1440 x 30
2023-06-08 21:30:59,339 - root - INFO - rank 7, data loader initialized
2023-06-08 21:30:59,339 - root - INFO - Delta t: 1 days
2023-06-08 21:30:59,339 - root - INFO - Including 0 days of past history in training at a frequency of 1 days
2023-06-08 21:30:59,339 - root - INFO - rank 4, data loader initialized
2023-06-08 21:30:59,340 - root - INFO - rank 5, data loader initialized
srun: Job step aborted: Waiting up to 32 seconds for job step to finish.
slurmstepd: error: *** STEP 19983.0 ON paraai-n32-h-01-agent-67 CANCELLED AT 2023-06-08T21:31:55 ***
WARNING:torch.distributed.elastic.agent.server.api:Received 15 death signal, shutting down workers
WARNING:torch.distributed.elastic.multiprocessing.api:Sending process 447852 closing signal SIGTERM
WARNING:torch.distributed.elastic.multiprocessing.api:Sending process 447853 closing signal SIGTERM
WARNING:torch.distributed.elastic.multiprocessing.api:Sending process 447854 closing signal SIGTERM
WARNING:torch.distributed.elastic.multiprocessing.api:Sending process 447855 closing signal SIGTERM
