master_addr is only used for static rdzv_backend and when rdzv_endpoint is not specified.
WARNING:torch.distributed.run:
*****************************************
Setting OMP_NUM_THREADS environment variable for each process to be 1 in default, to avoid your system being overloaded, please further tune the variable for optimal performance in your application as needed. 
*****************************************
paraai-n32-h-01-agent-7
paraai-n32-h-01-agent-7
paraai-n32-h-01-agent-7
paraai-n32-h-01-agent-7
00

0------------------ Configuration ------------------ 0------------------ Configuration ------------------ 
 
 ------------------ Configuration ------------------ /home/bingxing2/home/scx6115/Ocean_AI_model/config/AFNO.yaml------------------ Configuration ------------------ /home/bingxing2/home/scx6115/Ocean_AI_model/config/AFNO.yaml 
 
/home/bingxing2/home/scx6115/Ocean_AI_model/config/AFNO.yaml/home/bingxing2/home/scx6115/Ocean_AI_model/config/AFNO.yaml

log_to_wandblog_to_wandb  TrueTrue

lrlr  0.00050.0005

batch_sizebatch_sizelog_to_wandb   3232True


max_epochsmax_epochslr   5005000.0005

log_to_wandb
schedulerscheduler batch_size  True CosineAnnealingLRCosineAnnealingLR
32

lr
in_channelsin_channels max_epochs  0.0005 [0, 1, 2, 3, 4, 5, 6, 7, 8, 9, 10, 11, 12, 13, 14, 15, 16, 17, 18, 19, 20, 21, 22, 23, 24, 25, 26, 27, 28, 29][0, 1, 2, 3, 4, 5, 6, 7, 8, 9, 10, 11, 12, 13, 14, 15, 16, 17, 18, 19, 20, 21, 22, 23, 24, 25, 26, 27, 28, 29]
500

batch_size
out_channelsout_channels scheduler  32 [0, 1, 2, 3, 4, 5, 6, 7, 8, 9, 10, 11, 12, 13, 14, 15, 16, 17, 18, 19, 20, 21, 22, 23, 24][0, 1, 2, 3, 4, 5, 6, 7, 8, 9, 10, 11, 12, 13, 14, 15, 16, 17, 18, 19, 20, 21, 22, 23, 24]
CosineAnnealingLR

max_epochs
N_in_channelsN_in_channels in_channels  500 3131
[0, 1, 2, 3, 4, 5, 6, 7, 8, 9, 10, 11, 12, 13, 14, 15, 16, 17, 18, 19, 20, 21, 22, 23, 24, 25, 26, 27, 28, 29]

scheduler
N_out_channelsN_out_channels out_channels  CosineAnnealingLR 2525
[0, 1, 2, 3, 4, 5, 6, 7, 8, 9, 10, 11, 12, 13, 14, 15, 16, 17, 18, 19, 20, 21, 22, 23, 24]

in_channels
img_size_himg_size_h N_in_channels   [0, 1, 2, 3, 4, 5, 6, 7, 8, 9, 10, 11, 12, 13, 14, 15, 16, 17, 18, 19, 20, 21, 22, 23, 24, 25, 26, 27, 28, 29]72072031



out_channelsimg_size_wimg_size_wN_out_channels    [0, 1, 2, 3, 4, 5, 6, 7, 8, 9, 10, 11, 12, 13, 14, 15, 16, 17, 18, 19, 20, 21, 22, 23, 24]1440144025



N_in_channelspatch_size_hpatch_size_himg_size_h    3155720



N_out_channelspatch_size_wpatch_size_wimg_size_w    25551440



img_size_hlosslosspatch_size_h    720l2l25



img_size_wnum_data_workersnum_data_workerspatch_size_w    1440005



patch_size_hdtdtloss    511l2



patch_size_wn_historyn_historynum_data_workers    5000



lossprediction_typeprediction_typedt    l2iterativeiterative1



num_data_workersprediction_lengthprediction_lengthn_history    030300



dtn_initial_conditionsn_initial_conditionsprediction_type    155iterative



ics_typen_historyics_typeprediction_length    default0default30



save_raw_forecastsprediction_typesave_raw_forecastsn_initial_conditions    TrueiterativeTrue5



save_channelprediction_lengthsave_channelics_type    False30Falsedefault



masked_accn_initial_conditionsmasked_accsave_raw_forecasts    False5FalseTrue



maskpathics_typemaskpathsave_channel    NonedefaultNoneFalse



perturbsave_raw_forecastsperturbmasked_acc    FalseTrueFalseFalse



add_gridsave_channeladd_gridmaskpath    FalseFalseFalseNone



N_grid_channelsmasked_accN_grid_channelsperturb    0False0False



gridtypemaskpathgridtypeadd_grid    sinusoidalNonesinusoidalFalse



rollperturbrollN_grid_channels    FalseFalseFalse0



num_blocksadd_gridnum_blocksgridtype    8False8sinusoidal



nettypeN_grid_channelsnettyperoll    afno0afnoFalse



patch_sizegridtypepatch_sizenum_blocks    8sinusoidal88



widthrollwidthnettype    56False56afno



modesnum_blocksmodespatch_size    328328



targetnettypetargetwidth    defaultafnodefault56



enable_nhwcpatch_sizeenable_nhwcmodes    False8False32



optimizer_typewidthoptimizer_typetarget    FusedAdam56FusedAdamdefault



normalizemodesnormalizeenable_nhwc    True32TrueFalse



normalizationtargetnormalizationoptimizer_type    zscoredefaultzscoreFusedAdam



global_mins_pathenable_nhwcglobal_mins_pathnormalize    ./sample_00/train/global_mins.npyFalse./sample_00/train/global_mins.npyTrue



global_maxs_pathoptimizer_typeglobal_maxs_pathnormalization    ./sample_00/train/global_maxs.npyFusedAdam./sample_00/train/global_maxs.npyzscore



global_means_pathnormalizeglobal_means_pathglobal_mins_path    ./sample_00/train/global_means.npyTrue./sample_00/train/global_means.npy./sample_00/train/global_mins.npy



global_stds_pathnormalizationglobal_stds_pathglobal_maxs_path    ./sample_00/train/global_stds.npyzscore./sample_00/train/global_stds.npy./sample_00/train/global_maxs.npy



train_data_pathglobal_mins_pathtrain_data_pathglobal_means_path    ./sample_00/train./sample_00/train/global_mins.npy./sample_00/train./sample_00/train/global_means.npy



valid_data_pathglobal_maxs_pathvalid_data_pathglobal_stds_path    ./sample_00/valid./sample_00/train/global_maxs.npy./sample_00/valid./sample_00/train/global_stds.npy



test_data_pathglobal_means_pathtest_data_pathtrain_data_path    ./sample_00/test./sample_00/train/global_means.npy./sample_00/test./sample_00/train



land_maskglobal_stds_pathland_maskvalid_data_path    True./sample_00/train/global_stds.npyTrue./sample_00/valid



land_mask_pathtrain_data_pathland_mask_pathtest_data_path    ./sample_00/land_mask.h5./sample_00/train./sample_00/land_mask.h5./sample_00/test



orographyvalid_data_pathorographyland_mask    True./sample_00/validTrueTrue



orography_norm_zscore_pathtest_data_pathorography_norm_zscore_pathland_mask_path    ./sample_00/orography_norm_zscore.h5./sample_00/test./sample_00/orography_norm_zscore.h5./sample_00/land_mask.h5



orography_norm_maxmin_pathland_maskorography_norm_maxmin_pathorography    ./sample_00/orography_norm_maxmin.h5True./sample_00/orography_norm_maxmin.h5True



exp_dirland_mask_pathexp_dirorography_norm_zscore_path    ./exp./sample_00/land_mask.h5./exp./sample_00/orography_norm_zscore.h5



add_noiseorographyadd_noiseorography_norm_maxmin_path    FalseTrueFalse./sample_00/orography_norm_maxmin.h5



noise_stdorography_norm_zscore_pathnoise_stdexp_dir    0./sample_00/orography_norm_zscore.h50./exp



crop_size_xorography_norm_maxmin_pathcrop_size_xadd_noise    None./sample_00/orography_norm_maxmin.h5NoneFalse



crop_size_yexp_dircrop_size_ynoise_std    None./expNone0



log_to_screenadd_noiselog_to_screencrop_size_x    TrueFalseTrueNone



save_checkpointnoise_stdsave_checkpointcrop_size_y    True0TrueNone



plot_animationscrop_size_xplot_animationslog_to_screen    FalseNoneFalseTrue



crop_size_ysave_checkpoint  None---------------------------------------------------True

---------------------------------------------------
log_to_screen
world_size :plot_animations  world_size : True16 False

16
save_checkpointInitialize distributed process group...
 
Initialize distributed process group...True---------------------------------------------------


plot_animations False
world_size : 16
Initialize distributed process group...
---------------------------------------------------
world_size : 16
Initialize distributed process group...
2023-06-09 10:58:48,687 - torch.distributed.distributed_c10d - INFO - Added key: store_based_barrier_key:1 to store for rank: 15
2023-06-09 10:58:48,687 - torch.distributed.distributed_c10d - INFO - Added key: store_based_barrier_key:1 to store for rank: 12
2023-06-09 10:58:48,687 - torch.distributed.distributed_c10d - INFO - Added key: store_based_barrier_key:1 to store for rank: 14
2023-06-09 10:58:48,687 - torch.distributed.distributed_c10d - INFO - Added key: store_based_barrier_key:1 to store for rank: 13
2023-06-09 10:58:48,697 - torch.distributed.distributed_c10d - INFO - Rank 15: Completed store-based barrier for key:store_based_barrier_key:1 with 16 nodes.
2023-06-09 10:58:48,697 - torch.distributed.distributed_c10d - INFO - Rank 12: Completed store-based barrier for key:store_based_barrier_key:1 with 16 nodes.
2023-06-09 10:58:48,697 - torch.distributed.distributed_c10d - INFO - Rank 14: Completed store-based barrier for key:store_based_barrier_key:1 with 16 nodes.
2023-06-09 10:58:48,697 - torch.distributed.distributed_c10d - INFO - Rank 13: Completed store-based barrier for key:store_based_barrier_key:1 with 16 nodes.
2023-06-09 10:58:48,833 - root - INFO - device: cuda:0
2023-06-09 10:58:48,833 - root - INFO - device: cuda:1
2023-06-09 10:58:48,834 - root - INFO - rank 12, begin data loader init
2023-06-09 10:58:48,834 - root - INFO - rank 13, begin data loader init
2023-06-09 10:58:48,835 - root - INFO - device: cuda:2
2023-06-09 10:58:48,835 - root - INFO - rank 14, begin data loader init
2023-06-09 10:58:48,836 - root - INFO - device: cuda:3
2023-06-09 10:58:48,836 - root - INFO - rank 15, begin data loader init
2023-06-09 10:58:48,842 - root - INFO - Getting file stats from ./sample_00/train/2000.h5
2023-06-09 10:58:48,842 - root - INFO - Getting file stats from ./sample_00/train/2000.h5
2023-06-09 10:58:48,842 - root - INFO - Getting file stats from ./sample_00/train/2000.h5
2023-06-09 10:58:48,842 - root - INFO - Getting file stats from ./sample_00/train/2000.h5
2023-06-09 10:58:48,843 - root - INFO - Number of samples per year: 365
2023-06-09 10:58:48,843 - root - INFO - Number of samples per year: 365
2023-06-09 10:58:48,843 - root - INFO - Number of samples per year: 365
2023-06-09 10:58:48,843 - root - INFO - Found data at path ./sample_00/train. Number of examples: 4015. Image Shape: 720 x 1440 x 30
2023-06-09 10:58:48,843 - root - INFO - Found data at path ./sample_00/train. Number of examples: 4015. Image Shape: 720 x 1440 x 30
2023-06-09 10:58:48,843 - root - INFO - Found data at path ./sample_00/train. Number of examples: 4015. Image Shape: 720 x 1440 x 30
2023-06-09 10:58:48,843 - root - INFO - Delta t: 1 days
2023-06-09 10:58:48,843 - root - INFO - Number of samples per year: 365
2023-06-09 10:58:48,844 - root - INFO - Delta t: 1 days
2023-06-09 10:58:48,844 - root - INFO - Delta t: 1 days
2023-06-09 10:58:48,844 - root - INFO - Including 0 days of past history in training at a frequency of 1 days
2023-06-09 10:58:48,844 - root - INFO - Found data at path ./sample_00/train. Number of examples: 4015. Image Shape: 720 x 1440 x 30
2023-06-09 10:58:48,844 - root - INFO - Including 0 days of past history in training at a frequency of 1 days
2023-06-09 10:58:48,844 - root - INFO - Including 0 days of past history in training at a frequency of 1 days
2023-06-09 10:58:48,844 - root - INFO - Delta t: 1 days
2023-06-09 10:58:48,844 - root - INFO - Including 0 days of past history in training at a frequency of 1 days
2023-06-09 10:58:48,850 - root - INFO - Getting file stats from ./sample_00/valid/2011.h5
2023-06-09 10:58:48,850 - root - INFO - Getting file stats from ./sample_00/valid/2011.h5
2023-06-09 10:58:48,850 - root - INFO - Getting file stats from ./sample_00/valid/2011.h5
2023-06-09 10:58:48,850 - root - INFO - Getting file stats from ./sample_00/valid/2011.h5
2023-06-09 10:58:48,851 - root - INFO - Number of samples per year: 364
2023-06-09 10:58:48,851 - root - INFO - Number of samples per year: 364
2023-06-09 10:58:48,851 - root - INFO - Number of samples per year: 364
2023-06-09 10:58:48,851 - root - INFO - Found data at path ./sample_00/valid. Number of examples: 364. Image Shape: 720 x 1440 x 30
2023-06-09 10:58:48,851 - root - INFO - Found data at path ./sample_00/valid. Number of examples: 364. Image Shape: 720 x 1440 x 30
2023-06-09 10:58:48,851 - root - INFO - Found data at path ./sample_00/valid. Number of examples: 364. Image Shape: 720 x 1440 x 30
2023-06-09 10:58:48,851 - root - INFO - Delta t: 1 days
2023-06-09 10:58:48,851 - root - INFO - Delta t: 1 days
2023-06-09 10:58:48,851 - root - INFO - Delta t: 1 days
2023-06-09 10:58:48,851 - root - INFO - Including 0 days of past history in training at a frequency of 1 days
2023-06-09 10:58:48,851 - root - INFO - Including 0 days of past history in training at a frequency of 1 days
2023-06-09 10:58:48,851 - root - INFO - Including 0 days of past history in training at a frequency of 1 days
2023-06-09 10:58:48,851 - root - INFO - Number of samples per year: 364
2023-06-09 10:58:48,851 - root - INFO - rank 13, data loader initialized
2023-06-09 10:58:48,851 - root - INFO - Found data at path ./sample_00/valid. Number of examples: 364. Image Shape: 720 x 1440 x 30
2023-06-09 10:58:48,851 - root - INFO - rank 12, data loader initialized
2023-06-09 10:58:48,851 - root - INFO - rank 15, data loader initialized
2023-06-09 10:58:48,851 - root - INFO - Delta t: 1 days
2023-06-09 10:58:48,851 - root - INFO - Including 0 days of past history in training at a frequency of 1 days
2023-06-09 10:58:48,852 - root - INFO - rank 14, data loader initialized
paraai-n32-h-01-agent-7:2474362:2474362 [3] NCCL INFO cudaDriverVersion 11060
paraai-n32-h-01-agent-7:2474361:2474361 [2] NCCL INFO cudaDriverVersion 11060
paraai-n32-h-01-agent-7:2474359:2474359 [0] NCCL INFO cudaDriverVersion 11060
paraai-n32-h-01-agent-7:2474360:2474360 [1] NCCL INFO cudaDriverVersion 11060
paraai-n32-h-01-agent-7:2474360:2474360 [1] NCCL INFO Bootstrap : Using eth0:172.16.5.135<0>
paraai-n32-h-01-agent-7:2474362:2474362 [3] NCCL INFO Bootstrap : Using eth0:172.16.5.135<0>
paraai-n32-h-01-agent-7:2474359:2474359 [0] NCCL INFO Bootstrap : Using eth0:172.16.5.135<0>
paraai-n32-h-01-agent-7:2474359:2474359 [0] NCCL INFO NET/Plugin : No plugin found (libnccl-net.so), using internal implementation
paraai-n32-h-01-agent-7:2474362:2474362 [3] NCCL INFO NET/Plugin : No plugin found (libnccl-net.so), using internal implementation
paraai-n32-h-01-agent-7:2474360:2474360 [1] NCCL INFO NET/Plugin : No plugin found (libnccl-net.so), using internal implementation
paraai-n32-h-01-agent-7:2474360:2476851 [1] NCCL INFO NCCL_IB_DISABLE set by environment to 0.
paraai-n32-h-01-agent-7:2474362:2476852 [3] NCCL INFO NCCL_IB_DISABLE set by environment to 0.
paraai-n32-h-01-agent-7:2474359:2476853 [0] NCCL INFO NCCL_IB_DISABLE set by environment to 0.
paraai-n32-h-01-agent-7:2474362:2476852 [3] NCCL INFO NET/IB : Using [0]mlx5_0:1/RoCE [1]mlx5_1:1/RoCE [2]mlx5_2:1/RoCE [3]mlx5_3:1/RoCE [RO]; OOB eth0:172.16.5.135<0>
paraai-n32-h-01-agent-7:2474362:2476852 [3] NCCL INFO Using network IB
paraai-n32-h-01-agent-7:2474359:2476853 [0] NCCL INFO NET/IB : Using [0]mlx5_0:1/RoCE [1]mlx5_1:1/RoCE [2]mlx5_2:1/RoCE [3]mlx5_3:1/RoCE [RO]; OOB eth0:172.16.5.135<0>
paraai-n32-h-01-agent-7:2474360:2476851 [1] NCCL INFO NET/IB : Using [0]mlx5_0:1/RoCE [1]mlx5_1:1/RoCE [2]mlx5_2:1/RoCE [3]mlx5_3:1/RoCE [RO]; OOB eth0:172.16.5.135<0>
paraai-n32-h-01-agent-7:2474359:2476853 [0] NCCL INFO Using network IB
paraai-n32-h-01-agent-7:2474360:2476851 [1] NCCL INFO Using network IB
paraai-n32-h-01-agent-7:2474361:2474361 [2] NCCL INFO Bootstrap : Using eth0:172.16.5.135<0>
paraai-n32-h-01-agent-7:2474361:2474361 [2] NCCL INFO NET/Plugin : No plugin found (libnccl-net.so), using internal implementation
paraai-n32-h-01-agent-7:2474361:2476867 [2] NCCL INFO NCCL_IB_DISABLE set by environment to 0.
paraai-n32-h-01-agent-7:2474361:2476867 [2] NCCL INFO NET/IB : Using [0]mlx5_0:1/RoCE [1]mlx5_1:1/RoCE [2]mlx5_2:1/RoCE [3]mlx5_3:1/RoCE [RO]; OOB eth0:172.16.5.135<0>
paraai-n32-h-01-agent-7:2474361:2476867 [2] NCCL INFO Using network IB
paraai-n32-h-01-agent-7:2474362:2476852 [3] NCCL INFO Setting affinity for GPU 3 to ffffffff,00000000,00000000
paraai-n32-h-01-agent-7:2474359:2476853 [0] NCCL INFO Setting affinity for GPU 0 to ffffffff
paraai-n32-h-01-agent-7:2474360:2476851 [1] NCCL INFO Setting affinity for GPU 1 to ffffffff
paraai-n32-h-01-agent-7:2474361:2476867 [2] NCCL INFO Setting affinity for GPU 2 to ffffffff,00000000,00000000
paraai-n32-h-01-agent-7:2474362:2476852 [3] NCCL INFO Trees [0] -1/-1/-1->15->14 [1] -1/-1/-1->15->14
paraai-n32-h-01-agent-7:2474361:2476867 [2] NCCL INFO Trees [0] 15/-1/-1->14->13 [1] 15/-1/-1->14->13
paraai-n32-h-01-agent-7:2474359:2476853 [0] NCCL INFO Trees [0] 13/-1/-1->12->8 [1] 13/4/-1->12->-1
paraai-n32-h-01-agent-7:2474360:2476851 [1] NCCL INFO Trees [0] 14/-1/-1->13->12 [1] 14/-1/-1->13->12
paraai-n32-h-01-agent-7:2474361:2476867 [2] NCCL INFO Channel 00 : 14[81000] -> 15[82000] via SHM/direct/direct
paraai-n32-h-01-agent-7:2474361:2476867 [2] NCCL INFO Channel 01 : 14[81000] -> 15[82000] via SHM/direct/direct
paraai-n32-h-01-agent-7:2474360:2476851 [1] NCCL INFO Channel 00 : 13[2000] -> 14[81000] via SHM/direct/direct
paraai-n32-h-01-agent-7:2474360:2476851 [1] NCCL INFO Channel 01 : 13[2000] -> 14[81000] via SHM/direct/direct
paraai-n32-h-01-agent-7:2474362:2476852 [3] NCCL INFO Channel 00/0 : 15[82000] -> 0[1000] [send] via NET/IB/0
paraai-n32-h-01-agent-7:2474359:2476853 [0] NCCL INFO Channel 00/0 : 11[82000] -> 12[1000] [receive] via NET/IB/0
paraai-n32-h-01-agent-7:2474362:2476852 [3] NCCL INFO Channel 01/0 : 15[82000] -> 0[1000] [send] via NET/IB/0
paraai-n32-h-01-agent-7:2474359:2476853 [0] NCCL INFO Channel 01/0 : 11[82000] -> 12[1000] [receive] via NET/IB/0
paraai-n32-h-01-agent-7:2474359:2476853 [0] NCCL INFO Channel 00 : 12[1000] -> 13[2000] via SHM/direct/direct
paraai-n32-h-01-agent-7:2474359:2476853 [0] NCCL INFO Channel 01 : 12[1000] -> 13[2000] via SHM/direct/direct
paraai-n32-h-01-agent-7:2474361:2476867 [2] NCCL INFO Connected all rings
paraai-n32-h-01-agent-7:2474362:2476872 [3] NCCL INFO NCCL_IB_GID_INDEX set by environment to 3.
paraai-n32-h-01-agent-7:2474360:2476851 [1] NCCL INFO Connected all rings
paraai-n32-h-01-agent-7:2474361:2476867 [2] NCCL INFO Channel 00 : 14[81000] -> 13[2000] via SHM/direct/direct
paraai-n32-h-01-agent-7:2474361:2476867 [2] NCCL INFO Channel 01 : 14[81000] -> 13[2000] via SHM/direct/direct
paraai-n32-h-01-agent-7:2474360:2476851 [1] NCCL INFO Channel 00 : 13[2000] -> 12[1000] via SHM/direct/direct
paraai-n32-h-01-agent-7:2474360:2476851 [1] NCCL INFO Channel 01 : 13[2000] -> 12[1000] via SHM/direct/direct
paraai-n32-h-01-agent-7:2474362:2476852 [3] NCCL INFO Connected all rings
paraai-n32-h-01-agent-7:2474362:2476852 [3] NCCL INFO Channel 00 : 15[82000] -> 14[81000] via SHM/direct/direct
paraai-n32-h-01-agent-7:2474362:2476852 [3] NCCL INFO Channel 01 : 15[82000] -> 14[81000] via SHM/direct/direct
paraai-n32-h-01-agent-7:2474362:2476852 [3] NCCL INFO Connected all trees
paraai-n32-h-01-agent-7:2474362:2476852 [3] NCCL INFO threadThresholds 8/8/64 | 128/8/64 | 512 | 512
paraai-n32-h-01-agent-7:2474362:2476852 [3] NCCL INFO 2 coll channels, 2 p2p channels, 2 p2p channels per peer
paraai-n32-h-01-agent-7:2474361:2476867 [2] NCCL INFO Connected all trees
paraai-n32-h-01-agent-7:2474361:2476867 [2] NCCL INFO threadThresholds 8/8/64 | 128/8/64 | 512 | 512
paraai-n32-h-01-agent-7:2474361:2476867 [2] NCCL INFO 2 coll channels, 2 p2p channels, 2 p2p channels per peer
paraai-n32-h-01-agent-7:2474359:2476873 [0] NCCL INFO NCCL_IB_GID_INDEX set by environment to 3.
paraai-n32-h-01-agent-7:2474359:2476873 [0] NCCL INFO NCCL_IB_TIMEOUT set by environment to 23.
paraai-n32-h-01-agent-7:2474359:2476873 [0] NCCL INFO NCCL_IB_RETRY_CNT set by environment to 7.
paraai-n32-h-01-agent-7:2474359:2476853 [0] NCCL INFO Connected all rings
paraai-n32-h-01-agent-7:2474359:2476853 [0] NCCL INFO Channel 00/0 : 8[1000] -> 12[1000] [receive] via NET/IB/0
paraai-n32-h-01-agent-7:2474359:2476853 [0] NCCL INFO Channel 01/0 : 4[1000] -> 12[1000] [receive] via NET/IB/0
paraai-n32-h-01-agent-7:2474359:2476853 [0] NCCL INFO Channel 01/0 : 12[1000] -> 4[1000] [send] via NET/IB/0
paraai-n32-h-01-agent-7:2474359:2476853 [0] NCCL INFO Channel 00/0 : 12[1000] -> 8[1000] [send] via NET/IB/0
paraai-n32-h-01-agent-7:2474359:2476853 [0] NCCL INFO Connected all trees
paraai-n32-h-01-agent-7:2474359:2476853 [0] NCCL INFO threadThresholds 8/8/64 | 128/8/64 | 512 | 512
paraai-n32-h-01-agent-7:2474359:2476853 [0] NCCL INFO 2 coll channels, 2 p2p channels, 2 p2p channels per peer
paraai-n32-h-01-agent-7:2474360:2476851 [1] NCCL INFO Connected all trees
paraai-n32-h-01-agent-7:2474360:2476851 [1] NCCL INFO threadThresholds 8/8/64 | 128/8/64 | 512 | 512
paraai-n32-h-01-agent-7:2474360:2476851 [1] NCCL INFO 2 coll channels, 2 p2p channels, 2 p2p channels per peer
paraai-n32-h-01-agent-7:2474362:2476852 [3] NCCL INFO comm 0x3334dfc0 rank 15 nranks 16 cudaDev 3 busId 82000 - Init COMPLETE
paraai-n32-h-01-agent-7:2474361:2476867 [2] NCCL INFO comm 0x1802bd00 rank 14 nranks 16 cudaDev 2 busId 81000 - Init COMPLETE
paraai-n32-h-01-agent-7:2474360:2476851 [1] NCCL INFO comm 0x430e8700 rank 13 nranks 16 cudaDev 1 busId 2000 - Init COMPLETE
paraai-n32-h-01-agent-7:2474359:2476853 [0] NCCL INFO comm 0x44b2ecc0 rank 12 nranks 16 cudaDev 0 busId 1000 - Init COMPLETE
paraai-n32-h-01-agent-7:2474362:2476886 [3] NCCL INFO NCCL_IB_TIMEOUT set by environment to 23.
paraai-n32-h-01-agent-7:2474362:2476886 [3] NCCL INFO NCCL_IB_RETRY_CNT set by environment to 7.
Traceback (most recent call last):
  File "/home/bingxing2/home/scx6115/Ocean_AI_model/train_025_bingxing.py", line 480, in <module>
    trainer.train()
  File "/home/bingxing2/home/scx6115/Ocean_AI_model/train_025_bingxing.py", line 143, in train
    tr_time, data_time, train_logs = self.train_one_epoch() 
  File "/home/bingxing2/home/scx6115/Ocean_AI_model/train_025_bingxing.py", line 210, in train_one_epoch
    for i, data in enumerate(self.train_data_loader, 0):
  File "/home/bingxing2/home/scx6115/.conda/envs/torch2.0/lib/python3.10/site-packages/torch/utils/data/dataloader.py", line 634, in __next__
    data = self._next_data()
  File "/home/bingxing2/home/scx6115/.conda/envs/torch2.0/lib/python3.10/site-packages/torch/utils/data/dataloader.py", line 678, in _next_data
    data = self._dataset_fetcher.fetch(index)  # may raise StopIteration
  File "/home/bingxing2/home/scx6115/.conda/envs/torch2.0/lib/python3.10/site-packages/torch/utils/data/_utils/fetch.py", line 51, in fetch
    data = [self.dataset[idx] for idx in possibly_batched_index]
  File "/home/bingxing2/home/scx6115/.conda/envs/torch2.0/lib/python3.10/site-packages/torch/utils/data/_utils/fetch.py", line 51, in <listcomp>
    data = [self.dataset[idx] for idx in possibly_batched_index]
  File "/home/bingxing2/home/scx6115/Ocean_AI_model/utils/data_loader_multifiles.py", line 173, in __getitem__
    inp = reshape_fields( self.files[year_idx][(local_idx - self.dt * self.n_history):(local_idx + 1):self.dt, self.in_channels], 'inp', self.params, self.train, self.normalize, orog, self.add_noise )
  File "/home/bingxing2/home/scx6115/Ocean_AI_model/utils/img_utils.py", line 104, in reshape_fields
    stds = np.load(params.global_stds_path)[:, channels]
  File "/home/bingxing2/home/scx6115/.conda/envs/torch2.0/lib/python3.10/site-packages/numpy/lib/npyio.py", line 405, in load
    fid = stack.enter_context(open(os_fspath(file), "rb"))
FileNotFoundError: [Errno 2] No such file or directory: './sample_00/train/global_stds.npy'
Traceback (most recent call last):
  File "/home/bingxing2/home/scx6115/Ocean_AI_model/train_025_bingxing.py", line 480, in <module>
    trainer.train()
  File "/home/bingxing2/home/scx6115/Ocean_AI_model/train_025_bingxing.py", line 143, in train
    tr_time, data_time, train_logs = self.train_one_epoch() 
  File "/home/bingxing2/home/scx6115/Ocean_AI_model/train_025_bingxing.py", line 210, in train_one_epoch
    for i, data in enumerate(self.train_data_loader, 0):
  File "/home/bingxing2/home/scx6115/.conda/envs/torch2.0/lib/python3.10/site-packages/torch/utils/data/dataloader.py", line 634, in __next__
    data = self._next_data()
  File "/home/bingxing2/home/scx6115/.conda/envs/torch2.0/lib/python3.10/site-packages/torch/utils/data/dataloader.py", line 678, in _next_data
    data = self._dataset_fetcher.fetch(index)  # may raise StopIteration
  File "/home/bingxing2/home/scx6115/.conda/envs/torch2.0/lib/python3.10/site-packages/torch/utils/data/_utils/fetch.py", line 51, in fetch
    data = [self.dataset[idx] for idx in possibly_batched_index]
  File "/home/bingxing2/home/scx6115/.conda/envs/torch2.0/lib/python3.10/site-packages/torch/utils/data/_utils/fetch.py", line 51, in <listcomp>
    data = [self.dataset[idx] for idx in possibly_batched_index]
  File "/home/bingxing2/home/scx6115/Ocean_AI_model/utils/data_loader_multifiles.py", line 173, in __getitem__
    inp = reshape_fields( self.files[year_idx][(local_idx - self.dt * self.n_history):(local_idx + 1):self.dt, self.in_channels], 'inp', self.params, self.train, self.normalize, orog, self.add_noise )
  File "/home/bingxing2/home/scx6115/Ocean_AI_model/utils/img_utils.py", line 104, in reshape_fields
    stds = np.load(params.global_stds_path)[:, channels]
  File "/home/bingxing2/home/scx6115/.conda/envs/torch2.0/lib/python3.10/site-packages/numpy/lib/npyio.py", line 405, in load
    fid = stack.enter_context(open(os_fspath(file), "rb"))
FileNotFoundError: [Errno 2] No such file or directory: './sample_00/train/global_stds.npy'
Traceback (most recent call last):
  File "/home/bingxing2/home/scx6115/Ocean_AI_model/train_025_bingxing.py", line 480, in <module>
    trainer.train()
  File "/home/bingxing2/home/scx6115/Ocean_AI_model/train_025_bingxing.py", line 143, in train
    tr_time, data_time, train_logs = self.train_one_epoch() 
  File "/home/bingxing2/home/scx6115/Ocean_AI_model/train_025_bingxing.py", line 210, in train_one_epoch
    for i, data in enumerate(self.train_data_loader, 0):
  File "/home/bingxing2/home/scx6115/.conda/envs/torch2.0/lib/python3.10/site-packages/torch/utils/data/dataloader.py", line 634, in __next__
    data = self._next_data()
  File "/home/bingxing2/home/scx6115/.conda/envs/torch2.0/lib/python3.10/site-packages/torch/utils/data/dataloader.py", line 678, in _next_data
    data = self._dataset_fetcher.fetch(index)  # may raise StopIteration
  File "/home/bingxing2/home/scx6115/.conda/envs/torch2.0/lib/python3.10/site-packages/torch/utils/data/_utils/fetch.py", line 51, in fetch
    data = [self.dataset[idx] for idx in possibly_batched_index]
  File "/home/bingxing2/home/scx6115/.conda/envs/torch2.0/lib/python3.10/site-packages/torch/utils/data/_utils/fetch.py", line 51, in <listcomp>
    data = [self.dataset[idx] for idx in possibly_batched_index]
  File "/home/bingxing2/home/scx6115/Ocean_AI_model/utils/data_loader_multifiles.py", line 173, in __getitem__
    inp = reshape_fields( self.files[year_idx][(local_idx - self.dt * self.n_history):(local_idx + 1):self.dt, self.in_channels], 'inp', self.params, self.train, self.normalize, orog, self.add_noise )
  File "/home/bingxing2/home/scx6115/Ocean_AI_model/utils/img_utils.py", line 104, in reshape_fields
    stds = np.load(params.global_stds_path)[:, channels]
  File "/home/bingxing2/home/scx6115/.conda/envs/torch2.0/lib/python3.10/site-packages/numpy/lib/npyio.py", line 405, in load
    fid = stack.enter_context(open(os_fspath(file), "rb"))
FileNotFoundError: [Errno 2] No such file or directory: './sample_00/train/global_stds.npy'
Traceback (most recent call last):
  File "/home/bingxing2/home/scx6115/Ocean_AI_model/train_025_bingxing.py", line 480, in <module>
    trainer.train()
  File "/home/bingxing2/home/scx6115/Ocean_AI_model/train_025_bingxing.py", line 143, in train
    tr_time, data_time, train_logs = self.train_one_epoch() 
  File "/home/bingxing2/home/scx6115/Ocean_AI_model/train_025_bingxing.py", line 210, in train_one_epoch
    for i, data in enumerate(self.train_data_loader, 0):
  File "/home/bingxing2/home/scx6115/.conda/envs/torch2.0/lib/python3.10/site-packages/torch/utils/data/dataloader.py", line 634, in __next__
    data = self._next_data()
  File "/home/bingxing2/home/scx6115/.conda/envs/torch2.0/lib/python3.10/site-packages/torch/utils/data/dataloader.py", line 678, in _next_data
    data = self._dataset_fetcher.fetch(index)  # may raise StopIteration
  File "/home/bingxing2/home/scx6115/.conda/envs/torch2.0/lib/python3.10/site-packages/torch/utils/data/_utils/fetch.py", line 51, in fetch
    data = [self.dataset[idx] for idx in possibly_batched_index]
  File "/home/bingxing2/home/scx6115/.conda/envs/torch2.0/lib/python3.10/site-packages/torch/utils/data/_utils/fetch.py", line 51, in <listcomp>
    data = [self.dataset[idx] for idx in possibly_batched_index]
  File "/home/bingxing2/home/scx6115/Ocean_AI_model/utils/data_loader_multifiles.py", line 173, in __getitem__
    inp = reshape_fields( self.files[year_idx][(local_idx - self.dt * self.n_history):(local_idx + 1):self.dt, self.in_channels], 'inp', self.params, self.train, self.normalize, orog, self.add_noise )
  File "/home/bingxing2/home/scx6115/Ocean_AI_model/utils/img_utils.py", line 104, in reshape_fields
    stds = np.load(params.global_stds_path)[:, channels]
  File "/home/bingxing2/home/scx6115/.conda/envs/torch2.0/lib/python3.10/site-packages/numpy/lib/npyio.py", line 405, in load
    fid = stack.enter_context(open(os_fspath(file), "rb"))
FileNotFoundError: [Errno 2] No such file or directory: './sample_00/train/global_stds.npy'
paraai-n32-h-01-agent-7:2474359:2476873 [0] NCCL INFO [Service thread] Connection closed by localRank 0
paraai-n32-h-01-agent-7:2474362:2476872 [3] NCCL INFO [Service thread] Connection closed by localRank 3
paraai-n32-h-01-agent-7:2474359:2474359 [0] NCCL INFO comm 0x44b2ecc0 rank 12 nranks 16 cudaDev 0 busId 1000 - Abort COMPLETE
paraai-n32-h-01-agent-7:2474362:2474362 [3] NCCL INFO comm 0x3334dfc0 rank 15 nranks 16 cudaDev 3 busId 82000 - Abort COMPLETE
paraai-n32-h-01-agent-7:2474360:2476875 [1] NCCL INFO [Service thread] Connection closed by localRank 1
paraai-n32-h-01-agent-7:2474360:2474360 [1] NCCL INFO comm 0x430e8700 rank 13 nranks 16 cudaDev 1 busId 2000 - Abort COMPLETE
paraai-n32-h-01-agent-7:2474361:2476874 [2] NCCL INFO [Service thread] Connection closed by localRank 2
paraai-n32-h-01-agent-7:2474361:2474361 [2] NCCL INFO comm 0x1802bd00 rank 14 nranks 16 cudaDev 2 busId 81000 - Abort COMPLETE
WARNING:torch.distributed.elastic.multiprocessing.api:Sending process 2474360 closing signal SIGTERM
WARNING:torch.distributed.elastic.multiprocessing.api:Sending process 2474361 closing signal SIGTERM
ERROR:torch.distributed.elastic.multiprocessing.api:failed (exitcode: 1) local_rank: 0 (pid: 2474359) of binary: /home/bingxing2/home/scx6115/.conda/envs/torch2.0/bin/python
Traceback (most recent call last):
  File "/home/bingxing2/home/scx6115/.conda/envs/torch2.0/bin/torchrun", line 8, in <module>
    sys.exit(main())
  File "/home/bingxing2/home/scx6115/.conda/envs/torch2.0/lib/python3.10/site-packages/torch/distributed/elastic/multiprocessing/errors/__init__.py", line 346, in wrapper
    return f(*args, **kwargs)
  File "/home/bingxing2/home/scx6115/.conda/envs/torch2.0/lib/python3.10/site-packages/torch/distributed/run.py", line 794, in main
    run(args)
  File "/home/bingxing2/home/scx6115/.conda/envs/torch2.0/lib/python3.10/site-packages/torch/distributed/run.py", line 785, in run
    elastic_launch(
  File "/home/bingxing2/home/scx6115/.conda/envs/torch2.0/lib/python3.10/site-packages/torch/distributed/launcher/api.py", line 134, in __call__
    return launch_agent(self._config, self._entrypoint, list(args))
  File "/home/bingxing2/home/scx6115/.conda/envs/torch2.0/lib/python3.10/site-packages/torch/distributed/launcher/api.py", line 250, in launch_agent
    raise ChildFailedError(
torch.distributed.elastic.multiprocessing.errors.ChildFailedError: 
============================================================
train_025_bingxing.py FAILED
------------------------------------------------------------
Failures:
[1]:
  time      : 2023-06-09_10:59:08
  host      : paraai-n32-h-01-agent-7.paraai-n32-h-01.com
  rank      : 15 (local_rank: 3)
  exitcode  : 1 (pid: 2474362)
  error_file: <N/A>
  traceback : To enable traceback see: https://pytorch.org/docs/stable/elastic/errors.html
------------------------------------------------------------
Root Cause (first observed failure):
[0]:
  time      : 2023-06-09_10:59:08
  host      : paraai-n32-h-01-agent-7.paraai-n32-h-01.com
  rank      : 12 (local_rank: 0)
  exitcode  : 1 (pid: 2474359)
  error_file: <N/A>
  traceback : To enable traceback see: https://pytorch.org/docs/stable/elastic/errors.html
============================================================
