WARNING:torch.distributed.run:
*****************************************
Setting OMP_NUM_THREADS environment variable for each process to be 1 in default, to avoid your system being overloaded, please further tune the variable for optimal performance in your application as needed. 
*****************************************
paraai-n32-h-01-agent-97
paraai-n32-h-01-agent-97
paraai-n32-h-01-agent-97
0
------------------ Configuration ------------------  /home/bingxing2/home/scx6115/Ocean_AI_model/config/AFNO.yaml
00

------------------ Configuration ------------------ ------------------ Configuration ------------------   /home/bingxing2/home/scx6115/Ocean_AI_model/config/AFNO.yaml/home/bingxing2/home/scx6115/Ocean_AI_model/config/AFNO.yaml

paraai-n32-h-01-agent-97
0
------------------ Configuration ------------------  /home/bingxing2/home/scx6115/Ocean_AI_model/config/AFNO.yaml
log_to_wandb True
lr 0.0005
batch_size 32
max_epochs 500
scheduler CosineAnnealingLR
in_channels [0, 1, 2, 3, 4, 5, 6, 7, 8, 9, 10, 11, 12, 13, 14, 15, 16, 17, 18, 19, 20, 21, 22, 23, 24, 25, 26, 27, 28, 29]
out_channels [0, 1, 2, 3, 4, 5, 6, 7, 8, 9, 10, 11, 12, 13, 14, 15, 16, 17, 18, 19, 20, 21, 22, 23, 24]
N_in_channels 31
N_out_channels 25
img_size_h 720
img_size_w 1440
patch_size_h 5
patch_size_w 5
loss l2
num_data_workers 0
dt 1
n_history 0
log_to_wandbprediction_type iterative 
Trueprediction_length 
30
n_initial_conditions 5
lrics_type  default
save_raw_forecasts 0.0005True

save_channelbatch_size  False32

masked_acc False
max_epochsmaskpath  500None

schedulerperturb  CosineAnnealingLRFalse

in_channelsadd_grid  False
N_grid_channels 0[0, 1, 2, 3, 4, 5, 6, 7, 8, 9, 10, 11, 12, 13, 14, 15, 16, 17, 18, 19, 20, 21, 22, 23, 24, 25, 26, 27, 28, 29]

gridtype sinusoidal
out_channelsroll  False
num_blocks[0, 1, 2, 3, 4, 5, 6, 7, 8, 9, 10, 11, 12, 13, 14, 15, 16, 17, 18, 19, 20, 21, 22, 23, 24] 
8
N_in_channelsnettype  afno31

patch_size 8N_out_channels
 width25 log_to_wandb56

 modesTrue img_size_h32
 
720target
lr default img_size_w
 enable_nhwc0.00051440
 
Falsebatch_size
 patch_size_h32optimizer_type 
 5FusedAdammax_epochs

 normalize500 patch_size_w
True 
scheduler5 normalizationlog_to_wandbCosineAnnealingLR
  
zscoreloss
in_channelsTrue global_mins_path  
./sample_00/train/global_mins.npyl2
[0, 1, 2, 3, 4, 5, 6, 7, 8, 9, 10, 11, 12, 13, 14, 15, 16, 17, 18, 19, 20, 21, 22, 23, 24, 25, 26, 27, 28, 29]

global_maxs_path ./sample_00/train/global_maxs.npyout_channels
lrnum_data_workers global_means_path   0./sample_00/train/global_means.npy[0, 1, 2, 3, 4, 5, 6, 7, 8, 9, 10, 11, 12, 13, 14, 15, 16, 17, 18, 19, 20, 21, 22, 23, 24]


0.0005dt
N_in_channelsglobal_stds_path   batch_size131 
./sample_00/train/global_stds.npy
32
n_historyN_out_channels
train_data_path  25max_epochs 
0./sample_00/train img_size_h
500
 valid_data_path
720prediction_type 
scheduler./sample_00/valid img_size_w
  iterativetest_data_path1440CosineAnnealingLR 


./sample_00/testpatch_size_h
prediction_length land_mask5 in_channels 
30 
Truepatch_size_w
 5land_mask_pathn_initial_conditions
 [0, 1, 2, 3, 4, 5, 6, 7, 8, 9, 10, 11, 12, 13, 14, 15, 16, 17, 18, 19, 20, 21, 22, 23, 24, 25, 26, 27, 28, 29] loss./sample_00/land_mask.h5
 5l2


orographyout_channelsics_type num_data_workers   True[0, 1, 2, 3, 4, 5, 6, 7, 8, 9, 10, 11, 12, 13, 14, 15, 16, 17, 18, 19, 20, 21, 22, 23, 24]0
default

orography_norm_zscore_path
dt N_in_channels ./sample_00/orography_norm_zscore.h5save_raw_forecasts1 

 orography_norm_maxmin_path31n_historyTrue 
 
./sample_00/orography_norm_maxmin.h50N_out_channels
 
prediction_typesave_channel 25exp_dir iterative 
False./exp
img_size_h

prediction_length add_noise masked_acc720 30False 


Falseimg_size_wnoise_stdn_initial_conditions
   05maskpath
1440
 ics_type crop_size_x
Nonedefault patch_size_h
None 

save_raw_forecasts5 crop_size_y
 perturbTrueNone
patch_size_w
  save_channellog_to_screen5 False True


Falselosssave_checkpoint
add_grid  masked_acc True 
Falsel2False

plot_animations
 num_data_workersFalsemaskpathN_grid_channels
   None00

perturb
dt gridtype False 1
sinusoidal
add_grid
 n_historyFalseroll 
 0N_grid_channels
 False0
prediction_type
num_blocks  gridtypeiterative8 

sinusoidalprediction_length
---------------------------------------------------nettype
 roll  afno30False


num_blocks patch_sizen_initial_conditions8 world_size :
  816nettype5
 

afnoInitialize distributed process group...width

ics_type patch_size  56default8


widthmodessave_raw_forecasts   5632
True

modestargetsave_channel   32False
default
target
 masked_accdefaultenable_nhwc 
 Falseenable_nhwcFalse 

Falsemaskpath
optimizer_type  optimizer_typeNoneFusedAdam 

FusedAdam
perturbnormalizenormalize   FalseTrueTrue


add_gridnormalization normalization  Falsezscorezscore


N_grid_channelsglobal_mins_path global_mins_path  0./sample_00/train/global_mins.npy./sample_00/train/global_mins.npy


global_maxs_pathglobal_maxs_path gridtype ./sample_00/train/global_maxs.npy 
./sample_00/train/global_maxs.npysinusoidal
global_means_path
 global_means_path./sample_00/train/global_means.npyroll 
 ./sample_00/train/global_means.npyFalseglobal_stds_path
 
./sample_00/train/global_stds.npyglobal_stds_path
num_blocks train_data_path  ./sample_00/train/global_stds.npy8
./sample_00/train

train_data_pathnettypevalid_data_path  ./sample_00/train afno
./sample_00/valid

valid_data_pathtest_data_pathpatch_size   ./sample_00/valid./sample_00/test8

land_mask
 test_data_pathTrue 
width./sample_00/testland_mask_path 
 56./sample_00/land_mask.h5land_mask

 modesTrueorography  
32True
land_mask_path
target  orography_norm_zscore_path./sample_00/land_mask.h5default 

./sample_00/orography_norm_zscore.h5orography
enable_nhwc orography_norm_maxmin_path  True./sample_00/orography_norm_maxmin.h5False


exp_dirorography_norm_zscore_path optimizer_type ./exp ./sample_00/orography_norm_zscore.h5
FusedAdam

add_noise Falsenormalizeorography_norm_maxmin_path
  noise_stdTrue ./sample_00/orography_norm_maxmin.h50


normalizationcrop_size_xexp_dir   zscoreNone

./exp
crop_size_yglobal_mins_path add_noise None ./sample_00/train/global_mins.npy
False
log_to_screen
 global_maxs_pathnoise_stdTrue 
 ./sample_00/train/global_maxs.npysave_checkpoint0
 
Trueglobal_means_path
crop_size_xplot_animations   ./sample_00/train/global_means.npyFalseNone


global_stds_pathcrop_size_y  ./sample_00/train/global_stds.npy
Nonetrain_data_path
 log_to_screen./sample_00/train 
Truevalid_data_path
 save_checkpoint./sample_00/valid 
Truetest_data_path
 plot_animations./sample_00/test 
False---------------------------------------------------land_mask

 True
land_mask_path ./sample_00/land_mask.h5
orography True
orography_norm_zscore_path ./sample_00/orography_norm_zscore.h5
world_size :orography_norm_maxmin_path  16./sample_00/orography_norm_maxmin.h5

Initialize distributed process group...
exp_dir ./exp
add_noise False
noise_std 0
crop_size_x None
crop_size_y--------------------------------------------------- 
None
log_to_screen True
save_checkpoint True
plot_animations False
world_size : 16
Initialize distributed process group...
---------------------------------------------------
world_size : 16
Initialize distributed process group...
2023-06-08 21:30:59,183 - torch.distributed.distributed_c10d - INFO - Added key: store_based_barrier_key:1 to store for rank: 13
2023-06-08 21:30:59,183 - torch.distributed.distributed_c10d - INFO - Added key: store_based_barrier_key:1 to store for rank: 15
2023-06-08 21:30:59,183 - torch.distributed.distributed_c10d - INFO - Added key: store_based_barrier_key:1 to store for rank: 12
2023-06-08 21:30:59,183 - torch.distributed.distributed_c10d - INFO - Added key: store_based_barrier_key:1 to store for rank: 14
2023-06-08 21:30:59,183 - torch.distributed.distributed_c10d - INFO - Rank 15: Completed store-based barrier for key:store_based_barrier_key:1 with 16 nodes.
2023-06-08 21:30:59,183 - torch.distributed.distributed_c10d - INFO - Rank 13: Completed store-based barrier for key:store_based_barrier_key:1 with 16 nodes.
2023-06-08 21:30:59,183 - torch.distributed.distributed_c10d - INFO - Rank 12: Completed store-based barrier for key:store_based_barrier_key:1 with 16 nodes.
2023-06-08 21:30:59,183 - torch.distributed.distributed_c10d - INFO - Rank 14: Completed store-based barrier for key:store_based_barrier_key:1 with 16 nodes.
2023-06-08 21:30:59,311 - root - INFO - device: cuda:0
2023-06-08 21:30:59,311 - root - INFO - rank 12, begin data loader init
2023-06-08 21:30:59,311 - root - INFO - device: cuda:1
2023-06-08 21:30:59,311 - root - INFO - device: cuda:3
2023-06-08 21:30:59,311 - root - INFO - device: cuda:2
2023-06-08 21:30:59,312 - root - INFO - rank 15, begin data loader init
2023-06-08 21:30:59,312 - root - INFO - rank 13, begin data loader init
2023-06-08 21:30:59,312 - root - INFO - rank 14, begin data loader init
2023-06-08 21:30:59,321 - root - INFO - Getting file stats from ./sample_00/train/2000.h5
2023-06-08 21:30:59,321 - root - INFO - Getting file stats from ./sample_00/train/2000.h5
2023-06-08 21:30:59,321 - root - INFO - Getting file stats from ./sample_00/train/2000.h5
2023-06-08 21:30:59,321 - root - INFO - Getting file stats from ./sample_00/train/2000.h5
2023-06-08 21:30:59,322 - root - INFO - Number of samples per year: 365
2023-06-08 21:30:59,322 - root - INFO - Number of samples per year: 365
2023-06-08 21:30:59,322 - root - INFO - Found data at path ./sample_00/train. Number of examples: 1460. Image Shape: 720 x 1440 x 30
2023-06-08 21:30:59,322 - root - INFO - Found data at path ./sample_00/train. Number of examples: 1460. Image Shape: 720 x 1440 x 30
2023-06-08 21:30:59,322 - root - INFO - Delta t: 1 days
2023-06-08 21:30:59,322 - root - INFO - Delta t: 1 days
2023-06-08 21:30:59,322 - root - INFO - Number of samples per year: 365
2023-06-08 21:30:59,322 - root - INFO - Including 0 days of past history in training at a frequency of 1 days
2023-06-08 21:30:59,322 - root - INFO - Including 0 days of past history in training at a frequency of 1 days
2023-06-08 21:30:59,322 - root - INFO - Found data at path ./sample_00/train. Number of examples: 1460. Image Shape: 720 x 1440 x 30
2023-06-08 21:30:59,322 - root - INFO - Number of samples per year: 365
2023-06-08 21:30:59,322 - root - INFO - Delta t: 1 days
2023-06-08 21:30:59,322 - root - INFO - Including 0 days of past history in training at a frequency of 1 days
2023-06-08 21:30:59,322 - root - INFO - Found data at path ./sample_00/train. Number of examples: 1460. Image Shape: 720 x 1440 x 30
2023-06-08 21:30:59,322 - root - INFO - Delta t: 1 days
2023-06-08 21:30:59,322 - root - INFO - Including 0 days of past history in training at a frequency of 1 days
2023-06-08 21:30:59,338 - root - INFO - Getting file stats from ./sample_00/valid/2006.h5
2023-06-08 21:30:59,338 - root - INFO - Getting file stats from ./sample_00/valid/2006.h5
2023-06-08 21:30:59,338 - root - INFO - Getting file stats from ./sample_00/valid/2006.h5
2023-06-08 21:30:59,338 - root - INFO - Getting file stats from ./sample_00/valid/2006.h5
2023-06-08 21:30:59,339 - root - INFO - Number of samples per year: 364
2023-06-08 21:30:59,339 - root - INFO - Number of samples per year: 364
2023-06-08 21:30:59,339 - root - INFO - Found data at path ./sample_00/valid. Number of examples: 364. Image Shape: 720 x 1440 x 30
2023-06-08 21:30:59,339 - root - INFO - Found data at path ./sample_00/valid. Number of examples: 364. Image Shape: 720 x 1440 x 30
2023-06-08 21:30:59,339 - root - INFO - Number of samples per year: 364
2023-06-08 21:30:59,339 - root - INFO - Number of samples per year: 364
2023-06-08 21:30:59,339 - root - INFO - Delta t: 1 days
2023-06-08 21:30:59,339 - root - INFO - Delta t: 1 days
2023-06-08 21:30:59,339 - root - INFO - Found data at path ./sample_00/valid. Number of examples: 364. Image Shape: 720 x 1440 x 30
2023-06-08 21:30:59,339 - root - INFO - Found data at path ./sample_00/valid. Number of examples: 364. Image Shape: 720 x 1440 x 30
2023-06-08 21:30:59,339 - root - INFO - Including 0 days of past history in training at a frequency of 1 days
2023-06-08 21:30:59,339 - root - INFO - Including 0 days of past history in training at a frequency of 1 days
2023-06-08 21:30:59,339 - root - INFO - Delta t: 1 days
2023-06-08 21:30:59,339 - root - INFO - Delta t: 1 days
2023-06-08 21:30:59,339 - root - INFO - Including 0 days of past history in training at a frequency of 1 days
2023-06-08 21:30:59,339 - root - INFO - Including 0 days of past history in training at a frequency of 1 days
2023-06-08 21:30:59,339 - root - INFO - rank 15, data loader initialized
2023-06-08 21:30:59,339 - root - INFO - rank 13, data loader initialized
2023-06-08 21:30:59,339 - root - INFO - rank 12, data loader initialized
2023-06-08 21:30:59,339 - root - INFO - rank 14, data loader initialized
srun: Job step aborted: Waiting up to 32 seconds for job step to finish.
slurmstepd: error: *** STEP 19983.1 ON paraai-n32-h-01-agent-97 CANCELLED AT 2023-06-08T21:31:55 ***
WARNING:torch.distributed.elastic.agent.server.api:Received 15 death signal, shutting down workers
WARNING:torch.distributed.elastic.multiprocessing.api:Sending process 2461728 closing signal SIGTERM
WARNING:torch.distributed.elastic.multiprocessing.api:Sending process 2461729 closing signal SIGTERM
WARNING:torch.distributed.elastic.multiprocessing.api:Sending process 2461730 closing signal SIGTERM
WARNING:torch.distributed.elastic.multiprocessing.api:Sending process 2461731 closing signal SIGTERM
