WARNING:torch.distributed.run:
*****************************************
Setting OMP_NUM_THREADS environment variable for each process to be 1 in default, to avoid your system being overloaded, please further tune the variable for optimal performance in your application as needed. 
*****************************************
paraai-n32-h-01-agent-13
paraai-n32-h-01-agent-13
paraai-n32-h-01-agent-13
0
0------------------ Configuration ------------------ 0
 
------------------ Configuration ------------------ /home/bingxing2/home/scx6115/Ocean_AI_model/config/AFNO.yaml------------------ Configuration ------------------  
 /home/bingxing2/home/scx6115/Ocean_AI_model/config/AFNO.yaml/home/bingxing2/home/scx6115/Ocean_AI_model/config/AFNO.yaml

paraai-n32-h-01-agent-13
0
------------------ Configuration ------------------  /home/bingxing2/home/scx6115/Ocean_AI_model/config/AFNO.yaml
log_to_wandb True
lr 0.0005
batch_size 32
max_epochs 500
log_to_wandbscheduler  TrueCosineAnnealingLR

lrin_channels  0.0005[0, 1, 2, 3, 4, 5, 6, 7, 8, 9, 10, 11, 12, 13, 14, 15, 16, 17, 18, 19, 20, 21, 22, 23, 24, 25, 26, 27, 28, 29]

batch_sizeout_channels  32[0, 1, 2, 3, 4, 5, 6, 7, 8, 9, 10, 11, 12, 13, 14, 15, 16, 17, 18, 19, 20, 21, 22, 23, 24]

max_epochsN_in_channels  50031

schedulerN_out_channels  CosineAnnealingLR25

in_channelsimg_size_h  [0, 1, 2, 3, 4, 5, 6, 7, 8, 9, 10, 11, 12, 13, 14, 15, 16, 17, 18, 19, 20, 21, 22, 23, 24, 25, 26, 27, 28, 29]720

out_channelsimg_size_w  [0, 1, 2, 3, 4, 5, 6, 7, 8, 9, 10, 11, 12, 13, 14, 15, 16, 17, 18, 19, 20, 21, 22, 23, 24]1440

N_in_channelspatch_size_h log_to_wandb 31 5
True
N_out_channels
patch_size_w lr 25 5
0.0005
img_size_h
loss batch_size 720 l2
32
img_size_w
num_data_workers max_epochs 1440 0
500
patch_size_h
dt scheduler 5 1
CosineAnnealingLR
patch_size_w
n_history in_channels 5 0
[0, 1, 2, 3, 4, 5, 6, 7, 8, 9, 10, 11, 12, 13, 14, 15, 16, 17, 18, 19, 20, 21, 22, 23, 24, 25, 26, 27, 28, 29]
loss
prediction_type out_channels l2 iterative
[0, 1, 2, 3, 4, 5, 6, 7, 8, 9, 10, 11, 12, 13, 14, 15, 16, 17, 18, 19, 20, 21, 22, 23, 24]
num_data_workers
prediction_length N_in_channels 0 30
31
dt
n_initial_conditions N_out_channels 1 5
25
n_history
ics_type img_size_h 0 default
720
prediction_type
save_raw_forecasts img_size_w iterative True
1440
prediction_length
save_channel patch_size_h 30 False
5
n_initial_conditions
masked_acc patch_size_w 5 False
5
ics_type
maskpath loss default None
l2
save_raw_forecasts
perturb num_data_workers True False
0
save_channel
add_grid dt False False
1
masked_acc
N_grid_channels n_history False 0
0
maskpath
gridtype prediction_type None sinusoidal
iterative
perturb
roll prediction_length False False
30
add_grid
num_blocks n_initial_conditions False 8
5
N_grid_channels
nettype ics_type 0 afno
default
gridtype
patch_size save_raw_forecasts sinusoidal 8
True
roll
width save_channel False 56
False
num_blocks
modes masked_acc 8 32
False
nettype
target maskpath afno default
None
patch_size
enable_nhwc perturb 8 False
False
width
optimizer_type add_grid 56 FusedAdam
False
modes
normalize N_grid_channels 32 True
0
target
normalization gridtype default zscore
sinusoidal
enable_nhwc
global_mins_path roll False ./sample_00/train/global_mins.npy
False
optimizer_type
global_maxs_path num_blocks FusedAdam ./sample_00/train/global_maxs.npy
8
normalize
global_means_path nettype True ./sample_00/train/global_means.npy
afno
normalization
global_stds_path patch_size zscore ./sample_00/train/global_stds.npy
8
global_mins_path
train_data_path width ./sample_00/train/global_mins.npy ./sample_00/train
56
global_maxs_path
valid_data_path modes ./sample_00/train/global_maxs.npy ./sample_00/valid
32
global_means_path
test_data_path target ./sample_00/train/global_means.npy ./sample_00/test
default
global_stds_path
land_mask enable_nhwc ./sample_00/train/global_stds.npy True
False
train_data_path
land_mask_path optimizer_type ./sample_00/train ./sample_00/land_mask.h5
FusedAdam
valid_data_path
orography normalize ./sample_00/valid True
True
test_data_path
orography_norm_zscore_path normalization ./sample_00/test ./sample_00/orography_norm_zscore.h5
zscore
land_mask
orography_norm_maxmin_path global_mins_path True ./sample_00/orography_norm_maxmin.h5
./sample_00/train/global_mins.npy
land_mask_path
exp_dir global_maxs_path ./sample_00/land_mask.h5 ./exp
./sample_00/train/global_maxs.npy
orography
add_noise global_means_path True False
./sample_00/train/global_means.npy
orography_norm_zscore_path
noise_std global_stds_path ./sample_00/orography_norm_zscore.h5 0
./sample_00/train/global_stds.npy
orography_norm_maxmin_path
crop_size_x train_data_path ./sample_00/orography_norm_maxmin.h5 None
./sample_00/train
exp_dir
crop_size_y valid_data_path ./exp None
./sample_00/valid
add_noise
log_to_screen test_data_path False True
./sample_00/test
noise_std
save_checkpoint land_mask 0 True
True
crop_size_x
plot_animations land_mask_path None False
./sample_00/land_mask.h5
crop_size_y
 orographyNone ---------------------------------------------------
True
log_to_screen
 world_size :orography_norm_zscore_pathTrue  
16./sample_00/orography_norm_zscore.h5save_checkpoint

 Initialize distributed process group...orography_norm_maxmin_pathTrue
 
./sample_00/orography_norm_maxmin.h5plot_animations
 exp_dirFalse 
./exp
add_noise False
noise_std ---------------------------------------------------0

crop_size_xworld_size :  None16

Initialize distributed process group...crop_size_y
 None
log_to_screen True
save_checkpoint True
plot_animations False
---------------------------------------------------
world_size : 16
Initialize distributed process group...
2023-06-08 20:47:14,543 - torch.distributed.distributed_c10d - INFO - Added key: store_based_barrier_key:1 to store for rank: 2
log_to_wandb2023-06-08 20:47:14,543 - torch.distributed.distributed_c10d - INFO - Added key: store_based_barrier_key:1 to store for rank: 3
 True
lr 0.0005
batch_size 32
max_epochs 500
2023-06-08 20:47:14,544 - torch.distributed.distributed_c10d - INFO - Added key: store_based_barrier_key:1 to store for rank: 1
scheduler CosineAnnealingLR
in_channels [0, 1, 2, 3, 4, 5, 6, 7, 8, 9, 10, 11, 12, 13, 14, 15, 16, 17, 18, 19, 20, 21, 22, 23, 24, 25, 26, 27, 28, 29]
out_channels [0, 1, 2, 3, 4, 5, 6, 7, 8, 9, 10, 11, 12, 13, 14, 15, 16, 17, 18, 19, 20, 21, 22, 23, 24]
N_in_channels 31
N_out_channels 25
img_size_h 720
img_size_w 1440
patch_size_h 5
patch_size_w 5
loss l2
num_data_workers 0
dt 1
n_history 0
prediction_type iterative
prediction_length 30
n_initial_conditions 5
ics_type default
save_raw_forecasts True
save_channel False
masked_acc False
maskpath None
perturb False
add_grid False
N_grid_channels 0
gridtype sinusoidal
roll False
num_blocks 8
nettype afno
patch_size 8
width 56
modes 32
target default
enable_nhwc False
optimizer_type FusedAdam
normalize True
normalization zscore
global_mins_path ./sample_00/train/global_mins.npy
global_maxs_path ./sample_00/train/global_maxs.npy
global_means_path ./sample_00/train/global_means.npy
global_stds_path ./sample_00/train/global_stds.npy
train_data_path ./sample_00/train
valid_data_path ./sample_00/valid
test_data_path ./sample_00/test
land_mask True
land_mask_path ./sample_00/land_mask.h5
orography True
orography_norm_zscore_path ./sample_00/orography_norm_zscore.h5
orography_norm_maxmin_path ./sample_00/orography_norm_maxmin.h5
exp_dir ./exp
add_noise False
noise_std 0
crop_size_x None
crop_size_y None
log_to_screen True
save_checkpoint True
plot_animations False
---------------------------------------------------
world_size : 16
Initialize distributed process group...
2023-06-08 20:47:14,549 - torch.distributed.distributed_c10d - INFO - Added key: store_based_barrier_key:1 to store for rank: 0
2023-06-08 20:47:15,681 - torch.distributed.distributed_c10d - INFO - Rank 0: Completed store-based barrier for key:store_based_barrier_key:1 with 16 nodes.
2023-06-08 20:47:15,685 - torch.distributed.distributed_c10d - INFO - Rank 3: Completed store-based barrier for key:store_based_barrier_key:1 with 16 nodes.
2023-06-08 20:47:15,685 - torch.distributed.distributed_c10d - INFO - Rank 2: Completed store-based barrier for key:store_based_barrier_key:1 with 16 nodes.
2023-06-08 20:47:15,685 - torch.distributed.distributed_c10d - INFO - Rank 1: Completed store-based barrier for key:store_based_barrier_key:1 with 16 nodes.
2023-06-08 20:47:15,749 - root - INFO - device: cuda:2
2023-06-08 20:47:15,749 - root - INFO - rank 2, begin data loader init
2023-06-08 20:47:15,753 - root - INFO - device: cuda:3
2023-06-08 20:47:15,754 - root - INFO - rank 3, begin data loader init
2023-06-08 20:47:15,754 - root - INFO - device: cuda:1
2023-06-08 20:47:15,754 - root - INFO - rank 1, begin data loader init
2023-06-08 20:47:15,756 - root - INFO - ------------------ Configuration ------------------
2023-06-08 20:47:15,756 - root - INFO - Configuration file: /home/bingxing2/home/scx6115/Ocean_AI_model/config/AFNO.yaml
2023-06-08 20:47:15,756 - root - INFO - Configuration name: afno_backbone
2023-06-08 20:47:15,756 - root - INFO - log_to_wandb True
2023-06-08 20:47:15,756 - root - INFO - lr 0.0005
2023-06-08 20:47:15,756 - root - INFO - batch_size 2
2023-06-08 20:47:15,756 - root - INFO - max_epochs 500
2023-06-08 20:47:15,757 - root - INFO - scheduler CosineAnnealingLR
2023-06-08 20:47:15,757 - root - INFO - in_channels [0, 1, 2, 3, 4, 5, 6, 7, 8, 9, 10, 11, 12, 13, 14, 15, 16, 17, 18, 19, 20, 21, 22, 23, 24, 25, 26, 27, 28, 29]
2023-06-08 20:47:15,757 - root - INFO - out_channels [0, 1, 2, 3, 4, 5, 6, 7, 8, 9, 10, 11, 12, 13, 14, 15, 16, 17, 18, 19, 20, 21, 22, 23, 24]
2023-06-08 20:47:15,757 - root - INFO - N_in_channels 31
2023-06-08 20:47:15,757 - root - INFO - N_out_channels 25
2023-06-08 20:47:15,757 - root - INFO - img_size_h 720
2023-06-08 20:47:15,757 - root - INFO - img_size_w 1440
2023-06-08 20:47:15,757 - root - INFO - patch_size_h 5
2023-06-08 20:47:15,757 - root - INFO - patch_size_w 5
2023-06-08 20:47:15,757 - root - INFO - loss l2
2023-06-08 20:47:15,757 - root - INFO - num_data_workers 0
2023-06-08 20:47:15,757 - root - INFO - dt 1
2023-06-08 20:47:15,757 - root - INFO - n_history 0
2023-06-08 20:47:15,758 - root - INFO - prediction_type iterative
2023-06-08 20:47:15,758 - root - INFO - prediction_length 30
2023-06-08 20:47:15,758 - root - INFO - n_initial_conditions 5
2023-06-08 20:47:15,758 - root - INFO - ics_type default
2023-06-08 20:47:15,758 - root - INFO - save_raw_forecasts True
2023-06-08 20:47:15,758 - root - INFO - save_channel False
2023-06-08 20:47:15,758 - root - INFO - masked_acc False
2023-06-08 20:47:15,758 - root - INFO - maskpath None
2023-06-08 20:47:15,758 - root - INFO - perturb False
2023-06-08 20:47:15,758 - root - INFO - add_grid False
2023-06-08 20:47:15,758 - root - INFO - N_grid_channels 0
2023-06-08 20:47:15,758 - root - INFO - gridtype sinusoidal
2023-06-08 20:47:15,758 - root - INFO - roll False
2023-06-08 20:47:15,758 - root - INFO - num_blocks 8
2023-06-08 20:47:15,759 - root - INFO - nettype afno
2023-06-08 20:47:15,759 - root - INFO - patch_size 8
2023-06-08 20:47:15,759 - root - INFO - width 56
2023-06-08 20:47:15,759 - root - INFO - modes 32
2023-06-08 20:47:15,759 - root - INFO - target default
2023-06-08 20:47:15,759 - root - INFO - enable_nhwc False
2023-06-08 20:47:15,759 - root - INFO - optimizer_type FusedAdam
2023-06-08 20:47:15,759 - root - INFO - normalize True
2023-06-08 20:47:15,759 - root - INFO - normalization zscore
2023-06-08 20:47:15,759 - root - INFO - global_mins_path ./sample_00/train/global_mins.npy
2023-06-08 20:47:15,759 - root - INFO - global_maxs_path ./sample_00/train/global_maxs.npy
2023-06-08 20:47:15,759 - root - INFO - global_means_path ./sample_00/train/global_means.npy
2023-06-08 20:47:15,759 - root - INFO - global_stds_path ./sample_00/train/global_stds.npy
2023-06-08 20:47:15,759 - root - INFO - train_data_path ./sample_00/train
2023-06-08 20:47:15,760 - root - INFO - valid_data_path ./sample_00/valid
2023-06-08 20:47:15,760 - root - INFO - test_data_path ./sample_00/test
2023-06-08 20:47:15,760 - root - INFO - land_mask True
2023-06-08 20:47:15,760 - root - INFO - land_mask_path ./sample_00/land_mask.h5
2023-06-08 20:47:15,760 - root - INFO - orography True
2023-06-08 20:47:15,760 - root - INFO - orography_norm_zscore_path ./sample_00/orography_norm_zscore.h5
2023-06-08 20:47:15,760 - root - INFO - orography_norm_maxmin_path ./sample_00/orography_norm_maxmin.h5
2023-06-08 20:47:15,760 - root - INFO - exp_dir ./exp
2023-06-08 20:47:15,760 - root - INFO - add_noise False
2023-06-08 20:47:15,760 - root - INFO - noise_std 0
2023-06-08 20:47:15,760 - root - INFO - crop_size_x None
2023-06-08 20:47:15,760 - root - INFO - crop_size_y None
2023-06-08 20:47:15,760 - root - INFO - log_to_screen True
2023-06-08 20:47:15,761 - root - INFO - save_checkpoint True
2023-06-08 20:47:15,761 - root - INFO - plot_animations False
2023-06-08 20:47:15,761 - root - INFO - epsilon_factor 0
2023-06-08 20:47:15,761 - root - INFO - world_size 16
2023-06-08 20:47:15,761 - root - INFO - local_rank 0
2023-06-08 20:47:15,761 - root - INFO - global_batch_size 32
2023-06-08 20:47:15,761 - root - INFO - enable_amp True
2023-06-08 20:47:15,761 - root - INFO - experiment_dir /home/bingxing2/home/scx6115/Ocean_AI_model/exp/afno_backbone/20230608-204703
2023-06-08 20:47:15,761 - root - INFO - checkpoint_path ./exp/afno_backbone/20230608-204703/training_checkpoints/ckpt.tar
2023-06-08 20:47:15,761 - root - INFO - best_checkpoint_path ./exp/afno_backbone/20230608-204703/training_checkpoints/best_ckpt.tar
2023-06-08 20:47:15,761 - root - INFO - resuming False
2023-06-08 20:47:15,761 - root - INFO - entity ocean_ai_model
2023-06-08 20:47:15,761 - root - INFO - project ai4science
2023-06-08 20:47:15,761 - root - INFO - group 025_daily
2023-06-08 20:47:15,762 - root - INFO - name afno_backbone_20230608-204703
2023-06-08 20:47:15,762 - root - INFO - ---------------------------------------------------
2023-06-08 20:47:15,770 - root - INFO - Getting file stats from ./sample_00/train/2000.h5
2023-06-08 20:47:15,770 - root - INFO - Getting file stats from ./sample_00/train/2000.h5
2023-06-08 20:47:15,770 - root - INFO - Getting file stats from ./sample_00/train/2000.h5
2023-06-08 20:47:15,772 - root - INFO - Number of samples per year: 365
2023-06-08 20:47:15,772 - root - INFO - Number of samples per year: 365
2023-06-08 20:47:15,772 - root - INFO - Number of samples per year: 365
2023-06-08 20:47:15,772 - root - INFO - Found data at path ./sample_00/train. Number of examples: 1460. Image Shape: 720 x 1440 x 30
2023-06-08 20:47:15,772 - root - INFO - Found data at path ./sample_00/train. Number of examples: 1460. Image Shape: 720 x 1440 x 30
2023-06-08 20:47:15,772 - root - INFO - Found data at path ./sample_00/train. Number of examples: 1460. Image Shape: 720 x 1440 x 30
2023-06-08 20:47:15,772 - root - INFO - Delta t: 1 days
2023-06-08 20:47:15,772 - root - INFO - Delta t: 1 days
2023-06-08 20:47:15,772 - root - INFO - Delta t: 1 days
2023-06-08 20:47:15,772 - root - INFO - Including 0 days of past history in training at a frequency of 1 days
2023-06-08 20:47:15,772 - root - INFO - Including 0 days of past history in training at a frequency of 1 days
2023-06-08 20:47:15,772 - root - INFO - Including 0 days of past history in training at a frequency of 1 days
2023-06-08 20:47:15,814 - root - INFO - Getting file stats from ./sample_00/valid/2006.h5
2023-06-08 20:47:15,814 - root - INFO - Getting file stats from ./sample_00/valid/2006.h5
2023-06-08 20:47:15,814 - root - INFO - Getting file stats from ./sample_00/valid/2006.h5
2023-06-08 20:47:15,815 - root - INFO - Number of samples per year: 364
2023-06-08 20:47:15,815 - root - INFO - Number of samples per year: 364
2023-06-08 20:47:15,815 - root - INFO - Found data at path ./sample_00/valid. Number of examples: 364. Image Shape: 720 x 1440 x 30
2023-06-08 20:47:15,815 - root - INFO - Number of samples per year: 364
2023-06-08 20:47:15,815 - root - INFO - Found data at path ./sample_00/valid. Number of examples: 364. Image Shape: 720 x 1440 x 30
2023-06-08 20:47:15,816 - root - INFO - Delta t: 1 days
2023-06-08 20:47:15,816 - root - INFO - Found data at path ./sample_00/valid. Number of examples: 364. Image Shape: 720 x 1440 x 30
2023-06-08 20:47:15,816 - root - INFO - Delta t: 1 days
2023-06-08 20:47:15,816 - root - INFO - Including 0 days of past history in training at a frequency of 1 days
2023-06-08 20:47:15,816 - root - INFO - Delta t: 1 days
2023-06-08 20:47:15,816 - root - INFO - Including 0 days of past history in training at a frequency of 1 days
2023-06-08 20:47:15,816 - root - INFO - Including 0 days of past history in training at a frequency of 1 days
2023-06-08 20:47:15,816 - root - INFO - rank 3, data loader initialized
2023-06-08 20:47:15,816 - root - INFO - rank 1, data loader initialized
2023-06-08 20:47:15,816 - root - INFO - rank 2, data loader initialized
wandb: Tracking run with wandb version 0.15.3
wandb: W&B syncing is set to `offline` in this directory.  
wandb: Run `wandb online` or set WANDB_MODE=online to enable cloud syncing.
2023-06-08 20:47:23,509 - root - INFO - device: cuda:0
2023-06-08 20:47:23,509 - root - INFO - rank 0, begin data loader init
2023-06-08 20:47:23,512 - root - INFO - Getting file stats from ./sample_00/train/2000.h5
2023-06-08 20:47:23,513 - root - INFO - Number of samples per year: 365
2023-06-08 20:47:23,514 - root - INFO - Found data at path ./sample_00/train. Number of examples: 1460. Image Shape: 720 x 1440 x 30
2023-06-08 20:47:23,514 - root - INFO - Delta t: 1 days
2023-06-08 20:47:23,514 - root - INFO - Including 0 days of past history in training at a frequency of 1 days
2023-06-08 20:47:23,517 - root - INFO - Getting file stats from ./sample_00/valid/2006.h5
2023-06-08 20:47:23,518 - root - INFO - Number of samples per year: 364
2023-06-08 20:47:23,518 - root - INFO - Found data at path ./sample_00/valid. Number of examples: 364. Image Shape: 720 x 1440 x 30
2023-06-08 20:47:23,519 - root - INFO - Delta t: 1 days
2023-06-08 20:47:23,519 - root - INFO - Including 0 days of past history in training at a frequency of 1 days
2023-06-08 20:47:23,519 - root - INFO - rank 0, data loader initialized

paraai-n32-h-01-agent-13:225742:225742 [0] bootstrap.cc:40 NCCL WARN Bootstrap : no socket interface found
paraai-n32-h-01-agent-13:225742:225742 [0] NCCL INFO init.cc:87 -> 3
paraai-n32-h-01-agent-13:225742:225742 [0] NCCL INFO init.cc:105 -> 3
Traceback (most recent call last):
  File "/home/bingxing2/home/scx6115/Ocean_AI_model/train_025_bingxing.py", line 479, in <module>
    trainer = Trainer(params, world_rank)
  File "/home/bingxing2/home/scx6115/Ocean_AI_model/train_025_bingxing.py", line 100, in __init__
    self.model = DistributedDataParallel(self.model,
  File "/home/bingxing2/home/scx6115/.conda/envs/torch2.0/lib/python3.10/site-packages/torch/nn/parallel/distributed.py", line 674, in __init__
    _verify_param_shape_across_processes(self.process_group, parameters)
  File "/home/bingxing2/home/scx6115/.conda/envs/torch2.0/lib/python3.10/site-packages/torch/distributed/utils.py", line 118, in _verify_param_shape_across_processes
    return dist._verify_params_across_processes(process_group, tensors, logger)
torch.distributed.DistBackendError: NCCL error in: /home/bingxing2/home/scx6002/wuxm/2.0.0_cu117_cp310/pytorch/torch/csrc/distributed/c10d/ProcessGroupNCCL.cpp:1207, internal error, NCCL version 2.14.3
ncclInternalError: Internal check failed.
Last error:
Bootstrap : no socket interface found
wandb: Waiting for W&B process to finish... (failed 1).
wandb: You can sync this run to the cloud by running:
wandb: wandb sync /home/bingxing2/home/scx6115/Ocean_AI_model/wandb/offline-run-20230608_204717-wg78zllj
wandb: Find logs at: ./wandb/offline-run-20230608_204717-wg78zllj/logs
WARNING:torch.distributed.elastic.multiprocessing.api:Sending process 225743 closing signal SIGTERM
WARNING:torch.distributed.elastic.multiprocessing.api:Sending process 225744 closing signal SIGTERM
WARNING:torch.distributed.elastic.multiprocessing.api:Sending process 225745 closing signal SIGTERM
ERROR:torch.distributed.elastic.multiprocessing.api:failed (exitcode: 1) local_rank: 0 (pid: 225742) of binary: /home/bingxing2/home/scx6115/.conda/envs/torch2.0/bin/python
