master_addr is only used for static rdzv_backend and when rdzv_endpoint is not specified.
WARNING:torch.distributed.run:
*****************************************
Setting OMP_NUM_THREADS environment variable for each process to be 1 in default, to avoid your system being overloaded, please further tune the variable for optimal performance in your application as needed. 
*****************************************
paraai-n32-h-01-agent-87
paraai-n32-h-01-agent-87
0
0
------------------ Configuration ------------------ paraai-n32-h-01-agent-87
 /home/bingxing2/home/scx6115/Ocean_AI_model/config/Model.yaml
------------------ Configuration ------------------  /home/bingxing2/home/scx6115/Ocean_AI_model/config/Model.yaml
0
------------------ Configuration ------------------  /home/bingxing2/home/scx6115/Ocean_AI_model/config/Model.yaml
paraai-n32-h-01-agent-87
0
------------------ Configuration ------------------  /home/bingxing2/home/scx6115/Ocean_AI_model/config/Model.yaml
nettype Masked_AE_fusion
log_to_wandb True
lr 0.001
batch_size 64
max_epochs 100
scheduler CosineAnnealingLR
fusion_3d_2d True
in_chans 31
out_chans 25
in_channels [0, 1, 2, 3, 4, 5, 6, 7, 8, 9, 10, 11, 12, 13, 14, 15, 16, 17, 18, 19, 20, 21, 22, 23, 24, 25, 26, 27, 28, 29]
out_channels [0, 1, 2, 3, 4, 5, 6, 7, 8, 9, 10, 11, 12, 13, 14, 15, 16, 17, 18, 19, 20, 21, 22, 23, 24]
img_size_h 720
img_size_w 1440
patch_size_h 16
patch_size_w 16
patch_size_d 2
mlp_ratio 4.0
in_chans_2d 7
out_chans_2d 1
in_chans_3d 4
out_chans_3d 4
var_depth 6
embed_dim 512
depth 16
num_heads 16
decoder_embed_dim 1024
decoder_depth 8
decoder_num_heads 16
drop_rate 0.0
nettypedrop_path_rate 0.0 
Masked_AE_fusion
sparsity_threshold 0.01
hard_thresholding_fractionlog_to_wandb  1.0True

num_blockslr  8
loss 0.001l2

num_data_workersbatch_size  064

dtmax_epochs  1100

n_historyscheduler  0CosineAnnealingLR

prediction_typefusion_3d_2d  iterativeTrue

prediction_lengthin_chans  4131

n_initial_conditionsout_chans  525

in_channelsics_type  default
date_strings ['2018-09-14 00:00:00'][0, 1, 2, 3, 4, 5, 6, 7, 8, 9, 10, 11, 12, 13, 14, 15, 16, 17, 18, 19, 20, 21, 22, 23, 24, 25, 26, 27, 28, 29]

save_raw_forecasts out_channelsTrue 
save_channel False[0, 1, 2, 3, 4, 5, 6, 7, 8, 9, 10, 11, 12, 13, 14, 15, 16, 17, 18, 19, 20, 21, 22, 23, 24]

masked_accimg_size_h  False720

maskpathimg_size_w  None1440

perturbpatch_size_h  False16

add_grid patch_size_wFalse 
16
N_grid_channels patch_size_d0 
2gridtype
 sinusoidalmlp_ratio
 roll4.0 
False
in_chans_2d enable_nhwc7 
False
out_chans_2doptimizer_type  1FusedAdam

exp_dirin_chans_3d  ./exp4

patch_sizeout_chans_3d  84

widthvar_depth  566

modesembed_dim  32512

target depthdefault 
16
train_data_path num_heads/home/bingxing2/home/scx6115/Ocean_AI_model/sample_00/train 
16
valid_data_pathdecoder_embed_dim  /home/bingxing2/home/scx6115/Ocean_AI_model/sample_00/valid1024

test_data_pathdecoder_depth  /home/bingxing2/home/scx6115/Ocean_AI_model/sample_00/test8

land_maskdecoder_num_heads  True16

land_mask_pathdrop_rate  /home/bingxing2/home/scx6115/Ocean_AI_model/sample_00/land_mask.h50.0

drop_path_ratenormalize  0.0True

sparsity_thresholdnormalization  0.01zscore

hard_thresholding_fractionglobal_mins_path  1.0/home/bingxing2/home/scx6115/Ocean_AI_model/sample_00/train/global_mins.npy

num_blocksglobal_maxs_path  8/home/bingxing2/home/scx6115/Ocean_AI_model/sample_00/train/global_maxs.npy

loss global_means_pathl2 
/home/bingxing2/home/scx6115/Ocean_AI_model/sample_00/train/global_means.npy
num_data_workers global_stds_path0 
/home/bingxing2/home/scx6115/Ocean_AI_model/sample_00/train/global_stds.npy
dt orography1 
True
n_history orography_norm_zscore_path0 
/home/bingxing2/home/scx6115/Ocean_AI_model/sample_00/orography_norm_zscore.h5
prediction_type orography_norm_maxmin_pathiterative 
/home/bingxing2/home/scx6115/Ocean_AI_model/sample_00/orography_norm_maxmin.h5
prediction_length add_noise41 
False
n_initial_conditions 5noise_std
 0
ics_type crop_size_xdefault 
None
date_stringscrop_size_y  None
['2018-09-14 00:00:00']log_to_screen
 True
save_raw_forecasts save_checkpointTrue 
True
save_channelplot_animations  FalseFalse

masked_acc False
maskpath None
perturb False
add_grid False
N_grid_channels 0
gridtype sinusoidal
roll False
enable_nhwc nettypeFalse
 optimizer_type Masked_AE_fusionFusedAdam

exp_dir ./exp
log_to_wandb---------------------------------------------------patch_size 
 True8

width 56lr
 world_size :modes  1632

Initialize distributed process group...target0.001
 
default
train_data_pathbatch_size  /home/bingxing2/home/scx6115/Ocean_AI_model/sample_00/train
64valid_data_path
 /home/bingxing2/home/scx6115/Ocean_AI_model/sample_00/validmax_epochs
 test_data_path100 
/home/bingxing2/home/scx6115/Ocean_AI_model/sample_00/test
schedulerland_mask  CosineAnnealingLRTrue

fusion_3d_2dland_mask_path  True/home/bingxing2/home/scx6115/Ocean_AI_model/sample_00/land_mask.h5

in_chansnormalize  True31

normalization out_chanszscore 
25global_mins_path
 /home/bingxing2/home/scx6115/Ocean_AI_model/sample_00/train/global_mins.npyin_channels
 global_maxs_path /home/bingxing2/home/scx6115/Ocean_AI_model/sample_00/train/global_maxs.npy
global_means_path /home/bingxing2/home/scx6115/Ocean_AI_model/sample_00/train/global_means.npy[0, 1, 2, 3, 4, 5, 6, 7, 8, 9, 10, 11, 12, 13, 14, 15, 16, 17, 18, 19, 20, 21, 22, 23, 24, 25, 26, 27, 28, 29]

global_stds_path /home/bingxing2/home/scx6115/Ocean_AI_model/sample_00/train/global_stds.npyout_channels
 orography True
[0, 1, 2, 3, 4, 5, 6, 7, 8, 9, 10, 11, 12, 13, 14, 15, 16, 17, 18, 19, 20, 21, 22, 23, 24]orography_norm_zscore_path
 /home/bingxing2/home/scx6115/Ocean_AI_model/sample_00/orography_norm_zscore.h5img_size_h
 orography_norm_maxmin_path720 
/home/bingxing2/home/scx6115/Ocean_AI_model/sample_00/orography_norm_maxmin.h5img_size_w
add_noise  1440False

patch_size_hnoise_std  160

patch_size_wcrop_size_x  None
16crop_size_y
 None
patch_size_dlog_to_screen  True2

save_checkpoint mlp_ratioTrue 
4.0plot_animations
 Falsein_chans_2d
 7
out_chans_2d 1
in_chans_3d 4
out_chans_3d 4
var_depth 6
embed_dim 512
depth 16
num_heads 16---------------------------------------------------

decoder_embed_dim 1024
decoder_depth 8
decoder_num_headsworld_size :  1616

Initialize distributed process group...
drop_rate 0.0
drop_path_rate 0.0
sparsity_threshold 0.01
hard_thresholding_fraction 1.0
num_blocks 8
loss l2
num_data_workers 0
dt 1
n_history 0
prediction_type iterative
prediction_length 41
n_initial_conditions 5
ics_type default
date_strings ['2018-09-14 00:00:00']
save_raw_forecasts True
save_channel False
masked_acc False
maskpath None
perturb False
add_grid False
N_grid_channels 0
gridtype sinusoidal
roll False
enable_nhwc False
optimizer_type FusedAdam
exp_dir ./exp
patch_size 8
width 56
modes 32
target default
train_data_path /home/bingxing2/home/scx6115/Ocean_AI_model/sample_00/train
valid_data_path /home/bingxing2/home/scx6115/Ocean_AI_model/sample_00/valid
test_data_path /home/bingxing2/home/scx6115/Ocean_AI_model/sample_00/test
land_mask True
land_mask_path /home/bingxing2/home/scx6115/Ocean_AI_model/sample_00/land_mask.h5
normalize True
normalization zscore
global_mins_path /home/bingxing2/home/scx6115/Ocean_AI_model/sample_00/train/global_mins.npy
global_maxs_path /home/bingxing2/home/scx6115/Ocean_AI_model/sample_00/train/global_maxs.npy
global_means_path /home/bingxing2/home/scx6115/Ocean_AI_model/sample_00/train/global_means.npy
global_stds_path /home/bingxing2/home/scx6115/Ocean_AI_model/sample_00/train/global_stds.npy
orography True
orography_norm_zscore_path /home/bingxing2/home/scx6115/Ocean_AI_model/sample_00/orography_norm_zscore.h5
orography_norm_maxmin_path /home/bingxing2/home/scx6115/Ocean_AI_model/sample_00/orography_norm_maxmin.h5
add_noise False
noise_std 0
crop_size_x None
crop_size_y None
log_to_screen Truenettype
 save_checkpointMasked_AE_fusion 
True
plot_animationslog_to_wandb  FalseTrue

lr 0.001
batch_size 64
max_epochs 100
scheduler CosineAnnealingLR
fusion_3d_2d True
in_chans 31
out_chans 25
in_channels--------------------------------------------------- 
[0, 1, 2, 3, 4, 5, 6, 7, 8, 9, 10, 11, 12, 13, 14, 15, 16, 17, 18, 19, 20, 21, 22, 23, 24, 25, 26, 27, 28, 29]
out_channels world_size :[0, 1, 2, 3, 4, 5, 6, 7, 8, 9, 10, 11, 12, 13, 14, 15, 16, 17, 18, 19, 20, 21, 22, 23, 24] 
16
Initialize distributed process group...img_size_h
 720
img_size_w 1440
patch_size_h 16
patch_size_w 16
patch_size_d 2
mlp_ratio 4.0
in_chans_2d 7
out_chans_2d 1
in_chans_3d 4
out_chans_3d 4
var_depth 6
embed_dim 512
depth 16
num_heads 16
decoder_embed_dim 1024
decoder_depth 8
decoder_num_heads 16
drop_rate 0.0
drop_path_rate 0.0
sparsity_threshold 0.01
hard_thresholding_fraction 1.0
num_blocks 8
loss l2
num_data_workers 0
dt 1
n_history 0
prediction_type iterative
prediction_length 41
n_initial_conditions 5
ics_type default
date_strings ['2018-09-14 00:00:00']
save_raw_forecasts True
save_channel False
masked_acc False
maskpath None
perturb False
add_grid False
N_grid_channels 0
gridtype sinusoidal
roll False
enable_nhwc False
optimizer_type FusedAdam
exp_dir ./exp
patch_size 8
width 56
modes 32
target default
train_data_path /home/bingxing2/home/scx6115/Ocean_AI_model/sample_00/train
valid_data_path /home/bingxing2/home/scx6115/Ocean_AI_model/sample_00/valid
test_data_path /home/bingxing2/home/scx6115/Ocean_AI_model/sample_00/test
land_mask True
land_mask_path /home/bingxing2/home/scx6115/Ocean_AI_model/sample_00/land_mask.h5
normalize True
normalization zscore
global_mins_path /home/bingxing2/home/scx6115/Ocean_AI_model/sample_00/train/global_mins.npy
global_maxs_path /home/bingxing2/home/scx6115/Ocean_AI_model/sample_00/train/global_maxs.npy
global_means_path /home/bingxing2/home/scx6115/Ocean_AI_model/sample_00/train/global_means.npy
global_stds_path /home/bingxing2/home/scx6115/Ocean_AI_model/sample_00/train/global_stds.npy
orography True
orography_norm_zscore_path /home/bingxing2/home/scx6115/Ocean_AI_model/sample_00/orography_norm_zscore.h5
orography_norm_maxmin_path /home/bingxing2/home/scx6115/Ocean_AI_model/sample_00/orography_norm_maxmin.h5
add_noise False
noise_std 0
crop_size_x None
crop_size_y None
log_to_screen True
save_checkpoint True
plot_animations False
---------------------------------------------------
world_size : 16
Initialize distributed process group...
2023-06-13 17:51:11,787 - torch.distributed.distributed_c10d - INFO - Added key: store_based_barrier_key:1 to store for rank: 14
2023-06-13 17:51:11,787 - torch.distributed.distributed_c10d - INFO - Added key: store_based_barrier_key:1 to store for rank: 13
2023-06-13 17:51:11,787 - torch.distributed.distributed_c10d - INFO - Added key: store_based_barrier_key:1 to store for rank: 12
2023-06-13 17:51:11,787 - torch.distributed.distributed_c10d - INFO - Added key: store_based_barrier_key:1 to store for rank: 15
2023-06-13 17:51:12,491 - torch.distributed.distributed_c10d - INFO - Rank 14: Completed store-based barrier for key:store_based_barrier_key:1 with 16 nodes.
2023-06-13 17:51:12,491 - torch.distributed.distributed_c10d - INFO - Rank 15: Completed store-based barrier for key:store_based_barrier_key:1 with 16 nodes.
2023-06-13 17:51:12,491 - torch.distributed.distributed_c10d - INFO - Rank 13: Completed store-based barrier for key:store_based_barrier_key:1 with 16 nodes.
2023-06-13 17:51:12,491 - torch.distributed.distributed_c10d - INFO - Rank 12: Completed store-based barrier for key:store_based_barrier_key:1 with 16 nodes.
2023-06-13 17:51:12,554 - root - INFO - device: cuda:3
2023-06-13 17:51:12,554 - root - INFO - rank 15, begin data loader init
2023-06-13 17:51:12,556 - root - INFO - device: cuda:1
2023-06-13 17:51:12,556 - root - INFO - rank 13, begin data loader init
2023-06-13 17:51:12,559 - root - INFO - device: cuda:2
2023-06-13 17:51:12,559 - root - INFO - rank 14, begin data loader init
2023-06-13 17:51:12,560 - root - INFO - device: cuda:0
2023-06-13 17:51:12,560 - root - INFO - rank 12, begin data loader init
2023-06-13 17:51:12,588 - root - INFO - Getting file stats from /home/bingxing2/home/scx6115/Ocean_AI_model/sample_00/train/2000.h5
2023-06-13 17:51:12,588 - root - INFO - Getting file stats from /home/bingxing2/home/scx6115/Ocean_AI_model/sample_00/train/2000.h5
2023-06-13 17:51:12,588 - root - INFO - Getting file stats from /home/bingxing2/home/scx6115/Ocean_AI_model/sample_00/train/2000.h5
2023-06-13 17:51:12,588 - root - INFO - Getting file stats from /home/bingxing2/home/scx6115/Ocean_AI_model/sample_00/train/2000.h5
2023-06-13 17:51:12,589 - root - INFO - Number of samples per year: 365
2023-06-13 17:51:12,589 - root - INFO - Number of samples per year: 365
2023-06-13 17:51:12,589 - root - INFO - Number of samples per year: 365
2023-06-13 17:51:12,589 - root - INFO - Found data at path /home/bingxing2/home/scx6115/Ocean_AI_model/sample_00/train. Number of examples: 4015. Image Shape: 720 x 1440 x 30
2023-06-13 17:51:12,589 - root - INFO - Found data at path /home/bingxing2/home/scx6115/Ocean_AI_model/sample_00/train. Number of examples: 4015. Image Shape: 720 x 1440 x 30
2023-06-13 17:51:12,589 - root - INFO - Found data at path /home/bingxing2/home/scx6115/Ocean_AI_model/sample_00/train. Number of examples: 4015. Image Shape: 720 x 1440 x 30
2023-06-13 17:51:12,589 - root - INFO - Delta t: 1 days
2023-06-13 17:51:12,589 - root - INFO - Delta t: 1 days
2023-06-13 17:51:12,589 - root - INFO - Including 0 days of past history in training at a frequency of 1 days
2023-06-13 17:51:12,589 - root - INFO - Delta t: 1 days
2023-06-13 17:51:12,589 - root - INFO - Including 0 days of past history in training at a frequency of 1 days
2023-06-13 17:51:12,589 - root - INFO - Number of samples per year: 365
2023-06-13 17:51:12,589 - root - INFO - Including 0 days of past history in training at a frequency of 1 days
2023-06-13 17:51:12,589 - root - INFO - Found data at path /home/bingxing2/home/scx6115/Ocean_AI_model/sample_00/train. Number of examples: 4015. Image Shape: 720 x 1440 x 30
2023-06-13 17:51:12,589 - root - INFO - Delta t: 1 days
2023-06-13 17:51:12,589 - root - INFO - Including 0 days of past history in training at a frequency of 1 days
2023-06-13 17:51:12,596 - root - INFO - Getting file stats from /home/bingxing2/home/scx6115/Ocean_AI_model/sample_00/valid/2011.h5
2023-06-13 17:51:12,596 - root - INFO - Getting file stats from /home/bingxing2/home/scx6115/Ocean_AI_model/sample_00/valid/2011.h5
2023-06-13 17:51:12,596 - root - INFO - Getting file stats from /home/bingxing2/home/scx6115/Ocean_AI_model/sample_00/valid/2011.h5
2023-06-13 17:51:12,596 - root - INFO - Getting file stats from /home/bingxing2/home/scx6115/Ocean_AI_model/sample_00/valid/2011.h5
2023-06-13 17:51:12,597 - root - INFO - Number of samples per year: 364
2023-06-13 17:51:12,597 - root - INFO - Number of samples per year: 364
2023-06-13 17:51:12,597 - root - INFO - Number of samples per year: 364
2023-06-13 17:51:12,597 - root - INFO - Found data at path /home/bingxing2/home/scx6115/Ocean_AI_model/sample_00/valid. Number of examples: 364. Image Shape: 720 x 1440 x 30
2023-06-13 17:51:12,597 - root - INFO - Found data at path /home/bingxing2/home/scx6115/Ocean_AI_model/sample_00/valid. Number of examples: 364. Image Shape: 720 x 1440 x 30
2023-06-13 17:51:12,597 - root - INFO - Number of samples per year: 364
2023-06-13 17:51:12,597 - root - INFO - Found data at path /home/bingxing2/home/scx6115/Ocean_AI_model/sample_00/valid. Number of examples: 364. Image Shape: 720 x 1440 x 30
2023-06-13 17:51:12,597 - root - INFO - Delta t: 1 days
2023-06-13 17:51:12,597 - root - INFO - Delta t: 1 days
2023-06-13 17:51:12,597 - root - INFO - Found data at path /home/bingxing2/home/scx6115/Ocean_AI_model/sample_00/valid. Number of examples: 364. Image Shape: 720 x 1440 x 30
2023-06-13 17:51:12,597 - root - INFO - Including 0 days of past history in training at a frequency of 1 days
2023-06-13 17:51:12,597 - root - INFO - Delta t: 1 days
2023-06-13 17:51:12,597 - root - INFO - Including 0 days of past history in training at a frequency of 1 days
2023-06-13 17:51:12,597 - root - INFO - Delta t: 1 days
2023-06-13 17:51:12,597 - root - INFO - Including 0 days of past history in training at a frequency of 1 days
2023-06-13 17:51:12,597 - root - INFO - Including 0 days of past history in training at a frequency of 1 days
Traceback (most recent call last):
  File "/home/bingxing2/home/scx6115/Ocean_AI_model/train_025_bingxing.py", line 487, in <module>
Traceback (most recent call last):
  File "/home/bingxing2/home/scx6115/Ocean_AI_model/train_025_bingxing.py", line 487, in <module>
Traceback (most recent call last):
  File "/home/bingxing2/home/scx6115/Ocean_AI_model/train_025_bingxing.py", line 487, in <module>
Traceback (most recent call last):
  File "/home/bingxing2/home/scx6115/Ocean_AI_model/train_025_bingxing.py", line 487, in <module>
    trainer = Trainer(params, world_rank)
  File "/home/bingxing2/home/scx6115/Ocean_AI_model/train_025_bingxing.py", line 69, in __init__
    trainer = Trainer(params, world_rank)
  File "/home/bingxing2/home/scx6115/Ocean_AI_model/train_025_bingxing.py", line 69, in __init__
    trainer = Trainer(params, world_rank)
  File "/home/bingxing2/home/scx6115/Ocean_AI_model/train_025_bingxing.py", line 69, in __init__
    trainer = Trainer(params, world_rank)
  File "/home/bingxing2/home/scx6115/Ocean_AI_model/train_025_bingxing.py", line 69, in __init__
    self.valid_data_loader, self.valid_dataset = get_data_loader(params, params.valid_data_path,
ValueError: too many values to unpack (expected 2)
    self.valid_data_loader, self.valid_dataset = get_data_loader(params, params.valid_data_path,
ValueError: too many values to unpack (expected 2)
    self.valid_data_loader, self.valid_dataset = get_data_loader(params, params.valid_data_path,
ValueError: too many values to unpack (expected 2)
    self.valid_data_loader, self.valid_dataset = get_data_loader(params, params.valid_data_path,
ValueError: too many values to unpack (expected 2)
ERROR:torch.distributed.elastic.multiprocessing.api:failed (exitcode: 1) local_rank: 0 (pid: 2187279) of binary: /home/bingxing2/home/scx6115/.conda/envs/torch2.0/bin/python
Traceback (most recent call last):
  File "/home/bingxing2/home/scx6115/.conda/envs/torch2.0/bin/torchrun", line 8, in <module>
    sys.exit(main())
  File "/home/bingxing2/home/scx6115/.conda/envs/torch2.0/lib/python3.10/site-packages/torch/distributed/elastic/multiprocessing/errors/__init__.py", line 346, in wrapper
    return f(*args, **kwargs)
  File "/home/bingxing2/home/scx6115/.conda/envs/torch2.0/lib/python3.10/site-packages/torch/distributed/run.py", line 794, in main
    run(args)
  File "/home/bingxing2/home/scx6115/.conda/envs/torch2.0/lib/python3.10/site-packages/torch/distributed/run.py", line 785, in run
    elastic_launch(
  File "/home/bingxing2/home/scx6115/.conda/envs/torch2.0/lib/python3.10/site-packages/torch/distributed/launcher/api.py", line 134, in __call__
    return launch_agent(self._config, self._entrypoint, list(args))
  File "/home/bingxing2/home/scx6115/.conda/envs/torch2.0/lib/python3.10/site-packages/torch/distributed/launcher/api.py", line 250, in launch_agent
    raise ChildFailedError(
torch.distributed.elastic.multiprocessing.errors.ChildFailedError: 
============================================================
train_025_bingxing.py FAILED
------------------------------------------------------------
Failures:
[1]:
  time      : 2023-06-13_17:51:15
  host      : paraai-n32-h-01-agent-87.paraai-n32-h-01.com
  rank      : 13 (local_rank: 1)
  exitcode  : 1 (pid: 2187280)
  error_file: <N/A>
  traceback : To enable traceback see: https://pytorch.org/docs/stable/elastic/errors.html
[2]:
  time      : 2023-06-13_17:51:15
  host      : paraai-n32-h-01-agent-87.paraai-n32-h-01.com
  rank      : 14 (local_rank: 2)
  exitcode  : 1 (pid: 2187281)
  error_file: <N/A>
  traceback : To enable traceback see: https://pytorch.org/docs/stable/elastic/errors.html
[3]:
  time      : 2023-06-13_17:51:15
  host      : paraai-n32-h-01-agent-87.paraai-n32-h-01.com
  rank      : 15 (local_rank: 3)
  exitcode  : 1 (pid: 2187282)
  error_file: <N/A>
  traceback : To enable traceback see: https://pytorch.org/docs/stable/elastic/errors.html
------------------------------------------------------------
Root Cause (first observed failure):
[0]:
  time      : 2023-06-13_17:51:15
  host      : paraai-n32-h-01-agent-87.paraai-n32-h-01.com
  rank      : 12 (local_rank: 0)
  exitcode  : 1 (pid: 2187279)
  error_file: <N/A>
  traceback : To enable traceback see: https://pytorch.org/docs/stable/elastic/errors.html
============================================================
srun: error: paraai-n32-h-01-agent-87: task 0: Exited with exit code 1
