master_addr is only used for static rdzv_backend and when rdzv_endpoint is not specified.
WARNING:torch.distributed.run:
*****************************************
Setting OMP_NUM_THREADS environment variable for each process to be 1 in default, to avoid your system being overloaded, please further tune the variable for optimal performance in your application as needed. 
*****************************************
paraai-n32-h-01-agent-66
paraai-n32-h-01-agent-66
0
------------------ Configuration ------------------  /home/bingxing2/home/scx6115/Ocean_AI_model/config/Model.yaml
0
------------------ Configuration ------------------  /home/bingxing2/home/scx6115/Ocean_AI_model/config/Model.yaml
paraai-n32-h-01-agent-66
0
------------------ Configuration ------------------  /home/bingxing2/home/scx6115/Ocean_AI_model/config/Model.yaml
paraai-n32-h-01-agent-66
0
------------------ Configuration ------------------  /home/bingxing2/home/scx6115/Ocean_AI_model/config/Model.yaml
nettype Masked_AE_fusionnettype
 Masked_AE_fusion
log_to_wandb log_to_wandbTrue 
True
lr lr 0.0010.001

batch_sizebatch_size  64
64
max_epochs 100
max_epochsscheduler  100CosineAnnealingLR

fusion_3d_2dscheduler  True
CosineAnnealingLRin_chans
 31fusion_3d_2d
 Trueout_chans
 25in_chans
 in_channels31 
out_chans 25[0, 1, 2, 3, 4, 5, 6, 7, 8, 9, 10, 11, 12, 13, 14, 15, 16, 17, 18, 19, 20, 21, 22, 23, 24, 25, 26, 27, 28, 29]

out_channelsin_channels  [0, 1, 2, 3, 4, 5, 6, 7, 8, 9, 10, 11, 12, 13, 14, 15, 16, 17, 18, 19, 20, 21, 22, 23, 24]
[0, 1, 2, 3, 4, 5, 6, 7, 8, 9, 10, 11, 12, 13, 14, 15, 16, 17, 18, 19, 20, 21, 22, 23, 24, 25, 26, 27, 28, 29]img_size_h
 720
img_size_w out_channels1440 
patch_size_h 16[0, 1, 2, 3, 4, 5, 6, 7, 8, 9, 10, 11, 12, 13, 14, 15, 16, 17, 18, 19, 20, 21, 22, 23, 24]

patch_size_w img_size_h16 
patch_size_d720 
2
img_size_wmlp_ratio  4.01440

in_chans_2d patch_size_h7 
16out_chans_2d
 1
patch_size_win_chans_3d  164

patch_size_dout_chans_3d  42

var_depth mlp_ratio6 
4.0
embed_dimin_chans_2d  512
7depth 
16
out_chans_2dnum_heads  116

decoder_embed_dimin_chans_3d  10244

decoder_depth 8out_chans_3d
 decoder_num_heads4 
16
var_depthdrop_rate  60.0

embed_dimdrop_path_rate  0.0512

sparsity_threshold depth0.01 
16hard_thresholding_fraction
 1.0num_heads
 num_blocks 168

decoder_embed_dimloss  l21024

nettypedecoder_depthnum_data_workers   08Masked_AE_fusion


dt decoder_num_heads1 
log_to_wandb16
n_history  True0

drop_rateprediction_type lr 0.0 iterative

0.001drop_path_rateprediction_length
  41
0.0batch_sizen_initial_conditions
  645sparsity_threshold

 max_epochsics_type0.01  default

100hard_thresholding_fraction
date_strings scheduler  ['2018-09-14 00:00:00']CosineAnnealingLR1.0


fusion_3d_2dnum_blockssave_raw_forecasts   TrueTrue

8
save_channelin_chans  Falseloss31

 masked_accl2
out_chans num_data_workers False 25
0maskpath

 Nonein_channelsdt
  perturb1 False

[0, 1, 2, 3, 4, 5, 6, 7, 8, 9, 10, 11, 12, 13, 14, 15, 16, 17, 18, 19, 20, 21, 22, 23, 24, 25, 26, 27, 28, 29]add_grid n_history
False 
0
N_grid_channelsout_channelsprediction_type   0iterative
[0, 1, 2, 3, 4, 5, 6, 7, 8, 9, 10, 11, 12, 13, 14, 15, 16, 17, 18, 19, 20, 21, 22, 23, 24]

gridtypeprediction_length sinusoidal 
img_size_hroll41  720
False
n_initial_conditions
img_size_w enable_nhwc5 
 False1440ics_type
 
optimizer_typedefault 
FusedAdampatch_size_h
 date_stringsexp_dir16  ['2018-09-14 00:00:00']
./exppatch_size_w

 save_raw_forecasts 16patch_sizeTrue
 
patch_size_d8
 save_channelwidth2 
 56Falsemlp_ratio

 modes4.0masked_acc
  32Falsein_chans_2d

 target maskpathdefault 
7train_data_pathNone 
/home/bingxing2/home/scx6115/Ocean_AI_model/sample_00/trainout_chans_2d

 perturbvalid_data_path1  
False/home/bingxing2/home/scx6115/Ocean_AI_model/sample_00/valid

in_chans_3dtest_data_path add_grid /home/bingxing2/home/scx6115/Ocean_AI_model/sample_00/test 4
False
land_mask
 out_chans_3dTrueN_grid_channels
 land_mask_path  40/home/bingxing2/home/scx6115/Ocean_AI_model/sample_00/land_mask.h5


normalizegridtype var_depth True sinusoidal6


normalization embed_dimrollzscore
  global_mins_path512 False/home/bingxing2/home/scx6115/Ocean_AI_model/sample_00/train/global_mins.npy


global_maxs_path depthenable_nhwc/home/bingxing2/home/scx6115/Ocean_AI_model/sample_00/train/global_maxs.npy 
 16global_means_pathFalse 
/home/bingxing2/home/scx6115/Ocean_AI_model/sample_00/train/global_means.npy

num_headsglobal_stds_path  16optimizer_type/home/bingxing2/home/scx6115/Ocean_AI_model/sample_00/train/global_stds.npy 

FusedAdamdecoder_embed_dim
orography  exp_dir1024 True

./exp
decoder_depthorography_norm_zscore_path patch_size 8/home/bingxing2/home/scx6115/Ocean_AI_model/sample_00/orography_norm_zscore.h5
 
8decoder_num_headsorography_norm_maxmin_path
  /home/bingxing2/home/scx6115/Ocean_AI_model/sample_00/orography_norm_maxmin.h5width16

 add_noise56drop_rate 
False modes
0.0 noise_std32
 
0drop_path_rate
 targetcrop_size_x 0.0
 defaultsparsity_threshold None
0.01

train_data_pathcrop_size_yhard_thresholding_fraction  /home/bingxing2/home/scx6115/Ocean_AI_model/sample_00/train None1.0


valid_data_pathlog_to_screen  num_blocksTrue/home/bingxing2/home/scx6115/Ocean_AI_model/sample_00/valid
 
save_checkpoint8 test_data_pathTrue

 lossplot_animations /home/bingxing2/home/scx6115/Ocean_AI_model/sample_00/test l2False


num_data_workersland_mask  True0

dtland_mask_path 1 
/home/bingxing2/home/scx6115/Ocean_AI_model/sample_00/land_mask.h5n_history
 0normalize
 Trueprediction_type
 iterative
normalizationprediction_length  zscore41

global_mins_path /home/bingxing2/home/scx6115/Ocean_AI_model/sample_00/train/global_mins.npy
n_initial_conditions global_maxs_path5 
---------------------------------------------------/home/bingxing2/home/scx6115/Ocean_AI_model/sample_00/train/global_maxs.npy

ics_type global_means_pathdefault 
/home/bingxing2/home/scx6115/Ocean_AI_model/sample_00/train/global_means.npydate_strings
 ['2018-09-14 00:00:00']global_stds_path
 /home/bingxing2/home/scx6115/Ocean_AI_model/sample_00/train/global_stds.npy
save_raw_forecastsworld_size :orography  True16 

TrueInitialize distributed process group...
save_channel
 orography_norm_zscore_pathFalse 
/home/bingxing2/home/scx6115/Ocean_AI_model/sample_00/orography_norm_zscore.h5masked_acc
 orography_norm_maxmin_pathFalse 
/home/bingxing2/home/scx6115/Ocean_AI_model/sample_00/orography_norm_maxmin.h5maskpath
 None
add_noise Falseperturb
 Falsenoise_std
 add_grid0 
False
crop_size_x N_grid_channelsNone 
0
crop_size_y gridtypeNone
 sinusoidallog_to_screen
 rollTrue 
Falsesave_checkpoint
 Trueenable_nhwc
 False
plot_animations optimizer_typeFalse 
FusedAdam
exp_dir ./exp
patch_size 8
width 56
modes 32
target default
train_data_path /home/bingxing2/home/scx6115/Ocean_AI_model/sample_00/train
valid_data_path /home/bingxing2/home/scx6115/Ocean_AI_model/sample_00/valid
---------------------------------------------------
test_data_path /home/bingxing2/home/scx6115/Ocean_AI_model/sample_00/test
land_mask True
land_mask_path /home/bingxing2/home/scx6115/Ocean_AI_model/sample_00/land_mask.h5
normalize world_size :True 16

normalizationInitialize distributed process group... 
zscore
global_mins_path /home/bingxing2/home/scx6115/Ocean_AI_model/sample_00/train/global_mins.npy
global_maxs_path /home/bingxing2/home/scx6115/Ocean_AI_model/sample_00/train/global_maxs.npy
global_means_path /home/bingxing2/home/scx6115/Ocean_AI_model/sample_00/train/global_means.npy
global_stds_path /home/bingxing2/home/scx6115/Ocean_AI_model/sample_00/train/global_stds.npy
orography True
orography_norm_zscore_path /home/bingxing2/home/scx6115/Ocean_AI_model/sample_00/orography_norm_zscore.h5
orography_norm_maxmin_path /home/bingxing2/home/scx6115/Ocean_AI_model/sample_00/orography_norm_maxmin.h5
add_noise False
noise_std 0
crop_size_x None
crop_size_y None
log_to_screen True
save_checkpoint True
plot_animations False
---------------------------------------------------
world_size : 16
Initialize distributed process group...
nettype Masked_AE_fusion
log_to_wandb True
lr 0.001
batch_size 64
max_epochs 100
scheduler CosineAnnealingLR
fusion_3d_2d True
in_chans 31
out_chans 25
in_channels [0, 1, 2, 3, 4, 5, 6, 7, 8, 9, 10, 11, 12, 13, 14, 15, 16, 17, 18, 19, 20, 21, 22, 23, 24, 25, 26, 27, 28, 29]
out_channels [0, 1, 2, 3, 4, 5, 6, 7, 8, 9, 10, 11, 12, 13, 14, 15, 16, 17, 18, 19, 20, 21, 22, 23, 24]
img_size_h 720
img_size_w 1440
patch_size_h 16
patch_size_w 16
patch_size_d 2
mlp_ratio 4.0
in_chans_2d 7
out_chans_2d 1
in_chans_3d 4
out_chans_3d 4
var_depth 6
embed_dim 512
depth 16
num_heads 16
decoder_embed_dim 1024
decoder_depth 8
decoder_num_heads 16
drop_rate 0.0
drop_path_rate 0.0
sparsity_threshold 0.01
hard_thresholding_fraction 1.0
num_blocks 8
loss l2
num_data_workers 0
dt 1
n_history 0
prediction_type iterative
prediction_length 41
n_initial_conditions 5
ics_type default
date_strings ['2018-09-14 00:00:00']
save_raw_forecasts True
save_channel False
masked_acc False
maskpath None
perturb False
add_grid False
N_grid_channels 0
gridtype sinusoidal
roll False
enable_nhwc False
optimizer_type FusedAdam
exp_dir ./exp
patch_size 8
width 56
modes 32
target default
train_data_path /home/bingxing2/home/scx6115/Ocean_AI_model/sample_00/train
valid_data_path /home/bingxing2/home/scx6115/Ocean_AI_model/sample_00/valid
test_data_path /home/bingxing2/home/scx6115/Ocean_AI_model/sample_00/test
land_mask True
land_mask_path /home/bingxing2/home/scx6115/Ocean_AI_model/sample_00/land_mask.h5
normalize True
normalization zscore
global_mins_path /home/bingxing2/home/scx6115/Ocean_AI_model/sample_00/train/global_mins.npy
global_maxs_path /home/bingxing2/home/scx6115/Ocean_AI_model/sample_00/train/global_maxs.npy
global_means_path /home/bingxing2/home/scx6115/Ocean_AI_model/sample_00/train/global_means.npy
global_stds_path /home/bingxing2/home/scx6115/Ocean_AI_model/sample_00/train/global_stds.npy
orography True
orography_norm_zscore_path /home/bingxing2/home/scx6115/Ocean_AI_model/sample_00/orography_norm_zscore.h5
orography_norm_maxmin_path /home/bingxing2/home/scx6115/Ocean_AI_model/sample_00/orography_norm_maxmin.h5
add_noise False
noise_std 0
crop_size_x None
crop_size_y None
log_to_screen True
save_checkpoint True
plot_animations False
---------------------------------------------------
world_size : 16
Initialize distributed process group...
2023-06-13 20:32:40,705 - torch.distributed.distributed_c10d - INFO - Added key: store_based_barrier_key:1 to store for rank: 5
2023-06-13 20:32:40,705 - torch.distributed.distributed_c10d - INFO - Added key: store_based_barrier_key:1 to store for rank: 7
2023-06-13 20:32:40,706 - torch.distributed.distributed_c10d - INFO - Added key: store_based_barrier_key:1 to store for rank: 6
2023-06-13 20:32:40,730 - torch.distributed.distributed_c10d - INFO - Added key: store_based_barrier_key:1 to store for rank: 4
2023-06-13 20:32:41,399 - torch.distributed.distributed_c10d - INFO - Rank 5: Completed store-based barrier for key:store_based_barrier_key:1 with 16 nodes.
2023-06-13 20:32:41,399 - torch.distributed.distributed_c10d - INFO - Rank 7: Completed store-based barrier for key:store_based_barrier_key:1 with 16 nodes.
2023-06-13 20:32:41,399 - torch.distributed.distributed_c10d - INFO - Rank 6: Completed store-based barrier for key:store_based_barrier_key:1 with 16 nodes.
2023-06-13 20:32:41,403 - torch.distributed.distributed_c10d - INFO - Rank 4: Completed store-based barrier for key:store_based_barrier_key:1 with 16 nodes.
2023-06-13 20:32:41,482 - root - INFO - device: cuda:3
2023-06-13 20:32:41,482 - root - INFO - rank 7, begin data loader init
2023-06-13 20:32:41,489 - root - INFO - device: cuda:2
2023-06-13 20:32:41,489 - root - INFO - rank 6, begin data loader init
2023-06-13 20:32:41,491 - root - INFO - Getting file stats from /home/bingxing2/home/scx6115/Ocean_AI_model/sample_00/train/2000.h5
2023-06-13 20:32:41,491 - root - INFO - Getting file stats from /home/bingxing2/home/scx6115/Ocean_AI_model/sample_00/train/2000.h5
2023-06-13 20:32:41,492 - root - INFO - Number of samples per year: 365
2023-06-13 20:32:41,492 - root - INFO - Found data at path /home/bingxing2/home/scx6115/Ocean_AI_model/sample_00/train. Number of examples: 4015. Image Shape: 720 x 1440 x 30
2023-06-13 20:32:41,492 - root - INFO - Number of samples per year: 365
2023-06-13 20:32:41,492 - root - INFO - Delta t: 1 days
2023-06-13 20:32:41,492 - root - INFO - Including 0 days of past history in training at a frequency of 1 days
2023-06-13 20:32:41,492 - root - INFO - Found data at path /home/bingxing2/home/scx6115/Ocean_AI_model/sample_00/train. Number of examples: 4015. Image Shape: 720 x 1440 x 30
2023-06-13 20:32:41,492 - root - INFO - Delta t: 1 days
2023-06-13 20:32:41,492 - root - INFO - Including 0 days of past history in training at a frequency of 1 days
2023-06-13 20:32:41,493 - root - INFO - device: cuda:1
2023-06-13 20:32:41,493 - root - INFO - rank 5, begin data loader init
2023-06-13 20:32:41,494 - root - INFO - device: cuda:0
2023-06-13 20:32:41,494 - root - INFO - rank 4, begin data loader init
2023-06-13 20:32:41,495 - root - INFO - Getting file stats from /home/bingxing2/home/scx6115/Ocean_AI_model/sample_00/train/2000.h5
2023-06-13 20:32:41,496 - root - INFO - Number of samples per year: 365
2023-06-13 20:32:41,496 - root - INFO - Found data at path /home/bingxing2/home/scx6115/Ocean_AI_model/sample_00/train. Number of examples: 4015. Image Shape: 720 x 1440 x 30
2023-06-13 20:32:41,496 - root - INFO - Delta t: 1 days
2023-06-13 20:32:41,496 - root - INFO - Including 0 days of past history in training at a frequency of 1 days
2023-06-13 20:32:41,496 - root - INFO - Getting file stats from /home/bingxing2/home/scx6115/Ocean_AI_model/sample_00/train/2000.h5
2023-06-13 20:32:41,497 - root - INFO - Number of samples per year: 365
2023-06-13 20:32:41,497 - root - INFO - Found data at path /home/bingxing2/home/scx6115/Ocean_AI_model/sample_00/train. Number of examples: 4015. Image Shape: 720 x 1440 x 30
2023-06-13 20:32:41,497 - root - INFO - Delta t: 1 days
2023-06-13 20:32:41,497 - root - INFO - Including 0 days of past history in training at a frequency of 1 days
2023-06-13 20:32:41,510 - root - INFO - Getting file stats from /home/bingxing2/home/scx6115/Ocean_AI_model/sample_00/valid/2011.h5
2023-06-13 20:32:41,510 - root - INFO - Getting file stats from /home/bingxing2/home/scx6115/Ocean_AI_model/sample_00/valid/2011.h5
2023-06-13 20:32:41,510 - root - INFO - Getting file stats from /home/bingxing2/home/scx6115/Ocean_AI_model/sample_00/valid/2011.h5
2023-06-13 20:32:41,510 - root - INFO - Getting file stats from /home/bingxing2/home/scx6115/Ocean_AI_model/sample_00/valid/2011.h5
2023-06-13 20:32:41,511 - root - INFO - Number of samples per year: 364
2023-06-13 20:32:41,511 - root - INFO - Number of samples per year: 364
2023-06-13 20:32:41,511 - root - INFO - Found data at path /home/bingxing2/home/scx6115/Ocean_AI_model/sample_00/valid. Number of examples: 364. Image Shape: 720 x 1440 x 30
2023-06-13 20:32:41,511 - root - INFO - Found data at path /home/bingxing2/home/scx6115/Ocean_AI_model/sample_00/valid. Number of examples: 364. Image Shape: 720 x 1440 x 30
2023-06-13 20:32:41,511 - root - INFO - Delta t: 1 days
2023-06-13 20:32:41,511 - root - INFO - Delta t: 1 days
2023-06-13 20:32:41,511 - root - INFO - Including 0 days of past history in training at a frequency of 1 days
2023-06-13 20:32:41,511 - root - INFO - Number of samples per year: 364
2023-06-13 20:32:41,511 - root - INFO - Including 0 days of past history in training at a frequency of 1 days
2023-06-13 20:32:41,511 - root - INFO - Number of samples per year: 364
2023-06-13 20:32:41,511 - root - INFO - Found data at path /home/bingxing2/home/scx6115/Ocean_AI_model/sample_00/valid. Number of examples: 364. Image Shape: 720 x 1440 x 30
2023-06-13 20:32:41,511 - root - INFO - Found data at path /home/bingxing2/home/scx6115/Ocean_AI_model/sample_00/valid. Number of examples: 364. Image Shape: 720 x 1440 x 30
2023-06-13 20:32:41,511 - root - INFO - Delta t: 1 days
2023-06-13 20:32:41,511 - root - INFO - rank 6, data loader initialized
2023-06-13 20:32:41,511 - root - INFO - rank 4, data loader initialized
2023-06-13 20:32:41,511 - root - INFO - Including 0 days of past history in training at a frequency of 1 days
2023-06-13 20:32:41,511 - root - INFO - Delta t: 1 days
2023-06-13 20:32:41,512 - root - INFO - Including 0 days of past history in training at a frequency of 1 days
2023-06-13 20:32:41,512 - root - INFO - rank 5, data loader initialized
2023-06-13 20:32:41,512 - root - INFO - rank 7, data loader initialized
paraai-n32-h-01-agent-66:109120:109120 [2] NCCL INFO cudaDriverVersion 11060
paraai-n32-h-01-agent-66:109119:109119 [1] NCCL INFO cudaDriverVersion 11060
paraai-n32-h-01-agent-66:109121:109121 [3] NCCL INFO cudaDriverVersion 11060
paraai-n32-h-01-agent-66:109118:109118 [0] NCCL INFO cudaDriverVersion 11060
paraai-n32-h-01-agent-66:109119:109119 [1] NCCL INFO Bootstrap : Using eth0:172.16.4.115<0>
paraai-n32-h-01-agent-66:109121:109121 [3] NCCL INFO Bootstrap : Using eth0:172.16.4.115<0>
paraai-n32-h-01-agent-66:109120:109120 [2] NCCL INFO Bootstrap : Using eth0:172.16.4.115<0>
paraai-n32-h-01-agent-66:109118:109118 [0] NCCL INFO Bootstrap : Using eth0:172.16.4.115<0>
paraai-n32-h-01-agent-66:109118:109118 [0] NCCL INFO NET/Plugin : No plugin found (libnccl-net.so), using internal implementation
paraai-n32-h-01-agent-66:109121:109121 [3] NCCL INFO NET/Plugin : No plugin found (libnccl-net.so), using internal implementation
paraai-n32-h-01-agent-66:109120:109120 [2] NCCL INFO NET/Plugin : No plugin found (libnccl-net.so), using internal implementation
paraai-n32-h-01-agent-66:109119:109119 [1] NCCL INFO NET/Plugin : No plugin found (libnccl-net.so), using internal implementation
paraai-n32-h-01-agent-66:109119:110110 [1] NCCL INFO NCCL_IB_DISABLE set by environment to 0.
paraai-n32-h-01-agent-66:109118:110108 [0] NCCL INFO NCCL_IB_DISABLE set by environment to 0.
paraai-n32-h-01-agent-66:109121:110109 [3] NCCL INFO NCCL_IB_DISABLE set by environment to 0.
paraai-n32-h-01-agent-66:109120:110111 [2] NCCL INFO NCCL_IB_DISABLE set by environment to 0.
paraai-n32-h-01-agent-66:109118:110108 [0] NCCL INFO NET/IB : Using [0]mlx5_0:1/RoCE [1]mlx5_1:1/RoCE [2]mlx5_2:1/RoCE [3]mlx5_3:1/RoCE [RO]; OOB eth0:172.16.4.115<0>
paraai-n32-h-01-agent-66:109120:110111 [2] NCCL INFO NET/IB : Using [0]mlx5_0:1/RoCE [1]mlx5_1:1/RoCE [2]mlx5_2:1/RoCE [3]mlx5_3:1/RoCE [RO]; OOB eth0:172.16.4.115<0>
paraai-n32-h-01-agent-66:109120:110111 [2] NCCL INFO Using network IB
paraai-n32-h-01-agent-66:109118:110108 [0] NCCL INFO Using network IB
paraai-n32-h-01-agent-66:109121:110109 [3] NCCL INFO NET/IB : Using [0]mlx5_0:1/RoCE [1]mlx5_1:1/RoCE [2]mlx5_2:1/RoCE [3]mlx5_3:1/RoCE [RO]; OOB eth0:172.16.4.115<0>
paraai-n32-h-01-agent-66:109121:110109 [3] NCCL INFO Using network IB
paraai-n32-h-01-agent-66:109119:110110 [1] NCCL INFO NET/IB : Using [0]mlx5_0:1/RoCE [1]mlx5_1:1/RoCE [2]mlx5_2:1/RoCE [3]mlx5_3:1/RoCE [RO]; OOB eth0:172.16.4.115<0>
paraai-n32-h-01-agent-66:109119:110110 [1] NCCL INFO Using network IB
paraai-n32-h-01-agent-66:109119:110110 [1] NCCL INFO Setting affinity for GPU 1 to ffffffff
paraai-n32-h-01-agent-66:109120:110111 [2] NCCL INFO Setting affinity for GPU 2 to ffffffff,00000000,00000000
paraai-n32-h-01-agent-66:109121:110109 [3] NCCL INFO Setting affinity for GPU 3 to ffffffff,00000000,00000000
paraai-n32-h-01-agent-66:109118:110108 [0] NCCL INFO Setting affinity for GPU 0 to ffffffff
paraai-n32-h-01-agent-66:109118:110108 [0] NCCL INFO Trees [0] 5/-1/-1->4->9 [1] 5/0/-1->4->12
paraai-n32-h-01-agent-66:109120:110111 [2] NCCL INFO Trees [0] 7/-1/-1->6->5 [1] 7/-1/-1->6->5
paraai-n32-h-01-agent-66:109121:110109 [3] NCCL INFO Trees [0] -1/-1/-1->7->6 [1] -1/-1/-1->7->6
paraai-n32-h-01-agent-66:109119:110110 [1] NCCL INFO Trees [0] 6/-1/-1->5->4 [1] 6/8/-1->5->4
paraai-n32-h-01-agent-66:109119:110110 [1] NCCL INFO Channel 00 : 5[2000] -> 6[81000] via SHM/direct/direct
paraai-n32-h-01-agent-66:109119:110110 [1] NCCL INFO Channel 01 : 5[2000] -> 6[81000] via SHM/direct/direct
paraai-n32-h-01-agent-66:109120:110111 [2] NCCL INFO Channel 00 : 6[81000] -> 7[82000] via SHM/direct/direct
paraai-n32-h-01-agent-66:109120:110111 [2] NCCL INFO Channel 01 : 6[81000] -> 7[82000] via SHM/direct/direct
paraai-n32-h-01-agent-66:109118:110108 [0] NCCL INFO Channel 00/0 : 3[82000] -> 4[1000] [receive] via NET/IB/0
paraai-n32-h-01-agent-66:109121:110109 [3] NCCL INFO Channel 00/0 : 7[82000] -> 8[1000] [send] via NET/IB/0
paraai-n32-h-01-agent-66:109118:110108 [0] NCCL INFO Channel 01/0 : 3[82000] -> 4[1000] [receive] via NET/IB/0
paraai-n32-h-01-agent-66:109118:110108 [0] NCCL INFO Channel 00 : 4[1000] -> 5[2000] via SHM/direct/direct
paraai-n32-h-01-agent-66:109118:110108 [0] NCCL INFO Channel 01 : 4[1000] -> 5[2000] via SHM/direct/direct
paraai-n32-h-01-agent-66:109119:110110 [1] NCCL INFO Connected all rings
paraai-n32-h-01-agent-66:109118:110132 [0] NCCL INFO NCCL_IB_GID_INDEX set by environment to 3.
paraai-n32-h-01-agent-66:109118:110132 [0] NCCL INFO NCCL_IB_TIMEOUT set by environment to 23.
paraai-n32-h-01-agent-66:109118:110132 [0] NCCL INFO NCCL_IB_RETRY_CNT set by environment to 7.
paraai-n32-h-01-agent-66:109121:110109 [3] NCCL INFO Channel 01/0 : 7[82000] -> 8[1000] [send] via NET/IB/0
paraai-n32-h-01-agent-66:109120:110111 [2] NCCL INFO Connected all rings
paraai-n32-h-01-agent-66:109118:110108 [0] NCCL INFO Connected all rings
paraai-n32-h-01-agent-66:109121:110131 [3] NCCL INFO NCCL_IB_GID_INDEX set by environment to 3.
paraai-n32-h-01-agent-66:109120:110111 [2] NCCL INFO Channel 00 : 6[81000] -> 5[2000] via SHM/direct/direct
paraai-n32-h-01-agent-66:109120:110111 [2] NCCL INFO Channel 01 : 6[81000] -> 5[2000] via SHM/direct/direct
paraai-n32-h-01-agent-66:109121:110109 [3] NCCL INFO Connected all rings
paraai-n32-h-01-agent-66:109121:110109 [3] NCCL INFO Channel 00 : 7[82000] -> 6[81000] via SHM/direct/direct
paraai-n32-h-01-agent-66:109121:110109 [3] NCCL INFO Channel 01 : 7[82000] -> 6[81000] via SHM/direct/direct
paraai-n32-h-01-agent-66:109121:110109 [3] NCCL INFO Connected all trees
paraai-n32-h-01-agent-66:109121:110109 [3] NCCL INFO threadThresholds 8/8/64 | 128/8/64 | 512 | 512
paraai-n32-h-01-agent-66:109121:110109 [3] NCCL INFO 2 coll channels, 2 p2p channels, 2 p2p channels per peer
paraai-n32-h-01-agent-66:109119:110110 [1] NCCL INFO Channel 01/0 : 5[2000] -> 8[1000] [send] via NET/IB/0
paraai-n32-h-01-agent-66:109118:110108 [0] NCCL INFO Channel 01/0 : 0[1000] -> 4[1000] [receive] via NET/IB/0
paraai-n32-h-01-agent-66:109119:110129 [1] NCCL INFO NCCL_IB_GID_INDEX set by environment to 3.
paraai-n32-h-01-agent-66:109119:110110 [1] NCCL INFO Channel 01/0 : 8[1000] -> 5[2000] [receive] via NET/IB/0
paraai-n32-h-01-agent-66:109118:110108 [0] NCCL INFO Channel 00/0 : 4[1000] -> 9[2000] [send] via NET/IB/0
paraai-n32-h-01-agent-66:109118:110108 [0] NCCL INFO Channel 01/0 : 12[1000] -> 4[1000] [receive] via NET/IB/0
paraai-n32-h-01-agent-66:109118:110108 [0] NCCL INFO Channel 01/0 : 4[1000] -> 12[1000] [send] via NET/IB/0
paraai-n32-h-01-agent-66:109118:110108 [0] NCCL INFO Channel 00/0 : 9[2000] -> 4[1000] [receive] via NET/IB/0
paraai-n32-h-01-agent-66:109119:110129 [1] NCCL INFO NCCL_IB_TIMEOUT set by environment to 23.
paraai-n32-h-01-agent-66:109119:110129 [1] NCCL INFO NCCL_IB_RETRY_CNT set by environment to 7.
paraai-n32-h-01-agent-66:109119:110110 [1] NCCL INFO Channel 00 : 5[2000] -> 4[1000] via SHM/direct/direct
paraai-n32-h-01-agent-66:109119:110110 [1] NCCL INFO Channel 01 : 5[2000] -> 4[1000] via SHM/direct/direct
paraai-n32-h-01-agent-66:109120:110111 [2] NCCL INFO Connected all trees
paraai-n32-h-01-agent-66:109120:110111 [2] NCCL INFO threadThresholds 8/8/64 | 128/8/64 | 512 | 512
paraai-n32-h-01-agent-66:109120:110111 [2] NCCL INFO 2 coll channels, 2 p2p channels, 2 p2p channels per peer
paraai-n32-h-01-agent-66:109118:110108 [0] NCCL INFO Channel 01/0 : 4[1000] -> 0[1000] [send] via NET/IB/0
paraai-n32-h-01-agent-66:109118:110108 [0] NCCL INFO Connected all trees
paraai-n32-h-01-agent-66:109118:110108 [0] NCCL INFO threadThresholds 8/8/64 | 128/8/64 | 512 | 512
paraai-n32-h-01-agent-66:109118:110108 [0] NCCL INFO 2 coll channels, 2 p2p channels, 2 p2p channels per peer
paraai-n32-h-01-agent-66:109119:110110 [1] NCCL INFO Connected all trees
paraai-n32-h-01-agent-66:109119:110110 [1] NCCL INFO threadThresholds 8/8/64 | 128/8/64 | 512 | 512
paraai-n32-h-01-agent-66:109119:110110 [1] NCCL INFO 2 coll channels, 2 p2p channels, 2 p2p channels per peer
paraai-n32-h-01-agent-66:109118:110108 [0] NCCL INFO comm 0x2eac8380 rank 4 nranks 16 cudaDev 0 busId 1000 - Init COMPLETE
paraai-n32-h-01-agent-66:109120:110111 [2] NCCL INFO comm 0x3cbf9100 rank 6 nranks 16 cudaDev 2 busId 81000 - Init COMPLETE
paraai-n32-h-01-agent-66:109121:110109 [3] NCCL INFO comm 0x21759f40 rank 7 nranks 16 cudaDev 3 busId 82000 - Init COMPLETE
paraai-n32-h-01-agent-66:109119:110110 [1] NCCL INFO comm 0x54633980 rank 5 nranks 16 cudaDev 1 busId 2000 - Init COMPLETE
paraai-n32-h-01-agent-66:109121:110134 [3] NCCL INFO NCCL_IB_TIMEOUT set by environment to 23.
paraai-n32-h-01-agent-66:109121:110134 [3] NCCL INFO NCCL_IB_RETRY_CNT set by environment to 7.
Traceback (most recent call last):
  File "/home/bingxing2/home/scx6115/Ocean_AI_model/train_025_bingxing.py", line 489, in <module>
Traceback (most recent call last):
  File "/home/bingxing2/home/scx6115/Ocean_AI_model/train_025_bingxing.py", line 489, in <module>
    trainer.train()    trainer.train()
  File "/home/bingxing2/home/scx6115/Ocean_AI_model/train_025_bingxing.py", line 140, in train

  File "/home/bingxing2/home/scx6115/Ocean_AI_model/train_025_bingxing.py", line 140, in train
    tr_time, data_time, train_logs = self.train_one_epoch()     
tr_time, data_time, train_logs = self.train_one_epoch() 
  File "/home/bingxing2/home/scx6115/Ocean_AI_model/train_025_bingxing.py", line 226, in train_one_epoch
  File "/home/bingxing2/home/scx6115/Ocean_AI_model/train_025_bingxing.py", line 226, in train_one_epoch
        gen = self.model(inp_2d, inp_3d, mask_ratio=0)gen = self.model(inp_2d, inp_3d, mask_ratio=0)

  File "/home/bingxing2/home/scx6115/.conda/envs/torch2.0/lib/python3.10/site-packages/torch/nn/modules/module.py", line 1501, in _call_impl
  File "/home/bingxing2/home/scx6115/.conda/envs/torch2.0/lib/python3.10/site-packages/torch/nn/modules/module.py", line 1501, in _call_impl
    return forward_call(*args, **kwargs)
  File "/home/bingxing2/home/scx6115/.conda/envs/torch2.0/lib/python3.10/site-packages/torch/nn/parallel/distributed.py", line 1156, in forward
    return forward_call(*args, **kwargs)
  File "/home/bingxing2/home/scx6115/.conda/envs/torch2.0/lib/python3.10/site-packages/torch/nn/parallel/distributed.py", line 1156, in forward
    output = self._run_ddp_forward(*inputs, **kwargs)
  File "/home/bingxing2/home/scx6115/.conda/envs/torch2.0/lib/python3.10/site-packages/torch/nn/parallel/distributed.py", line 1110, in _run_ddp_forward
    output = self._run_ddp_forward(*inputs, **kwargs)
  File "/home/bingxing2/home/scx6115/.conda/envs/torch2.0/lib/python3.10/site-packages/torch/nn/parallel/distributed.py", line 1110, in _run_ddp_forward
    return module_to_run(*inputs[0], **kwargs[0])  # type: ignore[index]
  File "/home/bingxing2/home/scx6115/.conda/envs/torch2.0/lib/python3.10/site-packages/torch/nn/modules/module.py", line 1501, in _call_impl
    return module_to_run(*inputs[0], **kwargs[0])  # type: ignore[index]
  File "/home/bingxing2/home/scx6115/.conda/envs/torch2.0/lib/python3.10/site-packages/torch/nn/modules/module.py", line 1501, in _call_impl
    return forward_call(*args, **kwargs)
  File "/home/bingxing2/home/scx6115/Ocean_AI_model/networks/Masked_AE_fusion.py", line 264, in forward
    return forward_call(*args, **kwargs)
  File "/home/bingxing2/home/scx6115/Ocean_AI_model/networks/Masked_AE_fusion.py", line 264, in forward
    x = self.forward_decoder(x, ids_restore)  # [N, L, p*p*3]
      File "/home/bingxing2/home/scx6115/Ocean_AI_model/networks/Masked_AE_fusion.py", line 239, in forward_decoder
x = self.forward_decoder(x, ids_restore)  # [N, L, p*p*3]
  File "/home/bingxing2/home/scx6115/Ocean_AI_model/networks/Masked_AE_fusion.py", line 239, in forward_decoder
    x = blk(x)
  File "/home/bingxing2/home/scx6115/.conda/envs/torch2.0/lib/python3.10/site-packages/torch/nn/modules/module.py", line 1501, in _call_impl
    x = blk(x)
  File "/home/bingxing2/home/scx6115/.conda/envs/torch2.0/lib/python3.10/site-packages/torch/nn/modules/module.py", line 1501, in _call_impl
    return forward_call(*args, **kwargs)
  File "/home/bingxing2/home/scx6115/Ocean_AI_model/networks/fourier_block_Masked_AE_Ocean.py", line 127, in forward
    return forward_call(*args, **kwargs)
  File "/home/bingxing2/home/scx6115/Ocean_AI_model/networks/fourier_block_Masked_AE_Ocean.py", line 127, in forward
    x = self.norm1(x)
  File "/home/bingxing2/home/scx6115/.conda/envs/torch2.0/lib/python3.10/site-packages/torch/nn/modules/module.py", line 1501, in _call_impl
    x = self.norm1(x)
  File "/home/bingxing2/home/scx6115/.conda/envs/torch2.0/lib/python3.10/site-packages/torch/nn/modules/module.py", line 1501, in _call_impl
    return forward_call(*args, **kwargs)
  File "/home/bingxing2/home/scx6115/.conda/envs/torch2.0/lib/python3.10/site-packages/torch/nn/modules/normalization.py", line 190, in forward
    return forward_call(*args, **kwargs)
  File "/home/bingxing2/home/scx6115/.conda/envs/torch2.0/lib/python3.10/site-packages/torch/nn/modules/normalization.py", line 190, in forward
    return F.layer_norm(
  File "/home/bingxing2/home/scx6115/.conda/envs/torch2.0/lib/python3.10/site-packages/torch/nn/functional.py", line 2515, in layer_norm
    return F.layer_norm(
  File "/home/bingxing2/home/scx6115/.conda/envs/torch2.0/lib/python3.10/site-packages/torch/nn/functional.py", line 2515, in layer_norm
    return torch.layer_norm(input, normalized_shape, weight, bias, eps, torch.backends.cudnn.enabled)
    return torch.layer_norm(input, normalized_shape, weight, bias, eps, torch.backends.cudnn.enabled)
torch.cuda.torch.cudaOutOfMemoryError.: OutOfMemoryErrorCUDA out of memory. Tried to allocate 254.00 MiB (GPU 3; 39.41 GiB total capacity; 37.17 GiB already allocated; 246.50 MiB free; 37.47 GiB reserved in total by PyTorch) If reserved memory is >> allocated memory try setting max_split_size_mb to avoid fragmentation.  See documentation for Memory Management and PYTORCH_CUDA_ALLOC_CONF: 
CUDA out of memory. Tried to allocate 254.00 MiB (GPU 0; 39.41 GiB total capacity; 37.17 GiB already allocated; 246.50 MiB free; 37.47 GiB reserved in total by PyTorch) If reserved memory is >> allocated memory try setting max_split_size_mb to avoid fragmentation.  See documentation for Memory Management and PYTORCH_CUDA_ALLOC_CONF
Traceback (most recent call last):
  File "/home/bingxing2/home/scx6115/Ocean_AI_model/train_025_bingxing.py", line 489, in <module>
    trainer.train()
  File "/home/bingxing2/home/scx6115/Ocean_AI_model/train_025_bingxing.py", line 140, in train
    tr_time, data_time, train_logs = self.train_one_epoch() 
  File "/home/bingxing2/home/scx6115/Ocean_AI_model/train_025_bingxing.py", line 226, in train_one_epoch
    gen = self.model(inp_2d, inp_3d, mask_ratio=0)
  File "/home/bingxing2/home/scx6115/.conda/envs/torch2.0/lib/python3.10/site-packages/torch/nn/modules/module.py", line 1501, in _call_impl
    return forward_call(*args, **kwargs)
  File "/home/bingxing2/home/scx6115/.conda/envs/torch2.0/lib/python3.10/site-packages/torch/nn/parallel/distributed.py", line 1156, in forward
    output = self._run_ddp_forward(*inputs, **kwargs)
  File "/home/bingxing2/home/scx6115/.conda/envs/torch2.0/lib/python3.10/site-packages/torch/nn/parallel/distributed.py", line 1110, in _run_ddp_forward
    return module_to_run(*inputs[0], **kwargs[0])  # type: ignore[index]
  File "/home/bingxing2/home/scx6115/.conda/envs/torch2.0/lib/python3.10/site-packages/torch/nn/modules/module.py", line 1501, in _call_impl
    return forward_call(*args, **kwargs)
  File "/home/bingxing2/home/scx6115/Ocean_AI_model/networks/Masked_AE_fusion.py", line 264, in forward
    x = self.forward_decoder(x, ids_restore)  # [N, L, p*p*3]
  File "/home/bingxing2/home/scx6115/Ocean_AI_model/networks/Masked_AE_fusion.py", line 239, in forward_decoder
    x = blk(x)
  File "/home/bingxing2/home/scx6115/.conda/envs/torch2.0/lib/python3.10/site-packages/torch/nn/modules/module.py", line 1501, in _call_impl
    return forward_call(*args, **kwargs)
  File "/home/bingxing2/home/scx6115/Ocean_AI_model/networks/fourier_block_Masked_AE_Ocean.py", line 127, in forward
    x = self.norm1(x)
  File "/home/bingxing2/home/scx6115/.conda/envs/torch2.0/lib/python3.10/site-packages/torch/nn/modules/module.py", line 1501, in _call_impl
    return forward_call(*args, **kwargs)
  File "/home/bingxing2/home/scx6115/.conda/envs/torch2.0/lib/python3.10/site-packages/torch/nn/modules/normalization.py", line 190, in forward
    return F.layer_norm(
  File "/home/bingxing2/home/scx6115/.conda/envs/torch2.0/lib/python3.10/site-packages/torch/nn/functional.py", line 2515, in layer_norm
    return torch.layer_norm(input, normalized_shape, weight, bias, eps, torch.backends.cudnn.enabled)
torch.cuda.OutOfMemoryError: CUDA out of memory. Tried to allocate 254.00 MiB (GPU 2; 39.41 GiB total capacity; 37.17 GiB already allocated; 246.50 MiB free; 37.47 GiB reserved in total by PyTorch) If reserved memory is >> allocated memory try setting max_split_size_mb to avoid fragmentation.  See documentation for Memory Management and PYTORCH_CUDA_ALLOC_CONF
Traceback (most recent call last):
  File "/home/bingxing2/home/scx6115/Ocean_AI_model/train_025_bingxing.py", line 489, in <module>
    trainer.train()
  File "/home/bingxing2/home/scx6115/Ocean_AI_model/train_025_bingxing.py", line 140, in train
    tr_time, data_time, train_logs = self.train_one_epoch() 
  File "/home/bingxing2/home/scx6115/Ocean_AI_model/train_025_bingxing.py", line 226, in train_one_epoch
    gen = self.model(inp_2d, inp_3d, mask_ratio=0)
  File "/home/bingxing2/home/scx6115/.conda/envs/torch2.0/lib/python3.10/site-packages/torch/nn/modules/module.py", line 1501, in _call_impl
    return forward_call(*args, **kwargs)
  File "/home/bingxing2/home/scx6115/.conda/envs/torch2.0/lib/python3.10/site-packages/torch/nn/parallel/distributed.py", line 1156, in forward
    output = self._run_ddp_forward(*inputs, **kwargs)
  File "/home/bingxing2/home/scx6115/.conda/envs/torch2.0/lib/python3.10/site-packages/torch/nn/parallel/distributed.py", line 1110, in _run_ddp_forward
    return module_to_run(*inputs[0], **kwargs[0])  # type: ignore[index]
  File "/home/bingxing2/home/scx6115/.conda/envs/torch2.0/lib/python3.10/site-packages/torch/nn/modules/module.py", line 1501, in _call_impl
    return forward_call(*args, **kwargs)
  File "/home/bingxing2/home/scx6115/Ocean_AI_model/networks/Masked_AE_fusion.py", line 264, in forward
    x = self.forward_decoder(x, ids_restore)  # [N, L, p*p*3]
  File "/home/bingxing2/home/scx6115/Ocean_AI_model/networks/Masked_AE_fusion.py", line 239, in forward_decoder
    x = blk(x)
  File "/home/bingxing2/home/scx6115/.conda/envs/torch2.0/lib/python3.10/site-packages/torch/nn/modules/module.py", line 1501, in _call_impl
    return forward_call(*args, **kwargs)
  File "/home/bingxing2/home/scx6115/Ocean_AI_model/networks/fourier_block_Masked_AE_Ocean.py", line 127, in forward
    x = self.norm1(x)
  File "/home/bingxing2/home/scx6115/.conda/envs/torch2.0/lib/python3.10/site-packages/torch/nn/modules/module.py", line 1501, in _call_impl
    return forward_call(*args, **kwargs)
  File "/home/bingxing2/home/scx6115/.conda/envs/torch2.0/lib/python3.10/site-packages/torch/nn/modules/normalization.py", line 190, in forward
    return F.layer_norm(
  File "/home/bingxing2/home/scx6115/.conda/envs/torch2.0/lib/python3.10/site-packages/torch/nn/functional.py", line 2515, in layer_norm
    return torch.layer_norm(input, normalized_shape, weight, bias, eps, torch.backends.cudnn.enabled)
torch.cuda.OutOfMemoryError: CUDA out of memory. Tried to allocate 254.00 MiB (GPU 1; 39.41 GiB total capacity; 37.17 GiB already allocated; 246.50 MiB free; 37.47 GiB reserved in total by PyTorch) If reserved memory is >> allocated memory try setting max_split_size_mb to avoid fragmentation.  See documentation for Memory Management and PYTORCH_CUDA_ALLOC_CONF
paraai-n32-h-01-agent-66:109121:110131 [3] NCCL INFO [Service thread] Connection closed by localRank 3
paraai-n32-h-01-agent-66:109121:109121 [3] NCCL INFO comm 0x21759f40 rank 7 nranks 16 cudaDev 3 busId 82000 - Abort COMPLETE
paraai-n32-h-01-agent-66:109118:110132 [0] NCCL INFO [Service thread] Connection closed by localRank 0
paraai-n32-h-01-agent-66:109118:109118 [0] NCCL INFO comm 0x2eac8380 rank 4 nranks 16 cudaDev 0 busId 1000 - Abort COMPLETE
paraai-n32-h-01-agent-66:109119:110129 [1] NCCL INFO [Service thread] Connection closed by localRank 1
paraai-n32-h-01-agent-66:109119:109119 [1] NCCL INFO comm 0x54633980 rank 5 nranks 16 cudaDev 1 busId 2000 - Abort COMPLETE
paraai-n32-h-01-agent-66:109120:110130 [2] NCCL INFO [Service thread] Connection closed by localRank 2
paraai-n32-h-01-agent-66:109120:109120 [2] NCCL INFO comm 0x3cbf9100 rank 6 nranks 16 cudaDev 2 busId 81000 - Abort COMPLETE
ERROR:torch.distributed.elastic.multiprocessing.api:failed (exitcode: 1) local_rank: 0 (pid: 109118) of binary: /home/bingxing2/home/scx6115/.conda/envs/torch2.0/bin/python
Traceback (most recent call last):
  File "/home/bingxing2/home/scx6115/.conda/envs/torch2.0/bin/torchrun", line 8, in <module>
    sys.exit(main())
  File "/home/bingxing2/home/scx6115/.conda/envs/torch2.0/lib/python3.10/site-packages/torch/distributed/elastic/multiprocessing/errors/__init__.py", line 346, in wrapper
    return f(*args, **kwargs)
  File "/home/bingxing2/home/scx6115/.conda/envs/torch2.0/lib/python3.10/site-packages/torch/distributed/run.py", line 794, in main
    run(args)
  File "/home/bingxing2/home/scx6115/.conda/envs/torch2.0/lib/python3.10/site-packages/torch/distributed/run.py", line 785, in run
    elastic_launch(
  File "/home/bingxing2/home/scx6115/.conda/envs/torch2.0/lib/python3.10/site-packages/torch/distributed/launcher/api.py", line 134, in __call__
    return launch_agent(self._config, self._entrypoint, list(args))
  File "/home/bingxing2/home/scx6115/.conda/envs/torch2.0/lib/python3.10/site-packages/torch/distributed/launcher/api.py", line 250, in launch_agent
    raise ChildFailedError(
torch.distributed.elastic.multiprocessing.errors.ChildFailedError: 
============================================================
train_025_bingxing.py FAILED
------------------------------------------------------------
Failures:
[1]:
  time      : 2023-06-13_20:33:14
  host      : paraai-n32-h-01-agent-66.paraai-n32-h-01.com
  rank      : 5 (local_rank: 1)
  exitcode  : 1 (pid: 109119)
  error_file: <N/A>
  traceback : To enable traceback see: https://pytorch.org/docs/stable/elastic/errors.html
[2]:
  time      : 2023-06-13_20:33:14
  host      : paraai-n32-h-01-agent-66.paraai-n32-h-01.com
  rank      : 6 (local_rank: 2)
  exitcode  : 1 (pid: 109120)
  error_file: <N/A>
  traceback : To enable traceback see: https://pytorch.org/docs/stable/elastic/errors.html
[3]:
  time      : 2023-06-13_20:33:14
  host      : paraai-n32-h-01-agent-66.paraai-n32-h-01.com
  rank      : 7 (local_rank: 3)
  exitcode  : 1 (pid: 109121)
  error_file: <N/A>
  traceback : To enable traceback see: https://pytorch.org/docs/stable/elastic/errors.html
------------------------------------------------------------
Root Cause (first observed failure):
[0]:
  time      : 2023-06-13_20:33:14
  host      : paraai-n32-h-01-agent-66.paraai-n32-h-01.com
  rank      : 4 (local_rank: 0)
  exitcode  : 1 (pid: 109118)
  error_file: <N/A>
  traceback : To enable traceback see: https://pytorch.org/docs/stable/elastic/errors.html
============================================================
srun: error: paraai-n32-h-01-agent-66: task 0: Exited with exit code 1
