WARNING:torch.distributed.run:
*****************************************
Setting OMP_NUM_THREADS environment variable for each process to be 1 in default, to avoid your system being overloaded, please further tune the variable for optimal performance in your application as needed. 
*****************************************
paraai-n32-h-01-agent-52
paraai-n32-h-01-agent-52
paraai-n32-h-01-agent-52
paraai-n32-h-01-agent-52
000

0
------------------ Configuration ------------------ ------------------ Configuration ------------------ 
------------------ Configuration ------------------   ------------------ Configuration ------------------  /home/bingxing2/home/scx6115/Ocean_AI_model/config/AFNO.yaml/home/bingxing2/home/scx6115/Ocean_AI_model/config/AFNO.yaml /home/bingxing2/home/scx6115/Ocean_AI_model/config/AFNO.yaml

/home/bingxing2/home/scx6115/Ocean_AI_model/config/AFNO.yaml

log_to_wandb True
lr 0.0005
batch_size 32
max_epochs 500
scheduler CosineAnnealingLR
in_channels [0, 1, 2, 3, 4, 5, 6, 7, 8, 9, 10, 11, 12, 13, 14, 15, 16, 17, 18, 19, 20, 21, 22, 23, 24, 25, 26, 27, 28, 29]
log_to_wandbout_channelslog_to_wandb   True[0, 1, 2, 3, 4, 5, 6, 7, 8, 9, 10, 11, 12, 13, 14, 15, 16, 17, 18, 19, 20, 21, 22, 23, 24]True


lrN_in_channelslr   0.0005310.0005


batch_sizeN_out_channelsbatch_size   log_to_wandb322532 


Truemax_epochsimg_size_hmax_epochs
   lr500720500 


0.0005schedulerimg_size_wscheduler
   batch_sizeCosineAnnealingLR1440CosineAnnealingLR 


32in_channelspatch_size_hin_channels
   max_epochs[0, 1, 2, 3, 4, 5, 6, 7, 8, 9, 10, 11, 12, 13, 14, 15, 16, 17, 18, 19, 20, 21, 22, 23, 24, 25, 26, 27, 28, 29]5[0, 1, 2, 3, 4, 5, 6, 7, 8, 9, 10, 11, 12, 13, 14, 15, 16, 17, 18, 19, 20, 21, 22, 23, 24, 25, 26, 27, 28, 29] 


500out_channelspatch_size_wout_channels
   scheduler[0, 1, 2, 3, 4, 5, 6, 7, 8, 9, 10, 11, 12, 13, 14, 15, 16, 17, 18, 19, 20, 21, 22, 23, 24]5[0, 1, 2, 3, 4, 5, 6, 7, 8, 9, 10, 11, 12, 13, 14, 15, 16, 17, 18, 19, 20, 21, 22, 23, 24] 


CosineAnnealingLRN_in_channelslossN_in_channels
   in_channels31l231 


[0, 1, 2, 3, 4, 5, 6, 7, 8, 9, 10, 11, 12, 13, 14, 15, 16, 17, 18, 19, 20, 21, 22, 23, 24, 25, 26, 27, 28, 29]N_out_channelsnum_data_workersN_out_channels
  out_channels25 0
 25
img_size_h[0, 1, 2, 3, 4, 5, 6, 7, 8, 9, 10, 11, 12, 13, 14, 15, 16, 17, 18, 19, 20, 21, 22, 23, 24]
dt 
img_size_h 720N_in_channels 1
 720
img_size_w31
n_history 
img_size_w 1440N_out_channels 0
 1440
patch_size_h25
prediction_type 
patch_size_h 5img_size_h iterative
 5
patch_size_w720
prediction_length 
patch_size_w 5img_size_w 30
 5
loss1440
n_initial_conditions 
loss l2patch_size_h 5
 l2
num_data_workers5
ics_type 
num_data_workers 0patch_size_w default
 0
dt5
save_raw_forecasts 
dt 1loss True
 1
n_historyl2
save_channel 
n_history 0num_data_workers False
 0
prediction_type0
masked_acc 
prediction_type iterativedt False
 iterative
prediction_length1
maskpath 
prediction_length 30n_history None
 30
n_initial_conditions0
perturb 
n_initial_conditions 5prediction_type False
 5
ics_typeiterative
add_grid 
ics_type defaultprediction_length False
 default
save_raw_forecasts30
N_grid_channels 
save_raw_forecasts Truen_initial_conditions 0
 True
save_channel5
gridtype 
save_channel Falseics_type sinusoidal
 False
masked_accdefault
roll 
masked_acc Falsesave_raw_forecasts False
 False
maskpathTrue
num_blocks 
maskpath Nonesave_channel 8
 None
perturbFalse
nettype 
perturb Falsemasked_acc afno
 False
add_gridFalse
patch_size 
add_grid Falsemaskpath 8
 False
N_grid_channelsNone
width 
N_grid_channels 0perturb 56
 0
gridtypeFalse
modes 
gridtype sinusoidaladd_grid 32
 sinusoidal
rollFalse
target 
roll FalseN_grid_channels default
 False
num_blocks0
enable_nhwc 
num_blocks 8gridtype False
 8
nettypesinusoidal
optimizer_type 
nettype afnoroll FusedAdam
 afno
patch_sizeFalse
normalize 
patch_size 8num_blocks True
 8
width8
normalization 
width 56nettype zscore
 56
modesafno
global_mins_path 
modes 32patch_size ./sample_00/train/global_mins.npy
 32
target8
global_maxs_path 
target defaultwidth ./sample_00/train/global_maxs.npy
 default
enable_nhwc56
global_means_path 
enable_nhwc Falsemodes ./sample_00/train/global_means.npy
 False
optimizer_type32
global_stds_path 
optimizer_type FusedAdamtarget ./sample_00/train/global_stds.npy
 FusedAdam
normalizedefault
train_data_path 
normalize Trueenable_nhwc ./sample_00/train
 True
normalizationFalse
valid_data_path 
normalization zscoreoptimizer_type ./sample_00/valid
 zscore
global_mins_pathFusedAdam
test_data_path 
global_mins_path ./sample_00/train/global_mins.npynormalize ./sample_00/test
 ./sample_00/train/global_mins.npy
global_maxs_pathTrue
land_mask 
global_maxs_path ./sample_00/train/global_maxs.npynormalization True
 ./sample_00/train/global_maxs.npy
global_means_pathzscore
land_mask_path 
global_means_path ./sample_00/train/global_means.npyglobal_mins_path ./sample_00/land_mask.h5
 ./sample_00/train/global_means.npy
global_stds_path./sample_00/train/global_mins.npy
orography 
global_stds_path ./sample_00/train/global_stds.npyglobal_maxs_path True
 ./sample_00/train/global_stds.npy
train_data_path./sample_00/train/global_maxs.npy
orography_norm_zscore_path 
train_data_path ./sample_00/trainglobal_means_path ./sample_00/orography_norm_zscore.h5
 ./sample_00/train
valid_data_path./sample_00/train/global_means.npy
orography_norm_maxmin_path 
valid_data_path ./sample_00/validglobal_stds_path ./sample_00/orography_norm_maxmin.h5
 ./sample_00/valid
test_data_path./sample_00/train/global_stds.npy
exp_dir 
test_data_path ./sample_00/testtrain_data_path ./exp
 ./sample_00/test
land_mask./sample_00/train
add_noise 
land_mask Truevalid_data_path False
 True
land_mask_path./sample_00/valid
noise_std 
land_mask_path ./sample_00/land_mask.h5test_data_path 0
 ./sample_00/land_mask.h5
orography./sample_00/test
crop_size_x 
orography Trueland_mask None
 True
orography_norm_zscore_pathTrue
crop_size_y 
orography_norm_zscore_path ./sample_00/orography_norm_zscore.h5land_mask_path None
 ./sample_00/orography_norm_zscore.h5
orography_norm_maxmin_path./sample_00/land_mask.h5
log_to_screen 
orography_norm_maxmin_path ./sample_00/orography_norm_maxmin.h5orography True
 ./sample_00/orography_norm_maxmin.h5
exp_dirTrue
save_checkpoint 
exp_dir ./exporography_norm_zscore_path True
 ./exp
add_noise./sample_00/orography_norm_zscore.h5
plot_animations 
add_noise Falseorography_norm_maxmin_path False
 False
noise_std./sample_00/orography_norm_maxmin.h5
 
noise_std---------------------------------------------------0exp_dir 

 ./exp0
crop_size_x
world_size :add_noise crop_size_x  None 16False
None

crop_size_y
Initialize distributed process group...noise_std crop_size_y
 None 0
None
log_to_screen
crop_size_x log_to_screen True None
True
save_checkpoint
crop_size_y save_checkpoint True None
True
plot_animations
log_to_screen plot_animations False True
False

save_checkpoint True
plot_animations False
---------------------------------------------------
world_size :--------------------------------------------------- ---------------------------------------------------
16

world_size :Initialize distributed process group...world_size : 
 1616

Initialize distributed process group...Initialize distributed process group...

2023-06-08 21:30:58,789 - torch.distributed.distributed_c10d - INFO - Added key: store_based_barrier_key:1 to store for rank: 2
2023-06-08 21:30:58,789 - torch.distributed.distributed_c10d - INFO - Added key: store_based_barrier_key:1 to store for rank: 1
2023-06-08 21:30:58,789 - torch.distributed.distributed_c10d - INFO - Added key: store_based_barrier_key:1 to store for rank: 0
2023-06-08 21:30:58,789 - torch.distributed.distributed_c10d - INFO - Added key: store_based_barrier_key:1 to store for rank: 3
2023-06-08 21:30:59,183 - torch.distributed.distributed_c10d - INFO - Rank 2: Completed store-based barrier for key:store_based_barrier_key:1 with 16 nodes.
2023-06-08 21:30:59,183 - torch.distributed.distributed_c10d - INFO - Rank 1: Completed store-based barrier for key:store_based_barrier_key:1 with 16 nodes.
2023-06-08 21:30:59,183 - torch.distributed.distributed_c10d - INFO - Rank 0: Completed store-based barrier for key:store_based_barrier_key:1 with 16 nodes.
2023-06-08 21:30:59,183 - torch.distributed.distributed_c10d - INFO - Rank 3: Completed store-based barrier for key:store_based_barrier_key:1 with 16 nodes.
2023-06-08 21:30:59,242 - root - INFO - device: cuda:1
2023-06-08 21:30:59,243 - root - INFO - rank 1, begin data loader init
2023-06-08 21:30:59,255 - root - INFO - device: cuda:3
2023-06-08 21:30:59,255 - root - INFO - device: cuda:2
2023-06-08 21:30:59,255 - root - INFO - rank 3, begin data loader init
2023-06-08 21:30:59,255 - root - INFO - rank 2, begin data loader init
2023-06-08 21:30:59,257 - root - INFO - ------------------ Configuration ------------------
2023-06-08 21:30:59,257 - root - INFO - Configuration file: /home/bingxing2/home/scx6115/Ocean_AI_model/config/AFNO.yaml
2023-06-08 21:30:59,257 - root - INFO - Configuration name: afno_backbone
2023-06-08 21:30:59,257 - root - INFO - log_to_wandb True
2023-06-08 21:30:59,258 - root - INFO - lr 0.0005
2023-06-08 21:30:59,258 - root - INFO - batch_size 2
2023-06-08 21:30:59,258 - root - INFO - max_epochs 500
2023-06-08 21:30:59,258 - root - INFO - scheduler CosineAnnealingLR
2023-06-08 21:30:59,258 - root - INFO - in_channels [0, 1, 2, 3, 4, 5, 6, 7, 8, 9, 10, 11, 12, 13, 14, 15, 16, 17, 18, 19, 20, 21, 22, 23, 24, 25, 26, 27, 28, 29]
2023-06-08 21:30:59,258 - root - INFO - out_channels [0, 1, 2, 3, 4, 5, 6, 7, 8, 9, 10, 11, 12, 13, 14, 15, 16, 17, 18, 19, 20, 21, 22, 23, 24]
2023-06-08 21:30:59,258 - root - INFO - N_in_channels 31
2023-06-08 21:30:59,258 - root - INFO - N_out_channels 25
2023-06-08 21:30:59,258 - root - INFO - img_size_h 720
2023-06-08 21:30:59,258 - root - INFO - img_size_w 1440
2023-06-08 21:30:59,258 - root - INFO - patch_size_h 5
2023-06-08 21:30:59,258 - root - INFO - patch_size_w 5
2023-06-08 21:30:59,258 - root - INFO - loss l2
2023-06-08 21:30:59,259 - root - INFO - num_data_workers 0
2023-06-08 21:30:59,259 - root - INFO - dt 1
2023-06-08 21:30:59,259 - root - INFO - n_history 0
2023-06-08 21:30:59,259 - root - INFO - prediction_type iterative
2023-06-08 21:30:59,259 - root - INFO - prediction_length 30
2023-06-08 21:30:59,259 - root - INFO - n_initial_conditions 5
2023-06-08 21:30:59,259 - root - INFO - ics_type default
2023-06-08 21:30:59,259 - root - INFO - save_raw_forecasts True
2023-06-08 21:30:59,259 - root - INFO - save_channel False
2023-06-08 21:30:59,259 - root - INFO - masked_acc False
2023-06-08 21:30:59,259 - root - INFO - maskpath None
2023-06-08 21:30:59,259 - root - INFO - perturb False
2023-06-08 21:30:59,259 - root - INFO - add_grid False
2023-06-08 21:30:59,260 - root - INFO - N_grid_channels 0
2023-06-08 21:30:59,260 - root - INFO - gridtype sinusoidal
2023-06-08 21:30:59,260 - root - INFO - roll False
2023-06-08 21:30:59,260 - root - INFO - num_blocks 8
2023-06-08 21:30:59,260 - root - INFO - nettype afno
2023-06-08 21:30:59,260 - root - INFO - patch_size 8
2023-06-08 21:30:59,260 - root - INFO - width 56
2023-06-08 21:30:59,260 - root - INFO - modes 32
2023-06-08 21:30:59,260 - root - INFO - target default
2023-06-08 21:30:59,260 - root - INFO - enable_nhwc False
2023-06-08 21:30:59,260 - root - INFO - optimizer_type FusedAdam
2023-06-08 21:30:59,260 - root - INFO - normalize True
2023-06-08 21:30:59,261 - root - INFO - normalization zscore
2023-06-08 21:30:59,261 - root - INFO - global_mins_path ./sample_00/train/global_mins.npy
2023-06-08 21:30:59,261 - root - INFO - global_maxs_path ./sample_00/train/global_maxs.npy
2023-06-08 21:30:59,261 - root - INFO - global_means_path ./sample_00/train/global_means.npy
2023-06-08 21:30:59,261 - root - INFO - global_stds_path ./sample_00/train/global_stds.npy
2023-06-08 21:30:59,261 - root - INFO - train_data_path ./sample_00/train
2023-06-08 21:30:59,261 - root - INFO - valid_data_path ./sample_00/valid
2023-06-08 21:30:59,261 - root - INFO - test_data_path ./sample_00/test
2023-06-08 21:30:59,261 - root - INFO - land_mask True
2023-06-08 21:30:59,261 - root - INFO - land_mask_path ./sample_00/land_mask.h5
2023-06-08 21:30:59,261 - root - INFO - orography True
2023-06-08 21:30:59,261 - root - INFO - orography_norm_zscore_path ./sample_00/orography_norm_zscore.h5
2023-06-08 21:30:59,261 - root - INFO - orography_norm_maxmin_path ./sample_00/orography_norm_maxmin.h5
2023-06-08 21:30:59,261 - root - INFO - exp_dir ./exp
2023-06-08 21:30:59,262 - root - INFO - add_noise False
2023-06-08 21:30:59,262 - root - INFO - noise_std 0
2023-06-08 21:30:59,262 - root - INFO - crop_size_x None
2023-06-08 21:30:59,262 - root - INFO - crop_size_y None
2023-06-08 21:30:59,262 - root - INFO - log_to_screen True
2023-06-08 21:30:59,262 - root - INFO - save_checkpoint True
2023-06-08 21:30:59,262 - root - INFO - plot_animations False
2023-06-08 21:30:59,262 - root - INFO - epsilon_factor 0
2023-06-08 21:30:59,262 - root - INFO - world_size 16
2023-06-08 21:30:59,262 - root - INFO - local_rank 0
2023-06-08 21:30:59,262 - root - INFO - global_batch_size 32
2023-06-08 21:30:59,262 - root - INFO - enable_amp True
2023-06-08 21:30:59,262 - root - INFO - experiment_dir /home/bingxing2/home/scx6115/Ocean_AI_model/exp/afno_backbone/20230608-213038
2023-06-08 21:30:59,263 - root - INFO - checkpoint_path ./exp/afno_backbone/20230608-213038/training_checkpoints/ckpt.tar
2023-06-08 21:30:59,263 - root - INFO - best_checkpoint_path ./exp/afno_backbone/20230608-213038/training_checkpoints/best_ckpt.tar
2023-06-08 21:30:59,263 - root - INFO - resuming False
2023-06-08 21:30:59,263 - root - INFO - entity ocean_ai_model
2023-06-08 21:30:59,263 - root - INFO - project ai4science
2023-06-08 21:30:59,263 - root - INFO - group 025_daily
2023-06-08 21:30:59,263 - root - INFO - name afno_backbone_20230608-213038
2023-06-08 21:30:59,263 - root - INFO - ---------------------------------------------------
2023-06-08 21:30:59,289 - root - INFO - Getting file stats from ./sample_00/train/2000.h5
2023-06-08 21:30:59,289 - root - INFO - Getting file stats from ./sample_00/train/2000.h5
2023-06-08 21:30:59,289 - root - INFO - Getting file stats from ./sample_00/train/2000.h5
2023-06-08 21:30:59,291 - root - INFO - Number of samples per year: 365
2023-06-08 21:30:59,291 - root - INFO - Number of samples per year: 365
2023-06-08 21:30:59,291 - root - INFO - Number of samples per year: 365
2023-06-08 21:30:59,291 - root - INFO - Found data at path ./sample_00/train. Number of examples: 1460. Image Shape: 720 x 1440 x 30
2023-06-08 21:30:59,291 - root - INFO - Found data at path ./sample_00/train. Number of examples: 1460. Image Shape: 720 x 1440 x 30
2023-06-08 21:30:59,291 - root - INFO - Found data at path ./sample_00/train. Number of examples: 1460. Image Shape: 720 x 1440 x 30
2023-06-08 21:30:59,291 - root - INFO - Delta t: 1 days
2023-06-08 21:30:59,291 - root - INFO - Delta t: 1 days
2023-06-08 21:30:59,291 - root - INFO - Delta t: 1 days
2023-06-08 21:30:59,291 - root - INFO - Including 0 days of past history in training at a frequency of 1 days
2023-06-08 21:30:59,291 - root - INFO - Including 0 days of past history in training at a frequency of 1 days
2023-06-08 21:30:59,291 - root - INFO - Including 0 days of past history in training at a frequency of 1 days
2023-06-08 21:30:59,337 - root - INFO - Getting file stats from ./sample_00/valid/2006.h5
2023-06-08 21:30:59,337 - root - INFO - Getting file stats from ./sample_00/valid/2006.h5
2023-06-08 21:30:59,337 - root - INFO - Getting file stats from ./sample_00/valid/2006.h5
2023-06-08 21:30:59,338 - root - INFO - Number of samples per year: 364
2023-06-08 21:30:59,338 - root - INFO - Number of samples per year: 364
2023-06-08 21:30:59,338 - root - INFO - Found data at path ./sample_00/valid. Number of examples: 364. Image Shape: 720 x 1440 x 30
2023-06-08 21:30:59,338 - root - INFO - Number of samples per year: 364
2023-06-08 21:30:59,338 - root - INFO - Found data at path ./sample_00/valid. Number of examples: 364. Image Shape: 720 x 1440 x 30
2023-06-08 21:30:59,338 - root - INFO - Delta t: 1 days
2023-06-08 21:30:59,338 - root - INFO - Found data at path ./sample_00/valid. Number of examples: 364. Image Shape: 720 x 1440 x 30
2023-06-08 21:30:59,338 - root - INFO - Delta t: 1 days
2023-06-08 21:30:59,339 - root - INFO - Including 0 days of past history in training at a frequency of 1 days
2023-06-08 21:30:59,339 - root - INFO - Delta t: 1 days
2023-06-08 21:30:59,339 - root - INFO - Including 0 days of past history in training at a frequency of 1 days
2023-06-08 21:30:59,339 - root - INFO - Including 0 days of past history in training at a frequency of 1 days
2023-06-08 21:30:59,339 - root - INFO - rank 1, data loader initialized
2023-06-08 21:30:59,339 - root - INFO - rank 2, data loader initialized
2023-06-08 21:30:59,339 - root - INFO - rank 3, data loader initialized
wandb: Tracking run with wandb version 0.15.3
wandb: W&B syncing is set to `offline` in this directory.  
wandb: Run `wandb online` or set WANDB_MODE=online to enable cloud syncing.
2023-06-08 21:31:09,733 - root - INFO - device: cuda:0
2023-06-08 21:31:09,734 - root - INFO - rank 0, begin data loader init
2023-06-08 21:31:09,737 - root - INFO - Getting file stats from ./sample_00/train/2000.h5
2023-06-08 21:31:09,738 - root - INFO - Number of samples per year: 365
2023-06-08 21:31:09,738 - root - INFO - Found data at path ./sample_00/train. Number of examples: 1460. Image Shape: 720 x 1440 x 30
2023-06-08 21:31:09,739 - root - INFO - Delta t: 1 days
2023-06-08 21:31:09,739 - root - INFO - Including 0 days of past history in training at a frequency of 1 days
2023-06-08 21:31:09,741 - root - INFO - Getting file stats from ./sample_00/valid/2006.h5
2023-06-08 21:31:09,742 - root - INFO - Number of samples per year: 364
2023-06-08 21:31:09,743 - root - INFO - Found data at path ./sample_00/valid. Number of examples: 364. Image Shape: 720 x 1440 x 30
2023-06-08 21:31:09,743 - root - INFO - Delta t: 1 days
2023-06-08 21:31:09,743 - root - INFO - Including 0 days of past history in training at a frequency of 1 days
2023-06-08 21:31:09,743 - root - INFO - rank 0, data loader initialized

paraai-n32-h-01-agent-52:962531:962531 [0] bootstrap.cc:40 NCCL WARN Bootstrap : no socket interface found
paraai-n32-h-01-agent-52:962531:962531 [0] NCCL INFO init.cc:87 -> 3
paraai-n32-h-01-agent-52:962531:962531 [0] NCCL INFO init.cc:105 -> 3
Traceback (most recent call last):
  File "/home/bingxing2/home/scx6115/Ocean_AI_model/train_025_bingxing.py", line 479, in <module>
    trainer = Trainer(params, world_rank)
  File "/home/bingxing2/home/scx6115/Ocean_AI_model/train_025_bingxing.py", line 100, in __init__
    self.model = DistributedDataParallel(self.model,
  File "/home/bingxing2/home/scx6115/.conda/envs/torch2.0/lib/python3.10/site-packages/torch/nn/parallel/distributed.py", line 674, in __init__
    _verify_param_shape_across_processes(self.process_group, parameters)
  File "/home/bingxing2/home/scx6115/.conda/envs/torch2.0/lib/python3.10/site-packages/torch/distributed/utils.py", line 118, in _verify_param_shape_across_processes
    return dist._verify_params_across_processes(process_group, tensors, logger)
torch.distributed.DistBackendError: NCCL error in: /home/bingxing2/home/scx6002/wuxm/2.0.0_cu117_cp310/pytorch/torch/csrc/distributed/c10d/ProcessGroupNCCL.cpp:1207, internal error, NCCL version 2.14.3
ncclInternalError: Internal check failed.
Last error:
Bootstrap : no socket interface found
wandb: Waiting for W&B process to finish... (failed 1).
wandb: You can sync this run to the cloud by running:
wandb: wandb sync /home/bingxing2/home/scx6115/Ocean_AI_model/wandb/offline-run-20230608_213101-isx45b9y
wandb: Find logs at: ./wandb/offline-run-20230608_213101-isx45b9y/logs
WARNING:torch.distributed.elastic.multiprocessing.api:Sending process 962532 closing signal SIGTERM
WARNING:torch.distributed.elastic.multiprocessing.api:Sending process 962533 closing signal SIGTERM
WARNING:torch.distributed.elastic.multiprocessing.api:Sending process 962534 closing signal SIGTERM
ERROR:torch.distributed.elastic.multiprocessing.api:failed (exitcode: 1) local_rank: 0 (pid: 962531) of binary: /home/bingxing2/home/scx6115/.conda/envs/torch2.0/bin/python
