master_addr is only used for static rdzv_backend and when rdzv_endpoint is not specified.
WARNING:torch.distributed.run:
*****************************************
Setting OMP_NUM_THREADS environment variable for each process to be 1 in default, to avoid your system being overloaded, please further tune the variable for optimal performance in your application as needed. 
*****************************************
paraai-n32-h-01-agent-91
0
------------------ Configuration ------------------  /home/bingxing2/home/scx6115/Ocean_AI_model/config/AFNO.yaml
paraai-n32-h-01-agent-91
paraai-n32-h-01-agent-91
paraai-n32-h-01-agent-91
00

------------------ Configuration ------------------ ------------------ Configuration ------------------   /home/bingxing2/home/scx6115/Ocean_AI_model/config/AFNO.yaml0/home/bingxing2/home/scx6115/Ocean_AI_model/config/AFNO.yaml


------------------ Configuration ------------------  /home/bingxing2/home/scx6115/Ocean_AI_model/config/AFNO.yaml
log_to_wandb True
lr 0.0005
batch_size 32
max_epochs 500
scheduler CosineAnnealingLR
in_channels [0, 1, 2, 3, 4, 5, 6, 7, 8, 9, 10, 11, 12, 13, 14, 15, 16, 17, 18, 19, 20, 21, 22, 23, 24, 25, 26, 27, 28, 29]
log_to_wandb Trueout_channels
 lr [0, 1, 2, 3, 4, 5, 6, 7, 8, 9, 10, 11, 12, 13, 14, 15, 16, 17, 18, 19, 20, 21, 22, 23, 24]
N_in_channels0.0005 
31
batch_sizeN_out_channels  3225

img_size_hmax_epochs  720500

img_size_w scheduler1440 
CosineAnnealingLR
patch_size_hin_channels  5
patch_size_w 5
[0, 1, 2, 3, 4, 5, 6, 7, 8, 9, 10, 11, 12, 13, 14, 15, 16, 17, 18, 19, 20, 21, 22, 23, 24, 25, 26, 27, 28, 29]
loss l2
out_channels num_data_workers 8
[0, 1, 2, 3, 4, 5, 6, 7, 8, 9, 10, 11, 12, 13, 14, 15, 16, 17, 18, 19, 20, 21, 22, 23, 24]dt
 1
N_in_channels n_history31 
0
N_out_channelsprediction_type  25iterative

img_size_hprediction_length  72030

img_size_w n_initial_conditions1440 
5
patch_size_h ics_type5 
default
patch_size_w save_raw_forecasts5 
True
losslog_to_wandb save_channell2 
False 
num_data_workersTrue masked_acc
 8False

dtmaskpath  1Nonelr

 n_historyperturb  0False

prediction_type iterativeadd_grid0.0005
 False
prediction_length
 30N_grid_channelsbatch_size
  0n_initial_conditions32
 
5gridtype
 sinusoidalmax_epochsics_type
  roll500 default
False

schedulersave_raw_forecastsnum_blocks   CosineAnnealingLR8True


in_channelsnettypesave_channel   afnoFalse

patch_sizemasked_acc  [0, 1, 2, 3, 4, 5, 6, 7, 8, 9, 10, 11, 12, 13, 14, 15, 16, 17, 18, 19, 20, 21, 22, 23, 24, 25, 26, 27, 28, 29]False8


maskpathwidth  None56out_channels

 perturbmodes  False32

[0, 1, 2, 3, 4, 5, 6, 7, 8, 9, 10, 11, 12, 13, 14, 15, 16, 17, 18, 19, 20, 21, 22, 23, 24]targetadd_grid
  Falsedefault

N_in_channelsN_grid_channelsenable_nhwc   031
False

gridtypeoptimizer_type  sinusoidalN_out_channels
FusedAdam 
rollnormalize 25False 

True
img_size_hnum_blocksnormalization   zscore720
8

global_mins_path nettype./sample_00/train/global_mins.npyimg_size_w 
 afnoglobal_maxs_path 
./sample_00/train/global_maxs.npy1440
patch_size
 global_means_path8 
./sample_00/train/global_means.npy
patch_size_hwidthglobal_stds_path   56./sample_00/train/global_stds.npy
5
modestrain_data_path 
 32./sample_00/train
patch_size_w
target  valid_data_pathdefault5 

./sample_00/validenable_nhwc
 lossFalsetest_data_path 
 l2./sample_00/testoptimizer_type
 
FusedAdamland_masknum_data_workers
  Truenormalize
 8Trueland_mask_path

 ./sample_00/land_mask.h5dt
normalization  orography1zscore 
True

global_mins_pathorography_norm_zscore_pathn_history   ./sample_00/train/global_mins.npy./sample_00/orography_norm_zscore.h50


orography_norm_maxmin_pathglobal_maxs_pathprediction_type  ./sample_00/orography_norm_maxmin.h5./sample_00/train/global_maxs.npy 

iterativeexp_dir global_means_path
./exp 
./sample_00/train/global_means.npyprediction_length
add_noise  global_stds_pathFalse 30
./sample_00/train/global_stds.npy

noise_std train_data_path0n_initial_conditions 
 ./sample_00/traincrop_size_x
 5Nonevalid_data_path
 
./sample_00/validics_type
crop_size_y  test_data_pathdefaultNone 
./sample_00/test

save_raw_forecastslog_to_screenland_mask   TrueTrueTrue


save_channelsave_checkpointland_mask_path   Falselog_to_wandb./sample_00/land_mask.h5True

plot_animations
  masked_accorographyTrueFalse  

FalseTrue

orography_norm_zscore_pathlrmaskpath   ./sample_00/orography_norm_zscore.h5None

orography_norm_maxmin_pathperturb0.0005  
./sample_00/orography_norm_maxmin.h5False
batch_size
exp_dir  add_grid./exp32
 
add_noiseFalse 
False
max_epochs---------------------------------------------------N_grid_channelsnoise_std
   0500
0
crop_size_x
 schedulerNonegridtype world_size :
  crop_size_yCosineAnnealingLR sinusoidal16
None


in_channelsInitialize distributed process group...log_to_screenroll
   TrueFalse

save_checkpoint[0, 1, 2, 3, 4, 5, 6, 7, 8, 9, 10, 11, 12, 13, 14, 15, 16, 17, 18, 19, 20, 21, 22, 23, 24, 25, 26, 27, 28, 29] num_blocksTrue
 
8plot_animations
out_channels nettype False 
afno[0, 1, 2, 3, 4, 5, 6, 7, 8, 9, 10, 11, 12, 13, 14, 15, 16, 17, 18, 19, 20, 21, 22, 23, 24]

patch_size 8N_in_channels
 width31 
56
N_out_channelsmodes  2532

---------------------------------------------------targetimg_size_h
  default720

enable_nhwcimg_size_w  world_size :False1440 16


Initialize distributed process group...optimizer_typepatch_size_h 
 FusedAdam5

normalizepatch_size_w  True5

normalization losszscore 
l2
global_mins_pathnum_data_workers  ./sample_00/train/global_mins.npy8

global_maxs_path dt./sample_00/train/global_maxs.npy 
1global_means_path
 ./sample_00/train/global_means.npyn_history
 global_stds_path0 
./sample_00/train/global_stds.npy
prediction_type train_data_pathiterative 
./sample_00/train
prediction_length valid_data_path30 
./sample_00/valid
n_initial_conditionstest_data_path  5./sample_00/test

ics_type land_maskdefault 
Truesave_raw_forecasts
 land_mask_pathTrue 
./sample_00/land_mask.h5
save_channelorography  FalseTrue

masked_acc orography_norm_zscore_pathFalse 
./sample_00/orography_norm_zscore.h5
maskpathorography_norm_maxmin_path  None./sample_00/orography_norm_maxmin.h5

perturb exp_dirFalse 
./exp
add_grid Falseadd_noise
 N_grid_channelsFalse 0

noise_stdgridtype  0sinusoidal

crop_size_xroll  NoneFalse

crop_size_ynum_blocks  None8

log_to_screen nettypeTrue 
afno
save_checkpointpatch_size  True8

plot_animationswidth  False56

modes 32
target default
enable_nhwc False
optimizer_type FusedAdam
normalize True
normalization zscore
global_mins_path ./sample_00/train/global_mins.npy
global_maxs_path ./sample_00/train/global_maxs.npy
global_means_path ./sample_00/train/global_means.npy
global_stds_path ./sample_00/train/global_stds.npy
train_data_path ./sample_00/train---------------------------------------------------

valid_data_path ./sample_00/valid
test_data_path ./sample_00/test
land_mask True
land_mask_path ./sample_00/land_mask.h5
orography True
world_size : 16orography_norm_zscore_path 
./sample_00/orography_norm_zscore.h5Initialize distributed process group...

orography_norm_maxmin_path ./sample_00/orography_norm_maxmin.h5
exp_dir ./exp
add_noise False
noise_std 0
crop_size_x None
crop_size_y None
log_to_screen True
save_checkpoint True
plot_animations False
---------------------------------------------------
world_size : 16
Initialize distributed process group...
2023-06-09 15:51:37,710 - torch.distributed.distributed_c10d - INFO - Added key: store_based_barrier_key:1 to store for rank: 8
2023-06-09 15:51:37,710 - torch.distributed.distributed_c10d - INFO - Added key: store_based_barrier_key:1 to store for rank: 11
2023-06-09 15:51:37,710 - torch.distributed.distributed_c10d - INFO - Added key: store_based_barrier_key:1 to store for rank: 9
2023-06-09 15:51:37,710 - torch.distributed.distributed_c10d - INFO - Added key: store_based_barrier_key:1 to store for rank: 10
2023-06-09 15:51:37,721 - torch.distributed.distributed_c10d - INFO - Rank 9: Completed store-based barrier for key:store_based_barrier_key:1 with 16 nodes.
2023-06-09 15:51:37,721 - torch.distributed.distributed_c10d - INFO - Rank 11: Completed store-based barrier for key:store_based_barrier_key:1 with 16 nodes.
2023-06-09 15:51:37,721 - torch.distributed.distributed_c10d - INFO - Rank 8: Completed store-based barrier for key:store_based_barrier_key:1 with 16 nodes.
2023-06-09 15:51:37,721 - torch.distributed.distributed_c10d - INFO - Rank 10: Completed store-based barrier for key:store_based_barrier_key:1 with 16 nodes.
2023-06-09 15:51:37,782 - root - INFO - device: cuda:2
2023-06-09 15:51:37,782 - root - INFO - rank 10, begin data loader init
2023-06-09 15:51:37,785 - root - INFO - device: cuda:1
2023-06-09 15:51:37,785 - root - INFO - rank 9, begin data loader init
2023-06-09 15:51:37,789 - root - INFO - device: cuda:3
2023-06-09 15:51:37,789 - root - INFO - rank 11, begin data loader init
2023-06-09 15:51:37,789 - root - INFO - device: cuda:0
2023-06-09 15:51:37,789 - root - INFO - rank 8, begin data loader init
2023-06-09 15:51:37,820 - root - INFO - Getting file stats from ./sample_00/train/2000.h5
2023-06-09 15:51:37,820 - root - INFO - Getting file stats from ./sample_00/train/2000.h5
2023-06-09 15:51:37,820 - root - INFO - Getting file stats from ./sample_00/train/2000.h5
2023-06-09 15:51:37,820 - root - INFO - Getting file stats from ./sample_00/train/2000.h5
2023-06-09 15:51:37,822 - root - INFO - Number of samples per year: 365
2023-06-09 15:51:37,822 - root - INFO - Number of samples per year: 365
2023-06-09 15:51:37,822 - root - INFO - Number of samples per year: 365
2023-06-09 15:51:37,822 - root - INFO - Found data at path ./sample_00/train. Number of examples: 4015. Image Shape: 720 x 1440 x 30
2023-06-09 15:51:37,822 - root - INFO - Found data at path ./sample_00/train. Number of examples: 4015. Image Shape: 720 x 1440 x 30
2023-06-09 15:51:37,822 - root - INFO - Number of samples per year: 365
2023-06-09 15:51:37,822 - root - INFO - Found data at path ./sample_00/train. Number of examples: 4015. Image Shape: 720 x 1440 x 30
2023-06-09 15:51:37,822 - root - INFO - Delta t: 1 days
2023-06-09 15:51:37,822 - root - INFO - Delta t: 1 days
2023-06-09 15:51:37,822 - root - INFO - Found data at path ./sample_00/train. Number of examples: 4015. Image Shape: 720 x 1440 x 30
2023-06-09 15:51:37,822 - root - INFO - Delta t: 1 days
2023-06-09 15:51:37,822 - root - INFO - Including 0 days of past history in training at a frequency of 1 days
2023-06-09 15:51:37,822 - root - INFO - Including 0 days of past history in training at a frequency of 1 days
2023-06-09 15:51:37,822 - root - INFO - Delta t: 1 days
2023-06-09 15:51:37,822 - root - INFO - Including 0 days of past history in training at a frequency of 1 days
2023-06-09 15:51:37,822 - root - INFO - Including 0 days of past history in training at a frequency of 1 days
2023-06-09 15:51:37,868 - root - INFO - Getting file stats from ./sample_00/valid/2011.h5
2023-06-09 15:51:37,868 - root - INFO - Getting file stats from ./sample_00/valid/2011.h5
2023-06-09 15:51:37,868 - root - INFO - Getting file stats from ./sample_00/valid/2011.h5
2023-06-09 15:51:37,868 - root - INFO - Getting file stats from ./sample_00/valid/2011.h5
2023-06-09 15:51:37,869 - root - INFO - Number of samples per year: 364
2023-06-09 15:51:37,869 - root - INFO - Number of samples per year: 364
2023-06-09 15:51:37,869 - root - INFO - Found data at path ./sample_00/valid. Number of examples: 364. Image Shape: 720 x 1440 x 30
2023-06-09 15:51:37,869 - root - INFO - Number of samples per year: 364
2023-06-09 15:51:37,869 - root - INFO - Number of samples per year: 364
2023-06-09 15:51:37,869 - root - INFO - Delta t: 1 days
2023-06-09 15:51:37,869 - root - INFO - Found data at path ./sample_00/valid. Number of examples: 364. Image Shape: 720 x 1440 x 30
2023-06-09 15:51:37,869 - root - INFO - Found data at path ./sample_00/valid. Number of examples: 364. Image Shape: 720 x 1440 x 30
2023-06-09 15:51:37,869 - root - INFO - Found data at path ./sample_00/valid. Number of examples: 364. Image Shape: 720 x 1440 x 30
2023-06-09 15:51:37,869 - root - INFO - Including 0 days of past history in training at a frequency of 1 days
2023-06-09 15:51:37,869 - root - INFO - Delta t: 1 days
2023-06-09 15:51:37,869 - root - INFO - Delta t: 1 days
2023-06-09 15:51:37,869 - root - INFO - Delta t: 1 days
2023-06-09 15:51:37,869 - root - INFO - Including 0 days of past history in training at a frequency of 1 days
2023-06-09 15:51:37,869 - root - INFO - Including 0 days of past history in training at a frequency of 1 days
2023-06-09 15:51:37,869 - root - INFO - Including 0 days of past history in training at a frequency of 1 days
2023-06-09 15:51:37,869 - root - INFO - rank 8, data loader initialized
2023-06-09 15:51:37,869 - root - INFO - rank 11, data loader initialized
2023-06-09 15:51:37,869 - root - INFO - rank 10, data loader initialized
2023-06-09 15:51:37,869 - root - INFO - rank 9, data loader initialized
paraai-n32-h-01-agent-91:1919698:1919698 [3] NCCL INFO cudaDriverVersion 11060
paraai-n32-h-01-agent-91:1919696:1919696 [1] NCCL INFO cudaDriverVersion 11060
paraai-n32-h-01-agent-91:1919695:1919695 [0] NCCL INFO cudaDriverVersion 11060
paraai-n32-h-01-agent-91:1919697:1919697 [2] NCCL INFO cudaDriverVersion 11060
paraai-n32-h-01-agent-91:1919696:1919696 [1] NCCL INFO Bootstrap : Using eth0:172.16.4.106<0>
paraai-n32-h-01-agent-91:1919695:1919695 [0] NCCL INFO Bootstrap : Using eth0:172.16.4.106<0>
paraai-n32-h-01-agent-91:1919697:1919697 [2] NCCL INFO Bootstrap : Using eth0:172.16.4.106<0>
paraai-n32-h-01-agent-91:1919698:1919698 [3] NCCL INFO Bootstrap : Using eth0:172.16.4.106<0>
paraai-n32-h-01-agent-91:1919697:1919697 [2] NCCL INFO NET/Plugin : No plugin found (libnccl-net.so), using internal implementation
paraai-n32-h-01-agent-91:1919696:1919696 [1] NCCL INFO NET/Plugin : No plugin found (libnccl-net.so), using internal implementation
paraai-n32-h-01-agent-91:1919695:1919695 [0] NCCL INFO NET/Plugin : No plugin found (libnccl-net.so), using internal implementation
paraai-n32-h-01-agent-91:1919698:1919698 [3] NCCL INFO NET/Plugin : No plugin found (libnccl-net.so), using internal implementation
paraai-n32-h-01-agent-91:1919696:1920648 [1] NCCL INFO NCCL_IB_DISABLE set by environment to 0.
paraai-n32-h-01-agent-91:1919695:1920647 [0] NCCL INFO NCCL_IB_DISABLE set by environment to 0.
paraai-n32-h-01-agent-91:1919697:1920649 [2] NCCL INFO NCCL_IB_DISABLE set by environment to 0.
paraai-n32-h-01-agent-91:1919698:1920650 [3] NCCL INFO NCCL_IB_DISABLE set by environment to 0.
paraai-n32-h-01-agent-91:1919698:1920650 [3] NCCL INFO NET/IB : Using [0]mlx5_0:1/RoCE [1]mlx5_1:1/RoCE [2]mlx5_2:1/RoCE [3]mlx5_3:1/RoCE [RO]; OOB eth0:172.16.4.106<0>
paraai-n32-h-01-agent-91:1919698:1920650 [3] NCCL INFO Using network IB
paraai-n32-h-01-agent-91:1919695:1920647 [0] NCCL INFO NET/IB : Using [0]mlx5_0:1/RoCE [1]mlx5_1:1/RoCE [2]mlx5_2:1/RoCE [3]mlx5_3:1/RoCE [RO]; OOB eth0:172.16.4.106<0>
paraai-n32-h-01-agent-91:1919695:1920647 [0] NCCL INFO Using network IB
paraai-n32-h-01-agent-91:1919696:1920648 [1] NCCL INFO NET/IB : Using [0]mlx5_0:1/RoCE [1]mlx5_1:1/RoCE [2]mlx5_2:1/RoCE [3]mlx5_3:1/RoCE [RO]; OOB eth0:172.16.4.106<0>
paraai-n32-h-01-agent-91:1919696:1920648 [1] NCCL INFO Using network IB
paraai-n32-h-01-agent-91:1919697:1920649 [2] NCCL INFO NET/IB : Using [0]mlx5_0:1/RoCE [1]mlx5_1:1/RoCE [2]mlx5_2:1/RoCE [3]mlx5_3:1/RoCE [RO]; OOB eth0:172.16.4.106<0>
paraai-n32-h-01-agent-91:1919697:1920649 [2] NCCL INFO Using network IB
paraai-n32-h-01-agent-91:1919696:1920648 [1] NCCL INFO Setting affinity for GPU 1 to ffffffff
paraai-n32-h-01-agent-91:1919698:1920650 [3] NCCL INFO Setting affinity for GPU 3 to ffffffff,00000000,00000000
paraai-n32-h-01-agent-91:1919697:1920649 [2] NCCL INFO Setting affinity for GPU 2 to ffffffff,00000000,00000000
paraai-n32-h-01-agent-91:1919695:1920647 [0] NCCL INFO Setting affinity for GPU 0 to ffffffff
paraai-n32-h-01-agent-91:1919697:1920649 [2] NCCL INFO Trees [0] 11/-1/-1->10->9 [1] 11/-1/-1->10->9
paraai-n32-h-01-agent-91:1919695:1920647 [0] NCCL INFO Trees [0] 9/12/-1->8->0 [1] 9/-1/-1->8->5
paraai-n32-h-01-agent-91:1919698:1920650 [3] NCCL INFO Trees [0] -1/-1/-1->11->10 [1] -1/-1/-1->11->10
paraai-n32-h-01-agent-91:1919696:1920648 [1] NCCL INFO Trees [0] 10/4/-1->9->8 [1] 10/-1/-1->9->8
paraai-n32-h-01-agent-91:1919697:1920649 [2] NCCL INFO Channel 00 : 10[81000] -> 11[82000] via SHM/direct/direct
paraai-n32-h-01-agent-91:1919697:1920649 [2] NCCL INFO Channel 01 : 10[81000] -> 11[82000] via SHM/direct/direct
paraai-n32-h-01-agent-91:1919696:1920648 [1] NCCL INFO Channel 00 : 9[2000] -> 10[81000] via SHM/direct/direct
paraai-n32-h-01-agent-91:1919696:1920648 [1] NCCL INFO Channel 01 : 9[2000] -> 10[81000] via SHM/direct/direct
paraai-n32-h-01-agent-91:1919695:1920647 [0] NCCL INFO Channel 00/0 : 7[82000] -> 8[1000] [receive] via NET/IB/0
paraai-n32-h-01-agent-91:1919695:1920647 [0] NCCL INFO Channel 01/0 : 7[82000] -> 8[1000] [receive] via NET/IB/0
paraai-n32-h-01-agent-91:1919695:1920647 [0] NCCL INFO Channel 00 : 8[1000] -> 9[2000] via SHM/direct/direct
paraai-n32-h-01-agent-91:1919695:1920647 [0] NCCL INFO Channel 01 : 8[1000] -> 9[2000] via SHM/direct/direct
paraai-n32-h-01-agent-91:1919696:1920648 [1] NCCL INFO Connected all rings
paraai-n32-h-01-agent-91:1919695:1920711 [0] NCCL INFO NCCL_IB_GID_INDEX set by environment to 3.
paraai-n32-h-01-agent-91:1919695:1920711 [0] NCCL INFO NCCL_IB_TIMEOUT set by environment to 23.
paraai-n32-h-01-agent-91:1919695:1920711 [0] NCCL INFO NCCL_IB_RETRY_CNT set by environment to 7.
paraai-n32-h-01-agent-91:1919695:1920647 [0] NCCL INFO Connected all rings
paraai-n32-h-01-agent-91:1919698:1920650 [3] NCCL INFO Channel 00/0 : 11[82000] -> 12[1000] [send] via NET/IB/0
paraai-n32-h-01-agent-91:1919695:1920647 [0] NCCL INFO Channel 01/0 : 5[2000] -> 8[1000] [receive] via NET/IB/0
paraai-n32-h-01-agent-91:1919698:1920650 [3] NCCL INFO Channel 01/0 : 11[82000] -> 12[1000] [send] via NET/IB/0
paraai-n32-h-01-agent-91:1919697:1920649 [2] NCCL INFO Connected all rings
paraai-n32-h-01-agent-91:1919698:1920710 [3] NCCL INFO NCCL_IB_GID_INDEX set by environment to 3.
paraai-n32-h-01-agent-91:1919697:1920649 [2] NCCL INFO Channel 00 : 10[81000] -> 9[2000] via SHM/direct/direct
paraai-n32-h-01-agent-91:1919697:1920649 [2] NCCL INFO Channel 01 : 10[81000] -> 9[2000] via SHM/direct/direct
paraai-n32-h-01-agent-91:1919698:1920650 [3] NCCL INFO Connected all rings
paraai-n32-h-01-agent-91:1919698:1920650 [3] NCCL INFO Channel 00 : 11[82000] -> 10[81000] via SHM/direct/direct
paraai-n32-h-01-agent-91:1919698:1920650 [3] NCCL INFO Channel 01 : 11[82000] -> 10[81000] via SHM/direct/direct
paraai-n32-h-01-agent-91:1919698:1920650 [3] NCCL INFO Connected all trees
paraai-n32-h-01-agent-91:1919698:1920650 [3] NCCL INFO threadThresholds 8/8/64 | 128/8/64 | 512 | 512
paraai-n32-h-01-agent-91:1919698:1920650 [3] NCCL INFO 2 coll channels, 2 p2p channels, 2 p2p channels per peer
paraai-n32-h-01-agent-91:1919696:1920648 [1] NCCL INFO Channel 00/0 : 4[1000] -> 9[2000] [receive] via NET/IB/0
paraai-n32-h-01-agent-91:1919696:1920709 [1] NCCL INFO NCCL_IB_GID_INDEX set by environment to 3.
paraai-n32-h-01-agent-91:1919696:1920709 [1] NCCL INFO NCCL_IB_TIMEOUT set by environment to 23.
paraai-n32-h-01-agent-91:1919696:1920709 [1] NCCL INFO NCCL_IB_RETRY_CNT set by environment to 7.
paraai-n32-h-01-agent-91:1919695:1920647 [0] NCCL INFO Channel 00/0 : 8[1000] -> 12[1000] [send] via NET/IB/0
paraai-n32-h-01-agent-91:1919696:1920648 [1] NCCL INFO Channel 00/0 : 9[2000] -> 4[1000] [send] via NET/IB/0
paraai-n32-h-01-agent-91:1919695:1920647 [0] NCCL INFO Channel 00/0 : 0[1000] -> 8[1000] [receive] via NET/IB/0
paraai-n32-h-01-agent-91:1919695:1920647 [0] NCCL INFO Channel 00/0 : 8[1000] -> 0[1000] [send] via NET/IB/0
paraai-n32-h-01-agent-91:1919695:1920647 [0] NCCL INFO Channel 00/0 : 12[1000] -> 8[1000] [receive] via NET/IB/0
paraai-n32-h-01-agent-91:1919696:1920648 [1] NCCL INFO Channel 00 : 9[2000] -> 8[1000] via SHM/direct/direct
paraai-n32-h-01-agent-91:1919696:1920648 [1] NCCL INFO Channel 01 : 9[2000] -> 8[1000] via SHM/direct/direct
paraai-n32-h-01-agent-91:1919697:1920649 [2] NCCL INFO Connected all trees
paraai-n32-h-01-agent-91:1919697:1920649 [2] NCCL INFO threadThresholds 8/8/64 | 128/8/64 | 512 | 512
paraai-n32-h-01-agent-91:1919697:1920649 [2] NCCL INFO 2 coll channels, 2 p2p channels, 2 p2p channels per peer
paraai-n32-h-01-agent-91:1919695:1920647 [0] NCCL INFO Channel 01/0 : 8[1000] -> 5[2000] [send] via NET/IB/0
paraai-n32-h-01-agent-91:1919695:1920647 [0] NCCL INFO Connected all trees
paraai-n32-h-01-agent-91:1919695:1920647 [0] NCCL INFO threadThresholds 8/8/64 | 128/8/64 | 512 | 512
paraai-n32-h-01-agent-91:1919695:1920647 [0] NCCL INFO 2 coll channels, 2 p2p channels, 2 p2p channels per peer
paraai-n32-h-01-agent-91:1919696:1920648 [1] NCCL INFO Connected all trees
paraai-n32-h-01-agent-91:1919696:1920648 [1] NCCL INFO threadThresholds 8/8/64 | 128/8/64 | 512 | 512
paraai-n32-h-01-agent-91:1919696:1920648 [1] NCCL INFO 2 coll channels, 2 p2p channels, 2 p2p channels per peer
paraai-n32-h-01-agent-91:1919697:1920649 [2] NCCL INFO comm 0x421c5940 rank 10 nranks 16 cudaDev 2 busId 81000 - Init COMPLETE
paraai-n32-h-01-agent-91:1919695:1920647 [0] NCCL INFO comm 0x32b07a00 rank 8 nranks 16 cudaDev 0 busId 1000 - Init COMPLETE
paraai-n32-h-01-agent-91:1919696:1920648 [1] NCCL INFO comm 0x6847f1b0 rank 9 nranks 16 cudaDev 1 busId 2000 - Init COMPLETE
paraai-n32-h-01-agent-91:1919698:1920650 [3] NCCL INFO comm 0x1fd09180 rank 11 nranks 16 cudaDev 3 busId 82000 - Init COMPLETE
paraai-n32-h-01-agent-91:1919698:1920714 [3] NCCL INFO NCCL_IB_TIMEOUT set by environment to 23.
paraai-n32-h-01-agent-91:1919698:1920714 [3] NCCL INFO NCCL_IB_RETRY_CNT set by environment to 7.
srun: Job step aborted: Waiting up to 32 seconds for job step to finish.
slurmstepd: error: *** STEP 20184.0 ON paraai-n32-h-01-agent-91 CANCELLED AT 2023-06-09T15:54:28 ***
WARNING:torch.distributed.elastic.agent.server.api:Received 15 death signal, shutting down workers
WARNING:torch.distributed.elastic.multiprocessing.api:Sending process 1919695 closing signal SIGTERM
WARNING:torch.distributed.elastic.multiprocessing.api:Sending process 1919696 closing signal SIGTERM
WARNING:torch.distributed.elastic.multiprocessing.api:Sending process 1919697 closing signal SIGTERM
WARNING:torch.distributed.elastic.multiprocessing.api:Sending process 1919698 closing signal SIGTERM
