WARNING:torch.distributed.run:
*****************************************
Setting OMP_NUM_THREADS environment variable for each process to be 1 in default, to avoid your system being overloaded, please further tune the variable for optimal performance in your application as needed. 
*****************************************
paraai-n32-h-01-agent-94
0
------------------ Configuration ------------------  /home/bingxing2/home/scx6115/Ocean_AI_model/config/AFNO.yaml
paraai-n32-h-01-agent-94
0
------------------ Configuration ------------------  /home/bingxing2/home/scx6115/Ocean_AI_model/config/AFNO.yaml
paraai-n32-h-01-agent-94
0
------------------ Configuration ------------------  /home/bingxing2/home/scx6115/Ocean_AI_model/config/AFNO.yaml
paraai-n32-h-01-agent-94
0
------------------ Configuration ------------------  /home/bingxing2/home/scx6115/Ocean_AI_model/config/AFNO.yaml
log_to_wandb True
lr 0.0005
batch_size 32
max_epochs 500
scheduler CosineAnnealingLR
in_channels [0, 1, 2, 3, 4, 5, 6, 7, 8, 9, 10, 11, 12, 13, 14, 15, 16, 17, 18, 19, 20, 21, 22, 23, 24, 25, 26, 27, 28, 29]
out_channels [0, 1, 2, 3, 4, 5, 6, 7, 8, 9, 10, 11, 12, 13, 14, 15, 16, 17, 18, 19, 20, 21, 22, 23, 24]
N_in_channels 31
N_out_channels 25
img_size_hlog_to_wandb  720True

img_size_w 1440
lr patch_size_h 5
0.0005
patch_size_w 5batch_size
 32loss
 max_epochsl2 
500
num_data_workers scheduler 0CosineAnnealingLR

dtin_channels  1
n_history 0[0, 1, 2, 3, 4, 5, 6, 7, 8, 9, 10, 11, 12, 13, 14, 15, 16, 17, 18, 19, 20, 21, 22, 23, 24, 25, 26, 27, 28, 29]

prediction_typeout_channels  iterative
prediction_length[0, 1, 2, 3, 4, 5, 6, 7, 8, 9, 10, 11, 12, 13, 14, 15, 16, 17, 18, 19, 20, 21, 22, 23, 24] 
30
N_in_channels n_initial_conditions31 
5
N_out_channels ics_type25 
defaultimg_size_h
 720save_raw_forecasts
 img_size_wTrue 
1440
save_channelpatch_size_h  False5

masked_accpatch_size_w  False5

maskpathloss  Nonel2

perturbnum_data_workers  False0

add_griddt  False1

N_grid_channelsn_history  00

gridtypeprediction_type  sinusoidaliterative

rollprediction_length  False30

num_blocks n_initial_conditions8 
5
nettypeics_type  afnodefault

patch_size 8save_raw_forecasts
 Truewidth
 56save_channel
 modesFalse 
32
masked_acctarget  Falsedefault

maskpathenable_nhwc  NoneFalse

perturb Falseoptimizer_type
 FusedAdam
add_gridnormalize  FalseTrue

N_grid_channelsnormalization  0zscore

gridtype sinusoidalglobal_mins_path
 ./sample_00/train/global_mins.npyroll 
False
global_maxs_path num_blocks./sample_00/train/global_maxs.npy 
8
global_means_pathnettype  ./sample_00/train/global_means.npyafno

patch_sizeglobal_stds_path  8./sample_00/train/global_stds.npy

widthtrain_data_path  56./sample_00/train

modesvalid_data_path  32./sample_00/valid

targettest_data_path  default./sample_00/test

enable_nhwcland_mask  FalseTrue

optimizer_typeland_mask_path  FusedAdam./sample_00/land_mask.h5

normalizeorography  TrueTrue

normalizationorography_norm_zscore_path  zscore./sample_00/orography_norm_zscore.h5

orography_norm_maxmin_pathglobal_mins_path  ./sample_00/orography_norm_maxmin.h5./sample_00/train/global_mins.npy

exp_dirglobal_maxs_path  ./exp./sample_00/train/global_maxs.npy

global_means_path add_noise ./sample_00/train/global_means.npyFalse

noise_stdglobal_stds_path  0./sample_00/train/global_stds.npy

crop_size_xtrain_data_path  None./sample_00/train

valid_data_pathcrop_size_y  ./sample_00/validNone

log_to_screentest_data_path  True./sample_00/test

land_masksave_checkpoint  TrueTrue

plot_animationsland_mask_path  False./sample_00/land_mask.h5

orography True
orography_norm_zscore_path ./sample_00/orography_norm_zscore.h5
orography_norm_maxmin_path ./sample_00/orography_norm_maxmin.h5
exp_dir ./exp
add_noise False
noise_std 0
crop_size_x None
crop_size_y None
log_to_screen ---------------------------------------------------True

save_checkpoint True
plot_animations False
world_size : 16
Initialize distributed process group...
---------------------------------------------------
world_size : 16
Initialize distributed process group...
2023-06-08 20:46:35,534 - torch.distributed.distributed_c10d - INFO - Added key: store_based_barrier_key:1 to store for rank: 13
2023-06-08 20:46:35,534 - torch.distributed.distributed_c10d - INFO - Added key: store_based_barrier_key:1 to store for rank: 12
log_to_wandb True
lr 0.0005
batch_size 32
max_epochs 500
scheduler CosineAnnealingLR
in_channels [0, 1, 2, 3, 4, 5, 6, 7, 8, 9, 10, 11, 12, 13, 14, 15, 16, 17, 18, 19, 20, 21, 22, 23, 24, 25, 26, 27, 28, 29]
out_channels [0, 1, 2, 3, 4, 5, 6, 7, 8, 9, 10, 11, 12, 13, 14, 15, 16, 17, 18, 19, 20, 21, 22, 23, 24]
N_in_channels 31
N_out_channels 25
img_size_h 720
img_size_w 1440
patch_size_h 5
patch_size_w 5
loss l2
num_data_workers 0
dt 1
n_history 0
prediction_type iterative
prediction_length 30
n_initial_conditions 5
ics_type default
save_raw_forecasts True
save_channel False
masked_acc False
maskpath None
perturb False
add_grid False
N_grid_channels 0
gridtype sinusoidal
roll False
num_blocks 8
nettype afno
patch_size 8
width 56
modes 32
target default
enable_nhwc False
optimizer_type FusedAdam
normalize True
normalization zscore
global_mins_path ./sample_00/train/global_mins.npy
global_maxs_path ./sample_00/train/global_maxs.npy
global_means_path ./sample_00/train/global_means.npy
global_stds_path ./sample_00/train/global_stds.npy
train_data_path ./sample_00/train
valid_data_path ./sample_00/valid
test_data_path ./sample_00/test
land_mask True
land_mask_path ./sample_00/land_mask.h5
orography True
orography_norm_zscore_path ./sample_00/orography_norm_zscore.h5
orography_norm_maxmin_path ./sample_00/orography_norm_maxmin.h5
exp_dir ./exp
add_noise False
noise_std 0
crop_size_x None
crop_size_y None
log_to_screen True
save_checkpoint True
plot_animations False
---------------------------------------------------
world_size : 16
Initialize distributed process group...
log_to_wandb True
lr 0.0005
batch_size 32
max_epochs 500
scheduler CosineAnnealingLR
in_channels [0, 1, 2, 3, 4, 5, 6, 7, 8, 9, 10, 11, 12, 13, 14, 15, 16, 17, 18, 19, 20, 21, 22, 23, 24, 25, 26, 27, 28, 29]
out_channels [0, 1, 2, 3, 4, 5, 6, 7, 8, 9, 10, 11, 12, 13, 14, 15, 16, 17, 18, 19, 20, 21, 22, 23, 24]
N_in_channels 31
N_out_channels 25
img_size_h 720
img_size_w 1440
patch_size_h 5
patch_size_w 5
loss l2
num_data_workers 0
dt 1
n_history 0
prediction_type iterative
prediction_length 30
n_initial_conditions 5
ics_type default
save_raw_forecasts True
save_channel False
masked_acc False
maskpath None
perturb False
add_grid False
N_grid_channels 0
gridtype sinusoidal
roll False
num_blocks 8
nettype afno
patch_size 8
width 56
modes 32
target default
enable_nhwc False
optimizer_type FusedAdam
normalize True
normalization zscore
global_mins_path ./sample_00/train/global_mins.npy
global_maxs_path ./sample_00/train/global_maxs.npy
global_means_path ./sample_00/train/global_means.npy
global_stds_path ./sample_00/train/global_stds.npy
train_data_path ./sample_00/train
valid_data_path ./sample_00/valid
test_data_path ./sample_00/test
land_mask True
land_mask_path ./sample_00/land_mask.h5
orography True
orography_norm_zscore_path ./sample_00/orography_norm_zscore.h5
orography_norm_maxmin_path ./sample_00/orography_norm_maxmin.h5
exp_dir ./exp
add_noise False
noise_std 0
crop_size_x None
crop_size_y None
log_to_screen True
save_checkpoint True
plot_animations False
---------------------------------------------------
world_size : 16
Initialize distributed process group...
2023-06-08 20:46:35,543 - torch.distributed.distributed_c10d - INFO - Added key: store_based_barrier_key:1 to store for rank: 14
2023-06-08 20:46:35,545 - torch.distributed.distributed_c10d - INFO - Added key: store_based_barrier_key:1 to store for rank: 15
2023-06-08 20:46:39,241 - torch.distributed.distributed_c10d - INFO - Rank 14: Completed store-based barrier for key:store_based_barrier_key:1 with 16 nodes.
2023-06-08 20:46:39,241 - torch.distributed.distributed_c10d - INFO - Rank 13: Completed store-based barrier for key:store_based_barrier_key:1 with 16 nodes.
2023-06-08 20:46:39,241 - torch.distributed.distributed_c10d - INFO - Rank 12: Completed store-based barrier for key:store_based_barrier_key:1 with 16 nodes.
2023-06-08 20:46:39,241 - torch.distributed.distributed_c10d - INFO - Rank 15: Completed store-based barrier for key:store_based_barrier_key:1 with 16 nodes.
2023-06-08 20:46:39,324 - root - INFO - device: cuda:2
2023-06-08 20:46:39,324 - root - INFO - rank 14, begin data loader init
2023-06-08 20:46:39,335 - root - INFO - Getting file stats from ./sample_00/train/2000.h5
2023-06-08 20:46:39,337 - root - INFO - Number of samples per year: 365
2023-06-08 20:46:39,337 - root - INFO - Found data at path ./sample_00/train. Number of examples: 1460. Image Shape: 720 x 1440 x 30
2023-06-08 20:46:39,337 - root - INFO - Delta t: 1 days
2023-06-08 20:46:39,337 - root - INFO - Including 0 days of past history in training at a frequency of 1 days
2023-06-08 20:46:39,350 - root - INFO - device: cuda:3
2023-06-08 20:46:39,350 - root - INFO - rank 15, begin data loader init
2023-06-08 20:46:39,350 - root - INFO - device: cuda:1
2023-06-08 20:46:39,350 - root - INFO - rank 13, begin data loader init
2023-06-08 20:46:39,351 - root - INFO - device: cuda:0
2023-06-08 20:46:39,352 - root - INFO - rank 12, begin data loader init
2023-06-08 20:46:39,352 - root - INFO - Getting file stats from ./sample_00/train/2000.h5
2023-06-08 20:46:39,352 - root - INFO - Getting file stats from ./sample_00/train/2000.h5
2023-06-08 20:46:39,353 - root - INFO - Number of samples per year: 365
2023-06-08 20:46:39,353 - root - INFO - Number of samples per year: 365
2023-06-08 20:46:39,353 - root - INFO - Found data at path ./sample_00/train. Number of examples: 1460. Image Shape: 720 x 1440 x 30
2023-06-08 20:46:39,353 - root - INFO - Found data at path ./sample_00/train. Number of examples: 1460. Image Shape: 720 x 1440 x 30
2023-06-08 20:46:39,353 - root - INFO - Getting file stats from ./sample_00/train/2000.h5
2023-06-08 20:46:39,353 - root - INFO - Delta t: 1 days
2023-06-08 20:46:39,353 - root - INFO - Delta t: 1 days
2023-06-08 20:46:39,353 - root - INFO - Including 0 days of past history in training at a frequency of 1 days
2023-06-08 20:46:39,353 - root - INFO - Including 0 days of past history in training at a frequency of 1 days
2023-06-08 20:46:39,354 - root - INFO - Number of samples per year: 365
2023-06-08 20:46:39,354 - root - INFO - Found data at path ./sample_00/train. Number of examples: 1460. Image Shape: 720 x 1440 x 30
2023-06-08 20:46:39,354 - root - INFO - Delta t: 1 days
2023-06-08 20:46:39,354 - root - INFO - Including 0 days of past history in training at a frequency of 1 days
2023-06-08 20:46:39,377 - root - INFO - Getting file stats from ./sample_00/valid/2006.h5
2023-06-08 20:46:39,377 - root - INFO - Getting file stats from ./sample_00/valid/2006.h5
2023-06-08 20:46:39,377 - root - INFO - Getting file stats from ./sample_00/valid/2006.h5
2023-06-08 20:46:39,377 - root - INFO - Getting file stats from ./sample_00/valid/2006.h5
2023-06-08 20:46:39,378 - root - INFO - Number of samples per year: 364
2023-06-08 20:46:39,378 - root - INFO - Found data at path ./sample_00/valid. Number of examples: 364. Image Shape: 720 x 1440 x 30
2023-06-08 20:46:39,378 - root - INFO - Number of samples per year: 364
2023-06-08 20:46:39,378 - root - INFO - Delta t: 1 days
2023-06-08 20:46:39,378 - root - INFO - Number of samples per year: 364
2023-06-08 20:46:39,378 - root - INFO - Number of samples per year: 364
2023-06-08 20:46:39,378 - root - INFO - Including 0 days of past history in training at a frequency of 1 days
2023-06-08 20:46:39,378 - root - INFO - Found data at path ./sample_00/valid. Number of examples: 364. Image Shape: 720 x 1440 x 30
2023-06-08 20:46:39,378 - root - INFO - Found data at path ./sample_00/valid. Number of examples: 364. Image Shape: 720 x 1440 x 30
2023-06-08 20:46:39,378 - root - INFO - Delta t: 1 days
2023-06-08 20:46:39,378 - root - INFO - Delta t: 1 days
2023-06-08 20:46:39,378 - root - INFO - Found data at path ./sample_00/valid. Number of examples: 364. Image Shape: 720 x 1440 x 30
2023-06-08 20:46:39,378 - root - INFO - Including 0 days of past history in training at a frequency of 1 days
2023-06-08 20:46:39,379 - root - INFO - Including 0 days of past history in training at a frequency of 1 days
2023-06-08 20:46:39,379 - root - INFO - Delta t: 1 days
2023-06-08 20:46:39,379 - root - INFO - rank 12, data loader initialized
2023-06-08 20:46:39,379 - root - INFO - Including 0 days of past history in training at a frequency of 1 days
2023-06-08 20:46:39,379 - root - INFO - rank 15, data loader initialized
2023-06-08 20:46:39,379 - root - INFO - rank 13, data loader initialized
2023-06-08 20:46:39,379 - root - INFO - rank 14, data loader initialized
Traceback (most recent call last):
Traceback (most recent call last):
Traceback (most recent call last):
  File "/home/bingxing2/home/scx6115/Ocean_AI_model/train_025_bingxing.py", line 479, in <module>
  File "/home/bingxing2/home/scx6115/Ocean_AI_model/train_025_bingxing.py", line 479, in <module>
  File "/home/bingxing2/home/scx6115/Ocean_AI_model/train_025_bingxing.py", line 479, in <module>
Traceback (most recent call last):
  File "/home/bingxing2/home/scx6115/Ocean_AI_model/train_025_bingxing.py", line 479, in <module>
        trainer = Trainer(params, world_rank)trainer = Trainer(params, world_rank)

  File "/home/bingxing2/home/scx6115/Ocean_AI_model/train_025_bingxing.py", line 77, in __init__
  File "/home/bingxing2/home/scx6115/Ocean_AI_model/train_025_bingxing.py", line 77, in __init__
    trainer = Trainer(params, world_rank)
  File "/home/bingxing2/home/scx6115/Ocean_AI_model/train_025_bingxing.py", line 77, in __init__
    trainer = Trainer(params, world_rank)
  File "/home/bingxing2/home/scx6115/Ocean_AI_model/train_025_bingxing.py", line 77, in __init__
        from networks.afnonet import AFNONet as modelfrom networks.afnonet import AFNONet as model

  File "/home/bingxing2/home/scx6115/Ocean_AI_model/networks/afnonet.py", line 22, in <module>
  File "/home/bingxing2/home/scx6115/Ocean_AI_model/networks/afnonet.py", line 22, in <module>
    from networks.afnonet import AFNONet as model
  File "/home/bingxing2/home/scx6115/Ocean_AI_model/networks/afnonet.py", line 22, in <module>
    from networks.afnonet import AFNONet as model
  File "/home/bingxing2/home/scx6115/Ocean_AI_model/networks/afnonet.py", line 22, in <module>
            from einops import rearrange, repeatfrom einops import rearrange, repeatfrom einops import rearrange, repeat


ModuleNotFoundErrorModuleNotFoundErrorModuleNotFoundError: : : No module named 'einops'No module named 'einops'No module named 'einops'


    from einops import rearrange, repeat
ModuleNotFoundError: No module named 'einops'
ERROR:torch.distributed.elastic.multiprocessing.api:failed (exitcode: 1) local_rank: 0 (pid: 2587925) of binary: /home/bingxing2/home/scx6115/.conda/envs/torch2.0/bin/python
Traceback (most recent call last):
  File "/home/bingxing2/home/scx6115/.conda/envs/torch2.0/bin/torchrun", line 8, in <module>
    sys.exit(main())
  File "/home/bingxing2/home/scx6115/.conda/envs/torch2.0/lib/python3.10/site-packages/torch/distributed/elastic/multiprocessing/errors/__init__.py", line 346, in wrapper
    return f(*args, **kwargs)
  File "/home/bingxing2/home/scx6115/.conda/envs/torch2.0/lib/python3.10/site-packages/torch/distributed/run.py", line 794, in main
    run(args)
  File "/home/bingxing2/home/scx6115/.conda/envs/torch2.0/lib/python3.10/site-packages/torch/distributed/run.py", line 785, in run
    elastic_launch(
  File "/home/bingxing2/home/scx6115/.conda/envs/torch2.0/lib/python3.10/site-packages/torch/distributed/launcher/api.py", line 134, in __call__
    return launch_agent(self._config, self._entrypoint, list(args))
  File "/home/bingxing2/home/scx6115/.conda/envs/torch2.0/lib/python3.10/site-packages/torch/distributed/launcher/api.py", line 250, in launch_agent
    raise ChildFailedError(
torch.distributed.elastic.multiprocessing.errors.ChildFailedError: 
============================================================
train_025_bingxing.py FAILED
------------------------------------------------------------
Failures:
[1]:
  time      : 2023-06-08_20:46:45
  host      : paraai-n32-h-01-agent-94.paraai-n32-h-01.com
  rank      : 13 (local_rank: 1)
  exitcode  : 1 (pid: 2587926)
  error_file: <N/A>
  traceback : To enable traceback see: https://pytorch.org/docs/stable/elastic/errors.html
[2]:
  time      : 2023-06-08_20:46:45
  host      : paraai-n32-h-01-agent-94.paraai-n32-h-01.com
  rank      : 14 (local_rank: 2)
  exitcode  : 1 (pid: 2587927)
  error_file: <N/A>
  traceback : To enable traceback see: https://pytorch.org/docs/stable/elastic/errors.html
[3]:
  time      : 2023-06-08_20:46:45
  host      : paraai-n32-h-01-agent-94.paraai-n32-h-01.com
  rank      : 15 (local_rank: 3)
  exitcode  : 1 (pid: 2587928)
  error_file: <N/A>
  traceback : To enable traceback see: https://pytorch.org/docs/stable/elastic/errors.html
------------------------------------------------------------
Root Cause (first observed failure):
[0]:
  time      : 2023-06-08_20:46:45
  host      : paraai-n32-h-01-agent-94.paraai-n32-h-01.com
  rank      : 12 (local_rank: 0)
  exitcode  : 1 (pid: 2587925)
  error_file: <N/A>
  traceback : To enable traceback see: https://pytorch.org/docs/stable/elastic/errors.html
============================================================
srun: error: paraai-n32-h-01-agent-94: task 0: Exited with exit code 1
