master_addr is only used for static rdzv_backend and when rdzv_endpoint is not specified.
WARNING:torch.distributed.run:
*****************************************
Setting OMP_NUM_THREADS environment variable for each process to be 1 in default, to avoid your system being overloaded, please further tune the variable for optimal performance in your application as needed. 
*****************************************
paraai-n32-h-01-agent-92
0
------------------ Configuration ------------------  /home/bingxing2/home/scx6115/Ocean_AI_model/config/Model.yaml
paraai-n32-h-01-agent-92
0
------------------ Configuration ------------------  /home/bingxing2/home/scx6115/Ocean_AI_model/config/Model.yaml
paraai-n32-h-01-agent-92
0
------------------ Configuration ------------------  /home/bingxing2/home/scx6115/Ocean_AI_model/config/Model.yaml
paraai-n32-h-01-agent-92
0
------------------ Configuration ------------------  /home/bingxing2/home/scx6115/Ocean_AI_model/config/Model.yaml
nettype Masked_AE_fusion
log_to_wandb True
lr 0.001
batch_size 32
max_epochs 100
nettypescheduler CosineAnnealingLR 
Masked_AE_fusion
fusion_3d_2d True
in_chans log_to_wandb31 
True
out_chans lr25 
in_channels 0.001
batch_size 32[0, 1, 2, 3, 4, 5, 6, 7, 8, 9, 10, 11, 12, 13, 14, 15, 16, 17, 18, 19, 20, 21, 22, 23, 24, 25, 26, 27, 28, 29]

max_epochs out_channels100 
scheduler [0, 1, 2, 3, 4, 5, 6, 7, 8, 9, 10, 11, 12, 13, 14, 15, 16, 17, 18, 19, 20, 21, 22, 23, 24]CosineAnnealingLR

fusion_3d_2dimg_size_h  True720

in_chansimg_size_w  311440

out_chanspatch_size_h  2516

in_channelspatch_size_w  16
patch_size_d 2[0, 1, 2, 3, 4, 5, 6, 7, 8, 9, 10, 11, 12, 13, 14, 15, 16, 17, 18, 19, 20, 21, 22, 23, 24, 25, 26, 27, 28, 29]

mlp_ratio out_channels4.0 
in_chans_2d [0, 1, 2, 3, 4, 5, 6, 7, 8, 9, 10, 11, 12, 13, 14, 15, 16, 17, 18, 19, 20, 21, 22, 23, 24]7

img_size_h out_chans_2d720 
1
img_size_w in_chans_3d1440 
4
patch_size_h out_chans_3d16 
4
patch_size_w var_depth16 
6
patch_size_d 2embed_dim
 512
mlp_ratiodepth  4.016

in_chans_2dnum_heads  716

out_chans_2ddecoder_embed_dim  1512

decoder_depthin_chans_3d  84

decoder_num_heads out_chans_3d16 
4
drop_rate var_depth0.0 
6
drop_path_rate 0.0embed_dim
 512sparsity_threshold
 depth0.01 
16
hard_thresholding_fraction 1.0num_heads
 16
num_blocks decoder_embed_dim8 
512
loss decoder_depthl2 
8
num_data_workers decoder_num_heads0 
16
dt drop_rate1 
0.0n_history
 0drop_path_rate
 0.0prediction_type
 iterativesparsity_threshold
 prediction_length0.01 
41
hard_thresholding_fraction n_initial_conditions1.0 
5
num_blocks 8ics_type
 defaultloss
 l2date_strings
 num_data_workers['2018-09-14 00:00:00'] 
0
save_raw_forecasts dtTrue 
1
save_channel n_historyFalse 
0
masked_acc Falseprediction_type
 iterative
maskpath prediction_lengthNone 
41
perturb Falsen_initial_conditions
 5add_grid
 False
ics_type N_grid_channelsdefault 
0
date_strings gridtype ['2018-09-14 00:00:00']sinusoidal

save_raw_forecastsroll  TrueFalse

save_channelenable_nhwc  FalseFalse

masked_accoptimizer_type  FalseFusedAdam

maskpathexp_dir  None./exp

perturb patch_sizeFalse 
8
add_grid widthFalse 
56
N_grid_channels modes0 
32
gridtype targetsinusoidal 
default
roll train_data_pathFalse 
/home/bingxing2/home/scx6115/Ocean_AI_model/sample_00/train
enable_nhwc valid_data_pathFalse 
/home/bingxing2/home/scx6115/Ocean_AI_model/sample_00/valid
optimizer_type test_data_pathFusedAdam 
/home/bingxing2/home/scx6115/Ocean_AI_model/sample_00/test
exp_dir land_mask./exp 
True
patch_sizeland_mask_path  8/home/bingxing2/home/scx6115/Ocean_AI_model/sample_00/land_mask.h5

widthnormalize  56True

modesnormalization  32zscore

targetglobal_mins_path  default/home/bingxing2/home/scx6115/Ocean_AI_model/sample_00/train/global_mins.npy

global_maxs_pathtrain_data_path  /home/bingxing2/home/scx6115/Ocean_AI_model/sample_00/train/global_maxs.npy/home/bingxing2/home/scx6115/Ocean_AI_model/sample_00/train

global_means_path /home/bingxing2/home/scx6115/Ocean_AI_model/sample_00/train/global_means.npyvalid_data_path
 /home/bingxing2/home/scx6115/Ocean_AI_model/sample_00/validglobal_stds_path
 /home/bingxing2/home/scx6115/Ocean_AI_model/sample_00/train/global_stds.npytest_data_path
 /home/bingxing2/home/scx6115/Ocean_AI_model/sample_00/testorography
 True
land_mask orography_norm_zscore_pathTrue 
/home/bingxing2/home/scx6115/Ocean_AI_model/sample_00/orography_norm_zscore.h5
land_mask_path orography_norm_maxmin_path/home/bingxing2/home/scx6115/Ocean_AI_model/sample_00/land_mask.h5 
/home/bingxing2/home/scx6115/Ocean_AI_model/sample_00/orography_norm_maxmin.h5
normalizeadd_noise  TrueFalse

noise_stdnormalization  0zscore

crop_size_xglobal_mins_path  None/home/bingxing2/home/scx6115/Ocean_AI_model/sample_00/train/global_mins.npy

crop_size_yglobal_maxs_path  None/home/bingxing2/home/scx6115/Ocean_AI_model/sample_00/train/global_maxs.npy

log_to_screenglobal_means_path  True/home/bingxing2/home/scx6115/Ocean_AI_model/sample_00/train/global_means.npy

save_checkpoint global_stds_pathTrue 
/home/bingxing2/home/scx6115/Ocean_AI_model/sample_00/train/global_stds.npy
plot_animations orographyFalse 
True
orography_norm_zscore_path /home/bingxing2/home/scx6115/Ocean_AI_model/sample_00/orography_norm_zscore.h5
orography_norm_maxmin_path /home/bingxing2/home/scx6115/Ocean_AI_model/sample_00/orography_norm_maxmin.h5
add_noise False
noise_std 0
crop_size_x None
crop_size_y None
log_to_screen True
save_checkpoint True
plot_animations False
---------------------------------------------------
world_size : 16
Initialize distributed process group...
---------------------------------------------------
world_size : 16
Initialize distributed process group...
2023-06-13 15:43:05,743 - torch.distributed.distributed_c10d - INFO - Added key: store_based_barrier_key:1 to store for rank: 8
2023-06-13 15:43:05,743 - torch.distributed.distributed_c10d - INFO - Added key: store_based_barrier_key:1 to store for rank: 9
nettype Masked_AE_fusion
log_to_wandb True
lr 0.001
batch_size 32
max_epochs 100
scheduler CosineAnnealingLR
fusion_3d_2d True
in_chans 31
out_chans 25
in_channels [0, 1, 2, 3, 4, 5, 6, 7, 8, 9, 10, 11, 12, 13, 14, 15, 16, 17, 18, 19, 20, 21, 22, 23, 24, 25, 26, 27, 28, 29]
out_channels [0, 1, 2, 3, 4, 5, 6, 7, 8, 9, 10, 11, 12, 13, 14, 15, 16, 17, 18, 19, 20, 21, 22, 23, 24]
img_size_h 720
img_size_w 1440
patch_size_h 16
patch_size_w 16
patch_size_d 2
mlp_ratio 4.0
in_chans_2d 7
out_chans_2d 1
in_chans_3d 4
out_chans_3d 4
var_depth 6
embed_dim 512
depth 16
num_heads 16
decoder_embed_dim 512
decoder_depth 8
decoder_num_heads 16
drop_rate 0.0
drop_path_rate 0.0
sparsity_threshold 0.01
hard_thresholding_fraction 1.0
num_blocks 8
loss l2
num_data_workers 0
dt 1
n_history 0
prediction_type iterative
prediction_length 41
n_initial_conditions 5
ics_type default
date_strings ['2018-09-14 00:00:00']
save_raw_forecasts True
save_channel False
masked_acc False
maskpath None
perturb False
add_grid False
N_grid_channels 0
gridtype sinusoidal
roll False
enable_nhwc False
optimizer_type FusedAdam
exp_dir ./exp
patch_size 8
width 56
modes 32
target default
train_data_path /home/bingxing2/home/scx6115/Ocean_AI_model/sample_00/train
valid_data_path /home/bingxing2/home/scx6115/Ocean_AI_model/sample_00/valid
test_data_path /home/bingxing2/home/scx6115/Ocean_AI_model/sample_00/test
land_mask True
land_mask_path /home/bingxing2/home/scx6115/Ocean_AI_model/sample_00/land_mask.h5
normalize True
normalization zscore
global_mins_path /home/bingxing2/home/scx6115/Ocean_AI_model/sample_00/train/global_mins.npy
global_maxs_path /home/bingxing2/home/scx6115/Ocean_AI_model/sample_00/train/global_maxs.npy
global_means_path /home/bingxing2/home/scx6115/Ocean_AI_model/sample_00/train/global_means.npy
global_stds_path /home/bingxing2/home/scx6115/Ocean_AI_model/sample_00/train/global_stds.npy
orography True
orography_norm_zscore_path /home/bingxing2/home/scx6115/Ocean_AI_model/sample_00/orography_norm_zscore.h5
orography_norm_maxmin_path /home/bingxing2/home/scx6115/Ocean_AI_model/sample_00/orography_norm_maxmin.h5
add_noise False
noise_std 0
crop_size_x None
crop_size_y None
log_to_screen True
save_checkpoint True
plot_animations False
---------------------------------------------------
world_size : 16
Initialize distributed process group...
2023-06-13 15:43:05,747 - torch.distributed.distributed_c10d - INFO - Added key: store_based_barrier_key:1 to store for rank: 10
nettype Masked_AE_fusion
log_to_wandb True
lr 0.001
batch_size 32
max_epochs 100
scheduler CosineAnnealingLR
fusion_3d_2d True
in_chans 31
out_chans 25
in_channels [0, 1, 2, 3, 4, 5, 6, 7, 8, 9, 10, 11, 12, 13, 14, 15, 16, 17, 18, 19, 20, 21, 22, 23, 24, 25, 26, 27, 28, 29]
out_channels [0, 1, 2, 3, 4, 5, 6, 7, 8, 9, 10, 11, 12, 13, 14, 15, 16, 17, 18, 19, 20, 21, 22, 23, 24]
img_size_h 720
img_size_w 1440
patch_size_h 16
patch_size_w 16
patch_size_d 2
mlp_ratio 4.0
in_chans_2d 7
out_chans_2d 1
in_chans_3d 4
out_chans_3d 4
var_depth 6
embed_dim 512
depth 16
num_heads 16
decoder_embed_dim 512
decoder_depth 8
decoder_num_heads 16
drop_rate 0.0
drop_path_rate 0.0
sparsity_threshold 0.01
hard_thresholding_fraction 1.0
num_blocks 8
loss l2
num_data_workers 0
dt 1
n_history 0
prediction_type iterative
prediction_length 41
n_initial_conditions 5
ics_type default
date_strings ['2018-09-14 00:00:00']
save_raw_forecasts True
save_channel False
masked_acc False
maskpath None
perturb False
add_grid False
N_grid_channels 0
gridtype sinusoidal
roll False
enable_nhwc False
optimizer_type FusedAdam
exp_dir ./exp
patch_size 8
width 56
modes 32
target default
train_data_path /home/bingxing2/home/scx6115/Ocean_AI_model/sample_00/train
valid_data_path /home/bingxing2/home/scx6115/Ocean_AI_model/sample_00/valid
test_data_path /home/bingxing2/home/scx6115/Ocean_AI_model/sample_00/test
land_mask True
land_mask_path /home/bingxing2/home/scx6115/Ocean_AI_model/sample_00/land_mask.h5
normalize True
normalization zscore
global_mins_path /home/bingxing2/home/scx6115/Ocean_AI_model/sample_00/train/global_mins.npy
global_maxs_path /home/bingxing2/home/scx6115/Ocean_AI_model/sample_00/train/global_maxs.npy
global_means_path /home/bingxing2/home/scx6115/Ocean_AI_model/sample_00/train/global_means.npy
global_stds_path /home/bingxing2/home/scx6115/Ocean_AI_model/sample_00/train/global_stds.npy
orography True
orography_norm_zscore_path /home/bingxing2/home/scx6115/Ocean_AI_model/sample_00/orography_norm_zscore.h5
orography_norm_maxmin_path /home/bingxing2/home/scx6115/Ocean_AI_model/sample_00/orography_norm_maxmin.h5
add_noise False
noise_std 0
crop_size_x None
crop_size_y None
log_to_screen True
save_checkpoint True
plot_animations False
---------------------------------------------------
world_size : 16
Initialize distributed process group...
2023-06-13 15:43:05,754 - torch.distributed.distributed_c10d - INFO - Added key: store_based_barrier_key:1 to store for rank: 11
2023-06-13 15:43:06,136 - torch.distributed.distributed_c10d - INFO - Rank 10: Completed store-based barrier for key:store_based_barrier_key:1 with 16 nodes.
2023-06-13 15:43:06,142 - torch.distributed.distributed_c10d - INFO - Rank 8: Completed store-based barrier for key:store_based_barrier_key:1 with 16 nodes.
2023-06-13 15:43:06,142 - torch.distributed.distributed_c10d - INFO - Rank 9: Completed store-based barrier for key:store_based_barrier_key:1 with 16 nodes.
2023-06-13 15:43:06,142 - torch.distributed.distributed_c10d - INFO - Rank 11: Completed store-based barrier for key:store_based_barrier_key:1 with 16 nodes.
2023-06-13 15:43:06,193 - root - INFO - device: cuda:2
2023-06-13 15:43:06,194 - root - INFO - rank 10, begin data loader init
2023-06-13 15:43:06,197 - root - INFO - Getting file stats from /home/bingxing2/home/scx6115/Ocean_AI_model/sample_00/train/2000.h5
2023-06-13 15:43:06,198 - root - INFO - Number of samples per year: 250
2023-06-13 15:43:06,198 - root - INFO - Found data at path /home/bingxing2/home/scx6115/Ocean_AI_model/sample_00/train. Number of examples: 2750. Image Shape: 720 x 1440 x 30
2023-06-13 15:43:06,198 - root - INFO - Delta t: 1 days
2023-06-13 15:43:06,198 - root - INFO - Including 0 days of past history in training at a frequency of 1 days
2023-06-13 15:43:06,198 - root - INFO - device: cuda:0
2023-06-13 15:43:06,198 - root - INFO - rank 8, begin data loader init
2023-06-13 15:43:06,200 - root - INFO - Getting file stats from /home/bingxing2/home/scx6115/Ocean_AI_model/sample_00/train/2000.h5
2023-06-13 15:43:06,200 - root - INFO - device: cuda:1
2023-06-13 15:43:06,200 - root - INFO - rank 9, begin data loader init
2023-06-13 15:43:06,200 - root - INFO - Getting file stats from /home/bingxing2/home/scx6115/Ocean_AI_model/sample_00/valid/2011.h5
2023-06-13 15:43:06,201 - root - INFO - Number of samples per year: 250
2023-06-13 15:43:06,201 - root - INFO - Found data at path /home/bingxing2/home/scx6115/Ocean_AI_model/sample_00/train. Number of examples: 2750. Image Shape: 720 x 1440 x 30
2023-06-13 15:43:06,201 - root - INFO - Delta t: 1 days
2023-06-13 15:43:06,201 - root - INFO - Including 0 days of past history in training at a frequency of 1 days
2023-06-13 15:43:06,201 - root - INFO - Number of samples per year: 250
2023-06-13 15:43:06,201 - root - INFO - Found data at path /home/bingxing2/home/scx6115/Ocean_AI_model/sample_00/valid. Number of examples: 250. Image Shape: 720 x 1440 x 30
2023-06-13 15:43:06,201 - root - INFO - Delta t: 1 days
2023-06-13 15:43:06,201 - root - INFO - Including 0 days of past history in training at a frequency of 1 days
2023-06-13 15:43:06,201 - root - INFO - rank 10, data loader initialized
2023-06-13 15:43:06,202 - root - INFO - Getting file stats from /home/bingxing2/home/scx6115/Ocean_AI_model/sample_00/train/2000.h5
2023-06-13 15:43:06,203 - root - INFO - Getting file stats from /home/bingxing2/home/scx6115/Ocean_AI_model/sample_00/valid/2011.h5
2023-06-13 15:43:06,203 - root - INFO - Number of samples per year: 250
2023-06-13 15:43:06,203 - root - INFO - Found data at path /home/bingxing2/home/scx6115/Ocean_AI_model/sample_00/train. Number of examples: 2750. Image Shape: 720 x 1440 x 30
2023-06-13 15:43:06,203 - root - INFO - device: cuda:3
2023-06-13 15:43:06,203 - root - INFO - Delta t: 1 days
2023-06-13 15:43:06,203 - root - INFO - rank 11, begin data loader init
2023-06-13 15:43:06,203 - root - INFO - Including 0 days of past history in training at a frequency of 1 days
2023-06-13 15:43:06,203 - root - INFO - Number of samples per year: 250
2023-06-13 15:43:06,203 - root - INFO - Found data at path /home/bingxing2/home/scx6115/Ocean_AI_model/sample_00/valid. Number of examples: 250. Image Shape: 720 x 1440 x 30
2023-06-13 15:43:06,203 - root - INFO - Delta t: 1 days
2023-06-13 15:43:06,204 - root - INFO - Including 0 days of past history in training at a frequency of 1 days
2023-06-13 15:43:06,204 - root - INFO - rank 8, data loader initialized
2023-06-13 15:43:06,204 - root - INFO - Getting file stats from /home/bingxing2/home/scx6115/Ocean_AI_model/sample_00/valid/2011.h5
2023-06-13 15:43:06,205 - root - INFO - Getting file stats from /home/bingxing2/home/scx6115/Ocean_AI_model/sample_00/train/2000.h5
2023-06-13 15:43:06,205 - root - INFO - Number of samples per year: 250
2023-06-13 15:43:06,205 - root - INFO - Found data at path /home/bingxing2/home/scx6115/Ocean_AI_model/sample_00/valid. Number of examples: 250. Image Shape: 720 x 1440 x 30
2023-06-13 15:43:06,205 - root - INFO - Delta t: 1 days
2023-06-13 15:43:06,205 - root - INFO - Including 0 days of past history in training at a frequency of 1 days
2023-06-13 15:43:06,206 - root - INFO - rank 9, data loader initialized
2023-06-13 15:43:06,206 - root - INFO - Number of samples per year: 250
2023-06-13 15:43:06,206 - root - INFO - Found data at path /home/bingxing2/home/scx6115/Ocean_AI_model/sample_00/train. Number of examples: 2750. Image Shape: 720 x 1440 x 30
2023-06-13 15:43:06,206 - root - INFO - Delta t: 1 days
2023-06-13 15:43:06,206 - root - INFO - Including 0 days of past history in training at a frequency of 1 days
2023-06-13 15:43:06,208 - root - INFO - Getting file stats from /home/bingxing2/home/scx6115/Ocean_AI_model/sample_00/valid/2011.h5
2023-06-13 15:43:06,208 - root - INFO - Number of samples per year: 250
2023-06-13 15:43:06,209 - root - INFO - Found data at path /home/bingxing2/home/scx6115/Ocean_AI_model/sample_00/valid. Number of examples: 250. Image Shape: 720 x 1440 x 30
2023-06-13 15:43:06,209 - root - INFO - Delta t: 1 days
2023-06-13 15:43:06,209 - root - INFO - Including 0 days of past history in training at a frequency of 1 days
2023-06-13 15:43:06,209 - root - INFO - rank 11, data loader initialized
paraai-n32-h-01-agent-92:3161658:3161658 [3] NCCL INFO cudaDriverVersion 11060
paraai-n32-h-01-agent-92:3161656:3161656 [1] NCCL INFO cudaDriverVersion 11060
paraai-n32-h-01-agent-92:3161657:3161657 [2] NCCL INFO cudaDriverVersion 11060
paraai-n32-h-01-agent-92:3161655:3161655 [0] NCCL INFO cudaDriverVersion 11060
paraai-n32-h-01-agent-92:3161655:3161655 [0] NCCL INFO Bootstrap : Using eth0:172.16.4.68<0>
paraai-n32-h-01-agent-92:3161656:3161656 [1] NCCL INFO Bootstrap : Using eth0:172.16.4.68<0>
paraai-n32-h-01-agent-92:3161657:3161657 [2] NCCL INFO Bootstrap : Using eth0:172.16.4.68<0>
paraai-n32-h-01-agent-92:3161658:3161658 [3] NCCL INFO Bootstrap : Using eth0:172.16.4.68<0>
paraai-n32-h-01-agent-92:3161656:3161656 [1] NCCL INFO NET/Plugin : No plugin found (libnccl-net.so), using internal implementation
paraai-n32-h-01-agent-92:3161657:3161657 [2] NCCL INFO NET/Plugin : No plugin found (libnccl-net.so), using internal implementation
paraai-n32-h-01-agent-92:3161658:3161658 [3] NCCL INFO NET/Plugin : No plugin found (libnccl-net.so), using internal implementation
paraai-n32-h-01-agent-92:3161655:3161655 [0] NCCL INFO NET/Plugin : No plugin found (libnccl-net.so), using internal implementation
paraai-n32-h-01-agent-92:3161657:3164844 [2] NCCL INFO NCCL_IB_DISABLE set by environment to 0.
paraai-n32-h-01-agent-92:3161656:3164845 [1] NCCL INFO NCCL_IB_DISABLE set by environment to 0.
paraai-n32-h-01-agent-92:3161655:3164846 [0] NCCL INFO NCCL_IB_DISABLE set by environment to 0.
paraai-n32-h-01-agent-92:3161658:3164847 [3] NCCL INFO NCCL_IB_DISABLE set by environment to 0.
paraai-n32-h-01-agent-92:3161658:3164847 [3] NCCL INFO NET/IB : Using [0]mlx5_0:1/RoCE [1]mlx5_1:1/RoCE [2]mlx5_2:1/RoCE [3]mlx5_3:1/RoCE [RO]; OOB eth0:172.16.4.68<0>
paraai-n32-h-01-agent-92:3161658:3164847 [3] NCCL INFO Using network IB
paraai-n32-h-01-agent-92:3161656:3164845 [1] NCCL INFO NET/IB : Using [0]mlx5_0:1/RoCE [1]mlx5_1:1/RoCE [2]mlx5_2:1/RoCE [3]mlx5_3:1/RoCE [RO]; OOB eth0:172.16.4.68<0>
paraai-n32-h-01-agent-92:3161656:3164845 [1] NCCL INFO Using network IB
paraai-n32-h-01-agent-92:3161655:3164846 [0] NCCL INFO NET/IB : Using [0]mlx5_0:1/RoCE [1]mlx5_1:1/RoCE [2]mlx5_2:1/RoCE [3]mlx5_3:1/RoCE [RO]; OOB eth0:172.16.4.68<0>
paraai-n32-h-01-agent-92:3161655:3164846 [0] NCCL INFO Using network IB
paraai-n32-h-01-agent-92:3161657:3164844 [2] NCCL INFO NET/IB : Using [0]mlx5_0:1/RoCE [1]mlx5_1:1/RoCE [2]mlx5_2:1/RoCE [3]mlx5_3:1/RoCE [RO]; OOB eth0:172.16.4.68<0>
paraai-n32-h-01-agent-92:3161657:3164844 [2] NCCL INFO Using network IB
paraai-n32-h-01-agent-92:3161657:3164844 [2] NCCL INFO Setting affinity for GPU 2 to ffffffff,00000000,00000000
paraai-n32-h-01-agent-92:3161658:3164847 [3] NCCL INFO Setting affinity for GPU 3 to ffffffff,00000000,00000000
paraai-n32-h-01-agent-92:3161655:3164846 [0] NCCL INFO Setting affinity for GPU 0 to ffffffff
paraai-n32-h-01-agent-92:3161656:3164845 [1] NCCL INFO Setting affinity for GPU 1 to ffffffff
paraai-n32-h-01-agent-92:3161658:3164847 [3] NCCL INFO Trees [0] -1/-1/-1->11->10 [1] -1/-1/-1->11->10
paraai-n32-h-01-agent-92:3161655:3164846 [0] NCCL INFO Trees [0] 9/12/-1->8->0 [1] 9/-1/-1->8->5
paraai-n32-h-01-agent-92:3161657:3164844 [2] NCCL INFO Trees [0] 11/-1/-1->10->9 [1] 11/-1/-1->10->9
paraai-n32-h-01-agent-92:3161656:3164845 [1] NCCL INFO Trees [0] 10/4/-1->9->8 [1] 10/-1/-1->9->8
paraai-n32-h-01-agent-92:3161657:3164844 [2] NCCL INFO Channel 00 : 10[81000] -> 11[82000] via SHM/direct/direct
paraai-n32-h-01-agent-92:3161656:3164845 [1] NCCL INFO Channel 00 : 9[2000] -> 10[81000] via SHM/direct/direct
paraai-n32-h-01-agent-92:3161657:3164844 [2] NCCL INFO Channel 01 : 10[81000] -> 11[82000] via SHM/direct/direct
paraai-n32-h-01-agent-92:3161656:3164845 [1] NCCL INFO Channel 01 : 9[2000] -> 10[81000] via SHM/direct/direct
paraai-n32-h-01-agent-92:3161658:3164847 [3] NCCL INFO Channel 00/0 : 11[82000] -> 12[1000] [send] via NET/IB/0
paraai-n32-h-01-agent-92:3161655:3164846 [0] NCCL INFO Channel 00/0 : 7[82000] -> 8[1000] [receive] via NET/IB/0
paraai-n32-h-01-agent-92:3161658:3164847 [3] NCCL INFO Channel 01/0 : 11[82000] -> 12[1000] [send] via NET/IB/0
paraai-n32-h-01-agent-92:3161655:3164846 [0] NCCL INFO Channel 01/0 : 7[82000] -> 8[1000] [receive] via NET/IB/0
paraai-n32-h-01-agent-92:3161655:3164846 [0] NCCL INFO Channel 00 : 8[1000] -> 9[2000] via SHM/direct/direct
paraai-n32-h-01-agent-92:3161655:3164846 [0] NCCL INFO Channel 01 : 8[1000] -> 9[2000] via SHM/direct/direct
paraai-n32-h-01-agent-92:3161657:3164844 [2] NCCL INFO Connected all rings
paraai-n32-h-01-agent-92:3161656:3164845 [1] NCCL INFO Connected all rings
paraai-n32-h-01-agent-92:3161655:3164910 [0] NCCL INFO NCCL_IB_GID_INDEX set by environment to 3.
paraai-n32-h-01-agent-92:3161657:3164844 [2] NCCL INFO Channel 00 : 10[81000] -> 9[2000] via SHM/direct/direct
paraai-n32-h-01-agent-92:3161657:3164844 [2] NCCL INFO Channel 01 : 10[81000] -> 9[2000] via SHM/direct/direct
paraai-n32-h-01-agent-92:3161655:3164910 [0] NCCL INFO NCCL_IB_TIMEOUT set by environment to 23.
paraai-n32-h-01-agent-92:3161655:3164910 [0] NCCL INFO NCCL_IB_RETRY_CNT set by environment to 7.
paraai-n32-h-01-agent-92:3161655:3164846 [0] NCCL INFO Connected all rings
paraai-n32-h-01-agent-92:3161655:3164846 [0] NCCL INFO Channel 01/0 : 5[2000] -> 8[1000] [receive] via NET/IB/0
paraai-n32-h-01-agent-92:3161658:3164909 [3] NCCL INFO NCCL_IB_GID_INDEX set by environment to 3.
paraai-n32-h-01-agent-92:3161658:3164847 [3] NCCL INFO Connected all rings
paraai-n32-h-01-agent-92:3161658:3164847 [3] NCCL INFO Channel 00 : 11[82000] -> 10[81000] via SHM/direct/direct
paraai-n32-h-01-agent-92:3161658:3164847 [3] NCCL INFO Channel 01 : 11[82000] -> 10[81000] via SHM/direct/direct
paraai-n32-h-01-agent-92:3161658:3164847 [3] NCCL INFO Connected all trees
paraai-n32-h-01-agent-92:3161658:3164847 [3] NCCL INFO threadThresholds 8/8/64 | 128/8/64 | 512 | 512
paraai-n32-h-01-agent-92:3161658:3164847 [3] NCCL INFO 2 coll channels, 2 p2p channels, 2 p2p channels per peer
paraai-n32-h-01-agent-92:3161655:3164846 [0] NCCL INFO Channel 00/0 : 8[1000] -> 12[1000] [send] via NET/IB/0
paraai-n32-h-01-agent-92:3161656:3164845 [1] NCCL INFO Channel 00/0 : 4[1000] -> 9[2000] [receive] via NET/IB/0
paraai-n32-h-01-agent-92:3161655:3164846 [0] NCCL INFO Channel 00/0 : 0[1000] -> 8[1000] [receive] via NET/IB/0
paraai-n32-h-01-agent-92:3161656:3164911 [1] NCCL INFO NCCL_IB_GID_INDEX set by environment to 3.
paraai-n32-h-01-agent-92:3161656:3164911 [1] NCCL INFO NCCL_IB_TIMEOUT set by environment to 23.
paraai-n32-h-01-agent-92:3161656:3164911 [1] NCCL INFO NCCL_IB_RETRY_CNT set by environment to 7.
paraai-n32-h-01-agent-92:3161655:3164846 [0] NCCL INFO Channel 00/0 : 8[1000] -> 0[1000] [send] via NET/IB/0
paraai-n32-h-01-agent-92:3161656:3164845 [1] NCCL INFO Channel 00/0 : 9[2000] -> 4[1000] [send] via NET/IB/0
paraai-n32-h-01-agent-92:3161655:3164846 [0] NCCL INFO Channel 00/0 : 12[1000] -> 8[1000] [receive] via NET/IB/0
paraai-n32-h-01-agent-92:3161656:3164845 [1] NCCL INFO Channel 00 : 9[2000] -> 8[1000] via SHM/direct/direct
paraai-n32-h-01-agent-92:3161656:3164845 [1] NCCL INFO Channel 01 : 9[2000] -> 8[1000] via SHM/direct/direct
paraai-n32-h-01-agent-92:3161657:3164844 [2] NCCL INFO Connected all trees
paraai-n32-h-01-agent-92:3161657:3164844 [2] NCCL INFO threadThresholds 8/8/64 | 128/8/64 | 512 | 512
paraai-n32-h-01-agent-92:3161657:3164844 [2] NCCL INFO 2 coll channels, 2 p2p channels, 2 p2p channels per peer
paraai-n32-h-01-agent-92:3161655:3164846 [0] NCCL INFO Channel 01/0 : 8[1000] -> 5[2000] [send] via NET/IB/0
paraai-n32-h-01-agent-92:3161655:3164846 [0] NCCL INFO Connected all trees
paraai-n32-h-01-agent-92:3161655:3164846 [0] NCCL INFO threadThresholds 8/8/64 | 128/8/64 | 512 | 512
paraai-n32-h-01-agent-92:3161655:3164846 [0] NCCL INFO 2 coll channels, 2 p2p channels, 2 p2p channels per peer
paraai-n32-h-01-agent-92:3161656:3164845 [1] NCCL INFO Connected all trees
paraai-n32-h-01-agent-92:3161656:3164845 [1] NCCL INFO threadThresholds 8/8/64 | 128/8/64 | 512 | 512
paraai-n32-h-01-agent-92:3161656:3164845 [1] NCCL INFO 2 coll channels, 2 p2p channels, 2 p2p channels per peer
paraai-n32-h-01-agent-92:3161658:3164847 [3] NCCL INFO comm 0x7889a5a0 rank 11 nranks 16 cudaDev 3 busId 82000 - Init COMPLETE
paraai-n32-h-01-agent-92:3161655:3164846 [0] NCCL INFO comm 0x4053ec00 rank 8 nranks 16 cudaDev 0 busId 1000 - Init COMPLETE
paraai-n32-h-01-agent-92:3161658:3164912 [3] NCCL INFO NCCL_IB_TIMEOUT set by environment to 23.
paraai-n32-h-01-agent-92:3161658:3164912 [3] NCCL INFO NCCL_IB_RETRY_CNT set by environment to 7.
paraai-n32-h-01-agent-92:3161656:3164845 [1] NCCL INFO comm 0x21ec3f40 rank 9 nranks 16 cudaDev 1 busId 2000 - Init COMPLETE
paraai-n32-h-01-agent-92:3161657:3164844 [2] NCCL INFO comm 0x2139bec0 rank 10 nranks 16 cudaDev 2 busId 81000 - Init COMPLETE
srun: Job step aborted: Waiting up to 32 seconds for job step to finish.
slurmstepd: error: *** STEP 21276.0 ON paraai-n32-h-01-agent-92 CANCELLED AT 2023-06-13T17:48:59 ***
WARNING:torch.distributed.elastic.agent.server.api:Received 15 death signal, shutting down workers
WARNING:torch.distributed.elastic.multiprocessing.api:Sending process 3161655 closing signal SIGTERM
WARNING:torch.distributed.elastic.multiprocessing.api:Sending process 3161656 closing signal SIGTERM
WARNING:torch.distributed.elastic.multiprocessing.api:Sending process 3161657 closing signal SIGTERM
WARNING:torch.distributed.elastic.multiprocessing.api:Sending process 3161658 closing signal SIGTERM
