master_addr is only used for static rdzv_backend and when rdzv_endpoint is not specified.
WARNING:torch.distributed.run:
*****************************************
Setting OMP_NUM_THREADS environment variable for each process to be 1 in default, to avoid your system being overloaded, please further tune the variable for optimal performance in your application as needed. 
*****************************************
paraai-n32-h-01-agent-71
0paraai-n32-h-01-agent-71

------------------ Configuration ------------------ paraai-n32-h-01-agent-71
 /home/bingxing2/home/scx6115/Ocean_AI_model/config/Masked_AE_fusion.yaml
0
0------------------ Configuration ------------------ 
 /home/bingxing2/home/scx6115/Ocean_AI_model/config/Masked_AE_fusion.yaml
------------------ Configuration ------------------  /home/bingxing2/home/scx6115/Ocean_AI_model/config/Masked_AE_fusion.yaml
paraai-n32-h-01-agent-71
0
------------------ Configuration ------------------  /home/bingxing2/home/scx6115/Ocean_AI_model/config/Masked_AE_fusion.yaml
nettype model_fusion
exp_dir ./exp
log_to_wandb True
lr 0.001
batch_size 32
max_epochs 100nettype
 schedulermodel_fusion 
CosineAnnealingLR
fusion_3d_2d Trueexp_dir
 ./expin_chans
 31
log_to_wandb out_chansTrue 
25
lrin_channels  0.001
[0, 1, 2, 3, 4, 5, 6, 7, 8, 9, 10, 11, 12, 13, 14, 15, 16, 17, 18, 19, 20, 21, 22, 23, 24, 25, 26, 27, 28, 29]batch_size
 32
out_channelsmax_epochs  100
[0, 1, 2, 3, 4, 5, 6, 7, 8, 9, 10, 11, 12, 13, 14, 15, 16, 17, 18, 19, 20, 21, 22, 23, 24]scheduler
 CosineAnnealingLR
img_size_h fusion_3d_2d720 
True
img_size_w in_chans1440 
31
patch_size_h out_chans16 
25
patch_size_w in_channels16 
patch_size_d 2
[0, 1, 2, 3, 4, 5, 6, 7, 8, 9, 10, 11, 12, 13, 14, 15, 16, 17, 18, 19, 20, 21, 22, 23, 24, 25, 26, 27, 28, 29]mlp_ratio
 4.0
out_channels in_chans_2d 7
[0, 1, 2, 3, 4, 5, 6, 7, 8, 9, 10, 11, 12, 13, 14, 15, 16, 17, 18, 19, 20, 21, 22, 23, 24]
out_chans_2d img_size_h1 
720
in_chans_3dimg_size_w  41440

out_chans_3dpatch_size_h  416

var_depthpatch_size_w  616

embed_dimpatch_size_d  5122

depthmlp_ratio  164.0

num_headsin_chans_2d  167

decoder_embed_dim out_chans_2d512 
1
decoder_depth in_chans_3d8 nettype
4
decoder_num_heads out_chans_3d model_fusion 16
4

drop_rate var_depth0.0 exp_dir
6 
drop_path_rate ./exp0.0embed_dim 

512
log_to_wandbsparsity_thresholddepth   True160.01


hard_thresholding_fractionnum_heads lr 1.0 16

num_blocksdecoder_embed_dim  0.0018512


lossdecoder_depthbatch_size   8l2
32
decoder_num_heads
 num_data_workers16 
0max_epochs
drop_rate  dt100 0.01


n_historydrop_path_ratescheduler   00.0CosineAnnealingLR


prediction_typesparsity_thresholdfusion_3d_2d   0.01iterativeTrue


hard_thresholding_fraction in_chansprediction_length1.0 
 41num_blocks
31 n_initial_conditions8
 
5out_chansloss
  ics_type25l2 
default

num_data_workersin_channelsdate_strings   0
['2018-09-14 00:00:00']
dt 1save_raw_forecasts
[0, 1, 2, 3, 4, 5, 6, 7, 8, 9, 10, 11, 12, 13, 14, 15, 16, 17, 18, 19, 20, 21, 22, 23, 24, 25, 26, 27, 28, 29] 
n_historyTrue 
0
out_channelssave_channelprediction_type   iterativeFalse

[0, 1, 2, 3, 4, 5, 6, 7, 8, 9, 10, 11, 12, 13, 14, 15, 16, 17, 18, 19, 20, 21, 22, 23, 24]prediction_lengthmasked_acc
  41False

img_size_hmaskpathn_initial_conditions   7205None


ics_typeperturb img_size_w default False

1440date_strings
add_grid  patch_size_hFalse['2018-09-14 00:00:00'] 

16save_raw_forecastsN_grid_channels
  True0patch_size_w

 save_channelgridtype16  
Falsesinusoidal

patch_size_dmasked_accroll   FalseFalse
2
maskpathenable_nhwc 
 NoneFalsemlp_ratio

 perturboptimizer_type  False4.0FusedAdam


add_gridpatch_size in_chans_2d False 8

7N_grid_channelswidth
  056

out_chans_2dgridtypemodes  sinusoidal 32
1
roll
 targetFalse in_chans_3d
default enable_nhwc
4 train_data_pathFalse 

/work/home/acrzcyisbk/Ocean_AI_model/sample_03/train
optimizer_typeout_chans_3d valid_data_path  FusedAdam
4/work/home/acrzcyisbk/Ocean_AI_model/sample_03/validpatch_size

 8test_data_path
var_depth width /work/home/acrzcyisbk/Ocean_AI_model/sample_03/test 6
56

land_maskembed_dimmodes  True32 

512land_mask_pathtarget 
 /work/home/acrzcyisbk/Ocean_AI_model/sample_03/land_mask.h5depthdefault
 
normalize16train_data_path 
True 
/work/home/acrzcyisbk/Ocean_AI_model/sample_03/trainnum_headsnormalization
  valid_data_pathzscore16 

/work/home/acrzcyisbk/Ocean_AI_model/sample_03/validglobal_mins_path
decoder_embed_dim test_data_path /work/home/acrzcyisbk/Ocean_AI_model/sample_03/train/global_mins.npy/work/home/acrzcyisbk/Ocean_AI_model/sample_03/test 

512land_maskglobal_maxs_path  
True/work/home/acrzcyisbk/Ocean_AI_model/sample_03/train/global_maxs.npy
decoder_depth
land_mask_path  global_means_path/work/home/acrzcyisbk/Ocean_AI_model/sample_03/land_mask.h5 8
/work/home/acrzcyisbk/Ocean_AI_model/sample_03/train/global_means.npy

normalizedecoder_num_heads global_stds_pathTrue  
/work/home/acrzcyisbk/Ocean_AI_model/sample_03/train/global_stds.npy
16normalizationorography 
 zscore
Truedrop_rateglobal_mins_path
  /work/home/acrzcyisbk/Ocean_AI_model/sample_03/train/global_mins.npyorography_norm_zscore_path
0.0 global_maxs_path
/work/home/acrzcyisbk/Ocean_AI_model/sample_03/orography_norm_zscore.h5 
/work/home/acrzcyisbk/Ocean_AI_model/sample_03/train/global_maxs.npydrop_path_rate
orography_norm_maxmin_path global_means_path  /work/home/acrzcyisbk/Ocean_AI_model/sample_03/orography_norm_maxmin.h5/work/home/acrzcyisbk/Ocean_AI_model/sample_03/train/global_means.npy0.0


add_noiseglobal_stds_path  sparsity_thresholdFalse/work/home/acrzcyisbk/Ocean_AI_model/sample_03/train/global_stds.npy

 noise_stdorography  0.010True


crop_size_x orography_norm_zscore_pathhard_thresholding_fractionNone 
 /work/home/acrzcyisbk/Ocean_AI_model/sample_03/orography_norm_zscore.h5crop_size_y
1.0 orography_norm_maxmin_path
None 
/work/home/acrzcyisbk/Ocean_AI_model/sample_03/orography_norm_maxmin.h5num_blocks
log_to_screen  add_noise8True 
False

save_checkpointnoise_std loss True0

 plot_animationscrop_size_xl2  False
None

num_data_workerscrop_size_y  None0

log_to_screen dtTrue 
1save_checkpoint
 Truen_history
 0plot_animations
 False
prediction_type iterative
prediction_length 41
---------------------------------------------------
n_initial_conditions 5
ics_type default
date_strings ['2018-09-14 00:00:00']
world_size : 16
save_raw_forecastsInitialize distributed process group... 
True
save_channel--------------------------------------------------- 
False
masked_acc False
maskpath None
perturb False
world_size : add_grid16 
FalseInitialize distributed process group...

N_grid_channels 0
gridtype sinusoidal
roll False
enable_nhwc False
optimizer_type FusedAdam
patch_size 8
width 56
modes 32
target default
train_data_path /work/home/acrzcyisbk/Ocean_AI_model/sample_03/train
valid_data_path /work/home/acrzcyisbk/Ocean_AI_model/sample_03/valid
test_data_path /work/home/acrzcyisbk/Ocean_AI_model/sample_03/test
land_mask True
land_mask_path /work/home/acrzcyisbk/Ocean_AI_model/sample_03/land_mask.h5
normalize True
normalization zscore
global_mins_path /work/home/acrzcyisbk/Ocean_AI_model/sample_03/train/global_mins.npy
global_maxs_path /work/home/acrzcyisbk/Ocean_AI_model/sample_03/train/global_maxs.npy
global_means_path /work/home/acrzcyisbk/Ocean_AI_model/sample_03/train/global_means.npy
global_stds_path /work/home/acrzcyisbk/Ocean_AI_model/sample_03/train/global_stds.npy
orography True
orography_norm_zscore_path /work/home/acrzcyisbk/Ocean_AI_model/sample_03/orography_norm_zscore.h5
orography_norm_maxmin_path /work/home/acrzcyisbk/Ocean_AI_model/sample_03/orography_norm_maxmin.h5
add_noise False
noise_std 0
crop_size_x None
crop_size_y None
log_to_screen True
save_checkpoint True
plot_animations False
---------------------------------------------------
world_size : 16
Initialize distributed process group...
nettype model_fusion
exp_dir ./exp
log_to_wandb True
lr 0.001
batch_size 32
max_epochs 100
scheduler CosineAnnealingLR
fusion_3d_2d True
in_chans 31
out_chans 25
in_channels [0, 1, 2, 3, 4, 5, 6, 7, 8, 9, 10, 11, 12, 13, 14, 15, 16, 17, 18, 19, 20, 21, 22, 23, 24, 25, 26, 27, 28, 29]
out_channels [0, 1, 2, 3, 4, 5, 6, 7, 8, 9, 10, 11, 12, 13, 14, 15, 16, 17, 18, 19, 20, 21, 22, 23, 24]
img_size_h 720
img_size_w 1440
patch_size_h 16
patch_size_w 16
patch_size_d 2
mlp_ratio 4.0
in_chans_2d 7
out_chans_2d 1
in_chans_3d 4
out_chans_3d 4
var_depth 6
embed_dim 512
depth 16
num_heads 16
decoder_embed_dim 512
decoder_depth 8
decoder_num_heads 16
drop_rate 0.0
drop_path_rate 0.0
sparsity_threshold 0.01
hard_thresholding_fraction 1.0
num_blocks 8
loss l2
num_data_workers 0
dt 1
n_history 0
prediction_type iterative
prediction_length 41
n_initial_conditions 5
ics_type default
date_strings ['2018-09-14 00:00:00']
save_raw_forecasts True
save_channel False
masked_acc False
maskpath None
perturb False
add_grid False
N_grid_channels 0
gridtype sinusoidal
roll False
enable_nhwc False
optimizer_type FusedAdam
patch_size 8
width 56
modes 32
target default
train_data_path /work/home/acrzcyisbk/Ocean_AI_model/sample_03/train
valid_data_path /work/home/acrzcyisbk/Ocean_AI_model/sample_03/valid
test_data_path /work/home/acrzcyisbk/Ocean_AI_model/sample_03/test
land_mask True
land_mask_path /work/home/acrzcyisbk/Ocean_AI_model/sample_03/land_mask.h5
normalize True
normalization zscore
global_mins_path /work/home/acrzcyisbk/Ocean_AI_model/sample_03/train/global_mins.npy
global_maxs_path /work/home/acrzcyisbk/Ocean_AI_model/sample_03/train/global_maxs.npy
global_means_path /work/home/acrzcyisbk/Ocean_AI_model/sample_03/train/global_means.npy
global_stds_path /work/home/acrzcyisbk/Ocean_AI_model/sample_03/train/global_stds.npy
orography True
orography_norm_zscore_path /work/home/acrzcyisbk/Ocean_AI_model/sample_03/orography_norm_zscore.h5
orography_norm_maxmin_path /work/home/acrzcyisbk/Ocean_AI_model/sample_03/orography_norm_maxmin.h5
add_noise False
noise_std 0
crop_size_x None
crop_size_y None
log_to_screen True
save_checkpoint True
plot_animations False
---------------------------------------------------
world_size : 16
Initialize distributed process group...
2023-06-13 15:24:31,020 - torch.distributed.distributed_c10d - INFO - Added key: store_based_barrier_key:1 to store for rank: 11
2023-06-13 15:24:31,020 - torch.distributed.distributed_c10d - INFO - Added key: store_based_barrier_key:1 to store for rank: 10
2023-06-13 15:24:31,020 - torch.distributed.distributed_c10d - INFO - Added key: store_based_barrier_key:1 to store for rank: 8
2023-06-13 15:24:31,020 - torch.distributed.distributed_c10d - INFO - Added key: store_based_barrier_key:1 to store for rank: 9
2023-06-13 15:24:31,030 - torch.distributed.distributed_c10d - INFO - Rank 10: Completed store-based barrier for key:store_based_barrier_key:1 with 16 nodes.
2023-06-13 15:24:31,030 - torch.distributed.distributed_c10d - INFO - Rank 8: Completed store-based barrier for key:store_based_barrier_key:1 with 16 nodes.
2023-06-13 15:24:31,030 - torch.distributed.distributed_c10d - INFO - Rank 11: Completed store-based barrier for key:store_based_barrier_key:1 with 16 nodes.
2023-06-13 15:24:31,031 - torch.distributed.distributed_c10d - INFO - Rank 9: Completed store-based barrier for key:store_based_barrier_key:1 with 16 nodes.
2023-06-13 15:24:31,091 - root - INFO - device: cuda:1
2023-06-13 15:24:31,091 - root - INFO - rank 9, begin data loader init
Traceback (most recent call last):
  File "/home/bingxing2/home/scx6115/Ocean_AI_model/train_025_bingxing.py", line 487, in <module>
2023-06-13 15:24:31,092 - root - INFO - device: cuda:3
2023-06-13 15:24:31,092 - root - INFO - rank 11, begin data loader init
Traceback (most recent call last):
  File "/home/bingxing2/home/scx6115/Ocean_AI_model/train_025_bingxing.py", line 487, in <module>
    trainer = Trainer(params, world_rank)
  File "/home/bingxing2/home/scx6115/Ocean_AI_model/train_025_bingxing.py", line 66, in __init__
    self.train_data_loader, self.train_dataset, self.train_sampler = get_data_loader(params, params.train_data_path,
  File "/home/bingxing2/home/scx6115/Ocean_AI_model/utils/data_loader_multifiles.py", line 65, in get_data_loader
    trainer = Trainer(params, world_rank)
  File "/home/bingxing2/home/scx6115/Ocean_AI_model/train_025_bingxing.py", line 66, in __init__
    self.train_data_loader, self.train_dataset, self.train_sampler = get_data_loader(params, params.train_data_path,
  File "/home/bingxing2/home/scx6115/Ocean_AI_model/utils/data_loader_multifiles.py", line 65, in get_data_loader
2023-06-13 15:24:31,094 - root - INFO - device: cuda:2
        dataset = GetDataset(params, files_pattern, train)
dataset = GetDataset(params, files_pattern, train)  File "/home/bingxing2/home/scx6115/Ocean_AI_model/utils/data_loader_multifiles.py", line 101, in __init__

  File "/home/bingxing2/home/scx6115/Ocean_AI_model/utils/data_loader_multifiles.py", line 101, in __init__
2023-06-13 15:24:31,095 - root - INFO - rank 10, begin data loader init
    self._get_files_stats()    
self._get_files_stats()  File "/home/bingxing2/home/scx6115/Ocean_AI_model/utils/data_loader_multifiles.py", line 112, in _get_files_stats

  File "/home/bingxing2/home/scx6115/Ocean_AI_model/utils/data_loader_multifiles.py", line 112, in _get_files_stats
Traceback (most recent call last):
  File "/home/bingxing2/home/scx6115/Ocean_AI_model/train_025_bingxing.py", line 487, in <module>
    with h5py.File(self.files_paths[0], 'r') as _f: 
IndexError    : list index out of rangewith h5py.File(self.files_paths[0], 'r') as _f: 

IndexError: list index out of range
2023-06-13 15:24:31,095 - root - INFO - device: cuda:0
2023-06-13 15:24:31,095 - root - INFO - rank 8, begin data loader init
    trainer = Trainer(params, world_rank)
  File "/home/bingxing2/home/scx6115/Ocean_AI_model/train_025_bingxing.py", line 66, in __init__
    self.train_data_loader, self.train_dataset, self.train_sampler = get_data_loader(params, params.train_data_path,
  File "/home/bingxing2/home/scx6115/Ocean_AI_model/utils/data_loader_multifiles.py", line 65, in get_data_loader
    dataset = GetDataset(params, files_pattern, train)
  File "/home/bingxing2/home/scx6115/Ocean_AI_model/utils/data_loader_multifiles.py", line 101, in __init__
Traceback (most recent call last):
  File "/home/bingxing2/home/scx6115/Ocean_AI_model/train_025_bingxing.py", line 487, in <module>
    self._get_files_stats()
  File "/home/bingxing2/home/scx6115/Ocean_AI_model/utils/data_loader_multifiles.py", line 112, in _get_files_stats
        trainer = Trainer(params, world_rank)with h5py.File(self.files_paths[0], 'r') as _f: 

  File "/home/bingxing2/home/scx6115/Ocean_AI_model/train_025_bingxing.py", line 66, in __init__
IndexError: list index out of range
    self.train_data_loader, self.train_dataset, self.train_sampler = get_data_loader(params, params.train_data_path,
  File "/home/bingxing2/home/scx6115/Ocean_AI_model/utils/data_loader_multifiles.py", line 65, in get_data_loader
    dataset = GetDataset(params, files_pattern, train)
  File "/home/bingxing2/home/scx6115/Ocean_AI_model/utils/data_loader_multifiles.py", line 101, in __init__
    self._get_files_stats()
  File "/home/bingxing2/home/scx6115/Ocean_AI_model/utils/data_loader_multifiles.py", line 112, in _get_files_stats
    with h5py.File(self.files_paths[0], 'r') as _f: 
IndexError: list index out of range
ERROR:torch.distributed.elastic.multiprocessing.api:failed (exitcode: 1) local_rank: 0 (pid: 29339) of binary: /home/bingxing2/home/scx6115/.conda/envs/torch2.0/bin/python
Traceback (most recent call last):
  File "/home/bingxing2/home/scx6115/.conda/envs/torch2.0/bin/torchrun", line 8, in <module>
    sys.exit(main())
  File "/home/bingxing2/home/scx6115/.conda/envs/torch2.0/lib/python3.10/site-packages/torch/distributed/elastic/multiprocessing/errors/__init__.py", line 346, in wrapper
    return f(*args, **kwargs)
  File "/home/bingxing2/home/scx6115/.conda/envs/torch2.0/lib/python3.10/site-packages/torch/distributed/run.py", line 794, in main
    run(args)
  File "/home/bingxing2/home/scx6115/.conda/envs/torch2.0/lib/python3.10/site-packages/torch/distributed/run.py", line 785, in run
    elastic_launch(
  File "/home/bingxing2/home/scx6115/.conda/envs/torch2.0/lib/python3.10/site-packages/torch/distributed/launcher/api.py", line 134, in __call__
    return launch_agent(self._config, self._entrypoint, list(args))
  File "/home/bingxing2/home/scx6115/.conda/envs/torch2.0/lib/python3.10/site-packages/torch/distributed/launcher/api.py", line 250, in launch_agent
    raise ChildFailedError(
torch.distributed.elastic.multiprocessing.errors.ChildFailedError: 
============================================================
train_025_bingxing.py FAILED
------------------------------------------------------------
Failures:
[1]:
  time      : 2023-06-13_15:24:33
  host      : paraai-n32-h-01-agent-71.paraai-n32-h-01.com
  rank      : 9 (local_rank: 1)
  exitcode  : 1 (pid: 29340)
  error_file: <N/A>
  traceback : To enable traceback see: https://pytorch.org/docs/stable/elastic/errors.html
[2]:
  time      : 2023-06-13_15:24:33
  host      : paraai-n32-h-01-agent-71.paraai-n32-h-01.com
  rank      : 10 (local_rank: 2)
  exitcode  : 1 (pid: 29341)
  error_file: <N/A>
  traceback : To enable traceback see: https://pytorch.org/docs/stable/elastic/errors.html
[3]:
  time      : 2023-06-13_15:24:33
  host      : paraai-n32-h-01-agent-71.paraai-n32-h-01.com
  rank      : 11 (local_rank: 3)
  exitcode  : 1 (pid: 29342)
  error_file: <N/A>
  traceback : To enable traceback see: https://pytorch.org/docs/stable/elastic/errors.html
------------------------------------------------------------
Root Cause (first observed failure):
[0]:
  time      : 2023-06-13_15:24:33
  host      : paraai-n32-h-01-agent-71.paraai-n32-h-01.com
  rank      : 8 (local_rank: 0)
  exitcode  : 1 (pid: 29339)
  error_file: <N/A>
  traceback : To enable traceback see: https://pytorch.org/docs/stable/elastic/errors.html
============================================================
srun: error: paraai-n32-h-01-agent-71: task 0: Exited with exit code 1
