master_addr is only used for static rdzv_backend and when rdzv_endpoint is not specified.
WARNING:torch.distributed.run:
*****************************************
Setting OMP_NUM_THREADS environment variable for each process to be 1 in default, to avoid your system being overloaded, please further tune the variable for optimal performance in your application as needed. 
*****************************************
paraai-n32-h-01-agent-31
paraai-n32-h-01-agent-31
paraai-n32-h-01-agent-31
000


------------------ Configuration ------------------ ------------------ Configuration ------------------ ------------------ Configuration ------------------    /home/bingxing2/home/scx6115/Ocean_AI_model/config/Masked_AE_fusion.yaml/home/bingxing2/home/scx6115/Ocean_AI_model/config/Masked_AE_fusion.yaml/home/bingxing2/home/scx6115/Ocean_AI_model/config/Masked_AE_fusion.yaml


paraai-n32-h-01-agent-31
0
------------------ Configuration ------------------  /home/bingxing2/home/scx6115/Ocean_AI_model/config/Masked_AE_fusion.yaml
nettype model_fusion
exp_dir ./exp
log_to_wandb True
lr 0.001
batch_size 32
max_epochs 100
scheduler CosineAnnealingLR
fusion_3d_2d True
in_chans 31
out_chans 25
in_channels [0, 1, 2, 3, 4, 5, 6, 7, 8, 9, 10, 11, 12, 13, 14, 15, 16, 17, 18, 19, 20, 21, 22, 23, 24, 25, 26, 27, 28, 29]
out_channels [0, 1, 2, 3, 4, 5, 6, 7, 8, 9, 10, 11, 12, 13, 14, 15, 16, 17, 18, 19, 20, 21, 22, 23, 24]
img_size_h 720nettype
 img_size_wmodel_fusionnettype 
nettype 1440exp_dir model_fusion
 model_fusion
patch_size_h./exp
exp_dir 
exp_dir 16log_to_wandb ./exp
 ./exp
patch_size_wTrue
log_to_wandb 
log_to_wandb 16lr True
 True
patch_size_d0.001
lr 
lr 2batch_size 0.001
 0.001
mlp_ratio32
batch_size 
batch_size 4.0max_epochs 32
 32
in_chans_2d100
max_epochs 
max_epochs 7scheduler 100
 100
out_chans_2dCosineAnnealingLR
scheduler 
scheduler 1fusion_3d_2d CosineAnnealingLR
 CosineAnnealingLR
in_chans_3dTrue
fusion_3d_2d 
fusion_3d_2d 4in_chans True
 True
out_chans_3d31
in_chans 
in_chans 4out_chans 31
 31
var_depth25
out_chans 
out_chans 6in_channels 25
 25
embed_dim[0, 1, 2, 3, 4, 5, 6, 7, 8, 9, 10, 11, 12, 13, 14, 15, 16, 17, 18, 19, 20, 21, 22, 23, 24, 25, 26, 27, 28, 29]
in_channels 
in_channels 512out_channels [0, 1, 2, 3, 4, 5, 6, 7, 8, 9, 10, 11, 12, 13, 14, 15, 16, 17, 18, 19, 20, 21, 22, 23, 24, 25, 26, 27, 28, 29]
 [0, 1, 2, 3, 4, 5, 6, 7, 8, 9, 10, 11, 12, 13, 14, 15, 16, 17, 18, 19, 20, 21, 22, 23, 24, 25, 26, 27, 28, 29]
depth[0, 1, 2, 3, 4, 5, 6, 7, 8, 9, 10, 11, 12, 13, 14, 15, 16, 17, 18, 19, 20, 21, 22, 23, 24]
out_channels 
out_channels 16img_size_h [0, 1, 2, 3, 4, 5, 6, 7, 8, 9, 10, 11, 12, 13, 14, 15, 16, 17, 18, 19, 20, 21, 22, 23, 24]
 [0, 1, 2, 3, 4, 5, 6, 7, 8, 9, 10, 11, 12, 13, 14, 15, 16, 17, 18, 19, 20, 21, 22, 23, 24]
num_heads720
img_size_h 
img_size_h 16img_size_w 720
 720
decoder_embed_dim1440
img_size_w 
img_size_w 512patch_size_h 1440
 1440
decoder_depth16
patch_size_h 
patch_size_h 8patch_size_w 16
 16
decoder_num_heads16
patch_size_w 
patch_size_w 16patch_size_d 16
 16
drop_rate2
patch_size_d 
patch_size_d 0.0mlp_ratio 2
 2
drop_path_rate4.0
mlp_ratio 
mlp_ratio 0.0in_chans_2d 4.0
 4.0
sparsity_threshold7
in_chans_2d 
in_chans_2d 0.01out_chans_2d 7
 7
hard_thresholding_fraction1
out_chans_2d 
out_chans_2d 1.0in_chans_3d 1
 1
num_blocks4
in_chans_3d 
in_chans_3d 8out_chans_3d 4
 4
loss4
out_chans_3d 
out_chans_3d l2var_depth 4
 4
num_data_workers6
var_depth 
var_depth 0embed_dim 6
 6
dt512
embed_dim 
embed_dim 1depth 512
 512
n_history16
depth 
depth 0num_heads 16
 16
prediction_type16
num_heads 
num_heads iterativedecoder_embed_dim 16
 16
prediction_length512
decoder_embed_dim 
decoder_embed_dim 41decoder_depth 512
 512
n_initial_conditions8
decoder_depth 
decoder_depth 5decoder_num_heads 8
 8
ics_type16
decoder_num_heads 
decoder_num_heads defaultdrop_rate 16
 16
date_strings0.0
drop_rate 
drop_rate ['2018-09-14 00:00:00']drop_path_rate 0.0
 0.0
save_raw_forecasts0.0
drop_path_rate 
drop_path_rate Truesparsity_threshold 0.0
 0.0
save_channel0.01
sparsity_threshold 
sparsity_threshold Falsehard_thresholding_fraction 0.01
 0.01
masked_acc1.0
hard_thresholding_fraction 
hard_thresholding_fraction Falsenum_blocks 1.0
 1.0
maskpath8
num_blocks 
num_blocks Noneloss 8
 8
perturbl2
loss 
loss Falsenum_data_workers l2
 l2
add_grid0
num_data_workers 
num_data_workers Falsedt 0
 0
N_grid_channels1
dt 
dt 0n_history 1
 1
gridtype0
n_history 
n_history sinusoidalprediction_type 0
 0
rolliterative
prediction_type 
prediction_type Falseprediction_length iterative
 iterative
enable_nhwc41
prediction_length 
prediction_length Falsen_initial_conditions 41
 41
optimizer_type5
n_initial_conditions 
n_initial_conditions FusedAdamics_type 5
 5
patch_sizedefault
ics_type 
ics_type 8date_strings default
 default
width['2018-09-14 00:00:00']
date_strings 
date_strings 56save_raw_forecasts ['2018-09-14 00:00:00']
 ['2018-09-14 00:00:00']
modesTrue
save_raw_forecasts 
save_raw_forecasts 32save_channel True
 True
targetFalse
save_channel 
save_channel defaultmasked_acc False
 False
train_data_pathFalse
masked_acc 
masked_acc /work/home/acrzcyisbk/Ocean_AI_model/sample_03/trainmaskpath False
 False
valid_data_pathNone
maskpath 
maskpath /work/home/acrzcyisbk/Ocean_AI_model/sample_03/validperturb None
 None
test_data_pathFalse
perturb 
perturb /work/home/acrzcyisbk/Ocean_AI_model/sample_03/testadd_grid False
 False
land_maskFalse
add_grid 
add_grid TrueN_grid_channels False
 False
land_mask_path0
N_grid_channels 
N_grid_channels /work/home/acrzcyisbk/Ocean_AI_model/sample_03/land_mask.h5gridtype 0
 0
normalizesinusoidal
gridtype 
gridtype Trueroll sinusoidal
 sinusoidal
normalizationFalse
roll 
roll zscoreenable_nhwc False
 False
global_mins_pathFalse
enable_nhwc 
enable_nhwc /work/home/acrzcyisbk/Ocean_AI_model/sample_03/train/global_mins.npyoptimizer_type False
 False
global_maxs_pathFusedAdam
optimizer_type 
optimizer_type /work/home/acrzcyisbk/Ocean_AI_model/sample_03/train/global_maxs.npypatch_size FusedAdam
 FusedAdam
global_means_path8
patch_size 
patch_size /work/home/acrzcyisbk/Ocean_AI_model/sample_03/train/global_means.npywidth 8
 8
global_stds_path56
width 
width /work/home/acrzcyisbk/Ocean_AI_model/sample_03/train/global_stds.npymodes 56
 56
orography32
modes 
modes Truetarget 32
 32
orography_norm_zscore_pathdefault
target 
target /work/home/acrzcyisbk/Ocean_AI_model/sample_03/orography_norm_zscore.h5train_data_path default
 default
orography_norm_maxmin_path/work/home/acrzcyisbk/Ocean_AI_model/sample_03/train
train_data_path 
train_data_path /work/home/acrzcyisbk/Ocean_AI_model/sample_03/orography_norm_maxmin.h5valid_data_path /work/home/acrzcyisbk/Ocean_AI_model/sample_03/train
 /work/home/acrzcyisbk/Ocean_AI_model/sample_03/train
add_noise/work/home/acrzcyisbk/Ocean_AI_model/sample_03/valid
valid_data_path 
valid_data_path Falsetest_data_path /work/home/acrzcyisbk/Ocean_AI_model/sample_03/valid
 /work/home/acrzcyisbk/Ocean_AI_model/sample_03/valid
noise_std/work/home/acrzcyisbk/Ocean_AI_model/sample_03/test
test_data_path 
test_data_path 0land_mask /work/home/acrzcyisbk/Ocean_AI_model/sample_03/test
 /work/home/acrzcyisbk/Ocean_AI_model/sample_03/test
crop_size_xTrue
land_mask 
land_mask Noneland_mask_path True
 True
crop_size_y/work/home/acrzcyisbk/Ocean_AI_model/sample_03/land_mask.h5
land_mask_path  /work/home/acrzcyisbk/Ocean_AI_model/sample_03/land_mask.h5
Noneland_mask_path
normalize
 normalize log_to_screen/work/home/acrzcyisbk/Ocean_AI_model/sample_03/land_mask.h5 True 
True
Truenormalize
normalization
 normalization save_checkpointTrue zscore 
zscore
Truenormalization
global_mins_path
 global_mins_path plot_animationszscore /work/home/acrzcyisbk/Ocean_AI_model/sample_03/train/global_mins.npy 
/work/home/acrzcyisbk/Ocean_AI_model/sample_03/train/global_mins.npy
Falseglobal_mins_path
global_maxs_path
 global_maxs_path /work/home/acrzcyisbk/Ocean_AI_model/sample_03/train/global_mins.npy /work/home/acrzcyisbk/Ocean_AI_model/sample_03/train/global_maxs.npy
/work/home/acrzcyisbk/Ocean_AI_model/sample_03/train/global_maxs.npy
global_maxs_path
global_means_path global_means_path /work/home/acrzcyisbk/Ocean_AI_model/sample_03/train/global_maxs.npy /work/home/acrzcyisbk/Ocean_AI_model/sample_03/train/global_means.npy
/work/home/acrzcyisbk/Ocean_AI_model/sample_03/train/global_means.npy
global_means_path
global_stds_path global_stds_path /work/home/acrzcyisbk/Ocean_AI_model/sample_03/train/global_means.npy /work/home/acrzcyisbk/Ocean_AI_model/sample_03/train/global_stds.npy
/work/home/acrzcyisbk/Ocean_AI_model/sample_03/train/global_stds.npy
global_stds_path
orography ---------------------------------------------------orography /work/home/acrzcyisbk/Ocean_AI_model/sample_03/train/global_stds.npy
 True
world_size :True
orography 
orography_norm_zscore_path 16orography_norm_zscore_path True
 /work/home/acrzcyisbk/Ocean_AI_model/sample_03/orography_norm_zscore.h5
Initialize distributed process group.../work/home/acrzcyisbk/Ocean_AI_model/sample_03/orography_norm_zscore.h5
orography_norm_zscore_path

orography_norm_maxmin_path orography_norm_maxmin_path /work/home/acrzcyisbk/Ocean_AI_model/sample_03/orography_norm_zscore.h5 /work/home/acrzcyisbk/Ocean_AI_model/sample_03/orography_norm_maxmin.h5
/work/home/acrzcyisbk/Ocean_AI_model/sample_03/orography_norm_maxmin.h5
orography_norm_maxmin_path
add_noise add_noise /work/home/acrzcyisbk/Ocean_AI_model/sample_03/orography_norm_maxmin.h5 False
False
add_noise
noise_std noise_std False 0
0
noise_std
crop_size_x crop_size_x 0 None
None
crop_size_x
crop_size_y crop_size_y None None
None
crop_size_y
log_to_screen log_to_screen None True
True
log_to_screen
save_checkpoint save_checkpoint True True
True
save_checkpoint
plot_animations plot_animations True False
False
plot_animations
 False
---------------------------------------------------
---------------------------------------------------
world_size : 16world_size :
--------------------------------------------------- Initialize distributed process group...
16

world_size :Initialize distributed process group... 
16
Initialize distributed process group...
2023-06-13 15:24:30,268 - torch.distributed.distributed_c10d - INFO - Added key: store_based_barrier_key:1 to store for rank: 2
2023-06-13 15:24:30,268 - torch.distributed.distributed_c10d - INFO - Added key: store_based_barrier_key:1 to store for rank: 1
2023-06-13 15:24:30,268 - torch.distributed.distributed_c10d - INFO - Added key: store_based_barrier_key:1 to store for rank: 3
2023-06-13 15:24:31,027 - torch.distributed.distributed_c10d - INFO - Added key: store_based_barrier_key:1 to store for rank: 0
2023-06-13 15:24:31,027 - torch.distributed.distributed_c10d - INFO - Rank 0: Completed store-based barrier for key:store_based_barrier_key:1 with 16 nodes.
2023-06-13 15:24:31,036 - torch.distributed.distributed_c10d - INFO - Rank 2: Completed store-based barrier for key:store_based_barrier_key:1 with 16 nodes.
2023-06-13 15:24:31,036 - torch.distributed.distributed_c10d - INFO - Rank 3: Completed store-based barrier for key:store_based_barrier_key:1 with 16 nodes.
2023-06-13 15:24:31,036 - torch.distributed.distributed_c10d - INFO - Rank 1: Completed store-based barrier for key:store_based_barrier_key:1 with 16 nodes.
2023-06-13 15:24:31,147 - root - INFO - device: cuda:1
2023-06-13 15:24:31,148 - root - INFO - rank 1, begin data loader init
2023-06-13 15:24:31,148 - root - INFO - device: cuda:3
2023-06-13 15:24:31,148 - root - INFO - rank 3, begin data loader init
Traceback (most recent call last):
  File "/home/bingxing2/home/scx6115/Ocean_AI_model/train_025_bingxing.py", line 487, in <module>
Traceback (most recent call last):
  File "/home/bingxing2/home/scx6115/Ocean_AI_model/train_025_bingxing.py", line 487, in <module>
        trainer = Trainer(params, world_rank)trainer = Trainer(params, world_rank)

  File "/home/bingxing2/home/scx6115/Ocean_AI_model/train_025_bingxing.py", line 66, in __init__
  File "/home/bingxing2/home/scx6115/Ocean_AI_model/train_025_bingxing.py", line 66, in __init__
        self.train_data_loader, self.train_dataset, self.train_sampler = get_data_loader(params, params.train_data_path,self.train_data_loader, self.train_dataset, self.train_sampler = get_data_loader(params, params.train_data_path,

  File "/home/bingxing2/home/scx6115/Ocean_AI_model/utils/data_loader_multifiles.py", line 65, in get_data_loader
  File "/home/bingxing2/home/scx6115/Ocean_AI_model/utils/data_loader_multifiles.py", line 65, in get_data_loader
        dataset = GetDataset(params, files_pattern, train)dataset = GetDataset(params, files_pattern, train)

  File "/home/bingxing2/home/scx6115/Ocean_AI_model/utils/data_loader_multifiles.py", line 101, in __init__
  File "/home/bingxing2/home/scx6115/Ocean_AI_model/utils/data_loader_multifiles.py", line 101, in __init__
    self._get_files_stats()
  File "/home/bingxing2/home/scx6115/Ocean_AI_model/utils/data_loader_multifiles.py", line 112, in _get_files_stats
    self._get_files_stats()    
with h5py.File(self.files_paths[0], 'r') as _f:   File "/home/bingxing2/home/scx6115/Ocean_AI_model/utils/data_loader_multifiles.py", line 112, in _get_files_stats

IndexError: list index out of range
    with h5py.File(self.files_paths[0], 'r') as _f: 
IndexError: list index out of range
2023-06-13 15:24:31,153 - root - INFO - device: cuda:2
2023-06-13 15:24:31,153 - root - INFO - rank 2, begin data loader init
Traceback (most recent call last):
  File "/home/bingxing2/home/scx6115/Ocean_AI_model/train_025_bingxing.py", line 487, in <module>
    trainer = Trainer(params, world_rank)
  File "/home/bingxing2/home/scx6115/Ocean_AI_model/train_025_bingxing.py", line 66, in __init__
    self.train_data_loader, self.train_dataset, self.train_sampler = get_data_loader(params, params.train_data_path,
  File "/home/bingxing2/home/scx6115/Ocean_AI_model/utils/data_loader_multifiles.py", line 65, in get_data_loader
    dataset = GetDataset(params, files_pattern, train)
  File "/home/bingxing2/home/scx6115/Ocean_AI_model/utils/data_loader_multifiles.py", line 101, in __init__
    self._get_files_stats()
  File "/home/bingxing2/home/scx6115/Ocean_AI_model/utils/data_loader_multifiles.py", line 112, in _get_files_stats
    with h5py.File(self.files_paths[0], 'r') as _f: 
IndexError: list index out of range
2023-06-13 15:24:31,198 - root - INFO - ------------------ Configuration ------------------
2023-06-13 15:24:31,199 - root - INFO - Configuration file: /home/bingxing2/home/scx6115/Ocean_AI_model/config/Masked_AE_fusion.yaml
2023-06-13 15:24:31,199 - root - INFO - Configuration name: model_fusion
2023-06-13 15:24:31,199 - root - INFO - nettype model_fusion
2023-06-13 15:24:31,199 - root - INFO - exp_dir ./exp
2023-06-13 15:24:31,199 - root - INFO - log_to_wandb True
2023-06-13 15:24:31,199 - root - INFO - lr 0.001
2023-06-13 15:24:31,199 - root - INFO - batch_size 2
2023-06-13 15:24:31,199 - root - INFO - max_epochs 100
2023-06-13 15:24:31,199 - root - INFO - scheduler CosineAnnealingLR
2023-06-13 15:24:31,199 - root - INFO - fusion_3d_2d True
2023-06-13 15:24:31,199 - root - INFO - in_chans 31
2023-06-13 15:24:31,200 - root - INFO - out_chans 25
2023-06-13 15:24:31,200 - root - INFO - in_channels [0, 1, 2, 3, 4, 5, 6, 7, 8, 9, 10, 11, 12, 13, 14, 15, 16, 17, 18, 19, 20, 21, 22, 23, 24, 25, 26, 27, 28, 29]
2023-06-13 15:24:31,200 - root - INFO - out_channels [0, 1, 2, 3, 4, 5, 6, 7, 8, 9, 10, 11, 12, 13, 14, 15, 16, 17, 18, 19, 20, 21, 22, 23, 24]
2023-06-13 15:24:31,200 - root - INFO - img_size_h 720
2023-06-13 15:24:31,200 - root - INFO - img_size_w 1440
2023-06-13 15:24:31,200 - root - INFO - patch_size_h 16
2023-06-13 15:24:31,200 - root - INFO - patch_size_w 16
2023-06-13 15:24:31,200 - root - INFO - patch_size_d 2
2023-06-13 15:24:31,200 - root - INFO - mlp_ratio 4.0
2023-06-13 15:24:31,200 - root - INFO - in_chans_2d 7
2023-06-13 15:24:31,200 - root - INFO - out_chans_2d 1
2023-06-13 15:24:31,200 - root - INFO - in_chans_3d 4
2023-06-13 15:24:31,200 - root - INFO - out_chans_3d 4
2023-06-13 15:24:31,201 - root - INFO - var_depth 6
2023-06-13 15:24:31,201 - root - INFO - embed_dim 512
2023-06-13 15:24:31,201 - root - INFO - depth 16
2023-06-13 15:24:31,201 - root - INFO - num_heads 16
2023-06-13 15:24:31,201 - root - INFO - decoder_embed_dim 512
2023-06-13 15:24:31,201 - root - INFO - decoder_depth 8
2023-06-13 15:24:31,201 - root - INFO - decoder_num_heads 16
2023-06-13 15:24:31,201 - root - INFO - drop_rate 0.0
2023-06-13 15:24:31,201 - root - INFO - drop_path_rate 0.0
2023-06-13 15:24:31,201 - root - INFO - sparsity_threshold 0.01
2023-06-13 15:24:31,201 - root - INFO - hard_thresholding_fraction 1.0
2023-06-13 15:24:31,201 - root - INFO - num_blocks 8
2023-06-13 15:24:31,201 - root - INFO - loss l2
2023-06-13 15:24:31,202 - root - INFO - num_data_workers 0
2023-06-13 15:24:31,202 - root - INFO - dt 1
2023-06-13 15:24:31,202 - root - INFO - n_history 0
2023-06-13 15:24:31,202 - root - INFO - prediction_type iterative
2023-06-13 15:24:31,202 - root - INFO - prediction_length 41
2023-06-13 15:24:31,202 - root - INFO - n_initial_conditions 5
2023-06-13 15:24:31,202 - root - INFO - ics_type default
2023-06-13 15:24:31,202 - root - INFO - date_strings ['2018-09-14 00:00:00']
2023-06-13 15:24:31,202 - root - INFO - save_raw_forecasts True
2023-06-13 15:24:31,202 - root - INFO - save_channel False
2023-06-13 15:24:31,202 - root - INFO - masked_acc False
2023-06-13 15:24:31,202 - root - INFO - maskpath None
2023-06-13 15:24:31,202 - root - INFO - perturb False
2023-06-13 15:24:31,203 - root - INFO - add_grid False
2023-06-13 15:24:31,203 - root - INFO - N_grid_channels 0
2023-06-13 15:24:31,203 - root - INFO - gridtype sinusoidal
2023-06-13 15:24:31,203 - root - INFO - roll False
2023-06-13 15:24:31,203 - root - INFO - enable_nhwc False
2023-06-13 15:24:31,203 - root - INFO - optimizer_type FusedAdam
2023-06-13 15:24:31,203 - root - INFO - patch_size 8
2023-06-13 15:24:31,203 - root - INFO - width 56
2023-06-13 15:24:31,203 - root - INFO - modes 32
2023-06-13 15:24:31,203 - root - INFO - target default
2023-06-13 15:24:31,203 - root - INFO - train_data_path /work/home/acrzcyisbk/Ocean_AI_model/sample_03/train
2023-06-13 15:24:31,203 - root - INFO - valid_data_path /work/home/acrzcyisbk/Ocean_AI_model/sample_03/valid
2023-06-13 15:24:31,203 - root - INFO - test_data_path /work/home/acrzcyisbk/Ocean_AI_model/sample_03/test
2023-06-13 15:24:31,203 - root - INFO - land_mask True
2023-06-13 15:24:31,204 - root - INFO - land_mask_path /work/home/acrzcyisbk/Ocean_AI_model/sample_03/land_mask.h5
2023-06-13 15:24:31,204 - root - INFO - normalize True
2023-06-13 15:24:31,204 - root - INFO - normalization zscore
2023-06-13 15:24:31,204 - root - INFO - global_mins_path /work/home/acrzcyisbk/Ocean_AI_model/sample_03/train/global_mins.npy
2023-06-13 15:24:31,204 - root - INFO - global_maxs_path /work/home/acrzcyisbk/Ocean_AI_model/sample_03/train/global_maxs.npy
2023-06-13 15:24:31,204 - root - INFO - global_means_path /work/home/acrzcyisbk/Ocean_AI_model/sample_03/train/global_means.npy
2023-06-13 15:24:31,204 - root - INFO - global_stds_path /work/home/acrzcyisbk/Ocean_AI_model/sample_03/train/global_stds.npy
2023-06-13 15:24:31,204 - root - INFO - orography True
2023-06-13 15:24:31,204 - root - INFO - orography_norm_zscore_path /work/home/acrzcyisbk/Ocean_AI_model/sample_03/orography_norm_zscore.h5
2023-06-13 15:24:31,204 - root - INFO - orography_norm_maxmin_path /work/home/acrzcyisbk/Ocean_AI_model/sample_03/orography_norm_maxmin.h5
2023-06-13 15:24:31,204 - root - INFO - add_noise False
2023-06-13 15:24:31,204 - root - INFO - noise_std 0
2023-06-13 15:24:31,204 - root - INFO - crop_size_x None
2023-06-13 15:24:31,205 - root - INFO - crop_size_y None
2023-06-13 15:24:31,205 - root - INFO - log_to_screen True
2023-06-13 15:24:31,205 - root - INFO - save_checkpoint True
2023-06-13 15:24:31,205 - root - INFO - plot_animations False
2023-06-13 15:24:31,205 - root - INFO - epsilon_factor 0
2023-06-13 15:24:31,205 - root - INFO - world_size 16
2023-06-13 15:24:31,205 - root - INFO - local_rank 0
2023-06-13 15:24:31,205 - root - INFO - global_batch_size 32
2023-06-13 15:24:31,205 - root - INFO - enable_amp True
2023-06-13 15:24:31,205 - root - INFO - experiment_dir /home/bingxing2/home/scx6115/Ocean_AI_model/exp/model_fusion/20230613-152406
2023-06-13 15:24:31,205 - root - INFO - checkpoint_path ./exp/model_fusion/20230613-152406/training_checkpoints/ckpt.tar
2023-06-13 15:24:31,205 - root - INFO - best_checkpoint_path ./exp/model_fusion/20230613-152406/training_checkpoints/best_ckpt.tar
2023-06-13 15:24:31,205 - root - INFO - resuming False
2023-06-13 15:24:31,206 - root - INFO - entity ocean_ai_model
2023-06-13 15:24:31,206 - root - INFO - project ai4science
2023-06-13 15:24:31,206 - root - INFO - group 025_daily
2023-06-13 15:24:31,206 - root - INFO - name model_fusion_20230613-152406
2023-06-13 15:24:31,206 - root - INFO - ---------------------------------------------------
WARNING:torch.distributed.elastic.multiprocessing.api:Sending process 3695286 closing signal SIGTERM
ERROR:torch.distributed.elastic.multiprocessing.api:failed (exitcode: 1) local_rank: 1 (pid: 3695287) of binary: /home/bingxing2/home/scx6115/.conda/envs/torch2.0/bin/python
Traceback (most recent call last):
  File "/home/bingxing2/home/scx6115/.conda/envs/torch2.0/bin/torchrun", line 8, in <module>
    sys.exit(main())
  File "/home/bingxing2/home/scx6115/.conda/envs/torch2.0/lib/python3.10/site-packages/torch/distributed/elastic/multiprocessing/errors/__init__.py", line 346, in wrapper
    return f(*args, **kwargs)
  File "/home/bingxing2/home/scx6115/.conda/envs/torch2.0/lib/python3.10/site-packages/torch/distributed/run.py", line 794, in main
    run(args)
  File "/home/bingxing2/home/scx6115/.conda/envs/torch2.0/lib/python3.10/site-packages/torch/distributed/run.py", line 785, in run
    elastic_launch(
  File "/home/bingxing2/home/scx6115/.conda/envs/torch2.0/lib/python3.10/site-packages/torch/distributed/launcher/api.py", line 134, in __call__
    return launch_agent(self._config, self._entrypoint, list(args))
  File "/home/bingxing2/home/scx6115/.conda/envs/torch2.0/lib/python3.10/site-packages/torch/distributed/launcher/api.py", line 250, in launch_agent
    raise ChildFailedError(
torch.distributed.elastic.multiprocessing.errors.ChildFailedError: 
============================================================
train_025_bingxing.py FAILED
------------------------------------------------------------
Failures:
[1]:
  time      : 2023-06-13_15:24:33
  host      : paraai-n32-h-01-agent-31.paraai-n32-h-01.com
  rank      : 2 (local_rank: 2)
  exitcode  : 1 (pid: 3695288)
  error_file: <N/A>
  traceback : To enable traceback see: https://pytorch.org/docs/stable/elastic/errors.html
[2]:
  time      : 2023-06-13_15:24:33
  host      : paraai-n32-h-01-agent-31.paraai-n32-h-01.com
  rank      : 3 (local_rank: 3)
  exitcode  : 1 (pid: 3695289)
  error_file: <N/A>
  traceback : To enable traceback see: https://pytorch.org/docs/stable/elastic/errors.html
------------------------------------------------------------
Root Cause (first observed failure):
[0]:
  time      : 2023-06-13_15:24:33
  host      : paraai-n32-h-01-agent-31.paraai-n32-h-01.com
  rank      : 1 (local_rank: 1)
  exitcode  : 1 (pid: 3695287)
  error_file: <N/A>
  traceback : To enable traceback see: https://pytorch.org/docs/stable/elastic/errors.html
============================================================
