master_addr is only used for static rdzv_backend and when rdzv_endpoint is not specified.
WARNING:torch.distributed.run:
*****************************************
Setting OMP_NUM_THREADS environment variable for each process to be 1 in default, to avoid your system being overloaded, please further tune the variable for optimal performance in your application as needed. 
*****************************************
paraai-n32-h-01-agent-13
paraai-n32-h-01-agent-13
0
------------------ Configuration ------------------  /home/bingxing2/home/scx6115/Ocean_AI_model/config/Model.yaml
0
------------------ Configuration ------------------  /home/bingxing2/home/scx6115/Ocean_AI_model/config/Model.yaml
paraai-n32-h-01-agent-13
0
------------------ Configuration ------------------  /home/bingxing2/home/scx6115/Ocean_AI_model/config/Model.yaml
paraai-n32-h-01-agent-13
0
------------------ Configuration ------------------  /home/bingxing2/home/scx6115/Ocean_AI_model/config/Model.yaml
nettype Masked_AE_fusion
log_to_wandb True
lr 0.001
batch_size 64
max_epochs 100
scheduler CosineAnnealingLR
fusion_3d_2d True
in_chans 31
out_chans 25
nettypein_channels  Masked_AE_fusion[0, 1, 2, 3, 4, 5, 6, 7, 8, 9, 10, 11, 12, 13, 14, 15, 16, 17, 18, 19, 20, 21, 22, 23, 24, 25, 26, 27, 28, 29]

log_to_wandbout_channels  True[0, 1, 2, 3, 4, 5, 6, 7, 8, 9, 10, 11, 12, 13, 14, 15, 16, 17, 18, 19, 20, 21, 22, 23, 24]

lrimg_size_h  0.001720

batch_sizeimg_size_w  641440

max_epochspatch_size_h  10016

schedulerpatch_size_w  CosineAnnealingLR16

fusion_3d_2dpatch_size_d  True2

in_chansmlp_ratio  314.0

out_chansin_chans_2d  257

in_channelsout_chans_2d  1[0, 1, 2, 3, 4, 5, 6, 7, 8, 9, 10, 11, 12, 13, 14, 15, 16, 17, 18, 19, 20, 21, 22, 23, 24, 25, 26, 27, 28, 29]

in_chans_3dout_channels  4[0, 1, 2, 3, 4, 5, 6, 7, 8, 9, 10, 11, 12, 13, 14, 15, 16, 17, 18, 19, 20, 21, 22, 23, 24]

out_chans_3dimg_size_h  4720

var_depthimg_size_w  61440

embed_dimpatch_size_h  51216

depthpatch_size_w  1616

num_headspatch_size_d  162

decoder_embed_dimmlp_ratio  10244.0

decoder_depthin_chans_2d  87

decoder_num_headsout_chans_2d  161

drop_ratein_chans_3d  0.04

drop_path_rateout_chans_3d  0.04

sparsity_thresholdvar_depth  0.016

hard_thresholding_fractionembed_dim  1.0512

num_blocksdepth  816

lossnum_heads  l216

num_data_workersdecoder_embed_dim  01024

dtdecoder_depth  18

n_historydecoder_num_heads  016

prediction_typedrop_rate  iterative0.0

prediction_lengthdrop_path_rate  410.0

n_initial_conditionssparsity_threshold  50.01

ics_typehard_thresholding_fraction  default1.0

date_stringsnum_blocks  ['2018-09-14 00:00:00']8

save_raw_forecastsloss  Truel2

save_channelnum_data_workers  False0

masked_accdt  False1

maskpathn_history  None0

perturbprediction_type  Falseiterative

add_gridprediction_length  False41

N_grid_channelsn_initial_conditions  05

gridtypeics_type  sinusoidaldefault

rolldate_strings  False['2018-09-14 00:00:00']

enable_nhwcsave_raw_forecasts  FalseTrue

optimizer_typesave_channel  FusedAdamFalse

exp_dirmasked_acc  ./expFalse

patch_sizemaskpath  8None

widthperturb  56False

modesadd_grid  32False

targetN_grid_channels  default0

train_data_pathgridtype  /home/bingxing2/home/scx6115/Ocean_AI_model/sample_00/trainsinusoidal

valid_data_pathroll  /home/bingxing2/home/scx6115/Ocean_AI_model/sample_00/validFalse

test_data_pathenable_nhwc  /home/bingxing2/home/scx6115/Ocean_AI_model/sample_00/testFalse

land_maskoptimizer_type  TrueFusedAdam

land_mask_pathexp_dir  /home/bingxing2/home/scx6115/Ocean_AI_model/sample_00/land_mask.h5./exp

normalizepatch_size  True8

normalizationwidth  zscore56

global_mins_pathmodes  /home/bingxing2/home/scx6115/Ocean_AI_model/sample_00/train/global_mins.npy32

global_maxs_pathtarget  /home/bingxing2/home/scx6115/Ocean_AI_model/sample_00/train/global_maxs.npydefault

global_means_pathtrain_data_path  /home/bingxing2/home/scx6115/Ocean_AI_model/sample_00/train/global_means.npy/home/bingxing2/home/scx6115/Ocean_AI_model/sample_00/train

global_stds_pathvalid_data_path  /home/bingxing2/home/scx6115/Ocean_AI_model/sample_00/train/global_stds.npy/home/bingxing2/home/scx6115/Ocean_AI_model/sample_00/valid

orographytest_data_path  True/home/bingxing2/home/scx6115/Ocean_AI_model/sample_00/test

orography_norm_zscore_pathland_mask  /home/bingxing2/home/scx6115/Ocean_AI_model/sample_00/orography_norm_zscore.h5True

orography_norm_maxmin_pathland_mask_path  /home/bingxing2/home/scx6115/Ocean_AI_model/sample_00/orography_norm_maxmin.h5/home/bingxing2/home/scx6115/Ocean_AI_model/sample_00/land_mask.h5

add_noisenormalize  FalseTrue

noise_stdnormalization  0zscore

crop_size_xglobal_mins_path  None/home/bingxing2/home/scx6115/Ocean_AI_model/sample_00/train/global_mins.npy

crop_size_yglobal_maxs_path  None/home/bingxing2/home/scx6115/Ocean_AI_model/sample_00/train/global_maxs.npy

log_to_screenglobal_means_path  True/home/bingxing2/home/scx6115/Ocean_AI_model/sample_00/train/global_means.npy

save_checkpointglobal_stds_path  True/home/bingxing2/home/scx6115/Ocean_AI_model/sample_00/train/global_stds.npy

plot_animationsorography  FalseTrue

orography_norm_zscore_path /home/bingxing2/home/scx6115/Ocean_AI_model/sample_00/orography_norm_zscore.h5
orography_norm_maxmin_path /home/bingxing2/home/scx6115/Ocean_AI_model/sample_00/orography_norm_maxmin.h5
---------------------------------------------------add_noise
 False
noise_stdworld_size :  016

crop_size_xInitialize distributed process group... 
None
crop_size_y None
log_to_screen True
save_checkpoint True
plot_animations False
---------------------------------------------------
world_size : 16
Initialize distributed process group...
nettype Masked_AE_fusion
log_to_wandb True
lr 0.001
batch_size 64
max_epochs 100
scheduler CosineAnnealingLR
fusion_3d_2d True
in_chans 31
out_chans 25
in_channels [0, 1, 2, 3, 4, 5, 6, 7, 8, 9, 10, 11, 12, 13, 14, 15, 16, 17, 18, 19, 20, 21, 22, 23, 24, 25, 26, 27, 28, 29]
out_channels [0, 1, 2, 3, 4, 5, 6, 7, 8, 9, 10, 11, 12, 13, 14, 15, 16, 17, 18, 19, 20, 21, 22, 23, 24]
img_size_h 720
img_size_w 1440
patch_size_h 16
patch_size_w 16
patch_size_d 2
mlp_ratio 4.0
in_chans_2d 7
out_chans_2d 1
in_chans_3d 4
out_chans_3d 4
var_depth 6
embed_dim 512
depth 16
num_heads 16
decoder_embed_dim 1024
decoder_depth 8
decoder_num_heads 16
drop_rate 0.0
drop_path_rate 0.0
sparsity_threshold 0.01
hard_thresholding_fraction 1.0
num_blocks 8
loss l2
num_data_workers 0
dt 1
n_history 0
prediction_type iterative
prediction_length 41
n_initial_conditions 5
ics_type default
date_strings ['2018-09-14 00:00:00']
save_raw_forecasts True
save_channel False
masked_acc False
maskpath None
perturb False
add_grid False
N_grid_channels 0
gridtype sinusoidal
roll False
enable_nhwc False
optimizer_type FusedAdam
exp_dir ./exp
patch_size 8
width 56
modes 32
target default
train_data_path /home/bingxing2/home/scx6115/Ocean_AI_model/sample_00/train
valid_data_path /home/bingxing2/home/scx6115/Ocean_AI_model/sample_00/valid
test_data_path /home/bingxing2/home/scx6115/Ocean_AI_model/sample_00/test
land_mask True
land_mask_path /home/bingxing2/home/scx6115/Ocean_AI_model/sample_00/land_mask.h5
normalize True
normalization zscore
global_mins_path /home/bingxing2/home/scx6115/Ocean_AI_model/sample_00/train/global_mins.npy
global_maxs_path /home/bingxing2/home/scx6115/Ocean_AI_model/sample_00/train/global_maxs.npy
global_means_path /home/bingxing2/home/scx6115/Ocean_AI_model/sample_00/train/global_means.npy
global_stds_path /home/bingxing2/home/scx6115/Ocean_AI_model/sample_00/train/global_stds.npy
orography True
orography_norm_zscore_path /home/bingxing2/home/scx6115/Ocean_AI_model/sample_00/orography_norm_zscore.h5
orography_norm_maxmin_path /home/bingxing2/home/scx6115/Ocean_AI_model/sample_00/orography_norm_maxmin.h5
add_noise False
noise_std 0
crop_size_x None
crop_size_y None
log_to_screen True
save_checkpoint True
plot_animations False
---------------------------------------------------
world_size : 16
Initialize distributed process group...
nettype Masked_AE_fusion
log_to_wandb True
lr 0.001
batch_size 64
max_epochs 100
scheduler CosineAnnealingLR
fusion_3d_2d True
in_chans 31
out_chans 25
in_channels [0, 1, 2, 3, 4, 5, 6, 7, 8, 9, 10, 11, 12, 13, 14, 15, 16, 17, 18, 19, 20, 21, 22, 23, 24, 25, 26, 27, 28, 29]
out_channels [0, 1, 2, 3, 4, 5, 6, 7, 8, 9, 10, 11, 12, 13, 14, 15, 16, 17, 18, 19, 20, 21, 22, 23, 24]
img_size_h 720
img_size_w 1440
patch_size_h 16
patch_size_w 16
patch_size_d 2
mlp_ratio 4.0
in_chans_2d 7
out_chans_2d 1
in_chans_3d 4
out_chans_3d 4
var_depth 6
embed_dim 512
depth 16
num_heads 16
decoder_embed_dim 1024
decoder_depth 8
decoder_num_heads 16
drop_rate 0.0
drop_path_rate 0.0
sparsity_threshold 0.01
hard_thresholding_fraction 1.0
num_blocks 8
loss l2
num_data_workers 0
dt 1
n_history 0
prediction_type iterative
prediction_length 41
n_initial_conditions 5
ics_type default
date_strings ['2018-09-14 00:00:00']
save_raw_forecasts True
save_channel False
masked_acc False
maskpath None
perturb False
add_grid False
N_grid_channels 0
gridtype sinusoidal
roll False
enable_nhwc False
optimizer_type FusedAdam
exp_dir ./exp
patch_size 8
width 56
modes 32
target default
train_data_path /home/bingxing2/home/scx6115/Ocean_AI_model/sample_00/train
valid_data_path /home/bingxing2/home/scx6115/Ocean_AI_model/sample_00/valid
test_data_path /home/bingxing2/home/scx6115/Ocean_AI_model/sample_00/test
land_mask True
land_mask_path /home/bingxing2/home/scx6115/Ocean_AI_model/sample_00/land_mask.h5
normalize True
normalization zscore
global_mins_path /home/bingxing2/home/scx6115/Ocean_AI_model/sample_00/train/global_mins.npy
global_maxs_path /home/bingxing2/home/scx6115/Ocean_AI_model/sample_00/train/global_maxs.npy
global_means_path /home/bingxing2/home/scx6115/Ocean_AI_model/sample_00/train/global_means.npy
global_stds_path /home/bingxing2/home/scx6115/Ocean_AI_model/sample_00/train/global_stds.npy
orography True
orography_norm_zscore_path /home/bingxing2/home/scx6115/Ocean_AI_model/sample_00/orography_norm_zscore.h5
orography_norm_maxmin_path /home/bingxing2/home/scx6115/Ocean_AI_model/sample_00/orography_norm_maxmin.h5
add_noise False
noise_std 0
crop_size_x None
crop_size_y None
log_to_screen True
save_checkpoint True
plot_animations False
---------------------------------------------------
world_size : 16
Initialize distributed process group...
2023-06-13 20:32:40,412 - torch.distributed.distributed_c10d - INFO - Added key: store_based_barrier_key:1 to store for rank: 1
2023-06-13 20:32:41,392 - torch.distributed.distributed_c10d - INFO - Added key: store_based_barrier_key:1 to store for rank: 2
2023-06-13 20:32:41,392 - torch.distributed.distributed_c10d - INFO - Added key: store_based_barrier_key:1 to store for rank: 3
2023-06-13 20:32:41,398 - torch.distributed.distributed_c10d - INFO - Added key: store_based_barrier_key:1 to store for rank: 0
2023-06-13 20:32:41,398 - torch.distributed.distributed_c10d - INFO - Rank 0: Completed store-based barrier for key:store_based_barrier_key:1 with 16 nodes.
2023-06-13 20:32:41,402 - torch.distributed.distributed_c10d - INFO - Rank 1: Completed store-based barrier for key:store_based_barrier_key:1 with 16 nodes.
2023-06-13 20:32:41,402 - torch.distributed.distributed_c10d - INFO - Rank 2: Completed store-based barrier for key:store_based_barrier_key:1 with 16 nodes.
2023-06-13 20:32:41,402 - torch.distributed.distributed_c10d - INFO - Rank 3: Completed store-based barrier for key:store_based_barrier_key:1 with 16 nodes.
2023-06-13 20:32:41,461 - root - INFO - device: cuda:3
2023-06-13 20:32:41,462 - root - INFO - rank 3, begin data loader init
2023-06-13 20:32:41,469 - root - INFO - Getting file stats from /home/bingxing2/home/scx6115/Ocean_AI_model/sample_00/train/2000.h5
2023-06-13 20:32:41,470 - root - INFO - Number of samples per year: 365
2023-06-13 20:32:41,471 - root - INFO - Found data at path /home/bingxing2/home/scx6115/Ocean_AI_model/sample_00/train. Number of examples: 4015. Image Shape: 720 x 1440 x 30
2023-06-13 20:32:41,471 - root - INFO - Delta t: 1 days
2023-06-13 20:32:41,471 - root - INFO - Including 0 days of past history in training at a frequency of 1 days
2023-06-13 20:32:41,473 - root - INFO - device: cuda:1
2023-06-13 20:32:41,474 - root - INFO - rank 1, begin data loader init
2023-06-13 20:32:41,475 - root - INFO - Getting file stats from /home/bingxing2/home/scx6115/Ocean_AI_model/sample_00/train/2000.h5
2023-06-13 20:32:41,477 - root - INFO - Number of samples per year: 365
2023-06-13 20:32:41,477 - root - INFO - Found data at path /home/bingxing2/home/scx6115/Ocean_AI_model/sample_00/train. Number of examples: 4015. Image Shape: 720 x 1440 x 30
2023-06-13 20:32:41,477 - root - INFO - Delta t: 1 days
2023-06-13 20:32:41,477 - root - INFO - Including 0 days of past history in training at a frequency of 1 days
2023-06-13 20:32:41,477 - root - INFO - device: cuda:2
2023-06-13 20:32:41,477 - root - INFO - rank 2, begin data loader init
2023-06-13 20:32:41,479 - root - INFO - Getting file stats from /home/bingxing2/home/scx6115/Ocean_AI_model/sample_00/train/2000.h5
2023-06-13 20:32:41,480 - root - INFO - Number of samples per year: 365
2023-06-13 20:32:41,480 - root - INFO - Found data at path /home/bingxing2/home/scx6115/Ocean_AI_model/sample_00/train. Number of examples: 4015. Image Shape: 720 x 1440 x 30
2023-06-13 20:32:41,480 - root - INFO - Delta t: 1 days
2023-06-13 20:32:41,480 - root - INFO - Including 0 days of past history in training at a frequency of 1 days
2023-06-13 20:32:41,513 - root - INFO - Getting file stats from /home/bingxing2/home/scx6115/Ocean_AI_model/sample_00/valid/2011.h5
2023-06-13 20:32:41,513 - root - INFO - Getting file stats from /home/bingxing2/home/scx6115/Ocean_AI_model/sample_00/valid/2011.h5
2023-06-13 20:32:41,513 - root - INFO - Getting file stats from /home/bingxing2/home/scx6115/Ocean_AI_model/sample_00/valid/2011.h5
2023-06-13 20:32:41,514 - root - INFO - Number of samples per year: 364
2023-06-13 20:32:41,514 - root - INFO - Number of samples per year: 364
2023-06-13 20:32:41,514 - root - INFO - Found data at path /home/bingxing2/home/scx6115/Ocean_AI_model/sample_00/valid. Number of examples: 364. Image Shape: 720 x 1440 x 30
2023-06-13 20:32:41,514 - root - INFO - Found data at path /home/bingxing2/home/scx6115/Ocean_AI_model/sample_00/valid. Number of examples: 364. Image Shape: 720 x 1440 x 30
2023-06-13 20:32:41,514 - root - INFO - Delta t: 1 days
2023-06-13 20:32:41,514 - root - INFO - Number of samples per year: 364
2023-06-13 20:32:41,514 - root - INFO - Delta t: 1 days
2023-06-13 20:32:41,514 - root - INFO - Including 0 days of past history in training at a frequency of 1 days
2023-06-13 20:32:41,514 - root - INFO - Found data at path /home/bingxing2/home/scx6115/Ocean_AI_model/sample_00/valid. Number of examples: 364. Image Shape: 720 x 1440 x 30
2023-06-13 20:32:41,514 - root - INFO - Including 0 days of past history in training at a frequency of 1 days
2023-06-13 20:32:41,514 - root - INFO - Delta t: 1 days
2023-06-13 20:32:41,514 - root - INFO - rank 2, data loader initialized
2023-06-13 20:32:41,514 - root - INFO - Including 0 days of past history in training at a frequency of 1 days
2023-06-13 20:32:41,514 - root - INFO - rank 3, data loader initialized
2023-06-13 20:32:41,514 - root - INFO - rank 1, data loader initialized
2023-06-13 20:32:41,577 - root - INFO - ------------------ Configuration ------------------
2023-06-13 20:32:41,577 - root - INFO - Configuration file: /home/bingxing2/home/scx6115/Ocean_AI_model/config/Model.yaml
2023-06-13 20:32:41,578 - root - INFO - Configuration name: Masked_AE_fusion
2023-06-13 20:32:41,578 - root - INFO - nettype Masked_AE_fusion
2023-06-13 20:32:41,578 - root - INFO - log_to_wandb True
2023-06-13 20:32:41,578 - root - INFO - lr 0.001
2023-06-13 20:32:41,578 - root - INFO - batch_size 4
2023-06-13 20:32:41,578 - root - INFO - max_epochs 100
2023-06-13 20:32:41,578 - root - INFO - scheduler CosineAnnealingLR
2023-06-13 20:32:41,578 - root - INFO - fusion_3d_2d True
2023-06-13 20:32:41,578 - root - INFO - in_chans 31
2023-06-13 20:32:41,578 - root - INFO - out_chans 25
2023-06-13 20:32:41,578 - root - INFO - in_channels [0, 1, 2, 3, 4, 5, 6, 7, 8, 9, 10, 11, 12, 13, 14, 15, 16, 17, 18, 19, 20, 21, 22, 23, 24, 25, 26, 27, 28, 29]
2023-06-13 20:32:41,578 - root - INFO - out_channels [0, 1, 2, 3, 4, 5, 6, 7, 8, 9, 10, 11, 12, 13, 14, 15, 16, 17, 18, 19, 20, 21, 22, 23, 24]
2023-06-13 20:32:41,579 - root - INFO - img_size_h 720
2023-06-13 20:32:41,579 - root - INFO - img_size_w 1440
2023-06-13 20:32:41,579 - root - INFO - patch_size_h 16
2023-06-13 20:32:41,579 - root - INFO - patch_size_w 16
2023-06-13 20:32:41,579 - root - INFO - patch_size_d 2
2023-06-13 20:32:41,579 - root - INFO - mlp_ratio 4.0
2023-06-13 20:32:41,579 - root - INFO - in_chans_2d 7
2023-06-13 20:32:41,579 - root - INFO - out_chans_2d 1
2023-06-13 20:32:41,579 - root - INFO - in_chans_3d 4
2023-06-13 20:32:41,579 - root - INFO - out_chans_3d 4
2023-06-13 20:32:41,579 - root - INFO - var_depth 6
2023-06-13 20:32:41,579 - root - INFO - embed_dim 512
2023-06-13 20:32:41,579 - root - INFO - depth 16
2023-06-13 20:32:41,579 - root - INFO - num_heads 16
2023-06-13 20:32:41,580 - root - INFO - decoder_embed_dim 1024
2023-06-13 20:32:41,580 - root - INFO - decoder_depth 8
2023-06-13 20:32:41,580 - root - INFO - decoder_num_heads 16
2023-06-13 20:32:41,580 - root - INFO - drop_rate 0.0
2023-06-13 20:32:41,580 - root - INFO - drop_path_rate 0.0
2023-06-13 20:32:41,580 - root - INFO - sparsity_threshold 0.01
2023-06-13 20:32:41,580 - root - INFO - hard_thresholding_fraction 1.0
2023-06-13 20:32:41,580 - root - INFO - num_blocks 8
2023-06-13 20:32:41,580 - root - INFO - loss l2
2023-06-13 20:32:41,580 - root - INFO - num_data_workers 0
2023-06-13 20:32:41,580 - root - INFO - dt 1
2023-06-13 20:32:41,580 - root - INFO - n_history 0
2023-06-13 20:32:41,580 - root - INFO - prediction_type iterative
2023-06-13 20:32:41,581 - root - INFO - prediction_length 41
2023-06-13 20:32:41,581 - root - INFO - n_initial_conditions 5
2023-06-13 20:32:41,581 - root - INFO - ics_type default
2023-06-13 20:32:41,581 - root - INFO - date_strings ['2018-09-14 00:00:00']
2023-06-13 20:32:41,581 - root - INFO - save_raw_forecasts True
2023-06-13 20:32:41,581 - root - INFO - save_channel False
2023-06-13 20:32:41,581 - root - INFO - masked_acc False
2023-06-13 20:32:41,581 - root - INFO - maskpath None
2023-06-13 20:32:41,581 - root - INFO - perturb False
2023-06-13 20:32:41,581 - root - INFO - add_grid False
2023-06-13 20:32:41,581 - root - INFO - N_grid_channels 0
2023-06-13 20:32:41,581 - root - INFO - gridtype sinusoidal
2023-06-13 20:32:41,581 - root - INFO - roll False
2023-06-13 20:32:41,582 - root - INFO - enable_nhwc False
2023-06-13 20:32:41,582 - root - INFO - optimizer_type FusedAdam
2023-06-13 20:32:41,582 - root - INFO - exp_dir ./exp
2023-06-13 20:32:41,582 - root - INFO - patch_size 8
2023-06-13 20:32:41,582 - root - INFO - width 56
2023-06-13 20:32:41,582 - root - INFO - modes 32
2023-06-13 20:32:41,582 - root - INFO - target default
2023-06-13 20:32:41,582 - root - INFO - train_data_path /home/bingxing2/home/scx6115/Ocean_AI_model/sample_00/train
2023-06-13 20:32:41,582 - root - INFO - valid_data_path /home/bingxing2/home/scx6115/Ocean_AI_model/sample_00/valid
2023-06-13 20:32:41,582 - root - INFO - test_data_path /home/bingxing2/home/scx6115/Ocean_AI_model/sample_00/test
2023-06-13 20:32:41,582 - root - INFO - land_mask True
2023-06-13 20:32:41,582 - root - INFO - land_mask_path /home/bingxing2/home/scx6115/Ocean_AI_model/sample_00/land_mask.h5
2023-06-13 20:32:41,582 - root - INFO - normalize True
2023-06-13 20:32:41,582 - root - INFO - normalization zscore
2023-06-13 20:32:41,583 - root - INFO - global_mins_path /home/bingxing2/home/scx6115/Ocean_AI_model/sample_00/train/global_mins.npy
2023-06-13 20:32:41,583 - root - INFO - global_maxs_path /home/bingxing2/home/scx6115/Ocean_AI_model/sample_00/train/global_maxs.npy
2023-06-13 20:32:41,583 - root - INFO - global_means_path /home/bingxing2/home/scx6115/Ocean_AI_model/sample_00/train/global_means.npy
2023-06-13 20:32:41,583 - root - INFO - global_stds_path /home/bingxing2/home/scx6115/Ocean_AI_model/sample_00/train/global_stds.npy
2023-06-13 20:32:41,583 - root - INFO - orography True
2023-06-13 20:32:41,583 - root - INFO - orography_norm_zscore_path /home/bingxing2/home/scx6115/Ocean_AI_model/sample_00/orography_norm_zscore.h5
2023-06-13 20:32:41,583 - root - INFO - orography_norm_maxmin_path /home/bingxing2/home/scx6115/Ocean_AI_model/sample_00/orography_norm_maxmin.h5
2023-06-13 20:32:41,583 - root - INFO - add_noise False
2023-06-13 20:32:41,583 - root - INFO - noise_std 0
2023-06-13 20:32:41,583 - root - INFO - crop_size_x None
2023-06-13 20:32:41,583 - root - INFO - crop_size_y None
2023-06-13 20:32:41,583 - root - INFO - log_to_screen True
2023-06-13 20:32:41,583 - root - INFO - save_checkpoint True
2023-06-13 20:32:41,583 - root - INFO - plot_animations False
2023-06-13 20:32:41,584 - root - INFO - epsilon_factor 0
2023-06-13 20:32:41,584 - root - INFO - world_size 16
2023-06-13 20:32:41,584 - root - INFO - local_rank 0
2023-06-13 20:32:41,584 - root - INFO - global_batch_size 64
2023-06-13 20:32:41,584 - root - INFO - enable_amp True
2023-06-13 20:32:41,584 - root - INFO - experiment_dir /home/bingxing2/home/scx6115/Ocean_AI_model/exp/Masked_AE_fusion/20230613-203219
2023-06-13 20:32:41,584 - root - INFO - checkpoint_path ./exp/Masked_AE_fusion/20230613-203219/training_checkpoints/ckpt.tar
2023-06-13 20:32:41,584 - root - INFO - best_checkpoint_path ./exp/Masked_AE_fusion/20230613-203219/training_checkpoints/best_ckpt.tar
2023-06-13 20:32:41,584 - root - INFO - resuming False
2023-06-13 20:32:41,584 - root - INFO - entity ocean_ai_model
2023-06-13 20:32:41,584 - root - INFO - project ai4science
2023-06-13 20:32:41,584 - root - INFO - group 025_daily
2023-06-13 20:32:41,584 - root - INFO - name Masked_AE_fusion_20230613-203219
2023-06-13 20:32:41,584 - root - INFO - ---------------------------------------------------
wandb: Tracking run with wandb version 0.15.3
wandb: W&B syncing is set to `offline` in this directory.  
wandb: Run `wandb online` or set WANDB_MODE=online to enable cloud syncing.
2023-06-13 20:32:50,855 - root - INFO - device: cuda:0
2023-06-13 20:32:50,855 - root - INFO - rank 0, begin data loader init
2023-06-13 20:32:50,857 - root - INFO - Getting file stats from /home/bingxing2/home/scx6115/Ocean_AI_model/sample_00/train/2000.h5
2023-06-13 20:32:50,858 - root - INFO - Number of samples per year: 365
2023-06-13 20:32:50,859 - root - INFO - Found data at path /home/bingxing2/home/scx6115/Ocean_AI_model/sample_00/train. Number of examples: 4015. Image Shape: 720 x 1440 x 30
2023-06-13 20:32:50,859 - root - INFO - Delta t: 1 days
2023-06-13 20:32:50,859 - root - INFO - Including 0 days of past history in training at a frequency of 1 days
2023-06-13 20:32:50,861 - root - INFO - Getting file stats from /home/bingxing2/home/scx6115/Ocean_AI_model/sample_00/valid/2011.h5
2023-06-13 20:32:50,862 - root - INFO - Number of samples per year: 364
2023-06-13 20:32:50,863 - root - INFO - Found data at path /home/bingxing2/home/scx6115/Ocean_AI_model/sample_00/valid. Number of examples: 364. Image Shape: 720 x 1440 x 30
2023-06-13 20:32:50,863 - root - INFO - Delta t: 1 days
2023-06-13 20:32:50,863 - root - INFO - Including 0 days of past history in training at a frequency of 1 days
2023-06-13 20:32:50,863 - root - INFO - rank 0, data loader initialized
paraai-n32-h-01-agent-13:623157:623157 [0] NCCL INFO Bootstrap : Using eth0:172.16.5.146<0>
paraai-n32-h-01-agent-13:623157:623157 [0] NCCL INFO NET/Plugin : No plugin found (libnccl-net.so), using internal implementation
paraai-n32-h-01-agent-13:623157:623157 [0] NCCL INFO cudaDriverVersion 11060
NCCL version 2.14.3+cuda11.7
paraai-n32-h-01-agent-13:623160:623160 [3] NCCL INFO cudaDriverVersion 11060
paraai-n32-h-01-agent-13:623159:623159 [2] NCCL INFO cudaDriverVersion 11060
paraai-n32-h-01-agent-13:623158:623158 [1] NCCL INFO cudaDriverVersion 11060
paraai-n32-h-01-agent-13:623157:624217 [0] NCCL INFO NCCL_IB_DISABLE set by environment to 0.
paraai-n32-h-01-agent-13:623159:623159 [2] NCCL INFO Bootstrap : Using eth0:172.16.5.146<0>
paraai-n32-h-01-agent-13:623160:623160 [3] NCCL INFO Bootstrap : Using eth0:172.16.5.146<0>
paraai-n32-h-01-agent-13:623159:623159 [2] NCCL INFO NET/Plugin : No plugin found (libnccl-net.so), using internal implementation
paraai-n32-h-01-agent-13:623160:623160 [3] NCCL INFO NET/Plugin : No plugin found (libnccl-net.so), using internal implementation
paraai-n32-h-01-agent-13:623158:623158 [1] NCCL INFO Bootstrap : Using eth0:172.16.5.146<0>
paraai-n32-h-01-agent-13:623159:624220 [2] NCCL INFO NCCL_IB_DISABLE set by environment to 0.
paraai-n32-h-01-agent-13:623160:624221 [3] NCCL INFO NCCL_IB_DISABLE set by environment to 0.
paraai-n32-h-01-agent-13:623158:623158 [1] NCCL INFO NET/Plugin : No plugin found (libnccl-net.so), using internal implementation
paraai-n32-h-01-agent-13:623157:624217 [0] NCCL INFO NET/IB : Using [0]mlx5_0:1/RoCE [1]mlx5_1:1/RoCE [2]mlx5_2:1/RoCE [3]mlx5_3:1/RoCE [RO]; OOB eth0:172.16.5.146<0>
paraai-n32-h-01-agent-13:623157:624217 [0] NCCL INFO Using network IB
paraai-n32-h-01-agent-13:623158:624227 [1] NCCL INFO NCCL_IB_DISABLE set by environment to 0.
paraai-n32-h-01-agent-13:623159:624220 [2] NCCL INFO NET/IB : Using [0]mlx5_0:1/RoCE [1]mlx5_1:1/RoCE [2]mlx5_2:1/RoCE [3]mlx5_3:1/RoCE [RO]; OOB eth0:172.16.5.146<0>
paraai-n32-h-01-agent-13:623159:624220 [2] NCCL INFO Using network IB
paraai-n32-h-01-agent-13:623160:624221 [3] NCCL INFO NET/IB : Using [0]mlx5_0:1/RoCE [1]mlx5_1:1/RoCE [2]mlx5_2:1/RoCE [3]mlx5_3:1/RoCE [RO]; OOB eth0:172.16.5.146<0>
paraai-n32-h-01-agent-13:623160:624221 [3] NCCL INFO Using network IB
paraai-n32-h-01-agent-13:623158:624227 [1] NCCL INFO NET/IB : Using [0]mlx5_0:1/RoCE [1]mlx5_1:1/RoCE [2]mlx5_2:1/RoCE [3]mlx5_3:1/RoCE [RO]; OOB eth0:172.16.5.146<0>
paraai-n32-h-01-agent-13:623158:624227 [1] NCCL INFO Using network IB
paraai-n32-h-01-agent-13:623159:624220 [2] NCCL INFO Setting affinity for GPU 2 to ffffffff,00000000,00000000
paraai-n32-h-01-agent-13:623158:624227 [1] NCCL INFO Setting affinity for GPU 1 to ffffffff
paraai-n32-h-01-agent-13:623157:624217 [0] NCCL INFO Setting affinity for GPU 0 to ffffffff
paraai-n32-h-01-agent-13:623160:624221 [3] NCCL INFO Setting affinity for GPU 3 to ffffffff,00000000,00000000
paraai-n32-h-01-agent-13:623157:624217 [0] NCCL INFO Channel 00/02 :    0   1   2   3   4   5   6   7   8   9  10  11  12  13  14  15
paraai-n32-h-01-agent-13:623160:624221 [3] NCCL INFO Trees [0] -1/-1/-1->3->2 [1] -1/-1/-1->3->2
paraai-n32-h-01-agent-13:623159:624220 [2] NCCL INFO Trees [0] 3/-1/-1->2->1 [1] 3/-1/-1->2->1
paraai-n32-h-01-agent-13:623157:624217 [0] NCCL INFO Channel 01/02 :    0   1   2   3   4   5   6   7   8   9  10  11  12  13  14  15
paraai-n32-h-01-agent-13:623158:624227 [1] NCCL INFO Trees [0] 2/-1/-1->1->0 [1] 2/-1/-1->1->0
paraai-n32-h-01-agent-13:623157:624217 [0] NCCL INFO Trees [0] 1/8/-1->0->-1 [1] 1/-1/-1->0->4
paraai-n32-h-01-agent-13:623159:624220 [2] NCCL INFO Channel 00 : 2[81000] -> 3[82000] via SHM/direct/direct
paraai-n32-h-01-agent-13:623159:624220 [2] NCCL INFO Channel 01 : 2[81000] -> 3[82000] via SHM/direct/direct
paraai-n32-h-01-agent-13:623157:624217 [0] NCCL INFO Channel 00/0 : 15[82000] -> 0[1000] [receive] via NET/IB/0
paraai-n32-h-01-agent-13:623157:624217 [0] NCCL INFO Channel 01/0 : 15[82000] -> 0[1000] [receive] via NET/IB/0
paraai-n32-h-01-agent-13:623157:624217 [0] NCCL INFO Channel 00 : 0[1000] -> 1[2000] via SHM/direct/direct
paraai-n32-h-01-agent-13:623157:624217 [0] NCCL INFO Channel 01 : 0[1000] -> 1[2000] via SHM/direct/direct
paraai-n32-h-01-agent-13:623158:624227 [1] NCCL INFO Channel 00 : 1[2000] -> 2[81000] via SHM/direct/direct
paraai-n32-h-01-agent-13:623158:624227 [1] NCCL INFO Channel 01 : 1[2000] -> 2[81000] via SHM/direct/direct
paraai-n32-h-01-agent-13:623158:624227 [1] NCCL INFO Connected all rings
paraai-n32-h-01-agent-13:623158:624227 [1] NCCL INFO Channel 00 : 1[2000] -> 0[1000] via SHM/direct/direct
paraai-n32-h-01-agent-13:623158:624227 [1] NCCL INFO Channel 01 : 1[2000] -> 0[1000] via SHM/direct/direct
paraai-n32-h-01-agent-13:623160:624221 [3] NCCL INFO Channel 00/0 : 3[82000] -> 4[1000] [send] via NET/IB/0
paraai-n32-h-01-agent-13:623160:624221 [3] NCCL INFO Channel 01/0 : 3[82000] -> 4[1000] [send] via NET/IB/0
paraai-n32-h-01-agent-13:623160:624241 [3] NCCL INFO NCCL_IB_GID_INDEX set by environment to 3.
paraai-n32-h-01-agent-13:623160:624221 [3] NCCL INFO Connected all rings
paraai-n32-h-01-agent-13:623160:624221 [3] NCCL INFO Channel 00 : 3[82000] -> 2[81000] via SHM/direct/direct
paraai-n32-h-01-agent-13:623160:624221 [3] NCCL INFO Channel 01 : 3[82000] -> 2[81000] via SHM/direct/direct
paraai-n32-h-01-agent-13:623157:624240 [0] NCCL INFO NCCL_IB_GID_INDEX set by environment to 3.
paraai-n32-h-01-agent-13:623159:624220 [2] NCCL INFO Connected all rings
paraai-n32-h-01-agent-13:623157:624240 [0] NCCL INFO NCCL_IB_TIMEOUT set by environment to 23.
paraai-n32-h-01-agent-13:623157:624240 [0] NCCL INFO NCCL_IB_RETRY_CNT set by environment to 7.
paraai-n32-h-01-agent-13:623159:624220 [2] NCCL INFO Channel 00 : 2[81000] -> 1[2000] via SHM/direct/direct
paraai-n32-h-01-agent-13:623159:624220 [2] NCCL INFO Channel 01 : 2[81000] -> 1[2000] via SHM/direct/direct
paraai-n32-h-01-agent-13:623160:624221 [3] NCCL INFO Connected all trees
paraai-n32-h-01-agent-13:623160:624221 [3] NCCL INFO threadThresholds 8/8/64 | 128/8/64 | 512 | 512
paraai-n32-h-01-agent-13:623160:624221 [3] NCCL INFO 2 coll channels, 2 p2p channels, 2 p2p channels per peer
paraai-n32-h-01-agent-13:623159:624220 [2] NCCL INFO Connected all trees
paraai-n32-h-01-agent-13:623159:624220 [2] NCCL INFO threadThresholds 8/8/64 | 128/8/64 | 512 | 512
paraai-n32-h-01-agent-13:623159:624220 [2] NCCL INFO 2 coll channels, 2 p2p channels, 2 p2p channels per peer
paraai-n32-h-01-agent-13:623157:624217 [0] NCCL INFO Connected all rings
paraai-n32-h-01-agent-13:623157:624217 [0] NCCL INFO Channel 01/0 : 0[1000] -> 4[1000] [send] via NET/IB/0
paraai-n32-h-01-agent-13:623157:624217 [0] NCCL INFO Channel 00/0 : 8[1000] -> 0[1000] [receive] via NET/IB/0
paraai-n32-h-01-agent-13:623157:624217 [0] NCCL INFO Channel 00/0 : 0[1000] -> 8[1000] [send] via NET/IB/0
paraai-n32-h-01-agent-13:623157:624217 [0] NCCL INFO Channel 01/0 : 4[1000] -> 0[1000] [receive] via NET/IB/0
paraai-n32-h-01-agent-13:623157:624217 [0] NCCL INFO Connected all trees
paraai-n32-h-01-agent-13:623157:624217 [0] NCCL INFO threadThresholds 8/8/64 | 128/8/64 | 512 | 512
paraai-n32-h-01-agent-13:623157:624217 [0] NCCL INFO 2 coll channels, 2 p2p channels, 2 p2p channels per peer
paraai-n32-h-01-agent-13:623158:624227 [1] NCCL INFO Connected all trees
paraai-n32-h-01-agent-13:623158:624227 [1] NCCL INFO threadThresholds 8/8/64 | 128/8/64 | 512 | 512
paraai-n32-h-01-agent-13:623158:624227 [1] NCCL INFO 2 coll channels, 2 p2p channels, 2 p2p channels per peer
paraai-n32-h-01-agent-13:623158:624227 [1] NCCL INFO comm 0x32aee300 rank 1 nranks 16 cudaDev 1 busId 2000 - Init COMPLETE
paraai-n32-h-01-agent-13:623160:624221 [3] NCCL INFO comm 0x2326c500 rank 3 nranks 16 cudaDev 3 busId 82000 - Init COMPLETE
paraai-n32-h-01-agent-13:623157:624217 [0] NCCL INFO comm 0x47ace740 rank 0 nranks 16 cudaDev 0 busId 1000 - Init COMPLETE
paraai-n32-h-01-agent-13:623159:624220 [2] NCCL INFO comm 0x327b6740 rank 2 nranks 16 cudaDev 2 busId 81000 - Init COMPLETE
paraai-n32-h-01-agent-13:623160:624243 [3] NCCL INFO NCCL_IB_TIMEOUT set by environment to 23.
paraai-n32-h-01-agent-13:623160:624243 [3] NCCL INFO NCCL_IB_RETRY_CNT set by environment to 7.
2023-06-13 20:33:02,169 - root - INFO - Number of trainable model parameters: 374483080
2023-06-13 20:33:02,170 - root - INFO - Starting Training Loop...
Traceback (most recent call last):
  File "/home/bingxing2/home/scx6115/Ocean_AI_model/train_025_bingxing.py", line 489, in <module>
    trainer.train()
  File "/home/bingxing2/home/scx6115/Ocean_AI_model/train_025_bingxing.py", line 140, in train
    tr_time, data_time, train_logs = self.train_one_epoch()
  File "/home/bingxing2/home/scx6115/Ocean_AI_model/train_025_bingxing.py", line 226, in train_one_epoch
    gen = self.model(inp_2d, inp_3d, mask_ratio=0)
  File "/home/bingxing2/home/scx6115/.conda/envs/torch2.0/lib/python3.10/site-packages/torch/nn/modules/module.py", line 1501, in _call_impl
    return forward_call(*args, **kwargs)
  File "/home/bingxing2/home/scx6115/.conda/envs/torch2.0/lib/python3.10/site-packages/torch/nn/parallel/distributed.py", line 1156, in forward
    output = self._run_ddp_forward(*inputs, **kwargs)
  File "/home/bingxing2/home/scx6115/.conda/envs/torch2.0/lib/python3.10/site-packages/torch/nn/parallel/distributed.py", line 1110, in _run_ddp_forward
    return module_to_run(*inputs[0], **kwargs[0])  # type: ignore[index]
  File "/home/bingxing2/home/scx6115/.conda/envs/torch2.0/lib/python3.10/site-packages/torch/nn/modules/module.py", line 1501, in _call_impl
    return forward_call(*args, **kwargs)
  File "/home/bingxing2/home/scx6115/Ocean_AI_model/networks/Masked_AE_fusion.py", line 264, in forward
    x = self.forward_decoder(x, ids_restore)  # [N, L, p*p*3]
  File "/home/bingxing2/home/scx6115/Ocean_AI_model/networks/Masked_AE_fusion.py", line 239, in forward_decoder
    x = blk(x)
  File "/home/bingxing2/home/scx6115/.conda/envs/torch2.0/lib/python3.10/site-packages/torch/nn/modules/module.py", line 1501, in _call_impl
    return forward_call(*args, **kwargs)
  File "/home/bingxing2/home/scx6115/Ocean_AI_model/networks/fourier_block_Masked_AE_Ocean.py", line 127, in forward
    x = self.norm1(x)
  File "/home/bingxing2/home/scx6115/.conda/envs/torch2.0/lib/python3.10/site-packages/torch/nn/modules/module.py", line 1501, in _call_impl
    return forward_call(*args, **kwargs)
  File "/home/bingxing2/home/scx6115/.conda/envs/torch2.0/lib/python3.10/site-packages/torch/nn/modules/normalization.py", line 190, in forward
    return F.layer_norm(
  File "/home/bingxing2/home/scx6115/.conda/envs/torch2.0/lib/python3.10/site-packages/torch/nn/functional.py", line 2515, in layer_norm
    return torch.layer_norm(input, normalized_shape, weight, bias, eps, torch.backends.cudnn.enabled)
torch.cuda.OutOfMemoryError: CUDA out of memory. Tried to allocate 254.00 MiB (GPU 0; 39.41 GiB total capacity; 37.17 GiB already allocated; 246.50 MiB free; 37.47 GiB reserved in total by PyTorch) If reserved memory is >> allocated memory try setting max_split_size_mb to avoid fragmentation.  See documentation for Memory Management and PYTORCH_CUDA_ALLOC_CONF
wandb: Waiting for W&B process to finish... (failed 1).
Traceback (most recent call last):
  File "/home/bingxing2/home/scx6115/Ocean_AI_model/train_025_bingxing.py", line 489, in <module>
    trainer.train()
  File "/home/bingxing2/home/scx6115/Ocean_AI_model/train_025_bingxing.py", line 140, in train
    tr_time, data_time, train_logs = self.train_one_epoch() 
  File "/home/bingxing2/home/scx6115/Ocean_AI_model/train_025_bingxing.py", line 226, in train_one_epoch
    gen = self.model(inp_2d, inp_3d, mask_ratio=0)
  File "/home/bingxing2/home/scx6115/.conda/envs/torch2.0/lib/python3.10/site-packages/torch/nn/modules/module.py", line 1501, in _call_impl
    return forward_call(*args, **kwargs)
  File "/home/bingxing2/home/scx6115/.conda/envs/torch2.0/lib/python3.10/site-packages/torch/nn/parallel/distributed.py", line 1156, in forward
    output = self._run_ddp_forward(*inputs, **kwargs)
  File "/home/bingxing2/home/scx6115/.conda/envs/torch2.0/lib/python3.10/site-packages/torch/nn/parallel/distributed.py", line 1110, in _run_ddp_forward
    return module_to_run(*inputs[0], **kwargs[0])  # type: ignore[index]
  File "/home/bingxing2/home/scx6115/.conda/envs/torch2.0/lib/python3.10/site-packages/torch/nn/modules/module.py", line 1501, in _call_impl
    return forward_call(*args, **kwargs)
  File "/home/bingxing2/home/scx6115/Ocean_AI_model/networks/Masked_AE_fusion.py", line 264, in forward
    x = self.forward_decoder(x, ids_restore)  # [N, L, p*p*3]
  File "/home/bingxing2/home/scx6115/Ocean_AI_model/networks/Masked_AE_fusion.py", line 239, in forward_decoder
    x = blk(x)
  File "/home/bingxing2/home/scx6115/.conda/envs/torch2.0/lib/python3.10/site-packages/torch/nn/modules/module.py", line 1501, in _call_impl
    return forward_call(*args, **kwargs)
  File "/home/bingxing2/home/scx6115/Ocean_AI_model/networks/fourier_block_Masked_AE_Ocean.py", line 127, in forward
    x = self.norm1(x)
  File "/home/bingxing2/home/scx6115/.conda/envs/torch2.0/lib/python3.10/site-packages/torch/nn/modules/module.py", line 1501, in _call_impl
    return forward_call(*args, **kwargs)
  File "/home/bingxing2/home/scx6115/.conda/envs/torch2.0/lib/python3.10/site-packages/torch/nn/modules/normalization.py", line 190, in forward
    return F.layer_norm(
  File "/home/bingxing2/home/scx6115/.conda/envs/torch2.0/lib/python3.10/site-packages/torch/nn/functional.py", line 2515, in layer_norm
    return torch.layer_norm(input, normalized_shape, weight, bias, eps, torch.backends.cudnn.enabled)
torch.cuda.OutOfMemoryError: CUDA out of memory. Tried to allocate 254.00 MiB (GPU 2; 39.41 GiB total capacity; 37.17 GiB already allocated; 246.50 MiB free; 37.47 GiB reserved in total by PyTorch) If reserved memory is >> allocated memory try setting max_split_size_mb to avoid fragmentation.  See documentation for Memory Management and PYTORCH_CUDA_ALLOC_CONF
Traceback (most recent call last):
  File "/home/bingxing2/home/scx6115/Ocean_AI_model/train_025_bingxing.py", line 489, in <module>
    trainer.train()
  File "/home/bingxing2/home/scx6115/Ocean_AI_model/train_025_bingxing.py", line 140, in train
    tr_time, data_time, train_logs = self.train_one_epoch() 
  File "/home/bingxing2/home/scx6115/Ocean_AI_model/train_025_bingxing.py", line 226, in train_one_epoch
    gen = self.model(inp_2d, inp_3d, mask_ratio=0)
  File "/home/bingxing2/home/scx6115/.conda/envs/torch2.0/lib/python3.10/site-packages/torch/nn/modules/module.py", line 1501, in _call_impl
    return forward_call(*args, **kwargs)
  File "/home/bingxing2/home/scx6115/.conda/envs/torch2.0/lib/python3.10/site-packages/torch/nn/parallel/distributed.py", line 1156, in forward
    output = self._run_ddp_forward(*inputs, **kwargs)
  File "/home/bingxing2/home/scx6115/.conda/envs/torch2.0/lib/python3.10/site-packages/torch/nn/parallel/distributed.py", line 1110, in _run_ddp_forward
    return module_to_run(*inputs[0], **kwargs[0])  # type: ignore[index]
  File "/home/bingxing2/home/scx6115/.conda/envs/torch2.0/lib/python3.10/site-packages/torch/nn/modules/module.py", line 1501, in _call_impl
    return forward_call(*args, **kwargs)
  File "/home/bingxing2/home/scx6115/Ocean_AI_model/networks/Masked_AE_fusion.py", line 264, in forward
    x = self.forward_decoder(x, ids_restore)  # [N, L, p*p*3]
  File "/home/bingxing2/home/scx6115/Ocean_AI_model/networks/Masked_AE_fusion.py", line 239, in forward_decoder
    x = blk(x)
  File "/home/bingxing2/home/scx6115/.conda/envs/torch2.0/lib/python3.10/site-packages/torch/nn/modules/module.py", line 1501, in _call_impl
    return forward_call(*args, **kwargs)
  File "/home/bingxing2/home/scx6115/Ocean_AI_model/networks/fourier_block_Masked_AE_Ocean.py", line 127, in forward
    x = self.norm1(x)
  File "/home/bingxing2/home/scx6115/.conda/envs/torch2.0/lib/python3.10/site-packages/torch/nn/modules/module.py", line 1501, in _call_impl
    return forward_call(*args, **kwargs)
  File "/home/bingxing2/home/scx6115/.conda/envs/torch2.0/lib/python3.10/site-packages/torch/nn/modules/normalization.py", line 190, in forward
    return F.layer_norm(
  File "/home/bingxing2/home/scx6115/.conda/envs/torch2.0/lib/python3.10/site-packages/torch/nn/functional.py", line 2515, in layer_norm
    return torch.layer_norm(input, normalized_shape, weight, bias, eps, torch.backends.cudnn.enabled)
torch.cuda.OutOfMemoryError: CUDA out of memory. Tried to allocate 254.00 MiB (GPU 1; 39.41 GiB total capacity; 37.17 GiB already allocated; 246.50 MiB free; 37.47 GiB reserved in total by PyTorch) If reserved memory is >> allocated memory try setting max_split_size_mb to avoid fragmentation.  See documentation for Memory Management and PYTORCH_CUDA_ALLOC_CONF
Traceback (most recent call last):
  File "/home/bingxing2/home/scx6115/Ocean_AI_model/train_025_bingxing.py", line 489, in <module>
    trainer.train()
  File "/home/bingxing2/home/scx6115/Ocean_AI_model/train_025_bingxing.py", line 140, in train
    tr_time, data_time, train_logs = self.train_one_epoch() 
  File "/home/bingxing2/home/scx6115/Ocean_AI_model/train_025_bingxing.py", line 226, in train_one_epoch
    gen = self.model(inp_2d, inp_3d, mask_ratio=0)
  File "/home/bingxing2/home/scx6115/.conda/envs/torch2.0/lib/python3.10/site-packages/torch/nn/modules/module.py", line 1501, in _call_impl
    return forward_call(*args, **kwargs)
  File "/home/bingxing2/home/scx6115/.conda/envs/torch2.0/lib/python3.10/site-packages/torch/nn/parallel/distributed.py", line 1156, in forward
    output = self._run_ddp_forward(*inputs, **kwargs)
  File "/home/bingxing2/home/scx6115/.conda/envs/torch2.0/lib/python3.10/site-packages/torch/nn/parallel/distributed.py", line 1110, in _run_ddp_forward
    return module_to_run(*inputs[0], **kwargs[0])  # type: ignore[index]
  File "/home/bingxing2/home/scx6115/.conda/envs/torch2.0/lib/python3.10/site-packages/torch/nn/modules/module.py", line 1501, in _call_impl
    return forward_call(*args, **kwargs)
  File "/home/bingxing2/home/scx6115/Ocean_AI_model/networks/Masked_AE_fusion.py", line 264, in forward
    x = self.forward_decoder(x, ids_restore)  # [N, L, p*p*3]
  File "/home/bingxing2/home/scx6115/Ocean_AI_model/networks/Masked_AE_fusion.py", line 239, in forward_decoder
    x = blk(x)
  File "/home/bingxing2/home/scx6115/.conda/envs/torch2.0/lib/python3.10/site-packages/torch/nn/modules/module.py", line 1501, in _call_impl
    return forward_call(*args, **kwargs)
  File "/home/bingxing2/home/scx6115/Ocean_AI_model/networks/fourier_block_Masked_AE_Ocean.py", line 127, in forward
    x = self.norm1(x)
  File "/home/bingxing2/home/scx6115/.conda/envs/torch2.0/lib/python3.10/site-packages/torch/nn/modules/module.py", line 1501, in _call_impl
    return forward_call(*args, **kwargs)
  File "/home/bingxing2/home/scx6115/.conda/envs/torch2.0/lib/python3.10/site-packages/torch/nn/modules/normalization.py", line 190, in forward
    return F.layer_norm(
  File "/home/bingxing2/home/scx6115/.conda/envs/torch2.0/lib/python3.10/site-packages/torch/nn/functional.py", line 2515, in layer_norm
    return torch.layer_norm(input, normalized_shape, weight, bias, eps, torch.backends.cudnn.enabled)
torch.cuda.OutOfMemoryError: CUDA out of memory. Tried to allocate 254.00 MiB (GPU 3; 39.41 GiB total capacity; 37.17 GiB already allocated; 246.50 MiB free; 37.47 GiB reserved in total by PyTorch) If reserved memory is >> allocated memory try setting max_split_size_mb to avoid fragmentation.  See documentation for Memory Management and PYTORCH_CUDA_ALLOC_CONF
paraai-n32-h-01-agent-13:623159:624238 [2] NCCL INFO [Service thread] Connection closed by localRank 2
paraai-n32-h-01-agent-13:623159:623159 [2] NCCL INFO comm 0x327b6740 rank 2 nranks 16 cudaDev 2 busId 81000 - Abort COMPLETE
paraai-n32-h-01-agent-13:623158:624239 [1] NCCL INFO [Service thread] Connection closed by localRank 1
paraai-n32-h-01-agent-13:623158:623158 [1] NCCL INFO comm 0x32aee300 rank 1 nranks 16 cudaDev 1 busId 2000 - Abort COMPLETE
paraai-n32-h-01-agent-13:623160:624241 [3] NCCL INFO [Service thread] Connection closed by localRank 3
paraai-n32-h-01-agent-13:623160:623160 [3] NCCL INFO comm 0x2326c500 rank 3 nranks 16 cudaDev 3 busId 82000 - Abort COMPLETE
wandb: You can sync this run to the cloud by running:
wandb: wandb sync /home/bingxing2/home/scx6115/Ocean_AI_model/wandb/offline-run-20230613_203243-dyonzw2g
wandb: Find logs at: ./wandb/offline-run-20230613_203243-dyonzw2g/logs
WARNING:torch.distributed.elastic.multiprocessing.api:Sending process 623157 closing signal SIGTERM
ERROR:torch.distributed.elastic.multiprocessing.api:failed (exitcode: 1) local_rank: 1 (pid: 623158) of binary: /home/bingxing2/home/scx6115/.conda/envs/torch2.0/bin/python
Traceback (most recent call last):
  File "/home/bingxing2/home/scx6115/.conda/envs/torch2.0/bin/torchrun", line 8, in <module>
    sys.exit(main())
  File "/home/bingxing2/home/scx6115/.conda/envs/torch2.0/lib/python3.10/site-packages/torch/distributed/elastic/multiprocessing/errors/__init__.py", line 346, in wrapper
    return f(*args, **kwargs)
  File "/home/bingxing2/home/scx6115/.conda/envs/torch2.0/lib/python3.10/site-packages/torch/distributed/run.py", line 794, in main
    run(args)
  File "/home/bingxing2/home/scx6115/.conda/envs/torch2.0/lib/python3.10/site-packages/torch/distributed/run.py", line 785, in run
    elastic_launch(
  File "/home/bingxing2/home/scx6115/.conda/envs/torch2.0/lib/python3.10/site-packages/torch/distributed/launcher/api.py", line 134, in __call__
    return launch_agent(self._config, self._entrypoint, list(args))
  File "/home/bingxing2/home/scx6115/.conda/envs/torch2.0/lib/python3.10/site-packages/torch/distributed/launcher/api.py", line 250, in launch_agent
    raise ChildFailedError(
torch.distributed.elastic.multiprocessing.errors.ChildFailedError: 
============================================================
train_025_bingxing.py FAILED
------------------------------------------------------------
Failures:
[1]:
  time      : 2023-06-13_20:33:14
  host      : paraai-n32-h-01-agent-13.paraai-n32-h-01.com
  rank      : 2 (local_rank: 2)
  exitcode  : 1 (pid: 623159)
  error_file: <N/A>
  traceback : To enable traceback see: https://pytorch.org/docs/stable/elastic/errors.html
[2]:
  time      : 2023-06-13_20:33:14
  host      : paraai-n32-h-01-agent-13.paraai-n32-h-01.com
  rank      : 3 (local_rank: 3)
  exitcode  : 1 (pid: 623160)
  error_file: <N/A>
  traceback : To enable traceback see: https://pytorch.org/docs/stable/elastic/errors.html
------------------------------------------------------------
Root Cause (first observed failure):
[0]:
  time      : 2023-06-13_20:33:14
  host      : paraai-n32-h-01-agent-13.paraai-n32-h-01.com
  rank      : 1 (local_rank: 1)
  exitcode  : 1 (pid: 623158)
  error_file: <N/A>
  traceback : To enable traceback see: https://pytorch.org/docs/stable/elastic/errors.html
============================================================
