master_addr is only used for static rdzv_backend and when rdzv_endpoint is not specified.
WARNING:torch.distributed.run:
*****************************************
Setting OMP_NUM_THREADS environment variable for each process to be 1 in default, to avoid your system being overloaded, please further tune the variable for optimal performance in your application as needed. 
*****************************************
paraai-n32-h-01-agent-89
0
paraai-n32-h-01-agent-89
------------------ Configuration ------------------  /home/bingxing2/home/scx6115/Ocean_AI_model/config/AFNO.yaml
paraai-n32-h-01-agent-89
0
------------------ Configuration ------------------  /home/bingxing2/home/scx6115/Ocean_AI_model/config/AFNO.yaml
0
------------------ Configuration ------------------  /home/bingxing2/home/scx6115/Ocean_AI_model/config/AFNO.yaml
paraai-n32-h-01-agent-89
0
------------------ Configuration ------------------  /home/bingxing2/home/scx6115/Ocean_AI_model/config/AFNO.yaml
log_to_wandb True
lr 0.0005
batch_size 32
max_epochs 500
scheduler CosineAnnealingLR
in_channels [0, 1, 2, 3, 4, 5, 6, 7, 8, 9, 10, 11, 12, 13, 14, 15, 16, 17, 18, 19, 20, 21, 22, 23, 24, 25, 26, 27, 28, 29]
out_channels [0, 1, 2, 3, 4, 5, 6, 7, 8, 9, 10, 11, 12, 13, 14, 15, 16, 17, 18, 19, 20, 21, 22, 23, 24]
N_in_channels 31
N_out_channels 25
img_size_h 720
img_size_w 1440
patch_size_h 5
patch_size_w 5
loss l2
num_data_workers 8
dt 1
n_history 0
prediction_type iterative
prediction_length 30
n_initial_conditions 5
ics_type default
save_raw_forecastslog_to_wandb True 
Truesave_channel
 False
masked_acclr  False
maskpath0.0005 
None
batch_sizeperturb  32False

max_epochs add_grid500 
False
schedulerN_grid_channels  CosineAnnealingLR0

in_channelsgridtype  sinusoidal
roll [0, 1, 2, 3, 4, 5, 6, 7, 8, 9, 10, 11, 12, 13, 14, 15, 16, 17, 18, 19, 20, 21, 22, 23, 24, 25, 26, 27, 28, 29]False

num_blocks out_channels8 
nettype [0, 1, 2, 3, 4, 5, 6, 7, 8, 9, 10, 11, 12, 13, 14, 15, 16, 17, 18, 19, 20, 21, 22, 23, 24]afno
log_to_wandb
N_in_channels  Truepatch_size31 

8
N_out_channelslrwidth   2556

0.0005img_size_h
modes  72032batch_size
 
32targetimg_size_w
  default1440
max_epochs
enable_nhwc  500patch_size_hFalse
 
5scheduler
optimizer_type  patch_size_wFusedAdamCosineAnnealingLR 

5log_to_wandbnormalize
in_channels  True lossTrue
 
l2normalization[0, 1, 2, 3, 4, 5, 6, 7, 8, 9, 10, 11, 12, 13, 14, 15, 16, 17, 18, 19, 20, 21, 22, 23, 24, 25, 26, 27, 28, 29]
 
zscorenum_data_workers
lr out_channels global_mins_path 8 
./sample_00/train/global_mins.npy0.0005[0, 1, 2, 3, 4, 5, 6, 7, 8, 9, 10, 11, 12, 13, 14, 15, 16, 17, 18, 19, 20, 21, 22, 23, 24]dt


 global_maxs_pathN_in_channels1 
 batch_size./sample_00/train/global_maxs.npy31 n_history

32 global_means_pathN_out_channels0
 
 25./sample_00/train/global_means.npy
max_epochs
prediction_typeimg_size_h   global_stds_path500iterative720
 

./sample_00/train/global_stds.npyprediction_lengthschedulerimg_size_w
   train_data_path301440 CosineAnnealingLR
./sample_00/train


n_initial_conditionspatch_size_hin_channelsvalid_data_path    55./sample_00/valid


ics_type[0, 1, 2, 3, 4, 5, 6, 7, 8, 9, 10, 11, 12, 13, 14, 15, 16, 17, 18, 19, 20, 21, 22, 23, 24, 25, 26, 27, 28, 29]test_data_path patch_size_wdefault
  
./sample_00/test5out_channelssave_raw_forecasts

  land_masklossTrue  [0, 1, 2, 3, 4, 5, 6, 7, 8, 9, 10, 11, 12, 13, 14, 15, 16, 17, 18, 19, 20, 21, 22, 23, 24]Truel2



land_mask_path N_in_channels./sample_00/land_mask.h5save_channel
num_data_workers   orographyFalse831 


Truemasked_accN_out_channels 
Falsedt orography_norm_zscore_path
  25maskpath./sample_00/orography_norm_zscore.h51
 

Noneimg_size_horography_norm_maxmin_pathn_history
   720perturb0./sample_00/orography_norm_maxmin.h5
 

Falseimg_size_w
prediction_typeexp_dir  add_griditerative 1440 
./expFalse

prediction_length
 add_noisepatch_size_hN_grid_channels30   
5False0
n_initial_conditions

 patch_size_w5noise_stdgridtype   
0sinusoidal5
ics_type

 crop_size_xlossdefaultroll 
  Nonesave_raw_forecastsl2False
 

Truecrop_size_y
 num_blocksNonenum_data_workers
save_channel  log_to_screen8 8 
False
True
nettypedt
  masked_accafnosave_checkpoint1  
False
Truepatch_size

n_history maskpath plot_animations8  
NoneFalse0width


 prediction_typeperturb56  iterative
False

modesprediction_length add_grid 32 30
False

targetn_initial_conditionsN_grid_channels  default 
50enable_nhwc

 ics_typegridtypeFalse  
defaultsinusoidal
optimizer_type
 save_raw_forecastsFusedAdamroll 
 ---------------------------------------------------TrueFalsenormalize


 num_blocksTruesave_channel 
8 
normalizationFalse nettype
zscore 
masked_accafnoworld_size : 
 Falseglobal_mins_path16 patch_size
./sample_00/train/global_mins.npy
 maskpath
8Initialize distributed process group... global_maxs_path

None width
./sample_00/train/global_maxs.npy 
56perturbglobal_means_path
  Falsemodes./sample_00/train/global_means.npy
 
32add_grid
global_stds_path  Falsetarget./sample_00/train/global_stds.npy
 
N_grid_channelsdefault 
train_data_path0 
enable_nhwc./sample_00/train gridtype
False 
valid_data_pathsinusoidal optimizer_type
./sample_00/valid roll
FusedAdam test_data_path
False 
normalize./sample_00/test num_blocks
True 
land_mask8normalization  
Truezscore

nettypeland_mask_path  global_mins_pathafno./sample_00/land_mask.h5 

./sample_00/train/global_mins.npypatch_size
orography  global_maxs_path8True 

./sample_00/train/global_maxs.npywidth
orography_norm_zscore_path  global_means_path56./sample_00/orography_norm_zscore.h5 

./sample_00/train/global_means.npymodes
 orography_norm_maxmin_path32 global_stds_path
./sample_00/orography_norm_maxmin.h5 
./sample_00/train/global_stds.npytargetexp_dir 
 default./exptrain_data_path

 enable_nhwc./sample_00/trainadd_noise 
 FalseFalsevalid_data_path

 optimizer_type./sample_00/validnoise_std 
 FusedAdamtest_data_path
0 
normalize./sample_00/testcrop_size_x 
 TrueNoneland_mask
 
normalizationTrue 
crop_size_yzscore land_mask_path
None 
global_mins_path./sample_00/land_mask.h5log_to_screen
  ./sample_00/train/global_mins.npyorographyTrue
 
Trueglobal_maxs_pathsave_checkpoint
  orography_norm_zscore_path./sample_00/train/global_maxs.npyTrue 

./sample_00/orography_norm_zscore.h5global_means_path
plot_animations  orography_norm_maxmin_path./sample_00/train/global_means.npyFalse 

./sample_00/orography_norm_maxmin.h5global_stds_path
 exp_dir./sample_00/train/global_stds.npy 
./exptrain_data_path
 ./sample_00/trainadd_noise
 valid_data_pathFalse
 ./sample_00/validnoise_std
 0test_data_path
 ./sample_00/testcrop_size_x
 land_maskNone 
Truecrop_size_y
 Noneland_mask_path
 ---------------------------------------------------log_to_screen./sample_00/land_mask.h5
 
Trueorography
 Truesave_checkpoint
 True
orography_norm_zscore_pathplot_animations world_size :./sample_00/orography_norm_zscore.h5  
False16
orography_norm_maxmin_path
 Initialize distributed process group..../sample_00/orography_norm_maxmin.h5

exp_dir ./exp
add_noise False
noise_std 0
crop_size_x None
crop_size_y None
log_to_screen True
save_checkpoint True---------------------------------------------------

plot_animations False
world_size : 16
Initialize distributed process group...
---------------------------------------------------
world_size : 16
Initialize distributed process group...
2023-06-09 15:51:37,220 - torch.distributed.distributed_c10d - INFO - Added key: store_based_barrier_key:1 to store for rank: 5
2023-06-09 15:51:37,220 - torch.distributed.distributed_c10d - INFO - Added key: store_based_barrier_key:1 to store for rank: 7
2023-06-09 15:51:37,220 - torch.distributed.distributed_c10d - INFO - Added key: store_based_barrier_key:1 to store for rank: 4
2023-06-09 15:51:37,220 - torch.distributed.distributed_c10d - INFO - Added key: store_based_barrier_key:1 to store for rank: 6
2023-06-09 15:51:37,720 - torch.distributed.distributed_c10d - INFO - Rank 7: Completed store-based barrier for key:store_based_barrier_key:1 with 16 nodes.
2023-06-09 15:51:37,720 - torch.distributed.distributed_c10d - INFO - Rank 5: Completed store-based barrier for key:store_based_barrier_key:1 with 16 nodes.
2023-06-09 15:51:37,720 - torch.distributed.distributed_c10d - INFO - Rank 4: Completed store-based barrier for key:store_based_barrier_key:1 with 16 nodes.
2023-06-09 15:51:37,720 - torch.distributed.distributed_c10d - INFO - Rank 6: Completed store-based barrier for key:store_based_barrier_key:1 with 16 nodes.
2023-06-09 15:51:37,782 - root - INFO - device: cuda:2
2023-06-09 15:51:37,782 - root - INFO - rank 6, begin data loader init
2023-06-09 15:51:37,783 - root - INFO - device: cuda:1
2023-06-09 15:51:37,783 - root - INFO - rank 5, begin data loader init
2023-06-09 15:51:37,786 - root - INFO - device: cuda:3
2023-06-09 15:51:37,786 - root - INFO - rank 7, begin data loader init
2023-06-09 15:51:37,786 - root - INFO - device: cuda:0
2023-06-09 15:51:37,786 - root - INFO - rank 4, begin data loader init
2023-06-09 15:51:37,816 - root - INFO - Getting file stats from ./sample_00/train/2000.h5
2023-06-09 15:51:37,816 - root - INFO - Getting file stats from ./sample_00/train/2000.h5
2023-06-09 15:51:37,816 - root - INFO - Getting file stats from ./sample_00/train/2000.h5
2023-06-09 15:51:37,816 - root - INFO - Getting file stats from ./sample_00/train/2000.h5
2023-06-09 15:51:37,817 - root - INFO - Number of samples per year: 365
2023-06-09 15:51:37,817 - root - INFO - Number of samples per year: 365
2023-06-09 15:51:37,817 - root - INFO - Number of samples per year: 365
2023-06-09 15:51:37,817 - root - INFO - Found data at path ./sample_00/train. Number of examples: 4015. Image Shape: 720 x 1440 x 30
2023-06-09 15:51:37,817 - root - INFO - Found data at path ./sample_00/train. Number of examples: 4015. Image Shape: 720 x 1440 x 30
2023-06-09 15:51:37,817 - root - INFO - Delta t: 1 days
2023-06-09 15:51:37,817 - root - INFO - Found data at path ./sample_00/train. Number of examples: 4015. Image Shape: 720 x 1440 x 30
2023-06-09 15:51:37,817 - root - INFO - Delta t: 1 days
2023-06-09 15:51:37,817 - root - INFO - Including 0 days of past history in training at a frequency of 1 days
2023-06-09 15:51:37,817 - root - INFO - Delta t: 1 days
2023-06-09 15:51:37,817 - root - INFO - Including 0 days of past history in training at a frequency of 1 days
2023-06-09 15:51:37,817 - root - INFO - Including 0 days of past history in training at a frequency of 1 days
2023-06-09 15:51:37,817 - root - INFO - Number of samples per year: 365
2023-06-09 15:51:37,817 - root - INFO - Found data at path ./sample_00/train. Number of examples: 4015. Image Shape: 720 x 1440 x 30
2023-06-09 15:51:37,817 - root - INFO - Delta t: 1 days
2023-06-09 15:51:37,817 - root - INFO - Including 0 days of past history in training at a frequency of 1 days
2023-06-09 15:51:37,863 - root - INFO - Getting file stats from ./sample_00/valid/2011.h5
2023-06-09 15:51:37,863 - root - INFO - Getting file stats from ./sample_00/valid/2011.h5
2023-06-09 15:51:37,863 - root - INFO - Getting file stats from ./sample_00/valid/2011.h5
2023-06-09 15:51:37,863 - root - INFO - Getting file stats from ./sample_00/valid/2011.h5
2023-06-09 15:51:37,864 - root - INFO - Number of samples per year: 364
2023-06-09 15:51:37,864 - root - INFO - Number of samples per year: 364
2023-06-09 15:51:37,864 - root - INFO - Number of samples per year: 364
2023-06-09 15:51:37,864 - root - INFO - Found data at path ./sample_00/valid. Number of examples: 364. Image Shape: 720 x 1440 x 30
2023-06-09 15:51:37,864 - root - INFO - Found data at path ./sample_00/valid. Number of examples: 364. Image Shape: 720 x 1440 x 30
2023-06-09 15:51:37,864 - root - INFO - Number of samples per year: 364
2023-06-09 15:51:37,864 - root - INFO - Delta t: 1 days
2023-06-09 15:51:37,864 - root - INFO - Delta t: 1 days
2023-06-09 15:51:37,864 - root - INFO - Found data at path ./sample_00/valid. Number of examples: 364. Image Shape: 720 x 1440 x 30
2023-06-09 15:51:37,864 - root - INFO - Including 0 days of past history in training at a frequency of 1 days
2023-06-09 15:51:37,864 - root - INFO - Including 0 days of past history in training at a frequency of 1 days
2023-06-09 15:51:37,864 - root - INFO - Found data at path ./sample_00/valid. Number of examples: 364. Image Shape: 720 x 1440 x 30
2023-06-09 15:51:37,864 - root - INFO - Delta t: 1 days
2023-06-09 15:51:37,864 - root - INFO - Including 0 days of past history in training at a frequency of 1 days
2023-06-09 15:51:37,864 - root - INFO - Delta t: 1 days
2023-06-09 15:51:37,864 - root - INFO - Including 0 days of past history in training at a frequency of 1 days
2023-06-09 15:51:37,865 - root - INFO - rank 7, data loader initialized
2023-06-09 15:51:37,865 - root - INFO - rank 4, data loader initialized
2023-06-09 15:51:37,865 - root - INFO - rank 6, data loader initialized
2023-06-09 15:51:37,865 - root - INFO - rank 5, data loader initialized
paraai-n32-h-01-agent-89:1236254:1236254 [3] NCCL INFO cudaDriverVersion 11060
paraai-n32-h-01-agent-89:1236251:1236251 [0] NCCL INFO cudaDriverVersion 11060
paraai-n32-h-01-agent-89:1236253:1236253 [2] NCCL INFO cudaDriverVersion 11060
paraai-n32-h-01-agent-89:1236252:1236252 [1] NCCL INFO cudaDriverVersion 11060
paraai-n32-h-01-agent-89:1236251:1236251 [0] NCCL INFO Bootstrap : Using eth0:172.16.5.27<0>
paraai-n32-h-01-agent-89:1236254:1236254 [3] NCCL INFO Bootstrap : Using eth0:172.16.5.27<0>
paraai-n32-h-01-agent-89:1236252:1236252 [1] NCCL INFO Bootstrap : Using eth0:172.16.5.27<0>
paraai-n32-h-01-agent-89:1236253:1236253 [2] NCCL INFO Bootstrap : Using eth0:172.16.5.27<0>
paraai-n32-h-01-agent-89:1236251:1236251 [0] NCCL INFO NET/Plugin : No plugin found (libnccl-net.so), using internal implementation
paraai-n32-h-01-agent-89:1236254:1236254 [3] NCCL INFO NET/Plugin : No plugin found (libnccl-net.so), using internal implementation
paraai-n32-h-01-agent-89:1236252:1236252 [1] NCCL INFO NET/Plugin : No plugin found (libnccl-net.so), using internal implementation
paraai-n32-h-01-agent-89:1236253:1236253 [2] NCCL INFO NET/Plugin : No plugin found (libnccl-net.so), using internal implementation
paraai-n32-h-01-agent-89:1236251:1237253 [0] NCCL INFO NCCL_IB_DISABLE set by environment to 0.
paraai-n32-h-01-agent-89:1236253:1237254 [2] NCCL INFO NCCL_IB_DISABLE set by environment to 0.
paraai-n32-h-01-agent-89:1236254:1237255 [3] NCCL INFO NCCL_IB_DISABLE set by environment to 0.
paraai-n32-h-01-agent-89:1236252:1237256 [1] NCCL INFO NCCL_IB_DISABLE set by environment to 0.
paraai-n32-h-01-agent-89:1236253:1237254 [2] NCCL INFO NET/IB : Using [0]mlx5_0:1/RoCE [1]mlx5_1:1/RoCE [2]mlx5_2:1/RoCE [3]mlx5_3:1/RoCE [RO]; OOB eth0:172.16.5.27<0>
paraai-n32-h-01-agent-89:1236253:1237254 [2] NCCL INFO Using network IB
paraai-n32-h-01-agent-89:1236254:1237255 [3] NCCL INFO NET/IB : Using [0]mlx5_0:1/RoCE [1]mlx5_1:1/RoCE [2]mlx5_2:1/RoCE [3]mlx5_3:1/RoCE [RO]; OOB eth0:172.16.5.27<0>
paraai-n32-h-01-agent-89:1236252:1237256 [1] NCCL INFO NET/IB : Using [0]mlx5_0:1/RoCE [1]mlx5_1:1/RoCE [2]mlx5_2:1/RoCE [3]mlx5_3:1/RoCE [RO]; OOB eth0:172.16.5.27<0>
paraai-n32-h-01-agent-89:1236252:1237256 [1] NCCL INFO Using network IB
paraai-n32-h-01-agent-89:1236254:1237255 [3] NCCL INFO Using network IB
paraai-n32-h-01-agent-89:1236251:1237253 [0] NCCL INFO NET/IB : Using [0]mlx5_0:1/RoCE [1]mlx5_1:1/RoCE [2]mlx5_2:1/RoCE [3]mlx5_3:1/RoCE [RO]; OOB eth0:172.16.5.27<0>
paraai-n32-h-01-agent-89:1236251:1237253 [0] NCCL INFO Using network IB
paraai-n32-h-01-agent-89:1236251:1237253 [0] NCCL INFO Setting affinity for GPU 0 to ffffffff
paraai-n32-h-01-agent-89:1236254:1237255 [3] NCCL INFO Setting affinity for GPU 3 to ffffffff,00000000,00000000
paraai-n32-h-01-agent-89:1236253:1237254 [2] NCCL INFO Setting affinity for GPU 2 to ffffffff,00000000,00000000
paraai-n32-h-01-agent-89:1236252:1237256 [1] NCCL INFO Setting affinity for GPU 1 to ffffffff
paraai-n32-h-01-agent-89:1236254:1237255 [3] NCCL INFO Trees [0] -1/-1/-1->7->6 [1] -1/-1/-1->7->6
paraai-n32-h-01-agent-89:1236251:1237253 [0] NCCL INFO Trees [0] 5/-1/-1->4->9 [1] 5/0/-1->4->12
paraai-n32-h-01-agent-89:1236252:1237256 [1] NCCL INFO Trees [0] 6/-1/-1->5->4 [1] 6/8/-1->5->4
paraai-n32-h-01-agent-89:1236253:1237254 [2] NCCL INFO Trees [0] 7/-1/-1->6->5 [1] 7/-1/-1->6->5
paraai-n32-h-01-agent-89:1236252:1237256 [1] NCCL INFO Channel 00 : 5[2000] -> 6[81000] via SHM/direct/direct
paraai-n32-h-01-agent-89:1236252:1237256 [1] NCCL INFO Channel 01 : 5[2000] -> 6[81000] via SHM/direct/direct
paraai-n32-h-01-agent-89:1236253:1237254 [2] NCCL INFO Channel 00 : 6[81000] -> 7[82000] via SHM/direct/direct
paraai-n32-h-01-agent-89:1236253:1237254 [2] NCCL INFO Channel 01 : 6[81000] -> 7[82000] via SHM/direct/direct
paraai-n32-h-01-agent-89:1236254:1237255 [3] NCCL INFO Channel 00/0 : 7[82000] -> 8[1000] [send] via NET/IB/0
paraai-n32-h-01-agent-89:1236251:1237253 [0] NCCL INFO Channel 00/0 : 3[82000] -> 4[1000] [receive] via NET/IB/0
paraai-n32-h-01-agent-89:1236254:1237255 [3] NCCL INFO Channel 01/0 : 7[82000] -> 8[1000] [send] via NET/IB/0
paraai-n32-h-01-agent-89:1236253:1237254 [2] NCCL INFO Connected all rings
paraai-n32-h-01-agent-89:1236253:1237254 [2] NCCL INFO Channel 00 : 6[81000] -> 5[2000] via SHM/direct/direct
paraai-n32-h-01-agent-89:1236253:1237254 [2] NCCL INFO Channel 01 : 6[81000] -> 5[2000] via SHM/direct/direct
paraai-n32-h-01-agent-89:1236254:1237276 [3] NCCL INFO NCCL_IB_GID_INDEX set by environment to 3.
paraai-n32-h-01-agent-89:1236254:1237255 [3] NCCL INFO Connected all rings
paraai-n32-h-01-agent-89:1236254:1237255 [3] NCCL INFO Channel 00 : 7[82000] -> 6[81000] via SHM/direct/direct
paraai-n32-h-01-agent-89:1236254:1237255 [3] NCCL INFO Channel 01 : 7[82000] -> 6[81000] via SHM/direct/direct
paraai-n32-h-01-agent-89:1236254:1237255 [3] NCCL INFO Connected all trees
paraai-n32-h-01-agent-89:1236254:1237255 [3] NCCL INFO threadThresholds 8/8/64 | 128/8/64 | 512 | 512
paraai-n32-h-01-agent-89:1236254:1237255 [3] NCCL INFO 2 coll channels, 2 p2p channels, 2 p2p channels per peer
paraai-n32-h-01-agent-89:1236251:1237253 [0] NCCL INFO Channel 01/0 : 3[82000] -> 4[1000] [receive] via NET/IB/0
paraai-n32-h-01-agent-89:1236251:1237253 [0] NCCL INFO Channel 00 : 4[1000] -> 5[2000] via SHM/direct/direct
paraai-n32-h-01-agent-89:1236251:1237253 [0] NCCL INFO Channel 01 : 4[1000] -> 5[2000] via SHM/direct/direct
paraai-n32-h-01-agent-89:1236251:1237274 [0] NCCL INFO NCCL_IB_GID_INDEX set by environment to 3.
paraai-n32-h-01-agent-89:1236252:1237256 [1] NCCL INFO Connected all rings
paraai-n32-h-01-agent-89:1236251:1237274 [0] NCCL INFO NCCL_IB_TIMEOUT set by environment to 23.
paraai-n32-h-01-agent-89:1236251:1237274 [0] NCCL INFO NCCL_IB_RETRY_CNT set by environment to 7.
paraai-n32-h-01-agent-89:1236251:1237253 [0] NCCL INFO Connected all rings
paraai-n32-h-01-agent-89:1236251:1237253 [0] NCCL INFO Channel 01/0 : 0[1000] -> 4[1000] [receive] via NET/IB/0
paraai-n32-h-01-agent-89:1236252:1237256 [1] NCCL INFO Channel 01/0 : 5[2000] -> 8[1000] [send] via NET/IB/0
paraai-n32-h-01-agent-89:1236252:1237277 [1] NCCL INFO NCCL_IB_GID_INDEX set by environment to 3.
paraai-n32-h-01-agent-89:1236251:1237253 [0] NCCL INFO Channel 00/0 : 4[1000] -> 9[2000] [send] via NET/IB/0
paraai-n32-h-01-agent-89:1236252:1237256 [1] NCCL INFO Channel 01/0 : 8[1000] -> 5[2000] [receive] via NET/IB/0
paraai-n32-h-01-agent-89:1236251:1237253 [0] NCCL INFO Channel 01/0 : 12[1000] -> 4[1000] [receive] via NET/IB/0
paraai-n32-h-01-agent-89:1236251:1237253 [0] NCCL INFO Channel 01/0 : 4[1000] -> 12[1000] [send] via NET/IB/0
paraai-n32-h-01-agent-89:1236251:1237253 [0] NCCL INFO Channel 00/0 : 9[2000] -> 4[1000] [receive] via NET/IB/0
paraai-n32-h-01-agent-89:1236252:1237277 [1] NCCL INFO NCCL_IB_TIMEOUT set by environment to 23.
paraai-n32-h-01-agent-89:1236252:1237277 [1] NCCL INFO NCCL_IB_RETRY_CNT set by environment to 7.
paraai-n32-h-01-agent-89:1236252:1237256 [1] NCCL INFO Channel 00 : 5[2000] -> 4[1000] via SHM/direct/direct
paraai-n32-h-01-agent-89:1236252:1237256 [1] NCCL INFO Channel 01 : 5[2000] -> 4[1000] via SHM/direct/direct
paraai-n32-h-01-agent-89:1236253:1237254 [2] NCCL INFO Connected all trees
paraai-n32-h-01-agent-89:1236253:1237254 [2] NCCL INFO threadThresholds 8/8/64 | 128/8/64 | 512 | 512
paraai-n32-h-01-agent-89:1236253:1237254 [2] NCCL INFO 2 coll channels, 2 p2p channels, 2 p2p channels per peer
paraai-n32-h-01-agent-89:1236251:1237253 [0] NCCL INFO Channel 01/0 : 4[1000] -> 0[1000] [send] via NET/IB/0
paraai-n32-h-01-agent-89:1236251:1237253 [0] NCCL INFO Connected all trees
paraai-n32-h-01-agent-89:1236251:1237253 [0] NCCL INFO threadThresholds 8/8/64 | 128/8/64 | 512 | 512
paraai-n32-h-01-agent-89:1236251:1237253 [0] NCCL INFO 2 coll channels, 2 p2p channels, 2 p2p channels per peer
paraai-n32-h-01-agent-89:1236252:1237256 [1] NCCL INFO Connected all trees
paraai-n32-h-01-agent-89:1236252:1237256 [1] NCCL INFO threadThresholds 8/8/64 | 128/8/64 | 512 | 512
paraai-n32-h-01-agent-89:1236252:1237256 [1] NCCL INFO 2 coll channels, 2 p2p channels, 2 p2p channels per peer
paraai-n32-h-01-agent-89:1236252:1237256 [1] NCCL INFO comm 0x4aa3fd20 rank 5 nranks 16 cudaDev 1 busId 2000 - Init COMPLETE
paraai-n32-h-01-agent-89:1236254:1237255 [3] NCCL INFO comm 0x38885840 rank 7 nranks 16 cudaDev 3 busId 82000 - Init COMPLETE
paraai-n32-h-01-agent-89:1236251:1237253 [0] NCCL INFO comm 0x2b464c40 rank 4 nranks 16 cudaDev 0 busId 1000 - Init COMPLETE
paraai-n32-h-01-agent-89:1236253:1237254 [2] NCCL INFO comm 0x3cd43500 rank 6 nranks 16 cudaDev 2 busId 81000 - Init COMPLETE
paraai-n32-h-01-agent-89:1236254:1237278 [3] NCCL INFO NCCL_IB_TIMEOUT set by environment to 23.
paraai-n32-h-01-agent-89:1236254:1237278 [3] NCCL INFO NCCL_IB_RETRY_CNT set by environment to 7.
srun: Job step aborted: Waiting up to 32 seconds for job step to finish.
slurmstepd: error: *** STEP 20184.2 ON paraai-n32-h-01-agent-89 CANCELLED AT 2023-06-09T15:54:28 ***
WARNING:torch.distributed.elastic.agent.server.api:Received 15 death signal, shutting down workers
WARNING:torch.distributed.elastic.multiprocessing.api:Sending process 1236251 closing signal SIGTERM
WARNING:torch.distributed.elastic.multiprocessing.api:Sending process 1236252 closing signal SIGTERM
WARNING:torch.distributed.elastic.multiprocessing.api:Sending process 1236253 closing signal SIGTERM
WARNING:torch.distributed.elastic.multiprocessing.api:Sending process 1236254 closing signal SIGTERM
