master_addr is only used for static rdzv_backend and when rdzv_endpoint is not specified.
WARNING:torch.distributed.run:
*****************************************
Setting OMP_NUM_THREADS environment variable for each process to be 1 in default, to avoid your system being overloaded, please further tune the variable for optimal performance in your application as needed. 
*****************************************
paraai-n32-h-01-agent-88
0
------------------ Configuration ------------------  /home/bingxing2/home/scx6115/Ocean_AI_model/config/Model.yaml
paraai-n32-h-01-agent-88
0
------------------ Configuration ------------------  /home/bingxing2/home/scx6115/Ocean_AI_model/config/Model.yaml
paraai-n32-h-01-agent-88
0
------------------ Configuration ------------------  /home/bingxing2/home/scx6115/Ocean_AI_model/config/Model.yaml
paraai-n32-h-01-agent-88
0
------------------ Configuration ------------------  /home/bingxing2/home/scx6115/Ocean_AI_model/config/Model.yaml
nettype Masked_AE_fusion
log_to_wandb True
lr 0.001
batch_size 32
max_epochs 100
scheduler CosineAnnealingLR
fusion_3d_2d True
in_chans 31
out_chans 25
in_channels [0, 1, 2, 3, 4, 5, 6, 7, 8, 9, 10, 11, 12, 13, 14, 15, 16, 17, 18, 19, 20, 21, 22, 23, 24, 25, 26, 27, 28, 29]
out_channels [0, 1, 2, 3, 4, 5, 6, 7, 8, 9, 10, 11, 12, 13, 14, 15, 16, 17, 18, 19, 20, 21, 22, 23, 24]
img_size_h 720
img_size_w 1440
patch_size_h 16
patch_size_w 16
patch_size_d 2
mlp_ratio 4.0
nettypein_chans_2d 7 
Masked_AE_fusion
out_chans_2d 1
log_to_wandb in_chans_3dTrue 
4
lrout_chans_3d  4
0.001var_depth
 6
batch_size embed_dim 32512

max_epochsdepth  10016

schedulernum_heads  CosineAnnealingLR16

fusion_3d_2ddecoder_embed_dim  True512

in_chans decoder_depth31 
8
out_chans decoder_num_heads25 
16
in_channelsdrop_rate  0.0
drop_path_rate 0.0[0, 1, 2, 3, 4, 5, 6, 7, 8, 9, 10, 11, 12, 13, 14, 15, 16, 17, 18, 19, 20, 21, 22, 23, 24, 25, 26, 27, 28, 29]

sparsity_threshold out_channels0.01 
hard_thresholding_fraction[0, 1, 2, 3, 4, 5, 6, 7, 8, 9, 10, 11, 12, 13, 14, 15, 16, 17, 18, 19, 20, 21, 22, 23, 24] 
1.0
img_size_hnum_blocks  7208

img_size_w loss1440 
l2
patch_size_h num_data_workers16 
0
patch_size_w 16dt
 1
patch_size_dn_history  20

mlp_ratioprediction_type  4.0iterative

in_chans_2dprediction_length  741

out_chans_2d n_initial_conditions1 
5
in_chans_3d ics_type4 
defaultout_chans_3d
 4
date_strings ['2018-09-14 00:00:00']var_depth
 6
save_raw_forecasts Trueembed_dim
 512
save_channel Falsedepth
 16masked_acc
 False
num_headsmaskpath  16None

decoder_embed_dimperturb  512False

decoder_depth add_grid8 
False
decoder_num_heads N_grid_channels16 
0
drop_rate gridtype 0.0sinusoidal

drop_path_rateroll  0.0False

sparsity_thresholdenable_nhwc  0.01False

hard_thresholding_fractionoptimizer_type  1.0FusedAdam

num_blocksexp_dir  8./exp

patch_size loss8 
l2
width num_data_workers56 
0
modes 32dt
 1target
 default
n_historytrain_data_path  0/home/bingxing2/home/scx6115/Ocean_AI_model/sample_00/train

prediction_typevalid_data_path  iterative/home/bingxing2/home/scx6115/Ocean_AI_model/sample_00/valid

prediction_lengthtest_data_path  41/home/bingxing2/home/scx6115/Ocean_AI_model/sample_00/test

n_initial_conditionsland_mask  5True

land_mask_pathics_type  /home/bingxing2/home/scx6115/Ocean_AI_model/sample_00/land_mask.h5default

normalizedate_strings  True
['2018-09-14 00:00:00']normalization
 zscore
save_raw_forecasts global_mins_pathTrue 
/home/bingxing2/home/scx6115/Ocean_AI_model/sample_00/train/global_mins.npy
save_channel global_maxs_pathFalse 
/home/bingxing2/home/scx6115/Ocean_AI_model/sample_00/train/global_maxs.npy
masked_acc global_means_pathFalse 
/home/bingxing2/home/scx6115/Ocean_AI_model/sample_00/train/global_means.npy
maskpathglobal_stds_path  None/home/bingxing2/home/scx6115/Ocean_AI_model/sample_00/train/global_stds.npy

orography perturbTrue 
False
orography_norm_zscore_path add_grid/home/bingxing2/home/scx6115/Ocean_AI_model/sample_00/orography_norm_zscore.h5 
False
orography_norm_maxmin_path N_grid_channels/home/bingxing2/home/scx6115/Ocean_AI_model/sample_00/orography_norm_maxmin.h5 
0
add_noise gridtypeFalse 
sinusoidal
noise_std roll0 
False
crop_size_xenable_nhwc  NoneFalse

crop_size_yoptimizer_type  NoneFusedAdam

log_to_screenexp_dir  True./exp

save_checkpoint patch_sizeTrue 
8
plot_animations widthFalse 
56
modes 32
target default
train_data_path /home/bingxing2/home/scx6115/Ocean_AI_model/sample_00/train
valid_data_path /home/bingxing2/home/scx6115/Ocean_AI_model/sample_00/valid
test_data_path /home/bingxing2/home/scx6115/Ocean_AI_model/sample_00/test
land_mask True
land_mask_path /home/bingxing2/home/scx6115/Ocean_AI_model/sample_00/land_mask.h5
normalize True
normalization zscore
global_mins_path /home/bingxing2/home/scx6115/Ocean_AI_model/sample_00/train/global_mins.npy
global_maxs_path /home/bingxing2/home/scx6115/Ocean_AI_model/sample_00/train/global_maxs.npy
global_means_path /home/bingxing2/home/scx6115/Ocean_AI_model/sample_00/train/global_means.npy
global_stds_path /home/bingxing2/home/scx6115/Ocean_AI_model/sample_00/train/global_stds.npy
orography True
---------------------------------------------------orography_norm_zscore_path
 /home/bingxing2/home/scx6115/Ocean_AI_model/sample_00/orography_norm_zscore.h5
orography_norm_maxmin_path /home/bingxing2/home/scx6115/Ocean_AI_model/sample_00/orography_norm_maxmin.h5
add_noise False
noise_std 0
crop_size_xworld_size :  None16

Initialize distributed process group...crop_size_y
 None
log_to_screen True
save_checkpoint True
plot_animations False
---------------------------------------------------
world_size : 16
Initialize distributed process group...
nettype Masked_AE_fusion
log_to_wandb True
lr 0.001
batch_size 32
max_epochs 100
scheduler CosineAnnealingLR
fusion_3d_2d True
in_chans 31
out_chans 25
in_channels [0, 1, 2, 3, 4, 5, 6, 7, 8, 9, 10, 11, 12, 13, 14, 15, 16, 17, 18, 19, 20, 21, 22, 23, 24, 25, 26, 27, 28, 29]
out_channels [0, 1, 2, 3, 4, 5, 6, 7, 8, 9, 10, 11, 12, 13, 14, 15, 16, 17, 18, 19, 20, 21, 22, 23, 24]
img_size_h 720
img_size_w 1440
patch_size_h 16
patch_size_w 16
patch_size_d 2
mlp_ratio 4.0
in_chans_2d 7
out_chans_2d 1
in_chans_3d 4
out_chans_3d 4
var_depth 6
embed_dim 512
depth 16
num_heads 16
decoder_embed_dim 512
decoder_depth 8
decoder_num_heads 16
drop_rate 0.0
drop_path_rate 0.0
sparsity_threshold 0.01
hard_thresholding_fraction 1.0
num_blocks 8
loss l2
num_data_workers 0
dt 1
n_history 0
prediction_type iterative
prediction_length 41
n_initial_conditions 5
ics_type default
date_strings ['2018-09-14 00:00:00']
save_raw_forecasts True
save_channel False
masked_acc False
maskpath None
perturb False
add_grid False
N_grid_channels 0
gridtype sinusoidal
roll False
enable_nhwc False
optimizer_type FusedAdam
exp_dir ./exp
patch_size 8
width 56
modes 32
target default
train_data_path /home/bingxing2/home/scx6115/Ocean_AI_model/sample_00/train
valid_data_path /home/bingxing2/home/scx6115/Ocean_AI_model/sample_00/valid
test_data_path /home/bingxing2/home/scx6115/Ocean_AI_model/sample_00/test
land_mask True
land_mask_path /home/bingxing2/home/scx6115/Ocean_AI_model/sample_00/land_mask.h5
normalize True
normalization zscore
global_mins_path /home/bingxing2/home/scx6115/Ocean_AI_model/sample_00/train/global_mins.npy
global_maxs_path /home/bingxing2/home/scx6115/Ocean_AI_model/sample_00/train/global_maxs.npy
global_means_path /home/bingxing2/home/scx6115/Ocean_AI_model/sample_00/train/global_means.npy
global_stds_path /home/bingxing2/home/scx6115/Ocean_AI_model/sample_00/train/global_stds.npy
orography True
orography_norm_zscore_path /home/bingxing2/home/scx6115/Ocean_AI_model/sample_00/orography_norm_zscore.h5
orography_norm_maxmin_path /home/bingxing2/home/scx6115/Ocean_AI_model/sample_00/orography_norm_maxmin.h5
add_noise False
noise_std 0
crop_size_x None
crop_size_y None
log_to_screen True
save_checkpoint True
plot_animations False
---------------------------------------------------
world_size : 16
Initialize distributed process group...
nettype Masked_AE_fusion
log_to_wandb True
lr 0.001
batch_size 32
max_epochs 100
scheduler CosineAnnealingLR
fusion_3d_2d True
in_chans 31
out_chans 25
in_channels [0, 1, 2, 3, 4, 5, 6, 7, 8, 9, 10, 11, 12, 13, 14, 15, 16, 17, 18, 19, 20, 21, 22, 23, 24, 25, 26, 27, 28, 29]
out_channels [0, 1, 2, 3, 4, 5, 6, 7, 8, 9, 10, 11, 12, 13, 14, 15, 16, 17, 18, 19, 20, 21, 22, 23, 24]
img_size_h 720
img_size_w 1440
patch_size_h 16
patch_size_w 16
patch_size_d 2
mlp_ratio 4.0
in_chans_2d 7
out_chans_2d 1
in_chans_3d 4
out_chans_3d 4
var_depth 6
embed_dim 512
depth 16
num_heads 16
decoder_embed_dim 512
decoder_depth 8
decoder_num_heads 16
drop_rate 0.0
drop_path_rate 0.0
sparsity_threshold 0.01
hard_thresholding_fraction 1.0
num_blocks 8
loss l2
num_data_workers 0
dt 1
n_history 0
prediction_type iterative
prediction_length 41
n_initial_conditions 5
ics_type default
date_strings ['2018-09-14 00:00:00']
save_raw_forecasts True
save_channel False
masked_acc False
maskpath None
perturb False
add_grid False
N_grid_channels 0
gridtype sinusoidal
roll False
enable_nhwc False
optimizer_type FusedAdam
exp_dir ./exp
patch_size 8
width 56
modes 32
target default
train_data_path /home/bingxing2/home/scx6115/Ocean_AI_model/sample_00/train
valid_data_path /home/bingxing2/home/scx6115/Ocean_AI_model/sample_00/valid
test_data_path /home/bingxing2/home/scx6115/Ocean_AI_model/sample_00/test
land_mask True
land_mask_path /home/bingxing2/home/scx6115/Ocean_AI_model/sample_00/land_mask.h5
normalize True
normalization zscore
global_mins_path /home/bingxing2/home/scx6115/Ocean_AI_model/sample_00/train/global_mins.npy
global_maxs_path /home/bingxing2/home/scx6115/Ocean_AI_model/sample_00/train/global_maxs.npy
global_means_path /home/bingxing2/home/scx6115/Ocean_AI_model/sample_00/train/global_means.npy
global_stds_path /home/bingxing2/home/scx6115/Ocean_AI_model/sample_00/train/global_stds.npy
orography True
orography_norm_zscore_path /home/bingxing2/home/scx6115/Ocean_AI_model/sample_00/orography_norm_zscore.h5
orography_norm_maxmin_path /home/bingxing2/home/scx6115/Ocean_AI_model/sample_00/orography_norm_maxmin.h5
add_noise False
noise_std 0
crop_size_x None
crop_size_y None
log_to_screen True
save_checkpoint True
plot_animations False
---------------------------------------------------
world_size : 16
Initialize distributed process group...
2023-06-13 15:40:54,961 - torch.distributed.distributed_c10d - INFO - Added key: store_based_barrier_key:1 to store for rank: 5
2023-06-13 15:40:54,961 - torch.distributed.distributed_c10d - INFO - Added key: store_based_barrier_key:1 to store for rank: 4
2023-06-13 15:40:54,968 - torch.distributed.distributed_c10d - INFO - Added key: store_based_barrier_key:1 to store for rank: 7
2023-06-13 15:40:54,982 - torch.distributed.distributed_c10d - INFO - Added key: store_based_barrier_key:1 to store for rank: 6
2023-06-13 15:40:55,112 - torch.distributed.distributed_c10d - INFO - Rank 7: Completed store-based barrier for key:store_based_barrier_key:1 with 16 nodes.
2023-06-13 15:40:55,114 - torch.distributed.distributed_c10d - INFO - Rank 5: Completed store-based barrier for key:store_based_barrier_key:1 with 16 nodes.
2023-06-13 15:40:55,114 - torch.distributed.distributed_c10d - INFO - Rank 4: Completed store-based barrier for key:store_based_barrier_key:1 with 16 nodes.
2023-06-13 15:40:55,115 - torch.distributed.distributed_c10d - INFO - Rank 6: Completed store-based barrier for key:store_based_barrier_key:1 with 16 nodes.
2023-06-13 15:40:55,169 - root - INFO - device: cuda:1
2023-06-13 15:40:55,169 - root - INFO - rank 5, begin data loader init
2023-06-13 15:40:55,174 - root - INFO - device: cuda:3
2023-06-13 15:40:55,175 - root - INFO - rank 7, begin data loader init
2023-06-13 15:40:55,177 - root - INFO - device: cuda:2
2023-06-13 15:40:55,177 - root - INFO - rank 6, begin data loader init
2023-06-13 15:40:55,177 - root - INFO - device: cuda:0
2023-06-13 15:40:55,177 - root - INFO - rank 4, begin data loader init
2023-06-13 15:40:55,179 - root - INFO - Getting file stats from /home/bingxing2/home/scx6115/Ocean_AI_model/sample_00/train/2000.h5
2023-06-13 15:40:55,179 - root - INFO - Getting file stats from /home/bingxing2/home/scx6115/Ocean_AI_model/sample_00/train/2000.h5
2023-06-13 15:40:55,179 - root - INFO - Getting file stats from /home/bingxing2/home/scx6115/Ocean_AI_model/sample_00/train/2000.h5
2023-06-13 15:40:55,179 - root - INFO - Getting file stats from /home/bingxing2/home/scx6115/Ocean_AI_model/sample_00/train/2000.h5
2023-06-13 15:40:55,180 - root - INFO - Number of samples per year: 250
2023-06-13 15:40:55,180 - root - INFO - Found data at path /home/bingxing2/home/scx6115/Ocean_AI_model/sample_00/train. Number of examples: 2750. Image Shape: 720 x 1440 x 30
2023-06-13 15:40:55,180 - root - INFO - Delta t: 1 days
2023-06-13 15:40:55,180 - root - INFO - Number of samples per year: 250
2023-06-13 15:40:55,180 - root - INFO - Including 0 days of past history in training at a frequency of 1 days
2023-06-13 15:40:55,180 - root - INFO - Number of samples per year: 250
2023-06-13 15:40:55,180 - root - INFO - Found data at path /home/bingxing2/home/scx6115/Ocean_AI_model/sample_00/train. Number of examples: 2750. Image Shape: 720 x 1440 x 30
2023-06-13 15:40:55,180 - root - INFO - Delta t: 1 days
2023-06-13 15:40:55,180 - root - INFO - Found data at path /home/bingxing2/home/scx6115/Ocean_AI_model/sample_00/train. Number of examples: 2750. Image Shape: 720 x 1440 x 30
2023-06-13 15:40:55,180 - root - INFO - Including 0 days of past history in training at a frequency of 1 days
2023-06-13 15:40:55,180 - root - INFO - Delta t: 1 days
2023-06-13 15:40:55,180 - root - INFO - Including 0 days of past history in training at a frequency of 1 days
2023-06-13 15:40:55,180 - root - INFO - Number of samples per year: 250
2023-06-13 15:40:55,180 - root - INFO - Found data at path /home/bingxing2/home/scx6115/Ocean_AI_model/sample_00/train. Number of examples: 2750. Image Shape: 720 x 1440 x 30
2023-06-13 15:40:55,180 - root - INFO - Delta t: 1 days
2023-06-13 15:40:55,180 - root - INFO - Including 0 days of past history in training at a frequency of 1 days
2023-06-13 15:40:55,187 - root - INFO - Getting file stats from /home/bingxing2/home/scx6115/Ocean_AI_model/sample_00/valid/2011.h5
2023-06-13 15:40:55,187 - root - INFO - Getting file stats from /home/bingxing2/home/scx6115/Ocean_AI_model/sample_00/valid/2011.h5
2023-06-13 15:40:55,187 - root - INFO - Getting file stats from /home/bingxing2/home/scx6115/Ocean_AI_model/sample_00/valid/2011.h5
2023-06-13 15:40:55,187 - root - INFO - Getting file stats from /home/bingxing2/home/scx6115/Ocean_AI_model/sample_00/valid/2011.h5
2023-06-13 15:40:55,188 - root - INFO - Number of samples per year: 250
2023-06-13 15:40:55,188 - root - INFO - Number of samples per year: 250
2023-06-13 15:40:55,188 - root - INFO - Found data at path /home/bingxing2/home/scx6115/Ocean_AI_model/sample_00/valid. Number of examples: 250. Image Shape: 720 x 1440 x 30
2023-06-13 15:40:55,188 - root - INFO - Number of samples per year: 250
2023-06-13 15:40:55,188 - root - INFO - Found data at path /home/bingxing2/home/scx6115/Ocean_AI_model/sample_00/valid. Number of examples: 250. Image Shape: 720 x 1440 x 30
2023-06-13 15:40:55,188 - root - INFO - Number of samples per year: 250
2023-06-13 15:40:55,188 - root - INFO - Delta t: 1 days
2023-06-13 15:40:55,188 - root - INFO - Delta t: 1 days
2023-06-13 15:40:55,188 - root - INFO - Found data at path /home/bingxing2/home/scx6115/Ocean_AI_model/sample_00/valid. Number of examples: 250. Image Shape: 720 x 1440 x 30
2023-06-13 15:40:55,188 - root - INFO - Found data at path /home/bingxing2/home/scx6115/Ocean_AI_model/sample_00/valid. Number of examples: 250. Image Shape: 720 x 1440 x 30
2023-06-13 15:40:55,188 - root - INFO - Including 0 days of past history in training at a frequency of 1 days
2023-06-13 15:40:55,188 - root - INFO - Including 0 days of past history in training at a frequency of 1 days
2023-06-13 15:40:55,188 - root - INFO - Delta t: 1 days
2023-06-13 15:40:55,188 - root - INFO - Delta t: 1 days
2023-06-13 15:40:55,188 - root - INFO - Including 0 days of past history in training at a frequency of 1 days
2023-06-13 15:40:55,188 - root - INFO - Including 0 days of past history in training at a frequency of 1 days
2023-06-13 15:40:55,188 - root - INFO - rank 5, data loader initialized
2023-06-13 15:40:55,188 - root - INFO - rank 4, data loader initialized
2023-06-13 15:40:55,188 - root - INFO - rank 6, data loader initialized
2023-06-13 15:40:55,188 - root - INFO - rank 7, data loader initialized
Traceback (most recent call last):
  File "/home/bingxing2/home/scx6115/Ocean_AI_model/train_025_bingxing.py", line 487, in <module>
Traceback (most recent call last):
  File "/home/bingxing2/home/scx6115/Ocean_AI_model/train_025_bingxing.py", line 487, in <module>
Traceback (most recent call last):
  File "/home/bingxing2/home/scx6115/Ocean_AI_model/train_025_bingxing.py", line 487, in <module>
Traceback (most recent call last):
  File "/home/bingxing2/home/scx6115/Ocean_AI_model/train_025_bingxing.py", line 487, in <module>
    trainer = Trainer(params, world_rank)
  File "/home/bingxing2/home/scx6115/Ocean_AI_model/train_025_bingxing.py", line 81, in __init__
    trainer = Trainer(params, world_rank)
  File "/home/bingxing2/home/scx6115/Ocean_AI_model/train_025_bingxing.py", line 81, in __init__
    raise Exception("not implemented")
Exception: not implemented
    raise Exception("not implemented")
Exception: not implemented
    trainer = Trainer(params, world_rank)
  File "/home/bingxing2/home/scx6115/Ocean_AI_model/train_025_bingxing.py", line 81, in __init__
    trainer = Trainer(params, world_rank)
  File "/home/bingxing2/home/scx6115/Ocean_AI_model/train_025_bingxing.py", line 81, in __init__
    raise Exception("not implemented")
Exception: not implemented
    raise Exception("not implemented")
Exception: not implemented
ERROR:torch.distributed.elastic.multiprocessing.api:failed (exitcode: 1) local_rank: 0 (pid: 2807316) of binary: /home/bingxing2/home/scx6115/.conda/envs/torch2.0/bin/python
Traceback (most recent call last):
  File "/home/bingxing2/home/scx6115/.conda/envs/torch2.0/bin/torchrun", line 8, in <module>
    sys.exit(main())
  File "/home/bingxing2/home/scx6115/.conda/envs/torch2.0/lib/python3.10/site-packages/torch/distributed/elastic/multiprocessing/errors/__init__.py", line 346, in wrapper
    return f(*args, **kwargs)
  File "/home/bingxing2/home/scx6115/.conda/envs/torch2.0/lib/python3.10/site-packages/torch/distributed/run.py", line 794, in main
    run(args)
  File "/home/bingxing2/home/scx6115/.conda/envs/torch2.0/lib/python3.10/site-packages/torch/distributed/run.py", line 785, in run
    elastic_launch(
  File "/home/bingxing2/home/scx6115/.conda/envs/torch2.0/lib/python3.10/site-packages/torch/distributed/launcher/api.py", line 134, in __call__
    return launch_agent(self._config, self._entrypoint, list(args))
  File "/home/bingxing2/home/scx6115/.conda/envs/torch2.0/lib/python3.10/site-packages/torch/distributed/launcher/api.py", line 250, in launch_agent
    raise ChildFailedError(
torch.distributed.elastic.multiprocessing.errors.ChildFailedError: 
============================================================
train_025_bingxing.py FAILED
------------------------------------------------------------
Failures:
[1]:
  time      : 2023-06-13_15:40:58
  host      : paraai-n32-h-01-agent-88.paraai-n32-h-01.com
  rank      : 5 (local_rank: 1)
  exitcode  : 1 (pid: 2807317)
  error_file: <N/A>
  traceback : To enable traceback see: https://pytorch.org/docs/stable/elastic/errors.html
[2]:
  time      : 2023-06-13_15:40:58
  host      : paraai-n32-h-01-agent-88.paraai-n32-h-01.com
  rank      : 6 (local_rank: 2)
  exitcode  : 1 (pid: 2807318)
  error_file: <N/A>
  traceback : To enable traceback see: https://pytorch.org/docs/stable/elastic/errors.html
[3]:
  time      : 2023-06-13_15:40:58
  host      : paraai-n32-h-01-agent-88.paraai-n32-h-01.com
  rank      : 7 (local_rank: 3)
  exitcode  : 1 (pid: 2807319)
  error_file: <N/A>
  traceback : To enable traceback see: https://pytorch.org/docs/stable/elastic/errors.html
------------------------------------------------------------
Root Cause (first observed failure):
[0]:
  time      : 2023-06-13_15:40:58
  host      : paraai-n32-h-01-agent-88.paraai-n32-h-01.com
  rank      : 4 (local_rank: 0)
  exitcode  : 1 (pid: 2807316)
  error_file: <N/A>
  traceback : To enable traceback see: https://pytorch.org/docs/stable/elastic/errors.html
============================================================
srun: error: paraai-n32-h-01-agent-88: task 0: Exited with exit code 1
