/home/bingxing2/home/scx6115/.conda/envs/torch2.0/lib/python3.10/site-packages/torch/distributed/launch.py:181: FutureWarning: The module torch.distributed.launch is deprecated
and will be removed in future. Use torchrun.
Note that --use-env is set by default in torchrun.
If your script expects `--local-rank` argument to be set, please
change it to read from `os.environ['LOCAL_RANK']` instead. See 
https://pytorch.org/docs/stable/distributed.html#launch-utility for 
further instructions

  warnings.warn(
WARNING:torch.distributed.run:
*****************************************
Setting OMP_NUM_THREADS environment variable for each process to be 1 in default, to avoid your system being overloaded, please further tune the variable for optimal performance in your application as needed. 
*****************************************
usage: train_025_bingxing.py [-h] [--run_num RUN_NUM]
                             [--yaml_config YAML_CONFIG] [--config CONFIG]
                             [--enable_amp] [--epsilon_factor EPSILON_FACTOR]
                             [--local_rank LOCAL_RANK]
usage: train_025_bingxing.py [-h] [--run_num RUN_NUM]
                             [--yaml_config YAML_CONFIG] [--config CONFIG]
                             [--enable_amp] [--epsilon_factor EPSILON_FACTOR]
                             [--local_rank LOCAL_RANK]
train_025_bingxing.py: error: unrecognized arguments: --local-rank=0
train_025_bingxing.py: error: unrecognized arguments: --local-rank=3
usage: train_025_bingxing.py [-h] [--run_num RUN_NUM]
                             [--yaml_config YAML_CONFIG] [--config CONFIG]
                             [--enable_amp] [--epsilon_factor EPSILON_FACTOR]
                             [--local_rank LOCAL_RANK]
train_025_bingxing.py: error: unrecognized arguments: --local-rank=2
usage: train_025_bingxing.py [-h] [--run_num RUN_NUM]
                             [--yaml_config YAML_CONFIG] [--config CONFIG]
                             [--enable_amp] [--epsilon_factor EPSILON_FACTOR]
                             [--local_rank LOCAL_RANK]
train_025_bingxing.py: error: unrecognized arguments: --local-rank=1
WARNING:torch.distributed.elastic.multiprocessing.api:Sending process 2716669 closing signal SIGTERM
ERROR:torch.distributed.elastic.multiprocessing.api:failed (exitcode: 2) local_rank: 0 (pid: 2716666) of binary: /home/bingxing2/home/scx6115/.conda/envs/torch2.0/bin/python
Traceback (most recent call last):
  File "/home/bingxing2/home/scx6115/.conda/envs/torch2.0/lib/python3.10/runpy.py", line 196, in _run_module_as_main
    return _run_code(code, main_globals, None,
  File "/home/bingxing2/home/scx6115/.conda/envs/torch2.0/lib/python3.10/runpy.py", line 86, in _run_code
    exec(code, run_globals)
  File "/home/bingxing2/home/scx6115/.conda/envs/torch2.0/lib/python3.10/site-packages/torch/distributed/launch.py", line 196, in <module>
    main()
  File "/home/bingxing2/home/scx6115/.conda/envs/torch2.0/lib/python3.10/site-packages/torch/distributed/launch.py", line 192, in main
    launch(args)
  File "/home/bingxing2/home/scx6115/.conda/envs/torch2.0/lib/python3.10/site-packages/torch/distributed/launch.py", line 177, in launch
    run(args)
  File "/home/bingxing2/home/scx6115/.conda/envs/torch2.0/lib/python3.10/site-packages/torch/distributed/run.py", line 785, in run
    elastic_launch(
  File "/home/bingxing2/home/scx6115/.conda/envs/torch2.0/lib/python3.10/site-packages/torch/distributed/launcher/api.py", line 134, in __call__
    return launch_agent(self._config, self._entrypoint, list(args))
  File "/home/bingxing2/home/scx6115/.conda/envs/torch2.0/lib/python3.10/site-packages/torch/distributed/launcher/api.py", line 250, in launch_agent
    raise ChildFailedError(
torch.distributed.elastic.multiprocessing.errors.ChildFailedError: 
============================================================
train_025_bingxing.py FAILED
------------------------------------------------------------
Failures:
[1]:
  time      : 2023-06-08_16:24:16
  host      : paraai-n32-h-01-agent-76.paraai-n32-h-01.com
  rank      : 13 (local_rank: 1)
  exitcode  : 2 (pid: 2716667)
  error_file: <N/A>
  traceback : To enable traceback see: https://pytorch.org/docs/stable/elastic/errors.html
[2]:
  time      : 2023-06-08_16:24:16
  host      : paraai-n32-h-01-agent-76.paraai-n32-h-01.com
  rank      : 14 (local_rank: 2)
  exitcode  : 2 (pid: 2716668)
  error_file: <N/A>
  traceback : To enable traceback see: https://pytorch.org/docs/stable/elastic/errors.html
------------------------------------------------------------
Root Cause (first observed failure):
[0]:
  time      : 2023-06-08_16:24:16
  host      : paraai-n32-h-01-agent-76.paraai-n32-h-01.com
  rank      : 12 (local_rank: 0)
  exitcode  : 2 (pid: 2716666)
  error_file: <N/A>
  traceback : To enable traceback see: https://pytorch.org/docs/stable/elastic/errors.html
============================================================
srun: error: paraai-n32-h-01-agent-76: task 0: Exited with exit code 1
