master_addr is only used for static rdzv_backend and when rdzv_endpoint is not specified.
WARNING:torch.distributed.run:
*****************************************
Setting OMP_NUM_THREADS environment variable for each process to be 1 in default, to avoid your system being overloaded, please further tune the variable for optimal performance in your application as needed. 
*****************************************
paraai-n32-h-01-agent-84
0
------------------ Configuration ------------------  /home/bingxing2/home/scx6115/Ocean_AI_model/config/Masked_AE_fusion.yaml
paraai-n32-h-01-agent-84
0
------------------ Configuration ------------------  /home/bingxing2/home/scx6115/Ocean_AI_model/config/Masked_AE_fusion.yaml
paraai-n32-h-01-agent-84
paraai-n32-h-01-agent-84
0
------------------ Configuration ------------------  /home/bingxing2/home/scx6115/Ocean_AI_model/config/Masked_AE_fusion.yaml0

------------------ Configuration ------------------  /home/bingxing2/home/scx6115/Ocean_AI_model/config/Masked_AE_fusion.yaml
nettype model_fusion
exp_dir ./exp
log_to_wandb Truenettype
 model_fusionlr
 0.001exp_dir
 ./exp
batch_size log_to_wandb32 
True
max_epochs lr100 
scheduler0.001 
CosineAnnealingLR
batch_size 32
fusion_3d_2d max_epochsTrue 
100
in_chans scheduler31 
CosineAnnealingLR
fusion_3d_2dout_chans  True25

in_channelsin_chans  31
out_chans[0, 1, 2, 3, 4, 5, 6, 7, 8, 9, 10, 11, 12, 13, 14, 15, 16, 17, 18, 19, 20, 21, 22, 23, 24, 25, 26, 27, 28, 29] 
25
in_channels out_channels [0, 1, 2, 3, 4, 5, 6, 7, 8, 9, 10, 11, 12, 13, 14, 15, 16, 17, 18, 19, 20, 21, 22, 23, 24][0, 1, 2, 3, 4, 5, 6, 7, 8, 9, 10, 11, 12, 13, 14, 15, 16, 17, 18, 19, 20, 21, 22, 23, 24, 25, 26, 27, 28, 29]

img_size_h 720out_channels
 img_size_w 1440
[0, 1, 2, 3, 4, 5, 6, 7, 8, 9, 10, 11, 12, 13, 14, 15, 16, 17, 18, 19, 20, 21, 22, 23, 24]
patch_size_h 16img_size_h
 720patch_size_w
 16img_size_w
 1440patch_size_d
 2
patch_size_h 16mlp_ratio
 patch_size_w4.0 
16
in_chans_2d 7patch_size_d
 2
out_chans_2dmlp_ratio  14.0

in_chans_3d in_chans_2d4 
7out_chans_3d
 4
out_chans_2d var_depth1 
6in_chans_3d
 4embed_dim
 512out_chans_3d
 depth4 
16var_depth 
6
num_heads embed_dim16 
512decoder_embed_dim
 512depth
 16decoder_depthnettype
 8num_heads
  decoder_num_heads16model_fusion
 16decoder_embed_dim
nettype
 512 drop_rate
exp_dir decoder_depth  model_fusion0.0
./exp8


exp_dirlog_to_wandbdrop_path_ratedecoder_num_heads  0.0  
True./exp16sparsity_threshold


 drop_ratelr0.01  0.0log_to_wandb

hard_thresholding_fraction 0.001 
drop_path_rate1.0True 
batch_size
0.0 num_blocks
lr 32sparsity_threshold8  

0.010.001loss

max_epochs hard_thresholding_fraction l2batch_size 
100num_data_workers1.0

  num_blocks0
scheduler 32dt8
  
CosineAnnealingLRmax_epochsloss1 
 
100l2fusion_3d_2d
n_history
  num_data_workersscheduler0
True prediction_type
 0
 CosineAnnealingLRdtin_chansiterative

  fusion_3d_2dprediction_length131  

n_historyTrue41
out_chans 
 0in_chansn_initial_conditions25

  prediction_type31 in_channels5iterative
 

prediction_lengthout_chansics_type  41[0, 1, 2, 3, 4, 5, 6, 7, 8, 9, 10, 11, 12, 13, 14, 15, 16, 17, 18, 19, 20, 21, 22, 23, 24, 25, 26, 27, 28, 29] default

25
n_initial_conditions
date_stringsout_channels  5in_channels 
['2018-09-14 00:00:00'] ics_type
[0, 1, 2, 3, 4, 5, 6, 7, 8, 9, 10, 11, 12, 13, 14, 15, 16, 17, 18, 19, 20, 21, 22, 23, 24] default
save_raw_forecasts
[0, 1, 2, 3, 4, 5, 6, 7, 8, 9, 10, 11, 12, 13, 14, 15, 16, 17, 18, 19, 20, 21, 22, 23, 24, 25, 26, 27, 28, 29] img_size_hTruedate_strings

  save_channelout_channels720  ['2018-09-14 00:00:00']
False

[0, 1, 2, 3, 4, 5, 6, 7, 8, 9, 10, 11, 12, 13, 14, 15, 16, 17, 18, 19, 20, 21, 22, 23, 24]img_size_wmasked_accsave_raw_forecasts 
  Falseimg_size_hTrue
1440
 maskpath720 
save_channel
None 
patch_size_himg_size_wFalse perturb 
16 1440
masked_accFalse
 
patch_size_wFalsepatch_size_h add_grid
 16 maskpath
16 False
Nonepatch_size_d
patch_size_w
 N_grid_channelsperturb2   0
16False

mlp_ratio
gridtypepatch_size_d   sinusoidaladd_grid4.0
2 
roll
Falsein_chans_2d 
mlp_ratioFalseN_grid_channels  
 74.00enable_nhwc


 out_chans_2dgridtypeFalsein_chans_2d  
sinusoidal 1optimizer_type

7 roll
FusedAdamin_chans_3d False
 out_chans_2d
patch_size4 enable_nhwc 1
 8

Falsewidth
out_chans_3din_chans_3d  optimizer_type4 
56 
FusedAdam
4modes
out_chans_3dpatch_size  32 var_depth
48 target

 6widthdefaultvar_depth
 
 embed_dim56train_data_path 
6 
512modes/work/home/acrzcyisbk/Ocean_AI_model/sample_03/train
 embed_dimdepth 
32512valid_data_path 

16depthtarget 
 /work/home/acrzcyisbk/Ocean_AI_model/sample_03/valid default
16num_headstest_data_path
 
 train_data_path16/work/home/acrzcyisbk/Ocean_AI_model/sample_03/testnum_heads 

 /work/home/acrzcyisbk/Ocean_AI_model/sample_03/trainland_maskdecoder_embed_dim
 16True valid_data_path
512
 
land_mask_path/work/home/acrzcyisbk/Ocean_AI_model/sample_03/validdecoder_embed_dim decoder_depth/work/home/acrzcyisbk/Ocean_AI_model/sample_03/land_mask.h5
 
test_data_path  /work/home/acrzcyisbk/Ocean_AI_model/sample_03/test8512normalize


 land_maskdecoder_depth Truedecoder_num_headsTrue 
 
168normalizationland_mask_path

  drop_ratezscoredecoder_num_heads/work/home/acrzcyisbk/Ocean_AI_model/sample_03/land_mask.h5
  
global_mins_path160.0normalize 
 
True/work/home/acrzcyisbk/Ocean_AI_model/sample_03/train/global_mins.npydrop_rate

drop_path_ratenormalizationglobal_maxs_path   zscore 0.0/work/home/acrzcyisbk/Ocean_AI_model/sample_03/train/global_maxs.npy0.0



global_mins_pathsparsity_thresholdglobal_means_path drop_path_rate  /work/home/acrzcyisbk/Ocean_AI_model/sample_03/train/global_mins.npy0.01 /work/home/acrzcyisbk/Ocean_AI_model/sample_03/train/global_means.npy

0.0
global_maxs_path
 global_stds_pathhard_thresholding_fraction /work/home/acrzcyisbk/Ocean_AI_model/sample_03/train/global_maxs.npysparsity_threshold /work/home/acrzcyisbk/Ocean_AI_model/sample_03/train/global_stds.npy

 global_means_path1.0 orography0.01
/work/home/acrzcyisbk/Ocean_AI_model/sample_03/train/global_means.npy 

global_stds_pathTruenum_blocks 
hard_thresholding_fraction /work/home/acrzcyisbk/Ocean_AI_model/sample_03/train/global_stds.npy orography_norm_zscore_path81.0
 
/work/home/acrzcyisbk/Ocean_AI_model/sample_03/orography_norm_zscore.h5orography
loss 
num_blocks Trueorography_norm_maxmin_path  /work/home/acrzcyisbk/Ocean_AI_model/sample_03/orography_norm_maxmin.h5l2


8orography_norm_zscore_pathadd_noise
 num_data_workers False 
loss/work/home/acrzcyisbk/Ocean_AI_model/sample_03/orography_norm_zscore.h50noise_std 

 l20orography_norm_maxmin_pathdt
 
 1crop_size_x/work/home/acrzcyisbk/Ocean_AI_model/sample_03/orography_norm_maxmin.h5num_data_workers
 
 n_historyNoneadd_noise0 

 Falsecrop_size_y0 dt

None noise_std
1prediction_type  iterativelog_to_screen
 0Truen_history


 save_checkpointprediction_lengthcrop_size_x 0  True
41None
prediction_type

plot_animations  n_initial_conditionscrop_size_yFalseiterative
 
 prediction_length5None 

41log_to_screen
ics_type  n_initial_conditionsTruedefault
 
save_checkpoint5 date_strings
True 
ics_type['2018-09-14 00:00:00']plot_animations 
 defaultFalsesave_raw_forecasts

 date_strings True
['2018-09-14 00:00:00']
save_channel save_raw_forecasts---------------------------------------------------False
 
True
save_channelmasked_acc  FalseFalse

masked_acc Falsemaskpath
 Nonemaskpathworld_size :
  perturbNone16 

FalseInitialize distributed process group...
perturb
 add_gridFalse--------------------------------------------------- 

Falseadd_grid 
False
N_grid_channels 0N_grid_channels
 0gridtype
 sinusoidalgridtype
 sinusoidalrollworld_size :
  16Falseroll

Initialize distributed process group... 
enable_nhwcFalse
 False
enable_nhwc optimizer_typeFalse 
FusedAdam
optimizer_type patch_sizeFusedAdam 
8
patch_size width8 
56
width modes56 
32
modes target32 
default
targettrain_data_path  default/work/home/acrzcyisbk/Ocean_AI_model/sample_03/train

train_data_pathvalid_data_path  /work/home/acrzcyisbk/Ocean_AI_model/sample_03/train/work/home/acrzcyisbk/Ocean_AI_model/sample_03/valid

valid_data_pathtest_data_path  /work/home/acrzcyisbk/Ocean_AI_model/sample_03/valid/work/home/acrzcyisbk/Ocean_AI_model/sample_03/test

land_mask test_data_pathTrue 
/work/home/acrzcyisbk/Ocean_AI_model/sample_03/test
land_mask_path /work/home/acrzcyisbk/Ocean_AI_model/sample_03/land_mask.h5land_mask
 True
normalize land_mask_pathTrue 
/work/home/acrzcyisbk/Ocean_AI_model/sample_03/land_mask.h5
normalization normalizezscore 
True
global_mins_path normalization/work/home/acrzcyisbk/Ocean_AI_model/sample_03/train/global_mins.npy 
zscore
global_maxs_path global_mins_path /work/home/acrzcyisbk/Ocean_AI_model/sample_03/train/global_maxs.npy/work/home/acrzcyisbk/Ocean_AI_model/sample_03/train/global_mins.npy

global_means_path global_maxs_path/work/home/acrzcyisbk/Ocean_AI_model/sample_03/train/global_means.npy 
/work/home/acrzcyisbk/Ocean_AI_model/sample_03/train/global_maxs.npy
global_stds_pathglobal_means_path  /work/home/acrzcyisbk/Ocean_AI_model/sample_03/train/global_stds.npy/work/home/acrzcyisbk/Ocean_AI_model/sample_03/train/global_means.npy

orographyglobal_stds_path  True/work/home/acrzcyisbk/Ocean_AI_model/sample_03/train/global_stds.npy

orography_norm_zscore_pathorography  /work/home/acrzcyisbk/Ocean_AI_model/sample_03/orography_norm_zscore.h5True

orography_norm_maxmin_pathorography_norm_zscore_path  /work/home/acrzcyisbk/Ocean_AI_model/sample_03/orography_norm_zscore.h5/work/home/acrzcyisbk/Ocean_AI_model/sample_03/orography_norm_maxmin.h5

orography_norm_maxmin_path add_noise/work/home/acrzcyisbk/Ocean_AI_model/sample_03/orography_norm_maxmin.h5 
False
add_noise noise_stdFalse 
0
noise_stdcrop_size_x  0None

crop_size_xcrop_size_y  NoneNone

crop_size_ylog_to_screen  NoneTrue

log_to_screensave_checkpoint  TrueTrue

save_checkpointplot_animations  TrueFalse

plot_animations False
---------------------------------------------------
---------------------------------------------------
world_size : 16
Initialize distributed process group...
world_size : 16
Initialize distributed process group...
2023-06-13 15:24:30,894 - torch.distributed.distributed_c10d - INFO - Added key: store_based_barrier_key:1 to store for rank: 15
2023-06-13 15:24:30,894 - torch.distributed.distributed_c10d - INFO - Added key: store_based_barrier_key:1 to store for rank: 14
2023-06-13 15:24:30,894 - torch.distributed.distributed_c10d - INFO - Added key: store_based_barrier_key:1 to store for rank: 12
2023-06-13 15:24:30,894 - torch.distributed.distributed_c10d - INFO - Added key: store_based_barrier_key:1 to store for rank: 13
2023-06-13 15:24:31,034 - torch.distributed.distributed_c10d - INFO - Rank 15: Completed store-based barrier for key:store_based_barrier_key:1 with 16 nodes.
2023-06-13 15:24:31,034 - torch.distributed.distributed_c10d - INFO - Rank 12: Completed store-based barrier for key:store_based_barrier_key:1 with 16 nodes.
2023-06-13 15:24:31,034 - torch.distributed.distributed_c10d - INFO - Rank 14: Completed store-based barrier for key:store_based_barrier_key:1 with 16 nodes.
2023-06-13 15:24:31,034 - torch.distributed.distributed_c10d - INFO - Rank 13: Completed store-based barrier for key:store_based_barrier_key:1 with 16 nodes.
2023-06-13 15:24:31,099 - root - INFO - device: cuda:1
2023-06-13 15:24:31,099 - root - INFO - rank 13, begin data loader init
Traceback (most recent call last):
  File "/home/bingxing2/home/scx6115/Ocean_AI_model/train_025_bingxing.py", line 487, in <module>
    trainer = Trainer(params, world_rank)
  File "/home/bingxing2/home/scx6115/Ocean_AI_model/train_025_bingxing.py", line 66, in __init__
    self.train_data_loader, self.train_dataset, self.train_sampler = get_data_loader(params, params.train_data_path,
  File "/home/bingxing2/home/scx6115/Ocean_AI_model/utils/data_loader_multifiles.py", line 65, in get_data_loader
    dataset = GetDataset(params, files_pattern, train)
  File "/home/bingxing2/home/scx6115/Ocean_AI_model/utils/data_loader_multifiles.py", line 101, in __init__
2023-06-13 15:24:31,102 - root - INFO - device: cuda:2
2023-06-13 15:24:31,103 - root - INFO - rank 14, begin data loader init
    self._get_files_stats()
  File "/home/bingxing2/home/scx6115/Ocean_AI_model/utils/data_loader_multifiles.py", line 112, in _get_files_stats
    with h5py.File(self.files_paths[0], 'r') as _f: 
IndexError: list index out of range
Traceback (most recent call last):
  File "/home/bingxing2/home/scx6115/Ocean_AI_model/train_025_bingxing.py", line 487, in <module>
    trainer = Trainer(params, world_rank)
  File "/home/bingxing2/home/scx6115/Ocean_AI_model/train_025_bingxing.py", line 66, in __init__
    self.train_data_loader, self.train_dataset, self.train_sampler = get_data_loader(params, params.train_data_path,
  File "/home/bingxing2/home/scx6115/Ocean_AI_model/utils/data_loader_multifiles.py", line 65, in get_data_loader
    dataset = GetDataset(params, files_pattern, train)
  File "/home/bingxing2/home/scx6115/Ocean_AI_model/utils/data_loader_multifiles.py", line 101, in __init__
    self._get_files_stats()
  File "/home/bingxing2/home/scx6115/Ocean_AI_model/utils/data_loader_multifiles.py", line 112, in _get_files_stats
    with h5py.File(self.files_paths[0], 'r') as _f: 
IndexError: list index out of range
2023-06-13 15:24:31,105 - root - INFO - device: cuda:3
2023-06-13 15:24:31,105 - root - INFO - rank 15, begin data loader init
Traceback (most recent call last):
  File "/home/bingxing2/home/scx6115/Ocean_AI_model/train_025_bingxing.py", line 487, in <module>
    trainer = Trainer(params, world_rank)
  File "/home/bingxing2/home/scx6115/Ocean_AI_model/train_025_bingxing.py", line 66, in __init__
    self.train_data_loader, self.train_dataset, self.train_sampler = get_data_loader(params, params.train_data_path,
  File "/home/bingxing2/home/scx6115/Ocean_AI_model/utils/data_loader_multifiles.py", line 65, in get_data_loader
    dataset = GetDataset(params, files_pattern, train)
  File "/home/bingxing2/home/scx6115/Ocean_AI_model/utils/data_loader_multifiles.py", line 101, in __init__
    self._get_files_stats()
  File "/home/bingxing2/home/scx6115/Ocean_AI_model/utils/data_loader_multifiles.py", line 112, in _get_files_stats
2023-06-13 15:24:31,106 - root - INFO - device: cuda:0
2023-06-13 15:24:31,106 - root - INFO - rank 12, begin data loader init
    with h5py.File(self.files_paths[0], 'r') as _f: 
IndexError: list index out of range
Traceback (most recent call last):
  File "/home/bingxing2/home/scx6115/Ocean_AI_model/train_025_bingxing.py", line 487, in <module>
    trainer = Trainer(params, world_rank)
  File "/home/bingxing2/home/scx6115/Ocean_AI_model/train_025_bingxing.py", line 66, in __init__
    self.train_data_loader, self.train_dataset, self.train_sampler = get_data_loader(params, params.train_data_path,
  File "/home/bingxing2/home/scx6115/Ocean_AI_model/utils/data_loader_multifiles.py", line 65, in get_data_loader
    dataset = GetDataset(params, files_pattern, train)
  File "/home/bingxing2/home/scx6115/Ocean_AI_model/utils/data_loader_multifiles.py", line 101, in __init__
    self._get_files_stats()
  File "/home/bingxing2/home/scx6115/Ocean_AI_model/utils/data_loader_multifiles.py", line 112, in _get_files_stats
    with h5py.File(self.files_paths[0], 'r') as _f: 
IndexError: list index out of range
ERROR:torch.distributed.elastic.multiprocessing.api:failed (exitcode: 1) local_rank: 0 (pid: 2263622) of binary: /home/bingxing2/home/scx6115/.conda/envs/torch2.0/bin/python
Traceback (most recent call last):
  File "/home/bingxing2/home/scx6115/.conda/envs/torch2.0/bin/torchrun", line 8, in <module>
    sys.exit(main())
  File "/home/bingxing2/home/scx6115/.conda/envs/torch2.0/lib/python3.10/site-packages/torch/distributed/elastic/multiprocessing/errors/__init__.py", line 346, in wrapper
    return f(*args, **kwargs)
  File "/home/bingxing2/home/scx6115/.conda/envs/torch2.0/lib/python3.10/site-packages/torch/distributed/run.py", line 794, in main
    run(args)
  File "/home/bingxing2/home/scx6115/.conda/envs/torch2.0/lib/python3.10/site-packages/torch/distributed/run.py", line 785, in run
    elastic_launch(
  File "/home/bingxing2/home/scx6115/.conda/envs/torch2.0/lib/python3.10/site-packages/torch/distributed/launcher/api.py", line 134, in __call__
    return launch_agent(self._config, self._entrypoint, list(args))
  File "/home/bingxing2/home/scx6115/.conda/envs/torch2.0/lib/python3.10/site-packages/torch/distributed/launcher/api.py", line 250, in launch_agent
    raise ChildFailedError(
torch.distributed.elastic.multiprocessing.errors.ChildFailedError: 
============================================================
train_025_bingxing.py FAILED
------------------------------------------------------------
Failures:
[1]:
  time      : 2023-06-13_15:24:33
  host      : paraai-n32-h-01-agent-84.paraai-n32-h-01.com
  rank      : 13 (local_rank: 1)
  exitcode  : 1 (pid: 2263623)
  error_file: <N/A>
  traceback : To enable traceback see: https://pytorch.org/docs/stable/elastic/errors.html
[2]:
  time      : 2023-06-13_15:24:33
  host      : paraai-n32-h-01-agent-84.paraai-n32-h-01.com
  rank      : 14 (local_rank: 2)
  exitcode  : 1 (pid: 2263624)
  error_file: <N/A>
  traceback : To enable traceback see: https://pytorch.org/docs/stable/elastic/errors.html
[3]:
  time      : 2023-06-13_15:24:33
  host      : paraai-n32-h-01-agent-84.paraai-n32-h-01.com
  rank      : 15 (local_rank: 3)
  exitcode  : 1 (pid: 2263625)
  error_file: <N/A>
  traceback : To enable traceback see: https://pytorch.org/docs/stable/elastic/errors.html
------------------------------------------------------------
Root Cause (first observed failure):
[0]:
  time      : 2023-06-13_15:24:33
  host      : paraai-n32-h-01-agent-84.paraai-n32-h-01.com
  rank      : 12 (local_rank: 0)
  exitcode  : 1 (pid: 2263622)
  error_file: <N/A>
  traceback : To enable traceback see: https://pytorch.org/docs/stable/elastic/errors.html
============================================================
srun: error: paraai-n32-h-01-agent-84: task 0: Exited with exit code 1
