master_addr is only used for static rdzv_backend and when rdzv_endpoint is not specified.
WARNING:torch.distributed.run:
*****************************************
Setting OMP_NUM_THREADS environment variable for each process to be 1 in default, to avoid your system being overloaded, please further tune the variable for optimal performance in your application as needed. 
*****************************************
paraai-n32-h-01-agent-78
paraai-n32-h-01-agent-78
0
------------------ Configuration ------------------ 0 /home/bingxing2/home/scx6115/Ocean_AI_model/config/Model.yaml

------------------ Configuration ------------------  /home/bingxing2/home/scx6115/Ocean_AI_model/config/Model.yaml
paraai-n32-h-01-agent-78
paraai-n32-h-01-agent-78
0
------------------ Configuration ------------------ 0 /home/bingxing2/home/scx6115/Ocean_AI_model/config/Model.yaml

------------------ Configuration ------------------  /home/bingxing2/home/scx6115/Ocean_AI_model/config/Model.yaml
nettype Masked_AE_fusion
log_to_wandb True
lr 0.001
batch_size 64
max_epochs 100
scheduler CosineAnnealingLR
fusion_3d_2d True
in_chans 31
out_chans 25
in_channels [0, 1, 2, 3, 4, 5, 6, 7, 8, 9, 10, 11, 12, 13, 14, 15, 16, 17, 18, 19, 20, 21, 22, 23, 24, 25, 26, 27, 28, 29]
out_channels [0, 1, 2, 3, 4, 5, 6, 7, 8, 9, 10, 11, 12, 13, 14, 15, 16, 17, 18, 19, 20, 21, 22, 23, 24]
img_size_h 720
img_size_w 1440
patch_size_h 16
patch_size_w 16
patch_size_d 2
mlp_ratio 4.0
in_chans_2d 7
out_chans_2d 1
in_chans_3d 4
out_chans_3d 4
var_depth 6
embed_dim 512
nettypedepth 16 
Masked_AE_fusion
num_heads 16
decoder_embed_dim 1024log_to_wandb
 decoder_depthTrue 
8
lrdecoder_num_heads  16
drop_rate0.001 
0.0
batch_sizedrop_path_rate  0.064

sparsity_threshold max_epochs0.01
 hard_thresholding_fraction100 
1.0
schedulernum_blocks  CosineAnnealingLR8

fusion_3d_2dloss  Truel2

in_chansnum_data_workers  310

dtout_chans  1nettype
25
n_history  Masked_AE_fusionin_channels0

 prediction_type iterative
log_to_wandbprediction_length  True[0, 1, 2, 3, 4, 5, 6, 7, 8, 9, 10, 11, 12, 13, 14, 15, 16, 17, 18, 19, 20, 21, 22, 23, 24, 25, 26, 27, 28, 29]41


lrn_initial_conditions  out_channels50.001

 ics_type batch_sizedefault[0, 1, 2, 3, 4, 5, 6, 7, 8, 9, 10, 11, 12, 13, 14, 15, 16, 17, 18, 19, 20, 21, 22, 23, 24]
 
date_strings64 
img_size_h['2018-09-14 00:00:00'] max_epochs
720 save_raw_forecasts100 

Truescheduler
img_size_w save_channelCosineAnnealingLR  
False1440
fusion_3d_2d
 masked_accTruepatch_size_h 
False in_chans
16 maskpath
31 
Nonepatch_size_w
out_chans perturb 16 25
False

in_channelsadd_grid patch_size_d  False[0, 1, 2, 3, 4, 5, 6, 7, 8, 9, 10, 11, 12, 13, 14, 15, 16, 17, 18, 19, 20, 21, 22, 23, 24, 25, 26, 27, 28, 29]
2
N_grid_channels
 out_channels0mlp_ratio 
 gridtype4.0 [0, 1, 2, 3, 4, 5, 6, 7, 8, 9, 10, 11, 12, 13, 14, 15, 16, 17, 18, 19, 20, 21, 22, 23, 24]
sinusoidal

in_chans_2drollimg_size_h   7False720


enable_nhwcimg_size_w  out_chans_2dFalse1440 

1patch_size_hoptimizer_type
  16FusedAdam
in_chans_3d
exp_dir  patch_size_w 4./exp16nettype


 out_chans_3dpatch_size_dpatch_size  Masked_AE_fusion8 2

4

widthmlp_ratio var_depth log_to_wandb564.0 
 
6in_chans_2dTruemodes
  
embed_dim732
lr 
out_chans_2d  target5121 0.001
default


in_chans_3ddepth  train_data_path4batch_size 
16out_chans_3d/home/bingxing2/home/scx6115/Ocean_AI_model/sample_00/train 
4 
valid_data_path
num_heads64 var_depth 16
/home/bingxing2/home/scx6115/Ocean_AI_model/sample_00/valid 

6max_epochstest_data_path
decoder_embed_dim  embed_dim 100/home/bingxing2/home/scx6115/Ocean_AI_model/sample_00/test

 1024land_mask512scheduler
 
 Truedecoder_depthdepth CosineAnnealingLR
 8land_mask_path
16
 
fusion_3d_2ddecoder_num_heads/home/bingxing2/home/scx6115/Ocean_AI_model/sample_00/land_mask.h5num_heads 
16  normalize
16True 

drop_rateTruedecoder_embed_dim in_chans0.0

  normalization102431drop_path_rate 

 zscoredecoder_depth
 0.0out_chansglobal_mins_path8
  
/home/bingxing2/home/scx6115/Ocean_AI_model/sample_00/train/global_mins.npysparsity_thresholddecoder_num_heads25
  
global_maxs_path160.01 in_channels

/home/bingxing2/home/scx6115/Ocean_AI_model/sample_00/train/global_maxs.npy drop_rate
hard_thresholding_fraction global_means_path 0.0 
1.0/home/bingxing2/home/scx6115/Ocean_AI_model/sample_00/train/global_means.npydrop_path_rate[0, 1, 2, 3, 4, 5, 6, 7, 8, 9, 10, 11, 12, 13, 14, 15, 16, 17, 18, 19, 20, 21, 22, 23, 24, 25, 26, 27, 28, 29]


 global_stds_pathnum_blocks out_channels 0.0 /home/bingxing2/home/scx6115/Ocean_AI_model/sample_00/train/global_stds.npy
8

sparsity_threshold[0, 1, 2, 3, 4, 5, 6, 7, 8, 9, 10, 11, 12, 13, 14, 15, 16, 17, 18, 19, 20, 21, 22, 23, 24] orography
loss0.01  img_size_h
l2True
 hard_thresholding_fraction
num_data_workers 720orography_norm_zscore_path1.0  
0
/home/bingxing2/home/scx6115/Ocean_AI_model/sample_00/orography_norm_zscore.h5num_blocks

img_size_w  dtorography_norm_maxmin_path81440  1


loss/home/bingxing2/home/scx6115/Ocean_AI_model/sample_00/orography_norm_maxmin.h5 n_history
 l2add_noise0patch_size_h
 num_data_workers
 False 16prediction_type
0

 noise_stdpatch_size_wdtiterative   
01
prediction_length16crop_size_x
 
 n_historyNone41 
patch_size_d
0 
crop_size_yn_initial_conditions2prediction_type   None
iterative
5
log_to_screen
 mlp_ratioprediction_lengthTrueics_type  
 41default

4.0save_checkpointn_initial_conditionsdate_strings 
  5True['2018-09-14 00:00:00']
in_chans_2d

ics_typeplot_animations save_raw_forecasts  Falsedefault
 7True


date_stringsout_chans_2d  save_channel['2018-09-14 00:00:00'] 1
False
save_raw_forecasts
 masked_accTruein_chans_3d
  save_channelFalse 
4Falsemaskpath

 masked_accout_chans_3d None False

4perturb
maskpath  ---------------------------------------------------var_depthFalseNone
 

6add_grid
 perturbFalse 
embed_dimFalse N_grid_channels
 512world_size :add_grid
0  
depth16False
 
gridtypeInitialize distributed process group...16N_grid_channels 

 sinusoidalnum_heads0

 rollgridtype  16False
sinusoidal

decoder_embed_dimrollenable_nhwc   False1024
Falseenable_nhwc

 optimizer_typeFalse
decoder_depthoptimizer_type   FusedAdam8FusedAdam


exp_direxp_dirdecoder_num_heads   ./exp./exp
16
patch_size
 patch_size8drop_rate
  width8
0.0 width56
 
56drop_path_ratemodes  
0.032

modestargetsparsity_threshold   default32

0.01train_data_path
 target/home/bingxing2/home/scx6115/Ocean_AI_model/sample_00/train 
hard_thresholding_fractiondefaultvalid_data_path 
 1.0/home/bingxing2/home/scx6115/Ocean_AI_model/sample_00/validtrain_data_path

 num_blocks test_data_path/home/bingxing2/home/scx6115/Ocean_AI_model/sample_00/train8 /home/bingxing2/home/scx6115/Ocean_AI_model/sample_00/test


land_maskvalid_data_pathloss  True /home/bingxing2/home/scx6115/Ocean_AI_model/sample_00/validl2


num_data_workersland_mask_pathtest_data_path   /home/bingxing2/home/scx6115/Ocean_AI_model/sample_00/land_mask.h5/home/bingxing2/home/scx6115/Ocean_AI_model/sample_00/test0


land_masknormalize  TruedtTrue 

1normalization
 land_mask_pathn_history zscore 
/home/bingxing2/home/scx6115/Ocean_AI_model/sample_00/land_mask.h5
global_mins_path0 /home/bingxing2/home/scx6115/Ocean_AI_model/sample_00/train/global_mins.npynormalize

global_maxs_path  prediction_typeTrue/home/bingxing2/home/scx6115/Ocean_AI_model/sample_00/train/global_maxs.npy
 
normalizationiterativeglobal_means_path 
 zscore/home/bingxing2/home/scx6115/Ocean_AI_model/sample_00/train/global_means.npyprediction_length

 global_mins_path41 global_stds_path
/home/bingxing2/home/scx6115/Ocean_AI_model/sample_00/train/global_mins.npy 
/home/bingxing2/home/scx6115/Ocean_AI_model/sample_00/train/global_stds.npyn_initial_conditions
global_maxs_path orography 5 /home/bingxing2/home/scx6115/Ocean_AI_model/sample_00/train/global_maxs.npy
True

global_means_pathorography_norm_zscore_pathics_type   /home/bingxing2/home/scx6115/Ocean_AI_model/sample_00/train/global_means.npydefault/home/bingxing2/home/scx6115/Ocean_AI_model/sample_00/orography_norm_zscore.h5


date_stringsglobal_stds_pathorography_norm_maxmin_path   /home/bingxing2/home/scx6115/Ocean_AI_model/sample_00/train/global_stds.npy['2018-09-14 00:00:00']/home/bingxing2/home/scx6115/Ocean_AI_model/sample_00/orography_norm_maxmin.h5


orography add_noisesave_raw_forecastsTrue 
 Falseorography_norm_zscore_pathTrue
 
/home/bingxing2/home/scx6115/Ocean_AI_model/sample_00/orography_norm_zscore.h5noise_std
save_channel  orography_norm_maxmin_pathFalse0

 masked_acccrop_size_x /home/bingxing2/home/scx6115/Ocean_AI_model/sample_00/orography_norm_maxmin.h5 
FalseNone

add_noisecrop_size_ymaskpath  None 
False
Nonelog_to_screennoise_std 
 True0perturb
 
save_checkpointFalse crop_size_xTrue
 
Noneadd_gridplot_animations
  crop_size_yFalseFalse 

NoneN_grid_channels
 log_to_screen0 
True
gridtype sinusoidalsave_checkpoint
 rollTrue 
False
plot_animations enable_nhwcFalse 
False
optimizer_type FusedAdam
exp_dir ./exp
patch_size 8
width 56
modes 32
---------------------------------------------------target
 default
train_data_path /home/bingxing2/home/scx6115/Ocean_AI_model/sample_00/train
valid_data_path /home/bingxing2/home/scx6115/Ocean_AI_model/sample_00/valid
test_data_path world_size :/home/bingxing2/home/scx6115/Ocean_AI_model/sample_00/test 
16
land_maskInitialize distributed process group... ---------------------------------------------------
True

land_mask_path /home/bingxing2/home/scx6115/Ocean_AI_model/sample_00/land_mask.h5
normalize True
normalization world_size :zscore 16

Initialize distributed process group...global_mins_path
 /home/bingxing2/home/scx6115/Ocean_AI_model/sample_00/train/global_mins.npy
global_maxs_path /home/bingxing2/home/scx6115/Ocean_AI_model/sample_00/train/global_maxs.npy
global_means_path /home/bingxing2/home/scx6115/Ocean_AI_model/sample_00/train/global_means.npy
global_stds_path /home/bingxing2/home/scx6115/Ocean_AI_model/sample_00/train/global_stds.npy
orography True
orography_norm_zscore_path /home/bingxing2/home/scx6115/Ocean_AI_model/sample_00/orography_norm_zscore.h5
orography_norm_maxmin_path /home/bingxing2/home/scx6115/Ocean_AI_model/sample_00/orography_norm_maxmin.h5
add_noise False
noise_std 0
crop_size_x None
crop_size_y None
log_to_screen True
save_checkpoint True
plot_animations False
---------------------------------------------------
world_size : 16
Initialize distributed process group...
2023-06-13 17:51:11,617 - torch.distributed.distributed_c10d - INFO - Added key: store_based_barrier_key:1 to store for rank: 2
2023-06-13 17:51:11,617 - torch.distributed.distributed_c10d - INFO - Added key: store_based_barrier_key:1 to store for rank: 3
2023-06-13 17:51:11,617 - torch.distributed.distributed_c10d - INFO - Added key: store_based_barrier_key:1 to store for rank: 1
2023-06-13 17:51:12,487 - torch.distributed.distributed_c10d - INFO - Added key: store_based_barrier_key:1 to store for rank: 0
2023-06-13 17:51:12,487 - torch.distributed.distributed_c10d - INFO - Rank 0: Completed store-based barrier for key:store_based_barrier_key:1 with 16 nodes.
2023-06-13 17:51:12,487 - torch.distributed.distributed_c10d - INFO - Rank 2: Completed store-based barrier for key:store_based_barrier_key:1 with 16 nodes.
2023-06-13 17:51:12,487 - torch.distributed.distributed_c10d - INFO - Rank 1: Completed store-based barrier for key:store_based_barrier_key:1 with 16 nodes.
2023-06-13 17:51:12,487 - torch.distributed.distributed_c10d - INFO - Rank 3: Completed store-based barrier for key:store_based_barrier_key:1 with 16 nodes.
2023-06-13 17:51:12,542 - root - INFO - device: cuda:3
2023-06-13 17:51:12,542 - root - INFO - rank 3, begin data loader init
2023-06-13 17:51:12,543 - root - INFO - device: cuda:2
2023-06-13 17:51:12,544 - root - INFO - rank 2, begin data loader init
2023-06-13 17:51:12,544 - root - INFO - device: cuda:1
2023-06-13 17:51:12,544 - root - INFO - rank 1, begin data loader init
2023-06-13 17:51:12,588 - root - INFO - Getting file stats from /home/bingxing2/home/scx6115/Ocean_AI_model/sample_00/train/2000.h5
2023-06-13 17:51:12,588 - root - INFO - Getting file stats from /home/bingxing2/home/scx6115/Ocean_AI_model/sample_00/train/2000.h5
2023-06-13 17:51:12,588 - root - INFO - Getting file stats from /home/bingxing2/home/scx6115/Ocean_AI_model/sample_00/train/2000.h5
2023-06-13 17:51:12,589 - root - INFO - Number of samples per year: 365
2023-06-13 17:51:12,589 - root - INFO - Found data at path /home/bingxing2/home/scx6115/Ocean_AI_model/sample_00/train. Number of examples: 4015. Image Shape: 720 x 1440 x 30
2023-06-13 17:51:12,589 - root - INFO - Number of samples per year: 365
2023-06-13 17:51:12,589 - root - INFO - Delta t: 1 days
2023-06-13 17:51:12,589 - root - INFO - Including 0 days of past history in training at a frequency of 1 days
2023-06-13 17:51:12,589 - root - INFO - Found data at path /home/bingxing2/home/scx6115/Ocean_AI_model/sample_00/train. Number of examples: 4015. Image Shape: 720 x 1440 x 30
2023-06-13 17:51:12,590 - root - INFO - Delta t: 1 days
2023-06-13 17:51:12,590 - root - INFO - Including 0 days of past history in training at a frequency of 1 days
2023-06-13 17:51:12,590 - root - INFO - Number of samples per year: 365
2023-06-13 17:51:12,590 - root - INFO - Found data at path /home/bingxing2/home/scx6115/Ocean_AI_model/sample_00/train. Number of examples: 4015. Image Shape: 720 x 1440 x 30
2023-06-13 17:51:12,590 - root - INFO - Delta t: 1 days
2023-06-13 17:51:12,590 - root - INFO - Including 0 days of past history in training at a frequency of 1 days
2023-06-13 17:51:12,592 - root - INFO - ------------------ Configuration ------------------
2023-06-13 17:51:12,595 - root - INFO - Configuration file: /home/bingxing2/home/scx6115/Ocean_AI_model/config/Model.yaml
2023-06-13 17:51:12,596 - root - INFO - Configuration name: Masked_AE_fusion
2023-06-13 17:51:12,596 - root - INFO - nettype Masked_AE_fusion
2023-06-13 17:51:12,596 - root - INFO - log_to_wandb True
2023-06-13 17:51:12,596 - root - INFO - lr 0.001
2023-06-13 17:51:12,596 - root - INFO - batch_size 4
2023-06-13 17:51:12,596 - root - INFO - max_epochs 100
2023-06-13 17:51:12,596 - root - INFO - scheduler CosineAnnealingLR
2023-06-13 17:51:12,596 - root - INFO - fusion_3d_2d True
2023-06-13 17:51:12,596 - root - INFO - in_chans 31
2023-06-13 17:51:12,596 - root - INFO - out_chans 25
2023-06-13 17:51:12,596 - root - INFO - in_channels [0, 1, 2, 3, 4, 5, 6, 7, 8, 9, 10, 11, 12, 13, 14, 15, 16, 17, 18, 19, 20, 21, 22, 23, 24, 25, 26, 27, 28, 29]
2023-06-13 17:51:12,596 - root - INFO - out_channels [0, 1, 2, 3, 4, 5, 6, 7, 8, 9, 10, 11, 12, 13, 14, 15, 16, 17, 18, 19, 20, 21, 22, 23, 24]
2023-06-13 17:51:12,596 - root - INFO - img_size_h 720
2023-06-13 17:51:12,596 - root - INFO - Getting file stats from /home/bingxing2/home/scx6115/Ocean_AI_model/sample_00/valid/2011.h5
2023-06-13 17:51:12,596 - root - INFO - Getting file stats from /home/bingxing2/home/scx6115/Ocean_AI_model/sample_00/valid/2011.h5
2023-06-13 17:51:12,596 - root - INFO - Getting file stats from /home/bingxing2/home/scx6115/Ocean_AI_model/sample_00/valid/2011.h5
2023-06-13 17:51:12,596 - root - INFO - img_size_w 1440
2023-06-13 17:51:12,597 - root - INFO - patch_size_h 16
2023-06-13 17:51:12,597 - root - INFO - patch_size_w 16
2023-06-13 17:51:12,597 - root - INFO - patch_size_d 2
2023-06-13 17:51:12,597 - root - INFO - mlp_ratio 4.0
2023-06-13 17:51:12,597 - root - INFO - in_chans_2d 7
2023-06-13 17:51:12,597 - root - INFO - out_chans_2d 1
2023-06-13 17:51:12,597 - root - INFO - in_chans_3d 4
2023-06-13 17:51:12,597 - root - INFO - out_chans_3d 4
2023-06-13 17:51:12,597 - root - INFO - var_depth 6
2023-06-13 17:51:12,597 - root - INFO - embed_dim 512
2023-06-13 17:51:12,597 - root - INFO - depth 16
2023-06-13 17:51:12,597 - root - INFO - num_heads 16
2023-06-13 17:51:12,597 - root - INFO - decoder_embed_dim 1024
2023-06-13 17:51:12,597 - root - INFO - Number of samples per year: 364
2023-06-13 17:51:12,597 - root - INFO - Number of samples per year: 364
2023-06-13 17:51:12,597 - root - INFO - decoder_depth 8
2023-06-13 17:51:12,597 - root - INFO - Number of samples per year: 364
2023-06-13 17:51:12,598 - root - INFO - Found data at path /home/bingxing2/home/scx6115/Ocean_AI_model/sample_00/valid. Number of examples: 364. Image Shape: 720 x 1440 x 30
2023-06-13 17:51:12,598 - root - INFO - Found data at path /home/bingxing2/home/scx6115/Ocean_AI_model/sample_00/valid. Number of examples: 364. Image Shape: 720 x 1440 x 30
2023-06-13 17:51:12,598 - root - INFO - decoder_num_heads 16
2023-06-13 17:51:12,598 - root - INFO - Found data at path /home/bingxing2/home/scx6115/Ocean_AI_model/sample_00/valid. Number of examples: 364. Image Shape: 720 x 1440 x 30
2023-06-13 17:51:12,598 - root - INFO - Delta t: 1 days
2023-06-13 17:51:12,598 - root - INFO - Delta t: 1 days
2023-06-13 17:51:12,598 - root - INFO - Delta t: 1 days
2023-06-13 17:51:12,598 - root - INFO - drop_rate 0.0
2023-06-13 17:51:12,598 - root - INFO - Including 0 days of past history in training at a frequency of 1 days
2023-06-13 17:51:12,598 - root - INFO - Including 0 days of past history in training at a frequency of 1 days
2023-06-13 17:51:12,598 - root - INFO - Including 0 days of past history in training at a frequency of 1 days
2023-06-13 17:51:12,598 - root - INFO - drop_path_rate 0.0
2023-06-13 17:51:12,598 - root - INFO - sparsity_threshold 0.01
2023-06-13 17:51:12,598 - root - INFO - hard_thresholding_fraction 1.0
Traceback (most recent call last):
  File "/home/bingxing2/home/scx6115/Ocean_AI_model/train_025_bingxing.py", line 487, in <module>
2023-06-13 17:51:12,598 - root - INFO - num_blocks 8
Traceback (most recent call last):
  File "/home/bingxing2/home/scx6115/Ocean_AI_model/train_025_bingxing.py", line 487, in <module>
Traceback (most recent call last):
  File "/home/bingxing2/home/scx6115/Ocean_AI_model/train_025_bingxing.py", line 487, in <module>
2023-06-13 17:51:12,598 - root - INFO - loss l2
2023-06-13 17:51:12,598 - root - INFO - num_data_workers 0
2023-06-13 17:51:12,598 - root - INFO - dt 1
2023-06-13 17:51:12,598 - root - INFO - n_history 0
2023-06-13 17:51:12,598 - root - INFO - prediction_type iterative
2023-06-13 17:51:12,598 - root - INFO - prediction_length 41
2023-06-13 17:51:12,598 - root - INFO - n_initial_conditions 5
2023-06-13 17:51:12,598 - root - INFO - ics_type default
2023-06-13 17:51:12,599 - root - INFO - date_strings ['2018-09-14 00:00:00']
2023-06-13 17:51:12,599 - root - INFO - save_raw_forecasts True
2023-06-13 17:51:12,599 - root - INFO - save_channel False
2023-06-13 17:51:12,599 - root - INFO - masked_acc False
2023-06-13 17:51:12,599 - root - INFO - maskpath None
2023-06-13 17:51:12,599 - root - INFO - perturb False
2023-06-13 17:51:12,599 - root - INFO - add_grid False
2023-06-13 17:51:12,599 - root - INFO - N_grid_channels 0
2023-06-13 17:51:12,599 - root - INFO - gridtype sinusoidal
2023-06-13 17:51:12,599 - root - INFO - roll False
2023-06-13 17:51:12,599 - root - INFO - enable_nhwc False
2023-06-13 17:51:12,599 - root - INFO - optimizer_type FusedAdam
2023-06-13 17:51:12,599 - root - INFO - exp_dir ./exp
2023-06-13 17:51:12,599 - root - INFO - patch_size 8
2023-06-13 17:51:12,599 - root - INFO - width 56
2023-06-13 17:51:12,600 - root - INFO - modes 32
2023-06-13 17:51:12,600 - root - INFO - target default
2023-06-13 17:51:12,600 - root - INFO - train_data_path /home/bingxing2/home/scx6115/Ocean_AI_model/sample_00/train
2023-06-13 17:51:12,600 - root - INFO - valid_data_path /home/bingxing2/home/scx6115/Ocean_AI_model/sample_00/valid
2023-06-13 17:51:12,600 - root - INFO - test_data_path /home/bingxing2/home/scx6115/Ocean_AI_model/sample_00/test
2023-06-13 17:51:12,600 - root - INFO - land_mask True
2023-06-13 17:51:12,600 - root - INFO - land_mask_path /home/bingxing2/home/scx6115/Ocean_AI_model/sample_00/land_mask.h5
2023-06-13 17:51:12,600 - root - INFO - normalize True
2023-06-13 17:51:12,600 - root - INFO - normalization zscore
2023-06-13 17:51:12,600 - root - INFO - global_mins_path /home/bingxing2/home/scx6115/Ocean_AI_model/sample_00/train/global_mins.npy
2023-06-13 17:51:12,600 - root - INFO - global_maxs_path /home/bingxing2/home/scx6115/Ocean_AI_model/sample_00/train/global_maxs.npy
2023-06-13 17:51:12,600 - root - INFO - global_means_path /home/bingxing2/home/scx6115/Ocean_AI_model/sample_00/train/global_means.npy
2023-06-13 17:51:12,600 - root - INFO - global_stds_path /home/bingxing2/home/scx6115/Ocean_AI_model/sample_00/train/global_stds.npy
2023-06-13 17:51:12,600 - root - INFO - orography True
2023-06-13 17:51:12,601 - root - INFO - orography_norm_zscore_path /home/bingxing2/home/scx6115/Ocean_AI_model/sample_00/orography_norm_zscore.h5
2023-06-13 17:51:12,601 - root - INFO - orography_norm_maxmin_path /home/bingxing2/home/scx6115/Ocean_AI_model/sample_00/orography_norm_maxmin.h5
2023-06-13 17:51:12,601 - root - INFO - add_noise False
2023-06-13 17:51:12,601 - root - INFO - noise_std 0
2023-06-13 17:51:12,601 - root - INFO - crop_size_x None
2023-06-13 17:51:12,601 - root - INFO - crop_size_y None
2023-06-13 17:51:12,601 - root - INFO - log_to_screen True
2023-06-13 17:51:12,601 - root - INFO - save_checkpoint True
2023-06-13 17:51:12,601 - root - INFO - plot_animations False
2023-06-13 17:51:12,601 - root - INFO - epsilon_factor 0
2023-06-13 17:51:12,601 - root - INFO - world_size 16
2023-06-13 17:51:12,601 - root - INFO - local_rank 0
2023-06-13 17:51:12,601 - root - INFO - global_batch_size 64
2023-06-13 17:51:12,601 - root - INFO - enable_amp True
2023-06-13 17:51:12,601 - root - INFO - experiment_dir /home/bingxing2/home/scx6115/Ocean_AI_model/exp/Masked_AE_fusion/20230613-175050
2023-06-13 17:51:12,602 - root - INFO - checkpoint_path ./exp/Masked_AE_fusion/20230613-175050/training_checkpoints/ckpt.tar
2023-06-13 17:51:12,602 - root - INFO - best_checkpoint_path ./exp/Masked_AE_fusion/20230613-175050/training_checkpoints/best_ckpt.tar
2023-06-13 17:51:12,602 - root - INFO - resuming False
2023-06-13 17:51:12,602 - root - INFO - entity ocean_ai_model
2023-06-13 17:51:12,602 - root - INFO - project ai4science
2023-06-13 17:51:12,602 - root - INFO - group 025_daily
2023-06-13 17:51:12,602 - root - INFO - name Masked_AE_fusion_20230613-175050
2023-06-13 17:51:12,602 - root - INFO - ---------------------------------------------------
    trainer = Trainer(params, world_rank)
  File "/home/bingxing2/home/scx6115/Ocean_AI_model/train_025_bingxing.py", line 69, in __init__
    trainer = Trainer(params, world_rank)
  File "/home/bingxing2/home/scx6115/Ocean_AI_model/train_025_bingxing.py", line 69, in __init__
    trainer = Trainer(params, world_rank)
  File "/home/bingxing2/home/scx6115/Ocean_AI_model/train_025_bingxing.py", line 69, in __init__
    self.valid_data_loader, self.valid_dataset = get_data_loader(params, params.valid_data_path,
ValueError: too many values to unpack (expected 2)
    self.valid_data_loader, self.valid_dataset = get_data_loader(params, params.valid_data_path,
ValueError: too many values to unpack (expected 2)
    self.valid_data_loader, self.valid_dataset = get_data_loader(params, params.valid_data_path,
ValueError: too many values to unpack (expected 2)
WARNING:torch.distributed.elastic.multiprocessing.api:Sending process 129627 closing signal SIGTERM
ERROR:torch.distributed.elastic.multiprocessing.api:failed (exitcode: 1) local_rank: 1 (pid: 129628) of binary: /home/bingxing2/home/scx6115/.conda/envs/torch2.0/bin/python
Traceback (most recent call last):
  File "/home/bingxing2/home/scx6115/.conda/envs/torch2.0/bin/torchrun", line 8, in <module>
    sys.exit(main())
  File "/home/bingxing2/home/scx6115/.conda/envs/torch2.0/lib/python3.10/site-packages/torch/distributed/elastic/multiprocessing/errors/__init__.py", line 346, in wrapper
    return f(*args, **kwargs)
  File "/home/bingxing2/home/scx6115/.conda/envs/torch2.0/lib/python3.10/site-packages/torch/distributed/run.py", line 794, in main
    run(args)
  File "/home/bingxing2/home/scx6115/.conda/envs/torch2.0/lib/python3.10/site-packages/torch/distributed/run.py", line 785, in run
    elastic_launch(
  File "/home/bingxing2/home/scx6115/.conda/envs/torch2.0/lib/python3.10/site-packages/torch/distributed/launcher/api.py", line 134, in __call__
    return launch_agent(self._config, self._entrypoint, list(args))
  File "/home/bingxing2/home/scx6115/.conda/envs/torch2.0/lib/python3.10/site-packages/torch/distributed/launcher/api.py", line 250, in launch_agent
    raise ChildFailedError(
torch.distributed.elastic.multiprocessing.errors.ChildFailedError: 
============================================================
train_025_bingxing.py FAILED
------------------------------------------------------------
Failures:
[1]:
  time      : 2023-06-13_17:51:15
  host      : paraai-n32-h-01-agent-78.paraai-n32-h-01.com
  rank      : 2 (local_rank: 2)
  exitcode  : 1 (pid: 129629)
  error_file: <N/A>
  traceback : To enable traceback see: https://pytorch.org/docs/stable/elastic/errors.html
[2]:
  time      : 2023-06-13_17:51:15
  host      : paraai-n32-h-01-agent-78.paraai-n32-h-01.com
  rank      : 3 (local_rank: 3)
  exitcode  : 1 (pid: 129630)
  error_file: <N/A>
  traceback : To enable traceback see: https://pytorch.org/docs/stable/elastic/errors.html
------------------------------------------------------------
Root Cause (first observed failure):
[0]:
  time      : 2023-06-13_17:51:15
  host      : paraai-n32-h-01-agent-78.paraai-n32-h-01.com
  rank      : 1 (local_rank: 1)
  exitcode  : 1 (pid: 129628)
  error_file: <N/A>
  traceback : To enable traceback see: https://pytorch.org/docs/stable/elastic/errors.html
============================================================
srun: error: paraai-n32-h-01-agent-78: task 0: Exited with exit code 1
