master_addr is only used for static rdzv_backend and when rdzv_endpoint is not specified.
WARNING:torch.distributed.run:
*****************************************
Setting OMP_NUM_THREADS environment variable for each process to be 1 in default, to avoid your system being overloaded, please further tune the variable for optimal performance in your application as needed. 
*****************************************
paraai-n32-h-01-agent-72
paraai-n32-h-01-agent-72
0
------------------ Configuration ------------------  /home/bingxing2/home/scx6115/Ocean_AI_model/config/Model.yaml
0
------------------ Configuration ------------------  /home/bingxing2/home/scx6115/Ocean_AI_model/config/Model.yaml
paraai-n32-h-01-agent-72
paraai-n32-h-01-agent-72
0
------------------ Configuration ------------------  /home/bingxing2/home/scx6115/Ocean_AI_model/config/Model.yaml
0
------------------ Configuration ------------------  /home/bingxing2/home/scx6115/Ocean_AI_model/config/Model.yaml
nettype Masked_AE_fusion
log_to_wandb True
lr 0.001
batch_size 64
max_epochs 100
scheduler CosineAnnealingLR
nettypefusion_3d_2d  TrueMasked_AE_fusion

in_chans 31log_to_wandb
 Trueout_chans
 25
lr in_channels 0.001
batch_size[0, 1, 2, 3, 4, 5, 6, 7, 8, 9, 10, 11, 12, 13, 14, 15, 16, 17, 18, 19, 20, 21, 22, 23, 24, 25, 26, 27, 28, 29] 
64
out_channelsmax_epochs  100
[0, 1, 2, 3, 4, 5, 6, 7, 8, 9, 10, 11, 12, 13, 14, 15, 16, 17, 18, 19, 20, 21, 22, 23, 24]scheduler
 CosineAnnealingLR
img_size_h fusion_3d_2d720 
True
img_size_w in_chans1440 
31
patch_size_h out_chans16 
25
patch_size_w in_channels16 
patch_size_d 2
mlp_ratio[0, 1, 2, 3, 4, 5, 6, 7, 8, 9, 10, 11, 12, 13, 14, 15, 16, 17, 18, 19, 20, 21, 22, 23, 24, 25, 26, 27, 28, 29] 
4.0
in_chans_2d 7out_channels
 out_chans_2d 1
[0, 1, 2, 3, 4, 5, 6, 7, 8, 9, 10, 11, 12, 13, 14, 15, 16, 17, 18, 19, 20, 21, 22, 23, 24]
in_chans_3d 4img_size_h
 720out_chans_3d
 4img_size_w
 1440
var_depth patch_size_h6 
16
embed_dimpatch_size_w  51216

depth patch_size_d16 
2
num_heads mlp_ratio16 
4.0
decoder_embed_dim 1024in_chans_2d
 7decoder_depth
 8out_chans_2d
 1decoder_num_heads
 16
in_chans_3d drop_rate4 
0.0out_chans_3d
 4drop_path_rate
 0.0
var_depthsparsity_threshold  6
0.01
embed_dimhard_thresholding_fraction  5121.0

depthnum_blocks  168

num_headsloss  16l2

decoder_embed_dimnum_data_workers  10240

decoder_depthdt  81

decoder_num_headsn_history  160

drop_rateprediction_type  0.0iterative

drop_path_rateprediction_length  0.041

sparsity_thresholdn_initial_conditions  50.01

hard_thresholding_fractionics_type  1.0default

num_blocksdate_strings  8
['2018-09-14 00:00:00']
save_raw_forecasts True
save_channel lossFalse 
l2
masked_acc num_data_workersFalse 
0
maskpath Nonedt
 1perturb
 False
n_historyadd_grid  0False

prediction_typeN_grid_channels  iterative0

prediction_lengthgridtype  41sinusoidal

n_initial_conditionsroll  5False

enable_nhwc ics_typeFalse 
default
optimizer_type date_stringsFusedAdam 
['2018-09-14 00:00:00']exp_dir
 ./exp
save_raw_forecasts patch_sizeTrue 
8
save_channel widthFalse 
56
masked_acc modesFalse 
32
maskpath targetNone 
default
perturb train_data_pathnettypeFalse 
/home/bingxing2/home/scx6115/Ocean_AI_model/sample_00/train 
Masked_AE_fusionadd_grid 
valid_data_pathFalse 
/home/bingxing2/home/scx6115/Ocean_AI_model/sample_00/valid
N_grid_channels test_data_pathlog_to_wandb0  
/home/bingxing2/home/scx6115/Ocean_AI_model/sample_00/testTrue
gridtype
land_mask  sinusoidallrTrue

 rollland_mask_path  False0.001/home/bingxing2/home/scx6115/Ocean_AI_model/sample_00/land_mask.h5


enable_nhwc normalizeFalsebatch_size 
True 
64optimizer_type
 normalizationFusedAdam max_epochs
zscore 
100exp_dir
global_mins_path  ./exp/home/bingxing2/home/scx6115/Ocean_AI_model/sample_00/train/global_mins.npyscheduler

 CosineAnnealingLRpatch_sizeglobal_maxs_path
  8/home/bingxing2/home/scx6115/Ocean_AI_model/sample_00/train/global_maxs.npyfusion_3d_2d

 Truewidthglobal_means_path
  56in_chans/home/bingxing2/home/scx6115/Ocean_AI_model/sample_00/train/global_means.npy
 
31modesglobal_stds_path
  32/home/bingxing2/home/scx6115/Ocean_AI_model/sample_00/train/global_stds.npyout_chans

 target25orography 
 defaultTrue
in_channels
 train_data_pathorography_norm_zscore_path  /home/bingxing2/home/scx6115/Ocean_AI_model/sample_00/train/home/bingxing2/home/scx6115/Ocean_AI_model/sample_00/orography_norm_zscore.h5

valid_data_pathorography_norm_maxmin_path[0, 1, 2, 3, 4, 5, 6, 7, 8, 9, 10, 11, 12, 13, 14, 15, 16, 17, 18, 19, 20, 21, 22, 23, 24, 25, 26, 27, 28, 29]  
/home/bingxing2/home/scx6115/Ocean_AI_model/sample_00/valid/home/bingxing2/home/scx6115/Ocean_AI_model/sample_00/orography_norm_maxmin.h5

test_data_pathout_channelsadd_noise   /home/bingxing2/home/scx6115/Ocean_AI_model/sample_00/testFalse

land_mask[0, 1, 2, 3, 4, 5, 6, 7, 8, 9, 10, 11, 12, 13, 14, 15, 16, 17, 18, 19, 20, 21, 22, 23, 24]noise_std 
 True0

img_size_hland_mask_path crop_size_x 720 /home/bingxing2/home/scx6115/Ocean_AI_model/sample_00/land_mask.h5
None
img_size_w
 normalizecrop_size_y1440  
TrueNone

patch_size_h normalization16 
log_to_screenzscore 
patch_size_wTrue 
global_mins_path16 
save_checkpoint/home/bingxing2/home/scx6115/Ocean_AI_model/sample_00/train/global_mins.npy 
patch_size_dTrue 
2global_maxs_path
plot_animations  /home/bingxing2/home/scx6115/Ocean_AI_model/sample_00/train/global_maxs.npymlp_ratioFalse
 
4.0global_means_path
 /home/bingxing2/home/scx6115/Ocean_AI_model/sample_00/train/global_means.npy
in_chans_2d global_stds_path7 
/home/bingxing2/home/scx6115/Ocean_AI_model/sample_00/train/global_stds.npy
out_chans_2d orography1 
True
in_chans_3dorography_norm_zscore_path  4/home/bingxing2/home/scx6115/Ocean_AI_model/sample_00/orography_norm_zscore.h5

out_chans_3dorography_norm_maxmin_path  4/home/bingxing2/home/scx6115/Ocean_AI_model/sample_00/orography_norm_maxmin.h5

var_depthadd_noise  6False

embed_dimnoise_std  5120

depthcrop_size_x  16None

num_headscrop_size_y  16None

decoder_embed_dimlog_to_screen  1024
True
decoder_depthsave_checkpoint  8
---------------------------------------------------True

decoder_num_heads plot_animations16 
False
drop_rate 0.0
drop_path_rate 0.0
sparsity_threshold 0.01
world_size :hard_thresholding_fractionnettype  1.016
 
num_blocksInitialize distributed process group...Masked_AE_fusion 

8
loss l2
num_data_workerslog_to_wandb  0True

dtlr  1
n_history 0.0010

prediction_type---------------------------------------------------batch_size 
iterative 
64
prediction_length 41max_epochs
 100n_initial_conditions
 5
scheduler CosineAnnealingLRics_type
 defaultworld_size :
fusion_3d_2d  date_strings16True
 
Initialize distributed process group...
['2018-09-14 00:00:00']in_chans
 31
save_raw_forecasts Trueout_chans
 25
in_channelssave_channel  False
masked_acc False
[0, 1, 2, 3, 4, 5, 6, 7, 8, 9, 10, 11, 12, 13, 14, 15, 16, 17, 18, 19, 20, 21, 22, 23, 24, 25, 26, 27, 28, 29]
maskpath None
out_channels perturb False
[0, 1, 2, 3, 4, 5, 6, 7, 8, 9, 10, 11, 12, 13, 14, 15, 16, 17, 18, 19, 20, 21, 22, 23, 24]add_grid
 False
N_grid_channelsimg_size_h  0720

gridtypeimg_size_w  sinusoidal
1440
roll patch_size_hFalse 
16
enable_nhwc patch_size_wFalse 
16
optimizer_type FusedAdampatch_size_d
 2exp_dir
 ./expmlp_ratio
 patch_size4.0 
8
in_chans_2dwidth  756

out_chans_2dmodes  132

in_chans_3d target4 
default
out_chans_3dtrain_data_path  4/home/bingxing2/home/scx6115/Ocean_AI_model/sample_00/train

var_depthvalid_data_path  6/home/bingxing2/home/scx6115/Ocean_AI_model/sample_00/valid

test_data_pathembed_dim  /home/bingxing2/home/scx6115/Ocean_AI_model/sample_00/test512

land_maskdepth  True16

land_mask_pathnum_heads  /home/bingxing2/home/scx6115/Ocean_AI_model/sample_00/land_mask.h516

normalizedecoder_embed_dim  True1024

normalizationdecoder_depth  zscore8

global_mins_pathdecoder_num_heads  /home/bingxing2/home/scx6115/Ocean_AI_model/sample_00/train/global_mins.npy16

global_maxs_pathdrop_rate  /home/bingxing2/home/scx6115/Ocean_AI_model/sample_00/train/global_maxs.npy0.0

global_means_pathdrop_path_rate  /home/bingxing2/home/scx6115/Ocean_AI_model/sample_00/train/global_means.npy0.0

global_stds_pathsparsity_threshold  /home/bingxing2/home/scx6115/Ocean_AI_model/sample_00/train/global_stds.npy0.01

orographyhard_thresholding_fraction  True1.0

orography_norm_zscore_pathnum_blocks  /home/bingxing2/home/scx6115/Ocean_AI_model/sample_00/orography_norm_zscore.h58

orography_norm_maxmin_pathloss  /home/bingxing2/home/scx6115/Ocean_AI_model/sample_00/orography_norm_maxmin.h5l2

add_noisenum_data_workers  False0

noise_stddt  01

crop_size_xn_history  None0

crop_size_yprediction_type  Noneiterative

log_to_screenprediction_length  True41

save_checkpointn_initial_conditions  True
5
plot_animationsics_type  Falsedefault

date_strings ['2018-09-14 00:00:00']
save_raw_forecasts True
save_channel False
masked_acc False
maskpath None
perturb False
add_grid False
N_grid_channels 0
gridtype sinusoidal
roll ---------------------------------------------------False

enable_nhwc False
optimizer_type FusedAdam
exp_dir ./exp
patch_size 8
world_size : width16 
56Initialize distributed process group...

modes 32
target default
train_data_path /home/bingxing2/home/scx6115/Ocean_AI_model/sample_00/train
valid_data_path /home/bingxing2/home/scx6115/Ocean_AI_model/sample_00/valid
test_data_path /home/bingxing2/home/scx6115/Ocean_AI_model/sample_00/test
land_mask True
land_mask_path /home/bingxing2/home/scx6115/Ocean_AI_model/sample_00/land_mask.h5
normalize True
normalization zscore
global_mins_path /home/bingxing2/home/scx6115/Ocean_AI_model/sample_00/train/global_mins.npy
global_maxs_path /home/bingxing2/home/scx6115/Ocean_AI_model/sample_00/train/global_maxs.npy
global_means_path /home/bingxing2/home/scx6115/Ocean_AI_model/sample_00/train/global_means.npy
global_stds_path /home/bingxing2/home/scx6115/Ocean_AI_model/sample_00/train/global_stds.npy
orography True
orography_norm_zscore_path /home/bingxing2/home/scx6115/Ocean_AI_model/sample_00/orography_norm_zscore.h5
orography_norm_maxmin_path /home/bingxing2/home/scx6115/Ocean_AI_model/sample_00/orography_norm_maxmin.h5
add_noise False
noise_std 0
crop_size_x None
crop_size_y None
log_to_screen True
save_checkpoint True
plot_animations False
---------------------------------------------------
world_size : 16
Initialize distributed process group...
2023-06-13 20:32:40,984 - torch.distributed.distributed_c10d - INFO - Added key: store_based_barrier_key:1 to store for rank: 11
2023-06-13 20:32:40,984 - torch.distributed.distributed_c10d - INFO - Added key: store_based_barrier_key:1 to store for rank: 8
2023-06-13 20:32:40,984 - torch.distributed.distributed_c10d - INFO - Added key: store_based_barrier_key:1 to store for rank: 9
2023-06-13 20:32:40,984 - torch.distributed.distributed_c10d - INFO - Added key: store_based_barrier_key:1 to store for rank: 10
2023-06-13 20:32:41,402 - torch.distributed.distributed_c10d - INFO - Rank 11: Completed store-based barrier for key:store_based_barrier_key:1 with 16 nodes.
2023-06-13 20:32:41,402 - torch.distributed.distributed_c10d - INFO - Rank 8: Completed store-based barrier for key:store_based_barrier_key:1 with 16 nodes.
2023-06-13 20:32:41,402 - torch.distributed.distributed_c10d - INFO - Rank 10: Completed store-based barrier for key:store_based_barrier_key:1 with 16 nodes.
2023-06-13 20:32:41,402 - torch.distributed.distributed_c10d - INFO - Rank 9: Completed store-based barrier for key:store_based_barrier_key:1 with 16 nodes.
2023-06-13 20:32:41,462 - root - INFO - device: cuda:1
2023-06-13 20:32:41,462 - root - INFO - rank 9, begin data loader init
2023-06-13 20:32:41,466 - root - INFO - device: cuda:0
2023-06-13 20:32:41,466 - root - INFO - rank 8, begin data loader init
2023-06-13 20:32:41,468 - root - INFO - device: cuda:2
2023-06-13 20:32:41,468 - root - INFO - rank 10, begin data loader init
2023-06-13 20:32:41,469 - root - INFO - Getting file stats from /home/bingxing2/home/scx6115/Ocean_AI_model/sample_00/train/2000.h5
2023-06-13 20:32:41,469 - root - INFO - Getting file stats from /home/bingxing2/home/scx6115/Ocean_AI_model/sample_00/train/2000.h5
2023-06-13 20:32:41,469 - root - INFO - device: cuda:3
2023-06-13 20:32:41,469 - root - INFO - rank 11, begin data loader init
2023-06-13 20:32:41,470 - root - INFO - Number of samples per year: 365
2023-06-13 20:32:41,470 - root - INFO - Found data at path /home/bingxing2/home/scx6115/Ocean_AI_model/sample_00/train. Number of examples: 4015. Image Shape: 720 x 1440 x 30
2023-06-13 20:32:41,470 - root - INFO - Delta t: 1 days
2023-06-13 20:32:41,470 - root - INFO - Number of samples per year: 365
2023-06-13 20:32:41,470 - root - INFO - Including 0 days of past history in training at a frequency of 1 days
2023-06-13 20:32:41,470 - root - INFO - Found data at path /home/bingxing2/home/scx6115/Ocean_AI_model/sample_00/train. Number of examples: 4015. Image Shape: 720 x 1440 x 30
2023-06-13 20:32:41,470 - root - INFO - Getting file stats from /home/bingxing2/home/scx6115/Ocean_AI_model/sample_00/train/2000.h5
2023-06-13 20:32:41,470 - root - INFO - Delta t: 1 days
2023-06-13 20:32:41,470 - root - INFO - Including 0 days of past history in training at a frequency of 1 days
2023-06-13 20:32:41,471 - root - INFO - Getting file stats from /home/bingxing2/home/scx6115/Ocean_AI_model/sample_00/train/2000.h5
2023-06-13 20:32:41,471 - root - INFO - Number of samples per year: 365
2023-06-13 20:32:41,471 - root - INFO - Found data at path /home/bingxing2/home/scx6115/Ocean_AI_model/sample_00/train. Number of examples: 4015. Image Shape: 720 x 1440 x 30
2023-06-13 20:32:41,471 - root - INFO - Delta t: 1 days
2023-06-13 20:32:41,471 - root - INFO - Including 0 days of past history in training at a frequency of 1 days
2023-06-13 20:32:41,472 - root - INFO - Number of samples per year: 365
2023-06-13 20:32:41,472 - root - INFO - Found data at path /home/bingxing2/home/scx6115/Ocean_AI_model/sample_00/train. Number of examples: 4015. Image Shape: 720 x 1440 x 30
2023-06-13 20:32:41,472 - root - INFO - Delta t: 1 days
2023-06-13 20:32:41,472 - root - INFO - Including 0 days of past history in training at a frequency of 1 days
2023-06-13 20:32:41,510 - root - INFO - Getting file stats from /home/bingxing2/home/scx6115/Ocean_AI_model/sample_00/valid/2011.h5
2023-06-13 20:32:41,510 - root - INFO - Getting file stats from /home/bingxing2/home/scx6115/Ocean_AI_model/sample_00/valid/2011.h5
2023-06-13 20:32:41,510 - root - INFO - Getting file stats from /home/bingxing2/home/scx6115/Ocean_AI_model/sample_00/valid/2011.h5
2023-06-13 20:32:41,510 - root - INFO - Getting file stats from /home/bingxing2/home/scx6115/Ocean_AI_model/sample_00/valid/2011.h5
2023-06-13 20:32:41,511 - root - INFO - Number of samples per year: 364
2023-06-13 20:32:41,511 - root - INFO - Number of samples per year: 364
2023-06-13 20:32:41,511 - root - INFO - Found data at path /home/bingxing2/home/scx6115/Ocean_AI_model/sample_00/valid. Number of examples: 364. Image Shape: 720 x 1440 x 30
2023-06-13 20:32:41,512 - root - INFO - Number of samples per year: 364
2023-06-13 20:32:41,512 - root - INFO - Delta t: 1 days
2023-06-13 20:32:41,512 - root - INFO - Found data at path /home/bingxing2/home/scx6115/Ocean_AI_model/sample_00/valid. Number of examples: 364. Image Shape: 720 x 1440 x 30
2023-06-13 20:32:41,512 - root - INFO - Including 0 days of past history in training at a frequency of 1 days
2023-06-13 20:32:41,512 - root - INFO - Found data at path /home/bingxing2/home/scx6115/Ocean_AI_model/sample_00/valid. Number of examples: 364. Image Shape: 720 x 1440 x 30
2023-06-13 20:32:41,512 - root - INFO - Delta t: 1 days
2023-06-13 20:32:41,512 - root - INFO - Number of samples per year: 364
2023-06-13 20:32:41,512 - root - INFO - Delta t: 1 days
2023-06-13 20:32:41,512 - root - INFO - Including 0 days of past history in training at a frequency of 1 days
2023-06-13 20:32:41,512 - root - INFO - Found data at path /home/bingxing2/home/scx6115/Ocean_AI_model/sample_00/valid. Number of examples: 364. Image Shape: 720 x 1440 x 30
2023-06-13 20:32:41,512 - root - INFO - Including 0 days of past history in training at a frequency of 1 days
2023-06-13 20:32:41,512 - root - INFO - Delta t: 1 days
2023-06-13 20:32:41,512 - root - INFO - rank 8, data loader initialized
2023-06-13 20:32:41,512 - root - INFO - Including 0 days of past history in training at a frequency of 1 days
2023-06-13 20:32:41,512 - root - INFO - rank 11, data loader initialized
2023-06-13 20:32:41,512 - root - INFO - rank 10, data loader initialized
2023-06-13 20:32:41,512 - root - INFO - rank 9, data loader initialized
paraai-n32-h-01-agent-72:3391570:3391570 [0] NCCL INFO cudaDriverVersion 11060
paraai-n32-h-01-agent-72:3391571:3391571 [1] NCCL INFO cudaDriverVersion 11060
paraai-n32-h-01-agent-72:3391573:3391573 [3] NCCL INFO cudaDriverVersion 11060
paraai-n32-h-01-agent-72:3391572:3391572 [2] NCCL INFO cudaDriverVersion 11060
paraai-n32-h-01-agent-72:3391570:3391570 [0] NCCL INFO Bootstrap : Using eth0:172.16.5.165<0>
paraai-n32-h-01-agent-72:3391571:3391571 [1] NCCL INFO Bootstrap : Using eth0:172.16.5.165<0>
paraai-n32-h-01-agent-72:3391573:3391573 [3] NCCL INFO Bootstrap : Using eth0:172.16.5.165<0>
paraai-n32-h-01-agent-72:3391572:3391572 [2] NCCL INFO Bootstrap : Using eth0:172.16.5.165<0>
paraai-n32-h-01-agent-72:3391570:3391570 [0] NCCL INFO NET/Plugin : No plugin found (libnccl-net.so), using internal implementation
paraai-n32-h-01-agent-72:3391571:3391571 [1] NCCL INFO NET/Plugin : No plugin found (libnccl-net.so), using internal implementation
paraai-n32-h-01-agent-72:3391573:3391573 [3] NCCL INFO NET/Plugin : No plugin found (libnccl-net.so), using internal implementation
paraai-n32-h-01-agent-72:3391572:3391572 [2] NCCL INFO NET/Plugin : No plugin found (libnccl-net.so), using internal implementation
paraai-n32-h-01-agent-72:3391571:3392600 [1] NCCL INFO NCCL_IB_DISABLE set by environment to 0.
paraai-n32-h-01-agent-72:3391572:3392601 [2] NCCL INFO NCCL_IB_DISABLE set by environment to 0.
paraai-n32-h-01-agent-72:3391573:3392602 [3] NCCL INFO NCCL_IB_DISABLE set by environment to 0.
paraai-n32-h-01-agent-72:3391570:3392603 [0] NCCL INFO NCCL_IB_DISABLE set by environment to 0.
paraai-n32-h-01-agent-72:3391571:3392600 [1] NCCL INFO NET/IB : Using [0]mlx5_0:1/RoCE [1]mlx5_1:1/RoCE [2]mlx5_2:1/RoCE [3]mlx5_3:1/RoCE [RO]; OOB eth0:172.16.5.165<0>
paraai-n32-h-01-agent-72:3391570:3392603 [0] NCCL INFO NET/IB : Using [0]mlx5_0:1/RoCE [1]mlx5_1:1/RoCE [2]mlx5_2:1/RoCE [3]mlx5_3:1/RoCE [RO]; OOB eth0:172.16.5.165<0>
paraai-n32-h-01-agent-72:3391571:3392600 [1] NCCL INFO Using network IB
paraai-n32-h-01-agent-72:3391570:3392603 [0] NCCL INFO Using network IB
paraai-n32-h-01-agent-72:3391572:3392601 [2] NCCL INFO NET/IB : Using [0]mlx5_0:1/RoCE [1]mlx5_1:1/RoCE [2]mlx5_2:1/RoCE [3]mlx5_3:1/RoCE [RO]; OOB eth0:172.16.5.165<0>
paraai-n32-h-01-agent-72:3391572:3392601 [2] NCCL INFO Using network IB
paraai-n32-h-01-agent-72:3391573:3392602 [3] NCCL INFO NET/IB : Using [0]mlx5_0:1/RoCE [1]mlx5_1:1/RoCE [2]mlx5_2:1/RoCE [3]mlx5_3:1/RoCE [RO]; OOB eth0:172.16.5.165<0>
paraai-n32-h-01-agent-72:3391573:3392602 [3] NCCL INFO Using network IB
paraai-n32-h-01-agent-72:3391570:3392603 [0] NCCL INFO Setting affinity for GPU 0 to ffffffff
paraai-n32-h-01-agent-72:3391571:3392600 [1] NCCL INFO Setting affinity for GPU 1 to ffffffff
paraai-n32-h-01-agent-72:3391573:3392602 [3] NCCL INFO Setting affinity for GPU 3 to ffffffff,00000000,00000000
paraai-n32-h-01-agent-72:3391572:3392601 [2] NCCL INFO Setting affinity for GPU 2 to ffffffff,00000000,00000000
paraai-n32-h-01-agent-72:3391573:3392602 [3] NCCL INFO Trees [0] -1/-1/-1->11->10 [1] -1/-1/-1->11->10
paraai-n32-h-01-agent-72:3391572:3392601 [2] NCCL INFO Trees [0] 11/-1/-1->10->9 [1] 11/-1/-1->10->9
paraai-n32-h-01-agent-72:3391571:3392600 [1] NCCL INFO Trees [0] 10/4/-1->9->8 [1] 10/-1/-1->9->8
paraai-n32-h-01-agent-72:3391570:3392603 [0] NCCL INFO Trees [0] 9/12/-1->8->0 [1] 9/-1/-1->8->5
paraai-n32-h-01-agent-72:3391571:3392600 [1] NCCL INFO Channel 00 : 9[2000] -> 10[81000] via SHM/direct/direct
paraai-n32-h-01-agent-72:3391571:3392600 [1] NCCL INFO Channel 01 : 9[2000] -> 10[81000] via SHM/direct/direct
paraai-n32-h-01-agent-72:3391572:3392601 [2] NCCL INFO Channel 00 : 10[81000] -> 11[82000] via SHM/direct/direct
paraai-n32-h-01-agent-72:3391572:3392601 [2] NCCL INFO Channel 01 : 10[81000] -> 11[82000] via SHM/direct/direct
paraai-n32-h-01-agent-72:3391570:3392603 [0] NCCL INFO Channel 00/0 : 7[82000] -> 8[1000] [receive] via NET/IB/0
paraai-n32-h-01-agent-72:3391570:3392603 [0] NCCL INFO Channel 01/0 : 7[82000] -> 8[1000] [receive] via NET/IB/0
paraai-n32-h-01-agent-72:3391570:3392603 [0] NCCL INFO Channel 00 : 8[1000] -> 9[2000] via SHM/direct/direct
paraai-n32-h-01-agent-72:3391570:3392603 [0] NCCL INFO Channel 01 : 8[1000] -> 9[2000] via SHM/direct/direct
paraai-n32-h-01-agent-72:3391571:3392600 [1] NCCL INFO Connected all rings
paraai-n32-h-01-agent-72:3391570:3392621 [0] NCCL INFO NCCL_IB_GID_INDEX set by environment to 3.
paraai-n32-h-01-agent-72:3391570:3392621 [0] NCCL INFO NCCL_IB_TIMEOUT set by environment to 23.
paraai-n32-h-01-agent-72:3391570:3392621 [0] NCCL INFO NCCL_IB_RETRY_CNT set by environment to 7.
paraai-n32-h-01-agent-72:3391570:3392603 [0] NCCL INFO Connected all rings
paraai-n32-h-01-agent-72:3391570:3392603 [0] NCCL INFO Channel 01/0 : 5[2000] -> 8[1000] [receive] via NET/IB/0
paraai-n32-h-01-agent-72:3391573:3392602 [3] NCCL INFO Channel 00/0 : 11[82000] -> 12[1000] [send] via NET/IB/0
paraai-n32-h-01-agent-72:3391570:3392603 [0] NCCL INFO Channel 00/0 : 8[1000] -> 12[1000] [send] via NET/IB/0
paraai-n32-h-01-agent-72:3391573:3392602 [3] NCCL INFO Channel 01/0 : 11[82000] -> 12[1000] [send] via NET/IB/0
paraai-n32-h-01-agent-72:3391571:3392600 [1] NCCL INFO Channel 00/0 : 4[1000] -> 9[2000] [receive] via NET/IB/0
paraai-n32-h-01-agent-72:3391572:3392601 [2] NCCL INFO Connected all rings
paraai-n32-h-01-agent-72:3391573:3392622 [3] NCCL INFO NCCL_IB_GID_INDEX set by environment to 3.
paraai-n32-h-01-agent-72:3391572:3392601 [2] NCCL INFO Channel 00 : 10[81000] -> 9[2000] via SHM/direct/direct
paraai-n32-h-01-agent-72:3391572:3392601 [2] NCCL INFO Channel 01 : 10[81000] -> 9[2000] via SHM/direct/direct
paraai-n32-h-01-agent-72:3391573:3392602 [3] NCCL INFO Connected all rings
paraai-n32-h-01-agent-72:3391573:3392602 [3] NCCL INFO Channel 00 : 11[82000] -> 10[81000] via SHM/direct/direct
paraai-n32-h-01-agent-72:3391573:3392602 [3] NCCL INFO Channel 01 : 11[82000] -> 10[81000] via SHM/direct/direct
paraai-n32-h-01-agent-72:3391573:3392602 [3] NCCL INFO Connected all trees
paraai-n32-h-01-agent-72:3391573:3392602 [3] NCCL INFO threadThresholds 8/8/64 | 128/8/64 | 512 | 512
paraai-n32-h-01-agent-72:3391573:3392602 [3] NCCL INFO 2 coll channels, 2 p2p channels, 2 p2p channels per peer
paraai-n32-h-01-agent-72:3391571:3392624 [1] NCCL INFO NCCL_IB_GID_INDEX set by environment to 3.
paraai-n32-h-01-agent-72:3391571:3392624 [1] NCCL INFO NCCL_IB_TIMEOUT set by environment to 23.
paraai-n32-h-01-agent-72:3391571:3392624 [1] NCCL INFO NCCL_IB_RETRY_CNT set by environment to 7.
paraai-n32-h-01-agent-72:3391571:3392600 [1] NCCL INFO Channel 00/0 : 9[2000] -> 4[1000] [send] via NET/IB/0
paraai-n32-h-01-agent-72:3391570:3392603 [0] NCCL INFO Channel 00/0 : 0[1000] -> 8[1000] [receive] via NET/IB/0
paraai-n32-h-01-agent-72:3391570:3392603 [0] NCCL INFO Channel 00/0 : 8[1000] -> 0[1000] [send] via NET/IB/0
paraai-n32-h-01-agent-72:3391570:3392603 [0] NCCL INFO Channel 00/0 : 12[1000] -> 8[1000] [receive] via NET/IB/0
paraai-n32-h-01-agent-72:3391571:3392600 [1] NCCL INFO Channel 00 : 9[2000] -> 8[1000] via SHM/direct/direct
paraai-n32-h-01-agent-72:3391571:3392600 [1] NCCL INFO Channel 01 : 9[2000] -> 8[1000] via SHM/direct/direct
paraai-n32-h-01-agent-72:3391572:3392601 [2] NCCL INFO Connected all trees
paraai-n32-h-01-agent-72:3391572:3392601 [2] NCCL INFO threadThresholds 8/8/64 | 128/8/64 | 512 | 512
paraai-n32-h-01-agent-72:3391572:3392601 [2] NCCL INFO 2 coll channels, 2 p2p channels, 2 p2p channels per peer
paraai-n32-h-01-agent-72:3391570:3392603 [0] NCCL INFO Channel 01/0 : 8[1000] -> 5[2000] [send] via NET/IB/0
paraai-n32-h-01-agent-72:3391570:3392603 [0] NCCL INFO Connected all trees
paraai-n32-h-01-agent-72:3391570:3392603 [0] NCCL INFO threadThresholds 8/8/64 | 128/8/64 | 512 | 512
paraai-n32-h-01-agent-72:3391570:3392603 [0] NCCL INFO 2 coll channels, 2 p2p channels, 2 p2p channels per peer
paraai-n32-h-01-agent-72:3391571:3392600 [1] NCCL INFO Connected all trees
paraai-n32-h-01-agent-72:3391571:3392600 [1] NCCL INFO threadThresholds 8/8/64 | 128/8/64 | 512 | 512
paraai-n32-h-01-agent-72:3391571:3392600 [1] NCCL INFO 2 coll channels, 2 p2p channels, 2 p2p channels per peer
paraai-n32-h-01-agent-72:3391573:3392602 [3] NCCL INFO comm 0xfa21400 rank 11 nranks 16 cudaDev 3 busId 82000 - Init COMPLETE
paraai-n32-h-01-agent-72:3391571:3392600 [1] NCCL INFO comm 0x2a780fc0 rank 9 nranks 16 cudaDev 1 busId 2000 - Init COMPLETE
paraai-n32-h-01-agent-72:3391570:3392603 [0] NCCL INFO comm 0x279c9c40 rank 8 nranks 16 cudaDev 0 busId 1000 - Init COMPLETE
paraai-n32-h-01-agent-72:3391572:3392601 [2] NCCL INFO comm 0x5794fb30 rank 10 nranks 16 cudaDev 2 busId 81000 - Init COMPLETE
paraai-n32-h-01-agent-72:3391573:3392626 [3] NCCL INFO NCCL_IB_TIMEOUT set by environment to 23.
paraai-n32-h-01-agent-72:3391573:3392626 [3] NCCL INFO NCCL_IB_RETRY_CNT set by environment to 7.
Traceback (most recent call last):
  File "/home/bingxing2/home/scx6115/Ocean_AI_model/train_025_bingxing.py", line 489, in <module>
    trainer.train()
  File "/home/bingxing2/home/scx6115/Ocean_AI_model/train_025_bingxing.py", line 140, in train
    tr_time, data_time, train_logs = self.train_one_epoch() 
  File "/home/bingxing2/home/scx6115/Ocean_AI_model/train_025_bingxing.py", line 226, in train_one_epoch
    gen = self.model(inp_2d, inp_3d, mask_ratio=0)
  File "/home/bingxing2/home/scx6115/.conda/envs/torch2.0/lib/python3.10/site-packages/torch/nn/modules/module.py", line 1501, in _call_impl
    return forward_call(*args, **kwargs)
  File "/home/bingxing2/home/scx6115/.conda/envs/torch2.0/lib/python3.10/site-packages/torch/nn/parallel/distributed.py", line 1156, in forward
    output = self._run_ddp_forward(*inputs, **kwargs)
  File "/home/bingxing2/home/scx6115/.conda/envs/torch2.0/lib/python3.10/site-packages/torch/nn/parallel/distributed.py", line 1110, in _run_ddp_forward
    return module_to_run(*inputs[0], **kwargs[0])  # type: ignore[index]
  File "/home/bingxing2/home/scx6115/.conda/envs/torch2.0/lib/python3.10/site-packages/torch/nn/modules/module.py", line 1501, in _call_impl
    return forward_call(*args, **kwargs)
  File "/home/bingxing2/home/scx6115/Ocean_AI_model/networks/Masked_AE_fusion.py", line 264, in forward
    x = self.forward_decoder(x, ids_restore)  # [N, L, p*p*3]
  File "/home/bingxing2/home/scx6115/Ocean_AI_model/networks/Masked_AE_fusion.py", line 239, in forward_decoder
    x = blk(x)
  File "/home/bingxing2/home/scx6115/.conda/envs/torch2.0/lib/python3.10/site-packages/torch/nn/modules/module.py", line 1501, in _call_impl
    return forward_call(*args, **kwargs)
  File "/home/bingxing2/home/scx6115/Ocean_AI_model/networks/fourier_block_Masked_AE_Ocean.py", line 127, in forward
    x = self.norm1(x)
  File "/home/bingxing2/home/scx6115/.conda/envs/torch2.0/lib/python3.10/site-packages/torch/nn/modules/module.py", line 1501, in _call_impl
    return forward_call(*args, **kwargs)
  File "/home/bingxing2/home/scx6115/.conda/envs/torch2.0/lib/python3.10/site-packages/torch/nn/modules/normalization.py", line 190, in forward
    return F.layer_norm(
  File "/home/bingxing2/home/scx6115/.conda/envs/torch2.0/lib/python3.10/site-packages/torch/nn/functional.py", line 2515, in layer_norm
    return torch.layer_norm(input, normalized_shape, weight, bias, eps, torch.backends.cudnn.enabled)
torch.cuda.OutOfMemoryError: CUDA out of memory. Tried to allocate 254.00 MiB (GPU 3; 39.41 GiB total capacity; 37.17 GiB already allocated; 246.50 MiB free; 37.47 GiB reserved in total by PyTorch) If reserved memory is >> allocated memory try setting max_split_size_mb to avoid fragmentation.  See documentation for Memory Management and PYTORCH_CUDA_ALLOC_CONF
paraai-n32-h-01-agent-72:3391573:3392622 [3] NCCL INFO [Service thread] Connection closed by localRank 3
paraai-n32-h-01-agent-72:3391573:3391573 [3] NCCL INFO comm 0xfa21400 rank 11 nranks 16 cudaDev 3 busId 82000 - Abort COMPLETE
Traceback (most recent call last):
  File "/home/bingxing2/home/scx6115/Ocean_AI_model/train_025_bingxing.py", line 489, in <module>
    trainer.train()
  File "/home/bingxing2/home/scx6115/Ocean_AI_model/train_025_bingxing.py", line 140, in train
    tr_time, data_time, train_logs = self.train_one_epoch() 
  File "/home/bingxing2/home/scx6115/Ocean_AI_model/train_025_bingxing.py", line 226, in train_one_epoch
    gen = self.model(inp_2d, inp_3d, mask_ratio=0)
  File "/home/bingxing2/home/scx6115/.conda/envs/torch2.0/lib/python3.10/site-packages/torch/nn/modules/module.py", line 1501, in _call_impl
    return forward_call(*args, **kwargs)
  File "/home/bingxing2/home/scx6115/.conda/envs/torch2.0/lib/python3.10/site-packages/torch/nn/parallel/distributed.py", line 1156, in forward
    output = self._run_ddp_forward(*inputs, **kwargs)
  File "/home/bingxing2/home/scx6115/.conda/envs/torch2.0/lib/python3.10/site-packages/torch/nn/parallel/distributed.py", line 1110, in _run_ddp_forward
    return module_to_run(*inputs[0], **kwargs[0])  # type: ignore[index]
  File "/home/bingxing2/home/scx6115/.conda/envs/torch2.0/lib/python3.10/site-packages/torch/nn/modules/module.py", line 1501, in _call_impl
    return forward_call(*args, **kwargs)
  File "/home/bingxing2/home/scx6115/Ocean_AI_model/networks/Masked_AE_fusion.py", line 264, in forward
    x = self.forward_decoder(x, ids_restore)  # [N, L, p*p*3]
  File "/home/bingxing2/home/scx6115/Ocean_AI_model/networks/Masked_AE_fusion.py", line 239, in forward_decoder
    x = blk(x)
  File "/home/bingxing2/home/scx6115/.conda/envs/torch2.0/lib/python3.10/site-packages/torch/nn/modules/module.py", line 1501, in _call_impl
    return forward_call(*args, **kwargs)
  File "/home/bingxing2/home/scx6115/Ocean_AI_model/networks/fourier_block_Masked_AE_Ocean.py", line 127, in forward
    x = self.norm1(x)
  File "/home/bingxing2/home/scx6115/.conda/envs/torch2.0/lib/python3.10/site-packages/torch/nn/modules/module.py", line 1501, in _call_impl
    return forward_call(*args, **kwargs)
  File "/home/bingxing2/home/scx6115/.conda/envs/torch2.0/lib/python3.10/site-packages/torch/nn/modules/normalization.py", line 190, in forward
    return F.layer_norm(
  File "/home/bingxing2/home/scx6115/.conda/envs/torch2.0/lib/python3.10/site-packages/torch/nn/functional.py", line 2515, in layer_norm
    return torch.layer_norm(input, normalized_shape, weight, bias, eps, torch.backends.cudnn.enabled)
torch.cuda.OutOfMemoryError: CUDA out of memory. Tried to allocate 254.00 MiB (GPU 1; 39.41 GiB total capacity; 37.17 GiB already allocated; 246.50 MiB free; 37.47 GiB reserved in total by PyTorch) If reserved memory is >> allocated memory try setting max_split_size_mb to avoid fragmentation.  See documentation for Memory Management and PYTORCH_CUDA_ALLOC_CONF
Traceback (most recent call last):
  File "/home/bingxing2/home/scx6115/Ocean_AI_model/train_025_bingxing.py", line 489, in <module>
    trainer.train()
  File "/home/bingxing2/home/scx6115/Ocean_AI_model/train_025_bingxing.py", line 140, in train
    tr_time, data_time, train_logs = self.train_one_epoch() 
  File "/home/bingxing2/home/scx6115/Ocean_AI_model/train_025_bingxing.py", line 226, in train_one_epoch
    gen = self.model(inp_2d, inp_3d, mask_ratio=0)
  File "/home/bingxing2/home/scx6115/.conda/envs/torch2.0/lib/python3.10/site-packages/torch/nn/modules/module.py", line 1501, in _call_impl
    return forward_call(*args, **kwargs)
  File "/home/bingxing2/home/scx6115/.conda/envs/torch2.0/lib/python3.10/site-packages/torch/nn/parallel/distributed.py", line 1156, in forward
    output = self._run_ddp_forward(*inputs, **kwargs)
  File "/home/bingxing2/home/scx6115/.conda/envs/torch2.0/lib/python3.10/site-packages/torch/nn/parallel/distributed.py", line 1110, in _run_ddp_forward
    return module_to_run(*inputs[0], **kwargs[0])  # type: ignore[index]
  File "/home/bingxing2/home/scx6115/.conda/envs/torch2.0/lib/python3.10/site-packages/torch/nn/modules/module.py", line 1501, in _call_impl
    return forward_call(*args, **kwargs)
  File "/home/bingxing2/home/scx6115/Ocean_AI_model/networks/Masked_AE_fusion.py", line 264, in forward
    x = self.forward_decoder(x, ids_restore)  # [N, L, p*p*3]
  File "/home/bingxing2/home/scx6115/Ocean_AI_model/networks/Masked_AE_fusion.py", line 239, in forward_decoder
    x = blk(x)
  File "/home/bingxing2/home/scx6115/.conda/envs/torch2.0/lib/python3.10/site-packages/torch/nn/modules/module.py", line 1501, in _call_impl
    return forward_call(*args, **kwargs)
  File "/home/bingxing2/home/scx6115/Ocean_AI_model/networks/fourier_block_Masked_AE_Ocean.py", line 127, in forward
    x = self.norm1(x)
  File "/home/bingxing2/home/scx6115/.conda/envs/torch2.0/lib/python3.10/site-packages/torch/nn/modules/module.py", line 1501, in _call_impl
    return forward_call(*args, **kwargs)
  File "/home/bingxing2/home/scx6115/.conda/envs/torch2.0/lib/python3.10/site-packages/torch/nn/modules/normalization.py", line 190, in forward
    return F.layer_norm(
  File "/home/bingxing2/home/scx6115/.conda/envs/torch2.0/lib/python3.10/site-packages/torch/nn/functional.py", line 2515, in layer_norm
    return torch.layer_norm(input, normalized_shape, weight, bias, eps, torch.backends.cudnn.enabled)
torch.cuda.OutOfMemoryError: CUDA out of memory. Tried to allocate 254.00 MiB (GPU 2; 39.41 GiB total capacity; 37.17 GiB already allocated; 246.50 MiB free; 37.47 GiB reserved in total by PyTorch) If reserved memory is >> allocated memory try setting max_split_size_mb to avoid fragmentation.  See documentation for Memory Management and PYTORCH_CUDA_ALLOC_CONF
Traceback (most recent call last):
  File "/home/bingxing2/home/scx6115/Ocean_AI_model/train_025_bingxing.py", line 489, in <module>
    trainer.train()
  File "/home/bingxing2/home/scx6115/Ocean_AI_model/train_025_bingxing.py", line 140, in train
    tr_time, data_time, train_logs = self.train_one_epoch() 
  File "/home/bingxing2/home/scx6115/Ocean_AI_model/train_025_bingxing.py", line 226, in train_one_epoch
    gen = self.model(inp_2d, inp_3d, mask_ratio=0)
  File "/home/bingxing2/home/scx6115/.conda/envs/torch2.0/lib/python3.10/site-packages/torch/nn/modules/module.py", line 1501, in _call_impl
    return forward_call(*args, **kwargs)
  File "/home/bingxing2/home/scx6115/.conda/envs/torch2.0/lib/python3.10/site-packages/torch/nn/parallel/distributed.py", line 1156, in forward
    output = self._run_ddp_forward(*inputs, **kwargs)
  File "/home/bingxing2/home/scx6115/.conda/envs/torch2.0/lib/python3.10/site-packages/torch/nn/parallel/distributed.py", line 1110, in _run_ddp_forward
    return module_to_run(*inputs[0], **kwargs[0])  # type: ignore[index]
  File "/home/bingxing2/home/scx6115/.conda/envs/torch2.0/lib/python3.10/site-packages/torch/nn/modules/module.py", line 1501, in _call_impl
    return forward_call(*args, **kwargs)
  File "/home/bingxing2/home/scx6115/Ocean_AI_model/networks/Masked_AE_fusion.py", line 264, in forward
    x = self.forward_decoder(x, ids_restore)  # [N, L, p*p*3]
  File "/home/bingxing2/home/scx6115/Ocean_AI_model/networks/Masked_AE_fusion.py", line 239, in forward_decoder
    x = blk(x)
  File "/home/bingxing2/home/scx6115/.conda/envs/torch2.0/lib/python3.10/site-packages/torch/nn/modules/module.py", line 1501, in _call_impl
    return forward_call(*args, **kwargs)
  File "/home/bingxing2/home/scx6115/Ocean_AI_model/networks/fourier_block_Masked_AE_Ocean.py", line 127, in forward
    x = self.norm1(x)
  File "/home/bingxing2/home/scx6115/.conda/envs/torch2.0/lib/python3.10/site-packages/torch/nn/modules/module.py", line 1501, in _call_impl
    return forward_call(*args, **kwargs)
  File "/home/bingxing2/home/scx6115/.conda/envs/torch2.0/lib/python3.10/site-packages/torch/nn/modules/normalization.py", line 190, in forward
    return F.layer_norm(
  File "/home/bingxing2/home/scx6115/.conda/envs/torch2.0/lib/python3.10/site-packages/torch/nn/functional.py", line 2515, in layer_norm
    return torch.layer_norm(input, normalized_shape, weight, bias, eps, torch.backends.cudnn.enabled)
torch.cuda.OutOfMemoryError: CUDA out of memory. Tried to allocate 254.00 MiB (GPU 0; 39.41 GiB total capacity; 37.17 GiB already allocated; 246.50 MiB free; 37.47 GiB reserved in total by PyTorch) If reserved memory is >> allocated memory try setting max_split_size_mb to avoid fragmentation.  See documentation for Memory Management and PYTORCH_CUDA_ALLOC_CONF
paraai-n32-h-01-agent-72:3391571:3392624 [1] NCCL INFO [Service thread] Connection closed by localRank 1
paraai-n32-h-01-agent-72:3391571:3391571 [1] NCCL INFO comm 0x2a780fc0 rank 9 nranks 16 cudaDev 1 busId 2000 - Abort COMPLETE
paraai-n32-h-01-agent-72:3391572:3392623 [2] NCCL INFO [Service thread] Connection closed by localRank 2
paraai-n32-h-01-agent-72:3391572:3391572 [2] NCCL INFO comm 0x5794fb30 rank 10 nranks 16 cudaDev 2 busId 81000 - Abort COMPLETE
paraai-n32-h-01-agent-72:3391570:3392621 [0] NCCL INFO [Service thread] Connection closed by localRank 0
paraai-n32-h-01-agent-72:3391570:3391570 [0] NCCL INFO comm 0x279c9c40 rank 8 nranks 16 cudaDev 0 busId 1000 - Abort COMPLETE
ERROR:torch.distributed.elastic.multiprocessing.api:failed (exitcode: 1) local_rank: 0 (pid: 3391570) of binary: /home/bingxing2/home/scx6115/.conda/envs/torch2.0/bin/python
Traceback (most recent call last):
  File "/home/bingxing2/home/scx6115/.conda/envs/torch2.0/bin/torchrun", line 8, in <module>
    sys.exit(main())
  File "/home/bingxing2/home/scx6115/.conda/envs/torch2.0/lib/python3.10/site-packages/torch/distributed/elastic/multiprocessing/errors/__init__.py", line 346, in wrapper
    return f(*args, **kwargs)
  File "/home/bingxing2/home/scx6115/.conda/envs/torch2.0/lib/python3.10/site-packages/torch/distributed/run.py", line 794, in main
    run(args)
  File "/home/bingxing2/home/scx6115/.conda/envs/torch2.0/lib/python3.10/site-packages/torch/distributed/run.py", line 785, in run
    elastic_launch(
  File "/home/bingxing2/home/scx6115/.conda/envs/torch2.0/lib/python3.10/site-packages/torch/distributed/launcher/api.py", line 134, in __call__
    return launch_agent(self._config, self._entrypoint, list(args))
  File "/home/bingxing2/home/scx6115/.conda/envs/torch2.0/lib/python3.10/site-packages/torch/distributed/launcher/api.py", line 250, in launch_agent
    raise ChildFailedError(
torch.distributed.elastic.multiprocessing.errors.ChildFailedError: 
============================================================
train_025_bingxing.py FAILED
------------------------------------------------------------
Failures:
[1]:
  time      : 2023-06-13_20:33:14
  host      : paraai-n32-h-01-agent-72.paraai-n32-h-01.com
  rank      : 9 (local_rank: 1)
  exitcode  : 1 (pid: 3391571)
  error_file: <N/A>
  traceback : To enable traceback see: https://pytorch.org/docs/stable/elastic/errors.html
[2]:
  time      : 2023-06-13_20:33:14
  host      : paraai-n32-h-01-agent-72.paraai-n32-h-01.com
  rank      : 10 (local_rank: 2)
  exitcode  : 1 (pid: 3391572)
  error_file: <N/A>
  traceback : To enable traceback see: https://pytorch.org/docs/stable/elastic/errors.html
[3]:
  time      : 2023-06-13_20:33:14
  host      : paraai-n32-h-01-agent-72.paraai-n32-h-01.com
  rank      : 11 (local_rank: 3)
  exitcode  : 1 (pid: 3391573)
  error_file: <N/A>
  traceback : To enable traceback see: https://pytorch.org/docs/stable/elastic/errors.html
------------------------------------------------------------
Root Cause (first observed failure):
[0]:
  time      : 2023-06-13_20:33:14
  host      : paraai-n32-h-01-agent-72.paraai-n32-h-01.com
  rank      : 8 (local_rank: 0)
  exitcode  : 1 (pid: 3391570)
  error_file: <N/A>
  traceback : To enable traceback see: https://pytorch.org/docs/stable/elastic/errors.html
============================================================
srun: error: paraai-n32-h-01-agent-72: task 0: Exited with exit code 1
