master_addr is only used for static rdzv_backend and when rdzv_endpoint is not specified.
WARNING:torch.distributed.run:
*****************************************
Setting OMP_NUM_THREADS environment variable for each process to be 1 in default, to avoid your system being overloaded, please further tune the variable for optimal performance in your application as needed. 
*****************************************
paraai-n32-h-01-agent-65
0
------------------ Configuration ------------------  /home/bingxing2/home/scx6115/Ocean_AI_model/config/Masked_AE_fusion.yaml
paraai-n32-h-01-agent-65
paraai-n32-h-01-agent-65
00

------------------ Configuration ------------------  ------------------ Configuration ------------------ /home/bingxing2/home/scx6115/Ocean_AI_model/config/Masked_AE_fusion.yaml
 /home/bingxing2/home/scx6115/Ocean_AI_model/config/Masked_AE_fusion.yaml
nettype model_fusion
exp_dir ./exp
log_to_wandb True
lr 0.001
batch_size 32
max_epochs 100
scheduler CosineAnnealingLR
fusion_3d_2d True
in_chans 31
out_chans 25
in_channels [0, 1, 2, 3, 4, 5, 6, 7, 8, 9, 10, 11, 12, 13, 14, 15, 16, 17, 18, 19, 20, 21, 22, 23, 24, 25, 26, 27, 28, 29]
out_channels [0, 1, 2, 3, 4, 5, 6, 7, 8, 9, 10, 11, 12, 13, 14, 15, 16, 17, 18, 19, 20, 21, 22, 23, 24]
img_size_h 720
img_size_w 1440
patch_size_h 16
patch_size_w 16
patch_size_d 2
mlp_ratio 4.0
in_chans_2d 7
out_chans_2d 1
in_chans_3d 4
nettypeout_chans_3d  4model_fusion

var_depth 6
exp_dirembed_dim  ./exp512

depthlog_to_wandb  16True

num_heads lr16 
decoder_embed_dim 0.001512

decoder_depth batch_size8 
32
decoder_num_heads max_epochs16 
100
drop_rate scheduler0.0 
CosineAnnealingLR
drop_path_ratefusion_3d_2d  0.0True

sparsity_threshold in_chans0.01 
31
hard_thresholding_fraction out_chans1.0 
25
num_blocks in_channels8 
loss l2
num_data_workers[0, 1, 2, 3, 4, 5, 6, 7, 8, 9, 10, 11, 12, 13, 14, 15, 16, 17, 18, 19, 20, 21, 22, 23, 24, 25, 26, 27, 28, 29] 
0
dtout_channels  1
n_history [0, 1, 2, 3, 4, 5, 6, 7, 8, 9, 10, 11, 12, 13, 14, 15, 16, 17, 18, 19, 20, 21, 22, 23, 24]0

img_size_hprediction_type  720iterative

img_size_wprediction_length  144041

patch_size_h 16n_initial_conditions
 5patch_size_w
 16ics_type
 defaultpatch_size_d
 2date_strings
 mlp_ratio['2018-09-14 00:00:00'] 
4.0
save_raw_forecastsin_chans_2d  True7

save_channel Falseout_chans_2d
 1masked_acc
 False
in_chans_3d 4maskpath
 Noneout_chans_3d
 4perturb
 False
var_depth add_grid6 
False
embed_dim N_grid_channels512 
0
depth 16gridtype 
sinusoidal
num_heads roll16 
False
decoder_embed_dim enable_nhwc512 
False
decoder_depthoptimizer_type  8FusedAdam

decoder_num_headspatch_size  168

drop_ratewidth nettype 0.0
56 
drop_path_ratemodel_fusionmodes 
 0.032

sparsity_thresholdtarget  defaultexp_dir
0.01 
train_data_path./exp hard_thresholding_fraction
 /work/home/acrzcyisbk/Ocean_AI_model/sample_03/train
1.0log_to_wandb
valid_data_path  num_blocksTrue /work/home/acrzcyisbk/Ocean_AI_model/sample_03/valid

8
test_data_pathlrloss   /work/home/acrzcyisbk/Ocean_AI_model/sample_03/testl2

land_mask Truenum_data_workers
0.001 land_mask_path
 0/work/home/acrzcyisbk/Ocean_AI_model/sample_03/land_mask.h5

batch_sizedt normalize 32 1

True
max_epochsn_historynormalization   1000zscore


schedulerglobal_mins_pathprediction_type  iterative /work/home/acrzcyisbk/Ocean_AI_model/sample_03/train/global_mins.npy
CosineAnnealingLR
prediction_length
global_maxs_path  fusion_3d_2d/work/home/acrzcyisbk/Ocean_AI_model/sample_03/train/global_maxs.npy41 

Trueglobal_means_path
n_initial_conditions  /work/home/acrzcyisbk/Ocean_AI_model/sample_03/train/global_means.npy5

in_chansglobal_stds_pathics_type   /work/home/acrzcyisbk/Ocean_AI_model/sample_03/train/global_stds.npydefault

31orographydate_strings 
True 
out_chans['2018-09-14 00:00:00']orography_norm_zscore_path 
 25/work/home/acrzcyisbk/Ocean_AI_model/sample_03/orography_norm_zscore.h5
save_raw_forecasts
 Trueorography_norm_maxmin_pathin_channels
  /work/home/acrzcyisbk/Ocean_AI_model/sample_03/orography_norm_maxmin.h5save_channel
 Falseadd_noise
 Falsemasked_acc
 [0, 1, 2, 3, 4, 5, 6, 7, 8, 9, 10, 11, 12, 13, 14, 15, 16, 17, 18, 19, 20, 21, 22, 23, 24, 25, 26, 27, 28, 29]Falsenoise_std

 0
maskpathout_channelscrop_size_x   NoneNone

perturbcrop_size_y [0, 1, 2, 3, 4, 5, 6, 7, 8, 9, 10, 11, 12, 13, 14, 15, 16, 17, 18, 19, 20, 21, 22, 23, 24] False
None

add_gridlog_to_screen img_size_h False True
720
N_grid_channels
 save_checkpoint 0
Trueimg_size_w
gridtype  plot_animations1440 sinusoidal

Falsepatch_size_h
 roll 16False

enable_nhwc patch_size_wFalse 
16optimizer_type
 FusedAdam
patch_size_dpatch_size  28

mlp_ratiowidth  564.0

---------------------------------------------------modes 
in_chans_2d32
 7target
 default
train_data_pathout_chans_2d world_size :/work/home/acrzcyisbk/Ocean_AI_model/sample_03/train  
1valid_data_path16

 /work/home/acrzcyisbk/Ocean_AI_model/sample_03/validInitialize distributed process group...in_chans_3d

 test_data_path4 
/work/home/acrzcyisbk/Ocean_AI_model/sample_03/test
out_chans_3dland_mask  4True

var_depthland_mask_path  6/work/home/acrzcyisbk/Ocean_AI_model/sample_03/land_mask.h5

embed_dimnormalize  512True

depthnormalization  zscore16

global_mins_path num_heads/work/home/acrzcyisbk/Ocean_AI_model/sample_03/train/global_mins.npy 
16global_maxs_path
 /work/home/acrzcyisbk/Ocean_AI_model/sample_03/train/global_maxs.npydecoder_embed_dim
 global_means_path512 
/work/home/acrzcyisbk/Ocean_AI_model/sample_03/train/global_means.npy
decoder_depthglobal_stds_path  8/work/home/acrzcyisbk/Ocean_AI_model/sample_03/train/global_stds.npy

orographydecoder_num_heads  True16

orography_norm_zscore_pathdrop_rate  /work/home/acrzcyisbk/Ocean_AI_model/sample_03/orography_norm_zscore.h50.0

orography_norm_maxmin_path drop_path_rate/work/home/acrzcyisbk/Ocean_AI_model/sample_03/orography_norm_maxmin.h5
 add_noise0.0 
False
sparsity_thresholdnoise_std  00.01

crop_size_x hard_thresholding_fractionNone 
1.0
crop_size_y None
num_blockslog_to_screen  8True

save_checkpointloss True 
l2
plot_animationsnum_data_workers  False0

dt 1
n_history 0
prediction_type iterative
prediction_length 41
n_initial_conditions 5
ics_type default
date_strings ['2018-09-14 00:00:00']
save_raw_forecasts True
save_channel False
masked_acc False
---------------------------------------------------maskpath
 None
perturb False
add_grid False
N_grid_channels 0
world_size :gridtype  16sinusoidal

Initialize distributed process group...
roll False
enable_nhwc False
optimizer_type FusedAdam
patch_size 8
width 56
modes 32
target default
train_data_path /work/home/acrzcyisbk/Ocean_AI_model/sample_03/train
valid_data_path /work/home/acrzcyisbk/Ocean_AI_model/sample_03/valid
test_data_path /work/home/acrzcyisbk/Ocean_AI_model/sample_03/test
land_mask True
land_mask_path /work/home/acrzcyisbk/Ocean_AI_model/sample_03/land_mask.h5
normalize True
normalization zscore
global_mins_path /work/home/acrzcyisbk/Ocean_AI_model/sample_03/train/global_mins.npy
global_maxs_path /work/home/acrzcyisbk/Ocean_AI_model/sample_03/train/global_maxs.npy
global_means_path /work/home/acrzcyisbk/Ocean_AI_model/sample_03/train/global_means.npy
global_stds_path /work/home/acrzcyisbk/Ocean_AI_model/sample_03/train/global_stds.npy
orography True
orography_norm_zscore_path /work/home/acrzcyisbk/Ocean_AI_model/sample_03/orography_norm_zscore.h5
orography_norm_maxmin_path /work/home/acrzcyisbk/Ocean_AI_model/sample_03/orography_norm_maxmin.h5
add_noise False
noise_std 0
crop_size_x None
crop_size_y None
log_to_screen True
save_checkpoint True
plot_animations False
---------------------------------------------------
world_size : 16
Initialize distributed process group...
paraai-n32-h-01-agent-65
0
------------------ Configuration ------------------  /home/bingxing2/home/scx6115/Ocean_AI_model/config/Masked_AE_fusion.yaml
nettype model_fusion
exp_dir ./exp
log_to_wandb True
lr 0.001
batch_size 32
max_epochs 100
scheduler CosineAnnealingLR
fusion_3d_2d True
in_chans 31
out_chans 25
in_channels [0, 1, 2, 3, 4, 5, 6, 7, 8, 9, 10, 11, 12, 13, 14, 15, 16, 17, 18, 19, 20, 21, 22, 23, 24, 25, 26, 27, 28, 29]
out_channels [0, 1, 2, 3, 4, 5, 6, 7, 8, 9, 10, 11, 12, 13, 14, 15, 16, 17, 18, 19, 20, 21, 22, 23, 24]
img_size_h 720
img_size_w 1440
patch_size_h 16
patch_size_w 16
patch_size_d 2
mlp_ratio 4.0
in_chans_2d 7
out_chans_2d 1
in_chans_3d 4
out_chans_3d 4
var_depth 6
embed_dim 512
depth 16
num_heads 16
decoder_embed_dim 512
decoder_depth 8
decoder_num_heads 16
drop_rate 0.0
drop_path_rate 0.0
sparsity_threshold 0.01
hard_thresholding_fraction 1.0
num_blocks 8
loss l2
num_data_workers 0
dt 1
n_history 0
prediction_type iterative
prediction_length 41
n_initial_conditions 5
ics_type default
date_strings ['2018-09-14 00:00:00']
save_raw_forecasts True
save_channel False
masked_acc False
maskpath None
perturb False
add_grid False
N_grid_channels 0
gridtype sinusoidal
roll False
enable_nhwc False
optimizer_type FusedAdam
patch_size 8
width 56
modes 32
target default
train_data_path /work/home/acrzcyisbk/Ocean_AI_model/sample_03/train
valid_data_path /work/home/acrzcyisbk/Ocean_AI_model/sample_03/valid
test_data_path /work/home/acrzcyisbk/Ocean_AI_model/sample_03/test
land_mask True
land_mask_path /work/home/acrzcyisbk/Ocean_AI_model/sample_03/land_mask.h5
normalize True
normalization zscore
global_mins_path /work/home/acrzcyisbk/Ocean_AI_model/sample_03/train/global_mins.npy
global_maxs_path /work/home/acrzcyisbk/Ocean_AI_model/sample_03/train/global_maxs.npy
global_means_path /work/home/acrzcyisbk/Ocean_AI_model/sample_03/train/global_means.npy
global_stds_path /work/home/acrzcyisbk/Ocean_AI_model/sample_03/train/global_stds.npy
orography True
orography_norm_zscore_path /work/home/acrzcyisbk/Ocean_AI_model/sample_03/orography_norm_zscore.h5
orography_norm_maxmin_path /work/home/acrzcyisbk/Ocean_AI_model/sample_03/orography_norm_maxmin.h5
add_noise False
noise_std 0
crop_size_x None
crop_size_y None
log_to_screen True
save_checkpoint True
plot_animations False
---------------------------------------------------
world_size : 16
Initialize distributed process group...
2023-06-13 15:24:30,884 - torch.distributed.distributed_c10d - INFO - Added key: store_based_barrier_key:1 to store for rank: 7
2023-06-13 15:24:30,884 - torch.distributed.distributed_c10d - INFO - Added key: store_based_barrier_key:1 to store for rank: 4
2023-06-13 15:24:30,884 - torch.distributed.distributed_c10d - INFO - Added key: store_based_barrier_key:1 to store for rank: 5
2023-06-13 15:24:30,961 - torch.distributed.distributed_c10d - INFO - Added key: store_based_barrier_key:1 to store for rank: 6
2023-06-13 15:24:31,033 - torch.distributed.distributed_c10d - INFO - Rank 7: Completed store-based barrier for key:store_based_barrier_key:1 with 16 nodes.
2023-06-13 15:24:31,033 - torch.distributed.distributed_c10d - INFO - Rank 4: Completed store-based barrier for key:store_based_barrier_key:1 with 16 nodes.
2023-06-13 15:24:31,033 - torch.distributed.distributed_c10d - INFO - Rank 5: Completed store-based barrier for key:store_based_barrier_key:1 with 16 nodes.
2023-06-13 15:24:31,033 - torch.distributed.distributed_c10d - INFO - Rank 6: Completed store-based barrier for key:store_based_barrier_key:1 with 16 nodes.
2023-06-13 15:24:31,099 - root - INFO - device: cuda:1
2023-06-13 15:24:31,099 - root - INFO - rank 5, begin data loader init
2023-06-13 15:24:31,100 - root - INFO - device: cuda:2
2023-06-13 15:24:31,100 - root - INFO - rank 6, begin data loader init
Traceback (most recent call last):
  File "/home/bingxing2/home/scx6115/Ocean_AI_model/train_025_bingxing.py", line 487, in <module>
Traceback (most recent call last):
  File "/home/bingxing2/home/scx6115/Ocean_AI_model/train_025_bingxing.py", line 487, in <module>
    trainer = Trainer(params, world_rank)
  File "/home/bingxing2/home/scx6115/Ocean_AI_model/train_025_bingxing.py", line 66, in __init__
    self.train_data_loader, self.train_dataset, self.train_sampler = get_data_loader(params, params.train_data_path,
  File "/home/bingxing2/home/scx6115/Ocean_AI_model/utils/data_loader_multifiles.py", line 65, in get_data_loader
    trainer = Trainer(params, world_rank)
  File "/home/bingxing2/home/scx6115/Ocean_AI_model/train_025_bingxing.py", line 66, in __init__
    self.train_data_loader, self.train_dataset, self.train_sampler = get_data_loader(params, params.train_data_path,
  File "/home/bingxing2/home/scx6115/Ocean_AI_model/utils/data_loader_multifiles.py", line 65, in get_data_loader
    dataset = GetDataset(params, files_pattern, train)
  File "/home/bingxing2/home/scx6115/Ocean_AI_model/utils/data_loader_multifiles.py", line 101, in __init__
    dataset = GetDataset(params, files_pattern, train)
  File "/home/bingxing2/home/scx6115/Ocean_AI_model/utils/data_loader_multifiles.py", line 101, in __init__
    self._get_files_stats()
  File "/home/bingxing2/home/scx6115/Ocean_AI_model/utils/data_loader_multifiles.py", line 112, in _get_files_stats
    self._get_files_stats()
  File "/home/bingxing2/home/scx6115/Ocean_AI_model/utils/data_loader_multifiles.py", line 112, in _get_files_stats
    with h5py.File(self.files_paths[0], 'r') as _f: 
IndexError: list index out of range
2023-06-13 15:24:31,102 - root - INFO - device: cuda:0
2023-06-13 15:24:31,102 - root - INFO - rank 4, begin data loader init
    with h5py.File(self.files_paths[0], 'r') as _f: 
IndexError: list index out of range
Traceback (most recent call last):
  File "/home/bingxing2/home/scx6115/Ocean_AI_model/train_025_bingxing.py", line 487, in <module>
    trainer = Trainer(params, world_rank)
  File "/home/bingxing2/home/scx6115/Ocean_AI_model/train_025_bingxing.py", line 66, in __init__
    self.train_data_loader, self.train_dataset, self.train_sampler = get_data_loader(params, params.train_data_path,
  File "/home/bingxing2/home/scx6115/Ocean_AI_model/utils/data_loader_multifiles.py", line 65, in get_data_loader
2023-06-13 15:24:31,104 - root - INFO - device: cuda:3
    dataset = GetDataset(params, files_pattern, train)
  File "/home/bingxing2/home/scx6115/Ocean_AI_model/utils/data_loader_multifiles.py", line 101, in __init__
2023-06-13 15:24:31,104 - root - INFO - rank 7, begin data loader init
    self._get_files_stats()
  File "/home/bingxing2/home/scx6115/Ocean_AI_model/utils/data_loader_multifiles.py", line 112, in _get_files_stats
    with h5py.File(self.files_paths[0], 'r') as _f: 
IndexError: list index out of range
Traceback (most recent call last):
  File "/home/bingxing2/home/scx6115/Ocean_AI_model/train_025_bingxing.py", line 487, in <module>
    trainer = Trainer(params, world_rank)
  File "/home/bingxing2/home/scx6115/Ocean_AI_model/train_025_bingxing.py", line 66, in __init__
    self.train_data_loader, self.train_dataset, self.train_sampler = get_data_loader(params, params.train_data_path,
  File "/home/bingxing2/home/scx6115/Ocean_AI_model/utils/data_loader_multifiles.py", line 65, in get_data_loader
    dataset = GetDataset(params, files_pattern, train)
  File "/home/bingxing2/home/scx6115/Ocean_AI_model/utils/data_loader_multifiles.py", line 101, in __init__
    self._get_files_stats()
  File "/home/bingxing2/home/scx6115/Ocean_AI_model/utils/data_loader_multifiles.py", line 112, in _get_files_stats
    with h5py.File(self.files_paths[0], 'r') as _f: 
IndexError: list index out of range
ERROR:torch.distributed.elastic.multiprocessing.api:failed (exitcode: 1) local_rank: 0 (pid: 2083316) of binary: /home/bingxing2/home/scx6115/.conda/envs/torch2.0/bin/python
Traceback (most recent call last):
  File "/home/bingxing2/home/scx6115/.conda/envs/torch2.0/bin/torchrun", line 8, in <module>
    sys.exit(main())
  File "/home/bingxing2/home/scx6115/.conda/envs/torch2.0/lib/python3.10/site-packages/torch/distributed/elastic/multiprocessing/errors/__init__.py", line 346, in wrapper
    return f(*args, **kwargs)
  File "/home/bingxing2/home/scx6115/.conda/envs/torch2.0/lib/python3.10/site-packages/torch/distributed/run.py", line 794, in main
    run(args)
  File "/home/bingxing2/home/scx6115/.conda/envs/torch2.0/lib/python3.10/site-packages/torch/distributed/run.py", line 785, in run
    elastic_launch(
  File "/home/bingxing2/home/scx6115/.conda/envs/torch2.0/lib/python3.10/site-packages/torch/distributed/launcher/api.py", line 134, in __call__
    return launch_agent(self._config, self._entrypoint, list(args))
  File "/home/bingxing2/home/scx6115/.conda/envs/torch2.0/lib/python3.10/site-packages/torch/distributed/launcher/api.py", line 250, in launch_agent
    raise ChildFailedError(
torch.distributed.elastic.multiprocessing.errors.ChildFailedError: 
============================================================
train_025_bingxing.py FAILED
------------------------------------------------------------
Failures:
[1]:
  time      : 2023-06-13_15:24:33
  host      : paraai-n32-h-01-agent-65.paraai-n32-h-01.com
  rank      : 5 (local_rank: 1)
  exitcode  : 1 (pid: 2083317)
  error_file: <N/A>
  traceback : To enable traceback see: https://pytorch.org/docs/stable/elastic/errors.html
[2]:
  time      : 2023-06-13_15:24:33
  host      : paraai-n32-h-01-agent-65.paraai-n32-h-01.com
  rank      : 6 (local_rank: 2)
  exitcode  : 1 (pid: 2083318)
  error_file: <N/A>
  traceback : To enable traceback see: https://pytorch.org/docs/stable/elastic/errors.html
[3]:
  time      : 2023-06-13_15:24:33
  host      : paraai-n32-h-01-agent-65.paraai-n32-h-01.com
  rank      : 7 (local_rank: 3)
  exitcode  : 1 (pid: 2083319)
  error_file: <N/A>
  traceback : To enable traceback see: https://pytorch.org/docs/stable/elastic/errors.html
------------------------------------------------------------
Root Cause (first observed failure):
[0]:
  time      : 2023-06-13_15:24:33
  host      : paraai-n32-h-01-agent-65.paraai-n32-h-01.com
  rank      : 4 (local_rank: 0)
  exitcode  : 1 (pid: 2083316)
  error_file: <N/A>
  traceback : To enable traceback see: https://pytorch.org/docs/stable/elastic/errors.html
============================================================
srun: error: paraai-n32-h-01-agent-65: task 0: Exited with exit code 1
