master_addr is only used for static rdzv_backend and when rdzv_endpoint is not specified.
WARNING:torch.distributed.run:
*****************************************
Setting OMP_NUM_THREADS environment variable for each process to be 1 in default, to avoid your system being overloaded, please further tune the variable for optimal performance in your application as needed. 
*****************************************
paraai-n32-h-01-agent-14
0
------------------ Configuration ------------------  /home/bingxing2/home/scx6115/Ocean_AI_model/config/Model.yaml
paraai-n32-h-01-agent-14
0
------------------ Configuration ------------------  /home/bingxing2/home/scx6115/Ocean_AI_model/config/Model.yaml
paraai-n32-h-01-agent-14
0
------------------ Configuration ------------------  /home/bingxing2/home/scx6115/Ocean_AI_model/config/Model.yaml
paraai-n32-h-01-agent-14
0
------------------ Configuration ------------------  /home/bingxing2/home/scx6115/Ocean_AI_model/config/Model.yaml
nettype Masked_AE_fusion
log_to_wandb True
lr 0.001
batch_size 64
max_epochs 100
scheduler CosineAnnealingLR
fusion_3d_2d True
in_chans 31
out_chans 25
in_channels [0, 1, 2, 3, 4, 5, 6, 7, 8, 9, 10, 11, 12, 13, 14, 15, 16, 17, 18, 19, 20, 21, 22, 23, 24, 25, 26, 27, 28, 29]
out_channels [0, 1, 2, 3, 4, 5, 6, 7, 8, 9, 10, 11, 12, 13, 14, 15, 16, 17, 18, 19, 20, 21, 22, 23, 24]
img_size_h 720
img_size_w 1440
patch_size_h 16
patch_size_w 16
nettypepatch_size_d  Masked_AE_fusion2

log_to_wandbmlp_ratio  True4.0

lrin_chans_2d  0.0017

batch_sizeout_chans_2d  641

max_epochsin_chans_3d  1004

schedulerout_chans_3d  CosineAnnealingLR4

fusion_3d_2dvar_depth  True6

in_chansembed_dim  31512

out_chansdepth  2516

in_channelsnum_heads  [0, 1, 2, 3, 4, 5, 6, 7, 8, 9, 10, 11, 12, 13, 14, 15, 16, 17, 18, 19, 20, 21, 22, 23, 24, 25, 26, 27, 28, 29]16

out_channelsdecoder_embed_dim  [0, 1, 2, 3, 4, 5, 6, 7, 8, 9, 10, 11, 12, 13, 14, 15, 16, 17, 18, 19, 20, 21, 22, 23, 24]1024

img_size_hdecoder_depth  7208

img_size_wdecoder_num_heads  144016

patch_size_hdrop_rate  160.0

patch_size_wdrop_path_rate  160.0

patch_size_dsparsity_threshold  20.01

mlp_ratiohard_thresholding_fraction  4.01.0

in_chans_2dnum_blocks  78

out_chans_2dloss  1l2

in_chans_3dnum_data_workers  40

out_chans_3ddt  41

var_depthn_history  60

embed_dimprediction_type  512iterative

depthprediction_length  1641

num_headsn_initial_conditions  165

decoder_embed_dimics_type  1024default

decoder_depthdate_strings  8['2018-09-14 00:00:00']

decoder_num_headssave_raw_forecasts  16True

drop_ratesave_channel  0.0False

drop_path_ratemasked_acc  0.0False

sparsity_thresholdmaskpath  0.01None

hard_thresholding_fractionperturb  1.0False

num_blocksadd_grid  8False

lossN_grid_channels  l20

num_data_workersgridtype  0sinusoidal

dtroll  1False

n_historyenable_nhwc  0False

prediction_typeoptimizer_type  iterativeFusedAdam

prediction_lengthexp_dir  41./exp

n_initial_conditionspatch_size  58

ics_typewidth  default56
nettype
date_strings modes Masked_AE_fusion ['2018-09-14 00:00:00']
32
log_to_wandb
save_raw_forecasts target True True
default
lr
save_channel train_data_path 0.001 False
/home/bingxing2/home/scx6115/Ocean_AI_model/sample_00/train
batch_size
masked_acc valid_data_path 64 False
/home/bingxing2/home/scx6115/Ocean_AI_model/sample_00/valid
max_epochs
maskpath test_data_path 100 None
/home/bingxing2/home/scx6115/Ocean_AI_model/sample_00/test
scheduler
perturb land_mask CosineAnnealingLR False
True
fusion_3d_2d
add_grid land_mask_path True False
/home/bingxing2/home/scx6115/Ocean_AI_model/sample_00/land_mask.h5
in_chans
N_grid_channels normalize 31 0
True
out_chans
gridtype normalization 25 sinusoidal
zscore
in_channels
roll global_mins_path [0, 1, 2, 3, 4, 5, 6, 7, 8, 9, 10, 11, 12, 13, 14, 15, 16, 17, 18, 19, 20, 21, 22, 23, 24, 25, 26, 27, 28, 29] False
/home/bingxing2/home/scx6115/Ocean_AI_model/sample_00/train/global_mins.npy
out_channels
enable_nhwc global_maxs_path [0, 1, 2, 3, 4, 5, 6, 7, 8, 9, 10, 11, 12, 13, 14, 15, 16, 17, 18, 19, 20, 21, 22, 23, 24] False
/home/bingxing2/home/scx6115/Ocean_AI_model/sample_00/train/global_maxs.npy
img_size_h
optimizer_type global_means_path 720 FusedAdam
/home/bingxing2/home/scx6115/Ocean_AI_model/sample_00/train/global_means.npy
img_size_w
exp_dir global_stds_path 1440 ./exp
/home/bingxing2/home/scx6115/Ocean_AI_model/sample_00/train/global_stds.npy
patch_size_h
patch_size orography 16 8
True
patch_size_w
width orography_norm_zscore_path 16 56
/home/bingxing2/home/scx6115/Ocean_AI_model/sample_00/orography_norm_zscore.h5
patch_size_d
modes orography_norm_maxmin_path 2 32
/home/bingxing2/home/scx6115/Ocean_AI_model/sample_00/orography_norm_maxmin.h5
mlp_ratio
target add_noise 4.0 default
False
in_chans_2d
train_data_path noise_std 7 /home/bingxing2/home/scx6115/Ocean_AI_model/sample_00/train
0
out_chans_2d
valid_data_path crop_size_x 1 /home/bingxing2/home/scx6115/Ocean_AI_model/sample_00/valid
None
in_chans_3d
test_data_path crop_size_y 4 /home/bingxing2/home/scx6115/Ocean_AI_model/sample_00/test
None
out_chans_3d
land_mask log_to_screen 4 True
True
var_depth
land_mask_path save_checkpoint 6 /home/bingxing2/home/scx6115/Ocean_AI_model/sample_00/land_mask.h5
True
embed_dim
normalize plot_animations 512 True
False
depth
normalization  16zscore

num_headsglobal_mins_path  ---------------------------------------------------16/home/bingxing2/home/scx6115/Ocean_AI_model/sample_00/train/global_mins.npy


decoder_embed_dimglobal_maxs_pathworld_size :   1024/home/bingxing2/home/scx6115/Ocean_AI_model/sample_00/train/global_maxs.npy16


decoder_depthglobal_means_pathInitialize distributed process group...  
8/home/bingxing2/home/scx6115/Ocean_AI_model/sample_00/train/global_means.npy

decoder_num_headsglobal_stds_path  16/home/bingxing2/home/scx6115/Ocean_AI_model/sample_00/train/global_stds.npy

drop_rateorography  0.0True

drop_path_rateorography_norm_zscore_path  0.0/home/bingxing2/home/scx6115/Ocean_AI_model/sample_00/orography_norm_zscore.h5

sparsity_thresholdorography_norm_maxmin_path  0.01/home/bingxing2/home/scx6115/Ocean_AI_model/sample_00/orography_norm_maxmin.h5

hard_thresholding_fractionadd_noise  1.0False

num_blocksnoise_std  80

losscrop_size_x  l2None

num_data_workerscrop_size_y  0None

dtlog_to_screen  1True

n_historysave_checkpoint  0True

prediction_typeplot_animations  iterativeFalse

prediction_length 41
n_initial_conditions 5
ics_type ---------------------------------------------------default

date_strings world_size :['2018-09-14 00:00:00'] 
16save_raw_forecasts
 Initialize distributed process group...True

save_channel False
masked_acc False
maskpath None
perturb False
add_grid False
N_grid_channels 0
gridtype sinusoidal
roll False
enable_nhwc False
optimizer_type FusedAdam
exp_dir ./exp
patch_size 8
width 56
modes 32
target default
train_data_path /home/bingxing2/home/scx6115/Ocean_AI_model/sample_00/train
valid_data_path /home/bingxing2/home/scx6115/Ocean_AI_model/sample_00/valid
test_data_path /home/bingxing2/home/scx6115/Ocean_AI_model/sample_00/test
land_mask True
land_mask_path /home/bingxing2/home/scx6115/Ocean_AI_model/sample_00/land_mask.h5
normalize True
normalization zscore
global_mins_path /home/bingxing2/home/scx6115/Ocean_AI_model/sample_00/train/global_mins.npy
global_maxs_path /home/bingxing2/home/scx6115/Ocean_AI_model/sample_00/train/global_maxs.npy
global_means_path /home/bingxing2/home/scx6115/Ocean_AI_model/sample_00/train/global_means.npy
global_stds_path /home/bingxing2/home/scx6115/Ocean_AI_model/sample_00/train/global_stds.npy
orography True
orography_norm_zscore_path /home/bingxing2/home/scx6115/Ocean_AI_model/sample_00/orography_norm_zscore.h5
orography_norm_maxmin_path /home/bingxing2/home/scx6115/Ocean_AI_model/sample_00/orography_norm_maxmin.h5
add_noise False
noise_std 0
crop_size_x None
crop_size_y None
log_to_screen True
save_checkpoint True
plot_animations False
---------------------------------------------------
world_size : 16
Initialize distributed process group...
nettype Masked_AE_fusion
log_to_wandb True
lr 0.001
batch_size 64
max_epochs 100
scheduler CosineAnnealingLR
fusion_3d_2d True
in_chans 31
out_chans 25
in_channels [0, 1, 2, 3, 4, 5, 6, 7, 8, 9, 10, 11, 12, 13, 14, 15, 16, 17, 18, 19, 20, 21, 22, 23, 24, 25, 26, 27, 28, 29]
out_channels [0, 1, 2, 3, 4, 5, 6, 7, 8, 9, 10, 11, 12, 13, 14, 15, 16, 17, 18, 19, 20, 21, 22, 23, 24]
img_size_h 720
img_size_w 1440
patch_size_h 16
patch_size_w 16
patch_size_d 2
mlp_ratio 4.0
in_chans_2d 7
out_chans_2d 1
in_chans_3d 4
out_chans_3d 4
var_depth 6
embed_dim 512
depth 16
num_heads 16
decoder_embed_dim 1024
decoder_depth 8
decoder_num_heads 16
drop_rate 0.0
drop_path_rate 0.0
sparsity_threshold 0.01
hard_thresholding_fraction 1.0
num_blocks 8
loss l2
num_data_workers 0
dt 1
n_history 0
prediction_type iterative
prediction_length 41
n_initial_conditions 5
ics_type default
date_strings ['2018-09-14 00:00:00']
save_raw_forecasts True
save_channel False
masked_acc False
maskpath None
perturb False
add_grid False
N_grid_channels 0
gridtype sinusoidal
roll False
enable_nhwc False
optimizer_type FusedAdam
exp_dir ./exp
patch_size 8
width 56
modes 32
target default
train_data_path /home/bingxing2/home/scx6115/Ocean_AI_model/sample_00/train2023-06-13 17:59:23,579 - torch.distributed.distributed_c10d - INFO - Added key: store_based_barrier_key:1 to store for rank: 2

valid_data_path2023-06-13 17:59:23,579 - torch.distributed.distributed_c10d - INFO - Added key: store_based_barrier_key:1 to store for rank: 3
 /home/bingxing2/home/scx6115/Ocean_AI_model/sample_00/valid
test_data_path /home/bingxing2/home/scx6115/Ocean_AI_model/sample_00/test
land_mask True
land_mask_path /home/bingxing2/home/scx6115/Ocean_AI_model/sample_00/land_mask.h5
normalize True
normalization zscore
global_mins_path /home/bingxing2/home/scx6115/Ocean_AI_model/sample_00/train/global_mins.npy
global_maxs_path /home/bingxing2/home/scx6115/Ocean_AI_model/sample_00/train/global_maxs.npy
global_means_path /home/bingxing2/home/scx6115/Ocean_AI_model/sample_00/train/global_means.npy
global_stds_path /home/bingxing2/home/scx6115/Ocean_AI_model/sample_00/train/global_stds.npy
orography True
orography_norm_zscore_path /home/bingxing2/home/scx6115/Ocean_AI_model/sample_00/orography_norm_zscore.h5
orography_norm_maxmin_path /home/bingxing2/home/scx6115/Ocean_AI_model/sample_00/orography_norm_maxmin.h5
add_noise False
noise_std 0
crop_size_x None
crop_size_y None
log_to_screen True
save_checkpoint True
plot_animations False
---------------------------------------------------
world_size : 16
Initialize distributed process group...
2023-06-13 17:59:23,584 - torch.distributed.distributed_c10d - INFO - Added key: store_based_barrier_key:1 to store for rank: 1
2023-06-13 17:59:23,963 - torch.distributed.distributed_c10d - INFO - Rank 3: Completed store-based barrier for key:store_based_barrier_key:1 with 16 nodes.
2023-06-13 17:59:23,963 - torch.distributed.distributed_c10d - INFO - Added key: store_based_barrier_key:1 to store for rank: 0
2023-06-13 17:59:23,963 - torch.distributed.distributed_c10d - INFO - Rank 0: Completed store-based barrier for key:store_based_barrier_key:1 with 16 nodes.
2023-06-13 17:59:23,970 - torch.distributed.distributed_c10d - INFO - Rank 1: Completed store-based barrier for key:store_based_barrier_key:1 with 16 nodes.
2023-06-13 17:59:23,973 - torch.distributed.distributed_c10d - INFO - Rank 2: Completed store-based barrier for key:store_based_barrier_key:1 with 16 nodes.
2023-06-13 17:59:24,015 - root - INFO - device: cuda:3
2023-06-13 17:59:24,015 - root - INFO - rank 3, begin data loader init
2023-06-13 17:59:24,018 - root - INFO - device: cuda:1
2023-06-13 17:59:24,019 - root - INFO - rank 1, begin data loader init
2023-06-13 17:59:24,022 - root - INFO - device: cuda:2
2023-06-13 17:59:24,023 - root - INFO - rank 2, begin data loader init
2023-06-13 17:59:24,055 - root - INFO - Getting file stats from /home/bingxing2/home/scx6115/Ocean_AI_model/sample_00/train/2000.h5
2023-06-13 17:59:24,055 - root - INFO - Getting file stats from /home/bingxing2/home/scx6115/Ocean_AI_model/sample_00/train/2000.h5
2023-06-13 17:59:24,055 - root - INFO - Getting file stats from /home/bingxing2/home/scx6115/Ocean_AI_model/sample_00/train/2000.h5
2023-06-13 17:59:24,057 - root - INFO - Number of samples per year: 365
2023-06-13 17:59:24,057 - root - INFO - Number of samples per year: 365
2023-06-13 17:59:24,057 - root - INFO - Found data at path /home/bingxing2/home/scx6115/Ocean_AI_model/sample_00/train. Number of examples: 4015. Image Shape: 720 x 1440 x 30
2023-06-13 17:59:24,057 - root - INFO - Number of samples per year: 365
2023-06-13 17:59:24,057 - root - INFO - Found data at path /home/bingxing2/home/scx6115/Ocean_AI_model/sample_00/train. Number of examples: 4015. Image Shape: 720 x 1440 x 30
2023-06-13 17:59:24,057 - root - INFO - Delta t: 1 days
2023-06-13 17:59:24,057 - root - INFO - Found data at path /home/bingxing2/home/scx6115/Ocean_AI_model/sample_00/train. Number of examples: 4015. Image Shape: 720 x 1440 x 30
2023-06-13 17:59:24,057 - root - INFO - Delta t: 1 days
2023-06-13 17:59:24,057 - root - INFO - Including 0 days of past history in training at a frequency of 1 days
2023-06-13 17:59:24,057 - root - INFO - Delta t: 1 days
2023-06-13 17:59:24,057 - root - INFO - Including 0 days of past history in training at a frequency of 1 days
2023-06-13 17:59:24,057 - root - INFO - Including 0 days of past history in training at a frequency of 1 days
2023-06-13 17:59:24,062 - root - INFO - Getting file stats from /home/bingxing2/home/scx6115/Ocean_AI_model/sample_00/valid/2011.h5
2023-06-13 17:59:24,062 - root - INFO - Getting file stats from /home/bingxing2/home/scx6115/Ocean_AI_model/sample_00/valid/2011.h5
2023-06-13 17:59:24,063 - root - INFO - Number of samples per year: 364
2023-06-13 17:59:24,063 - root - INFO - Number of samples per year: 364
2023-06-13 17:59:24,064 - root - INFO - Found data at path /home/bingxing2/home/scx6115/Ocean_AI_model/sample_00/valid. Number of examples: 364. Image Shape: 720 x 1440 x 30
2023-06-13 17:59:24,064 - root - INFO - Found data at path /home/bingxing2/home/scx6115/Ocean_AI_model/sample_00/valid. Number of examples: 364. Image Shape: 720 x 1440 x 30
2023-06-13 17:59:24,064 - root - INFO - Delta t: 1 days
2023-06-13 17:59:24,064 - root - INFO - Delta t: 1 days
2023-06-13 17:59:24,064 - root - INFO - Including 0 days of past history in training at a frequency of 1 days
2023-06-13 17:59:24,064 - root - INFO - Including 0 days of past history in training at a frequency of 1 days
2023-06-13 17:59:24,064 - root - INFO - Getting file stats from /home/bingxing2/home/scx6115/Ocean_AI_model/sample_00/valid/2011.h5
2023-06-13 17:59:24,064 - root - INFO - rank 2, data loader initialized
2023-06-13 17:59:24,064 - root - INFO - rank 1, data loader initialized
2023-06-13 17:59:24,065 - root - INFO - Number of samples per year: 364
2023-06-13 17:59:24,065 - root - INFO - Found data at path /home/bingxing2/home/scx6115/Ocean_AI_model/sample_00/valid. Number of examples: 364. Image Shape: 720 x 1440 x 30
2023-06-13 17:59:24,065 - root - INFO - Delta t: 1 days
2023-06-13 17:59:24,065 - root - INFO - Including 0 days of past history in training at a frequency of 1 days
2023-06-13 17:59:24,065 - root - INFO - rank 3, data loader initialized
2023-06-13 17:59:24,081 - root - INFO - ------------------ Configuration ------------------
2023-06-13 17:59:24,082 - root - INFO - Configuration file: /home/bingxing2/home/scx6115/Ocean_AI_model/config/Model.yaml
2023-06-13 17:59:24,082 - root - INFO - Configuration name: Masked_AE_fusion
2023-06-13 17:59:24,082 - root - INFO - nettype Masked_AE_fusion
2023-06-13 17:59:24,082 - root - INFO - log_to_wandb True
2023-06-13 17:59:24,082 - root - INFO - lr 0.001
2023-06-13 17:59:24,082 - root - INFO - batch_size 4
2023-06-13 17:59:24,082 - root - INFO - max_epochs 100
2023-06-13 17:59:24,082 - root - INFO - scheduler CosineAnnealingLR
2023-06-13 17:59:24,082 - root - INFO - fusion_3d_2d True
2023-06-13 17:59:24,082 - root - INFO - in_chans 31
2023-06-13 17:59:24,082 - root - INFO - out_chans 25
2023-06-13 17:59:24,083 - root - INFO - in_channels [0, 1, 2, 3, 4, 5, 6, 7, 8, 9, 10, 11, 12, 13, 14, 15, 16, 17, 18, 19, 20, 21, 22, 23, 24, 25, 26, 27, 28, 29]
2023-06-13 17:59:24,083 - root - INFO - out_channels [0, 1, 2, 3, 4, 5, 6, 7, 8, 9, 10, 11, 12, 13, 14, 15, 16, 17, 18, 19, 20, 21, 22, 23, 24]
2023-06-13 17:59:24,083 - root - INFO - img_size_h 720
2023-06-13 17:59:24,083 - root - INFO - img_size_w 1440
2023-06-13 17:59:24,083 - root - INFO - patch_size_h 16
2023-06-13 17:59:24,083 - root - INFO - patch_size_w 16
2023-06-13 17:59:24,083 - root - INFO - patch_size_d 2
2023-06-13 17:59:24,083 - root - INFO - mlp_ratio 4.0
2023-06-13 17:59:24,083 - root - INFO - in_chans_2d 7
2023-06-13 17:59:24,083 - root - INFO - out_chans_2d 1
2023-06-13 17:59:24,083 - root - INFO - in_chans_3d 4
2023-06-13 17:59:24,083 - root - INFO - out_chans_3d 4
2023-06-13 17:59:24,084 - root - INFO - var_depth 6
2023-06-13 17:59:24,084 - root - INFO - embed_dim 512
2023-06-13 17:59:24,084 - root - INFO - depth 16
2023-06-13 17:59:24,084 - root - INFO - num_heads 16
2023-06-13 17:59:24,084 - root - INFO - decoder_embed_dim 1024
2023-06-13 17:59:24,084 - root - INFO - decoder_depth 8
2023-06-13 17:59:24,084 - root - INFO - decoder_num_heads 16
2023-06-13 17:59:24,084 - root - INFO - drop_rate 0.0
2023-06-13 17:59:24,084 - root - INFO - drop_path_rate 0.0
2023-06-13 17:59:24,084 - root - INFO - sparsity_threshold 0.01
2023-06-13 17:59:24,084 - root - INFO - hard_thresholding_fraction 1.0
2023-06-13 17:59:24,084 - root - INFO - num_blocks 8
2023-06-13 17:59:24,084 - root - INFO - loss l2
2023-06-13 17:59:24,085 - root - INFO - num_data_workers 0
2023-06-13 17:59:24,085 - root - INFO - dt 1
2023-06-13 17:59:24,085 - root - INFO - n_history 0
2023-06-13 17:59:24,085 - root - INFO - prediction_type iterative
2023-06-13 17:59:24,085 - root - INFO - prediction_length 41
2023-06-13 17:59:24,085 - root - INFO - n_initial_conditions 5
2023-06-13 17:59:24,085 - root - INFO - ics_type default
2023-06-13 17:59:24,085 - root - INFO - date_strings ['2018-09-14 00:00:00']
2023-06-13 17:59:24,085 - root - INFO - save_raw_forecasts True
2023-06-13 17:59:24,085 - root - INFO - save_channel False
2023-06-13 17:59:24,085 - root - INFO - masked_acc False
2023-06-13 17:59:24,085 - root - INFO - maskpath None
2023-06-13 17:59:24,086 - root - INFO - perturb False
2023-06-13 17:59:24,086 - root - INFO - add_grid False
2023-06-13 17:59:24,086 - root - INFO - N_grid_channels 0
2023-06-13 17:59:24,086 - root - INFO - gridtype sinusoidal
2023-06-13 17:59:24,086 - root - INFO - roll False
2023-06-13 17:59:24,086 - root - INFO - enable_nhwc False
2023-06-13 17:59:24,086 - root - INFO - optimizer_type FusedAdam
2023-06-13 17:59:24,086 - root - INFO - exp_dir ./exp
2023-06-13 17:59:24,086 - root - INFO - patch_size 8
2023-06-13 17:59:24,086 - root - INFO - width 56
2023-06-13 17:59:24,086 - root - INFO - modes 32
2023-06-13 17:59:24,086 - root - INFO - target default
2023-06-13 17:59:24,086 - root - INFO - train_data_path /home/bingxing2/home/scx6115/Ocean_AI_model/sample_00/train
2023-06-13 17:59:24,087 - root - INFO - valid_data_path /home/bingxing2/home/scx6115/Ocean_AI_model/sample_00/valid
2023-06-13 17:59:24,087 - root - INFO - test_data_path /home/bingxing2/home/scx6115/Ocean_AI_model/sample_00/test
2023-06-13 17:59:24,087 - root - INFO - land_mask True
2023-06-13 17:59:24,087 - root - INFO - land_mask_path /home/bingxing2/home/scx6115/Ocean_AI_model/sample_00/land_mask.h5
2023-06-13 17:59:24,087 - root - INFO - normalize True
2023-06-13 17:59:24,087 - root - INFO - normalization zscore
2023-06-13 17:59:24,087 - root - INFO - global_mins_path /home/bingxing2/home/scx6115/Ocean_AI_model/sample_00/train/global_mins.npy
2023-06-13 17:59:24,087 - root - INFO - global_maxs_path /home/bingxing2/home/scx6115/Ocean_AI_model/sample_00/train/global_maxs.npy
2023-06-13 17:59:24,087 - root - INFO - global_means_path /home/bingxing2/home/scx6115/Ocean_AI_model/sample_00/train/global_means.npy
2023-06-13 17:59:24,087 - root - INFO - global_stds_path /home/bingxing2/home/scx6115/Ocean_AI_model/sample_00/train/global_stds.npy
2023-06-13 17:59:24,087 - root - INFO - orography True
2023-06-13 17:59:24,087 - root - INFO - orography_norm_zscore_path /home/bingxing2/home/scx6115/Ocean_AI_model/sample_00/orography_norm_zscore.h5
2023-06-13 17:59:24,088 - root - INFO - orography_norm_maxmin_path /home/bingxing2/home/scx6115/Ocean_AI_model/sample_00/orography_norm_maxmin.h5
2023-06-13 17:59:24,088 - root - INFO - add_noise False
2023-06-13 17:59:24,088 - root - INFO - noise_std 0
2023-06-13 17:59:24,088 - root - INFO - crop_size_x None
2023-06-13 17:59:24,088 - root - INFO - crop_size_y None
2023-06-13 17:59:24,088 - root - INFO - log_to_screen True
2023-06-13 17:59:24,088 - root - INFO - save_checkpoint True
2023-06-13 17:59:24,088 - root - INFO - plot_animations False
2023-06-13 17:59:24,088 - root - INFO - epsilon_factor 0
2023-06-13 17:59:24,088 - root - INFO - world_size 16
2023-06-13 17:59:24,088 - root - INFO - local_rank 0
2023-06-13 17:59:24,088 - root - INFO - global_batch_size 64
2023-06-13 17:59:24,088 - root - INFO - enable_amp True
2023-06-13 17:59:24,089 - root - INFO - experiment_dir /home/bingxing2/home/scx6115/Ocean_AI_model/exp/Masked_AE_fusion/20230613-175906
2023-06-13 17:59:24,089 - root - INFO - checkpoint_path ./exp/Masked_AE_fusion/20230613-175906/training_checkpoints/ckpt.tar
2023-06-13 17:59:24,089 - root - INFO - best_checkpoint_path ./exp/Masked_AE_fusion/20230613-175906/training_checkpoints/best_ckpt.tar
2023-06-13 17:59:24,089 - root - INFO - resuming False
2023-06-13 17:59:24,089 - root - INFO - entity ocean_ai_model
2023-06-13 17:59:24,089 - root - INFO - project ai4science
2023-06-13 17:59:24,089 - root - INFO - group 025_daily
2023-06-13 17:59:24,089 - root - INFO - name Masked_AE_fusion_20230613-175906
2023-06-13 17:59:24,089 - root - INFO - ---------------------------------------------------
wandb: Tracking run with wandb version 0.15.3
wandb: W&B syncing is set to `offline` in this directory.  
wandb: Run `wandb online` or set WANDB_MODE=online to enable cloud syncing.
2023-06-13 17:59:33,410 - root - INFO - device: cuda:0
2023-06-13 17:59:33,410 - root - INFO - rank 0, begin data loader init
2023-06-13 17:59:33,412 - root - INFO - Getting file stats from /home/bingxing2/home/scx6115/Ocean_AI_model/sample_00/train/2000.h5
2023-06-13 17:59:33,414 - root - INFO - Number of samples per year: 365
2023-06-13 17:59:33,414 - root - INFO - Found data at path /home/bingxing2/home/scx6115/Ocean_AI_model/sample_00/train. Number of examples: 4015. Image Shape: 720 x 1440 x 30
2023-06-13 17:59:33,414 - root - INFO - Delta t: 1 days
2023-06-13 17:59:33,414 - root - INFO - Including 0 days of past history in training at a frequency of 1 days
2023-06-13 17:59:33,453 - root - INFO - Getting file stats from /home/bingxing2/home/scx6115/Ocean_AI_model/sample_00/valid/2011.h5
2023-06-13 17:59:33,454 - root - INFO - Number of samples per year: 364
2023-06-13 17:59:33,454 - root - INFO - Found data at path /home/bingxing2/home/scx6115/Ocean_AI_model/sample_00/valid. Number of examples: 364. Image Shape: 720 x 1440 x 30
2023-06-13 17:59:33,455 - root - INFO - Delta t: 1 days
2023-06-13 17:59:33,455 - root - INFO - Including 0 days of past history in training at a frequency of 1 days
2023-06-13 17:59:33,455 - root - INFO - rank 0, data loader initialized
paraai-n32-h-01-agent-14:2477398:2477398 [0] NCCL INFO Bootstrap : Using eth0:172.16.4.37<0>
paraai-n32-h-01-agent-14:2477398:2477398 [0] NCCL INFO NET/Plugin : No plugin found (libnccl-net.so), using internal implementation
paraai-n32-h-01-agent-14:2477401:2477401 [3] NCCL INFO cudaDriverVersion 11060
paraai-n32-h-01-agent-14:2477399:2477399 [1] NCCL INFO cudaDriverVersion 11060
paraai-n32-h-01-agent-14:2477398:2477398 [0] NCCL INFO cudaDriverVersion 11060
NCCL version 2.14.3+cuda11.7paraai-n32-h-01-agent-14:2477400:2477400 [2] NCCL INFO cudaDriverVersion 11060

paraai-n32-h-01-agent-14:2477398:2478495 [0] NCCL INFO NCCL_IB_DISABLE set by environment to 0.
paraai-n32-h-01-agent-14:2477399:2477399 [1] NCCL INFO Bootstrap : Using eth0:172.16.4.37<0>
paraai-n32-h-01-agent-14:2477401:2477401 [3] NCCL INFO Bootstrap : Using eth0:172.16.4.37<0>
paraai-n32-h-01-agent-14:2477400:2477400 [2] NCCL INFO Bootstrap : Using eth0:172.16.4.37<0>
paraai-n32-h-01-agent-14:2477399:2477399 [1] NCCL INFO NET/Plugin : No plugin found (libnccl-net.so), using internal implementation
paraai-n32-h-01-agent-14:2477401:2477401 [3] NCCL INFO NET/Plugin : No plugin found (libnccl-net.so), using internal implementation
paraai-n32-h-01-agent-14:2477400:2477400 [2] NCCL INFO NET/Plugin : No plugin found (libnccl-net.so), using internal implementation
paraai-n32-h-01-agent-14:2477399:2478499 [1] NCCL INFO NCCL_IB_DISABLE set by environment to 0.
paraai-n32-h-01-agent-14:2477400:2478500 [2] NCCL INFO NCCL_IB_DISABLE set by environment to 0.
paraai-n32-h-01-agent-14:2477401:2478501 [3] NCCL INFO NCCL_IB_DISABLE set by environment to 0.
paraai-n32-h-01-agent-14:2477398:2478495 [0] NCCL INFO NET/IB : Using [0]mlx5_0:1/RoCE [1]mlx5_1:1/RoCE [2]mlx5_2:1/RoCE [3]mlx5_3:1/RoCE [RO]; OOB eth0:172.16.4.37<0>
paraai-n32-h-01-agent-14:2477398:2478495 [0] NCCL INFO Using network IB
paraai-n32-h-01-agent-14:2477401:2478501 [3] NCCL INFO NET/IB : Using [0]mlx5_0:1/RoCE [1]mlx5_1:1/RoCE [2]mlx5_2:1/RoCE [3]mlx5_3:1/RoCE [RO]; OOB eth0:172.16.4.37<0>
paraai-n32-h-01-agent-14:2477399:2478499 [1] NCCL INFO NET/IB : Using [0]mlx5_0:1/RoCE [1]mlx5_1:1/RoCE [2]mlx5_2:1/RoCE [3]mlx5_3:1/RoCE [RO]; OOB eth0:172.16.4.37<0>
paraai-n32-h-01-agent-14:2477400:2478500 [2] NCCL INFO NET/IB : Using [0]mlx5_0:1/RoCE [1]mlx5_1:1/RoCE [2]mlx5_2:1/RoCE [3]mlx5_3:1/RoCE [RO]; OOB eth0:172.16.4.37<0>
paraai-n32-h-01-agent-14:2477401:2478501 [3] NCCL INFO Using network IB
paraai-n32-h-01-agent-14:2477399:2478499 [1] NCCL INFO Using network IB
paraai-n32-h-01-agent-14:2477400:2478500 [2] NCCL INFO Using network IB
paraai-n32-h-01-agent-14:2477400:2478500 [2] NCCL INFO Setting affinity for GPU 2 to ffffffff,00000000,00000000
paraai-n32-h-01-agent-14:2477399:2478499 [1] NCCL INFO Setting affinity for GPU 1 to ffffffff
paraai-n32-h-01-agent-14:2477398:2478495 [0] NCCL INFO Setting affinity for GPU 0 to ffffffff
paraai-n32-h-01-agent-14:2477401:2478501 [3] NCCL INFO Setting affinity for GPU 3 to ffffffff,00000000,00000000
paraai-n32-h-01-agent-14:2477401:2478501 [3] NCCL INFO Trees [0] -1/-1/-1->3->2 [1] -1/-1/-1->3->2
paraai-n32-h-01-agent-14:2477399:2478499 [1] NCCL INFO Trees [0] 2/-1/-1->1->0 [1] 2/-1/-1->1->0
paraai-n32-h-01-agent-14:2477398:2478495 [0] NCCL INFO Channel 00/02 :    0   1   2   3   4   5   6   7   8   9  10  11  12  13  14  15
paraai-n32-h-01-agent-14:2477400:2478500 [2] NCCL INFO Trees [0] 3/-1/-1->2->1 [1] 3/-1/-1->2->1
paraai-n32-h-01-agent-14:2477398:2478495 [0] NCCL INFO Channel 01/02 :    0   1   2   3   4   5   6   7   8   9  10  11  12  13  14  15
paraai-n32-h-01-agent-14:2477398:2478495 [0] NCCL INFO Trees [0] 1/8/-1->0->-1 [1] 1/-1/-1->0->4
paraai-n32-h-01-agent-14:2477400:2478500 [2] NCCL INFO Channel 00 : 2[81000] -> 3[82000] via SHM/direct/direct
paraai-n32-h-01-agent-14:2477400:2478500 [2] NCCL INFO Channel 01 : 2[81000] -> 3[82000] via SHM/direct/direct
paraai-n32-h-01-agent-14:2477398:2478495 [0] NCCL INFO Channel 00/0 : 15[82000] -> 0[1000] [receive] via NET/IB/0
paraai-n32-h-01-agent-14:2477399:2478499 [1] NCCL INFO Channel 00 : 1[2000] -> 2[81000] via SHM/direct/direct
paraai-n32-h-01-agent-14:2477399:2478499 [1] NCCL INFO Channel 01 : 1[2000] -> 2[81000] via SHM/direct/direct
paraai-n32-h-01-agent-14:2477398:2478495 [0] NCCL INFO Channel 01/0 : 15[82000] -> 0[1000] [receive] via NET/IB/0
paraai-n32-h-01-agent-14:2477398:2478495 [0] NCCL INFO Channel 00 : 0[1000] -> 1[2000] via SHM/direct/direct
paraai-n32-h-01-agent-14:2477398:2478495 [0] NCCL INFO Channel 01 : 0[1000] -> 1[2000] via SHM/direct/direct
paraai-n32-h-01-agent-14:2477399:2478499 [1] NCCL INFO Connected all rings
paraai-n32-h-01-agent-14:2477399:2478499 [1] NCCL INFO Channel 00 : 1[2000] -> 0[1000] via SHM/direct/direct
paraai-n32-h-01-agent-14:2477399:2478499 [1] NCCL INFO Channel 01 : 1[2000] -> 0[1000] via SHM/direct/direct
paraai-n32-h-01-agent-14:2477401:2478501 [3] NCCL INFO Channel 00/0 : 3[82000] -> 4[1000] [send] via NET/IB/0
paraai-n32-h-01-agent-14:2477401:2478501 [3] NCCL INFO Channel 01/0 : 3[82000] -> 4[1000] [send] via NET/IB/0
paraai-n32-h-01-agent-14:2477398:2478518 [0] NCCL INFO NCCL_IB_GID_INDEX set by environment to 3.
paraai-n32-h-01-agent-14:2477398:2478518 [0] NCCL INFO NCCL_IB_TIMEOUT set by environment to 23.
paraai-n32-h-01-agent-14:2477398:2478518 [0] NCCL INFO NCCL_IB_RETRY_CNT set by environment to 7.
paraai-n32-h-01-agent-14:2477398:2478495 [0] NCCL INFO Connected all rings
paraai-n32-h-01-agent-14:2477401:2478519 [3] NCCL INFO NCCL_IB_GID_INDEX set by environment to 3.
paraai-n32-h-01-agent-14:2477401:2478501 [3] NCCL INFO Connected all rings
paraai-n32-h-01-agent-14:2477401:2478501 [3] NCCL INFO Channel 00 : 3[82000] -> 2[81000] via SHM/direct/direct
paraai-n32-h-01-agent-14:2477401:2478501 [3] NCCL INFO Channel 01 : 3[82000] -> 2[81000] via SHM/direct/direct
paraai-n32-h-01-agent-14:2477400:2478500 [2] NCCL INFO Connected all rings
paraai-n32-h-01-agent-14:2477400:2478500 [2] NCCL INFO Channel 00 : 2[81000] -> 1[2000] via SHM/direct/direct
paraai-n32-h-01-agent-14:2477400:2478500 [2] NCCL INFO Channel 01 : 2[81000] -> 1[2000] via SHM/direct/direct
paraai-n32-h-01-agent-14:2477401:2478501 [3] NCCL INFO Connected all trees
paraai-n32-h-01-agent-14:2477401:2478501 [3] NCCL INFO threadThresholds 8/8/64 | 128/8/64 | 512 | 512
paraai-n32-h-01-agent-14:2477401:2478501 [3] NCCL INFO 2 coll channels, 2 p2p channels, 2 p2p channels per peer
paraai-n32-h-01-agent-14:2477400:2478500 [2] NCCL INFO Connected all trees
paraai-n32-h-01-agent-14:2477400:2478500 [2] NCCL INFO threadThresholds 8/8/64 | 128/8/64 | 512 | 512
paraai-n32-h-01-agent-14:2477400:2478500 [2] NCCL INFO 2 coll channels, 2 p2p channels, 2 p2p channels per peer
paraai-n32-h-01-agent-14:2477398:2478495 [0] NCCL INFO Channel 01/0 : 0[1000] -> 4[1000] [send] via NET/IB/0
paraai-n32-h-01-agent-14:2477398:2478495 [0] NCCL INFO Channel 00/0 : 8[1000] -> 0[1000] [receive] via NET/IB/0
paraai-n32-h-01-agent-14:2477398:2478495 [0] NCCL INFO Channel 00/0 : 0[1000] -> 8[1000] [send] via NET/IB/0
paraai-n32-h-01-agent-14:2477398:2478495 [0] NCCL INFO Channel 01/0 : 4[1000] -> 0[1000] [receive] via NET/IB/0
paraai-n32-h-01-agent-14:2477398:2478495 [0] NCCL INFO Connected all trees
paraai-n32-h-01-agent-14:2477398:2478495 [0] NCCL INFO threadThresholds 8/8/64 | 128/8/64 | 512 | 512
paraai-n32-h-01-agent-14:2477398:2478495 [0] NCCL INFO 2 coll channels, 2 p2p channels, 2 p2p channels per peer
paraai-n32-h-01-agent-14:2477399:2478499 [1] NCCL INFO Connected all trees
paraai-n32-h-01-agent-14:2477399:2478499 [1] NCCL INFO threadThresholds 8/8/64 | 128/8/64 | 512 | 512
paraai-n32-h-01-agent-14:2477399:2478499 [1] NCCL INFO 2 coll channels, 2 p2p channels, 2 p2p channels per peer
paraai-n32-h-01-agent-14:2477401:2478501 [3] NCCL INFO comm 0x81948d20 rank 3 nranks 16 cudaDev 3 busId 82000 - Init COMPLETE
paraai-n32-h-01-agent-14:2477399:2478499 [1] NCCL INFO comm 0x68161fd0 rank 1 nranks 16 cudaDev 1 busId 2000 - Init COMPLETE
paraai-n32-h-01-agent-14:2477400:2478500 [2] NCCL INFO comm 0x1efb93c0 rank 2 nranks 16 cudaDev 2 busId 81000 - Init COMPLETE
paraai-n32-h-01-agent-14:2477398:2478495 [0] NCCL INFO comm 0x7f6e5fc0 rank 0 nranks 16 cudaDev 0 busId 1000 - Init COMPLETE
paraai-n32-h-01-agent-14:2477401:2478521 [3] NCCL INFO NCCL_IB_TIMEOUT set by environment to 23.
paraai-n32-h-01-agent-14:2477401:2478521 [3] NCCL INFO NCCL_IB_RETRY_CNT set by environment to 7.
2023-06-13 17:59:46,893 - root - INFO - Number of trainable model parameters: 374483080
2023-06-13 17:59:46,894 - root - INFO - Starting Training Loop...
Traceback (most recent call last):
  File "/home/bingxing2/home/scx6115/Ocean_AI_model/train_025_bingxing.py", line 489, in <module>
    trainer.train()
  File "/home/bingxing2/home/scx6115/Ocean_AI_model/train_025_bingxing.py", line 140, in train
    tr_time, data_time, train_logs = self.train_one_epoch() 
  File "/home/bingxing2/home/scx6115/Ocean_AI_model/train_025_bingxing.py", line 226, in train_one_epoch
    gen = self.model(inp_2d, inp_3d, mask_ratio=0)
  File "/home/bingxing2/home/scx6115/.conda/envs/torch2.0/lib/python3.10/site-packages/torch/nn/modules/module.py", line 1501, in _call_impl
    return forward_call(*args, **kwargs)
  File "/home/bingxing2/home/scx6115/.conda/envs/torch2.0/lib/python3.10/site-packages/torch/nn/parallel/distributed.py", line 1156, in forward
    output = self._run_ddp_forward(*inputs, **kwargs)
  File "/home/bingxing2/home/scx6115/.conda/envs/torch2.0/lib/python3.10/site-packages/torch/nn/parallel/distributed.py", line 1110, in _run_ddp_forward
    return module_to_run(*inputs[0], **kwargs[0])  # type: ignore[index]
  File "/home/bingxing2/home/scx6115/.conda/envs/torch2.0/lib/python3.10/site-packages/torch/nn/modules/module.py", line 1501, in _call_impl
    return forward_call(*args, **kwargs)
  File "/home/bingxing2/home/scx6115/Ocean_AI_model/networks/Masked_AE_fusion.py", line 264, in forward
    x = self.forward_decoder(x, ids_restore)  # [N, L, p*p*3]
  File "/home/bingxing2/home/scx6115/Ocean_AI_model/networks/Masked_AE_fusion.py", line 239, in forward_decoder
    x = blk(x)
  File "/home/bingxing2/home/scx6115/.conda/envs/torch2.0/lib/python3.10/site-packages/torch/nn/modules/module.py", line 1501, in _call_impl
    return forward_call(*args, **kwargs)
  File "/home/bingxing2/home/scx6115/Ocean_AI_model/networks/fourier_block_Masked_AE_Ocean.py", line 127, in forward
    x = self.norm1(x)
  File "/home/bingxing2/home/scx6115/.conda/envs/torch2.0/lib/python3.10/site-packages/torch/nn/modules/module.py", line 1501, in _call_impl
    return forward_call(*args, **kwargs)
  File "/home/bingxing2/home/scx6115/.conda/envs/torch2.0/lib/python3.10/site-packages/torch/nn/modules/normalization.py", line 190, in forward
    return F.layer_norm(
  File "/home/bingxing2/home/scx6115/.conda/envs/torch2.0/lib/python3.10/site-packages/torch/nn/functional.py", line 2515, in layer_norm
    return torch.layer_norm(input, normalized_shape, weight, bias, eps, torch.backends.cudnn.enabled)
torch.cuda.OutOfMemoryError: CUDA out of memory. Tried to allocate 254.00 MiB (GPU 2; 39.41 GiB total capacity; 37.17 GiB already allocated; 246.50 MiB free; 37.47 GiB reserved in total by PyTorch) If reserved memory is >> allocated memory try setting max_split_size_mb to avoid fragmentation.  See documentation for Memory Management and PYTORCH_CUDA_ALLOC_CONF
Traceback (most recent call last):
  File "/home/bingxing2/home/scx6115/Ocean_AI_model/train_025_bingxing.py", line 489, in <module>
    trainer.train()
  File "/home/bingxing2/home/scx6115/Ocean_AI_model/train_025_bingxing.py", line 140, in train
    tr_time, data_time, train_logs = self.train_one_epoch() 
  File "/home/bingxing2/home/scx6115/Ocean_AI_model/train_025_bingxing.py", line 226, in train_one_epoch
    gen = self.model(inp_2d, inp_3d, mask_ratio=0)
  File "/home/bingxing2/home/scx6115/.conda/envs/torch2.0/lib/python3.10/site-packages/torch/nn/modules/module.py", line 1501, in _call_impl
    return forward_call(*args, **kwargs)
  File "/home/bingxing2/home/scx6115/.conda/envs/torch2.0/lib/python3.10/site-packages/torch/nn/parallel/distributed.py", line 1156, in forward
    output = self._run_ddp_forward(*inputs, **kwargs)
  File "/home/bingxing2/home/scx6115/.conda/envs/torch2.0/lib/python3.10/site-packages/torch/nn/parallel/distributed.py", line 1110, in _run_ddp_forward
    return module_to_run(*inputs[0], **kwargs[0])  # type: ignore[index]
  File "/home/bingxing2/home/scx6115/.conda/envs/torch2.0/lib/python3.10/site-packages/torch/nn/modules/module.py", line 1501, in _call_impl
    return forward_call(*args, **kwargs)
  File "/home/bingxing2/home/scx6115/Ocean_AI_model/networks/Masked_AE_fusion.py", line 264, in forward
    x = self.forward_decoder(x, ids_restore)  # [N, L, p*p*3]
  File "/home/bingxing2/home/scx6115/Ocean_AI_model/networks/Masked_AE_fusion.py", line 239, in forward_decoder
    x = blk(x)
  File "/home/bingxing2/home/scx6115/.conda/envs/torch2.0/lib/python3.10/site-packages/torch/nn/modules/module.py", line 1501, in _call_impl
    return forward_call(*args, **kwargs)
  File "/home/bingxing2/home/scx6115/Ocean_AI_model/networks/fourier_block_Masked_AE_Ocean.py", line 127, in forward
    x = self.norm1(x)
  File "/home/bingxing2/home/scx6115/.conda/envs/torch2.0/lib/python3.10/site-packages/torch/nn/modules/module.py", line 1501, in _call_impl
    return forward_call(*args, **kwargs)
  File "/home/bingxing2/home/scx6115/.conda/envs/torch2.0/lib/python3.10/site-packages/torch/nn/modules/normalization.py", line 190, in forward
    return F.layer_norm(
  File "/home/bingxing2/home/scx6115/.conda/envs/torch2.0/lib/python3.10/site-packages/torch/nn/functional.py", line 2515, in layer_norm
    return torch.layer_norm(input, normalized_shape, weight, bias, eps, torch.backends.cudnn.enabled)
torch.cuda.OutOfMemoryError: CUDA out of memory. Tried to allocate 254.00 MiB (GPU 3; 39.41 GiB total capacity; 37.17 GiB already allocated; 246.50 MiB free; 37.47 GiB reserved in total by PyTorch) If reserved memory is >> allocated memory try setting max_split_size_mb to avoid fragmentation.  See documentation for Memory Management and PYTORCH_CUDA_ALLOC_CONF
Traceback (most recent call last):
  File "/home/bingxing2/home/scx6115/Ocean_AI_model/train_025_bingxing.py", line 489, in <module>
    trainer.train()
  File "/home/bingxing2/home/scx6115/Ocean_AI_model/train_025_bingxing.py", line 140, in train
    tr_time, data_time, train_logs = self.train_one_epoch() 
  File "/home/bingxing2/home/scx6115/Ocean_AI_model/train_025_bingxing.py", line 226, in train_one_epoch
    gen = self.model(inp_2d, inp_3d, mask_ratio=0)
  File "/home/bingxing2/home/scx6115/.conda/envs/torch2.0/lib/python3.10/site-packages/torch/nn/modules/module.py", line 1501, in _call_impl
    return forward_call(*args, **kwargs)
  File "/home/bingxing2/home/scx6115/.conda/envs/torch2.0/lib/python3.10/site-packages/torch/nn/parallel/distributed.py", line 1156, in forward
    output = self._run_ddp_forward(*inputs, **kwargs)
  File "/home/bingxing2/home/scx6115/.conda/envs/torch2.0/lib/python3.10/site-packages/torch/nn/parallel/distributed.py", line 1110, in _run_ddp_forward
    return module_to_run(*inputs[0], **kwargs[0])  # type: ignore[index]
  File "/home/bingxing2/home/scx6115/.conda/envs/torch2.0/lib/python3.10/site-packages/torch/nn/modules/module.py", line 1501, in _call_impl
    return forward_call(*args, **kwargs)
  File "/home/bingxing2/home/scx6115/Ocean_AI_model/networks/Masked_AE_fusion.py", line 264, in forward
    x = self.forward_decoder(x, ids_restore)  # [N, L, p*p*3]
  File "/home/bingxing2/home/scx6115/Ocean_AI_model/networks/Masked_AE_fusion.py", line 239, in forward_decoder
    x = blk(x)
  File "/home/bingxing2/home/scx6115/.conda/envs/torch2.0/lib/python3.10/site-packages/torch/nn/modules/module.py", line 1501, in _call_impl
    return forward_call(*args, **kwargs)
  File "/home/bingxing2/home/scx6115/Ocean_AI_model/networks/fourier_block_Masked_AE_Ocean.py", line 127, in forward
    x = self.norm1(x)
  File "/home/bingxing2/home/scx6115/.conda/envs/torch2.0/lib/python3.10/site-packages/torch/nn/modules/module.py", line 1501, in _call_impl
    return forward_call(*args, **kwargs)
  File "/home/bingxing2/home/scx6115/.conda/envs/torch2.0/lib/python3.10/site-packages/torch/nn/modules/normalization.py", line 190, in forward
    return F.layer_norm(
  File "/home/bingxing2/home/scx6115/.conda/envs/torch2.0/lib/python3.10/site-packages/torch/nn/functional.py", line 2515, in layer_norm
    return torch.layer_norm(input, normalized_shape, weight, bias, eps, torch.backends.cudnn.enabled)
torch.cuda.OutOfMemoryError: CUDA out of memory. Tried to allocate 254.00 MiB (GPU 1; 39.41 GiB total capacity; 37.17 GiB already allocated; 246.50 MiB free; 37.47 GiB reserved in total by PyTorch) If reserved memory is >> allocated memory try setting max_split_size_mb to avoid fragmentation.  See documentation for Memory Management and PYTORCH_CUDA_ALLOC_CONF
paraai-n32-h-01-agent-14:2477400:2478516 [2] NCCL INFO [Service thread] Connection closed by localRank 2
paraai-n32-h-01-agent-14:2477400:2477400 [2] NCCL INFO comm 0x1efb93c0 rank 2 nranks 16 cudaDev 2 busId 81000 - Abort COMPLETE
paraai-n32-h-01-agent-14:2477401:2478519 [3] NCCL INFO [Service thread] Connection closed by localRank 3
paraai-n32-h-01-agent-14:2477401:2477401 [3] NCCL INFO comm 0x81948d20 rank 3 nranks 16 cudaDev 3 busId 82000 - Abort COMPLETE
Traceback (most recent call last):
  File "/home/bingxing2/home/scx6115/Ocean_AI_model/train_025_bingxing.py", line 489, in <module>
    trainer.train()
  File "/home/bingxing2/home/scx6115/Ocean_AI_model/train_025_bingxing.py", line 140, in train
    tr_time, data_time, train_logs = self.train_one_epoch()
  File "/home/bingxing2/home/scx6115/Ocean_AI_model/train_025_bingxing.py", line 226, in train_one_epoch
    gen = self.model(inp_2d, inp_3d, mask_ratio=0)
  File "/home/bingxing2/home/scx6115/.conda/envs/torch2.0/lib/python3.10/site-packages/torch/nn/modules/module.py", line 1501, in _call_impl
    return forward_call(*args, **kwargs)
  File "/home/bingxing2/home/scx6115/.conda/envs/torch2.0/lib/python3.10/site-packages/torch/nn/parallel/distributed.py", line 1156, in forward
    output = self._run_ddp_forward(*inputs, **kwargs)
  File "/home/bingxing2/home/scx6115/.conda/envs/torch2.0/lib/python3.10/site-packages/torch/nn/parallel/distributed.py", line 1110, in _run_ddp_forward
    return module_to_run(*inputs[0], **kwargs[0])  # type: ignore[index]
  File "/home/bingxing2/home/scx6115/.conda/envs/torch2.0/lib/python3.10/site-packages/torch/nn/modules/module.py", line 1501, in _call_impl
    return forward_call(*args, **kwargs)
  File "/home/bingxing2/home/scx6115/Ocean_AI_model/networks/Masked_AE_fusion.py", line 264, in forward
    x = self.forward_decoder(x, ids_restore)  # [N, L, p*p*3]
  File "/home/bingxing2/home/scx6115/Ocean_AI_model/networks/Masked_AE_fusion.py", line 239, in forward_decoder
    x = blk(x)
  File "/home/bingxing2/home/scx6115/.conda/envs/torch2.0/lib/python3.10/site-packages/torch/nn/modules/module.py", line 1501, in _call_impl
    return forward_call(*args, **kwargs)
  File "/home/bingxing2/home/scx6115/Ocean_AI_model/networks/fourier_block_Masked_AE_Ocean.py", line 127, in forward
    x = self.norm1(x)
  File "/home/bingxing2/home/scx6115/.conda/envs/torch2.0/lib/python3.10/site-packages/torch/nn/modules/module.py", line 1501, in _call_impl
    return forward_call(*args, **kwargs)
  File "/home/bingxing2/home/scx6115/.conda/envs/torch2.0/lib/python3.10/site-packages/torch/nn/modules/normalization.py", line 190, in forward
    return F.layer_norm(
  File "/home/bingxing2/home/scx6115/.conda/envs/torch2.0/lib/python3.10/site-packages/torch/nn/functional.py", line 2515, in layer_norm
    return torch.layer_norm(input, normalized_shape, weight, bias, eps, torch.backends.cudnn.enabled)
torch.cuda.OutOfMemoryError: CUDA out of memory. Tried to allocate 254.00 MiB (GPU 0; 39.41 GiB total capacity; 37.17 GiB already allocated; 246.50 MiB free; 37.47 GiB reserved in total by PyTorch) If reserved memory is >> allocated memory try setting max_split_size_mb to avoid fragmentation.  See documentation for Memory Management and PYTORCH_CUDA_ALLOC_CONF
wandb: Waiting for W&B process to finish... (failed 1).
paraai-n32-h-01-agent-14:2477399:2478517 [1] NCCL INFO [Service thread] Connection closed by localRank 1
paraai-n32-h-01-agent-14:2477399:2477399 [1] NCCL INFO comm 0x68161fd0 rank 1 nranks 16 cudaDev 1 busId 2000 - Abort COMPLETE
wandb: You can sync this run to the cloud by running:
wandb: wandb sync /home/bingxing2/home/scx6115/Ocean_AI_model/wandb/offline-run-20230613_175925-ghcox10u
wandb: Find logs at: ./wandb/offline-run-20230613_175925-ghcox10u/logs
WARNING:torch.distributed.elastic.multiprocessing.api:Sending process 2477398 closing signal SIGTERM
ERROR:torch.distributed.elastic.multiprocessing.api:failed (exitcode: 1) local_rank: 1 (pid: 2477399) of binary: /home/bingxing2/home/scx6115/.conda/envs/torch2.0/bin/python
Traceback (most recent call last):
  File "/home/bingxing2/home/scx6115/.conda/envs/torch2.0/bin/torchrun", line 8, in <module>
    sys.exit(main())
  File "/home/bingxing2/home/scx6115/.conda/envs/torch2.0/lib/python3.10/site-packages/torch/distributed/elastic/multiprocessing/errors/__init__.py", line 346, in wrapper
    return f(*args, **kwargs)
  File "/home/bingxing2/home/scx6115/.conda/envs/torch2.0/lib/python3.10/site-packages/torch/distributed/run.py", line 794, in main
    run(args)
  File "/home/bingxing2/home/scx6115/.conda/envs/torch2.0/lib/python3.10/site-packages/torch/distributed/run.py", line 785, in run
    elastic_launch(
  File "/home/bingxing2/home/scx6115/.conda/envs/torch2.0/lib/python3.10/site-packages/torch/distributed/launcher/api.py", line 134, in __call__
    return launch_agent(self._config, self._entrypoint, list(args))
  File "/home/bingxing2/home/scx6115/.conda/envs/torch2.0/lib/python3.10/site-packages/torch/distributed/launcher/api.py", line 250, in launch_agent
    raise ChildFailedError(
torch.distributed.elastic.multiprocessing.errors.ChildFailedError: 
============================================================
train_025_bingxing.py FAILED
------------------------------------------------------------
Failures:
[1]:
  time      : 2023-06-13_17:59:59
  host      : paraai-n32-h-01-agent-14.paraai-n32-h-01.com
  rank      : 2 (local_rank: 2)
  exitcode  : 1 (pid: 2477400)
  error_file: <N/A>
  traceback : To enable traceback see: https://pytorch.org/docs/stable/elastic/errors.html
[2]:
  time      : 2023-06-13_17:59:59
  host      : paraai-n32-h-01-agent-14.paraai-n32-h-01.com
  rank      : 3 (local_rank: 3)
  exitcode  : 1 (pid: 2477401)
  error_file: <N/A>
  traceback : To enable traceback see: https://pytorch.org/docs/stable/elastic/errors.html
------------------------------------------------------------
Root Cause (first observed failure):
[0]:
  time      : 2023-06-13_17:59:59
  host      : paraai-n32-h-01-agent-14.paraai-n32-h-01.com
  rank      : 1 (local_rank: 1)
  exitcode  : 1 (pid: 2477399)
  error_file: <N/A>
  traceback : To enable traceback see: https://pytorch.org/docs/stable/elastic/errors.html
============================================================
