WARNING:torch.distributed.run:
*****************************************
Setting OMP_NUM_THREADS environment variable for each process to be 1 in default, to avoid your system being overloaded, please further tune the variable for optimal performance in your application as needed. 
*****************************************
paraai-n32-h-01-agent-74
paraai-n32-h-01-agent-74
00

------------------ Configuration ------------------ ------------------ Configuration ------------------   /home/bingxing2/home/scx6115/Ocean_AI_model/config/AFNO.yaml/home/bingxing2/home/scx6115/Ocean_AI_model/config/AFNO.yaml

paraai-n32-h-01-agent-74
paraai-n32-h-01-agent-74
0
------------------ Configuration ------------------  /home/bingxing2/home/scx6115/Ocean_AI_model/config/AFNO.yaml
0
------------------ Configuration ------------------  /home/bingxing2/home/scx6115/Ocean_AI_model/config/AFNO.yaml
log_to_wandb True
lr 0.0005
batch_size 32
max_epochs 500
scheduler CosineAnnealingLR
in_channels [0, 1, 2, 3, 4, 5, 6, 7, 8, 9, 10, 11, 12, 13, 14, 15, 16, 17, 18, 19, 20, 21, 22, 23, 24, 25, 26, 27, 28, 29]
out_channels [0, 1, 2, 3, 4, 5, 6, 7, 8, 9, 10, 11, 12, 13, 14, 15, 16, 17, 18, 19, 20, 21, 22, 23, 24]
N_in_channels 31
N_out_channels 25
img_size_h 720
img_size_w 1440
patch_size_h 5
patch_size_w 5
loss l2
num_data_workers 0
dt 1
n_history 0
prediction_type iterative
prediction_length 30
n_initial_conditions 5
ics_type default
save_raw_forecasts True
save_channel False
masked_acc False
maskpath None
perturb False
add_grid False
N_grid_channels 0
gridtype sinusoidal
roll False
num_blocks 8
nettype afno
patch_size 8
width 56
modes 32
target default
log_to_wandbenable_nhwc  FalseTrue

optimizer_typelog_to_wandb lrFusedAdam  
True
normalize 0.0005True

lr normalizationbatch_size  0.0005zscore
32

batch_sizeglobal_mins_pathmax_epochs   32./sample_00/train/global_mins.npy500


schedulermax_epochsglobal_maxs_path   CosineAnnealingLR500./sample_00/train/global_maxs.npy


in_channelsschedulerglobal_means_path   CosineAnnealingLR./sample_00/train/global_means.npy

in_channelsglobal_stds_path  [0, 1, 2, 3, 4, 5, 6, 7, 8, 9, 10, 11, 12, 13, 14, 15, 16, 17, 18, 19, 20, 21, 22, 23, 24, 25, 26, 27, 28, 29]./sample_00/train/global_stds.npy

train_data_path out_channels[0, 1, 2, 3, 4, 5, 6, 7, 8, 9, 10, 11, 12, 13, 14, 15, 16, 17, 18, 19, 20, 21, 22, 23, 24, 25, 26, 27, 28, 29]./sample_00/train 

valid_data_path out_channels./sample_00/valid[0, 1, 2, 3, 4, 5, 6, 7, 8, 9, 10, 11, 12, 13, 14, 15, 16, 17, 18, 19, 20, 21, 22, 23, 24] 

test_data_path N_in_channels[0, 1, 2, 3, 4, 5, 6, 7, 8, 9, 10, 11, 12, 13, 14, 15, 16, 17, 18, 19, 20, 21, 22, 23, 24]./sample_00/test 
log_to_wandb31
N_in_channels
  31land_maskTrueN_out_channels
  True
N_out_channels25
 
25land_mask_path
img_size_h  img_size_h./sample_00/land_mask.h5720

lr  720orographyimg_size_w
  0.0005True1440img_size_w


 1440orography_norm_zscore_path
patch_size_hbatch_size   ./sample_00/orography_norm_zscore.h5patch_size_h32
5 

orography_norm_maxmin_path5 
max_epochspatch_size_w./sample_00/orography_norm_maxmin.h5  patch_size_w
5005 
5
exp_dir
scheduler lossloss ./exp  CosineAnnealingLRl2
l2


add_noisein_channels num_data_workersFalsenum_data_workers  
 0
0noise_std
dt  0dt1 [0, 1, 2, 3, 4, 5, 6, 7, 8, 9, 10, 11, 12, 13, 14, 15, 16, 17, 18, 19, 20, 21, 22, 23, 24, 25, 26, 27, 28, 29]

1

crop_size_xn_historyn_history   0Noneout_channels0
 

crop_size_yprediction_typeprediction_type[0, 1, 2, 3, 4, 5, 6, 7, 8, 9, 10, 11, 12, 13, 14, 15, 16, 17, 18, 19, 20, 21, 22, 23, 24]   
Noneiterativeiterative

N_in_channels
 log_to_screenprediction_length31 prediction_length 
True 30
30

save_checkpointN_out_channels  n_initial_conditionsTrue25n_initial_conditions
 
 plot_animations55 

Falseimg_size_h
 ics_typeics_type720  
defaultdefault

img_size_w save_raw_forecastssave_raw_forecasts1440  
TrueTrue

patch_size_h save_channelsave_channel5  
FalseFalse

patch_size_w masked_accmasked_acc5  
FalseFalse

loss maskpathl2 maskpath
None 
num_data_workersNone 
perturb0 
perturbFalse 
dtFalse add_grid
 1False
add_grid
 Falsen_historyN_grid_channels
  00
N_grid_channels
--------------------------------------------------- gridtypeprediction_type 0
 sinusoidal
iterative

gridtyperoll prediction_length sinusoidal False
30

rollnum_blocks  False8
n_initial_conditions
 num_blocks5world_size :nettype
   8ics_type16afno
 

defaultnettypeInitialize distributed process group...
patch_size
  save_raw_forecastsafno8 

True
patch_size widthsave_channel 8 56
False

width modesmasked_acc56  
32False

modestarget maskpath 32 default
None
target
 enable_nhwcdefaultperturb
  FalseFalse
enable_nhwc
 Falseadd_grid
optimizer_type  Falseoptimizer_typeFusedAdam
 
FusedAdam
N_grid_channelsnormalize  normalizeTrue0 

True
normalization zscorenormalizationgridtype 
 zscoresinusoidal
global_mins_path
 ./sample_00/train/global_mins.npyrollglobal_mins_path
  global_maxs_pathFalse./sample_00/train/global_mins.npy 

./sample_00/train/global_maxs.npy
num_blocksglobal_maxs_path  global_means_path8./sample_00/train/global_maxs.npy
 
./sample_00/train/global_means.npynettype
global_means_path  afno./sample_00/train/global_means.npyglobal_stds_path

 ./sample_00/train/global_stds.npypatch_sizeglobal_stds_path
  8train_data_path./sample_00/train/global_stds.npy
 
./sample_00/train
widthtrain_data_pathvalid_data_path   56./sample_00/train./sample_00/valid


valid_data_pathmodestest_data_path  ./sample_00/valid 32
./sample_00/test

test_data_path land_mask./sample_00/testtarget 
 Truedefault
land_mask
 Trueland_mask_pathenable_nhwc
  ./sample_00/land_mask.h5False
land_mask_path
 ./sample_00/land_mask.h5orographyoptimizer_type 
True 
FusedAdamorography
 orography_norm_zscore_pathTruenormalize 
 ./sample_00/orography_norm_zscore.h5Trueorography_norm_zscore_path

 orography_norm_maxmin_path./sample_00/orography_norm_zscore.h5 
normalization./sample_00/orography_norm_maxmin.h5 orography_norm_maxmin_path
zscore 
./sample_00/orography_norm_maxmin.h5
exp_dirglobal_mins_path exp_dir ./exp ./sample_00/train/global_mins.npy
./exp

add_noise global_maxs_pathFalseadd_noise 
 ./sample_00/train/global_maxs.npyFalse
noise_std
 global_means_path0 noise_std
./sample_00/train/global_means.npy 
crop_size_x0 
Noneglobal_stds_path
crop_size_x  ./sample_00/train/global_stds.npyNonecrop_size_y

 train_data_pathNonecrop_size_y 
 ./sample_00/trainNone
log_to_screen
 Truelog_to_screenvalid_data_path
  True./sample_00/validsave_checkpoint

 Truesave_checkpointtest_data_path
  ./sample_00/testplot_animationsTrue
 
land_maskFalse
plot_animations  TrueFalse

land_mask_path ./sample_00/land_mask.h5
orography True
orography_norm_zscore_path ./sample_00/orography_norm_zscore.h5
orography_norm_maxmin_path ./sample_00/orography_norm_maxmin.h5
exp_dir ./exp
add_noise False
noise_std 0
crop_size_x None
crop_size_y None
log_to_screen True
save_checkpoint ------------------------------------------------------------------------------------------------------True


plot_animations False
world_size :world_size :  1616

Initialize distributed process group...Initialize distributed process group...

---------------------------------------------------
world_size : 16
Initialize distributed process group...
2023-06-08 20:47:14,104 - torch.distributed.distributed_c10d - INFO - Added key: store_based_barrier_key:1 to store for rank: 13
2023-06-08 20:47:14,104 - torch.distributed.distributed_c10d - INFO - Added key: store_based_barrier_key:1 to store for rank: 14
2023-06-08 20:47:14,104 - torch.distributed.distributed_c10d - INFO - Added key: store_based_barrier_key:1 to store for rank: 12
2023-06-08 20:47:14,104 - torch.distributed.distributed_c10d - INFO - Added key: store_based_barrier_key:1 to store for rank: 15
2023-06-08 20:47:15,675 - torch.distributed.distributed_c10d - INFO - Rank 13: Completed store-based barrier for key:store_based_barrier_key:1 with 16 nodes.
2023-06-08 20:47:15,685 - torch.distributed.distributed_c10d - INFO - Rank 14: Completed store-based barrier for key:store_based_barrier_key:1 with 16 nodes.
2023-06-08 20:47:15,685 - torch.distributed.distributed_c10d - INFO - Rank 12: Completed store-based barrier for key:store_based_barrier_key:1 with 16 nodes.
2023-06-08 20:47:15,685 - torch.distributed.distributed_c10d - INFO - Rank 15: Completed store-based barrier for key:store_based_barrier_key:1 with 16 nodes.
2023-06-08 20:47:15,726 - root - INFO - device: cuda:1
2023-06-08 20:47:15,726 - root - INFO - rank 13, begin data loader init
2023-06-08 20:47:15,737 - root - INFO - device: cuda:3
2023-06-08 20:47:15,737 - root - INFO - rank 15, begin data loader init
2023-06-08 20:47:15,741 - root - INFO - device: cuda:2
2023-06-08 20:47:15,741 - root - INFO - rank 14, begin data loader init
2023-06-08 20:47:15,743 - root - INFO - device: cuda:0
2023-06-08 20:47:15,743 - root - INFO - rank 12, begin data loader init
2023-06-08 20:47:15,767 - root - INFO - Getting file stats from ./sample_00/train/2000.h5
2023-06-08 20:47:15,767 - root - INFO - Getting file stats from ./sample_00/train/2000.h5
2023-06-08 20:47:15,767 - root - INFO - Getting file stats from ./sample_00/train/2000.h5
2023-06-08 20:47:15,767 - root - INFO - Getting file stats from ./sample_00/train/2000.h5
2023-06-08 20:47:15,768 - root - INFO - Number of samples per year: 365
2023-06-08 20:47:15,768 - root - INFO - Number of samples per year: 365
2023-06-08 20:47:15,768 - root - INFO - Number of samples per year: 365
2023-06-08 20:47:15,768 - root - INFO - Found data at path ./sample_00/train. Number of examples: 1460. Image Shape: 720 x 1440 x 30
2023-06-08 20:47:15,768 - root - INFO - Found data at path ./sample_00/train. Number of examples: 1460. Image Shape: 720 x 1440 x 30
2023-06-08 20:47:15,768 - root - INFO - Found data at path ./sample_00/train. Number of examples: 1460. Image Shape: 720 x 1440 x 30
2023-06-08 20:47:15,768 - root - INFO - Delta t: 1 days
2023-06-08 20:47:15,768 - root - INFO - Delta t: 1 days
2023-06-08 20:47:15,768 - root - INFO - Number of samples per year: 365
2023-06-08 20:47:15,768 - root - INFO - Delta t: 1 days
2023-06-08 20:47:15,768 - root - INFO - Including 0 days of past history in training at a frequency of 1 days
2023-06-08 20:47:15,768 - root - INFO - Including 0 days of past history in training at a frequency of 1 days
2023-06-08 20:47:15,768 - root - INFO - Found data at path ./sample_00/train. Number of examples: 1460. Image Shape: 720 x 1440 x 30
2023-06-08 20:47:15,768 - root - INFO - Including 0 days of past history in training at a frequency of 1 days
2023-06-08 20:47:15,768 - root - INFO - Delta t: 1 days
2023-06-08 20:47:15,769 - root - INFO - Including 0 days of past history in training at a frequency of 1 days
2023-06-08 20:47:15,809 - root - INFO - Getting file stats from ./sample_00/valid/2006.h5
2023-06-08 20:47:15,809 - root - INFO - Getting file stats from ./sample_00/valid/2006.h5
2023-06-08 20:47:15,809 - root - INFO - Getting file stats from ./sample_00/valid/2006.h5
2023-06-08 20:47:15,809 - root - INFO - Getting file stats from ./sample_00/valid/2006.h5
2023-06-08 20:47:15,810 - root - INFO - Number of samples per year: 364
2023-06-08 20:47:15,810 - root - INFO - Found data at path ./sample_00/valid. Number of examples: 364. Image Shape: 720 x 1440 x 30
2023-06-08 20:47:15,810 - root - INFO - Number of samples per year: 364
2023-06-08 20:47:15,810 - root - INFO - Number of samples per year: 364
2023-06-08 20:47:15,810 - root - INFO - Delta t: 1 days
2023-06-08 20:47:15,810 - root - INFO - Found data at path ./sample_00/valid. Number of examples: 364. Image Shape: 720 x 1440 x 30
2023-06-08 20:47:15,810 - root - INFO - Found data at path ./sample_00/valid. Number of examples: 364. Image Shape: 720 x 1440 x 30
2023-06-08 20:47:15,810 - root - INFO - Including 0 days of past history in training at a frequency of 1 days
2023-06-08 20:47:15,810 - root - INFO - Delta t: 1 days
2023-06-08 20:47:15,810 - root - INFO - Delta t: 1 days
2023-06-08 20:47:15,810 - root - INFO - Including 0 days of past history in training at a frequency of 1 days
2023-06-08 20:47:15,810 - root - INFO - Including 0 days of past history in training at a frequency of 1 days
2023-06-08 20:47:15,810 - root - INFO - Number of samples per year: 364
2023-06-08 20:47:15,810 - root - INFO - Found data at path ./sample_00/valid. Number of examples: 364. Image Shape: 720 x 1440 x 30
2023-06-08 20:47:15,810 - root - INFO - rank 14, data loader initialized
2023-06-08 20:47:15,810 - root - INFO - Delta t: 1 days
2023-06-08 20:47:15,811 - root - INFO - rank 15, data loader initialized
2023-06-08 20:47:15,811 - root - INFO - rank 12, data loader initialized
2023-06-08 20:47:15,811 - root - INFO - Including 0 days of past history in training at a frequency of 1 days
2023-06-08 20:47:15,811 - root - INFO - rank 13, data loader initialized
srun: Job step aborted: Waiting up to 32 seconds for job step to finish.
slurmstepd: error: *** STEP 19961.0 ON paraai-n32-h-01-agent-74 CANCELLED AT 2023-06-08T20:49:57 ***
WARNING:torch.distributed.elastic.agent.server.api:Received 15 death signal, shutting down workers
WARNING:torch.distributed.elastic.multiprocessing.api:Sending process 3435923 closing signal SIGTERM
WARNING:torch.distributed.elastic.multiprocessing.api:Sending process 3435924 closing signal SIGTERM
WARNING:torch.distributed.elastic.multiprocessing.api:Sending process 3435925 closing signal SIGTERM
WARNING:torch.distributed.elastic.multiprocessing.api:Sending process 3435926 closing signal SIGTERM
