master_addr is only used for static rdzv_backend and when rdzv_endpoint is not specified.
WARNING:torch.distributed.run:
*****************************************
Setting OMP_NUM_THREADS environment variable for each process to be 1 in default, to avoid your system being overloaded, please further tune the variable for optimal performance in your application as needed. 
*****************************************
paraai-n32-h-01-agent-14
paraai-n32-h-01-agent-14
00

------------------ Configuration ------------------ ------------------ Configuration ------------------   /home/bingxing2/home/scx6115/Ocean_AI_model/config/Model.yaml/home/bingxing2/home/scx6115/Ocean_AI_model/config/Model.yaml

paraai-n32-h-01-agent-14
0
------------------ Configuration ------------------  /home/bingxing2/home/scx6115/Ocean_AI_model/config/Model.yaml
paraai-n32-h-01-agent-14
0
------------------ Configuration ------------------  /home/bingxing2/home/scx6115/Ocean_AI_model/config/Model.yaml
nettype Masked_AE_fusion
log_to_wandb True
lr 0.001
batch_size 48
max_epochs 100
scheduler CosineAnnealingLR
fusion_3d_2d True
in_chans 31
out_chans 25
in_channels [0, 1, 2, 3, 4, 5, 6, 7, 8, 9, 10, 11, 12, 13, 14, 15, 16, 17, 18, 19, 20, 21, 22, 23, 24, 25, 26, 27, 28, 29]
out_channels [0, 1, 2, 3, 4, 5, 6, 7, 8, 9, 10, 11, 12, 13, 14, 15, 16, 17, 18, 19, 20, 21, 22, 23, 24]
img_size_h 720
img_size_w 1440
patch_size_h 16
patch_size_w 16
patch_size_d 2
mlp_ratio 4.0
in_chans_2d 7
out_chans_2d 1
in_chans_3d 4
out_chans_3d 4
var_depth 6
embed_dim 512
depth 16
num_heads 16
decoder_embed_dim 1024
nettypedecoder_depth  Masked_AE_fusion8

log_to_wandbdecoder_num_heads  True16

lrdrop_rate  0.0010.0

batch_sizedrop_path_rate  480.0

max_epochssparsity_threshold  1000.01

schedulerhard_thresholding_fraction  CosineAnnealingLR1.0

nettypefusion_3d_2dnum_blocks   Masked_AE_fusionTrue8


log_to_wandbin_chansloss   True31l2


lrout_chansnum_data_workers   0.001nettype250
 

batch_sizeMasked_AE_fusiondt 
 in_channels48log_to_wandb1 
 
[0, 1, 2, 3, 4, 5, 6, 7, 8, 9, 10, 11, 12, 13, 14, 15, 16, 17, 18, 19, 20, 21, 22, 23, 24, 25, 26, 27, 28, 29]max_epochsTruen_history
 
 out_channels100lr0 
 
[0, 1, 2, 3, 4, 5, 6, 7, 8, 9, 10, 11, 12, 13, 14, 15, 16, 17, 18, 19, 20, 21, 22, 23, 24]scheduler0.001prediction_type
 
 img_size_hCosineAnnealingLRbatch_sizeiterative 
 
720fusion_3d_2d48prediction_length
 
 img_size_wTruemax_epochs41 
 
1440in_chans100n_initial_conditions
 
 patch_size_h31scheduler5 
 
16out_chansCosineAnnealingLRics_type
 
 patch_size_w25fusion_3d_2ddefault 
 
16in_channelsTruedate_strings
 
 patch_size_d[0, 1, 2, 3, 4, 5, 6, 7, 8, 9, 10, 11, 12, 13, 14, 15, 16, 17, 18, 19, 20, 21, 22, 23, 24, 25, 26, 27, 28, 29]in_chans['2018-09-14 00:00:00'] 
 
2out_channels31save_raw_forecasts
 
 mlp_ratio[0, 1, 2, 3, 4, 5, 6, 7, 8, 9, 10, 11, 12, 13, 14, 15, 16, 17, 18, 19, 20, 21, 22, 23, 24]out_chansTrue 
 
4.0img_size_h25save_channel
 
 in_chans_2d720in_channelsFalse 
 
7img_size_w[0, 1, 2, 3, 4, 5, 6, 7, 8, 9, 10, 11, 12, 13, 14, 15, 16, 17, 18, 19, 20, 21, 22, 23, 24, 25, 26, 27, 28, 29]masked_acc
 
 out_chans_2d1440out_channelsFalse 
 
1patch_size_h[0, 1, 2, 3, 4, 5, 6, 7, 8, 9, 10, 11, 12, 13, 14, 15, 16, 17, 18, 19, 20, 21, 22, 23, 24]maskpath
 
 in_chans_3d16img_size_hNone 
 
4patch_size_w720perturb
 
 out_chans_3d16img_size_wFalse 
 
4patch_size_d1440add_grid
 
 var_depth2patch_size_hFalse 
 
6mlp_ratio16N_grid_channels
 
 embed_dim4.0patch_size_w0 
 
512in_chans_2d16gridtype
 
 depth7patch_size_dsinusoidal 
 
16out_chans_2d2roll
 
 num_heads1mlp_ratioFalse 
 
16in_chans_3d4.0enable_nhwc
 
 decoder_embed_dim4in_chans_2dFalse 
 
1024out_chans_3d7optimizer_type
 
 decoder_depth4out_chans_2dFusedAdam 
 
8var_depth1exp_dir
 
 decoder_num_heads6in_chans_3d./exp 
 
16embed_dim4patch_size
 
 drop_rate512out_chans_3d8 
 
0.0depth4width
 
 drop_path_rate16var_depth56 
 
0.0num_heads6modes
 
 sparsity_threshold16embed_dim32 
 
0.01decoder_embed_dim512target
 
 hard_thresholding_fraction1024depthdefault 
 
1.0decoder_depth16train_data_path
 
 num_blocks8num_heads/home/bingxing2/home/scx6115/Ocean_AI_model/sample_00/train 
 
8decoder_num_heads16valid_data_path
 
 loss16decoder_embed_dim/home/bingxing2/home/scx6115/Ocean_AI_model/sample_00/valid 
 
l2drop_rate1024test_data_path
 
 num_data_workers0.0decoder_depth/home/bingxing2/home/scx6115/Ocean_AI_model/sample_00/test 
 
0drop_path_rate8land_mask
 
 dt 0.01decoder_num_heads
True
 sparsity_threshold
n_history16 land_mask_path 
0.01 0drop_rate
/home/bingxing2/home/scx6115/Ocean_AI_model/sample_00/land_mask.h5
 hard_thresholding_fraction
prediction_type0.0 normalize 
1.0 iterativedrop_path_rate
True
 num_blocks
prediction_length0.0 normalization 
8 41sparsity_threshold
zscore
 loss
n_initial_conditions0.01 global_mins_path 
l2 5hard_thresholding_fraction
/home/bingxing2/home/scx6115/Ocean_AI_model/sample_00/train/global_mins.npy
 num_data_workers
ics_type1.0 global_maxs_path 
0 defaultnum_blocks
/home/bingxing2/home/scx6115/Ocean_AI_model/sample_00/train/global_maxs.npy
 dt
date_strings8 global_means_path 
1 ['2018-09-14 00:00:00']loss
/home/bingxing2/home/scx6115/Ocean_AI_model/sample_00/train/global_means.npy
 n_history
save_raw_forecastsl2 global_stds_path 
0 Truenum_data_workers
/home/bingxing2/home/scx6115/Ocean_AI_model/sample_00/train/global_stds.npy
 prediction_type
save_channel0 orography 
iterative Falsedt
True
 prediction_length
masked_acc1 orography_norm_zscore_path 
41 Falsen_history
/home/bingxing2/home/scx6115/Ocean_AI_model/sample_00/orography_norm_zscore.h5
 n_initial_conditions
maskpath0 orography_norm_maxmin_path 
5 Noneprediction_type
/home/bingxing2/home/scx6115/Ocean_AI_model/sample_00/orography_norm_maxmin.h5
 ics_type
perturbiterative add_noise 
default Falseprediction_length
False
 date_strings
add_grid41 noise_std 
['2018-09-14 00:00:00'] Falsen_initial_conditions
0
 save_raw_forecasts
N_grid_channels5 crop_size_x 
True 0ics_type
None
 save_channel
gridtypedefault crop_size_y 
False sinusoidaldate_strings
None
 masked_acc
roll['2018-09-14 00:00:00'] log_to_screen 
False Falsesave_raw_forecasts
True
 maskpath
enable_nhwcTrue save_checkpoint 
None Falsesave_channel
True
 perturb
optimizer_typeFalse plot_animations 
False FusedAdammasked_acc
False
 add_grid
exp_dirFalse  
False./exp---------------------------------------------------maskpath


 N_grid_channelspatch_sizeNone world_size : 
0 8perturb
16
 gridtype
widthFalse Initialize distributed process group... 
sinusoidal
56add_grid

 rollmodesFalse  
False32N_grid_channels

 enable_nhwctarget0  
Falsedefaultgridtype

 optimizer_typetrain_data_pathsinusoidal  
FusedAdam/home/bingxing2/home/scx6115/Ocean_AI_model/sample_00/trainroll

 exp_dirvalid_data_pathFalse  
./exp/home/bingxing2/home/scx6115/Ocean_AI_model/sample_00/validenable_nhwc

 patch_sizetest_data_pathFalse  
8/home/bingxing2/home/scx6115/Ocean_AI_model/sample_00/testoptimizer_type

 widthland_maskFusedAdam  
56Trueexp_dir

 modesland_mask_path./exp  
32/home/bingxing2/home/scx6115/Ocean_AI_model/sample_00/land_mask.h5patch_size

 targetnormalize8  
defaultTruewidth

 train_data_pathnormalization56  
/home/bingxing2/home/scx6115/Ocean_AI_model/sample_00/trainzscoremodes

 valid_data_pathglobal_mins_path32  
/home/bingxing2/home/scx6115/Ocean_AI_model/sample_00/valid/home/bingxing2/home/scx6115/Ocean_AI_model/sample_00/train/global_mins.npytarget

 test_data_pathglobal_maxs_pathdefault  
/home/bingxing2/home/scx6115/Ocean_AI_model/sample_00/test/home/bingxing2/home/scx6115/Ocean_AI_model/sample_00/train/global_maxs.npytrain_data_path

 land_maskglobal_means_path/home/bingxing2/home/scx6115/Ocean_AI_model/sample_00/train  
True/home/bingxing2/home/scx6115/Ocean_AI_model/sample_00/train/global_means.npyvalid_data_path

 land_mask_pathglobal_stds_path/home/bingxing2/home/scx6115/Ocean_AI_model/sample_00/valid  
/home/bingxing2/home/scx6115/Ocean_AI_model/sample_00/land_mask.h5/home/bingxing2/home/scx6115/Ocean_AI_model/sample_00/train/global_stds.npytest_data_path

 normalizeorography/home/bingxing2/home/scx6115/Ocean_AI_model/sample_00/test  
TrueTrueland_mask

 normalizationorography_norm_zscore_pathTrue  
zscore/home/bingxing2/home/scx6115/Ocean_AI_model/sample_00/orography_norm_zscore.h5land_mask_path

 global_mins_pathorography_norm_maxmin_path/home/bingxing2/home/scx6115/Ocean_AI_model/sample_00/land_mask.h5  
/home/bingxing2/home/scx6115/Ocean_AI_model/sample_00/train/global_mins.npy/home/bingxing2/home/scx6115/Ocean_AI_model/sample_00/orography_norm_maxmin.h5normalize

 global_maxs_pathadd_noiseTrue  
/home/bingxing2/home/scx6115/Ocean_AI_model/sample_00/train/global_maxs.npyFalsenormalization

 global_means_pathnoise_stdzscore  
/home/bingxing2/home/scx6115/Ocean_AI_model/sample_00/train/global_means.npy0global_mins_path

 global_stds_pathcrop_size_x/home/bingxing2/home/scx6115/Ocean_AI_model/sample_00/train/global_mins.npy  
/home/bingxing2/home/scx6115/Ocean_AI_model/sample_00/train/global_stds.npyNoneglobal_maxs_path

 orographycrop_size_y/home/bingxing2/home/scx6115/Ocean_AI_model/sample_00/train/global_maxs.npy  
TrueNoneglobal_means_path

 orography_norm_zscore_pathlog_to_screen/home/bingxing2/home/scx6115/Ocean_AI_model/sample_00/train/global_means.npy  
/home/bingxing2/home/scx6115/Ocean_AI_model/sample_00/orography_norm_zscore.h5Trueglobal_stds_path

 orography_norm_maxmin_pathsave_checkpoint/home/bingxing2/home/scx6115/Ocean_AI_model/sample_00/train/global_stds.npy  
/home/bingxing2/home/scx6115/Ocean_AI_model/sample_00/orography_norm_maxmin.h5Trueorography

 add_noiseplot_animationsTrue  
FalseFalseorography_norm_zscore_path

 noise_std/home/bingxing2/home/scx6115/Ocean_AI_model/sample_00/orography_norm_zscore.h5 
0orography_norm_maxmin_path
--------------------------------------------------- crop_size_x
/home/bingxing2/home/scx6115/Ocean_AI_model/sample_00/orography_norm_maxmin.h5 
world_size :Noneadd_noise 
 16crop_size_yFalse
 
Initialize distributed process group...Nonenoise_std

 log_to_screen0 
Truecrop_size_x
 save_checkpointNone 
Truecrop_size_y
 plot_animationsNone 
Falselog_to_screen
 True
save_checkpoint True
plot_animations False
---------------------------------------------------
world_size : 16
---------------------------------------------------Initialize distributed process group...

world_size : 16
Initialize distributed process group...
2023-06-13 20:34:29,761 - torch.distributed.distributed_c10d - INFO - Added key: store_based_barrier_key:1 to store for rank: 3
2023-06-13 20:34:29,761 - torch.distributed.distributed_c10d - INFO - Added key: store_based_barrier_key:1 to store for rank: 2
2023-06-13 20:34:30,758 - torch.distributed.distributed_c10d - INFO - Added key: store_based_barrier_key:1 to store for rank: 1
2023-06-13 20:34:30,761 - torch.distributed.distributed_c10d - INFO - Added key: store_based_barrier_key:1 to store for rank: 0
2023-06-13 20:34:30,762 - torch.distributed.distributed_c10d - INFO - Rank 0: Completed store-based barrier for key:store_based_barrier_key:1 with 16 nodes.
2023-06-13 20:34:30,762 - torch.distributed.distributed_c10d - INFO - Rank 3: Completed store-based barrier for key:store_based_barrier_key:1 with 16 nodes.
2023-06-13 20:34:30,762 - torch.distributed.distributed_c10d - INFO - Rank 2: Completed store-based barrier for key:store_based_barrier_key:1 with 16 nodes.
2023-06-13 20:34:30,768 - torch.distributed.distributed_c10d - INFO - Rank 1: Completed store-based barrier for key:store_based_barrier_key:1 with 16 nodes.
2023-06-13 20:34:30,816 - root - INFO - device: cuda:3
2023-06-13 20:34:30,817 - root - INFO - rank 3, begin data loader init
2023-06-13 20:34:30,818 - root - INFO - device: cuda:2
2023-06-13 20:34:30,818 - root - INFO - rank 2, begin data loader init
2023-06-13 20:34:30,819 - root - INFO - device: cuda:1
2023-06-13 20:34:30,819 - root - INFO - rank 1, begin data loader init
2023-06-13 20:34:30,823 - root - INFO - Getting file stats from /home/bingxing2/home/scx6115/Ocean_AI_model/sample_00/train/2000.h5
2023-06-13 20:34:30,824 - root - INFO - Getting file stats from /home/bingxing2/home/scx6115/Ocean_AI_model/sample_00/train/2000.h5
2023-06-13 20:34:30,824 - root - INFO - Getting file stats from /home/bingxing2/home/scx6115/Ocean_AI_model/sample_00/train/2000.h5
2023-06-13 20:34:30,825 - root - INFO - Number of samples per year: 365
2023-06-13 20:34:30,825 - root - INFO - Found data at path /home/bingxing2/home/scx6115/Ocean_AI_model/sample_00/train. Number of examples: 4015. Image Shape: 720 x 1440 x 30
2023-06-13 20:34:30,825 - root - INFO - Number of samples per year: 365
2023-06-13 20:34:30,825 - root - INFO - Delta t: 1 days
2023-06-13 20:34:30,825 - root - INFO - Number of samples per year: 365
2023-06-13 20:34:30,825 - root - INFO - Found data at path /home/bingxing2/home/scx6115/Ocean_AI_model/sample_00/train. Number of examples: 4015. Image Shape: 720 x 1440 x 30
2023-06-13 20:34:30,825 - root - INFO - Including 0 days of past history in training at a frequency of 1 days
2023-06-13 20:34:30,825 - root - INFO - Found data at path /home/bingxing2/home/scx6115/Ocean_AI_model/sample_00/train. Number of examples: 4015. Image Shape: 720 x 1440 x 30
2023-06-13 20:34:30,825 - root - INFO - Delta t: 1 days
2023-06-13 20:34:30,825 - root - INFO - Delta t: 1 days
2023-06-13 20:34:30,825 - root - INFO - Including 0 days of past history in training at a frequency of 1 days
2023-06-13 20:34:30,825 - root - INFO - Including 0 days of past history in training at a frequency of 1 days
2023-06-13 20:34:30,831 - root - INFO - Getting file stats from /home/bingxing2/home/scx6115/Ocean_AI_model/sample_00/valid/2011.h5
2023-06-13 20:34:30,831 - root - INFO - Getting file stats from /home/bingxing2/home/scx6115/Ocean_AI_model/sample_00/valid/2011.h5
2023-06-13 20:34:30,831 - root - INFO - Getting file stats from /home/bingxing2/home/scx6115/Ocean_AI_model/sample_00/valid/2011.h5
2023-06-13 20:34:30,831 - root - INFO - Number of samples per year: 364
2023-06-13 20:34:30,832 - root - INFO - Found data at path /home/bingxing2/home/scx6115/Ocean_AI_model/sample_00/valid. Number of examples: 364. Image Shape: 720 x 1440 x 30
2023-06-13 20:34:30,832 - root - INFO - Number of samples per year: 364
2023-06-13 20:34:30,832 - root - INFO - Delta t: 1 days
2023-06-13 20:34:30,832 - root - INFO - Found data at path /home/bingxing2/home/scx6115/Ocean_AI_model/sample_00/valid. Number of examples: 364. Image Shape: 720 x 1440 x 30
2023-06-13 20:34:30,832 - root - INFO - Including 0 days of past history in training at a frequency of 1 days
2023-06-13 20:34:30,832 - root - INFO - Number of samples per year: 364
2023-06-13 20:34:30,832 - root - INFO - Delta t: 1 days
2023-06-13 20:34:30,832 - root - INFO - Including 0 days of past history in training at a frequency of 1 days
2023-06-13 20:34:30,832 - root - INFO - Found data at path /home/bingxing2/home/scx6115/Ocean_AI_model/sample_00/valid. Number of examples: 364. Image Shape: 720 x 1440 x 30
2023-06-13 20:34:30,832 - root - INFO - rank 3, data loader initialized
2023-06-13 20:34:30,832 - root - INFO - Delta t: 1 days
2023-06-13 20:34:30,832 - root - INFO - rank 2, data loader initialized
2023-06-13 20:34:30,832 - root - INFO - Including 0 days of past history in training at a frequency of 1 days
2023-06-13 20:34:30,832 - root - INFO - rank 1, data loader initialized
2023-06-13 20:34:30,884 - root - INFO - ------------------ Configuration ------------------
2023-06-13 20:34:30,884 - root - INFO - Configuration file: /home/bingxing2/home/scx6115/Ocean_AI_model/config/Model.yaml
2023-06-13 20:34:30,884 - root - INFO - Configuration name: Masked_AE_fusion
2023-06-13 20:34:30,884 - root - INFO - nettype Masked_AE_fusion
2023-06-13 20:34:30,884 - root - INFO - log_to_wandb True
2023-06-13 20:34:30,884 - root - INFO - lr 0.001
2023-06-13 20:34:30,884 - root - INFO - batch_size 3
2023-06-13 20:34:30,884 - root - INFO - max_epochs 100
2023-06-13 20:34:30,884 - root - INFO - scheduler CosineAnnealingLR
2023-06-13 20:34:30,884 - root - INFO - fusion_3d_2d True
2023-06-13 20:34:30,884 - root - INFO - in_chans 31
2023-06-13 20:34:30,885 - root - INFO - out_chans 25
2023-06-13 20:34:30,885 - root - INFO - in_channels [0, 1, 2, 3, 4, 5, 6, 7, 8, 9, 10, 11, 12, 13, 14, 15, 16, 17, 18, 19, 20, 21, 22, 23, 24, 25, 26, 27, 28, 29]
2023-06-13 20:34:30,885 - root - INFO - out_channels [0, 1, 2, 3, 4, 5, 6, 7, 8, 9, 10, 11, 12, 13, 14, 15, 16, 17, 18, 19, 20, 21, 22, 23, 24]
2023-06-13 20:34:30,885 - root - INFO - img_size_h 720
2023-06-13 20:34:30,885 - root - INFO - img_size_w 1440
2023-06-13 20:34:30,885 - root - INFO - patch_size_h 16
2023-06-13 20:34:30,885 - root - INFO - patch_size_w 16
2023-06-13 20:34:30,885 - root - INFO - patch_size_d 2
2023-06-13 20:34:30,885 - root - INFO - mlp_ratio 4.0
2023-06-13 20:34:30,885 - root - INFO - in_chans_2d 7
2023-06-13 20:34:30,885 - root - INFO - out_chans_2d 1
2023-06-13 20:34:30,885 - root - INFO - in_chans_3d 4
2023-06-13 20:34:30,885 - root - INFO - out_chans_3d 4
2023-06-13 20:34:30,885 - root - INFO - var_depth 6
2023-06-13 20:34:30,886 - root - INFO - embed_dim 512
2023-06-13 20:34:30,886 - root - INFO - depth 16
2023-06-13 20:34:30,886 - root - INFO - num_heads 16
2023-06-13 20:34:30,886 - root - INFO - decoder_embed_dim 1024
2023-06-13 20:34:30,886 - root - INFO - decoder_depth 8
2023-06-13 20:34:30,886 - root - INFO - decoder_num_heads 16
2023-06-13 20:34:30,886 - root - INFO - drop_rate 0.0
2023-06-13 20:34:30,886 - root - INFO - drop_path_rate 0.0
2023-06-13 20:34:30,886 - root - INFO - sparsity_threshold 0.01
2023-06-13 20:34:30,886 - root - INFO - hard_thresholding_fraction 1.0
2023-06-13 20:34:30,886 - root - INFO - num_blocks 8
2023-06-13 20:34:30,886 - root - INFO - loss l2
2023-06-13 20:34:30,886 - root - INFO - num_data_workers 0
2023-06-13 20:34:30,886 - root - INFO - dt 1
2023-06-13 20:34:30,887 - root - INFO - n_history 0
2023-06-13 20:34:30,887 - root - INFO - prediction_type iterative
2023-06-13 20:34:30,887 - root - INFO - prediction_length 41
2023-06-13 20:34:30,887 - root - INFO - n_initial_conditions 5
2023-06-13 20:34:30,887 - root - INFO - ics_type default
2023-06-13 20:34:30,887 - root - INFO - date_strings ['2018-09-14 00:00:00']
2023-06-13 20:34:30,887 - root - INFO - save_raw_forecasts True
2023-06-13 20:34:30,887 - root - INFO - save_channel False
2023-06-13 20:34:30,887 - root - INFO - masked_acc False
2023-06-13 20:34:30,887 - root - INFO - maskpath None
2023-06-13 20:34:30,887 - root - INFO - perturb False
2023-06-13 20:34:30,887 - root - INFO - add_grid False
2023-06-13 20:34:30,887 - root - INFO - N_grid_channels 0
2023-06-13 20:34:30,887 - root - INFO - gridtype sinusoidal
2023-06-13 20:34:30,888 - root - INFO - roll False
2023-06-13 20:34:30,888 - root - INFO - enable_nhwc False
2023-06-13 20:34:30,888 - root - INFO - optimizer_type FusedAdam
2023-06-13 20:34:30,888 - root - INFO - exp_dir ./exp
2023-06-13 20:34:30,888 - root - INFO - patch_size 8
2023-06-13 20:34:30,888 - root - INFO - width 56
2023-06-13 20:34:30,888 - root - INFO - modes 32
2023-06-13 20:34:30,888 - root - INFO - target default
2023-06-13 20:34:30,888 - root - INFO - train_data_path /home/bingxing2/home/scx6115/Ocean_AI_model/sample_00/train
2023-06-13 20:34:30,888 - root - INFO - valid_data_path /home/bingxing2/home/scx6115/Ocean_AI_model/sample_00/valid
2023-06-13 20:34:30,888 - root - INFO - test_data_path /home/bingxing2/home/scx6115/Ocean_AI_model/sample_00/test
2023-06-13 20:34:30,888 - root - INFO - land_mask True
2023-06-13 20:34:30,888 - root - INFO - land_mask_path /home/bingxing2/home/scx6115/Ocean_AI_model/sample_00/land_mask.h5
2023-06-13 20:34:30,888 - root - INFO - normalize True
2023-06-13 20:34:30,889 - root - INFO - normalization zscore
2023-06-13 20:34:30,889 - root - INFO - global_mins_path /home/bingxing2/home/scx6115/Ocean_AI_model/sample_00/train/global_mins.npy
2023-06-13 20:34:30,889 - root - INFO - global_maxs_path /home/bingxing2/home/scx6115/Ocean_AI_model/sample_00/train/global_maxs.npy
2023-06-13 20:34:30,889 - root - INFO - global_means_path /home/bingxing2/home/scx6115/Ocean_AI_model/sample_00/train/global_means.npy
2023-06-13 20:34:30,889 - root - INFO - global_stds_path /home/bingxing2/home/scx6115/Ocean_AI_model/sample_00/train/global_stds.npy
2023-06-13 20:34:30,889 - root - INFO - orography True
2023-06-13 20:34:30,889 - root - INFO - orography_norm_zscore_path /home/bingxing2/home/scx6115/Ocean_AI_model/sample_00/orography_norm_zscore.h5
2023-06-13 20:34:30,889 - root - INFO - orography_norm_maxmin_path /home/bingxing2/home/scx6115/Ocean_AI_model/sample_00/orography_norm_maxmin.h5
2023-06-13 20:34:30,889 - root - INFO - add_noise False
2023-06-13 20:34:30,889 - root - INFO - noise_std 0
2023-06-13 20:34:30,889 - root - INFO - crop_size_x None
2023-06-13 20:34:30,889 - root - INFO - crop_size_y None
2023-06-13 20:34:30,889 - root - INFO - log_to_screen True
2023-06-13 20:34:30,889 - root - INFO - save_checkpoint True
2023-06-13 20:34:30,890 - root - INFO - plot_animations False
2023-06-13 20:34:30,890 - root - INFO - epsilon_factor 0
2023-06-13 20:34:30,890 - root - INFO - world_size 16
2023-06-13 20:34:30,890 - root - INFO - local_rank 0
2023-06-13 20:34:30,890 - root - INFO - global_batch_size 48
2023-06-13 20:34:30,890 - root - INFO - enable_amp True
2023-06-13 20:34:30,890 - root - INFO - experiment_dir /home/bingxing2/home/scx6115/Ocean_AI_model/exp/Masked_AE_fusion/20230613-203411
2023-06-13 20:34:30,890 - root - INFO - checkpoint_path ./exp/Masked_AE_fusion/20230613-203411/training_checkpoints/ckpt.tar
2023-06-13 20:34:30,890 - root - INFO - best_checkpoint_path ./exp/Masked_AE_fusion/20230613-203411/training_checkpoints/best_ckpt.tar
2023-06-13 20:34:30,890 - root - INFO - resuming False
2023-06-13 20:34:30,890 - root - INFO - entity ocean_ai_model
2023-06-13 20:34:30,890 - root - INFO - project ai4science
2023-06-13 20:34:30,890 - root - INFO - group 025_daily
2023-06-13 20:34:30,890 - root - INFO - name Masked_AE_fusion_20230613-203411
2023-06-13 20:34:30,891 - root - INFO - ---------------------------------------------------
wandb: Tracking run with wandb version 0.15.3
wandb: W&B syncing is set to `offline` in this directory.  
wandb: Run `wandb online` or set WANDB_MODE=online to enable cloud syncing.
2023-06-13 20:34:40,122 - root - INFO - device: cuda:0
2023-06-13 20:34:40,122 - root - INFO - rank 0, begin data loader init
2023-06-13 20:34:40,126 - root - INFO - Getting file stats from /home/bingxing2/home/scx6115/Ocean_AI_model/sample_00/train/2000.h5
2023-06-13 20:34:40,128 - root - INFO - Number of samples per year: 365
2023-06-13 20:34:40,129 - root - INFO - Found data at path /home/bingxing2/home/scx6115/Ocean_AI_model/sample_00/train. Number of examples: 4015. Image Shape: 720 x 1440 x 30
2023-06-13 20:34:40,129 - root - INFO - Delta t: 1 days
2023-06-13 20:34:40,129 - root - INFO - Including 0 days of past history in training at a frequency of 1 days
2023-06-13 20:34:40,133 - root - INFO - Getting file stats from /home/bingxing2/home/scx6115/Ocean_AI_model/sample_00/valid/2011.h5
2023-06-13 20:34:40,135 - root - INFO - Number of samples per year: 364
2023-06-13 20:34:40,135 - root - INFO - Found data at path /home/bingxing2/home/scx6115/Ocean_AI_model/sample_00/valid. Number of examples: 364. Image Shape: 720 x 1440 x 30
2023-06-13 20:34:40,135 - root - INFO - Delta t: 1 days
2023-06-13 20:34:40,135 - root - INFO - Including 0 days of past history in training at a frequency of 1 days
2023-06-13 20:34:40,136 - root - INFO - rank 0, data loader initialized
paraai-n32-h-01-agent-14:3030230:3030230 [0] NCCL INFO Bootstrap : Using eth0:172.16.4.37<0>
paraai-n32-h-01-agent-14:3030230:3030230 [0] NCCL INFO NET/Plugin : No plugin found (libnccl-net.so), using internal implementation
paraai-n32-h-01-agent-14:3030233:3030233 [3] NCCL INFO cudaDriverVersion 11060
paraai-n32-h-01-agent-14:3030231:3030231 [1] NCCL INFO cudaDriverVersion 11060
paraai-n32-h-01-agent-14:3030232:3030232 [2] NCCL INFO cudaDriverVersion 11060
paraai-n32-h-01-agent-14:3030230:3030230 [0] NCCL INFO cudaDriverVersion 11060
NCCL version 2.14.3+cuda11.7
paraai-n32-h-01-agent-14:3030230:3031267 [0] NCCL INFO NCCL_IB_DISABLE set by environment to 0.
paraai-n32-h-01-agent-14:3030233:3030233 [3] NCCL INFO Bootstrap : Using eth0:172.16.4.37<0>
paraai-n32-h-01-agent-14:3030232:3030232 [2] NCCL INFO Bootstrap : Using eth0:172.16.4.37<0>
paraai-n32-h-01-agent-14:3030231:3030231 [1] NCCL INFO Bootstrap : Using eth0:172.16.4.37<0>
paraai-n32-h-01-agent-14:3030233:3030233 [3] NCCL INFO NET/Plugin : No plugin found (libnccl-net.so), using internal implementation
paraai-n32-h-01-agent-14:3030231:3030231 [1] NCCL INFO NET/Plugin : No plugin found (libnccl-net.so), using internal implementation
paraai-n32-h-01-agent-14:3030232:3030232 [2] NCCL INFO NET/Plugin : No plugin found (libnccl-net.so), using internal implementation
paraai-n32-h-01-agent-14:3030233:3031271 [3] NCCL INFO NCCL_IB_DISABLE set by environment to 0.
paraai-n32-h-01-agent-14:3030231:3031272 [1] NCCL INFO NCCL_IB_DISABLE set by environment to 0.
paraai-n32-h-01-agent-14:3030232:3031273 [2] NCCL INFO NCCL_IB_DISABLE set by environment to 0.
paraai-n32-h-01-agent-14:3030230:3031267 [0] NCCL INFO NET/IB : Using [0]mlx5_0:1/RoCE [1]mlx5_1:1/RoCE [2]mlx5_2:1/RoCE [3]mlx5_3:1/RoCE [RO]; OOB eth0:172.16.4.37<0>
paraai-n32-h-01-agent-14:3030230:3031267 [0] NCCL INFO Using network IB
paraai-n32-h-01-agent-14:3030233:3031271 [3] NCCL INFO NET/IB : Using [0]mlx5_0:1/RoCE [1]mlx5_1:1/RoCE [2]mlx5_2:1/RoCE [3]mlx5_3:1/RoCE [RO]; OOB eth0:172.16.4.37<0>
paraai-n32-h-01-agent-14:3030233:3031271 [3] NCCL INFO Using network IB
paraai-n32-h-01-agent-14:3030231:3031272 [1] NCCL INFO NET/IB : Using [0]mlx5_0:1/RoCE [1]mlx5_1:1/RoCE [2]mlx5_2:1/RoCE [3]mlx5_3:1/RoCE [RO]; OOB eth0:172.16.4.37<0>
paraai-n32-h-01-agent-14:3030231:3031272 [1] NCCL INFO Using network IB
paraai-n32-h-01-agent-14:3030232:3031273 [2] NCCL INFO NET/IB : Using [0]mlx5_0:1/RoCE [1]mlx5_1:1/RoCE [2]mlx5_2:1/RoCE [3]mlx5_3:1/RoCE [RO]; OOB eth0:172.16.4.37<0>
paraai-n32-h-01-agent-14:3030232:3031273 [2] NCCL INFO Using network IB
paraai-n32-h-01-agent-14:3030232:3031273 [2] NCCL INFO Setting affinity for GPU 2 to ffffffff,00000000,00000000
paraai-n32-h-01-agent-14:3030230:3031267 [0] NCCL INFO Setting affinity for GPU 0 to ffffffff
paraai-n32-h-01-agent-14:3030231:3031272 [1] NCCL INFO Setting affinity for GPU 1 to ffffffff
paraai-n32-h-01-agent-14:3030233:3031271 [3] NCCL INFO Setting affinity for GPU 3 to ffffffff,00000000,00000000
paraai-n32-h-01-agent-14:3030230:3031267 [0] NCCL INFO Channel 00/02 :    0   1   2   3   4   5   6   7   8   9  10  11  12  13  14  15
paraai-n32-h-01-agent-14:3030233:3031271 [3] NCCL INFO Trees [0] -1/-1/-1->3->2 [1] -1/-1/-1->3->2
paraai-n32-h-01-agent-14:3030232:3031273 [2] NCCL INFO Trees [0] 3/-1/-1->2->1 [1] 3/-1/-1->2->1
paraai-n32-h-01-agent-14:3030231:3031272 [1] NCCL INFO Trees [0] 2/-1/-1->1->0 [1] 2/-1/-1->1->0
paraai-n32-h-01-agent-14:3030230:3031267 [0] NCCL INFO Channel 01/02 :    0   1   2   3   4   5   6   7   8   9  10  11  12  13  14  15
paraai-n32-h-01-agent-14:3030230:3031267 [0] NCCL INFO Trees [0] 1/8/-1->0->-1 [1] 1/-1/-1->0->4
paraai-n32-h-01-agent-14:3030230:3031267 [0] NCCL INFO Channel 00/0 : 15[82000] -> 0[1000] [receive] via NET/IB/0
paraai-n32-h-01-agent-14:3030231:3031272 [1] NCCL INFO Channel 00 : 1[2000] -> 2[81000] via SHM/direct/direct
paraai-n32-h-01-agent-14:3030231:3031272 [1] NCCL INFO Channel 01 : 1[2000] -> 2[81000] via SHM/direct/direct
paraai-n32-h-01-agent-14:3030230:3031267 [0] NCCL INFO Channel 01/0 : 15[82000] -> 0[1000] [receive] via NET/IB/0
paraai-n32-h-01-agent-14:3030230:3031267 [0] NCCL INFO Channel 00 : 0[1000] -> 1[2000] via SHM/direct/direct
paraai-n32-h-01-agent-14:3030230:3031267 [0] NCCL INFO Channel 01 : 0[1000] -> 1[2000] via SHM/direct/direct
paraai-n32-h-01-agent-14:3030232:3031273 [2] NCCL INFO Channel 00 : 2[81000] -> 3[82000] via SHM/direct/direct
paraai-n32-h-01-agent-14:3030232:3031273 [2] NCCL INFO Channel 01 : 2[81000] -> 3[82000] via SHM/direct/direct
paraai-n32-h-01-agent-14:3030231:3031272 [1] NCCL INFO Connected all rings
paraai-n32-h-01-agent-14:3030231:3031272 [1] NCCL INFO Channel 00 : 1[2000] -> 0[1000] via SHM/direct/direct
paraai-n32-h-01-agent-14:3030231:3031272 [1] NCCL INFO Channel 01 : 1[2000] -> 0[1000] via SHM/direct/direct
paraai-n32-h-01-agent-14:3030230:3031289 [0] NCCL INFO NCCL_IB_GID_INDEX set by environment to 3.
paraai-n32-h-01-agent-14:3030230:3031289 [0] NCCL INFO NCCL_IB_TIMEOUT set by environment to 23.
paraai-n32-h-01-agent-14:3030230:3031289 [0] NCCL INFO NCCL_IB_RETRY_CNT set by environment to 7.
paraai-n32-h-01-agent-14:3030230:3031267 [0] NCCL INFO Connected all rings
paraai-n32-h-01-agent-14:3030233:3031271 [3] NCCL INFO Channel 00/0 : 3[82000] -> 4[1000] [send] via NET/IB/0
paraai-n32-h-01-agent-14:3030230:3031267 [0] NCCL INFO Channel 01/0 : 0[1000] -> 4[1000] [send] via NET/IB/0
paraai-n32-h-01-agent-14:3030233:3031271 [3] NCCL INFO Channel 01/0 : 3[82000] -> 4[1000] [send] via NET/IB/0
paraai-n32-h-01-agent-14:3030233:3031291 [3] NCCL INFO NCCL_IB_GID_INDEX set by environment to 3.
paraai-n32-h-01-agent-14:3030233:3031271 [3] NCCL INFO Connected all rings
paraai-n32-h-01-agent-14:3030233:3031271 [3] NCCL INFO Channel 00 : 3[82000] -> 2[81000] via SHM/direct/direct
paraai-n32-h-01-agent-14:3030233:3031271 [3] NCCL INFO Channel 01 : 3[82000] -> 2[81000] via SHM/direct/direct
paraai-n32-h-01-agent-14:3030232:3031273 [2] NCCL INFO Connected all rings
paraai-n32-h-01-agent-14:3030232:3031273 [2] NCCL INFO Channel 00 : 2[81000] -> 1[2000] via SHM/direct/direct
paraai-n32-h-01-agent-14:3030232:3031273 [2] NCCL INFO Channel 01 : 2[81000] -> 1[2000] via SHM/direct/direct
paraai-n32-h-01-agent-14:3030233:3031271 [3] NCCL INFO Connected all trees
paraai-n32-h-01-agent-14:3030233:3031271 [3] NCCL INFO threadThresholds 8/8/64 | 128/8/64 | 512 | 512
paraai-n32-h-01-agent-14:3030233:3031271 [3] NCCL INFO 2 coll channels, 2 p2p channels, 2 p2p channels per peer
paraai-n32-h-01-agent-14:3030232:3031273 [2] NCCL INFO Connected all trees
paraai-n32-h-01-agent-14:3030232:3031273 [2] NCCL INFO threadThresholds 8/8/64 | 128/8/64 | 512 | 512
paraai-n32-h-01-agent-14:3030232:3031273 [2] NCCL INFO 2 coll channels, 2 p2p channels, 2 p2p channels per peer
paraai-n32-h-01-agent-14:3030230:3031267 [0] NCCL INFO Channel 00/0 : 8[1000] -> 0[1000] [receive] via NET/IB/0
paraai-n32-h-01-agent-14:3030230:3031267 [0] NCCL INFO Channel 00/0 : 0[1000] -> 8[1000] [send] via NET/IB/0
paraai-n32-h-01-agent-14:3030230:3031267 [0] NCCL INFO Channel 01/0 : 4[1000] -> 0[1000] [receive] via NET/IB/0
paraai-n32-h-01-agent-14:3030230:3031267 [0] NCCL INFO Connected all trees
paraai-n32-h-01-agent-14:3030230:3031267 [0] NCCL INFO threadThresholds 8/8/64 | 128/8/64 | 512 | 512
paraai-n32-h-01-agent-14:3030230:3031267 [0] NCCL INFO 2 coll channels, 2 p2p channels, 2 p2p channels per peer
paraai-n32-h-01-agent-14:3030231:3031272 [1] NCCL INFO Connected all trees
paraai-n32-h-01-agent-14:3030231:3031272 [1] NCCL INFO threadThresholds 8/8/64 | 128/8/64 | 512 | 512
paraai-n32-h-01-agent-14:3030231:3031272 [1] NCCL INFO 2 coll channels, 2 p2p channels, 2 p2p channels per peer
paraai-n32-h-01-agent-14:3030233:3031271 [3] NCCL INFO comm 0x6624cb00 rank 3 nranks 16 cudaDev 3 busId 82000 - Init COMPLETE
paraai-n32-h-01-agent-14:3030232:3031273 [2] NCCL INFO comm 0x2c743280 rank 2 nranks 16 cudaDev 2 busId 81000 - Init COMPLETE
paraai-n32-h-01-agent-14:3030231:3031272 [1] NCCL INFO comm 0x293e1f80 rank 1 nranks 16 cudaDev 1 busId 2000 - Init COMPLETE
paraai-n32-h-01-agent-14:3030230:3031267 [0] NCCL INFO comm 0x6c3bb6c0 rank 0 nranks 16 cudaDev 0 busId 1000 - Init COMPLETE
paraai-n32-h-01-agent-14:3030233:3031293 [3] NCCL INFO NCCL_IB_TIMEOUT set by environment to 23.
paraai-n32-h-01-agent-14:3030233:3031293 [3] NCCL INFO NCCL_IB_RETRY_CNT set by environment to 7.
2023-06-13 20:34:50,837 - root - INFO - Number of trainable model parameters: 374483080
2023-06-13 20:34:50,837 - root - INFO - Starting Training Loop...
Traceback (most recent call last):
  File "/home/bingxing2/home/scx6115/Ocean_AI_model/train_025_bingxing.py", line 489, in <module>
    trainer.train()
  File "/home/bingxing2/home/scx6115/Ocean_AI_model/train_025_bingxing.py", line 140, in train
    tr_time, data_time, train_logs = self.train_one_epoch()
  File "/home/bingxing2/home/scx6115/Ocean_AI_model/train_025_bingxing.py", line 226, in train_one_epoch
    gen = self.model(inp_2d, inp_3d, mask_ratio=0)
  File "/home/bingxing2/home/scx6115/.conda/envs/torch2.0/lib/python3.10/site-packages/torch/nn/modules/module.py", line 1501, in _call_impl
    return forward_call(*args, **kwargs)
  File "/home/bingxing2/home/scx6115/.conda/envs/torch2.0/lib/python3.10/site-packages/torch/nn/parallel/distributed.py", line 1156, in forward
    output = self._run_ddp_forward(*inputs, **kwargs)
  File "/home/bingxing2/home/scx6115/.conda/envs/torch2.0/lib/python3.10/site-packages/torch/nn/parallel/distributed.py", line 1110, in _run_ddp_forward
    return module_to_run(*inputs[0], **kwargs[0])  # type: ignore[index]
  File "/home/bingxing2/home/scx6115/.conda/envs/torch2.0/lib/python3.10/site-packages/torch/nn/modules/module.py", line 1501, in _call_impl
    return forward_call(*args, **kwargs)
  File "/home/bingxing2/home/scx6115/Ocean_AI_model/networks/Masked_AE_fusion.py", line 264, in forward
    x = self.forward_decoder(x, ids_restore)  # [N, L, p*p*3]
  File "/home/bingxing2/home/scx6115/Ocean_AI_model/networks/Masked_AE_fusion.py", line 239, in forward_decoder
    x = blk(x)
  File "/home/bingxing2/home/scx6115/.conda/envs/torch2.0/lib/python3.10/site-packages/torch/nn/modules/module.py", line 1501, in _call_impl
    return forward_call(*args, **kwargs)
  File "/home/bingxing2/home/scx6115/Ocean_AI_model/networks/fourier_block_Masked_AE_Ocean.py", line 128, in forward
    x = self.filter(x)
  File "/home/bingxing2/home/scx6115/.conda/envs/torch2.0/lib/python3.10/site-packages/torch/nn/modules/module.py", line 1501, in _call_impl
    return forward_call(*args, **kwargs)
  File "/home/bingxing2/home/scx6115/Ocean_AI_model/networks/fourier_block_Masked_AE_Ocean.py", line 58, in forward
    x = torch.fft.rfft(x, dim=1, norm="ortho")
torch.cuda.OutOfMemoryError: CUDA out of memory. Tried to allocate 190.00 MiB (GPU 0; 39.41 GiB total capacity; 37.41 GiB already allocated; 66.50 MiB free; 37.64 GiB reserved in total by PyTorch) If reserved memory is >> allocated memory try setting max_split_size_mb to avoid fragmentation.  See documentation for Memory Management and PYTORCH_CUDA_ALLOC_CONF
wandb: Waiting for W&B process to finish... (failed 1).
Traceback (most recent call last):
  File "/home/bingxing2/home/scx6115/Ocean_AI_model/train_025_bingxing.py", line 489, in <module>
    trainer.train()
  File "/home/bingxing2/home/scx6115/Ocean_AI_model/train_025_bingxing.py", line 140, in train
    tr_time, data_time, train_logs = self.train_one_epoch() 
  File "/home/bingxing2/home/scx6115/Ocean_AI_model/train_025_bingxing.py", line 226, in train_one_epoch
    gen = self.model(inp_2d, inp_3d, mask_ratio=0)
  File "/home/bingxing2/home/scx6115/.conda/envs/torch2.0/lib/python3.10/site-packages/torch/nn/modules/module.py", line 1501, in _call_impl
    return forward_call(*args, **kwargs)
  File "/home/bingxing2/home/scx6115/.conda/envs/torch2.0/lib/python3.10/site-packages/torch/nn/parallel/distributed.py", line 1156, in forward
    output = self._run_ddp_forward(*inputs, **kwargs)
  File "/home/bingxing2/home/scx6115/.conda/envs/torch2.0/lib/python3.10/site-packages/torch/nn/parallel/distributed.py", line 1110, in _run_ddp_forward
    return module_to_run(*inputs[0], **kwargs[0])  # type: ignore[index]
  File "/home/bingxing2/home/scx6115/.conda/envs/torch2.0/lib/python3.10/site-packages/torch/nn/modules/module.py", line 1501, in _call_impl
    return forward_call(*args, **kwargs)
  File "/home/bingxing2/home/scx6115/Ocean_AI_model/networks/Masked_AE_fusion.py", line 264, in forward
    x = self.forward_decoder(x, ids_restore)  # [N, L, p*p*3]
  File "/home/bingxing2/home/scx6115/Ocean_AI_model/networks/Masked_AE_fusion.py", line 239, in forward_decoder
    x = blk(x)
  File "/home/bingxing2/home/scx6115/.conda/envs/torch2.0/lib/python3.10/site-packages/torch/nn/modules/module.py", line 1501, in _call_impl
    return forward_call(*args, **kwargs)
  File "/home/bingxing2/home/scx6115/Ocean_AI_model/networks/fourier_block_Masked_AE_Ocean.py", line 128, in forward
    x = self.filter(x)
  File "/home/bingxing2/home/scx6115/.conda/envs/torch2.0/lib/python3.10/site-packages/torch/nn/modules/module.py", line 1501, in _call_impl
    return forward_call(*args, **kwargs)
  File "/home/bingxing2/home/scx6115/Ocean_AI_model/networks/fourier_block_Masked_AE_Ocean.py", line 58, in forward
    x = torch.fft.rfft(x, dim=1, norm="ortho")
torch.cuda.OutOfMemoryError: CUDA out of memory. Tried to allocate 190.00 MiB (GPU 3; 39.41 GiB total capacity; 37.41 GiB already allocated; 66.50 MiB free; 37.64 GiB reserved in total by PyTorch) If reserved memory is >> allocated memory try setting max_split_size_mb to avoid fragmentation.  See documentation for Memory Management and PYTORCH_CUDA_ALLOC_CONF
Traceback (most recent call last):
  File "/home/bingxing2/home/scx6115/Ocean_AI_model/train_025_bingxing.py", line 489, in <module>
    trainer.train()
  File "/home/bingxing2/home/scx6115/Ocean_AI_model/train_025_bingxing.py", line 140, in train
    tr_time, data_time, train_logs = self.train_one_epoch() 
  File "/home/bingxing2/home/scx6115/Ocean_AI_model/train_025_bingxing.py", line 226, in train_one_epoch
    gen = self.model(inp_2d, inp_3d, mask_ratio=0)
  File "/home/bingxing2/home/scx6115/.conda/envs/torch2.0/lib/python3.10/site-packages/torch/nn/modules/module.py", line 1501, in _call_impl
    return forward_call(*args, **kwargs)
  File "/home/bingxing2/home/scx6115/.conda/envs/torch2.0/lib/python3.10/site-packages/torch/nn/parallel/distributed.py", line 1156, in forward
    output = self._run_ddp_forward(*inputs, **kwargs)
  File "/home/bingxing2/home/scx6115/.conda/envs/torch2.0/lib/python3.10/site-packages/torch/nn/parallel/distributed.py", line 1110, in _run_ddp_forward
    return module_to_run(*inputs[0], **kwargs[0])  # type: ignore[index]
  File "/home/bingxing2/home/scx6115/.conda/envs/torch2.0/lib/python3.10/site-packages/torch/nn/modules/module.py", line 1501, in _call_impl
    return forward_call(*args, **kwargs)
  File "/home/bingxing2/home/scx6115/Ocean_AI_model/networks/Masked_AE_fusion.py", line 264, in forward
    x = self.forward_decoder(x, ids_restore)  # [N, L, p*p*3]
  File "/home/bingxing2/home/scx6115/Ocean_AI_model/networks/Masked_AE_fusion.py", line 239, in forward_decoder
    x = blk(x)
  File "/home/bingxing2/home/scx6115/.conda/envs/torch2.0/lib/python3.10/site-packages/torch/nn/modules/module.py", line 1501, in _call_impl
paraai-n32-h-01-agent-14:3030233:3031291 [3] NCCL INFO [Service thread] Connection closed by localRank 3
    return forward_call(*args, **kwargs)
  File "/home/bingxing2/home/scx6115/Ocean_AI_model/networks/fourier_block_Masked_AE_Ocean.py", line 128, in forward
    x = self.filter(x)
  File "/home/bingxing2/home/scx6115/.conda/envs/torch2.0/lib/python3.10/site-packages/torch/nn/modules/module.py", line 1501, in _call_impl
    return forward_call(*args, **kwargs)
  File "/home/bingxing2/home/scx6115/Ocean_AI_model/networks/fourier_block_Masked_AE_Ocean.py", line 58, in forward
    x = torch.fft.rfft(x, dim=1, norm="ortho")
torch.cuda.OutOfMemoryError: CUDA out of memory. Tried to allocate 190.00 MiB (GPU 1; 39.41 GiB total capacity; 37.41 GiB already allocated; 66.50 MiB free; 37.64 GiB reserved in total by PyTorch) If reserved memory is >> allocated memory try setting max_split_size_mb to avoid fragmentation.  See documentation for Memory Management and PYTORCH_CUDA_ALLOC_CONF
paraai-n32-h-01-agent-14:3030233:3030233 [3] NCCL INFO comm 0x6624cb00 rank 3 nranks 16 cudaDev 3 busId 82000 - Abort COMPLETE
wandb: You can sync this run to the cloud by running:
wandb: wandb sync /home/bingxing2/home/scx6115/Ocean_AI_model/wandb/offline-run-20230613_203432-e27hnagr
wandb: Find logs at: ./wandb/offline-run-20230613_203432-e27hnagr/logs
paraai-n32-h-01-agent-14:3030231:3031290 [1] NCCL INFO [Service thread] Connection closed by localRank 1
paraai-n32-h-01-agent-14:3030231:3030231 [1] NCCL INFO comm 0x293e1f80 rank 1 nranks 16 cudaDev 1 busId 2000 - Abort COMPLETE
Traceback (most recent call last):
  File "/home/bingxing2/home/scx6115/Ocean_AI_model/train_025_bingxing.py", line 489, in <module>
    trainer.train()
  File "/home/bingxing2/home/scx6115/Ocean_AI_model/train_025_bingxing.py", line 140, in train
    tr_time, data_time, train_logs = self.train_one_epoch() 
  File "/home/bingxing2/home/scx6115/Ocean_AI_model/train_025_bingxing.py", line 226, in train_one_epoch
    gen = self.model(inp_2d, inp_3d, mask_ratio=0)
  File "/home/bingxing2/home/scx6115/.conda/envs/torch2.0/lib/python3.10/site-packages/torch/nn/modules/module.py", line 1501, in _call_impl
    return forward_call(*args, **kwargs)
  File "/home/bingxing2/home/scx6115/.conda/envs/torch2.0/lib/python3.10/site-packages/torch/nn/parallel/distributed.py", line 1156, in forward
    output = self._run_ddp_forward(*inputs, **kwargs)
  File "/home/bingxing2/home/scx6115/.conda/envs/torch2.0/lib/python3.10/site-packages/torch/nn/parallel/distributed.py", line 1110, in _run_ddp_forward
    return module_to_run(*inputs[0], **kwargs[0])  # type: ignore[index]
  File "/home/bingxing2/home/scx6115/.conda/envs/torch2.0/lib/python3.10/site-packages/torch/nn/modules/module.py", line 1501, in _call_impl
    return forward_call(*args, **kwargs)
  File "/home/bingxing2/home/scx6115/Ocean_AI_model/networks/Masked_AE_fusion.py", line 264, in forward
    x = self.forward_decoder(x, ids_restore)  # [N, L, p*p*3]
  File "/home/bingxing2/home/scx6115/Ocean_AI_model/networks/Masked_AE_fusion.py", line 239, in forward_decoder
    x = blk(x)
  File "/home/bingxing2/home/scx6115/.conda/envs/torch2.0/lib/python3.10/site-packages/torch/nn/modules/module.py", line 1501, in _call_impl
    return forward_call(*args, **kwargs)
  File "/home/bingxing2/home/scx6115/Ocean_AI_model/networks/fourier_block_Masked_AE_Ocean.py", line 128, in forward
    x = self.filter(x)
  File "/home/bingxing2/home/scx6115/.conda/envs/torch2.0/lib/python3.10/site-packages/torch/nn/modules/module.py", line 1501, in _call_impl
    return forward_call(*args, **kwargs)
  File "/home/bingxing2/home/scx6115/Ocean_AI_model/networks/fourier_block_Masked_AE_Ocean.py", line 58, in forward
    x = torch.fft.rfft(x, dim=1, norm="ortho")
torch.cuda.OutOfMemoryError: CUDA out of memory. Tried to allocate 190.00 MiB (GPU 2; 39.41 GiB total capacity; 37.41 GiB already allocated; 66.50 MiB free; 37.64 GiB reserved in total by PyTorch) If reserved memory is >> allocated memory try setting max_split_size_mb to avoid fragmentation.  See documentation for Memory Management and PYTORCH_CUDA_ALLOC_CONF
paraai-n32-h-01-agent-14:3030232:3031288 [2] NCCL INFO [Service thread] Connection closed by localRank 2
paraai-n32-h-01-agent-14:3030232:3030232 [2] NCCL INFO comm 0x2c743280 rank 2 nranks 16 cudaDev 2 busId 81000 - Abort COMPLETE
WARNING:torch.distributed.elastic.multiprocessing.api:Sending process 3030230 closing signal SIGTERM
ERROR:torch.distributed.elastic.multiprocessing.api:failed (exitcode: 1) local_rank: 1 (pid: 3030231) of binary: /home/bingxing2/home/scx6115/.conda/envs/torch2.0/bin/python
Traceback (most recent call last):
  File "/home/bingxing2/home/scx6115/.conda/envs/torch2.0/bin/torchrun", line 8, in <module>
    sys.exit(main())
  File "/home/bingxing2/home/scx6115/.conda/envs/torch2.0/lib/python3.10/site-packages/torch/distributed/elastic/multiprocessing/errors/__init__.py", line 346, in wrapper
    return f(*args, **kwargs)
  File "/home/bingxing2/home/scx6115/.conda/envs/torch2.0/lib/python3.10/site-packages/torch/distributed/run.py", line 794, in main
    run(args)
  File "/home/bingxing2/home/scx6115/.conda/envs/torch2.0/lib/python3.10/site-packages/torch/distributed/run.py", line 785, in run
    elastic_launch(
  File "/home/bingxing2/home/scx6115/.conda/envs/torch2.0/lib/python3.10/site-packages/torch/distributed/launcher/api.py", line 134, in __call__
    return launch_agent(self._config, self._entrypoint, list(args))
  File "/home/bingxing2/home/scx6115/.conda/envs/torch2.0/lib/python3.10/site-packages/torch/distributed/launcher/api.py", line 250, in launch_agent
    raise ChildFailedError(
torch.distributed.elastic.multiprocessing.errors.ChildFailedError: 
============================================================
train_025_bingxing.py FAILED
------------------------------------------------------------
Failures:
[1]:
  time      : 2023-06-13_20:35:00
  host      : paraai-n32-h-01-agent-14.paraai-n32-h-01.com
  rank      : 2 (local_rank: 2)
  exitcode  : 1 (pid: 3030232)
  error_file: <N/A>
  traceback : To enable traceback see: https://pytorch.org/docs/stable/elastic/errors.html
[2]:
  time      : 2023-06-13_20:35:00
  host      : paraai-n32-h-01-agent-14.paraai-n32-h-01.com
  rank      : 3 (local_rank: 3)
  exitcode  : 1 (pid: 3030233)
  error_file: <N/A>
  traceback : To enable traceback see: https://pytorch.org/docs/stable/elastic/errors.html
------------------------------------------------------------
Root Cause (first observed failure):
[0]:
  time      : 2023-06-13_20:35:00
  host      : paraai-n32-h-01-agent-14.paraai-n32-h-01.com
  rank      : 1 (local_rank: 1)
  exitcode  : 1 (pid: 3030231)
  error_file: <N/A>
  traceback : To enable traceback see: https://pytorch.org/docs/stable/elastic/errors.html
============================================================
