master_addr is only used for static rdzv_backend and when rdzv_endpoint is not specified.
WARNING:torch.distributed.run:
*****************************************
Setting OMP_NUM_THREADS environment variable for each process to be 1 in default, to avoid your system being overloaded, please further tune the variable for optimal performance in your application as needed. 
*****************************************
paraai-n32-h-01-agent-55
paraai-n32-h-01-agent-55
0
------------------ Configuration ------------------  /home/bingxing2/home/scx6115/Ocean_AI_model/config/AFNO.yaml
0
------------------ Configuration ------------------  /home/bingxing2/home/scx6115/Ocean_AI_model/config/AFNO.yaml
paraai-n32-h-01-agent-55
0
------------------ Configuration ------------------  /home/bingxing2/home/scx6115/Ocean_AI_model/config/AFNO.yaml
paraai-n32-h-01-agent-55
0
------------------ Configuration ------------------  /home/bingxing2/home/scx6115/Ocean_AI_model/config/AFNO.yaml
log_to_wandb True
lr 0.0005
batch_size 32
max_epochs 500
scheduler CosineAnnealingLR
in_channels [0, 1, 2, 3, 4, 5, 6, 7, 8, 9, 10, 11, 12, 13, 14, 15, 16, 17, 18, 19, 20, 21, 22, 23, 24, 25, 26, 27, 28, 29]
out_channels [0, 1, 2, 3, 4, 5, 6, 7, 8, 9, 10, 11, 12, 13, 14, 15, 16, 17, 18, 19, 20, 21, 22, 23, 24]
N_in_channels 31
N_out_channels 25
img_size_h 720
img_size_w 1440
patch_size_h 5
log_to_wandbpatch_size_w  5True

lr 0.0005loss
 l2
batch_sizenum_data_workers  320

max_epochsdt  5001

schedulern_history  CosineAnnealingLR
0
in_channels prediction_type iterative
[0, 1, 2, 3, 4, 5, 6, 7, 8, 9, 10, 11, 12, 13, 14, 15, 16, 17, 18, 19, 20, 21, 22, 23, 24, 25, 26, 27, 28, 29]
prediction_length 30out_channels
 n_initial_conditions [0, 1, 2, 3, 4, 5, 6, 7, 8, 9, 10, 11, 12, 13, 14, 15, 16, 17, 18, 19, 20, 21, 22, 23, 24]5

N_in_channelsics_type  31default

N_out_channelssave_raw_forecasts  25True

img_size_hsave_channel  720False

img_size_w masked_acc1440 
Falsepatch_size_h
 5maskpath
 None
patch_size_w perturb5 
False
loss l2add_grid
 Falsenum_data_workers
 0N_grid_channels
 0dt
 1gridtype
 n_historysinusoidal 
0
rollprediction_type  Falseiterative

num_blocksprediction_length  830

nettypen_initial_conditions  afno5

patch_sizeics_type  8default

widthsave_raw_forecasts  log_to_wandb56True

 save_channelTrue modes
False 
32
masked_acclr targetFalse  
default0.0005
maskpath
 enable_nhwcNone 
Falsebatch_size
perturb  32optimizer_typeFalse
 
FusedAdamadd_gridmax_epochs
  Falsenormalize500
 
N_grid_channelsTrue 
schedulernormalization0  
zscoreCosineAnnealingLRgridtype
 
sinusoidalglobal_mins_path
in_channels  roll./sample_00/train/global_mins.npy 
False[0, 1, 2, 3, 4, 5, 6, 7, 8, 9, 10, 11, 12, 13, 14, 15, 16, 17, 18, 19, 20, 21, 22, 23, 24, 25, 26, 27, 28, 29]
global_maxs_path
num_blocks  ./sample_00/train/global_maxs.npy8

out_channelsglobal_means_pathnettype   afno./sample_00/train/global_means.npy
[0, 1, 2, 3, 4, 5, 6, 7, 8, 9, 10, 11, 12, 13, 14, 15, 16, 17, 18, 19, 20, 21, 22, 23, 24]
patch_size
 global_stds_path8 
N_in_channels./sample_00/train/global_stds.npy width
 3156

train_data_pathmodes  N_out_channels32./sample_00/train
 
target25 
defaultvalid_data_path
img_size_h enable_nhwc ./sample_00/valid 720False


test_data_pathoptimizer_type img_size_w ./sample_00/testFusedAdam 

1440normalize
land_mask  patch_size_hTrueTruelog_to_wandb

 normalization  5land_mask_path
zscoreTruepatch_size_w 

 ./sample_00/land_mask.h5global_mins_path5
 
lr./sample_00/train/global_mins.npyorographyloss
   global_maxs_pathTrue l2
0.0005./sample_00/train/global_maxs.npy

orography_norm_zscore_path
global_means_path num_data_workers./sample_00/orography_norm_zscore.h5 batch_size 
./sample_00/train/global_means.npy orography_norm_maxmin_path032
 
global_stds_path./sample_00/orography_norm_maxmin.h5
 dt
max_epochs./sample_00/train/global_stds.npy 
 exp_dir1train_data_path 500
 
./sample_00/train./expn_history
schedulervalid_data_path
   add_noiseCosineAnnealingLR./sample_00/valid0

 
test_data_pathin_channelsFalse prediction_type./sample_00/test
 
 noise_stditerative[0, 1, 2, 3, 4, 5, 6, 7, 8, 9, 10, 11, 12, 13, 14, 15, 16, 17, 18, 19, 20, 21, 22, 23, 24, 25, 26, 27, 28, 29]land_mask 

 0prediction_lengthTrue

out_channels crop_size_x land_mask_path  30None./sample_00/land_mask.h5[0, 1, 2, 3, 4, 5, 6, 7, 8, 9, 10, 11, 12, 13, 14, 15, 16, 17, 18, 19, 20, 21, 22, 23, 24]



crop_size_yorographyn_initial_conditions  N_in_channels TrueNone 

531orography_norm_zscore_path
log_to_screen
 ics_typeN_out_channels ./sample_00/orography_norm_zscore.h5 True 

default25orography_norm_maxmin_path
save_checkpoint
 save_raw_forecasts./sample_00/orography_norm_maxmin.h5  
Trueimg_size_h Trueexp_dir720 


./expplot_animations
 save_channelFalseimg_size_wadd_noise   
1440FalseFalse


patch_size_hmasked_accnoise_std   False05


maskpathcrop_size_x patch_size_w NoneNone 

5perturbcrop_size_y
  NoneFalse
loss
 log_to_screenl2 ---------------------------------------------------add_gridTrue


num_data_workers save_checkpoint False 0True


N_grid_channelsdt plot_animations  world_size :0False1

 
gridtype16n_history 
 sinusoidalInitialize distributed process group...0


roll Falseprediction_type
 num_blocksiterative 
8prediction_length
 nettype30 
afno
n_initial_conditionspatch_size  58---------------------------------------------------


ics_typewidth  default56

save_raw_forecastsmodes  world_size :True 
1632
save_channel
Initialize distributed process group... 
targetFalse 
default
masked_accenable_nhwc  FalseFalse

maskpath optimizer_typeNone 
FusedAdam
perturbnormalize  FalseTrue

add_gridnormalization  Falsezscore

N_grid_channels global_mins_path0 
./sample_00/train/global_mins.npy
gridtype global_maxs_pathsinusoidal 
./sample_00/train/global_maxs.npy
rollglobal_means_path  False./sample_00/train/global_means.npy

global_stds_path num_blocks./sample_00/train/global_stds.npy 
8train_data_path
 nettype./sample_00/train 
afnovalid_data_path
 ./sample_00/validpatch_size
 test_data_path8 
./sample_00/testwidth
 land_mask56 
Truemodes
 land_mask_path32 
./sample_00/land_mask.h5target
 defaultorography
 True
enable_nhwcorography_norm_zscore_path  False./sample_00/orography_norm_zscore.h5

optimizer_type orography_norm_maxmin_pathFusedAdam 
./sample_00/orography_norm_maxmin.h5
normalizeexp_dir  True./exp

normalizationadd_noise  Falsezscore

noise_std 0global_mins_path
 crop_size_x./sample_00/train/global_mins.npy 
Noneglobal_maxs_path
 ./sample_00/train/global_maxs.npy
crop_size_yglobal_means_path  None./sample_00/train/global_means.npy

log_to_screenglobal_stds_path  True./sample_00/train/global_stds.npy

save_checkpointtrain_data_path  True./sample_00/train

plot_animationsvalid_data_path  False./sample_00/valid

test_data_path ./sample_00/test
land_mask True
land_mask_path ./sample_00/land_mask.h5
orography True
orography_norm_zscore_path ./sample_00/orography_norm_zscore.h5
orography_norm_maxmin_path ./sample_00/orography_norm_maxmin.h5
exp_dir ./exp
add_noise False
noise_std 0
crop_size_x--------------------------------------------------- None

crop_size_y None
log_to_screen True
save_checkpoint True
plot_animations Falseworld_size :
 16
Initialize distributed process group...
---------------------------------------------------
world_size : 16
Initialize distributed process group...
2023-06-09 10:51:22,037 - torch.distributed.distributed_c10d - INFO - Added key: store_based_barrier_key:1 to store for rank: 10
2023-06-09 10:51:22,037 - torch.distributed.distributed_c10d - INFO - Added key: store_based_barrier_key:1 to store for rank: 9
2023-06-09 10:51:22,037 - torch.distributed.distributed_c10d - INFO - Added key: store_based_barrier_key:1 to store for rank: 8
2023-06-09 10:51:22,038 - torch.distributed.distributed_c10d - INFO - Added key: store_based_barrier_key:1 to store for rank: 11
2023-06-09 10:51:22,048 - torch.distributed.distributed_c10d - INFO - Rank 9: Completed store-based barrier for key:store_based_barrier_key:1 with 16 nodes.
2023-06-09 10:51:22,048 - torch.distributed.distributed_c10d - INFO - Rank 10: Completed store-based barrier for key:store_based_barrier_key:1 with 16 nodes.
2023-06-09 10:51:22,048 - torch.distributed.distributed_c10d - INFO - Rank 11: Completed store-based barrier for key:store_based_barrier_key:1 with 16 nodes.
2023-06-09 10:51:22,048 - torch.distributed.distributed_c10d - INFO - Rank 8: Completed store-based barrier for key:store_based_barrier_key:1 with 16 nodes.
2023-06-09 10:51:22,195 - root - INFO - device: cuda:3
2023-06-09 10:51:22,195 - root - INFO - rank 11, begin data loader init
2023-06-09 10:51:22,205 - root - INFO - Getting file stats from ./sample_00/train/2000.h5
2023-06-09 10:51:22,206 - root - INFO - Number of samples per year: 365
2023-06-09 10:51:22,206 - root - INFO - Found data at path ./sample_00/train. Number of examples: 4015. Image Shape: 720 x 1440 x 30
2023-06-09 10:51:22,206 - root - INFO - Delta t: 1 days
2023-06-09 10:51:22,206 - root - INFO - Including 0 days of past history in training at a frequency of 1 days
2023-06-09 10:51:22,206 - root - INFO - device: cuda:0
2023-06-09 10:51:22,207 - root - INFO - rank 8, begin data loader init
2023-06-09 10:51:22,208 - root - INFO - device: cuda:1
2023-06-09 10:51:22,208 - root - INFO - rank 9, begin data loader init
2023-06-09 10:51:22,208 - root - INFO - Getting file stats from ./sample_00/train/2000.h5
2023-06-09 10:51:22,209 - root - INFO - device: cuda:2
2023-06-09 10:51:22,209 - root - INFO - rank 10, begin data loader init
2023-06-09 10:51:22,210 - root - INFO - Number of samples per year: 365
2023-06-09 10:51:22,210 - root - INFO - Found data at path ./sample_00/train. Number of examples: 4015. Image Shape: 720 x 1440 x 30
2023-06-09 10:51:22,210 - root - INFO - Delta t: 1 days
2023-06-09 10:51:22,210 - root - INFO - Including 0 days of past history in training at a frequency of 1 days
2023-06-09 10:51:22,210 - root - INFO - Getting file stats from ./sample_00/train/2000.h5
2023-06-09 10:51:22,211 - root - INFO - Getting file stats from ./sample_00/train/2000.h5
2023-06-09 10:51:22,211 - root - INFO - Number of samples per year: 365
2023-06-09 10:51:22,212 - root - INFO - Found data at path ./sample_00/train. Number of examples: 4015. Image Shape: 720 x 1440 x 30
2023-06-09 10:51:22,212 - root - INFO - Delta t: 1 days
2023-06-09 10:51:22,212 - root - INFO - Including 0 days of past history in training at a frequency of 1 days
2023-06-09 10:51:22,212 - root - INFO - Number of samples per year: 365
2023-06-09 10:51:22,212 - root - INFO - Found data at path ./sample_00/train. Number of examples: 4015. Image Shape: 720 x 1440 x 30
2023-06-09 10:51:22,212 - root - INFO - Delta t: 1 days
2023-06-09 10:51:22,213 - root - INFO - Including 0 days of past history in training at a frequency of 1 days
2023-06-09 10:51:22,213 - root - INFO - Getting file stats from ./sample_00/valid/2011.h5
2023-06-09 10:51:22,213 - root - INFO - Getting file stats from ./sample_00/valid/2011.h5
2023-06-09 10:51:22,213 - root - INFO - Getting file stats from ./sample_00/valid/2011.h5
2023-06-09 10:51:22,214 - root - INFO - Number of samples per year: 364
2023-06-09 10:51:22,214 - root - INFO - Number of samples per year: 364
2023-06-09 10:51:22,214 - root - INFO - Found data at path ./sample_00/valid. Number of examples: 364. Image Shape: 720 x 1440 x 30
2023-06-09 10:51:22,214 - root - INFO - Found data at path ./sample_00/valid. Number of examples: 364. Image Shape: 720 x 1440 x 30
2023-06-09 10:51:22,214 - root - INFO - Delta t: 1 days
2023-06-09 10:51:22,214 - root - INFO - Delta t: 1 days
2023-06-09 10:51:22,214 - root - INFO - Including 0 days of past history in training at a frequency of 1 days
2023-06-09 10:51:22,214 - root - INFO - Including 0 days of past history in training at a frequency of 1 days
2023-06-09 10:51:22,214 - root - INFO - Getting file stats from ./sample_00/valid/2011.h5
2023-06-09 10:51:22,214 - root - INFO - rank 11, data loader initialized
2023-06-09 10:51:22,214 - root - INFO - rank 8, data loader initialized
2023-06-09 10:51:22,214 - root - INFO - Number of samples per year: 364
2023-06-09 10:51:22,214 - root - INFO - Found data at path ./sample_00/valid. Number of examples: 364. Image Shape: 720 x 1440 x 30
2023-06-09 10:51:22,214 - root - INFO - Delta t: 1 days
2023-06-09 10:51:22,214 - root - INFO - Including 0 days of past history in training at a frequency of 1 days
2023-06-09 10:51:22,215 - root - INFO - rank 9, data loader initialized
2023-06-09 10:51:22,215 - root - INFO - Number of samples per year: 364
2023-06-09 10:51:22,215 - root - INFO - Found data at path ./sample_00/valid. Number of examples: 364. Image Shape: 720 x 1440 x 30
2023-06-09 10:51:22,215 - root - INFO - Delta t: 1 days
2023-06-09 10:51:22,215 - root - INFO - Including 0 days of past history in training at a frequency of 1 days
2023-06-09 10:51:22,215 - root - INFO - rank 10, data loader initialized
Traceback (most recent call last):
  File "/home/bingxing2/home/scx6115/Ocean_AI_model/train_025_bingxing.py", line 479, in <module>
    trainer = Trainer(params, world_rank)
  File "/home/bingxing2/home/scx6115/Ocean_AI_model/train_025_bingxing.py", line 100, in __init__
Traceback (most recent call last):
Traceback (most recent call last):
  File "/home/bingxing2/home/scx6115/Ocean_AI_model/train_025_bingxing.py", line 479, in <module>
  File "/home/bingxing2/home/scx6115/Ocean_AI_model/train_025_bingxing.py", line 479, in <module>
    self.model = DistributedDataParallel(self.model,
  File "/home/bingxing2/home/scx6115/.conda/envs/torch2.0/lib/python3.10/site-packages/torch/nn/parallel/distributed.py", line 674, in __init__
Traceback (most recent call last):
  File "/home/bingxing2/home/scx6115/Ocean_AI_model/train_025_bingxing.py", line 479, in <module>
    trainer = Trainer(params, world_rank)    
trainer = Trainer(params, world_rank)  File "/home/bingxing2/home/scx6115/Ocean_AI_model/train_025_bingxing.py", line 100, in __init__

  File "/home/bingxing2/home/scx6115/Ocean_AI_model/train_025_bingxing.py", line 100, in __init__
    self.model = DistributedDataParallel(self.model,
  File "/home/bingxing2/home/scx6115/.conda/envs/torch2.0/lib/python3.10/site-packages/torch/nn/parallel/distributed.py", line 674, in __init__
    self.model = DistributedDataParallel(self.model,
  File "/home/bingxing2/home/scx6115/.conda/envs/torch2.0/lib/python3.10/site-packages/torch/nn/parallel/distributed.py", line 674, in __init__
    trainer = Trainer(params, world_rank)
  File "/home/bingxing2/home/scx6115/Ocean_AI_model/train_025_bingxing.py", line 100, in __init__
    self.model = DistributedDataParallel(self.model,
  File "/home/bingxing2/home/scx6115/.conda/envs/torch2.0/lib/python3.10/site-packages/torch/nn/parallel/distributed.py", line 674, in __init__
    _verify_param_shape_across_processes(self.process_group, parameters)
      File "/home/bingxing2/home/scx6115/.conda/envs/torch2.0/lib/python3.10/site-packages/torch/distributed/utils.py", line 118, in _verify_param_shape_across_processes
_verify_param_shape_across_processes(self.process_group, parameters)
  File "/home/bingxing2/home/scx6115/.conda/envs/torch2.0/lib/python3.10/site-packages/torch/distributed/utils.py", line 118, in _verify_param_shape_across_processes
        _verify_param_shape_across_processes(self.process_group, parameters)_verify_param_shape_across_processes(self.process_group, parameters)

  File "/home/bingxing2/home/scx6115/.conda/envs/torch2.0/lib/python3.10/site-packages/torch/distributed/utils.py", line 118, in _verify_param_shape_across_processes
  File "/home/bingxing2/home/scx6115/.conda/envs/torch2.0/lib/python3.10/site-packages/torch/distributed/utils.py", line 118, in _verify_param_shape_across_processes
                return dist._verify_params_across_processes(process_group, tensors, logger)return dist._verify_params_across_processes(process_group, tensors, logger)return dist._verify_params_across_processes(process_group, tensors, logger)
return dist._verify_params_across_processes(process_group, tensors, logger)


RuntimeError: RuntimeError[11] is setting up NCCL communicator and retrieving ncclUniqueId from [0] via c10d key-value store by key '0', but store->get('0') got error: Connection reset by peer. This may indicate a possible application crash on rank 0 or a network set up issue.: RuntimeError
[8] is setting up NCCL communicator and retrieving ncclUniqueId from [0] via c10d key-value store by key '0', but store->get('0') got error: Connection reset by peer. This may indicate a possible application crash on rank 0 or a network set up issue.: 
[10] is setting up NCCL communicator and retrieving ncclUniqueId from [0] via c10d key-value store by key '0', but store->get('0') got error: Connection reset by peer. This may indicate a possible application crash on rank 0 or a network set up issue.
RuntimeError: [9] is setting up NCCL communicator and retrieving ncclUniqueId from [0] via c10d key-value store by key '0', but store->get('0') got error: Connection reset by peer. This may indicate a possible application crash on rank 0 or a network set up issue.
ERROR:torch.distributed.elastic.multiprocessing.api:failed (exitcode: 1) local_rank: 0 (pid: 2166788) of binary: /home/bingxing2/home/scx6115/.conda/envs/torch2.0/bin/python
Traceback (most recent call last):
  File "/home/bingxing2/home/scx6115/.conda/envs/torch2.0/bin/torchrun", line 8, in <module>
    sys.exit(main())
  File "/home/bingxing2/home/scx6115/.conda/envs/torch2.0/lib/python3.10/site-packages/torch/distributed/elastic/multiprocessing/errors/__init__.py", line 346, in wrapper
    return f(*args, **kwargs)
  File "/home/bingxing2/home/scx6115/.conda/envs/torch2.0/lib/python3.10/site-packages/torch/distributed/run.py", line 794, in main
    run(args)
  File "/home/bingxing2/home/scx6115/.conda/envs/torch2.0/lib/python3.10/site-packages/torch/distributed/run.py", line 785, in run
    elastic_launch(
  File "/home/bingxing2/home/scx6115/.conda/envs/torch2.0/lib/python3.10/site-packages/torch/distributed/launcher/api.py", line 134, in __call__
    return launch_agent(self._config, self._entrypoint, list(args))
  File "/home/bingxing2/home/scx6115/.conda/envs/torch2.0/lib/python3.10/site-packages/torch/distributed/launcher/api.py", line 250, in launch_agent
    raise ChildFailedError(
torch.distributed.elastic.multiprocessing.errors.ChildFailedError: 
============================================================
train_025_bingxing.py FAILED
------------------------------------------------------------
Failures:
[1]:
  time      : 2023-06-09_10:51:51
  host      : paraai-n32-h-01-agent-55.paraai-n32-h-01.com
  rank      : 9 (local_rank: 1)
  exitcode  : 1 (pid: 2166789)
  error_file: <N/A>
  traceback : To enable traceback see: https://pytorch.org/docs/stable/elastic/errors.html
[2]:
  time      : 2023-06-09_10:51:51
  host      : paraai-n32-h-01-agent-55.paraai-n32-h-01.com
  rank      : 10 (local_rank: 2)
  exitcode  : 1 (pid: 2166790)
  error_file: <N/A>
  traceback : To enable traceback see: https://pytorch.org/docs/stable/elastic/errors.html
[3]:
  time      : 2023-06-09_10:51:51
  host      : paraai-n32-h-01-agent-55.paraai-n32-h-01.com
  rank      : 11 (local_rank: 3)
  exitcode  : 1 (pid: 2166791)
  error_file: <N/A>
  traceback : To enable traceback see: https://pytorch.org/docs/stable/elastic/errors.html
------------------------------------------------------------
Root Cause (first observed failure):
[0]:
  time      : 2023-06-09_10:51:51
  host      : paraai-n32-h-01-agent-55.paraai-n32-h-01.com
  rank      : 8 (local_rank: 0)
  exitcode  : 1 (pid: 2166788)
  error_file: <N/A>
  traceback : To enable traceback see: https://pytorch.org/docs/stable/elastic/errors.html
============================================================
srun: error: paraai-n32-h-01-agent-55: task 0: Exited with exit code 1
