master_addr is only used for static rdzv_backend and when rdzv_endpoint is not specified.
WARNING:torch.distributed.run:
*****************************************
Setting OMP_NUM_THREADS environment variable for each process to be 1 in default, to avoid your system being overloaded, please further tune the variable for optimal performance in your application as needed. 
*****************************************
paraai-n32-h-01-agent-8
paraai-n32-h-01-agent-8
paraai-n32-h-01-agent-8
paraai-n32-h-01-agent-8
0000



------------------ Configuration ------------------ ------------------ Configuration ------------------ ------------------ Configuration ------------------ ------------------ Configuration ------------------  /home/bingxing2/home/scx6115/Ocean_AI_model/config/AFNO.yaml  /home/bingxing2/home/scx6115/Ocean_AI_model/config/AFNO.yaml 
/home/bingxing2/home/scx6115/Ocean_AI_model/config/AFNO.yaml
/home/bingxing2/home/scx6115/Ocean_AI_model/config/AFNO.yaml

log_to_wandb Truelog_to_wandblog_to_wandb
log_to_wandb True lr  
True0.0005
Truelr 
batch_size 
0.0005
lr32
lrbatch_size  max_epochs  32
0.0005500
0.0005max_epochs 
scheduler 
500
batch_sizeCosineAnnealingLR
batch_sizescheduler  32in_channels  CosineAnnealingLR

[0, 1, 2, 3, 4, 5, 6, 7, 8, 9, 10, 11, 12, 13, 14, 15, 16, 17, 18, 19, 20, 21, 22, 23, 24, 25, 26, 27, 28, 29]
32in_channels max_epochs out_channels 
[0, 1, 2, 3, 4, 5, 6, 7, 8, 9, 10, 11, 12, 13, 14, 15, 16, 17, 18, 19, 20, 21, 22, 23, 24, 25, 26, 27, 28, 29]
500
[0, 1, 2, 3, 4, 5, 6, 7, 8, 9, 10, 11, 12, 13, 14, 15, 16, 17, 18, 19, 20, 21, 22, 23, 24]
max_epochs out_channels scheduler N_in_channels 500[0, 1, 2, 3, 4, 5, 6, 7, 8, 9, 10, 11, 12, 13, 14, 15, 16, 17, 18, 19, 20, 21, 22, 23, 24]
CosineAnnealingLR
31

N_in_channels in_channels N_out_channels scheduler31
[0, 1, 2, 3, 4, 5, 6, 7, 8, 9, 10, 11, 12, 13, 14, 15, 16, 17, 18, 19, 20, 21, 22, 23, 24, 25, 26, 27, 28, 29]25
 CosineAnnealingLRN_out_channels 
img_size_h 
25
out_channels 720
in_channelsimg_size_h [0, 1, 2, 3, 4, 5, 6, 7, 8, 9, 10, 11, 12, 13, 14, 15, 16, 17, 18, 19, 20, 21, 22, 23, 24]
img_size_w  720
N_in_channels 1440
[0, 1, 2, 3, 4, 5, 6, 7, 8, 9, 10, 11, 12, 13, 14, 15, 16, 17, 18, 19, 20, 21, 22, 23, 24, 25, 26, 27, 28, 29]img_size_w 31
patch_size_h 
1440
N_out_channels 5
out_channelspatch_size_h 25patch_size_w  5

5
[0, 1, 2, 3, 4, 5, 6, 7, 8, 9, 10, 11, 12, 13, 14, 15, 16, 17, 18, 19, 20, 21, 22, 23, 24]patch_size_w img_size_hloss 
5
 l2
N_in_channels loss 720
num_data_workers 31l2
img_size_w 0

num_data_workers 1440
dt N_out_channels0
patch_size_h 1
 dt 5
n_history 25
1
patch_size_w 0
img_size_hn_history 5
prediction_type  0
loss iterative
720prediction_type l2
prediction_length 
iterative
num_data_workers 30
img_size_w prediction_length 0
n_initial_conditions 144030
dt 5

n_initial_conditions 1
ics_type patch_size_h5
n_historydefault
 ics_type  0save_raw_forecasts 5default

True

save_raw_forecasts prediction_type save_channel patch_size_wTrue
iterative
False
 save_channel prediction_length masked_acc 5False
30
False

masked_acc n_initial_conditions maskpath lossFalse
5
None
 maskpath ics_type perturb l2None
default
False

perturb save_raw_forecasts add_grid num_data_workers False
True
False
0add_grid save_channel N_grid_channels 
False
False
0
dtN_grid_channels masked_acc gridtype  0
Falsesinusoidal
1gridtype 
roll 
sinusoidal
maskpath False
n_history roll None
num_blocks 0False
perturb 8

num_blocks False
nettype prediction_type8
add_grid afno
 iterativenettype False
patch_size 
afno
N_grid_channels 8
prediction_lengthpatch_size 0
width  8
gridtype 56
30width sinusoidal
modes 
56
roll32
n_initial_conditionsmodes  Falsetarget  32

default
5
target num_blocksenable_nhwc ics_typedefault
 False
 enable_nhwc 8optimizer_type defaultFalse

FusedAdam

optimizer_type nettype normalize save_raw_forecastsFusedAdam
afno
True
 normalizepatch_size normalization True True8
zscore


width global_mins_path save_channelnormalization 56
./sample_00/train/global_mins.npy
 zscore
modes global_maxs_path Falseglobal_mins_path 32
./sample_00/train/global_maxs.npy

./sample_00/train/global_mins.npy
target global_means_path masked_accglobal_maxs_path default
./sample_00/train/global_means.npy
 ./sample_00/train/global_maxs.npy
enable_nhwc global_stds_path Falseglobal_means_path False
./sample_00/train/global_stds.npy

./sample_00/train/global_means.npy
optimizer_type train_data_path maskpathglobal_stds_path FusedAdam
./sample_00/train
 ./sample_00/train/global_stds.npy
normalize valid_data_path Nonetrain_data_path True
./sample_00/valid

./sample_00/train
normalizationtest_data_path perturbvalid_data_path  zscore./sample_00/test
 ./sample_00/valid

land_mask Falsetest_data_path global_mins_path True

./sample_00/test
./sample_00/train/global_mins.npy
land_mask_path add_gridland_mask global_maxs_path ./sample_00/land_mask.h5
 True
./sample_00/train/global_maxs.npy
orography Falseland_mask_path global_means_path True

./sample_00/land_mask.h5
./sample_00/train/global_means.npy
orography_norm_zscore_path N_grid_channelsorography global_stds_path ./sample_00/orography_norm_zscore.h5
 True
./sample_00/train/global_stds.npy
orography_norm_maxmin_path 0orography_norm_zscore_path train_data_path ./sample_00/orography_norm_maxmin.h5

./sample_00/orography_norm_zscore.h5
./sample_00/train
exp_dir gridtypeorography_norm_maxmin_path valid_data_path ./exp
 ./sample_00/orography_norm_maxmin.h5
./sample_00/valid
add_noise sinusoidalexp_dir test_data_path False

./exp
./sample_00/test
noise_std rolladd_noise land_mask0
 False
 crop_size_x Falsenoise_std True
None

0
land_mask_path crop_size_y num_blocks crop_size_x ./sample_00/land_mask.h5
None
8None
orography log_to_screen 
crop_size_y True
True
nettypeNone
orography_norm_zscore_pathsave_checkpoint  log_to_screen  True
afno
True
./sample_00/orography_norm_zscore.h5plot_animations patch_sizesave_checkpoint 
False
 True
orography_norm_maxmin_path---------------------------------------------------
8plot_animations ./sample_00/orography_norm_maxmin.h5world_size : 
 False
16
width
exp_dirInitialize distributed process group...
 ---------------------------------------------------
 ./exp56world_size : 

2023-06-09 11:13:23,083 - torch.distributed.distributed_c10d - INFO - Added key: store_based_barrier_key:1 to store for rank: 8
16
add_noise modesInitialize distributed process group...
False
 noise_std 32
0
2023-06-09 11:13:23,098 - torch.distributed.distributed_c10d - INFO - Added key: store_based_barrier_key:1 to store for rank: 9
target crop_size_x default
None
enable_nhwc crop_size_y False
None
optimizer_type log_to_screen FusedAdamTrue

save_checkpoint normalize True
True
plot_animations normalizationFalse
 zscore---------------------------------------------------

world_size : global_mins_path 16
./sample_00/train/global_mins.npy
Initialize distributed process group...
global_maxs_path ./sample_00/train/global_maxs.npy
2023-06-09 11:13:23,152 - torch.distributed.distributed_c10d - INFO - Added key: store_based_barrier_key:1 to store for rank: 11
global_means_path ./sample_00/train/global_means.npy
global_stds_path ./sample_00/train/global_stds.npy
train_data_path ./sample_00/train
valid_data_path ./sample_00/valid
test_data_path ./sample_00/test
land_mask True
land_mask_path ./sample_00/land_mask.h5
orography True
orography_norm_zscore_path ./sample_00/orography_norm_zscore.h5
orography_norm_maxmin_path ./sample_00/orography_norm_maxmin.h5
exp_dir ./exp
add_noise False
noise_std 0
crop_size_x None
crop_size_y None
log_to_screen True
save_checkpoint True
plot_animations False
---------------------------------------------------
world_size : 16
Initialize distributed process group...
2023-06-09 11:13:23,227 - torch.distributed.distributed_c10d - INFO - Added key: store_based_barrier_key:1 to store for rank: 10
2023-06-09 11:13:23,228 - torch.distributed.distributed_c10d - INFO - Rank 10: Completed store-based barrier for key:store_based_barrier_key:1 with 16 nodes.
2023-06-09 11:13:23,230 - torch.distributed.distributed_c10d - INFO - Rank 8: Completed store-based barrier for key:store_based_barrier_key:1 with 16 nodes.
2023-06-09 11:13:23,235 - torch.distributed.distributed_c10d - INFO - Rank 11: Completed store-based barrier for key:store_based_barrier_key:1 with 16 nodes.
2023-06-09 11:13:23,235 - torch.distributed.distributed_c10d - INFO - Rank 9: Completed store-based barrier for key:store_based_barrier_key:1 with 16 nodes.
2023-06-09 11:13:23,288 - root - INFO - device: cuda:2
2023-06-09 11:13:23,289 - root - INFO - rank 10, begin data loader init
2023-06-09 11:13:23,292 - root - INFO - device: cuda:0
2023-06-09 11:13:23,293 - root - INFO - rank 8, begin data loader init
2023-06-09 11:13:23,293 - root - INFO - device: cuda:3
2023-06-09 11:13:23,294 - root - INFO - device: cuda:1
2023-06-09 11:13:23,295 - root - INFO - rank 11, begin data loader init
2023-06-09 11:13:23,296 - root - INFO - rank 9, begin data loader init
2023-06-09 11:13:23,330 - root - INFO - Getting file stats from ./sample_00/train/2000.h5
2023-06-09 11:13:23,330 - root - INFO - Getting file stats from ./sample_00/train/2000.h5
2023-06-09 11:13:23,330 - root - INFO - Getting file stats from ./sample_00/train/2000.h5
2023-06-09 11:13:23,330 - root - INFO - Getting file stats from ./sample_00/train/2000.h5
2023-06-09 11:13:23,332 - root - INFO - Number of samples per year: 365
2023-06-09 11:13:23,333 - root - INFO - Number of samples per year: 365
2023-06-09 11:13:23,334 - root - INFO - Number of samples per year: 365
2023-06-09 11:13:23,335 - root - INFO - Found data at path ./sample_00/train. Number of examples: 4015. Image Shape: 720 x 1440 x 30
2023-06-09 11:13:23,335 - root - INFO - Number of samples per year: 365
2023-06-09 11:13:23,336 - root - INFO - Found data at path ./sample_00/train. Number of examples: 4015. Image Shape: 720 x 1440 x 30
2023-06-09 11:13:23,336 - root - INFO - Found data at path ./sample_00/train. Number of examples: 4015. Image Shape: 720 x 1440 x 30
2023-06-09 11:13:23,337 - root - INFO - Delta t: 1 days
2023-06-09 11:13:23,338 - root - INFO - Found data at path ./sample_00/train. Number of examples: 4015. Image Shape: 720 x 1440 x 30
2023-06-09 11:13:23,339 - root - INFO - Delta t: 1 days
2023-06-09 11:13:23,340 - root - INFO - Delta t: 1 days
2023-06-09 11:13:23,341 - root - INFO - Including 0 days of past history in training at a frequency of 1 days
2023-06-09 11:13:23,342 - root - INFO - Delta t: 1 days
2023-06-09 11:13:23,343 - root - INFO - Including 0 days of past history in training at a frequency of 1 days
2023-06-09 11:13:23,344 - root - INFO - Including 0 days of past history in training at a frequency of 1 days
2023-06-09 11:13:23,346 - root - INFO - Including 0 days of past history in training at a frequency of 1 days
2023-06-09 11:13:23,376 - root - INFO - Getting file stats from ./sample_00/valid/2011.h5
2023-06-09 11:13:23,376 - root - INFO - Getting file stats from ./sample_00/valid/2011.h5
2023-06-09 11:13:23,376 - root - INFO - Getting file stats from ./sample_00/valid/2011.h5
2023-06-09 11:13:23,376 - root - INFO - Getting file stats from ./sample_00/valid/2011.h5
2023-06-09 11:13:23,378 - root - INFO - Number of samples per year: 364
2023-06-09 11:13:23,379 - root - INFO - Number of samples per year: 364
2023-06-09 11:13:23,380 - root - INFO - Number of samples per year: 364
2023-06-09 11:13:23,381 - root - INFO - Number of samples per year: 364
2023-06-09 11:13:23,381 - root - INFO - Found data at path ./sample_00/valid. Number of examples: 364. Image Shape: 720 x 1440 x 30
2023-06-09 11:13:23,382 - root - INFO - Found data at path ./sample_00/valid. Number of examples: 364. Image Shape: 720 x 1440 x 30
2023-06-09 11:13:23,383 - root - INFO - Found data at path ./sample_00/valid. Number of examples: 364. Image Shape: 720 x 1440 x 30
2023-06-09 11:13:23,384 - root - INFO - Found data at path ./sample_00/valid. Number of examples: 364. Image Shape: 720 x 1440 x 30
2023-06-09 11:13:23,384 - root - INFO - Delta t: 1 days
2023-06-09 11:13:23,385 - root - INFO - Delta t: 1 days
2023-06-09 11:13:23,386 - root - INFO - Delta t: 1 days
2023-06-09 11:13:23,387 - root - INFO - Delta t: 1 days
2023-06-09 11:13:23,388 - root - INFO - Including 0 days of past history in training at a frequency of 1 days
2023-06-09 11:13:23,389 - root - INFO - Including 0 days of past history in training at a frequency of 1 days
2023-06-09 11:13:23,390 - root - INFO - Including 0 days of past history in training at a frequency of 1 days
2023-06-09 11:13:23,390 - root - INFO - Including 0 days of past history in training at a frequency of 1 days
2023-06-09 11:13:23,391 - root - INFO - rank 10, data loader initialized
2023-06-09 11:13:23,392 - root - INFO - rank 11, data loader initialized
2023-06-09 11:13:23,393 - root - INFO - rank 8, data loader initialized
2023-06-09 11:13:23,394 - root - INFO - rank 9, data loader initialized
paraai-n32-h-01-agent-8:2267341:2267341 [1] NCCL INFO cudaDriverVersion 11060
paraai-n32-h-01-agent-8:2267340:2267340 [0] NCCL INFO cudaDriverVersion 11060
paraai-n32-h-01-agent-8:2267343:2267343 [3] NCCL INFO cudaDriverVersion 11060
paraai-n32-h-01-agent-8:2267342:2267342 [2] NCCL INFO cudaDriverVersion 11060
paraai-n32-h-01-agent-8:2267341:2267341 [1] NCCL INFO Bootstrap : Using eth0:172.16.4.66<0>
paraai-n32-h-01-agent-8:2267340:2267340 [0] NCCL INFO Bootstrap : Using eth0:172.16.4.66<0>
paraai-n32-h-01-agent-8:2267343:2267343 [3] NCCL INFO Bootstrap : Using eth0:172.16.4.66<0>
paraai-n32-h-01-agent-8:2267342:2267342 [2] NCCL INFO Bootstrap : Using eth0:172.16.4.66<0>
paraai-n32-h-01-agent-8:2267341:2267341 [1] NCCL INFO NET/Plugin : No plugin found (libnccl-net.so), using internal implementation
paraai-n32-h-01-agent-8:2267340:2267340 [0] NCCL INFO NET/Plugin : No plugin found (libnccl-net.so), using internal implementation
paraai-n32-h-01-agent-8:2267342:2267342 [2] NCCL INFO NET/Plugin : No plugin found (libnccl-net.so), using internal implementation
paraai-n32-h-01-agent-8:2267343:2267343 [3] NCCL INFO NET/Plugin : No plugin found (libnccl-net.so), using internal implementation
paraai-n32-h-01-agent-8:2267341:2268355 [1] NCCL INFO NCCL_IB_DISABLE set by environment to 0.
paraai-n32-h-01-agent-8:2267340:2268356 [0] NCCL INFO NCCL_IB_DISABLE set by environment to 0.
paraai-n32-h-01-agent-8:2267342:2268357 [2] NCCL INFO NCCL_IB_DISABLE set by environment to 0.
paraai-n32-h-01-agent-8:2267343:2268358 [3] NCCL INFO NCCL_IB_DISABLE set by environment to 0.
paraai-n32-h-01-agent-8:2267342:2268357 [2] NCCL INFO NET/IB : Using [0]mlx5_0:1/RoCE [1]mlx5_1:1/RoCE [2]mlx5_2:1/RoCE [3]mlx5_3:1/RoCE [RO]; OOB eth0:172.16.4.66<0>
paraai-n32-h-01-agent-8:2267342:2268357 [2] NCCL INFO Using network IB
paraai-n32-h-01-agent-8:2267343:2268358 [3] NCCL INFO NET/IB : Using [0]mlx5_0:1/RoCE [1]mlx5_1:1/RoCE [2]mlx5_2:1/RoCE [3]mlx5_3:1/RoCE [RO]; OOB eth0:172.16.4.66<0>
paraai-n32-h-01-agent-8:2267343:2268358 [3] NCCL INFO Using network IB
paraai-n32-h-01-agent-8:2267341:2268355 [1] NCCL INFO NET/IB : Using [0]mlx5_0:1/RoCE [1]mlx5_1:1/RoCE [2]mlx5_2:1/RoCE [3]mlx5_3:1/RoCE [RO]; OOB eth0:172.16.4.66<0>
paraai-n32-h-01-agent-8:2267340:2268356 [0] NCCL INFO NET/IB : Using [0]mlx5_0:1/RoCE [1]mlx5_1:1/RoCE [2]mlx5_2:1/RoCE [3]mlx5_3:1/RoCE [RO]; OOB eth0:172.16.4.66<0>
paraai-n32-h-01-agent-8:2267341:2268355 [1] NCCL INFO Using network IB
paraai-n32-h-01-agent-8:2267340:2268356 [0] NCCL INFO Using network IB
paraai-n32-h-01-agent-8:2267340:2268356 [0] NCCL INFO Setting affinity for GPU 0 to ffffffff
paraai-n32-h-01-agent-8:2267341:2268355 [1] NCCL INFO Setting affinity for GPU 1 to ffffffff
paraai-n32-h-01-agent-8:2267342:2268357 [2] NCCL INFO Setting affinity for GPU 2 to ffffffff,00000000,00000000
paraai-n32-h-01-agent-8:2267343:2268358 [3] NCCL INFO Setting affinity for GPU 3 to ffffffff,00000000,00000000
paraai-n32-h-01-agent-8:2267343:2268358 [3] NCCL INFO Trees [0] -1/-1/-1->11->10 [1] -1/-1/-1->11->10
paraai-n32-h-01-agent-8:2267341:2268355 [1] NCCL INFO Trees [0] 10/4/-1->9->8 [1] 10/-1/-1->9->8
paraai-n32-h-01-agent-8:2267342:2268357 [2] NCCL INFO Trees [0] 11/-1/-1->10->9 [1] 11/-1/-1->10->9
paraai-n32-h-01-agent-8:2267340:2268356 [0] NCCL INFO Trees [0] 9/12/-1->8->0 [1] 9/-1/-1->8->5
paraai-n32-h-01-agent-8:2267342:2268357 [2] NCCL INFO Channel 00 : 10[81000] -> 11[82000] via SHM/direct/direct
paraai-n32-h-01-agent-8:2267341:2268355 [1] NCCL INFO Channel 00 : 9[2000] -> 10[81000] via SHM/direct/direct
paraai-n32-h-01-agent-8:2267342:2268357 [2] NCCL INFO Channel 01 : 10[81000] -> 11[82000] via SHM/direct/direct
paraai-n32-h-01-agent-8:2267341:2268355 [1] NCCL INFO Channel 01 : 9[2000] -> 10[81000] via SHM/direct/direct
paraai-n32-h-01-agent-8:2267343:2268358 [3] NCCL INFO Channel 00/0 : 11[82000] -> 12[1000] [send] via NET/IB/0
paraai-n32-h-01-agent-8:2267340:2268356 [0] NCCL INFO Channel 00/0 : 7[82000] -> 8[1000] [receive] via NET/IB/0
paraai-n32-h-01-agent-8:2267340:2268356 [0] NCCL INFO Channel 01/0 : 7[82000] -> 8[1000] [receive] via NET/IB/0
paraai-n32-h-01-agent-8:2267340:2268356 [0] NCCL INFO Channel 00 : 8[1000] -> 9[2000] via SHM/direct/direct
paraai-n32-h-01-agent-8:2267340:2268356 [0] NCCL INFO Channel 01 : 8[1000] -> 9[2000] via SHM/direct/direct
paraai-n32-h-01-agent-8:2267341:2268355 [1] NCCL INFO Connected all rings
paraai-n32-h-01-agent-8:2267340:2268376 [0] NCCL INFO NCCL_IB_GID_INDEX set by environment to 3.
paraai-n32-h-01-agent-8:2267340:2268376 [0] NCCL INFO NCCL_IB_TIMEOUT set by environment to 23.
paraai-n32-h-01-agent-8:2267340:2268376 [0] NCCL INFO NCCL_IB_RETRY_CNT set by environment to 7.
paraai-n32-h-01-agent-8:2267343:2268358 [3] NCCL INFO Channel 01/0 : 11[82000] -> 12[1000] [send] via NET/IB/0
paraai-n32-h-01-agent-8:2267340:2268356 [0] NCCL INFO Connected all rings
paraai-n32-h-01-agent-8:2267342:2268357 [2] NCCL INFO Connected all rings
paraai-n32-h-01-agent-8:2267342:2268357 [2] NCCL INFO Channel 00 : 10[81000] -> 9[2000] via SHM/direct/direct
paraai-n32-h-01-agent-8:2267342:2268357 [2] NCCL INFO Channel 01 : 10[81000] -> 9[2000] via SHM/direct/direct
paraai-n32-h-01-agent-8:2267343:2268377 [3] NCCL INFO NCCL_IB_GID_INDEX set by environment to 3.
paraai-n32-h-01-agent-8:2267343:2268358 [3] NCCL INFO Connected all rings
paraai-n32-h-01-agent-8:2267343:2268358 [3] NCCL INFO Channel 00 : 11[82000] -> 10[81000] via SHM/direct/direct
paraai-n32-h-01-agent-8:2267343:2268358 [3] NCCL INFO Channel 01 : 11[82000] -> 10[81000] via SHM/direct/direct
paraai-n32-h-01-agent-8:2267343:2268358 [3] NCCL INFO Connected all trees
paraai-n32-h-01-agent-8:2267343:2268358 [3] NCCL INFO threadThresholds 8/8/64 | 128/8/64 | 512 | 512
paraai-n32-h-01-agent-8:2267343:2268358 [3] NCCL INFO 2 coll channels, 2 p2p channels, 2 p2p channels per peer
paraai-n32-h-01-agent-8:2267340:2268356 [0] NCCL INFO Channel 01/0 : 5[2000] -> 8[1000] [receive] via NET/IB/0
paraai-n32-h-01-agent-8:2267341:2268355 [1] NCCL INFO Channel 00/0 : 4[1000] -> 9[2000] [receive] via NET/IB/0
paraai-n32-h-01-agent-8:2267340:2268356 [0] NCCL INFO Channel 00/0 : 8[1000] -> 12[1000] [send] via NET/IB/0
paraai-n32-h-01-agent-8:2267340:2268356 [0] NCCL INFO Channel 00/0 : 0[1000] -> 8[1000] [receive] via NET/IB/0
paraai-n32-h-01-agent-8:2267341:2268379 [1] NCCL INFO NCCL_IB_GID_INDEX set by environment to 3.
paraai-n32-h-01-agent-8:2267341:2268379 [1] NCCL INFO NCCL_IB_TIMEOUT set by environment to 23.
paraai-n32-h-01-agent-8:2267341:2268379 [1] NCCL INFO NCCL_IB_RETRY_CNT set by environment to 7.
paraai-n32-h-01-agent-8:2267340:2268356 [0] NCCL INFO Channel 00/0 : 8[1000] -> 0[1000] [send] via NET/IB/0
paraai-n32-h-01-agent-8:2267341:2268355 [1] NCCL INFO Channel 00/0 : 9[2000] -> 4[1000] [send] via NET/IB/0
paraai-n32-h-01-agent-8:2267340:2268356 [0] NCCL INFO Channel 00/0 : 12[1000] -> 8[1000] [receive] via NET/IB/0
paraai-n32-h-01-agent-8:2267341:2268355 [1] NCCL INFO Channel 00 : 9[2000] -> 8[1000] via SHM/direct/direct
paraai-n32-h-01-agent-8:2267341:2268355 [1] NCCL INFO Channel 01 : 9[2000] -> 8[1000] via SHM/direct/direct
paraai-n32-h-01-agent-8:2267342:2268357 [2] NCCL INFO Connected all trees
paraai-n32-h-01-agent-8:2267342:2268357 [2] NCCL INFO threadThresholds 8/8/64 | 128/8/64 | 512 | 512
paraai-n32-h-01-agent-8:2267342:2268357 [2] NCCL INFO 2 coll channels, 2 p2p channels, 2 p2p channels per peer
paraai-n32-h-01-agent-8:2267340:2268356 [0] NCCL INFO Channel 01/0 : 8[1000] -> 5[2000] [send] via NET/IB/0
paraai-n32-h-01-agent-8:2267340:2268356 [0] NCCL INFO Connected all trees
paraai-n32-h-01-agent-8:2267340:2268356 [0] NCCL INFO threadThresholds 8/8/64 | 128/8/64 | 512 | 512
paraai-n32-h-01-agent-8:2267340:2268356 [0] NCCL INFO 2 coll channels, 2 p2p channels, 2 p2p channels per peer
paraai-n32-h-01-agent-8:2267341:2268355 [1] NCCL INFO Connected all trees
paraai-n32-h-01-agent-8:2267341:2268355 [1] NCCL INFO threadThresholds 8/8/64 | 128/8/64 | 512 | 512
paraai-n32-h-01-agent-8:2267341:2268355 [1] NCCL INFO 2 coll channels, 2 p2p channels, 2 p2p channels per peer
paraai-n32-h-01-agent-8:2267343:2268358 [3] NCCL INFO comm 0xc3fdb40 rank 11 nranks 16 cudaDev 3 busId 82000 - Init COMPLETE
paraai-n32-h-01-agent-8:2267342:2268357 [2] NCCL INFO comm 0x393b29c0 rank 10 nranks 16 cudaDev 2 busId 81000 - Init COMPLETE
paraai-n32-h-01-agent-8:2267340:2268356 [0] NCCL INFO comm 0x4023bd40 rank 8 nranks 16 cudaDev 0 busId 1000 - Init COMPLETE
paraai-n32-h-01-agent-8:2267341:2268355 [1] NCCL INFO comm 0x1412e780 rank 9 nranks 16 cudaDev 1 busId 2000 - Init COMPLETE
paraai-n32-h-01-agent-8:2267343:2268380 [3] NCCL INFO NCCL_IB_TIMEOUT set by environment to 23.
paraai-n32-h-01-agent-8:2267343:2268380 [3] NCCL INFO NCCL_IB_RETRY_CNT set by environment to 7.
