WARNING:torch.distributed.run:
*****************************************
Setting OMP_NUM_THREADS environment variable for each process to be 1 in default, to avoid your system being overloaded, please further tune the variable for optimal performance in your application as needed. 
*****************************************
paraai-n32-h-01-agent-57
0
------------------ Configuration ------------------  /home/bingxing2/home/scx6115/Ocean_AI_model/config/AFNO.yaml
paraai-n32-h-01-agent-57
0
------------------ Configuration ------------------  /home/bingxing2/home/scx6115/Ocean_AI_model/config/AFNO.yaml
log_to_wandb True
lr 0.0005
batch_size 32
max_epochs 500
scheduler CosineAnnealingLR
in_channels [0, 1, 2, 3, 4, 5, 6, 7, 8, 9, 10, 11, 12, 13, 14, 15, 16, 17, 18, 19, 20, 21, 22, 23, 24, 25, 26, 27, 28, 29]
out_channels [0, 1, 2, 3, 4, 5, 6, 7, 8, 9, 10, 11, 12, 13, 14, 15, 16, 17, 18, 19, 20, 21, 22, 23, 24]
N_in_channels 31
N_out_channels 25
img_size_h 720
img_size_w 1440
patch_size_h 5
patch_size_w 5
loss l2
num_data_workers 0
dt 1
n_history 0
prediction_type iterative
prediction_length 30
n_initial_conditions 5
ics_type default
save_raw_forecasts True
save_channel False
masked_acc False
maskpath None
perturb False
add_grid False
N_grid_channels 0
gridtype sinusoidal
roll False
num_blocks 8
nettype afno
patch_size 8
width 56
modes 32
target default
enable_nhwc False
optimizer_type FusedAdam
normalize True
normalization zscore
global_mins_path ./sample_00/train/global_mins.npy
global_maxs_path ./sample_00/train/global_maxs.npy
global_means_path ./sample_00/train/global_means.npy
global_stds_path ./sample_00/train/global_stds.npy
train_data_path ./sample_00/train
valid_data_path ./sample_00/valid
test_data_path ./sample_00/test
land_mask True
land_mask_path ./sample_00/land_mask.h5
orography True
orography_norm_zscore_path ./sample_00/orography_norm_zscore.h5
orography_norm_maxmin_path ./sample_00/orography_norm_maxmin.h5
exp_dir ./exp
add_noise False
noise_std 0
crop_size_x None
crop_size_y None
log_to_screen True
save_checkpoint True
plot_animations False
---------------------------------------------------
world_size : 16
Initialize distributed process group...
2023-06-08 21:40:43,368 - torch.distributed.distributed_c10d - INFO - Added key: store_based_barrier_key:1 to store for rank: 5
paraai-n32-h-01-agent-57
0
------------------ Configuration ------------------  /home/bingxing2/home/scx6115/Ocean_AI_model/config/AFNO.yaml
paraai-n32-h-01-agent-57
0
------------------ Configuration ------------------  /home/bingxing2/home/scx6115/Ocean_AI_model/config/AFNO.yaml
log_to_wandb True
lr 0.0005
batch_size 32
max_epochs 500
scheduler CosineAnnealingLR
in_channels [0, 1, 2, 3, 4, 5, 6, 7, 8, 9, 10, 11, 12, 13, 14, 15, 16, 17, 18, 19, 20, 21, 22, 23, 24, 25, 26, 27, 28, 29]
out_channels [0, 1, 2, 3, 4, 5, 6, 7, 8, 9, 10, 11, 12, 13, 14, 15, 16, 17, 18, 19, 20, 21, 22, 23, 24]
N_in_channels 31
N_out_channels 25
img_size_h 720
img_size_w 1440
patch_size_h 5
patch_size_w 5
loss l2
num_data_workers 0
dt 1
n_history 0
prediction_type iterative
prediction_length 30
n_initial_conditions 5
ics_type default
save_raw_forecasts True
save_channel False
masked_acc False
maskpath None
perturb False
add_grid False
N_grid_channels 0
gridtype sinusoidal
roll False
num_blocks 8
nettype afno
patch_size 8
width 56
modes 32
target default
enable_nhwc False
optimizer_type FusedAdam
normalize True
normalization zscore
global_mins_path ./sample_00/train/global_mins.npy
global_maxs_path ./sample_00/train/global_maxs.npy
global_means_path ./sample_00/train/global_means.npy
global_stds_path ./sample_00/train/global_stds.npy
train_data_path ./sample_00/train
valid_data_path ./sample_00/valid
test_data_path ./sample_00/test
land_mask True
land_mask_path ./sample_00/land_mask.h5
orography True
orography_norm_zscore_path ./sample_00/orography_norm_zscore.h5
orography_norm_maxmin_path ./sample_00/orography_norm_maxmin.h5
exp_dir ./exp
add_noise False
noise_std 0
crop_size_x None
crop_size_y None
log_to_screen True
save_checkpoint True
plot_animations False
---------------------------------------------------
world_size : 16
Initialize distributed process group...
2023-06-08 21:40:43,394 - torch.distributed.distributed_c10d - INFO - Added key: store_based_barrier_key:1 to store for rank: 4
log_to_wandb True
lr 0.0005
batch_size 32
max_epochs 500
scheduler CosineAnnealingLR
in_channels [0, 1, 2, 3, 4, 5, 6, 7, 8, 9, 10, 11, 12, 13, 14, 15, 16, 17, 18, 19, 20, 21, 22, 23, 24, 25, 26, 27, 28, 29]
out_channels [0, 1, 2, 3, 4, 5, 6, 7, 8, 9, 10, 11, 12, 13, 14, 15, 16, 17, 18, 19, 20, 21, 22, 23, 24]
N_in_channels 31
N_out_channels 25
img_size_h 720
img_size_w 1440
patch_size_h 5
patch_size_w 5
loss l2
num_data_workers 0
dt 1
n_history 0
prediction_type iterative
prediction_length 30
n_initial_conditions 5
ics_type default
save_raw_forecasts True
save_channel False
masked_acc False
maskpath None
perturb False
add_grid False
N_grid_channels 0
gridtype sinusoidal
roll False
num_blocks 8
nettype afno
patch_size 8
width 56
modes 32
target default
enable_nhwc False
optimizer_type FusedAdam
normalize True
normalization zscore
global_mins_path ./sample_00/train/global_mins.npy
global_maxs_path ./sample_00/train/global_maxs.npy
global_means_path ./sample_00/train/global_means.npy
global_stds_path ./sample_00/train/global_stds.npy
train_data_path ./sample_00/train
valid_data_path ./sample_00/valid
test_data_path ./sample_00/test
land_mask True
land_mask_path ./sample_00/land_mask.h5
orography True
orography_norm_zscore_path ./sample_00/orography_norm_zscore.h5
orography_norm_maxmin_path ./sample_00/orography_norm_maxmin.h5
exp_dir ./exp
add_noise False
noise_std 0
crop_size_x None
crop_size_y None
log_to_screen True
save_checkpoint True
plot_animations False
---------------------------------------------------
world_size : 16
Initialize distributed process group...
log_to_wandb True
lr 0.0005
batch_size 32
max_epochs 500
scheduler CosineAnnealingLR
in_channels [0, 1, 2, 3, 4, 5, 6, 7, 8, 9, 10, 11, 12, 13, 14, 15, 16, 17, 18, 19, 20, 21, 22, 23, 24, 25, 26, 27, 28, 29]
out_channels [0, 1, 2, 3, 4, 5, 6, 7, 8, 9, 10, 11, 12, 13, 14, 15, 16, 17, 18, 19, 20, 21, 22, 23, 24]
N_in_channels 31
N_out_channels 25
img_size_h 720
img_size_w 1440
patch_size_h 5
patch_size_w 5
loss l2
num_data_workers 0
dt 1
n_history 0
prediction_type iterative
prediction_length 30
n_initial_conditions 5
ics_type default
save_raw_forecasts True
save_channel False
masked_acc False
maskpath None
perturb False
add_grid False
N_grid_channels 0
gridtype sinusoidal
roll False
num_blocks 8
nettype afno
patch_size 8
width 56
modes 32
target default
enable_nhwc False
optimizer_type FusedAdam
normalize True
normalization zscore
global_mins_path ./sample_00/train/global_mins.npy
global_maxs_path ./sample_00/train/global_maxs.npy
global_means_path ./sample_00/train/global_means.npy
global_stds_path ./sample_00/train/global_stds.npy
train_data_path ./sample_00/train
valid_data_path ./sample_00/valid
test_data_path ./sample_00/test
land_mask True
land_mask_path ./sample_00/land_mask.h5
orography True
orography_norm_zscore_path ./sample_00/orography_norm_zscore.h5
orography_norm_maxmin_path ./sample_00/orography_norm_maxmin.h5
exp_dir ./exp
add_noise False
noise_std 0
crop_size_x None
crop_size_y None
log_to_screen True
save_checkpoint True
plot_animations False
---------------------------------------------------
world_size : 16
Initialize distributed process group...
2023-06-08 21:40:43,416 - torch.distributed.distributed_c10d - INFO - Added key: store_based_barrier_key:1 to store for rank: 6
2023-06-08 21:40:43,418 - torch.distributed.distributed_c10d - INFO - Added key: store_based_barrier_key:1 to store for rank: 7
2023-06-08 21:40:43,875 - torch.distributed.distributed_c10d - INFO - Rank 6: Completed store-based barrier for key:store_based_barrier_key:1 with 16 nodes.
2023-06-08 21:40:43,876 - torch.distributed.distributed_c10d - INFO - Rank 7: Completed store-based barrier for key:store_based_barrier_key:1 with 16 nodes.
2023-06-08 21:40:43,878 - torch.distributed.distributed_c10d - INFO - Rank 5: Completed store-based barrier for key:store_based_barrier_key:1 with 16 nodes.
2023-06-08 21:40:43,884 - torch.distributed.distributed_c10d - INFO - Rank 4: Completed store-based barrier for key:store_based_barrier_key:1 with 16 nodes.
2023-06-08 21:40:43,933 - root - INFO - device: cuda:2
2023-06-08 21:40:43,933 - root - INFO - rank 6, begin data loader init
2023-06-08 21:40:43,937 - root - INFO - device: cuda:3
2023-06-08 21:40:43,938 - root - INFO - rank 7, begin data loader init
2023-06-08 21:40:43,939 - root - INFO - device: cuda:1
2023-06-08 21:40:43,939 - root - INFO - rank 5, begin data loader init
2023-06-08 21:40:43,940 - root - INFO - device: cuda:0
2023-06-08 21:40:43,940 - root - INFO - rank 4, begin data loader init
2023-06-08 21:40:43,982 - root - INFO - Getting file stats from ./sample_00/train/2000.h5
2023-06-08 21:40:43,982 - root - INFO - Getting file stats from ./sample_00/train/2000.h5
2023-06-08 21:40:43,982 - root - INFO - Getting file stats from ./sample_00/train/2000.h5
2023-06-08 21:40:43,982 - root - INFO - Getting file stats from ./sample_00/train/2000.h5
2023-06-08 21:40:43,983 - root - INFO - Number of samples per year: 365
2023-06-08 21:40:43,983 - root - INFO - Number of samples per year: 365
2023-06-08 21:40:43,983 - root - INFO - Found data at path ./sample_00/train. Number of examples: 1460. Image Shape: 720 x 1440 x 30
2023-06-08 21:40:43,983 - root - INFO - Found data at path ./sample_00/train. Number of examples: 1460. Image Shape: 720 x 1440 x 30
2023-06-08 21:40:43,983 - root - INFO - Delta t: 1 days
2023-06-08 21:40:43,983 - root - INFO - Delta t: 1 days
2023-06-08 21:40:43,983 - root - INFO - Including 0 days of past history in training at a frequency of 1 days
2023-06-08 21:40:43,983 - root - INFO - Including 0 days of past history in training at a frequency of 1 days
2023-06-08 21:40:43,983 - root - INFO - Number of samples per year: 365
2023-06-08 21:40:43,983 - root - INFO - Number of samples per year: 365
2023-06-08 21:40:43,983 - root - INFO - Found data at path ./sample_00/train. Number of examples: 1460. Image Shape: 720 x 1440 x 30
2023-06-08 21:40:43,983 - root - INFO - Found data at path ./sample_00/train. Number of examples: 1460. Image Shape: 720 x 1440 x 30
2023-06-08 21:40:43,983 - root - INFO - Delta t: 1 days
2023-06-08 21:40:43,983 - root - INFO - Including 0 days of past history in training at a frequency of 1 days
2023-06-08 21:40:43,983 - root - INFO - Delta t: 1 days
2023-06-08 21:40:43,983 - root - INFO - Including 0 days of past history in training at a frequency of 1 days
2023-06-08 21:40:44,029 - root - INFO - Getting file stats from ./sample_00/valid/2006.h5
2023-06-08 21:40:44,029 - root - INFO - Getting file stats from ./sample_00/valid/2006.h5
2023-06-08 21:40:44,029 - root - INFO - Getting file stats from ./sample_00/valid/2006.h5
2023-06-08 21:40:44,029 - root - INFO - Getting file stats from ./sample_00/valid/2006.h5
2023-06-08 21:40:44,030 - root - INFO - Number of samples per year: 364
2023-06-08 21:40:44,030 - root - INFO - Number of samples per year: 364
2023-06-08 21:40:44,030 - root - INFO - Found data at path ./sample_00/valid. Number of examples: 364. Image Shape: 720 x 1440 x 30
2023-06-08 21:40:44,030 - root - INFO - Number of samples per year: 364
2023-06-08 21:40:44,030 - root - INFO - Number of samples per year: 364
2023-06-08 21:40:44,030 - root - INFO - Found data at path ./sample_00/valid. Number of examples: 364. Image Shape: 720 x 1440 x 30
2023-06-08 21:40:44,030 - root - INFO - Delta t: 1 days
2023-06-08 21:40:44,030 - root - INFO - Found data at path ./sample_00/valid. Number of examples: 364. Image Shape: 720 x 1440 x 30
2023-06-08 21:40:44,030 - root - INFO - Found data at path ./sample_00/valid. Number of examples: 364. Image Shape: 720 x 1440 x 30
2023-06-08 21:40:44,030 - root - INFO - Delta t: 1 days
2023-06-08 21:40:44,030 - root - INFO - Including 0 days of past history in training at a frequency of 1 days
2023-06-08 21:40:44,030 - root - INFO - Delta t: 1 days
2023-06-08 21:40:44,030 - root - INFO - Including 0 days of past history in training at a frequency of 1 days
2023-06-08 21:40:44,030 - root - INFO - Delta t: 1 days
2023-06-08 21:40:44,030 - root - INFO - Including 0 days of past history in training at a frequency of 1 days
2023-06-08 21:40:44,030 - root - INFO - Including 0 days of past history in training at a frequency of 1 days
2023-06-08 21:40:44,030 - root - INFO - rank 4, data loader initialized
2023-06-08 21:40:44,030 - root - INFO - rank 5, data loader initialized
2023-06-08 21:40:44,030 - root - INFO - rank 7, data loader initialized
2023-06-08 21:40:44,030 - root - INFO - rank 6, data loader initialized
srun: Job step aborted: Waiting up to 32 seconds for job step to finish.
slurmstepd: error: *** STEP 19988.0 ON paraai-n32-h-01-agent-57 CANCELLED AT 2023-06-08T21:41:37 ***
WARNING:torch.distributed.elastic.agent.server.api:Received 15 death signal, shutting down workers
WARNING:torch.distributed.elastic.multiprocessing.api:Sending process 3711513 closing signal SIGTERM
WARNING:torch.distributed.elastic.multiprocessing.api:Sending process 3711514 closing signal SIGTERM
WARNING:torch.distributed.elastic.multiprocessing.api:Sending process 3711515 closing signal SIGTERM
WARNING:torch.distributed.elastic.multiprocessing.api:Sending process 3711516 closing signal SIGTERM
