master_addr is only used for static rdzv_backend and when rdzv_endpoint is not specified.
WARNING:torch.distributed.run:
*****************************************
Setting OMP_NUM_THREADS environment variable for each process to be 1 in default, to avoid your system being overloaded, please further tune the variable for optimal performance in your application as needed. 
*****************************************
paraai-n32-h-01-agent-19
0
------------------ Configuration ------------------  /home/bingxing2/home/scx6115/Ocean_AI_model/config/Model_2.yaml
paraai-n32-h-01-agent-19
0
------------------ Configuration ------------------  /home/bingxing2/home/scx6115/Ocean_AI_model/config/Model_2.yaml
paraai-n32-h-01-agent-19
0
------------------ Configuration ------------------  /home/bingxing2/home/scx6115/Ocean_AI_model/config/Model_2.yaml
paraai-n32-h-01-agent-19
0
------------------ Configuration ------------------  /home/bingxing2/home/scx6115/Ocean_AI_model/config/Model_2.yaml
nettype Masked_AE_Ocean
log_to_wandb True
lr 0.001
batch_size 32
max_epochs 150
scheduler CosineAnnealingLR
nettypefusion_3d_2d False 
Masked_AE_Ocean
in_channels log_to_wandb [0, 1, 2, 3, 4, 5, 6, 7, 8, 9, 10, 11, 12, 13, 14, 15, 16, 17, 18, 19, 20, 21, 22, 23, 24, 25, 26, 27, 28, 29, 30, 31, 32, 33, 34, 35, 36, 37, 38, 39, 40, 41, 42, 43, 44, 45, 46, 47, 48, 49, 50, 51, 52, 53, 54, 55, 56, 57, 58, 59, 60, 61, 62, 63, 64, 65]True

lrout_channels  0.001
[0, 1, 2, 3, 4, 5, 6, 7, 8, 9, 10, 11, 12, 13, 14, 15, 16, 17, 18, 19, 20, 21, 22, 23, 24, 25, 26, 27, 28, 29, 30, 31, 32, 33, 34, 35, 36, 37, 38, 39, 40, 41, 42, 43, 44, 45, 46, 47, 48, 49, 50, 51, 52, 53, 54, 55, 56, 57, 58, 59, 60]batch_size
 32N_in_channels
 66max_epochs
 150N_out_channels
 61scheduler
 CosineAnnealingLR
img_size_h fusion_3d_2d720 
False
in_channelsimg_size_w  1440
patch_size_h 8
patch_size_w 8
[0, 1, 2, 3, 4, 5, 6, 7, 8, 9, 10, 11, 12, 13, 14, 15, 16, 17, 18, 19, 20, 21, 22, 23, 24, 25, 26, 27, 28, 29, 30, 31, 32, 33, 34, 35, 36, 37, 38, 39, 40, 41, 42, 43, 44, 45, 46, 47, 48, 49, 50, 51, 52, 53, 54, 55, 56, 57, 58, 59, 60, 61, 62, 63, 64, 65]
mlp_ratio 4.0
out_channels embed_dim 512
depth 16
[0, 1, 2, 3, 4, 5, 6, 7, 8, 9, 10, 11, 12, 13, 14, 15, 16, 17, 18, 19, 20, 21, 22, 23, 24, 25, 26, 27, 28, 29, 30, 31, 32, 33, 34, 35, 36, 37, 38, 39, 40, 41, 42, 43, 44, 45, 46, 47, 48, 49, 50, 51, 52, 53, 54, 55, 56, 57, 58, 59, 60]
num_heads 16N_in_channels
 66
decoder_embed_dim N_out_channels1024 
61
decoder_depth img_size_h8 
720
decoder_num_heads img_size_w16 
1440
patch_size_hkoopman_depth  82

patch_size_wmodes_h_ratio  81

mlp_ratiomodes_w_ratio  4.00.8

embed_dimdrop_rate  5120.0

depthdrop_path_rate  160.0

num_headssparsity_threshold  16
0.01
decoder_embed_dimhard_thresholding_fraction  10241.0

decoder_depthnum_blocks  88

decoder_num_headsloss  16l2

koopman_depthnum_data_workers  20

modes_h_ratiodt  11

modes_w_ration_history  00.8

prediction_typedrop_rate iterative 
0.0
prediction_length 41drop_path_rate
 0.0n_initial_conditions
 5sparsity_threshold
 0.01ics_type
 default
hard_thresholding_fraction date_strings 1.0
['2018-09-14 00:00:00']
num_blocks 8save_raw_forecasts
 True
loss l2
save_channel num_data_workersFalse 
0masked_acc
 False
dtmaskpath  1None

n_history perturb0 
False
prediction_typeadd_grid  iterativeFalse

prediction_lengthN_grid_channels  410

n_initial_conditionsgridtype nettype 5sinusoidal

 ics_typeMasked_AE_Oceanroll 
 defaultFalse

date_stringsenable_nhwc  log_to_wandbFalse['2018-09-14 00:00:00'] 

Trueoptimizer_type
save_raw_forecasts  FusedAdamlrTrue
 
exp_dir ./expsave_channel
0.001 
Falsepatch_size
 8batch_sizemasked_acc
 nettype width32False 

 56maskpathmax_epochsMasked_AE_Ocean 
 
None150modes

 32perturb
scheduler  FalsetargetCosineAnnealingLR log_to_wandb

default add_gridfusion_3d_2d
  TrueFalsetrain_data_pathFalse

 
/home/bingxing2/home/scx6115/Ocean_AI_model/sample_01/train
in_channelsN_grid_channelslrvalid_data_path    0/home/bingxing2/home/scx6115/Ocean_AI_model/sample_01/valid

gridtypetest_data_path  sinusoidal0.001/home/bingxing2/home/scx6115/Ocean_AI_model/sample_01/test
[0, 1, 2, 3, 4, 5, 6, 7, 8, 9, 10, 11, 12, 13, 14, 15, 16, 17, 18, 19, 20, 21, 22, 23, 24, 25, 26, 27, 28, 29, 30, 31, 32, 33, 34, 35, 36, 37, 38, 39, 40, 41, 42, 43, 44, 45, 46, 47, 48, 49, 50, 51, 52, 53, 54, 55, 56, 57, 58, 59, 60, 61, 62, 63, 64, 65]


roll land_maskFalse out_channels
 batch_sizeTrueenable_nhwc
  land_mask_pathFalse [0, 1, 2, 3, 4, 5, 6, 7, 8, 9, 10, 11, 12, 13, 14, 15, 16, 17, 18, 19, 20, 21, 22, 23, 24, 25, 26, 27, 28, 29, 30, 31, 32, 33, 34, 35, 36, 37, 38, 39, 40, 41, 42, 43, 44, 45, 46, 47, 48, 49, 50, 51, 52, 53, 54, 55, 56, 57, 58, 59, 60]
/home/bingxing2/home/scx6115/Ocean_AI_model/sample_01/land_mask.h532optimizer_type


 normalizeN_in_channelsFusedAdam 
 True
exp_dirmax_epochs66 normalization./exp
  
N_out_channelszscore 150patch_size
61
 global_mins_path
8 scheduler
/home/bingxing2/home/scx6115/Ocean_AI_model/sample_01/train/global_mins.npyimg_size_h 
width CosineAnnealingLR720 global_maxs_path56 

/home/bingxing2/home/scx6115/Ocean_AI_model/sample_01/train/global_maxs.npy
img_size_w
 fusion_3d_2dmodesglobal_means_path1440  
 False/home/bingxing2/home/scx6115/Ocean_AI_model/sample_01/train/global_means.npy32patch_size_h


 target8global_stds_path 
 defaultin_channels/home/bingxing2/home/scx6115/Ocean_AI_model/sample_01/train/global_stds.npypatch_size_w

 orography 8 train_data_path
True 
/home/bingxing2/home/scx6115/Ocean_AI_model/sample_01/trainmlp_ratio
orography_norm_zscore_path  4.0valid_data_path/home/bingxing2/home/scx6115/Ocean_AI_model/sample_01/orography_norm_zscore.h5
 
/home/bingxing2/home/scx6115/Ocean_AI_model/sample_01/validembed_dim
orography_norm_maxmin_path[0, 1, 2, 3, 4, 5, 6, 7, 8, 9, 10, 11, 12, 13, 14, 15, 16, 17, 18, 19, 20, 21, 22, 23, 24, 25, 26, 27, 28, 29, 30, 31, 32, 33, 34, 35, 36, 37, 38, 39, 40, 41, 42, 43, 44, 45, 46, 47, 48, 49, 50, 51, 52, 53, 54, 55, 56, 57, 58, 59, 60, 61, 62, 63, 64, 65]  test_data_path
512 /home/bingxing2/home/scx6115/Ocean_AI_model/sample_01/orography_norm_maxmin.h5
/home/bingxing2/home/scx6115/Ocean_AI_model/sample_01/test

depthadd_noise  land_mask16Falseout_channels 

 Truenum_headsnoise_std
  016land_mask_path

 /home/bingxing2/home/scx6115/Ocean_AI_model/sample_01/land_mask.h5crop_size_x
decoder_embed_dim normalizeNone [0, 1, 2, 3, 4, 5, 6, 7, 8, 9, 10, 11, 12, 13, 14, 15, 16, 17, 18, 19, 20, 21, 22, 23, 24, 25, 26, 27, 28, 29, 30, 31, 32, 33, 34, 35, 36, 37, 38, 39, 40, 41, 42, 43, 44, 45, 46, 47, 48, 49, 50, 51, 52, 53, 54, 55, 56, 57, 58, 59, 60] 
1024

Truecrop_size_y
 decoder_depthNoneN_in_channelsnormalization 
 8 zscore
log_to_screen
66 global_mins_pathTruedecoder_num_heads
  /home/bingxing2/home/scx6115/Ocean_AI_model/sample_01/train/global_mins.npy
save_checkpoint16
 
N_out_channelsTrueglobal_maxs_pathkoopman_depth 
  261/home/bingxing2/home/scx6115/Ocean_AI_model/sample_01/train/global_maxs.npyplot_animations

 
Falsemodes_h_ratioglobal_means_path
img_size_h  1/home/bingxing2/home/scx6115/Ocean_AI_model/sample_01/train/global_means.npy 

720modes_w_ratioglobal_stds_path
  /home/bingxing2/home/scx6115/Ocean_AI_model/sample_01/train/global_stds.npy0.8
img_size_w
orography  drop_rate1440True 
0.0

patch_size_hdrop_path_rateorography_norm_zscore_path   80.0/home/bingxing2/home/scx6115/Ocean_AI_model/sample_01/orography_norm_zscore.h5


sparsity_thresholdorography_norm_maxmin_path  patch_size_w0.01/home/bingxing2/home/scx6115/Ocean_AI_model/sample_01/orography_norm_maxmin.h5 

8hard_thresholding_fractionadd_noise
  False1.0

mlp_rationoise_std---------------------------------------------------num_blocks  0 

8crop_size_x
4.0 loss
 Nonel2
embed_dim
crop_size_y  num_data_workersNone512 
0

log_to_screen Truedtdepth
  1save_checkpoint16 

Truen_history
 world_size :num_heads0plot_animations  
 1616False
prediction_type

Initialize distributed process group... 
iterativedecoder_embed_dim
 1024prediction_length
 41
decoder_depthn_initial_conditions  85

decoder_num_headsics_type  16default

koopman_depthdate_strings  2['2018-09-14 00:00:00']

modes_h_ratiosave_raw_forecasts  ---------------------------------------------------1True


modes_w_ratio save_channel0.8 
False
drop_ratemasked_acc world_size :False  
16maskpath
 0.0NoneInitialize distributed process group...


drop_path_rate perturb0.0 
False
sparsity_thresholdadd_grid  0.01False

N_grid_channelshard_thresholding_fraction  01.0

gridtype sinusoidal
num_blocksroll  8False

lossenable_nhwc  l2False

num_data_workersoptimizer_type  FusedAdam0

exp_dirdt  ./exp1

patch_size n_history8 
0width
 56prediction_type
 modesiterative 
32prediction_length
 target41 
default
n_initial_conditionstrain_data_path  5/home/bingxing2/home/scx6115/Ocean_AI_model/sample_01/train

ics_typevalid_data_path  default/home/bingxing2/home/scx6115/Ocean_AI_model/sample_01/valid

date_stringstest_data_path  /home/bingxing2/home/scx6115/Ocean_AI_model/sample_01/test
['2018-09-14 00:00:00']land_mask
 True
save_raw_forecastsland_mask_path  True/home/bingxing2/home/scx6115/Ocean_AI_model/sample_01/land_mask.h5

normalizesave_channel  TrueFalse

normalizationmasked_acc  zscoreFalse

global_mins_path maskpath/home/bingxing2/home/scx6115/Ocean_AI_model/sample_01/train/global_mins.npy 
Noneglobal_maxs_path
 /home/bingxing2/home/scx6115/Ocean_AI_model/sample_01/train/global_maxs.npy
perturb global_means_pathFalse 
/home/bingxing2/home/scx6115/Ocean_AI_model/sample_01/train/global_means.npy
add_gridglobal_stds_path  False/home/bingxing2/home/scx6115/Ocean_AI_model/sample_01/train/global_stds.npy

orography N_grid_channelsTrue 
0
orography_norm_zscore_path gridtype/home/bingxing2/home/scx6115/Ocean_AI_model/sample_01/orography_norm_zscore.h5 
sinusoidalorography_norm_maxmin_path
 /home/bingxing2/home/scx6115/Ocean_AI_model/sample_01/orography_norm_maxmin.h5roll
 add_noiseFalse 
False
enable_nhwcnoise_std  False0

crop_size_x optimizer_typeNone 
FusedAdam
crop_size_y exp_dirNone 
./explog_to_screen
 True
patch_sizesave_checkpoint  8True

widthplot_animations  56False

modes 32
target default
train_data_path /home/bingxing2/home/scx6115/Ocean_AI_model/sample_01/train
valid_data_path /home/bingxing2/home/scx6115/Ocean_AI_model/sample_01/valid
test_data_path /home/bingxing2/home/scx6115/Ocean_AI_model/sample_01/test
land_mask True
land_mask_path /home/bingxing2/home/scx6115/Ocean_AI_model/sample_01/land_mask.h5
normalize True
---------------------------------------------------normalization
 zscore
global_mins_path /home/bingxing2/home/scx6115/Ocean_AI_model/sample_01/train/global_mins.npy
global_maxs_path /home/bingxing2/home/scx6115/Ocean_AI_model/sample_01/train/global_maxs.npy
global_means_pathworld_size :  /home/bingxing2/home/scx6115/Ocean_AI_model/sample_01/train/global_means.npy16

Initialize distributed process group...global_stds_path
 /home/bingxing2/home/scx6115/Ocean_AI_model/sample_01/train/global_stds.npy
orography True
orography_norm_zscore_path /home/bingxing2/home/scx6115/Ocean_AI_model/sample_01/orography_norm_zscore.h5
orography_norm_maxmin_path /home/bingxing2/home/scx6115/Ocean_AI_model/sample_01/orography_norm_maxmin.h5
add_noise False
noise_std 0
crop_size_x None
crop_size_y None
log_to_screen True
save_checkpoint True
plot_animations False
---------------------------------------------------
world_size : 16
Initialize distributed process group...
2023-06-27 17:20:58,960 - torch.distributed.distributed_c10d - INFO - Added key: store_based_barrier_key:1 to store for rank: 1
2023-06-27 17:20:58,960 - torch.distributed.distributed_c10d - INFO - Added key: store_based_barrier_key:1 to store for rank: 3
2023-06-27 17:20:58,960 - torch.distributed.distributed_c10d - INFO - Added key: store_based_barrier_key:1 to store for rank: 2
2023-06-27 17:20:59,849 - torch.distributed.distributed_c10d - INFO - Added key: store_based_barrier_key:1 to store for rank: 0
2023-06-27 17:20:59,849 - torch.distributed.distributed_c10d - INFO - Rank 0: Completed store-based barrier for key:store_based_barrier_key:1 with 16 nodes.
2023-06-27 17:20:59,850 - torch.distributed.distributed_c10d - INFO - Rank 2: Completed store-based barrier for key:store_based_barrier_key:1 with 16 nodes.
2023-06-27 17:20:59,858 - torch.distributed.distributed_c10d - INFO - Rank 1: Completed store-based barrier for key:store_based_barrier_key:1 with 16 nodes.
2023-06-27 17:20:59,858 - torch.distributed.distributed_c10d - INFO - Rank 3: Completed store-based barrier for key:store_based_barrier_key:1 with 16 nodes.
2023-06-27 17:20:59,905 - root - INFO - device: cuda:2
2023-06-27 17:20:59,905 - root - INFO - rank 2, begin data loader init
2023-06-27 17:20:59,906 - root - INFO - device: cuda:1
2023-06-27 17:20:59,906 - root - INFO - rank 1, begin data loader init
2023-06-27 17:20:59,910 - root - INFO - device: cuda:3
2023-06-27 17:20:59,910 - root - INFO - rank 3, begin data loader init
2023-06-27 17:20:59,953 - root - INFO - Getting file stats from /home/bingxing2/home/scx6115/Ocean_AI_model/sample_01/train/2000.h5
2023-06-27 17:20:59,953 - root - INFO - Getting file stats from /home/bingxing2/home/scx6115/Ocean_AI_model/sample_01/train/2000.h5
2023-06-27 17:20:59,953 - root - INFO - Getting file stats from /home/bingxing2/home/scx6115/Ocean_AI_model/sample_01/train/2000.h5
2023-06-27 17:20:59,954 - root - INFO - Number of samples per year: 365
2023-06-27 17:20:59,954 - root - INFO - Number of samples per year: 365
2023-06-27 17:20:59,954 - root - INFO - Found data at path /home/bingxing2/home/scx6115/Ocean_AI_model/sample_01/train. Number of examples: 4015. Image Shape: 720 x 1440 x 66
2023-06-27 17:20:59,954 - root - INFO - Found data at path /home/bingxing2/home/scx6115/Ocean_AI_model/sample_01/train. Number of examples: 4015. Image Shape: 720 x 1440 x 66
2023-06-27 17:20:59,954 - root - INFO - Number of samples per year: 365
2023-06-27 17:20:59,954 - root - INFO - Delta t: 1 days
2023-06-27 17:20:59,954 - root - INFO - Delta t: 1 days
2023-06-27 17:20:59,954 - root - INFO - Including 0 days of past history in training at a frequency of 1 days
2023-06-27 17:20:59,954 - root - INFO - Including 0 days of past history in training at a frequency of 1 days
2023-06-27 17:20:59,954 - root - INFO - Found data at path /home/bingxing2/home/scx6115/Ocean_AI_model/sample_01/train. Number of examples: 4015. Image Shape: 720 x 1440 x 66
2023-06-27 17:20:59,954 - root - INFO - Delta t: 1 days
2023-06-27 17:20:59,954 - root - INFO - Including 0 days of past history in training at a frequency of 1 days
2023-06-27 17:20:59,960 - root - INFO - Getting file stats from /home/bingxing2/home/scx6115/Ocean_AI_model/sample_01/valid/2011.h5
2023-06-27 17:20:59,960 - root - INFO - Getting file stats from /home/bingxing2/home/scx6115/Ocean_AI_model/sample_01/valid/2011.h5
2023-06-27 17:20:59,960 - root - INFO - Getting file stats from /home/bingxing2/home/scx6115/Ocean_AI_model/sample_01/valid/2011.h5
2023-06-27 17:20:59,961 - root - INFO - Number of samples per year: 364
2023-06-27 17:20:59,961 - root - INFO - Found data at path /home/bingxing2/home/scx6115/Ocean_AI_model/sample_01/valid. Number of examples: 364. Image Shape: 720 x 1440 x 66
2023-06-27 17:20:59,961 - root - INFO - Number of samples per year: 364
2023-06-27 17:20:59,961 - root - INFO - Delta t: 1 days
2023-06-27 17:20:59,961 - root - INFO - Number of samples per year: 364
2023-06-27 17:20:59,961 - root - INFO - Found data at path /home/bingxing2/home/scx6115/Ocean_AI_model/sample_01/valid. Number of examples: 364. Image Shape: 720 x 1440 x 66
2023-06-27 17:20:59,961 - root - INFO - Including 0 days of past history in training at a frequency of 1 days
2023-06-27 17:20:59,961 - root - INFO - Delta t: 1 days
2023-06-27 17:20:59,961 - root - INFO - Found data at path /home/bingxing2/home/scx6115/Ocean_AI_model/sample_01/valid. Number of examples: 364. Image Shape: 720 x 1440 x 66
2023-06-27 17:20:59,961 - root - INFO - Including 0 days of past history in training at a frequency of 1 days
2023-06-27 17:20:59,961 - root - INFO - Delta t: 1 days
2023-06-27 17:20:59,961 - root - INFO - Including 0 days of past history in training at a frequency of 1 days
2023-06-27 17:20:59,961 - root - INFO - rank 1, data loader initialized
2023-06-27 17:20:59,961 - root - INFO - rank 3, data loader initialized
2023-06-27 17:20:59,961 - root - INFO - rank 2, data loader initialized
2023-06-27 17:20:59,963 - root - INFO - ------------------ Configuration ------------------
2023-06-27 17:20:59,965 - root - INFO - Configuration file: /home/bingxing2/home/scx6115/Ocean_AI_model/config/Model_2.yaml
2023-06-27 17:20:59,965 - root - INFO - Configuration name: Masked_AE_Ocean
2023-06-27 17:20:59,965 - root - INFO - nettype Masked_AE_Ocean
2023-06-27 17:20:59,965 - root - INFO - log_to_wandb True
2023-06-27 17:20:59,966 - root - INFO - lr 0.001
2023-06-27 17:20:59,966 - root - INFO - batch_size 2
2023-06-27 17:20:59,966 - root - INFO - max_epochs 150
2023-06-27 17:20:59,966 - root - INFO - scheduler CosineAnnealingLR
2023-06-27 17:20:59,966 - root - INFO - fusion_3d_2d False
2023-06-27 17:20:59,966 - root - INFO - in_channels [0, 1, 2, 3, 4, 5, 6, 7, 8, 9, 10, 11, 12, 13, 14, 15, 16, 17, 18, 19, 20, 21, 22, 23, 24, 25, 26, 27, 28, 29, 30, 31, 32, 33, 34, 35, 36, 37, 38, 39, 40, 41, 42, 43, 44, 45, 46, 47, 48, 49, 50, 51, 52, 53, 54, 55, 56, 57, 58, 59, 60, 61, 62, 63, 64, 65]
2023-06-27 17:20:59,966 - root - INFO - out_channels [0, 1, 2, 3, 4, 5, 6, 7, 8, 9, 10, 11, 12, 13, 14, 15, 16, 17, 18, 19, 20, 21, 22, 23, 24, 25, 26, 27, 28, 29, 30, 31, 32, 33, 34, 35, 36, 37, 38, 39, 40, 41, 42, 43, 44, 45, 46, 47, 48, 49, 50, 51, 52, 53, 54, 55, 56, 57, 58, 59, 60]
2023-06-27 17:20:59,966 - root - INFO - N_in_channels 66
2023-06-27 17:20:59,966 - root - INFO - N_out_channels 61
2023-06-27 17:20:59,966 - root - INFO - img_size_h 720
2023-06-27 17:20:59,966 - root - INFO - img_size_w 1440
2023-06-27 17:20:59,966 - root - INFO - patch_size_h 8
2023-06-27 17:20:59,966 - root - INFO - patch_size_w 8
2023-06-27 17:20:59,966 - root - INFO - mlp_ratio 4.0
2023-06-27 17:20:59,967 - root - INFO - embed_dim 512
2023-06-27 17:20:59,967 - root - INFO - depth 16
2023-06-27 17:20:59,967 - root - INFO - num_heads 16
2023-06-27 17:20:59,967 - root - INFO - decoder_embed_dim 1024
2023-06-27 17:20:59,967 - root - INFO - decoder_depth 8
2023-06-27 17:20:59,967 - root - INFO - decoder_num_heads 16
2023-06-27 17:20:59,967 - root - INFO - koopman_depth 2
2023-06-27 17:20:59,967 - root - INFO - modes_h_ratio 1
2023-06-27 17:20:59,967 - root - INFO - modes_w_ratio 0.8
2023-06-27 17:20:59,967 - root - INFO - drop_rate 0.0
2023-06-27 17:20:59,967 - root - INFO - drop_path_rate 0.0
2023-06-27 17:20:59,967 - root - INFO - sparsity_threshold 0.01
2023-06-27 17:20:59,967 - root - INFO - hard_thresholding_fraction 1.0
2023-06-27 17:20:59,967 - root - INFO - num_blocks 8
2023-06-27 17:20:59,967 - root - INFO - loss l2
2023-06-27 17:20:59,968 - root - INFO - num_data_workers 0
2023-06-27 17:20:59,968 - root - INFO - dt 1
2023-06-27 17:20:59,968 - root - INFO - n_history 0
2023-06-27 17:20:59,968 - root - INFO - prediction_type iterative
2023-06-27 17:20:59,968 - root - INFO - prediction_length 41
2023-06-27 17:20:59,968 - root - INFO - n_initial_conditions 5
2023-06-27 17:20:59,968 - root - INFO - ics_type default
2023-06-27 17:20:59,968 - root - INFO - date_strings ['2018-09-14 00:00:00']
2023-06-27 17:20:59,968 - root - INFO - save_raw_forecasts True
2023-06-27 17:20:59,968 - root - INFO - save_channel False
2023-06-27 17:20:59,968 - root - INFO - masked_acc False
2023-06-27 17:20:59,968 - root - INFO - maskpath None
2023-06-27 17:20:59,968 - root - INFO - perturb False
2023-06-27 17:20:59,968 - root - INFO - add_grid False
2023-06-27 17:20:59,968 - root - INFO - N_grid_channels 0
2023-06-27 17:20:59,969 - root - INFO - gridtype sinusoidal
2023-06-27 17:20:59,969 - root - INFO - roll False
2023-06-27 17:20:59,969 - root - INFO - enable_nhwc False
2023-06-27 17:20:59,969 - root - INFO - optimizer_type FusedAdam
2023-06-27 17:20:59,969 - root - INFO - exp_dir ./exp
2023-06-27 17:20:59,969 - root - INFO - patch_size 8
2023-06-27 17:20:59,969 - root - INFO - width 56
2023-06-27 17:20:59,969 - root - INFO - modes 32
2023-06-27 17:20:59,969 - root - INFO - target default
2023-06-27 17:20:59,969 - root - INFO - train_data_path /home/bingxing2/home/scx6115/Ocean_AI_model/sample_01/train
2023-06-27 17:20:59,969 - root - INFO - valid_data_path /home/bingxing2/home/scx6115/Ocean_AI_model/sample_01/valid
2023-06-27 17:20:59,969 - root - INFO - test_data_path /home/bingxing2/home/scx6115/Ocean_AI_model/sample_01/test
2023-06-27 17:20:59,969 - root - INFO - land_mask True
2023-06-27 17:20:59,969 - root - INFO - land_mask_path /home/bingxing2/home/scx6115/Ocean_AI_model/sample_01/land_mask.h5
2023-06-27 17:20:59,969 - root - INFO - normalize True
2023-06-27 17:20:59,970 - root - INFO - normalization zscore
2023-06-27 17:20:59,970 - root - INFO - global_mins_path /home/bingxing2/home/scx6115/Ocean_AI_model/sample_01/train/global_mins.npy
2023-06-27 17:20:59,970 - root - INFO - global_maxs_path /home/bingxing2/home/scx6115/Ocean_AI_model/sample_01/train/global_maxs.npy
2023-06-27 17:20:59,970 - root - INFO - global_means_path /home/bingxing2/home/scx6115/Ocean_AI_model/sample_01/train/global_means.npy
2023-06-27 17:20:59,970 - root - INFO - global_stds_path /home/bingxing2/home/scx6115/Ocean_AI_model/sample_01/train/global_stds.npy
2023-06-27 17:20:59,970 - root - INFO - orography True
2023-06-27 17:20:59,970 - root - INFO - orography_norm_zscore_path /home/bingxing2/home/scx6115/Ocean_AI_model/sample_01/orography_norm_zscore.h5
2023-06-27 17:20:59,970 - root - INFO - orography_norm_maxmin_path /home/bingxing2/home/scx6115/Ocean_AI_model/sample_01/orography_norm_maxmin.h5
2023-06-27 17:20:59,970 - root - INFO - add_noise False
2023-06-27 17:20:59,970 - root - INFO - noise_std 0
2023-06-27 17:20:59,970 - root - INFO - crop_size_x None
2023-06-27 17:20:59,970 - root - INFO - crop_size_y None
2023-06-27 17:20:59,970 - root - INFO - log_to_screen True
2023-06-27 17:20:59,970 - root - INFO - save_checkpoint True
2023-06-27 17:20:59,970 - root - INFO - plot_animations False
2023-06-27 17:20:59,971 - root - INFO - epsilon_factor 0
2023-06-27 17:20:59,971 - root - INFO - world_size 16
2023-06-27 17:20:59,971 - root - INFO - local_rank 0
2023-06-27 17:20:59,971 - root - INFO - global_batch_size 32
2023-06-27 17:20:59,971 - root - INFO - enable_amp True
2023-06-27 17:20:59,971 - root - INFO - experiment_dir /home/bingxing2/home/scx6115/Ocean_AI_model/exp/Masked_AE_Ocean/20230627-172039
2023-06-27 17:20:59,971 - root - INFO - checkpoint_path ./exp/Masked_AE_Ocean/20230627-172039/training_checkpoints/ckpt.tar
2023-06-27 17:20:59,971 - root - INFO - best_checkpoint_path ./exp/Masked_AE_Ocean/20230627-172039/training_checkpoints/best_ckpt.tar
2023-06-27 17:20:59,971 - root - INFO - resuming False
2023-06-27 17:20:59,971 - root - INFO - entity ocean_ai_model
2023-06-27 17:20:59,971 - root - INFO - project ai4science
2023-06-27 17:20:59,971 - root - INFO - group 025_daily_15_levels
2023-06-27 17:20:59,971 - root - INFO - name Masked_AE_Ocean_20230627-172039
2023-06-27 17:20:59,971 - root - INFO - ---------------------------------------------------
wandb: Tracking run with wandb version 0.15.3
wandb: W&B syncing is set to `offline` in this directory.  
wandb: Run `wandb online` or set WANDB_MODE=online to enable cloud syncing.
2023-06-27 17:21:10,381 - root - INFO - device: cuda:0
2023-06-27 17:21:10,382 - root - INFO - rank 0, begin data loader init
2023-06-27 17:21:10,385 - root - INFO - Getting file stats from /home/bingxing2/home/scx6115/Ocean_AI_model/sample_01/train/2000.h5
2023-06-27 17:21:10,386 - root - INFO - Number of samples per year: 365
2023-06-27 17:21:10,386 - root - INFO - Found data at path /home/bingxing2/home/scx6115/Ocean_AI_model/sample_01/train. Number of examples: 4015. Image Shape: 720 x 1440 x 66
2023-06-27 17:21:10,386 - root - INFO - Delta t: 1 days
2023-06-27 17:21:10,387 - root - INFO - Including 0 days of past history in training at a frequency of 1 days
2023-06-27 17:21:10,389 - root - INFO - Getting file stats from /home/bingxing2/home/scx6115/Ocean_AI_model/sample_01/valid/2011.h5
2023-06-27 17:21:10,390 - root - INFO - Number of samples per year: 364
2023-06-27 17:21:10,390 - root - INFO - Found data at path /home/bingxing2/home/scx6115/Ocean_AI_model/sample_01/valid. Number of examples: 364. Image Shape: 720 x 1440 x 66
2023-06-27 17:21:10,391 - root - INFO - Delta t: 1 days
2023-06-27 17:21:10,391 - root - INFO - Including 0 days of past history in training at a frequency of 1 days
2023-06-27 17:21:10,391 - root - INFO - rank 0, data loader initialized
paraai-n32-h-01-agent-19:497545:497545 [0] NCCL INFO Bootstrap : Using eth0:172.16.5.157<0>
paraai-n32-h-01-agent-19:497545:497545 [0] NCCL INFO NET/Plugin : No plugin found (libnccl-net.so), using internal implementation
paraai-n32-h-01-agent-19:497545:497545 [0] NCCL INFO cudaDriverVersion 11060
NCCL version 2.14.3+cuda11.7
paraai-n32-h-01-agent-19:497546:497546 [1] NCCL INFO cudaDriverVersion 11060
paraai-n32-h-01-agent-19:497547:497547 [2] NCCL INFO cudaDriverVersion 11060
paraai-n32-h-01-agent-19:497548:497548 [3] NCCL INFO cudaDriverVersion 11060
paraai-n32-h-01-agent-19:497545:499973 [0] NCCL INFO NCCL_IB_DISABLE set by environment to 0.
paraai-n32-h-01-agent-19:497546:497546 [1] NCCL INFO Bootstrap : Using eth0:172.16.5.157<0>
paraai-n32-h-01-agent-19:497547:497547 [2] NCCL INFO Bootstrap : Using eth0:172.16.5.157<0>
paraai-n32-h-01-agent-19:497548:497548 [3] NCCL INFO Bootstrap : Using eth0:172.16.5.157<0>
paraai-n32-h-01-agent-19:497547:497547 [2] NCCL INFO NET/Plugin : No plugin found (libnccl-net.so), using internal implementation
paraai-n32-h-01-agent-19:497546:497546 [1] NCCL INFO NET/Plugin : No plugin found (libnccl-net.so), using internal implementation
paraai-n32-h-01-agent-19:497548:497548 [3] NCCL INFO NET/Plugin : No plugin found (libnccl-net.so), using internal implementation
paraai-n32-h-01-agent-19:497546:500018 [1] NCCL INFO NCCL_IB_DISABLE set by environment to 0.
paraai-n32-h-01-agent-19:497547:500020 [2] NCCL INFO NCCL_IB_DISABLE set by environment to 0.
paraai-n32-h-01-agent-19:497548:500019 [3] NCCL INFO NCCL_IB_DISABLE set by environment to 0.
paraai-n32-h-01-agent-19:497545:499973 [0] NCCL INFO NET/IB : Using [0]mlx5_0:1/RoCE [1]mlx5_1:1/RoCE [2]mlx5_2:1/RoCE [3]mlx5_3:1/RoCE [RO]; OOB eth0:172.16.5.157<0>
paraai-n32-h-01-agent-19:497545:499973 [0] NCCL INFO Using network IB
paraai-n32-h-01-agent-19:497548:500019 [3] NCCL INFO NET/IB : Using [0]mlx5_0:1/RoCE [1]mlx5_1:1/RoCE [2]mlx5_2:1/RoCE [3]mlx5_3:1/RoCE [RO]; OOB eth0:172.16.5.157<0>
paraai-n32-h-01-agent-19:497548:500019 [3] NCCL INFO Using network IB
paraai-n32-h-01-agent-19:497547:500020 [2] NCCL INFO NET/IB : Using [0]mlx5_0:1/RoCE [1]mlx5_1:1/RoCE [2]mlx5_2:1/RoCE [3]mlx5_3:1/RoCE [RO]; OOB eth0:172.16.5.157<0>
paraai-n32-h-01-agent-19:497547:500020 [2] NCCL INFO Using network IB
paraai-n32-h-01-agent-19:497546:500018 [1] NCCL INFO NET/IB : Using [0]mlx5_0:1/RoCE [1]mlx5_1:1/RoCE [2]mlx5_2:1/RoCE [3]mlx5_3:1/RoCE [RO]; OOB eth0:172.16.5.157<0>
paraai-n32-h-01-agent-19:497546:500018 [1] NCCL INFO Using network IB
paraai-n32-h-01-agent-19:497546:500018 [1] NCCL INFO Setting affinity for GPU 1 to ffffffff
paraai-n32-h-01-agent-19:497545:499973 [0] NCCL INFO Setting affinity for GPU 0 to ffffffff
paraai-n32-h-01-agent-19:497548:500019 [3] NCCL INFO Setting affinity for GPU 3 to ffffffff,00000000,00000000
paraai-n32-h-01-agent-19:497547:500020 [2] NCCL INFO Setting affinity for GPU 2 to ffffffff,00000000,00000000
paraai-n32-h-01-agent-19:497548:500019 [3] NCCL INFO Trees [0] -1/-1/-1->3->2 [1] -1/-1/-1->3->2
paraai-n32-h-01-agent-19:497547:500020 [2] NCCL INFO Trees [0] 3/-1/-1->2->1 [1] 3/-1/-1->2->1
paraai-n32-h-01-agent-19:497545:499973 [0] NCCL INFO Channel 00/02 :    0   1   2   3   4   5   6   7   8   9  10  11  12  13  14  15
paraai-n32-h-01-agent-19:497545:499973 [0] NCCL INFO Channel 01/02 :    0   1   2   3   4   5   6   7   8   9  10  11  12  13  14  15
paraai-n32-h-01-agent-19:497545:499973 [0] NCCL INFO Trees [0] 1/8/-1->0->-1 [1] 1/-1/-1->0->4
paraai-n32-h-01-agent-19:497546:500018 [1] NCCL INFO Trees [0] 2/-1/-1->1->0 [1] 2/-1/-1->1->0
paraai-n32-h-01-agent-19:497545:499973 [0] NCCL INFO Channel 00/0 : 15[82000] -> 0[1000] [receive] via NET/IB/0
paraai-n32-h-01-agent-19:497545:499973 [0] NCCL INFO Channel 01/0 : 15[82000] -> 0[1000] [receive] via NET/IB/0
paraai-n32-h-01-agent-19:497545:499973 [0] NCCL INFO Channel 00 : 0[1000] -> 1[2000] via SHM/direct/direct
paraai-n32-h-01-agent-19:497545:499973 [0] NCCL INFO Channel 01 : 0[1000] -> 1[2000] via SHM/direct/direct
paraai-n32-h-01-agent-19:497547:500020 [2] NCCL INFO Channel 00 : 2[81000] -> 3[82000] via SHM/direct/direct
paraai-n32-h-01-agent-19:497547:500020 [2] NCCL INFO Channel 01 : 2[81000] -> 3[82000] via SHM/direct/direct
paraai-n32-h-01-agent-19:497546:500018 [1] NCCL INFO Channel 00 : 1[2000] -> 2[81000] via SHM/direct/direct
paraai-n32-h-01-agent-19:497546:500018 [1] NCCL INFO Channel 01 : 1[2000] -> 2[81000] via SHM/direct/direct
paraai-n32-h-01-agent-19:497546:500018 [1] NCCL INFO Connected all rings
paraai-n32-h-01-agent-19:497546:500018 [1] NCCL INFO Channel 00 : 1[2000] -> 0[1000] via SHM/direct/direct
paraai-n32-h-01-agent-19:497546:500018 [1] NCCL INFO Channel 01 : 1[2000] -> 0[1000] via SHM/direct/direct
paraai-n32-h-01-agent-19:497548:500019 [3] NCCL INFO Channel 00/0 : 3[82000] -> 4[1000] [send] via NET/IB/0
paraai-n32-h-01-agent-19:497548:500019 [3] NCCL INFO Channel 01/0 : 3[82000] -> 4[1000] [send] via NET/IB/0
paraai-n32-h-01-agent-19:497548:500067 [3] NCCL INFO NCCL_IB_GID_INDEX set by environment to 3.
paraai-n32-h-01-agent-19:497548:500019 [3] NCCL INFO Connected all rings
paraai-n32-h-01-agent-19:497548:500019 [3] NCCL INFO Channel 00 : 3[82000] -> 2[81000] via SHM/direct/direct
paraai-n32-h-01-agent-19:497548:500019 [3] NCCL INFO Channel 01 : 3[82000] -> 2[81000] via SHM/direct/direct
paraai-n32-h-01-agent-19:497545:500066 [0] NCCL INFO NCCL_IB_GID_INDEX set by environment to 3.
paraai-n32-h-01-agent-19:497545:500066 [0] NCCL INFO NCCL_IB_TIMEOUT set by environment to 23.
paraai-n32-h-01-agent-19:497545:500066 [0] NCCL INFO NCCL_IB_RETRY_CNT set by environment to 7.
paraai-n32-h-01-agent-19:497545:499973 [0] NCCL INFO Connected all rings
paraai-n32-h-01-agent-19:497545:499973 [0] NCCL INFO Channel 01/0 : 0[1000] -> 4[1000] [send] via NET/IB/0
paraai-n32-h-01-agent-19:497547:500020 [2] NCCL INFO Connected all rings
paraai-n32-h-01-agent-19:497547:500020 [2] NCCL INFO Channel 00 : 2[81000] -> 1[2000] via SHM/direct/direct
paraai-n32-h-01-agent-19:497547:500020 [2] NCCL INFO Channel 01 : 2[81000] -> 1[2000] via SHM/direct/direct
paraai-n32-h-01-agent-19:497548:500019 [3] NCCL INFO Connected all trees
paraai-n32-h-01-agent-19:497548:500019 [3] NCCL INFO threadThresholds 8/8/64 | 128/8/64 | 512 | 512
paraai-n32-h-01-agent-19:497548:500019 [3] NCCL INFO 2 coll channels, 2 p2p channels, 2 p2p channels per peer
paraai-n32-h-01-agent-19:497547:500020 [2] NCCL INFO Connected all trees
paraai-n32-h-01-agent-19:497547:500020 [2] NCCL INFO threadThresholds 8/8/64 | 128/8/64 | 512 | 512
paraai-n32-h-01-agent-19:497547:500020 [2] NCCL INFO 2 coll channels, 2 p2p channels, 2 p2p channels per peer
paraai-n32-h-01-agent-19:497545:499973 [0] NCCL INFO Channel 00/0 : 8[1000] -> 0[1000] [receive] via NET/IB/0
paraai-n32-h-01-agent-19:497545:499973 [0] NCCL INFO Channel 00/0 : 0[1000] -> 8[1000] [send] via NET/IB/0
paraai-n32-h-01-agent-19:497545:499973 [0] NCCL INFO Channel 01/0 : 4[1000] -> 0[1000] [receive] via NET/IB/0
paraai-n32-h-01-agent-19:497545:499973 [0] NCCL INFO Connected all trees
paraai-n32-h-01-agent-19:497545:499973 [0] NCCL INFO threadThresholds 8/8/64 | 128/8/64 | 512 | 512
paraai-n32-h-01-agent-19:497545:499973 [0] NCCL INFO 2 coll channels, 2 p2p channels, 2 p2p channels per peer
paraai-n32-h-01-agent-19:497546:500018 [1] NCCL INFO Connected all trees
paraai-n32-h-01-agent-19:497546:500018 [1] NCCL INFO threadThresholds 8/8/64 | 128/8/64 | 512 | 512
paraai-n32-h-01-agent-19:497546:500018 [1] NCCL INFO 2 coll channels, 2 p2p channels, 2 p2p channels per peer
paraai-n32-h-01-agent-19:497548:500019 [3] NCCL INFO comm 0x15ef6780 rank 3 nranks 16 cudaDev 3 busId 82000 - Init COMPLETE
paraai-n32-h-01-agent-19:497547:500020 [2] NCCL INFO comm 0x668b37f0 rank 2 nranks 16 cudaDev 2 busId 81000 - Init COMPLETE
paraai-n32-h-01-agent-19:497546:500018 [1] NCCL INFO comm 0x75ee140 rank 1 nranks 16 cudaDev 1 busId 2000 - Init COMPLETE
paraai-n32-h-01-agent-19:497548:500071 [3] NCCL INFO NCCL_IB_TIMEOUT set by environment to 23.
paraai-n32-h-01-agent-19:497548:500071 [3] NCCL INFO NCCL_IB_RETRY_CNT set by environment to 7.
paraai-n32-h-01-agent-19:497545:499973 [0] NCCL INFO comm 0x58a674b0 rank 0 nranks 16 cudaDev 0 busId 1000 - Init COMPLETE
2023-06-27 17:21:15,328 - root - INFO - Number of trainable model parameters: 113891901
2023-06-27 17:21:15,329 - root - INFO - Starting Training Loop...
srun: Job step aborted: Waiting up to 32 seconds for job step to finish.
slurmstepd: error: *** STEP 27398.0 ON paraai-n32-h-01-agent-19 CANCELLED AT 2023-06-27T17:29:55 ***
WARNING:torch.distributed.elastic.agent.server.api:Received 15 death signal, shutting down workers
WARNING:torch.distributed.elastic.multiprocessing.api:Sending process 497545 closing signal SIGTERM
WARNING:torch.distributed.elastic.multiprocessing.api:Sending process 497546 closing signal SIGTERM
WARNING:torch.distributed.elastic.multiprocessing.api:Sending process 497547 closing signal SIGTERM
WARNING:torch.distributed.elastic.multiprocessing.api:Sending process 497548 closing signal SIGTERM
