WARNING:torch.distributed.run:
*****************************************
Setting OMP_NUM_THREADS environment variable for each process to be 1 in default, to avoid your system being overloaded, please further tune the variable for optimal performance in your application as needed. 
*****************************************
paraai-n32-h-01-agent-72
paraai-n32-h-01-agent-72
0paraai-n32-h-01-agent-72

------------------ Configuration ------------------  /home/bingxing2/home/scx6115/Ocean_AI_model/config/AFNO.yaml
0
------------------ Configuration ------------------  /home/bingxing2/home/scx6115/Ocean_AI_model/config/AFNO.yaml
0
paraai-n32-h-01-agent-72
------------------ Configuration ------------------  /home/bingxing2/home/scx6115/Ocean_AI_model/config/AFNO.yaml
0
------------------ Configuration ------------------  /home/bingxing2/home/scx6115/Ocean_AI_model/config/AFNO.yaml
log_to_wandb True
lr log_to_wandb0.0005 
True
batch_size 32
lr max_epochs 500
0.0005
scheduler CosineAnnealingLRbatch_size
 32in_channels
 max_epochs 500
[0, 1, 2, 3, 4, 5, 6, 7, 8, 9, 10, 11, 12, 13, 14, 15, 16, 17, 18, 19, 20, 21, 22, 23, 24, 25, 26, 27, 28, 29]scheduler
 CosineAnnealingLR
out_channelsin_channels  [0, 1, 2, 3, 4, 5, 6, 7, 8, 9, 10, 11, 12, 13, 14, 15, 16, 17, 18, 19, 20, 21, 22, 23, 24][0, 1, 2, 3, 4, 5, 6, 7, 8, 9, 10, 11, 12, 13, 14, 15, 16, 17, 18, 19, 20, 21, 22, 23, 24, 25, 26, 27, 28, 29]

N_in_channels out_channels31 
N_out_channels 25[0, 1, 2, 3, 4, 5, 6, 7, 8, 9, 10, 11, 12, 13, 14, 15, 16, 17, 18, 19, 20, 21, 22, 23, 24]

log_to_wandbN_in_channelsimg_size_h   72031
True
img_size_w
 N_out_channels1440 
25
patch_size_himg_size_hlr   5720

patch_size_wimg_size_w  0.000551440


losspatch_size_h batch_size l2 
532num_data_workers

 patch_size_w0 
5max_epochs
dt  loss5001 
l2

schedulern_historynum_data_workers   CosineAnnealingLR00


in_channelsdtprediction_typelog_to_wandb    iterative1True


prediction_length n_history[0, 1, 2, 3, 4, 5, 6, 7, 8, 9, 10, 11, 12, 13, 14, 15, 16, 17, 18, 19, 20, 21, 22, 23, 24, 25, 26, 27, 28, 29]lr 30
0 

0.0005prediction_typen_initial_conditions
  iterativeout_channelsbatch_size5
 
 32prediction_lengthics_type 
 30default
max_epochs
[0, 1, 2, 3, 4, 5, 6, 7, 8, 9, 10, 11, 12, 13, 14, 15, 16, 17, 18, 19, 20, 21, 22, 23, 24] save_raw_forecastsn_initial_conditions
  500True
5
N_in_channels
scheduler  save_channelics_typeCosineAnnealingLR31 
 
Falsedefaultin_channels

 N_out_channelssave_raw_forecastsmasked_acc   25FalseTrue[0, 1, 2, 3, 4, 5, 6, 7, 8, 9, 10, 11, 12, 13, 14, 15, 16, 17, 18, 19, 20, 21, 22, 23, 24, 25, 26, 27, 28, 29]



maskpathsave_channel out_channels img_size_hNone False 

720[0, 1, 2, 3, 4, 5, 6, 7, 8, 9, 10, 11, 12, 13, 14, 15, 16, 17, 18, 19, 20, 21, 22, 23, 24]masked_accperturb

  FalseFalse
N_in_channels
img_size_w maskpathadd_grid  31 None1440False



perturbN_out_channelsN_grid_channels   False25

patch_size_hadd_grid0img_size_h
   Falsegridtype720 
sinusoidal

5N_grid_channelsimg_size_wroll
   14400patch_size_wFalse


 gridtypepatch_size_hnum_blocks5   
58sinusoidal


lossnettypepatch_size_wroll    l2afnoFalse5



patch_size num_blocksloss8 num_data_workers
 8width l2
 
056nettype

 num_data_workersmodes afno dt32
0 
patch_size
1 dttarget
 8 
1defaultn_history

widthn_historyenable_nhwc    5600False



modesprediction_typeprediction_type optimizer_type 32 iterative 
FusedAdam

iterativeprediction_lengthtargetnormalize  
 default30True


prediction_lengthenable_nhwcn_initial_conditionsnormalization    30zscoreFalse5



ics_typeoptimizer_type global_mins_pathn_initial_conditionsdefault   FusedAdam
./sample_00/train/global_mins.npy5
save_raw_forecasts
normalize
  global_maxs_pathTrueTrue ics_type

./sample_00/train/global_maxs.npy 
normalizationsave_channel default global_means_pathzscore
 False
./sample_00/train/global_means.npy

save_raw_forecastsglobal_mins_pathmasked_accglobal_stds_path    False./sample_00/train/global_mins.npy./sample_00/train/global_stds.npyTrue



global_maxs_pathtrain_data_pathmaskpath save_channel./sample_00/train/global_maxs.npy   
./sample_00/trainNone
False
global_means_pathvalid_data_path
perturb   ./sample_00/train/global_means.npy./sample_00/validFalse


masked_acctest_data_pathglobal_stds_path  add_grid ./sample_00/train/global_stds.npy./sample_00/testFalse 

False

train_data_pathland_mask  maskpath./sample_00/trainN_grid_channelsTrue
 
 valid_data_pathNone 0land_mask_path

./sample_00/valid 
./sample_00/land_mask.h5perturb
test_data_pathgridtype   orographysinusoidal./sample_00/test False

True
rollland_mask
  add_gridFalseTrue 
orography_norm_zscore_path
 land_mask_pathFalse./sample_00/orography_norm_zscore.h5num_blocks 

./sample_00/land_mask.h5 
orography_norm_maxmin_path8 N_grid_channelsorography
./sample_00/orography_norm_maxmin.h5  
nettype 0Trueafnoexp_dir
 

./expgridtypeorography_norm_zscore_path
patch_size   ./sample_00/orography_norm_zscore.h58add_noisesinusoidal

 
Falsewidthorography_norm_maxmin_path
  roll56noise_std./sample_00/orography_norm_maxmin.h5
  
Falsemodesexp_dir0  
32
./exp

crop_size_xnum_blocks targetadd_noiseNone  
 default8crop_size_yFalse

 
enable_nhwcNone nettype
noise_stdFalse  
log_to_screenafno0 optimizer_type
 True
FusedAdam
patch_sizecrop_size_x
save_checkpoint   normalizeNone8 True
True


crop_size_ywidthnormalization plot_animations  None zscore56
False


log_to_screenglobal_mins_path  True
./sample_00/train/global_mins.npymodes
save_checkpoint global_maxs_pathTrue  
32./sample_00/train/global_maxs.npyplot_animations

 False
global_means_pathtarget  ./sample_00/train/global_means.npydefault

global_stds_pathenable_nhwc  ./sample_00/train/global_stds.npyFalse

train_data_path optimizer_type./sample_00/train
 valid_data_pathFusedAdam 
./sample_00/valid
normalizetest_data_path---------------------------------------------------  
True./sample_00/test

land_masknormalization  Truezscore

land_mask_pathworld_size :  ./sample_00/land_mask.h5---------------------------------------------------
16

global_mins_pathorographyInitialize distributed process group...  
./sample_00/train/global_mins.npyTrue

global_maxs_pathorography_norm_zscore_path  world_size :./sample_00/orography_norm_zscore.h5./sample_00/train/global_maxs.npy
 
16
orography_norm_maxmin_path Initialize distributed process group..../sample_00/orography_norm_maxmin.h5

global_means_pathexp_dir  ./sample_00/train/global_means.npy./exp

global_stds_pathadd_noise  ./sample_00/train/global_stds.npyFalse

noise_std train_data_path0 
./sample_00/train
crop_size_xvalid_data_path  None./sample_00/valid

crop_size_y test_data_pathNone 
./sample_00/testlog_to_screen
 True
land_mask save_checkpoint TrueTrue

land_mask_pathplot_animations  ./sample_00/land_mask.h5False

orography True
orography_norm_zscore_path ./sample_00/orography_norm_zscore.h5
orography_norm_maxmin_path ./sample_00/orography_norm_maxmin.h5
exp_dir ./exp
add_noise False
noise_std 0
crop_size_x None
crop_size_y None
---------------------------------------------------
log_to_screen True
save_checkpoint True
plot_animations False
world_size : 16
Initialize distributed process group...
---------------------------------------------------
world_size : 16
Initialize distributed process group...
2023-06-08 20:46:38,559 - torch.distributed.distributed_c10d - INFO - Added key: store_based_barrier_key:1 to store for rank: 5
2023-06-08 20:46:38,559 - torch.distributed.distributed_c10d - INFO - Added key: store_based_barrier_key:1 to store for rank: 4
2023-06-08 20:46:38,560 - torch.distributed.distributed_c10d - INFO - Added key: store_based_barrier_key:1 to store for rank: 7
2023-06-08 20:46:38,560 - torch.distributed.distributed_c10d - INFO - Added key: store_based_barrier_key:1 to store for rank: 6
2023-06-08 20:46:39,232 - torch.distributed.distributed_c10d - INFO - Rank 5: Completed store-based barrier for key:store_based_barrier_key:1 with 16 nodes.
2023-06-08 20:46:39,232 - torch.distributed.distributed_c10d - INFO - Rank 7: Completed store-based barrier for key:store_based_barrier_key:1 with 16 nodes.
2023-06-08 20:46:39,232 - torch.distributed.distributed_c10d - INFO - Rank 6: Completed store-based barrier for key:store_based_barrier_key:1 with 16 nodes.
2023-06-08 20:46:39,232 - torch.distributed.distributed_c10d - INFO - Rank 4: Completed store-based barrier for key:store_based_barrier_key:1 with 16 nodes.
2023-06-08 20:46:39,292 - root - INFO - device: cuda:1
2023-06-08 20:46:39,292 - root - INFO - rank 5, begin data loader init
2023-06-08 20:46:39,294 - root - INFO - device: cuda:0
2023-06-08 20:46:39,294 - root - INFO - rank 4, begin data loader init
2023-06-08 20:46:39,297 - root - INFO - device: cuda:2
2023-06-08 20:46:39,297 - root - INFO - rank 6, begin data loader init
2023-06-08 20:46:39,297 - root - INFO - device: cuda:3
2023-06-08 20:46:39,297 - root - INFO - rank 7, begin data loader init
2023-06-08 20:46:39,334 - root - INFO - Getting file stats from ./sample_00/train/2000.h5
2023-06-08 20:46:39,334 - root - INFO - Getting file stats from ./sample_00/train/2000.h5
2023-06-08 20:46:39,334 - root - INFO - Getting file stats from ./sample_00/train/2000.h5
2023-06-08 20:46:39,334 - root - INFO - Getting file stats from ./sample_00/train/2000.h5
2023-06-08 20:46:39,335 - root - INFO - Number of samples per year: 365
2023-06-08 20:46:39,335 - root - INFO - Number of samples per year: 365
2023-06-08 20:46:39,335 - root - INFO - Found data at path ./sample_00/train. Number of examples: 1460. Image Shape: 720 x 1440 x 30
2023-06-08 20:46:39,335 - root - INFO - Number of samples per year: 365
2023-06-08 20:46:39,335 - root - INFO - Number of samples per year: 365
2023-06-08 20:46:39,335 - root - INFO - Delta t: 1 days
2023-06-08 20:46:39,335 - root - INFO - Found data at path ./sample_00/train. Number of examples: 1460. Image Shape: 720 x 1440 x 30
2023-06-08 20:46:39,335 - root - INFO - Found data at path ./sample_00/train. Number of examples: 1460. Image Shape: 720 x 1440 x 30
2023-06-08 20:46:39,335 - root - INFO - Found data at path ./sample_00/train. Number of examples: 1460. Image Shape: 720 x 1440 x 30
2023-06-08 20:46:39,335 - root - INFO - Including 0 days of past history in training at a frequency of 1 days
2023-06-08 20:46:39,335 - root - INFO - Delta t: 1 days
2023-06-08 20:46:39,335 - root - INFO - Delta t: 1 days
2023-06-08 20:46:39,335 - root - INFO - Delta t: 1 days
2023-06-08 20:46:39,335 - root - INFO - Including 0 days of past history in training at a frequency of 1 days
2023-06-08 20:46:39,335 - root - INFO - Including 0 days of past history in training at a frequency of 1 days
2023-06-08 20:46:39,335 - root - INFO - Including 0 days of past history in training at a frequency of 1 days
2023-06-08 20:46:39,376 - root - INFO - Getting file stats from ./sample_00/valid/2006.h5
2023-06-08 20:46:39,376 - root - INFO - Getting file stats from ./sample_00/valid/2006.h5
2023-06-08 20:46:39,377 - root - INFO - Number of samples per year: 364
2023-06-08 20:46:39,377 - root - INFO - Number of samples per year: 364
2023-06-08 20:46:39,377 - root - INFO - Getting file stats from ./sample_00/valid/2006.h5
2023-06-08 20:46:39,377 - root - INFO - Found data at path ./sample_00/valid. Number of examples: 364. Image Shape: 720 x 1440 x 30
2023-06-08 20:46:39,377 - root - INFO - Found data at path ./sample_00/valid. Number of examples: 364. Image Shape: 720 x 1440 x 30
2023-06-08 20:46:39,377 - root - INFO - Delta t: 1 days
2023-06-08 20:46:39,377 - root - INFO - Delta t: 1 days
2023-06-08 20:46:39,377 - root - INFO - Including 0 days of past history in training at a frequency of 1 days
2023-06-08 20:46:39,377 - root - INFO - Including 0 days of past history in training at a frequency of 1 days
2023-06-08 20:46:39,377 - root - INFO - rank 5, data loader initialized
2023-06-08 20:46:39,377 - root - INFO - rank 7, data loader initialized
2023-06-08 20:46:39,378 - root - INFO - Number of samples per year: 364
2023-06-08 20:46:39,378 - root - INFO - Found data at path ./sample_00/valid. Number of examples: 364. Image Shape: 720 x 1440 x 30
2023-06-08 20:46:39,378 - root - INFO - Getting file stats from ./sample_00/valid/2006.h5
2023-06-08 20:46:39,378 - root - INFO - Delta t: 1 days
2023-06-08 20:46:39,378 - root - INFO - Including 0 days of past history in training at a frequency of 1 days
2023-06-08 20:46:39,378 - root - INFO - rank 4, data loader initialized
2023-06-08 20:46:39,379 - root - INFO - Number of samples per year: 364
2023-06-08 20:46:39,379 - root - INFO - Found data at path ./sample_00/valid. Number of examples: 364. Image Shape: 720 x 1440 x 30
2023-06-08 20:46:39,379 - root - INFO - Delta t: 1 days
2023-06-08 20:46:39,379 - root - INFO - Including 0 days of past history in training at a frequency of 1 days
2023-06-08 20:46:39,379 - root - INFO - rank 6, data loader initialized
Traceback (most recent call last):
  File "/home/bingxing2/home/scx6115/Ocean_AI_model/train_025_bingxing.py", line 479, in <module>
Traceback (most recent call last):
Traceback (most recent call last):
  File "/home/bingxing2/home/scx6115/Ocean_AI_model/train_025_bingxing.py", line 479, in <module>
  File "/home/bingxing2/home/scx6115/Ocean_AI_model/train_025_bingxing.py", line 479, in <module>
    trainer = Trainer(params, world_rank)
  File "/home/bingxing2/home/scx6115/Ocean_AI_model/train_025_bingxing.py", line 77, in __init__
        trainer = Trainer(params, world_rank)trainer = Trainer(params, world_rank)

  File "/home/bingxing2/home/scx6115/Ocean_AI_model/train_025_bingxing.py", line 77, in __init__
  File "/home/bingxing2/home/scx6115/Ocean_AI_model/train_025_bingxing.py", line 77, in __init__
    from networks.afnonet import AFNONet as model
  File "/home/bingxing2/home/scx6115/Ocean_AI_model/networks/afnonet.py", line 22, in <module>
        from networks.afnonet import AFNONet as modelfrom networks.afnonet import AFNONet as model

  File "/home/bingxing2/home/scx6115/Ocean_AI_model/networks/afnonet.py", line 22, in <module>
  File "/home/bingxing2/home/scx6115/Ocean_AI_model/networks/afnonet.py", line 22, in <module>
Traceback (most recent call last):
  File "/home/bingxing2/home/scx6115/Ocean_AI_model/train_025_bingxing.py", line 479, in <module>
    trainer = Trainer(params, world_rank)
  File "/home/bingxing2/home/scx6115/Ocean_AI_model/train_025_bingxing.py", line 77, in __init__
    from networks.afnonet import AFNONet as model
  File "/home/bingxing2/home/scx6115/Ocean_AI_model/networks/afnonet.py", line 22, in <module>
                from einops import rearrange, repeatfrom einops import rearrange, repeatfrom einops import rearrange, repeatfrom einops import rearrange, repeat



ModuleNotFoundErrorModuleNotFoundErrorModuleNotFoundError: : : No module named 'einops'No module named 'einops'No module named 'einops'ModuleNotFoundError


: No module named 'einops'
ERROR:torch.distributed.elastic.multiprocessing.api:failed (exitcode: 1) local_rank: 0 (pid: 3156559) of binary: /home/bingxing2/home/scx6115/.conda/envs/torch2.0/bin/python
Traceback (most recent call last):
  File "/home/bingxing2/home/scx6115/.conda/envs/torch2.0/bin/torchrun", line 8, in <module>
    sys.exit(main())
  File "/home/bingxing2/home/scx6115/.conda/envs/torch2.0/lib/python3.10/site-packages/torch/distributed/elastic/multiprocessing/errors/__init__.py", line 346, in wrapper
    return f(*args, **kwargs)
  File "/home/bingxing2/home/scx6115/.conda/envs/torch2.0/lib/python3.10/site-packages/torch/distributed/run.py", line 794, in main
    run(args)
  File "/home/bingxing2/home/scx6115/.conda/envs/torch2.0/lib/python3.10/site-packages/torch/distributed/run.py", line 785, in run
    elastic_launch(
  File "/home/bingxing2/home/scx6115/.conda/envs/torch2.0/lib/python3.10/site-packages/torch/distributed/launcher/api.py", line 134, in __call__
    return launch_agent(self._config, self._entrypoint, list(args))
  File "/home/bingxing2/home/scx6115/.conda/envs/torch2.0/lib/python3.10/site-packages/torch/distributed/launcher/api.py", line 250, in launch_agent
    raise ChildFailedError(
torch.distributed.elastic.multiprocessing.errors.ChildFailedError: 
============================================================
train_025_bingxing.py FAILED
------------------------------------------------------------
Failures:
[1]:
  time      : 2023-06-08_20:46:45
  host      : paraai-n32-h-01-agent-72.paraai-n32-h-01.com
  rank      : 5 (local_rank: 1)
  exitcode  : 1 (pid: 3156560)
  error_file: <N/A>
  traceback : To enable traceback see: https://pytorch.org/docs/stable/elastic/errors.html
[2]:
  time      : 2023-06-08_20:46:45
  host      : paraai-n32-h-01-agent-72.paraai-n32-h-01.com
  rank      : 6 (local_rank: 2)
  exitcode  : 1 (pid: 3156561)
  error_file: <N/A>
  traceback : To enable traceback see: https://pytorch.org/docs/stable/elastic/errors.html
[3]:
  time      : 2023-06-08_20:46:45
  host      : paraai-n32-h-01-agent-72.paraai-n32-h-01.com
  rank      : 7 (local_rank: 3)
  exitcode  : 1 (pid: 3156562)
  error_file: <N/A>
  traceback : To enable traceback see: https://pytorch.org/docs/stable/elastic/errors.html
------------------------------------------------------------
Root Cause (first observed failure):
[0]:
  time      : 2023-06-08_20:46:45
  host      : paraai-n32-h-01-agent-72.paraai-n32-h-01.com
  rank      : 4 (local_rank: 0)
  exitcode  : 1 (pid: 3156559)
  error_file: <N/A>
  traceback : To enable traceback see: https://pytorch.org/docs/stable/elastic/errors.html
============================================================
srun: error: paraai-n32-h-01-agent-72: task 0: Exited with exit code 1
