master_addr is only used for static rdzv_backend and when rdzv_endpoint is not specified.
WARNING:torch.distributed.run:
*****************************************
Setting OMP_NUM_THREADS environment variable for each process to be 1 in default, to avoid your system being overloaded, please further tune the variable for optimal performance in your application as needed. 
*****************************************
paraai-n32-h-01-agent-22
0
------------------ Configuration ------------------  /home/bingxing2/home/scx6115/Ocean_AI_model/config/AFNO.yaml
paraai-n32-h-01-agent-22
0
------------------ Configuration ------------------  /home/bingxing2/home/scx6115/Ocean_AI_model/config/AFNO.yaml
paraai-n32-h-01-agent-22
0
------------------ Configuration ------------------  /home/bingxing2/home/scx6115/Ocean_AI_model/config/AFNO.yaml
paraai-n32-h-01-agent-22
0
------------------ Configuration ------------------  /home/bingxing2/home/scx6115/Ocean_AI_model/config/AFNO.yaml
log_to_wandb True
lr 0.0005
batch_size 32
max_epochs 500
scheduler CosineAnnealingLR
in_channels [0, 1, 2, 3, 4, 5, 6, 7, 8, 9, 10, 11, 12, 13, 14, 15, 16, 17, 18, 19, 20, 21, 22, 23, 24, 25, 26, 27, 28, 29]
out_channels [0, 1, 2, 3, 4, 5, 6, 7, 8, 9, 10, 11, 12, 13, 14, 15, 16, 17, 18, 19, 20, 21, 22, 23, 24]
N_in_channels 31
N_out_channels 25
img_size_h 720
img_size_w 1440
patch_size_h 5
patch_size_w 5
loss l2
num_data_workers 0
dt 1
n_history 0log_to_wandb
prediction_type  Trueiterative

prediction_length lr30 
n_initial_conditions 0.00055

ics_typebatch_size  default32

save_raw_forecasts max_epochsTrue 
500
save_channelscheduler  FalseCosineAnnealingLR

masked_acc Falsein_channels
 maskpath None
perturb[0, 1, 2, 3, 4, 5, 6, 7, 8, 9, 10, 11, 12, 13, 14, 15, 16, 17, 18, 19, 20, 21, 22, 23, 24, 25, 26, 27, 28, 29] 
False
add_grid Falseout_channels
 N_grid_channels 0
[0, 1, 2, 3, 4, 5, 6, 7, 8, 9, 10, 11, 12, 13, 14, 15, 16, 17, 18, 19, 20, 21, 22, 23, 24]
gridtype sinusoidalN_in_channels
 31roll
 False
N_out_channels num_blocks25 
8
nettypeimg_size_h  afno720

patch_sizeimg_size_w  81440

width patch_size_h56 
5
modes patch_size_w32 
5
target lossdefault 
l2
enable_nhwc num_data_workersFalse 
0
optimizer_type dtFusedAdam 
1
normalize Truen_history
 0
normalization prediction_typezscore 
iterative
global_mins_pathprediction_length  ./sample_00/train/global_mins.npy30

global_maxs_path n_initial_conditions./sample_00/train/global_maxs.npy 
5
global_means_path ics_type./sample_00/train/global_means.npy 
default
global_stds_path save_raw_forecasts./sample_00/train/global_stds.npy 
True
train_data_path save_channel./sample_00/train 
False
valid_data_path masked_acc./sample_00/valid 
False
test_data_path maskpath./sample_00/test 
None
land_mask perturbTrue 
False
land_mask_pathadd_grid  ./sample_00/land_mask.h5False

orographyN_grid_channels  True0

orography_norm_zscore_pathgridtype  ./sample_00/orography_norm_zscore.h5sinusoidal

rollorography_norm_maxmin_path  False./sample_00/orography_norm_maxmin.h5

num_blocksexp_dir  8./exp

nettypeadd_noise  afnoFalse

noise_stdpatch_size  08

crop_size_xwidth  None56

crop_size_ymodes  None32

log_to_screentarget  Truedefault

save_checkpointenable_nhwc  TrueFalse

optimizer_type plot_animationsFusedAdam 
False
normalize True
normalization zscore
global_mins_path ./sample_00/train/global_mins.npy
global_maxs_path ./sample_00/train/global_maxs.npy
global_means_path ./sample_00/train/global_means.npy
global_stds_path ./sample_00/train/global_stds.npy
train_data_path ./sample_00/train
valid_data_path ./sample_00/valid
test_data_path ./sample_00/test
land_mask True
land_mask_path ./sample_00/land_mask.h5
orography True
orography_norm_zscore_path ---------------------------------------------------./sample_00/orography_norm_zscore.h5

log_to_wandborography_norm_maxmin_path  ./sample_00/orography_norm_maxmin.h5
Trueexp_dir 
./expworld_size :
 16
add_noiseInitialize distributed process group... 
False
lrnoise_std  0
crop_size_x0.0005 None

crop_size_ybatch_size  None32

log_to_screen True
max_epochssave_checkpoint  500True

schedulerplot_animations  CosineAnnealingLRFalse

in_channels [0, 1, 2, 3, 4, 5, 6, 7, 8, 9, 10, 11, 12, 13, 14, 15, 16, 17, 18, 19, 20, 21, 22, 23, 24, 25, 26, 27, 28, 29]
out_channels [0, 1, 2, 3, 4, 5, 6, 7, 8, 9, 10, 11, 12, 13, 14, 15, 16, 17, 18, 19, 20, 21, 22, 23, 24]
N_in_channels 31
N_out_channels 25
img_size_h 720
img_size_w 1440
patch_size_h 5
---------------------------------------------------patch_size_w
 5
loss l2
num_data_workers 0
dt 1
world_size :n_history  160

Initialize distributed process group...
prediction_type iterative
log_to_wandbprediction_length 30 
Truen_initial_conditions
 5
ics_type lrdefault 
save_raw_forecasts True0.0005

save_channel batch_sizeFalse 
32masked_acc
 False
max_epochsmaskpath  500None

schedulerperturb  CosineAnnealingLRFalse

in_channelsadd_grid  False
N_grid_channels 0
[0, 1, 2, 3, 4, 5, 6, 7, 8, 9, 10, 11, 12, 13, 14, 15, 16, 17, 18, 19, 20, 21, 22, 23, 24, 25, 26, 27, 28, 29]gridtype
 sinusoidal
rollout_channels  False
num_blocks [0, 1, 2, 3, 4, 5, 6, 7, 8, 9, 10, 11, 12, 13, 14, 15, 16, 17, 18, 19, 20, 21, 22, 23, 24]8

nettypeN_in_channels  afno31

patch_sizeN_out_channels  825

width img_size_h56 
720modes
 32img_size_w
 target1440 
default
patch_size_henable_nhwc  5False

patch_size_w 5optimizer_type
 FusedAdamloss
 normalizel2 
True
num_data_workersnormalization  0zscore

dt global_mins_path1 
./sample_00/train/global_mins.npyn_history
 global_maxs_path0 
./sample_00/train/global_maxs.npyprediction_type
 iterativeglobal_means_path
 prediction_length./sample_00/train/global_means.npy 
30global_stds_path 
./sample_00/train/global_stds.npy
n_initial_conditionstrain_data_path  5./sample_00/train

ics_typevalid_data_path  default./sample_00/valid

save_raw_forecaststest_data_path True 
./sample_00/test
save_channelland_mask  TrueFalse

land_mask_path ./sample_00/land_mask.h5masked_acc
 False
orography maskpathTrue 
Noneorography_norm_zscore_path
 perturb./sample_00/orography_norm_zscore.h5 
Falseorography_norm_maxmin_path
 add_grid./sample_00/orography_norm_maxmin.h5 
Falseexp_dir
 N_grid_channels./exp 
0add_noise
 gridtypeFalse 
sinusoidalnoise_std
 roll0 
Falsecrop_size_x
 num_blocksNone 
8crop_size_y
 Nonenettype
 log_to_screenafno 
True
patch_sizesave_checkpoint  8True

widthplot_animations  56False

modes 32
target default
enable_nhwc False
optimizer_type FusedAdam
normalize True
normalization zscore
global_mins_path ./sample_00/train/global_mins.npy
global_maxs_path ./sample_00/train/global_maxs.npy
global_means_path ./sample_00/train/global_means.npy
global_stds_path ./sample_00/train/global_stds.npy
train_data_path ./sample_00/train
valid_data_path ./sample_00/valid
test_data_path ./sample_00/test
land_mask--------------------------------------------------- True

land_mask_path ./sample_00/land_mask.h5
orography True
orography_norm_zscore_path ./sample_00/orography_norm_zscore.h5
orography_norm_maxmin_path ./sample_00/orography_norm_maxmin.h5
world_size : exp_dir16 
./expInitialize distributed process group...

add_noise False
noise_std 0
crop_size_x None
crop_size_y None
log_to_screen True
save_checkpoint True
plot_animations False
---------------------------------------------------
world_size : 16
Initialize distributed process group...
2023-06-09 10:58:48,347 - torch.distributed.distributed_c10d - INFO - Added key: store_based_barrier_key:1 to store for rank: 5
2023-06-09 10:58:48,347 - torch.distributed.distributed_c10d - INFO - Added key: store_based_barrier_key:1 to store for rank: 7
2023-06-09 10:58:48,347 - torch.distributed.distributed_c10d - INFO - Added key: store_based_barrier_key:1 to store for rank: 4
2023-06-09 10:58:48,347 - torch.distributed.distributed_c10d - INFO - Added key: store_based_barrier_key:1 to store for rank: 6
2023-06-09 10:58:48,705 - torch.distributed.distributed_c10d - INFO - Rank 4: Completed store-based barrier for key:store_based_barrier_key:1 with 16 nodes.
2023-06-09 10:58:48,705 - torch.distributed.distributed_c10d - INFO - Rank 6: Completed store-based barrier for key:store_based_barrier_key:1 with 16 nodes.
2023-06-09 10:58:48,705 - torch.distributed.distributed_c10d - INFO - Rank 5: Completed store-based barrier for key:store_based_barrier_key:1 with 16 nodes.
2023-06-09 10:58:48,705 - torch.distributed.distributed_c10d - INFO - Rank 7: Completed store-based barrier for key:store_based_barrier_key:1 with 16 nodes.
2023-06-09 10:58:48,764 - root - INFO - device: cuda:0
2023-06-09 10:58:48,765 - root - INFO - rank 4, begin data loader init
2023-06-09 10:58:48,766 - root - INFO - device: cuda:1
2023-06-09 10:58:48,767 - root - INFO - rank 5, begin data loader init
2023-06-09 10:58:48,769 - root - INFO - device: cuda:2
2023-06-09 10:58:48,769 - root - INFO - rank 6, begin data loader init
2023-06-09 10:58:48,769 - root - INFO - device: cuda:3
2023-06-09 10:58:48,769 - root - INFO - rank 7, begin data loader init
2023-06-09 10:58:48,802 - root - INFO - Getting file stats from ./sample_00/train/2000.h5
2023-06-09 10:58:48,802 - root - INFO - Getting file stats from ./sample_00/train/2000.h5
2023-06-09 10:58:48,802 - root - INFO - Getting file stats from ./sample_00/train/2000.h5
2023-06-09 10:58:48,802 - root - INFO - Getting file stats from ./sample_00/train/2000.h5
2023-06-09 10:58:48,803 - root - INFO - Number of samples per year: 365
2023-06-09 10:58:48,803 - root - INFO - Number of samples per year: 365
2023-06-09 10:58:48,803 - root - INFO - Number of samples per year: 365
2023-06-09 10:58:48,803 - root - INFO - Number of samples per year: 365
2023-06-09 10:58:48,803 - root - INFO - Found data at path ./sample_00/train. Number of examples: 4015. Image Shape: 720 x 1440 x 30
2023-06-09 10:58:48,803 - root - INFO - Found data at path ./sample_00/train. Number of examples: 4015. Image Shape: 720 x 1440 x 30
2023-06-09 10:58:48,803 - root - INFO - Found data at path ./sample_00/train. Number of examples: 4015. Image Shape: 720 x 1440 x 30
2023-06-09 10:58:48,803 - root - INFO - Found data at path ./sample_00/train. Number of examples: 4015. Image Shape: 720 x 1440 x 30
2023-06-09 10:58:48,803 - root - INFO - Delta t: 1 days
2023-06-09 10:58:48,803 - root - INFO - Delta t: 1 days
2023-06-09 10:58:48,803 - root - INFO - Delta t: 1 days
2023-06-09 10:58:48,803 - root - INFO - Delta t: 1 days
2023-06-09 10:58:48,803 - root - INFO - Including 0 days of past history in training at a frequency of 1 days
2023-06-09 10:58:48,803 - root - INFO - Including 0 days of past history in training at a frequency of 1 days
2023-06-09 10:58:48,803 - root - INFO - Including 0 days of past history in training at a frequency of 1 days
2023-06-09 10:58:48,803 - root - INFO - Including 0 days of past history in training at a frequency of 1 days
2023-06-09 10:58:48,846 - root - INFO - Getting file stats from ./sample_00/valid/2011.h5
2023-06-09 10:58:48,846 - root - INFO - Getting file stats from ./sample_00/valid/2011.h5
2023-06-09 10:58:48,846 - root - INFO - Getting file stats from ./sample_00/valid/2011.h5
2023-06-09 10:58:48,846 - root - INFO - Getting file stats from ./sample_00/valid/2011.h5
2023-06-09 10:58:48,847 - root - INFO - Number of samples per year: 364
2023-06-09 10:58:48,847 - root - INFO - Found data at path ./sample_00/valid. Number of examples: 364. Image Shape: 720 x 1440 x 30
2023-06-09 10:58:48,847 - root - INFO - Delta t: 1 days
2023-06-09 10:58:48,847 - root - INFO - Number of samples per year: 364
2023-06-09 10:58:48,847 - root - INFO - Number of samples per year: 364
2023-06-09 10:58:48,847 - root - INFO - Number of samples per year: 364
2023-06-09 10:58:48,847 - root - INFO - Including 0 days of past history in training at a frequency of 1 days
2023-06-09 10:58:48,847 - root - INFO - Found data at path ./sample_00/valid. Number of examples: 364. Image Shape: 720 x 1440 x 30
2023-06-09 10:58:48,847 - root - INFO - Found data at path ./sample_00/valid. Number of examples: 364. Image Shape: 720 x 1440 x 30
2023-06-09 10:58:48,847 - root - INFO - Found data at path ./sample_00/valid. Number of examples: 364. Image Shape: 720 x 1440 x 30
2023-06-09 10:58:48,847 - root - INFO - Delta t: 1 days
2023-06-09 10:58:48,847 - root - INFO - Delta t: 1 days
2023-06-09 10:58:48,847 - root - INFO - Delta t: 1 days
2023-06-09 10:58:48,847 - root - INFO - Including 0 days of past history in training at a frequency of 1 days
2023-06-09 10:58:48,847 - root - INFO - Including 0 days of past history in training at a frequency of 1 days
2023-06-09 10:58:48,847 - root - INFO - Including 0 days of past history in training at a frequency of 1 days
2023-06-09 10:58:48,847 - root - INFO - rank 4, data loader initialized
2023-06-09 10:58:48,848 - root - INFO - rank 5, data loader initialized
2023-06-09 10:58:48,848 - root - INFO - rank 7, data loader initialized
2023-06-09 10:58:48,848 - root - INFO - rank 6, data loader initialized
paraai-n32-h-01-agent-22:2373565:2373565 [0] NCCL INFO cudaDriverVersion 11060
paraai-n32-h-01-agent-22:2373568:2373568 [1] NCCL INFO cudaDriverVersion 11060
paraai-n32-h-01-agent-22:2373573:2373573 [2] NCCL INFO cudaDriverVersion 11060
paraai-n32-h-01-agent-22:2373575:2373575 [3] NCCL INFO cudaDriverVersion 11060
paraai-n32-h-01-agent-22:2373565:2373565 [0] NCCL INFO Bootstrap : Using eth0:172.16.5.244<0>
paraai-n32-h-01-agent-22:2373568:2373568 [1] NCCL INFO Bootstrap : Using eth0:172.16.5.244<0>
paraai-n32-h-01-agent-22:2373575:2373575 [3] NCCL INFO Bootstrap : Using eth0:172.16.5.244<0>
paraai-n32-h-01-agent-22:2373573:2373573 [2] NCCL INFO Bootstrap : Using eth0:172.16.5.244<0>
paraai-n32-h-01-agent-22:2373573:2373573 [2] NCCL INFO NET/Plugin : No plugin found (libnccl-net.so), using internal implementation
paraai-n32-h-01-agent-22:2373575:2373575 [3] NCCL INFO NET/Plugin : No plugin found (libnccl-net.so), using internal implementation
paraai-n32-h-01-agent-22:2373568:2373568 [1] NCCL INFO NET/Plugin : No plugin found (libnccl-net.so), using internal implementation
paraai-n32-h-01-agent-22:2373565:2373565 [0] NCCL INFO NET/Plugin : No plugin found (libnccl-net.so), using internal implementation
paraai-n32-h-01-agent-22:2373568:2376059 [1] NCCL INFO NCCL_IB_DISABLE set by environment to 0.
paraai-n32-h-01-agent-22:2373565:2376060 [0] NCCL INFO NCCL_IB_DISABLE set by environment to 0.
paraai-n32-h-01-agent-22:2373573:2376062 [2] NCCL INFO NCCL_IB_DISABLE set by environment to 0.
paraai-n32-h-01-agent-22:2373575:2376061 [3] NCCL INFO NCCL_IB_DISABLE set by environment to 0.
paraai-n32-h-01-agent-22:2373575:2376061 [3] NCCL INFO NET/IB : Using [0]mlx5_0:1/RoCE [1]mlx5_1:1/RoCE [2]mlx5_2:1/RoCE [3]mlx5_3:1/RoCE [RO]; OOB eth0:172.16.5.244<0>
paraai-n32-h-01-agent-22:2373575:2376061 [3] NCCL INFO Using network IB
paraai-n32-h-01-agent-22:2373573:2376062 [2] NCCL INFO NET/IB : Using [0]mlx5_0:1/RoCE [1]mlx5_1:1/RoCE [2]mlx5_2:1/RoCE [3]mlx5_3:1/RoCE [RO]; OOB eth0:172.16.5.244<0>
paraai-n32-h-01-agent-22:2373573:2376062 [2] NCCL INFO Using network IB
paraai-n32-h-01-agent-22:2373568:2376059 [1] NCCL INFO NET/IB : Using [0]mlx5_0:1/RoCE [1]mlx5_1:1/RoCE [2]mlx5_2:1/RoCE [3]mlx5_3:1/RoCE [RO]; OOB eth0:172.16.5.244<0>
paraai-n32-h-01-agent-22:2373565:2376060 [0] NCCL INFO NET/IB : Using [0]mlx5_0:1/RoCE [1]mlx5_1:1/RoCE [2]mlx5_2:1/RoCE [3]mlx5_3:1/RoCE [RO]; OOB eth0:172.16.5.244<0>
paraai-n32-h-01-agent-22:2373565:2376060 [0] NCCL INFO Using network IB
paraai-n32-h-01-agent-22:2373568:2376059 [1] NCCL INFO Using network IB
paraai-n32-h-01-agent-22:2373568:2376059 [1] NCCL INFO Setting affinity for GPU 1 to ffffffff
paraai-n32-h-01-agent-22:2373565:2376060 [0] NCCL INFO Setting affinity for GPU 0 to ffffffff
paraai-n32-h-01-agent-22:2373575:2376061 [3] NCCL INFO Setting affinity for GPU 3 to ffffffff,00000000,00000000
paraai-n32-h-01-agent-22:2373573:2376062 [2] NCCL INFO Setting affinity for GPU 2 to ffffffff,00000000,00000000
paraai-n32-h-01-agent-22:2373565:2376060 [0] NCCL INFO Trees [0] 5/-1/-1->4->9 [1] 5/0/-1->4->12
paraai-n32-h-01-agent-22:2373568:2376059 [1] NCCL INFO Trees [0] 6/-1/-1->5->4 [1] 6/8/-1->5->4
paraai-n32-h-01-agent-22:2373575:2376061 [3] NCCL INFO Trees [0] -1/-1/-1->7->6 [1] -1/-1/-1->7->6
paraai-n32-h-01-agent-22:2373573:2376062 [2] NCCL INFO Trees [0] 7/-1/-1->6->5 [1] 7/-1/-1->6->5
paraai-n32-h-01-agent-22:2373573:2376062 [2] NCCL INFO Channel 00 : 6[81000] -> 7[82000] via SHM/direct/direct
paraai-n32-h-01-agent-22:2373568:2376059 [1] NCCL INFO Channel 00 : 5[2000] -> 6[81000] via SHM/direct/direct
paraai-n32-h-01-agent-22:2373573:2376062 [2] NCCL INFO Channel 01 : 6[81000] -> 7[82000] via SHM/direct/direct
paraai-n32-h-01-agent-22:2373568:2376059 [1] NCCL INFO Channel 01 : 5[2000] -> 6[81000] via SHM/direct/direct
paraai-n32-h-01-agent-22:2373575:2376061 [3] NCCL INFO Channel 00/0 : 7[82000] -> 8[1000] [send] via NET/IB/0
paraai-n32-h-01-agent-22:2373565:2376060 [0] NCCL INFO Channel 00/0 : 3[82000] -> 4[1000] [receive] via NET/IB/0
paraai-n32-h-01-agent-22:2373575:2376061 [3] NCCL INFO Channel 01/0 : 7[82000] -> 8[1000] [send] via NET/IB/0
paraai-n32-h-01-agent-22:2373565:2376060 [0] NCCL INFO Channel 01/0 : 3[82000] -> 4[1000] [receive] via NET/IB/0
paraai-n32-h-01-agent-22:2373573:2376062 [2] NCCL INFO Connected all rings
paraai-n32-h-01-agent-22:2373565:2376060 [0] NCCL INFO Channel 00 : 4[1000] -> 5[2000] via SHM/direct/direct
paraai-n32-h-01-agent-22:2373565:2376060 [0] NCCL INFO Channel 01 : 4[1000] -> 5[2000] via SHM/direct/direct
paraai-n32-h-01-agent-22:2373568:2376059 [1] NCCL INFO Connected all rings
paraai-n32-h-01-agent-22:2373573:2376062 [2] NCCL INFO Channel 00 : 6[81000] -> 5[2000] via SHM/direct/direct
paraai-n32-h-01-agent-22:2373573:2376062 [2] NCCL INFO Channel 01 : 6[81000] -> 5[2000] via SHM/direct/direct
paraai-n32-h-01-agent-22:2373575:2376083 [3] NCCL INFO NCCL_IB_GID_INDEX set by environment to 3.
paraai-n32-h-01-agent-22:2373575:2376061 [3] NCCL INFO Connected all rings
paraai-n32-h-01-agent-22:2373575:2376061 [3] NCCL INFO Channel 00 : 7[82000] -> 6[81000] via SHM/direct/direct
paraai-n32-h-01-agent-22:2373575:2376061 [3] NCCL INFO Channel 01 : 7[82000] -> 6[81000] via SHM/direct/direct
paraai-n32-h-01-agent-22:2373575:2376061 [3] NCCL INFO Connected all trees
paraai-n32-h-01-agent-22:2373575:2376061 [3] NCCL INFO threadThresholds 8/8/64 | 128/8/64 | 512 | 512
paraai-n32-h-01-agent-22:2373575:2376061 [3] NCCL INFO 2 coll channels, 2 p2p channels, 2 p2p channels per peer
paraai-n32-h-01-agent-22:2373565:2376085 [0] NCCL INFO NCCL_IB_GID_INDEX set by environment to 3.
paraai-n32-h-01-agent-22:2373565:2376085 [0] NCCL INFO NCCL_IB_TIMEOUT set by environment to 23.
paraai-n32-h-01-agent-22:2373565:2376085 [0] NCCL INFO NCCL_IB_RETRY_CNT set by environment to 7.
paraai-n32-h-01-agent-22:2373565:2376060 [0] NCCL INFO Connected all rings
paraai-n32-h-01-agent-22:2373568:2376059 [1] NCCL INFO Channel 01/0 : 5[2000] -> 8[1000] [send] via NET/IB/0
paraai-n32-h-01-agent-22:2373568:2376082 [1] NCCL INFO NCCL_IB_GID_INDEX set by environment to 3.
paraai-n32-h-01-agent-22:2373565:2376060 [0] NCCL INFO Channel 01/0 : 0[1000] -> 4[1000] [receive] via NET/IB/0
paraai-n32-h-01-agent-22:2373568:2376059 [1] NCCL INFO Channel 01/0 : 8[1000] -> 5[2000] [receive] via NET/IB/0
paraai-n32-h-01-agent-22:2373565:2376060 [0] NCCL INFO Channel 00/0 : 4[1000] -> 9[2000] [send] via NET/IB/0
paraai-n32-h-01-agent-22:2373565:2376060 [0] NCCL INFO Channel 01/0 : 12[1000] -> 4[1000] [receive] via NET/IB/0
paraai-n32-h-01-agent-22:2373565:2376060 [0] NCCL INFO Channel 01/0 : 4[1000] -> 12[1000] [send] via NET/IB/0
paraai-n32-h-01-agent-22:2373565:2376060 [0] NCCL INFO Channel 00/0 : 9[2000] -> 4[1000] [receive] via NET/IB/0
paraai-n32-h-01-agent-22:2373565:2376060 [0] NCCL INFO Channel 01/0 : 4[1000] -> 0[1000] [send] via NET/IB/0
paraai-n32-h-01-agent-22:2373568:2376082 [1] NCCL INFO NCCL_IB_TIMEOUT set by environment to 23.
paraai-n32-h-01-agent-22:2373568:2376082 [1] NCCL INFO NCCL_IB_RETRY_CNT set by environment to 7.
paraai-n32-h-01-agent-22:2373568:2376059 [1] NCCL INFO Channel 00 : 5[2000] -> 4[1000] via SHM/direct/direct
paraai-n32-h-01-agent-22:2373568:2376059 [1] NCCL INFO Channel 01 : 5[2000] -> 4[1000] via SHM/direct/direct
paraai-n32-h-01-agent-22:2373565:2376060 [0] NCCL INFO Connected all trees
paraai-n32-h-01-agent-22:2373565:2376060 [0] NCCL INFO threadThresholds 8/8/64 | 128/8/64 | 512 | 512
paraai-n32-h-01-agent-22:2373565:2376060 [0] NCCL INFO 2 coll channels, 2 p2p channels, 2 p2p channels per peer
paraai-n32-h-01-agent-22:2373568:2376059 [1] NCCL INFO Connected all trees
paraai-n32-h-01-agent-22:2373568:2376059 [1] NCCL INFO threadThresholds 8/8/64 | 128/8/64 | 512 | 512
paraai-n32-h-01-agent-22:2373568:2376059 [1] NCCL INFO 2 coll channels, 2 p2p channels, 2 p2p channels per peer
paraai-n32-h-01-agent-22:2373573:2376062 [2] NCCL INFO Connected all trees
paraai-n32-h-01-agent-22:2373573:2376062 [2] NCCL INFO threadThresholds 8/8/64 | 128/8/64 | 512 | 512
paraai-n32-h-01-agent-22:2373573:2376062 [2] NCCL INFO 2 coll channels, 2 p2p channels, 2 p2p channels per peer
paraai-n32-h-01-agent-22:2373568:2376059 [1] NCCL INFO comm 0x368a5840 rank 5 nranks 16 cudaDev 1 busId 2000 - Init COMPLETE
paraai-n32-h-01-agent-22:2373575:2376061 [3] NCCL INFO comm 0x2bac8380 rank 7 nranks 16 cudaDev 3 busId 82000 - Init COMPLETE
paraai-n32-h-01-agent-22:2373573:2376062 [2] NCCL INFO comm 0x21584700 rank 6 nranks 16 cudaDev 2 busId 81000 - Init COMPLETE
paraai-n32-h-01-agent-22:2373565:2376060 [0] NCCL INFO comm 0xea1f4c0 rank 4 nranks 16 cudaDev 0 busId 1000 - Init COMPLETE
paraai-n32-h-01-agent-22:2373575:2376086 [3] NCCL INFO NCCL_IB_TIMEOUT set by environment to 23.
paraai-n32-h-01-agent-22:2373575:2376086 [3] NCCL INFO NCCL_IB_RETRY_CNT set by environment to 7.
Traceback (most recent call last):
  File "/home/bingxing2/home/scx6115/Ocean_AI_model/train_025_bingxing.py", line 480, in <module>
    trainer.train()
  File "/home/bingxing2/home/scx6115/Ocean_AI_model/train_025_bingxing.py", line 143, in train
    tr_time, data_time, train_logs = self.train_one_epoch() 
  File "/home/bingxing2/home/scx6115/Ocean_AI_model/train_025_bingxing.py", line 210, in train_one_epoch
    for i, data in enumerate(self.train_data_loader, 0):
  File "/home/bingxing2/home/scx6115/.conda/envs/torch2.0/lib/python3.10/site-packages/torch/utils/data/dataloader.py", line 634, in __next__
    data = self._next_data()
  File "/home/bingxing2/home/scx6115/.conda/envs/torch2.0/lib/python3.10/site-packages/torch/utils/data/dataloader.py", line 678, in _next_data
    data = self._dataset_fetcher.fetch(index)  # may raise StopIteration
  File "/home/bingxing2/home/scx6115/.conda/envs/torch2.0/lib/python3.10/site-packages/torch/utils/data/_utils/fetch.py", line 51, in fetch
    data = [self.dataset[idx] for idx in possibly_batched_index]
  File "/home/bingxing2/home/scx6115/.conda/envs/torch2.0/lib/python3.10/site-packages/torch/utils/data/_utils/fetch.py", line 51, in <listcomp>
    data = [self.dataset[idx] for idx in possibly_batched_index]
  File "/home/bingxing2/home/scx6115/Ocean_AI_model/utils/data_loader_multifiles.py", line 173, in __getitem__
    inp = reshape_fields( self.files[year_idx][(local_idx - self.dt * self.n_history):(local_idx + 1):self.dt, self.in_channels], 'inp', self.params, self.train, self.normalize, orog, self.add_noise )
  File "/home/bingxing2/home/scx6115/Ocean_AI_model/utils/img_utils.py", line 104, in reshape_fields
    stds = np.load(params.global_stds_path)[:, channels]
  File "/home/bingxing2/home/scx6115/.conda/envs/torch2.0/lib/python3.10/site-packages/numpy/lib/npyio.py", line 405, in load
    fid = stack.enter_context(open(os_fspath(file), "rb"))
FileNotFoundError: [Errno 2] No such file or directory: './sample_00/train/global_stds.npy'
Traceback (most recent call last):
  File "/home/bingxing2/home/scx6115/Ocean_AI_model/train_025_bingxing.py", line 480, in <module>
    trainer.train()
  File "/home/bingxing2/home/scx6115/Ocean_AI_model/train_025_bingxing.py", line 143, in train
    tr_time, data_time, train_logs = self.train_one_epoch() 
  File "/home/bingxing2/home/scx6115/Ocean_AI_model/train_025_bingxing.py", line 210, in train_one_epoch
    for i, data in enumerate(self.train_data_loader, 0):
  File "/home/bingxing2/home/scx6115/.conda/envs/torch2.0/lib/python3.10/site-packages/torch/utils/data/dataloader.py", line 634, in __next__
    data = self._next_data()
  File "/home/bingxing2/home/scx6115/.conda/envs/torch2.0/lib/python3.10/site-packages/torch/utils/data/dataloader.py", line 678, in _next_data
    data = self._dataset_fetcher.fetch(index)  # may raise StopIteration
  File "/home/bingxing2/home/scx6115/.conda/envs/torch2.0/lib/python3.10/site-packages/torch/utils/data/_utils/fetch.py", line 51, in fetch
    data = [self.dataset[idx] for idx in possibly_batched_index]
  File "/home/bingxing2/home/scx6115/.conda/envs/torch2.0/lib/python3.10/site-packages/torch/utils/data/_utils/fetch.py", line 51, in <listcomp>
    data = [self.dataset[idx] for idx in possibly_batched_index]
  File "/home/bingxing2/home/scx6115/Ocean_AI_model/utils/data_loader_multifiles.py", line 173, in __getitem__
    inp = reshape_fields( self.files[year_idx][(local_idx - self.dt * self.n_history):(local_idx + 1):self.dt, self.in_channels], 'inp', self.params, self.train, self.normalize, orog, self.add_noise )
  File "/home/bingxing2/home/scx6115/Ocean_AI_model/utils/img_utils.py", line 104, in reshape_fields
    stds = np.load(params.global_stds_path)[:, channels]
  File "/home/bingxing2/home/scx6115/.conda/envs/torch2.0/lib/python3.10/site-packages/numpy/lib/npyio.py", line 405, in load
    fid = stack.enter_context(open(os_fspath(file), "rb"))
FileNotFoundError: [Errno 2] No such file or directory: './sample_00/train/global_stds.npy'
Traceback (most recent call last):
  File "/home/bingxing2/home/scx6115/Ocean_AI_model/train_025_bingxing.py", line 480, in <module>
    trainer.train()
  File "/home/bingxing2/home/scx6115/Ocean_AI_model/train_025_bingxing.py", line 143, in train
    tr_time, data_time, train_logs = self.train_one_epoch() 
  File "/home/bingxing2/home/scx6115/Ocean_AI_model/train_025_bingxing.py", line 210, in train_one_epoch
    for i, data in enumerate(self.train_data_loader, 0):
  File "/home/bingxing2/home/scx6115/.conda/envs/torch2.0/lib/python3.10/site-packages/torch/utils/data/dataloader.py", line 634, in __next__
    data = self._next_data()
  File "/home/bingxing2/home/scx6115/.conda/envs/torch2.0/lib/python3.10/site-packages/torch/utils/data/dataloader.py", line 678, in _next_data
    data = self._dataset_fetcher.fetch(index)  # may raise StopIteration
  File "/home/bingxing2/home/scx6115/.conda/envs/torch2.0/lib/python3.10/site-packages/torch/utils/data/_utils/fetch.py", line 51, in fetch
    data = [self.dataset[idx] for idx in possibly_batched_index]
  File "/home/bingxing2/home/scx6115/.conda/envs/torch2.0/lib/python3.10/site-packages/torch/utils/data/_utils/fetch.py", line 51, in <listcomp>
    data = [self.dataset[idx] for idx in possibly_batched_index]
  File "/home/bingxing2/home/scx6115/Ocean_AI_model/utils/data_loader_multifiles.py", line 173, in __getitem__
    inp = reshape_fields( self.files[year_idx][(local_idx - self.dt * self.n_history):(local_idx + 1):self.dt, self.in_channels], 'inp', self.params, self.train, self.normalize, orog, self.add_noise )
  File "/home/bingxing2/home/scx6115/Ocean_AI_model/utils/img_utils.py", line 104, in reshape_fields
    stds = np.load(params.global_stds_path)[:, channels]
  File "/home/bingxing2/home/scx6115/.conda/envs/torch2.0/lib/python3.10/site-packages/numpy/lib/npyio.py", line 405, in load
    fid = stack.enter_context(open(os_fspath(file), "rb"))
FileNotFoundError: [Errno 2] No such file or directory: './sample_00/train/global_stds.npy'
Traceback (most recent call last):
  File "/home/bingxing2/home/scx6115/Ocean_AI_model/train_025_bingxing.py", line 480, in <module>
    trainer.train()
  File "/home/bingxing2/home/scx6115/Ocean_AI_model/train_025_bingxing.py", line 143, in train
    tr_time, data_time, train_logs = self.train_one_epoch() 
  File "/home/bingxing2/home/scx6115/Ocean_AI_model/train_025_bingxing.py", line 210, in train_one_epoch
    for i, data in enumerate(self.train_data_loader, 0):
  File "/home/bingxing2/home/scx6115/.conda/envs/torch2.0/lib/python3.10/site-packages/torch/utils/data/dataloader.py", line 634, in __next__
    data = self._next_data()
  File "/home/bingxing2/home/scx6115/.conda/envs/torch2.0/lib/python3.10/site-packages/torch/utils/data/dataloader.py", line 678, in _next_data
    data = self._dataset_fetcher.fetch(index)  # may raise StopIteration
  File "/home/bingxing2/home/scx6115/.conda/envs/torch2.0/lib/python3.10/site-packages/torch/utils/data/_utils/fetch.py", line 51, in fetch
    data = [self.dataset[idx] for idx in possibly_batched_index]
  File "/home/bingxing2/home/scx6115/.conda/envs/torch2.0/lib/python3.10/site-packages/torch/utils/data/_utils/fetch.py", line 51, in <listcomp>
    data = [self.dataset[idx] for idx in possibly_batched_index]
  File "/home/bingxing2/home/scx6115/Ocean_AI_model/utils/data_loader_multifiles.py", line 173, in __getitem__
    inp = reshape_fields( self.files[year_idx][(local_idx - self.dt * self.n_history):(local_idx + 1):self.dt, self.in_channels], 'inp', self.params, self.train, self.normalize, orog, self.add_noise )
  File "/home/bingxing2/home/scx6115/Ocean_AI_model/utils/img_utils.py", line 104, in reshape_fields
    stds = np.load(params.global_stds_path)[:, channels]
  File "/home/bingxing2/home/scx6115/.conda/envs/torch2.0/lib/python3.10/site-packages/numpy/lib/npyio.py", line 405, in load
    fid = stack.enter_context(open(os_fspath(file), "rb"))
FileNotFoundError: [Errno 2] No such file or directory: './sample_00/train/global_stds.npy'
paraai-n32-h-01-agent-22:2373573:2376084 [2] NCCL INFO [Service thread] Connection closed by localRank 2
paraai-n32-h-01-agent-22:2373573:2373573 [2] NCCL INFO comm 0x21584700 rank 6 nranks 16 cudaDev 2 busId 81000 - Abort COMPLETE
paraai-n32-h-01-agent-22:2373568:2376082 [1] NCCL INFO [Service thread] Connection closed by localRank 1
paraai-n32-h-01-agent-22:2373568:2373568 [1] NCCL INFO comm 0x368a5840 rank 5 nranks 16 cudaDev 1 busId 2000 - Abort COMPLETE
paraai-n32-h-01-agent-22:2373565:2376085 [0] NCCL INFO [Service thread] Connection closed by localRank 0
paraai-n32-h-01-agent-22:2373565:2373565 [0] NCCL INFO comm 0xea1f4c0 rank 4 nranks 16 cudaDev 0 busId 1000 - Abort COMPLETE
paraai-n32-h-01-agent-22:2373575:2376083 [3] NCCL INFO [Service thread] Connection closed by localRank 3
paraai-n32-h-01-agent-22:2373575:2373575 [3] NCCL INFO comm 0x2bac8380 rank 7 nranks 16 cudaDev 3 busId 82000 - Abort COMPLETE
WARNING:torch.distributed.elastic.multiprocessing.api:Sending process 2373565 closing signal SIGTERM
WARNING:torch.distributed.elastic.multiprocessing.api:Sending process 2373575 closing signal SIGTERM
ERROR:torch.distributed.elastic.multiprocessing.api:failed (exitcode: 1) local_rank: 1 (pid: 2373568) of binary: /home/bingxing2/home/scx6115/.conda/envs/torch2.0/bin/python
Traceback (most recent call last):
  File "/home/bingxing2/home/scx6115/.conda/envs/torch2.0/bin/torchrun", line 8, in <module>
    sys.exit(main())
  File "/home/bingxing2/home/scx6115/.conda/envs/torch2.0/lib/python3.10/site-packages/torch/distributed/elastic/multiprocessing/errors/__init__.py", line 346, in wrapper
    return f(*args, **kwargs)
  File "/home/bingxing2/home/scx6115/.conda/envs/torch2.0/lib/python3.10/site-packages/torch/distributed/run.py", line 794, in main
    run(args)
  File "/home/bingxing2/home/scx6115/.conda/envs/torch2.0/lib/python3.10/site-packages/torch/distributed/run.py", line 785, in run
    elastic_launch(
  File "/home/bingxing2/home/scx6115/.conda/envs/torch2.0/lib/python3.10/site-packages/torch/distributed/launcher/api.py", line 134, in __call__
    return launch_agent(self._config, self._entrypoint, list(args))
  File "/home/bingxing2/home/scx6115/.conda/envs/torch2.0/lib/python3.10/site-packages/torch/distributed/launcher/api.py", line 250, in launch_agent
    raise ChildFailedError(
torch.distributed.elastic.multiprocessing.errors.ChildFailedError: 
============================================================
train_025_bingxing.py FAILED
------------------------------------------------------------
Failures:
[1]:
  time      : 2023-06-09_10:59:08
  host      : paraai-n32-h-01-agent-22.paraai-n32-h-01.com
  rank      : 6 (local_rank: 2)
  exitcode  : 1 (pid: 2373573)
  error_file: <N/A>
  traceback : To enable traceback see: https://pytorch.org/docs/stable/elastic/errors.html
------------------------------------------------------------
Root Cause (first observed failure):
[0]:
  time      : 2023-06-09_10:59:08
  host      : paraai-n32-h-01-agent-22.paraai-n32-h-01.com
  rank      : 5 (local_rank: 1)
  exitcode  : 1 (pid: 2373568)
  error_file: <N/A>
  traceback : To enable traceback see: https://pytorch.org/docs/stable/elastic/errors.html
============================================================
srun: error: paraai-n32-h-01-agent-22: task 0: Exited with exit code 1
