WARNING:torch.distributed.run:
*****************************************
Setting OMP_NUM_THREADS environment variable for each process to be 1 in default, to avoid your system being overloaded, please further tune the variable for optimal performance in your application as needed. 
*****************************************
paraai-n32-h-01-agent-56
paraai-n32-h-01-agent-56
paraai-n32-h-01-agent-56
paraai-n32-h-01-agent-56
0000



------------------ Configuration ------------------ ------------------ Configuration ------------------ ------------------ Configuration ------------------ ------------------ Configuration ------------------   /home/bingxing2/home/scx6115/Ocean_AI_model/config/AFNO.yaml /home/bingxing2/home/scx6115/Ocean_AI_model/config/AFNO.yaml /home/bingxing2/home/scx6115/Ocean_AI_model/config/AFNO.yaml/home/bingxing2/home/scx6115/Ocean_AI_model/config/AFNO.yaml



log_to_wandb log_to_wandb log_to_wandblog_to_wandbTrue
True
 True Truelr lr 

0.0005
0.0005
lr lr batch_size batch_size 0.0005
0.0005
32
32
batch_size batch_size max_epochs max_epochs 32
32
500
500
max_epochs max_epochs scheduler scheduler 500
500
CosineAnnealingLR
CosineAnnealingLR
scheduler scheduler in_channels in_channels CosineAnnealingLR
CosineAnnealingLR
[0, 1, 2, 3, 4, 5, 6, 7, 8, 9, 10, 11, 12, 13, 14, 15, 16, 17, 18, 19, 20, 21, 22, 23, 24, 25, 26, 27, 28, 29]
[0, 1, 2, 3, 4, 5, 6, 7, 8, 9, 10, 11, 12, 13, 14, 15, 16, 17, 18, 19, 20, 21, 22, 23, 24, 25, 26, 27, 28, 29]
in_channels in_channels out_channels out_channels [0, 1, 2, 3, 4, 5, 6, 7, 8, 9, 10, 11, 12, 13, 14, 15, 16, 17, 18, 19, 20, 21, 22, 23, 24, 25, 26, 27, 28, 29]
[0, 1, 2, 3, 4, 5, 6, 7, 8, 9, 10, 11, 12, 13, 14, 15, 16, 17, 18, 19, 20, 21, 22, 23, 24, 25, 26, 27, 28, 29]
[0, 1, 2, 3, 4, 5, 6, 7, 8, 9, 10, 11, 12, 13, 14, 15, 16, 17, 18, 19, 20, 21, 22, 23, 24]
[0, 1, 2, 3, 4, 5, 6, 7, 8, 9, 10, 11, 12, 13, 14, 15, 16, 17, 18, 19, 20, 21, 22, 23, 24]
out_channels out_channels N_in_channels N_in_channels [0, 1, 2, 3, 4, 5, 6, 7, 8, 9, 10, 11, 12, 13, 14, 15, 16, 17, 18, 19, 20, 21, 22, 23, 24]
[0, 1, 2, 3, 4, 5, 6, 7, 8, 9, 10, 11, 12, 13, 14, 15, 16, 17, 18, 19, 20, 21, 22, 23, 24]
31
31
N_in_channelsN_in_channels N_out_channels N_out_channels  3131
25
25

N_out_channels img_size_h img_size_h N_out_channels 25
720
720
25img_size_h img_size_w img_size_w 
720
1440
1440
img_size_h img_size_w patch_size_h patch_size_h 720
1440
5
5
img_size_wpatch_size_h patch_size_w patch_size_w  5
5
5
1440
patch_size_w loss loss patch_size_h 5
l2
l2
5
loss num_data_workers num_data_workers patch_size_wl2
0
0
 num_data_workers dt dt 5
0
1
1
loss dt n_history n_history l21
0
0

n_history prediction_type prediction_type num_data_workers 0
iterative
iterative
0
prediction_type prediction_length prediction_length dt iterative30
30
1
n_initial_conditions n_initial_conditions 
prediction_length 5
5
n_history 30
ics_type ics_type 0
n_initial_conditions default
default
prediction_type5
save_raw_forecasts save_raw_forecasts  iterativeics_typeTrue
True

 save_channel save_channel prediction_length default
False
False
30
save_raw_forecasts masked_acc masked_accn_initial_conditions TrueFalse
 5
maskpath False
save_channelNone

ics_type perturb maskpath  FalseFalse
None
default
add_grid perturb 
masked_accFalse
False
save_raw_forecasts FalseN_grid_channels add_grid  
0
False
True
maskpathgridtype N_grid_channels save_channel sinusoidal
0
 Nonerollgridtype False
 Falsesinusoidal

perturb
roll masked_acc Falsenum_blocks False
 
8
num_blocks False
add_gridnettype 8
maskpath afno
nettype  Falsepatch_size afno
None
8
patch_size 
N_grid_channelswidth 8
perturb 56
width  0modes 56
False
32
modes 
gridtypetarget 32
add_grid default
target  sinusoidal
enable_nhwc default
FalserollFalse
enable_nhwc 
 Falseoptimizer_type False
N_grid_channels
FusedAdam
optimizer_type  num_blocksnormalize FusedAdam0 True

8
normalizegridtype
normalization True sinusoidalnettype 

 zscorenormalization roll afno
zscore
False
global_mins_pathglobal_mins_path
patch_size  ./sample_00/train/global_mins.npynum_blocks ./sample_00/train/global_mins.npy
 8

global_maxs_path 8widthglobal_maxs_path./sample_00/train/global_maxs.npy

  global_means_path nettype56./sample_00/train/global_maxs.npy./sample_00/train/global_means.npy
 

global_stds_pathafnomodesglobal_means_path 
  ./sample_00/train/global_stds.npypatch_size32./sample_00/train/global_means.npy
 

train_data_path 8targetglobal_stds_path./sample_00/train

  ./sample_00/train/global_stds.npyvalid_data_path widthdefault
./sample_00/valid 
train_data_path
56enable_nhwc test_data_path
 ./sample_00/train ./sample_00/testmodesFalse

 
valid_data_pathland_mask 32optimizer_type ./sample_00/validTrue

 
land_mask_pathtargetFusedAdam
test_data_path ./sample_00/land_mask.h5 normalize  
defaultTrue./sample_00/testorography 


True
enable_nhwcnormalizationland_maskorography_norm_zscore_path    ./sample_00/orography_norm_zscore.h5
FalsezscoreTrueorography_norm_maxmin_path 


./sample_00/orography_norm_maxmin.h5
optimizer_typeglobal_mins_pathland_mask_pathexp_dir    ./expFusedAdam./sample_00/train/global_mins.npy./sample_00/land_mask.h5



orographyadd_noisenormalizeglobal_maxs_path  False  True
True./sample_00/train/global_maxs.npy

noise_std 
global_means_pathorography_norm_zscore_path0
normalization ./sample_00/train/global_means.npy crop_size_x 
./sample_00/orography_norm_zscore.h5 Nonezscoreglobal_stds_path 


./sample_00/train/global_stds.npyorography_norm_maxmin_pathcrop_size_y global_mins_path
 None
 train_data_path ./sample_00/orography_norm_maxmin.h5
log_to_screen ./sample_00/train/global_mins.npy./sample_00/trainexp_dirTrue


 save_checkpoint global_maxs_pathvalid_data_path ./expTrue
 ./sample_00/valid
plot_animations ./sample_00/train/global_maxs.npy
add_noiseFalse

test_data_path  ---------------------------------------------------global_means_path./sample_00/testFalse
 

world_size :./sample_00/train/global_means.npyland_masknoise_std 
 True 16
global_stds_path
0Initialize distributed process group...
 land_mask_path
./sample_00/train/global_stds.npy crop_size_x
./sample_00/land_mask.h5 Nonetrain_data_path 2023-06-08 21:40:43,735 - torch.distributed.distributed_c10d - INFO - Added key: store_based_barrier_key:1 to store for rank: 2


./sample_00/trainorographycrop_size_y 
 None
valid_data_pathTrue
log_to_screen orography_norm_zscore_path  True./sample_00/valid./sample_00/orography_norm_zscore.h5


orography_norm_maxmin_pathsave_checkpoint test_data_path ./sample_00/orography_norm_maxmin.h5True
 
plot_animations ./sample_00/testexp_dirFalse

 ---------------------------------------------------
land_mask./exp
world_size :  add_noise 16TrueFalse


noise_stdInitialize distributed process group...
land_mask_path  0./sample_00/land_mask.h5
2023-06-08 21:40:43,797 - torch.distributed.distributed_c10d - INFO - Added key: store_based_barrier_key:1 to store for rank: 3

orography crop_size_xTrue 
Noneorography_norm_zscore_path
 crop_size_y./sample_00/orography_norm_zscore.h5 
Noneorography_norm_maxmin_path
 log_to_screen./sample_00/orography_norm_maxmin.h5 
Trueexp_dir 
./expsave_checkpoint
 add_noiseTrue 
Falseplot_animations
 noise_stdFalse 
0---------------------------------------------------

crop_size_xworld_size :  None16

crop_size_yInitialize distributed process group... 
None
log_to_screen 2023-06-08 21:40:43,853 - torch.distributed.distributed_c10d - INFO - Added key: store_based_barrier_key:1 to store for rank: 0
True
save_checkpoint True
plot_animations False
---------------------------------------------------
world_size : 16
Initialize distributed process group...
2023-06-08 21:40:43,875 - torch.distributed.distributed_c10d - INFO - Added key: store_based_barrier_key:1 to store for rank: 1
2023-06-08 21:40:43,875 - torch.distributed.distributed_c10d - INFO - Rank 0: Completed store-based barrier for key:store_based_barrier_key:1 with 16 nodes.
2023-06-08 21:40:43,876 - torch.distributed.distributed_c10d - INFO - Rank 1: Completed store-based barrier for key:store_based_barrier_key:1 with 16 nodes.
2023-06-08 21:40:43,881 - torch.distributed.distributed_c10d - INFO - Rank 3: Completed store-based barrier for key:store_based_barrier_key:1 with 16 nodes.
2023-06-08 21:40:43,883 - torch.distributed.distributed_c10d - INFO - Rank 2: Completed store-based barrier for key:store_based_barrier_key:1 with 16 nodes.
2023-06-08 21:40:44,005 - root - INFO - device: cuda:1
2023-06-08 21:40:44,006 - root - INFO - rank 1, begin data loader init
2023-06-08 21:40:44,013 - root - INFO - device: cuda:3
2023-06-08 21:40:44,013 - root - INFO - device: cuda:2
2023-06-08 21:40:44,014 - root - INFO - rank 3, begin data loader init
2023-06-08 21:40:44,015 - root - INFO - ------------------ Configuration ------------------
2023-06-08 21:40:44,015 - root - INFO - rank 2, begin data loader init
2023-06-08 21:40:44,016 - root - INFO - Getting file stats from ./sample_00/train/2000.h5
2023-06-08 21:40:44,017 - root - INFO - Configuration file: /home/bingxing2/home/scx6115/Ocean_AI_model/config/AFNO.yaml
2023-06-08 21:40:44,018 - root - INFO - Getting file stats from ./sample_00/train/2000.h5
2023-06-08 21:40:44,020 - root - INFO - Configuration name: afno_backbone
2023-06-08 21:40:44,020 - root - INFO - Number of samples per year: 365
2023-06-08 21:40:44,021 - root - INFO - Getting file stats from ./sample_00/train/2000.h5
2023-06-08 21:40:44,022 - root - INFO - log_to_wandb True
2023-06-08 21:40:44,022 - root - INFO - Number of samples per year: 365
2023-06-08 21:40:44,023 - root - INFO - Found data at path ./sample_00/train. Number of examples: 1460. Image Shape: 720 x 1440 x 30
2023-06-08 21:40:44,025 - root - INFO - lr 0.0005
2023-06-08 21:40:44,025 - root - INFO - Number of samples per year: 365
2023-06-08 21:40:44,025 - root - INFO - Found data at path ./sample_00/train. Number of examples: 1460. Image Shape: 720 x 1440 x 30
2023-06-08 21:40:44,026 - root - INFO - Delta t: 1 days
2023-06-08 21:40:44,027 - root - INFO - batch_size 2
2023-06-08 21:40:44,028 - root - INFO - Found data at path ./sample_00/train. Number of examples: 1460. Image Shape: 720 x 1440 x 30
2023-06-08 21:40:44,029 - root - INFO - Delta t: 1 days
2023-06-08 21:40:44,030 - root - INFO - Including 0 days of past history in training at a frequency of 1 days
2023-06-08 21:40:44,031 - root - INFO - max_epochs 500
2023-06-08 21:40:44,032 - root - INFO - Delta t: 1 days
2023-06-08 21:40:44,033 - root - INFO - Including 0 days of past history in training at a frequency of 1 days
2023-06-08 21:40:44,035 - root - INFO - scheduler CosineAnnealingLR
2023-06-08 21:40:44,036 - root - INFO - Including 0 days of past history in training at a frequency of 1 days
2023-06-08 21:40:44,038 - root - INFO - in_channels [0, 1, 2, 3, 4, 5, 6, 7, 8, 9, 10, 11, 12, 13, 14, 15, 16, 17, 18, 19, 20, 21, 22, 23, 24, 25, 26, 27, 28, 29]
2023-06-08 21:40:44,039 - root - INFO - out_channels [0, 1, 2, 3, 4, 5, 6, 7, 8, 9, 10, 11, 12, 13, 14, 15, 16, 17, 18, 19, 20, 21, 22, 23, 24]
2023-06-08 21:40:44,040 - root - INFO - N_in_channels 31
2023-06-08 21:40:44,040 - root - INFO - Getting file stats from ./sample_00/valid/2006.h5
2023-06-08 21:40:44,040 - root - INFO - Getting file stats from ./sample_00/valid/2006.h5
2023-06-08 21:40:44,040 - root - INFO - Getting file stats from ./sample_00/valid/2006.h5
2023-06-08 21:40:44,041 - root - INFO - N_out_channels 25
2023-06-08 21:40:44,043 - root - INFO - Number of samples per year: 364
2023-06-08 21:40:44,044 - root - INFO - Number of samples per year: 364
2023-06-08 21:40:44,044 - root - INFO - img_size_h 720
2023-06-08 21:40:44,044 - root - INFO - Number of samples per year: 364
2023-06-08 21:40:44,045 - root - INFO - Found data at path ./sample_00/valid. Number of examples: 364. Image Shape: 720 x 1440 x 30
2023-06-08 21:40:44,046 - root - INFO - Found data at path ./sample_00/valid. Number of examples: 364. Image Shape: 720 x 1440 x 30
2023-06-08 21:40:44,047 - root - INFO - img_size_w 1440
2023-06-08 21:40:44,048 - root - INFO - Found data at path ./sample_00/valid. Number of examples: 364. Image Shape: 720 x 1440 x 30
2023-06-08 21:40:44,049 - root - INFO - Delta t: 1 days
2023-06-08 21:40:44,050 - root - INFO - Delta t: 1 days
2023-06-08 21:40:44,051 - root - INFO - patch_size_h 5
2023-06-08 21:40:44,051 - root - INFO - Delta t: 1 days
2023-06-08 21:40:44,052 - root - INFO - Including 0 days of past history in training at a frequency of 1 days
2023-06-08 21:40:44,053 - root - INFO - Including 0 days of past history in training at a frequency of 1 days
2023-06-08 21:40:44,054 - root - INFO - patch_size_w 5
2023-06-08 21:40:44,055 - root - INFO - Including 0 days of past history in training at a frequency of 1 days
2023-06-08 21:40:44,056 - root - INFO - rank 1, data loader initialized
2023-06-08 21:40:44,057 - root - INFO - rank 2, data loader initialized
2023-06-08 21:40:44,058 - root - INFO - loss l2
2023-06-08 21:40:44,059 - root - INFO - rank 3, data loader initialized
2023-06-08 21:40:44,061 - root - INFO - num_data_workers 0
2023-06-08 21:40:44,063 - root - INFO - dt 1
2023-06-08 21:40:44,064 - root - INFO - n_history 0
2023-06-08 21:40:44,065 - root - INFO - prediction_type iterative
2023-06-08 21:40:44,066 - root - INFO - prediction_length 30
2023-06-08 21:40:44,067 - root - INFO - n_initial_conditions 5
2023-06-08 21:40:44,068 - root - INFO - ics_type default
2023-06-08 21:40:44,069 - root - INFO - save_raw_forecasts True
2023-06-08 21:40:44,070 - root - INFO - save_channel False
2023-06-08 21:40:44,071 - root - INFO - masked_acc False
2023-06-08 21:40:44,072 - root - INFO - maskpath None
2023-06-08 21:40:44,073 - root - INFO - perturb False
2023-06-08 21:40:44,074 - root - INFO - add_grid False
2023-06-08 21:40:44,075 - root - INFO - N_grid_channels 0
2023-06-08 21:40:44,076 - root - INFO - gridtype sinusoidal
2023-06-08 21:40:44,077 - root - INFO - roll False
2023-06-08 21:40:44,077 - root - INFO - num_blocks 8
2023-06-08 21:40:44,078 - root - INFO - nettype afno
2023-06-08 21:40:44,079 - root - INFO - patch_size 8
2023-06-08 21:40:44,080 - root - INFO - width 56
2023-06-08 21:40:44,081 - root - INFO - modes 32
2023-06-08 21:40:44,082 - root - INFO - target default
2023-06-08 21:40:44,083 - root - INFO - enable_nhwc False
2023-06-08 21:40:44,084 - root - INFO - optimizer_type FusedAdam
2023-06-08 21:40:44,085 - root - INFO - normalize True
2023-06-08 21:40:44,086 - root - INFO - normalization zscore
2023-06-08 21:40:44,087 - root - INFO - global_mins_path ./sample_00/train/global_mins.npy
2023-06-08 21:40:44,088 - root - INFO - global_maxs_path ./sample_00/train/global_maxs.npy
2023-06-08 21:40:44,089 - root - INFO - global_means_path ./sample_00/train/global_means.npy
2023-06-08 21:40:44,090 - root - INFO - global_stds_path ./sample_00/train/global_stds.npy
2023-06-08 21:40:44,091 - root - INFO - train_data_path ./sample_00/train
2023-06-08 21:40:44,092 - root - INFO - valid_data_path ./sample_00/valid
2023-06-08 21:40:44,093 - root - INFO - test_data_path ./sample_00/test
2023-06-08 21:40:44,094 - root - INFO - land_mask True
2023-06-08 21:40:44,095 - root - INFO - land_mask_path ./sample_00/land_mask.h5
2023-06-08 21:40:44,096 - root - INFO - orography True
2023-06-08 21:40:44,097 - root - INFO - orography_norm_zscore_path ./sample_00/orography_norm_zscore.h5
2023-06-08 21:40:44,098 - root - INFO - orography_norm_maxmin_path ./sample_00/orography_norm_maxmin.h5
2023-06-08 21:40:44,099 - root - INFO - exp_dir ./exp
2023-06-08 21:40:44,100 - root - INFO - add_noise False
2023-06-08 21:40:44,101 - root - INFO - noise_std 0
2023-06-08 21:40:44,102 - root - INFO - crop_size_x None
2023-06-08 21:40:44,103 - root - INFO - crop_size_y None
2023-06-08 21:40:44,104 - root - INFO - log_to_screen True
2023-06-08 21:40:44,105 - root - INFO - save_checkpoint True
2023-06-08 21:40:44,106 - root - INFO - plot_animations False
2023-06-08 21:40:44,107 - root - INFO - epsilon_factor 0
2023-06-08 21:40:44,108 - root - INFO - world_size 16
2023-06-08 21:40:44,109 - root - INFO - local_rank 0
2023-06-08 21:40:44,110 - root - INFO - global_batch_size 32
2023-06-08 21:40:44,111 - root - INFO - enable_amp True
2023-06-08 21:40:44,111 - root - INFO - experiment_dir /home/bingxing2/home/scx6115/Ocean_AI_model/exp/afno_backbone/20230608-214024
2023-06-08 21:40:44,112 - root - INFO - checkpoint_path ./exp/afno_backbone/20230608-214024/training_checkpoints/ckpt.tar
2023-06-08 21:40:44,113 - root - INFO - best_checkpoint_path ./exp/afno_backbone/20230608-214024/training_checkpoints/best_ckpt.tar
2023-06-08 21:40:44,114 - root - INFO - resuming False
2023-06-08 21:40:44,115 - root - INFO - entity ocean_ai_model
2023-06-08 21:40:44,116 - root - INFO - project ai4science
2023-06-08 21:40:44,117 - root - INFO - group 025_daily
2023-06-08 21:40:44,118 - root - INFO - name afno_backbone_20230608-214024
2023-06-08 21:40:44,119 - root - INFO - ---------------------------------------------------
wandb: Tracking run with wandb version 0.15.3
wandb: W&B syncing is set to `offline` in this directory.  
wandb: Run `wandb online` or set WANDB_MODE=online to enable cloud syncing.
2023-06-08 21:40:53,441 - root - INFO - device: cuda:0
2023-06-08 21:40:53,441 - root - INFO - rank 0, begin data loader init
2023-06-08 21:40:53,481 - root - INFO - Getting file stats from ./sample_00/train/2000.h5
2023-06-08 21:40:53,483 - root - INFO - Number of samples per year: 365
2023-06-08 21:40:53,483 - root - INFO - Found data at path ./sample_00/train. Number of examples: 1460. Image Shape: 720 x 1440 x 30
2023-06-08 21:40:53,483 - root - INFO - Delta t: 1 days
2023-06-08 21:40:53,483 - root - INFO - Including 0 days of past history in training at a frequency of 1 days
2023-06-08 21:40:53,486 - root - INFO - Getting file stats from ./sample_00/valid/2006.h5
2023-06-08 21:40:53,487 - root - INFO - Number of samples per year: 364
2023-06-08 21:40:53,487 - root - INFO - Found data at path ./sample_00/valid. Number of examples: 364. Image Shape: 720 x 1440 x 30
2023-06-08 21:40:53,487 - root - INFO - Delta t: 1 days
2023-06-08 21:40:53,487 - root - INFO - Including 0 days of past history in training at a frequency of 1 days
2023-06-08 21:40:53,488 - root - INFO - rank 0, data loader initialized

paraai-n32-h-01-agent-56:3020158:3020158 [0] bootstrap.cc:40 NCCL WARN Bootstrap : no socket interface found
paraai-n32-h-01-agent-56:3020158:3020158 [0] NCCL INFO init.cc:87 -> 3
paraai-n32-h-01-agent-56:3020158:3020158 [0] NCCL INFO init.cc:105 -> 3
Traceback (most recent call last):
  File "/home/bingxing2/home/scx6115/Ocean_AI_model/train_025_bingxing.py", line 479, in <module>
    trainer = Trainer(params, world_rank)
  File "/home/bingxing2/home/scx6115/Ocean_AI_model/train_025_bingxing.py", line 100, in __init__
    self.model = DistributedDataParallel(self.model,
  File "/home/bingxing2/home/scx6115/.conda/envs/torch2.0/lib/python3.10/site-packages/torch/nn/parallel/distributed.py", line 674, in __init__
    _verify_param_shape_across_processes(self.process_group, parameters)
  File "/home/bingxing2/home/scx6115/.conda/envs/torch2.0/lib/python3.10/site-packages/torch/distributed/utils.py", line 118, in _verify_param_shape_across_processes
    return dist._verify_params_across_processes(process_group, tensors, logger)
torch.distributed.DistBackendError: NCCL error in: /home/bingxing2/home/scx6002/wuxm/2.0.0_cu117_cp310/pytorch/torch/csrc/distributed/c10d/ProcessGroupNCCL.cpp:1207, internal error, NCCL version 2.14.3
ncclInternalError: Internal check failed.
Last error:
Bootstrap : no socket interface found
wandb: Waiting for W&B process to finish... (failed 1).
wandb: You can sync this run to the cloud by running:
wandb: wandb sync /home/bingxing2/home/scx6115/Ocean_AI_model/wandb/offline-run-20230608_214045-vsvwr9lr
wandb: Find logs at: ./wandb/offline-run-20230608_214045-vsvwr9lr/logs
WARNING:torch.distributed.elastic.multiprocessing.api:Sending process 3020159 closing signal SIGTERM
WARNING:torch.distributed.elastic.multiprocessing.api:Sending process 3020160 closing signal SIGTERM
WARNING:torch.distributed.elastic.multiprocessing.api:Sending process 3020161 closing signal SIGTERM
ERROR:torch.distributed.elastic.multiprocessing.api:failed (exitcode: 1) local_rank: 0 (pid: 3020158) of binary: /home/bingxing2/home/scx6115/.conda/envs/torch2.0/bin/python
