master_addr is only used for static rdzv_backend and when rdzv_endpoint is not specified.
WARNING:torch.distributed.run:
*****************************************
Setting OMP_NUM_THREADS environment variable for each process to be 1 in default, to avoid your system being overloaded, please further tune the variable for optimal performance in your application as needed. 
*****************************************
paraai-n32-h-01-agent-73
paraai-n32-h-01-agent-73
00

------------------ Configuration ------------------ ------------------ Configuration ------------------   /home/bingxing2/home/scx6115/Ocean_AI_model/config/Model.yaml/home/bingxing2/home/scx6115/Ocean_AI_model/config/Model.yaml

paraai-n32-h-01-agent-73
0
------------------ Configuration ------------------  /home/bingxing2/home/scx6115/Ocean_AI_model/config/Model.yaml
paraai-n32-h-01-agent-73
0
------------------ Configuration ------------------  /home/bingxing2/home/scx6115/Ocean_AI_model/config/Model.yaml
nettype Masked_AE_fusion
log_to_wandb True
lr 0.001
batch_size 32
max_epochs 100
scheduler CosineAnnealingLR
fusion_3d_2d True
in_chans 31
out_chans 25
in_channels [0, 1, 2, 3, 4, 5, 6, 7, 8, 9, 10, 11, 12, 13, 14, 15, 16, 17, 18, 19, 20, 21, 22, 23, 24, 25, 26, 27, 28, 29]
out_channels [0, 1, 2, 3, 4, 5, 6, 7, 8, 9, 10, 11, 12, 13, 14, 15, 16, 17, 18, 19, 20, 21, 22, 23, 24]
img_size_h 720
img_size_w 1440
patch_size_h 16
patch_size_w 16
patch_size_d 2
mlp_ratio 4.0
in_chans_2d 7
out_chans_2d 1
in_chans_3d 4
out_chans_3d 4
var_depth 6
embed_dim 512
depthnettype  16Masked_AE_fusion

num_headslog_to_wandb  16True

decoder_embed_dimlr  5120.001

decoder_depthbatch_size  832

decoder_num_headsmax_epochs  16100

drop_ratescheduler  0.0CosineAnnealingLR

drop_path_ratefusion_3d_2d  0.0True

sparsity_thresholdin_chans  0.0131

hard_thresholding_fractionout_chans  1.025

num_blocksin_channels  8[0, 1, 2, 3, 4, 5, 6, 7, 8, 9, 10, 11, 12, 13, 14, 15, 16, 17, 18, 19, 20, 21, 22, 23, 24, 25, 26, 27, 28, 29]

lossout_channels  l2[0, 1, 2, 3, 4, 5, 6, 7, 8, 9, 10, 11, 12, 13, 14, 15, 16, 17, 18, 19, 20, 21, 22, 23, 24]

num_data_workersimg_size_h  0720

dtimg_size_w  11440

n_historypatch_size_h  016

prediction_typepatch_size_w  iterative16

prediction_lengthpatch_size_d  412

n_initial_conditionsmlp_ratio  54.0

ics_typein_chans_2d  default7

date_stringsout_chans_2d  ['2018-09-14 00:00:00']1

save_raw_forecastsin_chans_3d  True4

save_channelout_chans_3d  False4

masked_accvar_depth  False6

maskpathembed_dim  None512

perturbdepth  False16

add_gridnum_heads  False16

N_grid_channelsdecoder_embed_dim  0512

gridtypedecoder_depth  sinusoidal8

rolldecoder_num_heads  False16

enable_nhwcdrop_rate  False0.0

optimizer_typedrop_path_rate  FusedAdam0.0

exp_dirsparsity_threshold  ./exp0.01

patch_sizehard_thresholding_fraction  81.0

widthnum_blocks  568

modesloss  32l2

targetnum_data_workers  default0

train_data_pathdt  /home/bingxing2/home/scx6115/Ocean_AI_model/sample_00/train1

valid_data_pathn_history  /home/bingxing2/home/scx6115/Ocean_AI_model/sample_00/valid0

test_data_pathprediction_type  /home/bingxing2/home/scx6115/Ocean_AI_model/sample_00/testiterative

land_maskprediction_length  True41

land_mask_pathn_initial_conditions  /home/bingxing2/home/scx6115/Ocean_AI_model/sample_00/land_mask.h55

normalizeics_type  Truedefault

normalizationdate_strings  zscore['2018-09-14 00:00:00']

global_mins_pathsave_raw_forecasts  /home/bingxing2/home/scx6115/Ocean_AI_model/sample_00/train/global_mins.npyTrue

global_maxs_pathsave_channel  /home/bingxing2/home/scx6115/Ocean_AI_model/sample_00/train/global_maxs.npyFalse

global_means_pathmasked_acc  /home/bingxing2/home/scx6115/Ocean_AI_model/sample_00/train/global_means.npyFalse

global_stds_pathmaskpath  /home/bingxing2/home/scx6115/Ocean_AI_model/sample_00/train/global_stds.npyNone

orographyperturb  TrueFalse

orography_norm_zscore_pathadd_grid  /home/bingxing2/home/scx6115/Ocean_AI_model/sample_00/orography_norm_zscore.h5False

orography_norm_maxmin_pathN_grid_channels  /home/bingxing2/home/scx6115/Ocean_AI_model/sample_00/orography_norm_maxmin.h50

add_noisegridtype  Falsesinusoidal

noise_stdroll  0False

crop_size_xenable_nhwc  NoneFalse

crop_size_yoptimizer_type  NoneFusedAdam

log_to_screenexp_dir  True./exp

save_checkpointpatch_size  True8

plot_animationswidth  False56

modes 32
target default
train_data_path /home/bingxing2/home/scx6115/Ocean_AI_model/sample_00/train
---------------------------------------------------valid_data_path
 /home/bingxing2/home/scx6115/Ocean_AI_model/sample_00/valid
world_size :test_data_path  16/home/bingxing2/home/scx6115/Ocean_AI_model/sample_00/test

Initialize distributed process group...land_mask
 True
land_mask_path /home/bingxing2/home/scx6115/Ocean_AI_model/sample_00/land_mask.h5
normalize True
normalization zscore
global_mins_path /home/bingxing2/home/scx6115/Ocean_AI_model/sample_00/train/global_mins.npy
global_maxs_path /home/bingxing2/home/scx6115/Ocean_AI_model/sample_00/train/global_maxs.npy
global_means_path /home/bingxing2/home/scx6115/Ocean_AI_model/sample_00/train/global_means.npy
global_stds_path /home/bingxing2/home/scx6115/Ocean_AI_model/sample_00/train/global_stds.npy
orography True
orography_norm_zscore_path /home/bingxing2/home/scx6115/Ocean_AI_model/sample_00/orography_norm_zscore.h5
orography_norm_maxmin_path /home/bingxing2/home/scx6115/Ocean_AI_model/sample_00/orography_norm_maxmin.h5
add_noise False
noise_std 0
crop_size_x None
crop_size_y None
log_to_screen True
save_checkpoint True
plot_animations False
---------------------------------------------------
world_size : 16
Initialize distributed process group...
2023-06-13 15:43:04,783 - torch.distributed.distributed_c10d - INFO - Added key: store_based_barrier_key:1 to store for rank: 1
nettype Masked_AE_fusion
log_to_wandb True
lr 0.001
batch_size 32
max_epochs 100
scheduler CosineAnnealingLR
fusion_3d_2d True
in_chans 31
out_chans 25
in_channels [0, 1, 2, 3, 4, 5, 6, 7, 8, 9, 10, 11, 12, 13, 14, 15, 16, 17, 18, 19, 20, 21, 22, 23, 24, 25, 26, 27, 28, 29]
out_channels [0, 1, 2, 3, 4, 5, 6, 7, 8, 9, 10, 11, 12, 13, 14, 15, 16, 17, 18, 19, 20, 21, 22, 23, 24]
img_size_h 720
img_size_w 1440
patch_size_h 16
patch_size_w 16
patch_size_d 2
mlp_ratio 4.0
in_chans_2d 7
out_chans_2d 1
in_chans_3d 4
out_chans_3d 4
var_depth 6
embed_dim 512
depth 16
num_heads 16
decoder_embed_dim 512
decoder_depth 8
decoder_num_heads 16
drop_rate 0.0
drop_path_rate 0.0
sparsity_threshold 0.01
hard_thresholding_fraction 1.0
num_blocks 8
loss l2
num_data_workers 0
dt 1
n_history 0
prediction_type iterative
prediction_length 41
n_initial_conditions 5
ics_type default
date_strings ['2018-09-14 00:00:00']
save_raw_forecasts True
save_channel False
masked_acc False
maskpath None
perturb False
add_grid False
N_grid_channels 0
gridtype sinusoidal
rollnettype  FalseMasked_AE_fusion

enable_nhwclog_to_wandb  FalseTrue

optimizer_typelr  FusedAdam0.001

exp_dirbatch_size  ./exp32

patch_sizemax_epochs  8100

widthscheduler  56CosineAnnealingLR

modesfusion_3d_2d  32True

targetin_chans  default31

train_data_pathout_chans  /home/bingxing2/home/scx6115/Ocean_AI_model/sample_00/train25

valid_data_pathin_channels  /home/bingxing2/home/scx6115/Ocean_AI_model/sample_00/valid[0, 1, 2, 3, 4, 5, 6, 7, 8, 9, 10, 11, 12, 13, 14, 15, 16, 17, 18, 19, 20, 21, 22, 23, 24, 25, 26, 27, 28, 29]

test_data_pathout_channels  /home/bingxing2/home/scx6115/Ocean_AI_model/sample_00/test[0, 1, 2, 3, 4, 5, 6, 7, 8, 9, 10, 11, 12, 13, 14, 15, 16, 17, 18, 19, 20, 21, 22, 23, 24]

land_maskimg_size_h  True720

land_mask_pathimg_size_w  /home/bingxing2/home/scx6115/Ocean_AI_model/sample_00/land_mask.h51440

normalizepatch_size_h  True16

normalizationpatch_size_w  zscore16

global_mins_pathpatch_size_d  /home/bingxing2/home/scx6115/Ocean_AI_model/sample_00/train/global_mins.npy2

global_maxs_pathmlp_ratio  /home/bingxing2/home/scx6115/Ocean_AI_model/sample_00/train/global_maxs.npy4.0

global_means_pathin_chans_2d  /home/bingxing2/home/scx6115/Ocean_AI_model/sample_00/train/global_means.npy7

global_stds_pathout_chans_2d  /home/bingxing2/home/scx6115/Ocean_AI_model/sample_00/train/global_stds.npy1

orographyin_chans_3d  True4

orography_norm_zscore_pathout_chans_3d  /home/bingxing2/home/scx6115/Ocean_AI_model/sample_00/orography_norm_zscore.h54

orography_norm_maxmin_pathvar_depth  /home/bingxing2/home/scx6115/Ocean_AI_model/sample_00/orography_norm_maxmin.h56

add_noiseembed_dim  False512

noise_stddepth  016

crop_size_xnum_heads  None16

crop_size_ydecoder_embed_dim  None512

log_to_screendecoder_depth  True8

save_checkpointdecoder_num_heads  True16

plot_animationsdrop_rate  False0.0

drop_path_rate 0.0
sparsity_threshold 0.01
---------------------------------------------------hard_thresholding_fraction
 1.0
num_blocksworld_size :  816

lossInitialize distributed process group... 
l2
num_data_workers 0
dt 1
n_history 0
prediction_type iterative
prediction_length 41
n_initial_conditions 5
ics_type default
date_strings ['2018-09-14 00:00:00']
save_raw_forecasts True
save_channel False
masked_acc False
maskpath None
perturb False
add_grid False
N_grid_channels 0
gridtype sinusoidal
roll False
enable_nhwc False
optimizer_type FusedAdam
exp_dir ./exp
patch_size 8
width 56
modes 32
target default
train_data_path /home/bingxing2/home/scx6115/Ocean_AI_model/sample_00/train
valid_data_path /home/bingxing2/home/scx6115/Ocean_AI_model/sample_00/valid
test_data_path /home/bingxing2/home/scx6115/Ocean_AI_model/sample_00/test
land_mask True
land_mask_path /home/bingxing2/home/scx6115/Ocean_AI_model/sample_00/land_mask.h5
normalize True
normalization zscore
global_mins_path /home/bingxing2/home/scx6115/Ocean_AI_model/sample_00/train/global_mins.npy
global_maxs_path /home/bingxing2/home/scx6115/Ocean_AI_model/sample_00/train/global_maxs.npy
global_means_path /home/bingxing2/home/scx6115/Ocean_AI_model/sample_00/train/global_means.npy
global_stds_path /home/bingxing2/home/scx6115/Ocean_AI_model/sample_00/train/global_stds.npy
orography True
orography_norm_zscore_path /home/bingxing2/home/scx6115/Ocean_AI_model/sample_00/orography_norm_zscore.h5
orography_norm_maxmin_path /home/bingxing2/home/scx6115/Ocean_AI_model/sample_00/orography_norm_maxmin.h5
add_noise False
noise_std 0
crop_size_x None
crop_size_y None
log_to_screen True
save_checkpoint True
plot_animations False
---------------------------------------------------
world_size : 16
Initialize distributed process group...
2023-06-13 15:43:04,795 - torch.distributed.distributed_c10d - INFO - Added key: store_based_barrier_key:1 to store for rank: 2
2023-06-13 15:43:04,796 - torch.distributed.distributed_c10d - INFO - Added key: store_based_barrier_key:1 to store for rank: 3
2023-06-13 15:43:06,126 - torch.distributed.distributed_c10d - INFO - Added key: store_based_barrier_key:1 to store for rank: 0
2023-06-13 15:43:06,126 - torch.distributed.distributed_c10d - INFO - Rank 0: Completed store-based barrier for key:store_based_barrier_key:1 with 16 nodes.
2023-06-13 15:43:06,129 - torch.distributed.distributed_c10d - INFO - Rank 2: Completed store-based barrier for key:store_based_barrier_key:1 with 16 nodes.
2023-06-13 15:43:06,130 - torch.distributed.distributed_c10d - INFO - Rank 3: Completed store-based barrier for key:store_based_barrier_key:1 with 16 nodes.
2023-06-13 15:43:06,136 - torch.distributed.distributed_c10d - INFO - Rank 1: Completed store-based barrier for key:store_based_barrier_key:1 with 16 nodes.
2023-06-13 15:43:06,176 - root - INFO - device: cuda:2
2023-06-13 15:43:06,176 - root - INFO - rank 2, begin data loader init
2023-06-13 15:43:06,180 - root - INFO - Getting file stats from /home/bingxing2/home/scx6115/Ocean_AI_model/sample_00/train/2000.h5
2023-06-13 15:43:06,180 - root - INFO - device: cuda:3
2023-06-13 15:43:06,180 - root - INFO - rank 3, begin data loader init
2023-06-13 15:43:06,181 - root - INFO - Number of samples per year: 250
2023-06-13 15:43:06,181 - root - INFO - Found data at path /home/bingxing2/home/scx6115/Ocean_AI_model/sample_00/train. Number of examples: 2750. Image Shape: 720 x 1440 x 30
2023-06-13 15:43:06,181 - root - INFO - Delta t: 1 days
2023-06-13 15:43:06,181 - root - INFO - Including 0 days of past history in training at a frequency of 1 days
2023-06-13 15:43:06,182 - root - INFO - Getting file stats from /home/bingxing2/home/scx6115/Ocean_AI_model/sample_00/train/2000.h5
2023-06-13 15:43:06,183 - root - INFO - Number of samples per year: 250
2023-06-13 15:43:06,183 - root - INFO - Found data at path /home/bingxing2/home/scx6115/Ocean_AI_model/sample_00/train. Number of examples: 2750. Image Shape: 720 x 1440 x 30
2023-06-13 15:43:06,183 - root - INFO - Delta t: 1 days
2023-06-13 15:43:06,183 - root - INFO - Including 0 days of past history in training at a frequency of 1 days
2023-06-13 15:43:06,184 - root - INFO - Getting file stats from /home/bingxing2/home/scx6115/Ocean_AI_model/sample_00/valid/2011.h5
2023-06-13 15:43:06,184 - root - INFO - Number of samples per year: 250
2023-06-13 15:43:06,185 - root - INFO - Found data at path /home/bingxing2/home/scx6115/Ocean_AI_model/sample_00/valid. Number of examples: 250. Image Shape: 720 x 1440 x 30
2023-06-13 15:43:06,185 - root - INFO - Delta t: 1 days
2023-06-13 15:43:06,185 - root - INFO - Including 0 days of past history in training at a frequency of 1 days
2023-06-13 15:43:06,185 - root - INFO - rank 2, data loader initialized
2023-06-13 15:43:06,185 - root - INFO - Getting file stats from /home/bingxing2/home/scx6115/Ocean_AI_model/sample_00/valid/2011.h5
2023-06-13 15:43:06,186 - root - INFO - Number of samples per year: 250
2023-06-13 15:43:06,186 - root - INFO - Found data at path /home/bingxing2/home/scx6115/Ocean_AI_model/sample_00/valid. Number of examples: 250. Image Shape: 720 x 1440 x 30
2023-06-13 15:43:06,186 - root - INFO - Delta t: 1 days
2023-06-13 15:43:06,186 - root - INFO - Including 0 days of past history in training at a frequency of 1 days
2023-06-13 15:43:06,187 - root - INFO - rank 3, data loader initialized
2023-06-13 15:43:06,186 - root - INFO - device: cuda:1
2023-06-13 15:43:06,187 - root - INFO - rank 1, begin data loader init
2023-06-13 15:43:06,190 - root - INFO - Getting file stats from /home/bingxing2/home/scx6115/Ocean_AI_model/sample_00/train/2000.h5
2023-06-13 15:43:06,192 - root - INFO - Number of samples per year: 250
2023-06-13 15:43:06,192 - root - INFO - Found data at path /home/bingxing2/home/scx6115/Ocean_AI_model/sample_00/train. Number of examples: 2750. Image Shape: 720 x 1440 x 30
2023-06-13 15:43:06,192 - root - INFO - Delta t: 1 days
2023-06-13 15:43:06,192 - root - INFO - Including 0 days of past history in training at a frequency of 1 days
2023-06-13 15:43:06,194 - root - INFO - Getting file stats from /home/bingxing2/home/scx6115/Ocean_AI_model/sample_00/valid/2011.h5
2023-06-13 15:43:06,195 - root - INFO - Number of samples per year: 250
2023-06-13 15:43:06,195 - root - INFO - Found data at path /home/bingxing2/home/scx6115/Ocean_AI_model/sample_00/valid. Number of examples: 250. Image Shape: 720 x 1440 x 30
2023-06-13 15:43:06,196 - root - INFO - Delta t: 1 days
2023-06-13 15:43:06,196 - root - INFO - Including 0 days of past history in training at a frequency of 1 days
2023-06-13 15:43:06,196 - root - INFO - rank 1, data loader initialized
2023-06-13 15:43:06,264 - root - INFO - ------------------ Configuration ------------------
2023-06-13 15:43:06,264 - root - INFO - Configuration file: /home/bingxing2/home/scx6115/Ocean_AI_model/config/Model.yaml
2023-06-13 15:43:06,264 - root - INFO - Configuration name: Masked_AE_fusion
2023-06-13 15:43:06,264 - root - INFO - nettype Masked_AE_fusion
2023-06-13 15:43:06,264 - root - INFO - log_to_wandb True
2023-06-13 15:43:06,265 - root - INFO - lr 0.001
2023-06-13 15:43:06,265 - root - INFO - batch_size 2
2023-06-13 15:43:06,265 - root - INFO - max_epochs 100
2023-06-13 15:43:06,265 - root - INFO - scheduler CosineAnnealingLR
2023-06-13 15:43:06,265 - root - INFO - fusion_3d_2d True
2023-06-13 15:43:06,265 - root - INFO - in_chans 31
2023-06-13 15:43:06,265 - root - INFO - out_chans 25
2023-06-13 15:43:06,265 - root - INFO - in_channels [0, 1, 2, 3, 4, 5, 6, 7, 8, 9, 10, 11, 12, 13, 14, 15, 16, 17, 18, 19, 20, 21, 22, 23, 24, 25, 26, 27, 28, 29]
2023-06-13 15:43:06,265 - root - INFO - out_channels [0, 1, 2, 3, 4, 5, 6, 7, 8, 9, 10, 11, 12, 13, 14, 15, 16, 17, 18, 19, 20, 21, 22, 23, 24]
2023-06-13 15:43:06,265 - root - INFO - img_size_h 720
2023-06-13 15:43:06,265 - root - INFO - img_size_w 1440
2023-06-13 15:43:06,265 - root - INFO - patch_size_h 16
2023-06-13 15:43:06,266 - root - INFO - patch_size_w 16
2023-06-13 15:43:06,266 - root - INFO - patch_size_d 2
2023-06-13 15:43:06,266 - root - INFO - mlp_ratio 4.0
2023-06-13 15:43:06,266 - root - INFO - in_chans_2d 7
2023-06-13 15:43:06,266 - root - INFO - out_chans_2d 1
2023-06-13 15:43:06,266 - root - INFO - in_chans_3d 4
2023-06-13 15:43:06,266 - root - INFO - out_chans_3d 4
2023-06-13 15:43:06,266 - root - INFO - var_depth 6
2023-06-13 15:43:06,266 - root - INFO - embed_dim 512
2023-06-13 15:43:06,266 - root - INFO - depth 16
2023-06-13 15:43:06,266 - root - INFO - num_heads 16
2023-06-13 15:43:06,266 - root - INFO - decoder_embed_dim 512
2023-06-13 15:43:06,266 - root - INFO - decoder_depth 8
2023-06-13 15:43:06,267 - root - INFO - decoder_num_heads 16
2023-06-13 15:43:06,267 - root - INFO - drop_rate 0.0
2023-06-13 15:43:06,267 - root - INFO - drop_path_rate 0.0
2023-06-13 15:43:06,267 - root - INFO - sparsity_threshold 0.01
2023-06-13 15:43:06,267 - root - INFO - hard_thresholding_fraction 1.0
2023-06-13 15:43:06,267 - root - INFO - num_blocks 8
2023-06-13 15:43:06,267 - root - INFO - loss l2
2023-06-13 15:43:06,267 - root - INFO - num_data_workers 0
2023-06-13 15:43:06,267 - root - INFO - dt 1
2023-06-13 15:43:06,267 - root - INFO - n_history 0
2023-06-13 15:43:06,267 - root - INFO - prediction_type iterative
2023-06-13 15:43:06,267 - root - INFO - prediction_length 41
2023-06-13 15:43:06,267 - root - INFO - n_initial_conditions 5
2023-06-13 15:43:06,268 - root - INFO - ics_type default
2023-06-13 15:43:06,268 - root - INFO - date_strings ['2018-09-14 00:00:00']
2023-06-13 15:43:06,268 - root - INFO - save_raw_forecasts True
2023-06-13 15:43:06,268 - root - INFO - save_channel False
2023-06-13 15:43:06,268 - root - INFO - masked_acc False
2023-06-13 15:43:06,268 - root - INFO - maskpath None
2023-06-13 15:43:06,268 - root - INFO - perturb False
2023-06-13 15:43:06,268 - root - INFO - add_grid False
2023-06-13 15:43:06,268 - root - INFO - N_grid_channels 0
2023-06-13 15:43:06,268 - root - INFO - gridtype sinusoidal
2023-06-13 15:43:06,268 - root - INFO - roll False
2023-06-13 15:43:06,268 - root - INFO - enable_nhwc False
2023-06-13 15:43:06,269 - root - INFO - optimizer_type FusedAdam
2023-06-13 15:43:06,269 - root - INFO - exp_dir ./exp
2023-06-13 15:43:06,269 - root - INFO - patch_size 8
2023-06-13 15:43:06,269 - root - INFO - width 56
2023-06-13 15:43:06,269 - root - INFO - modes 32
2023-06-13 15:43:06,269 - root - INFO - target default
2023-06-13 15:43:06,269 - root - INFO - train_data_path /home/bingxing2/home/scx6115/Ocean_AI_model/sample_00/train
2023-06-13 15:43:06,269 - root - INFO - valid_data_path /home/bingxing2/home/scx6115/Ocean_AI_model/sample_00/valid
2023-06-13 15:43:06,269 - root - INFO - test_data_path /home/bingxing2/home/scx6115/Ocean_AI_model/sample_00/test
2023-06-13 15:43:06,269 - root - INFO - land_mask True
2023-06-13 15:43:06,269 - root - INFO - land_mask_path /home/bingxing2/home/scx6115/Ocean_AI_model/sample_00/land_mask.h5
2023-06-13 15:43:06,269 - root - INFO - normalize True
2023-06-13 15:43:06,269 - root - INFO - normalization zscore
2023-06-13 15:43:06,270 - root - INFO - global_mins_path /home/bingxing2/home/scx6115/Ocean_AI_model/sample_00/train/global_mins.npy
2023-06-13 15:43:06,270 - root - INFO - global_maxs_path /home/bingxing2/home/scx6115/Ocean_AI_model/sample_00/train/global_maxs.npy
2023-06-13 15:43:06,270 - root - INFO - global_means_path /home/bingxing2/home/scx6115/Ocean_AI_model/sample_00/train/global_means.npy
2023-06-13 15:43:06,270 - root - INFO - global_stds_path /home/bingxing2/home/scx6115/Ocean_AI_model/sample_00/train/global_stds.npy
2023-06-13 15:43:06,270 - root - INFO - orography True
2023-06-13 15:43:06,270 - root - INFO - orography_norm_zscore_path /home/bingxing2/home/scx6115/Ocean_AI_model/sample_00/orography_norm_zscore.h5
2023-06-13 15:43:06,270 - root - INFO - orography_norm_maxmin_path /home/bingxing2/home/scx6115/Ocean_AI_model/sample_00/orography_norm_maxmin.h5
2023-06-13 15:43:06,270 - root - INFO - add_noise False
2023-06-13 15:43:06,270 - root - INFO - noise_std 0
2023-06-13 15:43:06,270 - root - INFO - crop_size_x None
2023-06-13 15:43:06,270 - root - INFO - crop_size_y None
2023-06-13 15:43:06,270 - root - INFO - log_to_screen True
2023-06-13 15:43:06,270 - root - INFO - save_checkpoint True
2023-06-13 15:43:06,271 - root - INFO - plot_animations False
2023-06-13 15:43:06,271 - root - INFO - epsilon_factor 0
2023-06-13 15:43:06,271 - root - INFO - world_size 16
2023-06-13 15:43:06,271 - root - INFO - local_rank 0
2023-06-13 15:43:06,271 - root - INFO - global_batch_size 32
2023-06-13 15:43:06,271 - root - INFO - enable_amp True
2023-06-13 15:43:06,271 - root - INFO - experiment_dir /home/bingxing2/home/scx6115/Ocean_AI_model/exp/Masked_AE_fusion/20230613-154249
2023-06-13 15:43:06,271 - root - INFO - checkpoint_path ./exp/Masked_AE_fusion/20230613-154249/training_checkpoints/ckpt.tar
2023-06-13 15:43:06,271 - root - INFO - best_checkpoint_path ./exp/Masked_AE_fusion/20230613-154249/training_checkpoints/best_ckpt.tar
2023-06-13 15:43:06,271 - root - INFO - resuming False
2023-06-13 15:43:06,271 - root - INFO - entity ocean_ai_model
2023-06-13 15:43:06,271 - root - INFO - project ai4science
2023-06-13 15:43:06,271 - root - INFO - group 025_daily
2023-06-13 15:43:06,272 - root - INFO - name Masked_AE_fusion_20230613-154249
2023-06-13 15:43:06,272 - root - INFO - ---------------------------------------------------
wandb: Tracking run with wandb version 0.15.3
wandb: W&B syncing is set to `offline` in this directory.  
wandb: Run `wandb online` or set WANDB_MODE=online to enable cloud syncing.
2023-06-13 15:43:15,098 - root - INFO - device: cuda:0
2023-06-13 15:43:15,098 - root - INFO - rank 0, begin data loader init
2023-06-13 15:43:15,100 - root - INFO - Getting file stats from /home/bingxing2/home/scx6115/Ocean_AI_model/sample_00/train/2000.h5
2023-06-13 15:43:15,102 - root - INFO - Number of samples per year: 250
2023-06-13 15:43:15,102 - root - INFO - Found data at path /home/bingxing2/home/scx6115/Ocean_AI_model/sample_00/train. Number of examples: 2750. Image Shape: 720 x 1440 x 30
2023-06-13 15:43:15,102 - root - INFO - Delta t: 1 days
2023-06-13 15:43:15,102 - root - INFO - Including 0 days of past history in training at a frequency of 1 days
2023-06-13 15:43:15,105 - root - INFO - Getting file stats from /home/bingxing2/home/scx6115/Ocean_AI_model/sample_00/valid/2011.h5
2023-06-13 15:43:15,106 - root - INFO - Number of samples per year: 250
2023-06-13 15:43:15,106 - root - INFO - Found data at path /home/bingxing2/home/scx6115/Ocean_AI_model/sample_00/valid. Number of examples: 250. Image Shape: 720 x 1440 x 30
2023-06-13 15:43:15,106 - root - INFO - Delta t: 1 days
2023-06-13 15:43:15,106 - root - INFO - Including 0 days of past history in training at a frequency of 1 days
2023-06-13 15:43:15,106 - root - INFO - rank 0, data loader initialized
paraai-n32-h-01-agent-73:2828313:2828313 [0] NCCL INFO Bootstrap : Using eth0:172.16.4.150<0>
paraai-n32-h-01-agent-73:2828313:2828313 [0] NCCL INFO NET/Plugin : No plugin found (libnccl-net.so), using internal implementation
paraai-n32-h-01-agent-73:2828313:2828313 [0] NCCL INFO cudaDriverVersion 11060
NCCL version 2.14.3+cuda11.7paraai-n32-h-01-agent-73:2828316:2828316 [3] NCCL INFO cudaDriverVersion 11060
paraai-n32-h-01-agent-73:2828315:2828315 [2] NCCL INFO cudaDriverVersion 11060

paraai-n32-h-01-agent-73:2828314:2828314 [1] NCCL INFO cudaDriverVersion 11060
paraai-n32-h-01-agent-73:2828313:2831565 [0] NCCL INFO NCCL_IB_DISABLE set by environment to 0.
paraai-n32-h-01-agent-73:2828315:2828315 [2] NCCL INFO Bootstrap : Using eth0:172.16.4.150<0>
paraai-n32-h-01-agent-73:2828314:2828314 [1] NCCL INFO Bootstrap : Using eth0:172.16.4.150<0>
paraai-n32-h-01-agent-73:2828316:2828316 [3] NCCL INFO Bootstrap : Using eth0:172.16.4.150<0>
paraai-n32-h-01-agent-73:2828314:2828314 [1] NCCL INFO NET/Plugin : No plugin found (libnccl-net.so), using internal implementation
paraai-n32-h-01-agent-73:2828315:2828315 [2] NCCL INFO NET/Plugin : No plugin found (libnccl-net.so), using internal implementation
paraai-n32-h-01-agent-73:2828316:2828316 [3] NCCL INFO NET/Plugin : No plugin found (libnccl-net.so), using internal implementation
paraai-n32-h-01-agent-73:2828314:2831567 [1] NCCL INFO NCCL_IB_DISABLE set by environment to 0.
paraai-n32-h-01-agent-73:2828316:2831568 [3] NCCL INFO NCCL_IB_DISABLE set by environment to 0.
paraai-n32-h-01-agent-73:2828315:2831569 [2] NCCL INFO NCCL_IB_DISABLE set by environment to 0.
paraai-n32-h-01-agent-73:2828313:2831565 [0] NCCL INFO NET/IB : Using [0]mlx5_0:1/RoCE [1]mlx5_1:1/RoCE [2]mlx5_2:1/RoCE [3]mlx5_3:1/RoCE [RO]; OOB eth0:172.16.4.150<0>
paraai-n32-h-01-agent-73:2828313:2831565 [0] NCCL INFO Using network IB
paraai-n32-h-01-agent-73:2828315:2831569 [2] NCCL INFO NET/IB : Using [0]mlx5_0:1/RoCE [1]mlx5_1:1/RoCE [2]mlx5_2:1/RoCE [3]mlx5_3:1/RoCE [RO]; OOB eth0:172.16.4.150<0>
paraai-n32-h-01-agent-73:2828315:2831569 [2] NCCL INFO Using network IB
paraai-n32-h-01-agent-73:2828316:2831568 [3] NCCL INFO NET/IB : Using [0]mlx5_0:1/RoCE [1]mlx5_1:1/RoCE [2]mlx5_2:1/RoCE [3]mlx5_3:1/RoCE [RO]; OOB eth0:172.16.4.150<0>
paraai-n32-h-01-agent-73:2828316:2831568 [3] NCCL INFO Using network IB
paraai-n32-h-01-agent-73:2828314:2831567 [1] NCCL INFO NET/IB : Using [0]mlx5_0:1/RoCE [1]mlx5_1:1/RoCE [2]mlx5_2:1/RoCE [3]mlx5_3:1/RoCE [RO]; OOB eth0:172.16.4.150<0>
paraai-n32-h-01-agent-73:2828314:2831567 [1] NCCL INFO Using network IB
paraai-n32-h-01-agent-73:2828314:2831567 [1] NCCL INFO Setting affinity for GPU 1 to ffffffff
paraai-n32-h-01-agent-73:2828316:2831568 [3] NCCL INFO Setting affinity for GPU 3 to ffffffff,00000000,00000000
paraai-n32-h-01-agent-73:2828313:2831565 [0] NCCL INFO Setting affinity for GPU 0 to ffffffff
paraai-n32-h-01-agent-73:2828315:2831569 [2] NCCL INFO Setting affinity for GPU 2 to ffffffff,00000000,00000000
paraai-n32-h-01-agent-73:2828313:2831565 [0] NCCL INFO Channel 00/02 :    0   1   2   3   4   5   6   7   8   9  10  11  12  13  14  15
paraai-n32-h-01-agent-73:2828316:2831568 [3] NCCL INFO Trees [0] -1/-1/-1->3->2 [1] -1/-1/-1->3->2
paraai-n32-h-01-agent-73:2828313:2831565 [0] NCCL INFO Channel 01/02 :    0   1   2   3   4   5   6   7   8   9  10  11  12  13  14  15
paraai-n32-h-01-agent-73:2828315:2831569 [2] NCCL INFO Trees [0] 3/-1/-1->2->1 [1] 3/-1/-1->2->1
paraai-n32-h-01-agent-73:2828314:2831567 [1] NCCL INFO Trees [0] 2/-1/-1->1->0 [1] 2/-1/-1->1->0
paraai-n32-h-01-agent-73:2828313:2831565 [0] NCCL INFO Trees [0] 1/8/-1->0->-1 [1] 1/-1/-1->0->4
paraai-n32-h-01-agent-73:2828314:2831567 [1] NCCL INFO Channel 00 : 1[2000] -> 2[81000] via SHM/direct/direct
paraai-n32-h-01-agent-73:2828314:2831567 [1] NCCL INFO Channel 01 : 1[2000] -> 2[81000] via SHM/direct/direct
paraai-n32-h-01-agent-73:2828315:2831569 [2] NCCL INFO Channel 00 : 2[81000] -> 3[82000] via SHM/direct/direct
paraai-n32-h-01-agent-73:2828315:2831569 [2] NCCL INFO Channel 01 : 2[81000] -> 3[82000] via SHM/direct/direct
paraai-n32-h-01-agent-73:2828313:2831565 [0] NCCL INFO Channel 00/0 : 15[82000] -> 0[1000] [receive] via NET/IB/0
paraai-n32-h-01-agent-73:2828313:2831565 [0] NCCL INFO Channel 01/0 : 15[82000] -> 0[1000] [receive] via NET/IB/0
paraai-n32-h-01-agent-73:2828313:2831565 [0] NCCL INFO Channel 00 : 0[1000] -> 1[2000] via SHM/direct/direct
paraai-n32-h-01-agent-73:2828313:2831565 [0] NCCL INFO Channel 01 : 0[1000] -> 1[2000] via SHM/direct/direct
paraai-n32-h-01-agent-73:2828314:2831567 [1] NCCL INFO Connected all rings
paraai-n32-h-01-agent-73:2828314:2831567 [1] NCCL INFO Channel 00 : 1[2000] -> 0[1000] via SHM/direct/direct
paraai-n32-h-01-agent-73:2828314:2831567 [1] NCCL INFO Channel 01 : 1[2000] -> 0[1000] via SHM/direct/direct
paraai-n32-h-01-agent-73:2828316:2831568 [3] NCCL INFO Channel 00/0 : 3[82000] -> 4[1000] [send] via NET/IB/0
paraai-n32-h-01-agent-73:2828313:2831629 [0] NCCL INFO NCCL_IB_GID_INDEX set by environment to 3.
paraai-n32-h-01-agent-73:2828313:2831629 [0] NCCL INFO NCCL_IB_TIMEOUT set by environment to 23.
paraai-n32-h-01-agent-73:2828313:2831629 [0] NCCL INFO NCCL_IB_RETRY_CNT set by environment to 7.
paraai-n32-h-01-agent-73:2828313:2831565 [0] NCCL INFO Connected all rings
paraai-n32-h-01-agent-73:2828316:2831568 [3] NCCL INFO Channel 01/0 : 3[82000] -> 4[1000] [send] via NET/IB/0
paraai-n32-h-01-agent-73:2828315:2831569 [2] NCCL INFO Connected all rings
paraai-n32-h-01-agent-73:2828316:2831628 [3] NCCL INFO NCCL_IB_GID_INDEX set by environment to 3.
paraai-n32-h-01-agent-73:2828315:2831569 [2] NCCL INFO Channel 00 : 2[81000] -> 1[2000] via SHM/direct/direct
paraai-n32-h-01-agent-73:2828315:2831569 [2] NCCL INFO Channel 01 : 2[81000] -> 1[2000] via SHM/direct/direct
paraai-n32-h-01-agent-73:2828316:2831568 [3] NCCL INFO Connected all rings
paraai-n32-h-01-agent-73:2828316:2831568 [3] NCCL INFO Channel 00 : 3[82000] -> 2[81000] via SHM/direct/direct
paraai-n32-h-01-agent-73:2828316:2831568 [3] NCCL INFO Channel 01 : 3[82000] -> 2[81000] via SHM/direct/direct
paraai-n32-h-01-agent-73:2828316:2831568 [3] NCCL INFO Connected all trees
paraai-n32-h-01-agent-73:2828316:2831568 [3] NCCL INFO threadThresholds 8/8/64 | 128/8/64 | 512 | 512
paraai-n32-h-01-agent-73:2828316:2831568 [3] NCCL INFO 2 coll channels, 2 p2p channels, 2 p2p channels per peer
paraai-n32-h-01-agent-73:2828315:2831569 [2] NCCL INFO Connected all trees
paraai-n32-h-01-agent-73:2828315:2831569 [2] NCCL INFO threadThresholds 8/8/64 | 128/8/64 | 512 | 512
paraai-n32-h-01-agent-73:2828315:2831569 [2] NCCL INFO 2 coll channels, 2 p2p channels, 2 p2p channels per peer
paraai-n32-h-01-agent-73:2828313:2831565 [0] NCCL INFO Channel 01/0 : 0[1000] -> 4[1000] [send] via NET/IB/0
paraai-n32-h-01-agent-73:2828313:2831565 [0] NCCL INFO Channel 00/0 : 8[1000] -> 0[1000] [receive] via NET/IB/0
paraai-n32-h-01-agent-73:2828313:2831565 [0] NCCL INFO Channel 00/0 : 0[1000] -> 8[1000] [send] via NET/IB/0
paraai-n32-h-01-agent-73:2828313:2831565 [0] NCCL INFO Channel 01/0 : 4[1000] -> 0[1000] [receive] via NET/IB/0
paraai-n32-h-01-agent-73:2828313:2831565 [0] NCCL INFO Connected all trees
paraai-n32-h-01-agent-73:2828313:2831565 [0] NCCL INFO threadThresholds 8/8/64 | 128/8/64 | 512 | 512
paraai-n32-h-01-agent-73:2828313:2831565 [0] NCCL INFO 2 coll channels, 2 p2p channels, 2 p2p channels per peer
paraai-n32-h-01-agent-73:2828314:2831567 [1] NCCL INFO Connected all trees
paraai-n32-h-01-agent-73:2828314:2831567 [1] NCCL INFO threadThresholds 8/8/64 | 128/8/64 | 512 | 512
paraai-n32-h-01-agent-73:2828314:2831567 [1] NCCL INFO 2 coll channels, 2 p2p channels, 2 p2p channels per peer
paraai-n32-h-01-agent-73:2828314:2831567 [1] NCCL INFO comm 0x65c9fa90 rank 1 nranks 16 cudaDev 1 busId 2000 - Init COMPLETE
paraai-n32-h-01-agent-73:2828316:2831568 [3] NCCL INFO comm 0x3189a680 rank 3 nranks 16 cudaDev 3 busId 82000 - Init COMPLETE
paraai-n32-h-01-agent-73:2828315:2831569 [2] NCCL INFO comm 0x46932ba0 rank 2 nranks 16 cudaDev 2 busId 81000 - Init COMPLETE
paraai-n32-h-01-agent-73:2828316:2831632 [3] NCCL INFO NCCL_IB_TIMEOUT set by environment to 23.
paraai-n32-h-01-agent-73:2828316:2831632 [3] NCCL INFO NCCL_IB_RETRY_CNT set by environment to 7.
paraai-n32-h-01-agent-73:2828313:2831565 [0] NCCL INFO comm 0x4ec00fd0 rank 0 nranks 16 cudaDev 0 busId 1000 - Init COMPLETE
2023-06-13 15:43:48,419 - root - INFO - Number of trainable model parameters: 319508616
2023-06-13 15:43:48,420 - root - INFO - Starting Training Loop...
2023-06-13 15:53:50,784 - root - INFO - Val loss improved from 1000000.0 to 0.8092026114463806
2023-06-13 15:53:54,547 - root - INFO - Time taken for epoch 1 is 606.127247095108 sec
2023-06-13 15:53:54,548 - root - INFO - train data time=9.151118040084839, train step time=74.97926783561707, valid step time=339.3324112892151
2023-06-13 15:53:54,548 - root - INFO - Train loss: 0.806014358997345. Valid loss: 0.8092026114463806
2023-06-13 16:03:53,402 - root - INFO - Val loss improved from 0.8092026114463806 to 0.7593671679496765
2023-06-13 16:03:57,191 - root - INFO - Time taken for epoch 2 is 602.6423282623291 sec
2023-06-13 16:03:57,191 - root - INFO - train data time=13.63122296333313, train step time=68.23855972290039, valid step time=339.52526783943176
2023-06-13 16:03:57,191 - root - INFO - Train loss: 0.7565948963165283. Valid loss: 0.7593671679496765
2023-06-13 16:14:00,277 - root - INFO - Val loss improved from 0.7593671679496765 to 0.727192223072052
2023-06-13 16:14:04,141 - root - INFO - Time taken for epoch 3 is 606.9488117694855 sec
2023-06-13 16:14:04,141 - root - INFO - train data time=13.869130373001099, train step time=66.84816980361938, valid step time=344.03213930130005
2023-06-13 16:14:04,142 - root - INFO - Train loss: 0.7228524684906006. Valid loss: 0.727192223072052
2023-06-13 16:24:05,269 - root - INFO - Val loss improved from 0.727192223072052 to 0.7180851697921753
2023-06-13 16:24:08,796 - root - INFO - Time taken for epoch 4 is 604.6540775299072 sec
2023-06-13 16:24:08,797 - root - INFO - train data time=10.452828645706177, train step time=69.47447204589844, valid step time=341.3200612068176
2023-06-13 16:24:08,797 - root - INFO - Train loss: 0.7219414114952087. Valid loss: 0.7180851697921753
2023-06-13 16:34:07,406 - root - INFO - Val loss improved from 0.7180851697921753 to 0.7169809937477112
2023-06-13 16:34:10,989 - root - INFO - Time taken for epoch 5 is 602.1921269893646 sec
2023-06-13 16:34:10,990 - root - INFO - train data time=9.568819284439087, train step time=68.37195611000061, valid step time=341.0387945175171
2023-06-13 16:34:10,990 - root - INFO - Train loss: 0.7085778713226318. Valid loss: 0.7169809937477112
2023-06-13 16:44:07,135 - root - INFO - Val loss improved from 0.7169809937477112 to 0.7140079140663147
2023-06-13 16:44:10,668 - root - INFO - Time taken for epoch 6 is 599.6771969795227 sec
2023-06-13 16:44:10,669 - root - INFO - train data time=9.644324779510498, train step time=72.83776807785034, valid step time=337.6803991794586
2023-06-13 16:44:10,669 - root - INFO - Train loss: 0.6966988444328308. Valid loss: 0.7140079140663147
2023-06-13 16:54:18,786 - root - INFO - Time taken for epoch 7 is 608.1171417236328 sec
2023-06-13 16:54:18,789 - root - INFO - train data time=9.83058476448059, train step time=74.38325071334839, valid step time=345.2524766921997
2023-06-13 16:54:18,790 - root - INFO - Train loss: 0.9459452033042908. Valid loss: 0.9326069355010986
2023-06-13 17:04:20,083 - root - INFO - Time taken for epoch 8 is 601.2934942245483 sec
2023-06-13 17:04:20,086 - root - INFO - train data time=14.062388181686401, train step time=71.9160988330841, valid step time=339.64133405685425
2023-06-13 17:04:20,086 - root - INFO - Train loss: 0.7187701463699341. Valid loss: 0.7230937480926514
2023-06-13 17:14:16,306 - root - INFO - Time taken for epoch 9 is 596.2200524806976 sec
2023-06-13 17:14:16,309 - root - INFO - train data time=9.933260679244995, train step time=70.65453171730042, valid step time=336.61328172683716
2023-06-13 17:14:16,309 - root - INFO - Train loss: 0.7125804424285889. Valid loss: 0.7184373140335083
2023-06-13 17:24:15,782 - root - INFO - Time taken for epoch 10 is 599.4724659919739 sec
2023-06-13 17:24:15,785 - root - INFO - train data time=13.112772464752197, train step time=72.2045247554779, valid step time=337.799763917923
2023-06-13 17:24:15,785 - root - INFO - Train loss: 0.7135277986526489. Valid loss: 0.7193838357925415
2023-06-13 17:34:16,986 - root - INFO - Val loss improved from 0.7140079140663147 to 0.713119387626648
2023-06-13 17:34:20,505 - root - INFO - Time taken for epoch 11 is 604.7189469337463 sec
2023-06-13 17:34:20,505 - root - INFO - train data time=9.718676090240479, train step time=68.33146262168884, valid step time=342.1779863834381
2023-06-13 17:34:20,505 - root - INFO - Train loss: 0.7058577537536621. Valid loss: 0.713119387626648
2023-06-13 17:44:38,690 - root - INFO - Val loss improved from 0.713119387626648 to 0.7088693976402283
2023-06-13 17:44:42,331 - root - INFO - Time taken for epoch 12 is 621.8248782157898 sec
2023-06-13 17:44:42,331 - root - INFO - train data time=10.193627119064331, train step time=74.55021739006042, valid step time=354.7829532623291
2023-06-13 17:44:42,332 - root - INFO - Train loss: 0.6964563131332397. Valid loss: 0.7088693976402283
