WARNING:torch.distributed.run:
*****************************************
Setting OMP_NUM_THREADS environment variable for each process to be 1 in default, to avoid your system being overloaded, please further tune the variable for optimal performance in your application as needed. 
*****************************************
paraai-n32-h-01-agent-64
paraai-n32-h-01-agent-64
paraai-n32-h-01-agent-64
0
------------------ Configuration ------------------ 0 /home/bingxing2/home/scx6115/Ocean_AI_model/config/AFNO.yaml

------------------ Configuration ------------------  /home/bingxing2/home/scx6115/Ocean_AI_model/config/AFNO.yaml
0
------------------ Configuration ------------------  /home/bingxing2/home/scx6115/Ocean_AI_model/config/AFNO.yaml
paraai-n32-h-01-agent-64
0
------------------ Configuration ------------------  /home/bingxing2/home/scx6115/Ocean_AI_model/config/AFNO.yaml
log_to_wandblog_to_wandb  TrueTrue

lr lr 0.00050.0005

batch_sizebatch_size  3232

max_epochsmax_epochs  500500

schedulerscheduler  CosineAnnealingLRCosineAnnealingLR

in_channelsin_channels  [0, 1, 2, 3, 4, 5, 6, 7, 8, 9, 10, 11, 12, 13, 14, 15, 16, 17, 18, 19, 20, 21, 22, 23, 24, 25, 26, 27, 28, 29][0, 1, 2, 3, 4, 5, 6, 7, 8, 9, 10, 11, 12, 13, 14, 15, 16, 17, 18, 19, 20, 21, 22, 23, 24, 25, 26, 27, 28, 29]

out_channels out_channels [0, 1, 2, 3, 4, 5, 6, 7, 8, 9, 10, 11, 12, 13, 14, 15, 16, 17, 18, 19, 20, 21, 22, 23, 24]
[0, 1, 2, 3, 4, 5, 6, 7, 8, 9, 10, 11, 12, 13, 14, 15, 16, 17, 18, 19, 20, 21, 22, 23, 24]
N_in_channels 31N_in_channels
 31N_out_channels
 25N_out_channels
 25
img_size_h img_size_h720 
720img_size_w
 1440img_size_w
 1440patch_size_h
 5
patch_size_h 5
patch_size_w patch_size_w5 
5
loss l2loss
 l2num_data_workers
 0num_data_workers
 0dt
 1
dt log_to_wandb1n_history
  0n_historyTrue 

0prediction_type
 iterative
prediction_type lrprediction_lengthiterative  
30prediction_length
 0.000530n_initial_conditions
 
5batch_size
 ics_typen_initial_conditions32  
default
5max_epochssave_raw_forecasts
  500ics_typeTrue
 
defaultscheduler
 save_channelsave_raw_forecasts CosineAnnealingLRFalse 
True
in_channels
masked_acc  save_channelFalse False

maskpath[0, 1, 2, 3, 4, 5, 6, 7, 8, 9, 10, 11, 12, 13, 14, 15, 16, 17, 18, 19, 20, 21, 22, 23, 24, 25, 26, 27, 28, 29] masked_acc
None 
False
out_channelsperturbmaskpath   FalseNone

[0, 1, 2, 3, 4, 5, 6, 7, 8, 9, 10, 11, 12, 13, 14, 15, 16, 17, 18, 19, 20, 21, 22, 23, 24]add_gridperturb 
 FalseFalse

N_in_channelsadd_grid N_grid_channels 31 
False0N_out_channels

 N_grid_channels25gridtype 
 log_to_wandb0img_size_hsinusoidal
  
720gridtypeTrueroll
  
Falseimg_size_wsinusoidal
 
num_blocks1440lr
 roll  8patch_size_hFalse
 0.00055nettype

 
afnonum_blockspatch_size_w 
batch_size 8 patch_size
5 32
nettypeloss8 
 l2
afnomax_epochs

width  num_data_workerspatch_size500 56 8

0
scheduler
modeswidthdt   32CosineAnnealingLR 

561
in_channelstarget
  modesn_history default 
032[0, 1, 2, 3, 4, 5, 6, 7, 8, 9, 10, 11, 12, 13, 14, 15, 16, 17, 18, 19, 20, 21, 22, 23, 24, 25, 26, 27, 28, 29]
enable_nhwc

prediction_type  out_channelstargetFalseiterative
  optimizer_type
default [0, 1, 2, 3, 4, 5, 6, 7, 8, 9, 10, 11, 12, 13, 14, 15, 16, 17, 18, 19, 20, 21, 22, 23, 24]
prediction_lengthFusedAdam enable_nhwc

30 
normalizeN_in_channelsFalse  n_initial_conditions
True31
 
5optimizer_typenormalization
  N_out_channelsics_typezscoreFusedAdam 
25 
default

normalizeimg_size_hglobal_mins_path   Truesave_raw_forecasts720./sample_00/train/global_mins.npy 


normalizationTrueimg_size_wglobal_maxs_path 
  zscore1440./sample_00/train/global_maxs.npy

save_channel
 global_means_pathFalsepatch_size_hglobal_mins_path 
 ./sample_00/train/global_means.npymasked_acc 
5 ./sample_00/train/global_mins.npy
global_stds_pathFalsepatch_size_w
 
 global_maxs_path./sample_00/train/global_stds.npy5maskpath
 
./sample_00/train/global_maxs.npy train_data_pathloss None
 ./sample_00/train

l2global_means_pathvalid_data_path perturb./sample_00/train/global_means.npy
  num_data_workers
./sample_00/validFalse
 global_stds_path
0test_data_pathadd_grid 
  ./sample_00/train/global_stds.npyFalse./sample_00/test
dt

 N_grid_channelstrain_data_pathland_mask  1 0./sample_00/train

True
n_historygridtype
valid_data_path   land_mask_path0sinusoidal
./sample_00/valid 
prediction_type
./sample_00/land_mask.h5rolltest_data_path 
  iterativeorographyFalse./sample_00/test

 prediction_length
num_blocksland_maskTrue 
  orography_norm_zscore_path308

 True./sample_00/orography_norm_zscore.h5nettypen_initial_conditions 

 afno5orography_norm_maxmin_pathland_mask_path
 
 ./sample_00/land_mask.h5patch_sizeics_type./sample_00/orography_norm_maxmin.h5 

 orography8exp_dirdefault 
 True
width./exp
save_raw_forecasts  
orography_norm_zscore_path56 True
./sample_00/orography_norm_zscore.h5add_noise

modes orography_norm_maxmin_path save_channel False 32
False
./sample_00/orography_norm_maxmin.h5target
noise_std
  masked_accexp_dirdefault0  
False
./expenable_nhwc

 crop_size_xadd_noisemaskpathFalse   
NoneFalseNone

optimizer_type
noise_std crop_size_y perturbFusedAdam 0 
None
False
normalizecrop_size_x
log_to_screen   add_gridTrueNoneTrue 


Falsenormalization
save_checkpointcrop_size_y  N_grid_channels Truezscore
 None
plot_animations0
 
Falselog_to_screenglobal_mins_path gridtype
 ./sample_00/train/global_mins.npyTrue 

sinusoidalglobal_maxs_path
save_checkpoint  ./sample_00/train/global_maxs.npyTrueroll

 global_means_pathFalseplot_animations 
./sample_00/train/global_means.npy num_blocks
False 
8
global_stds_pathnettype  ./sample_00/train/global_stds.npyafno

train_data_pathpatch_size---------------------------------------------------  
./sample_00/train8

valid_data_pathwidth  ./sample_00/valid56

world_size :test_data_pathmodes   16---------------------------------------------------./sample_00/test32



Initialize distributed process group...land_mask
target  Truedefault

enable_nhwcland_mask_path world_size : False./sample_00/land_mask.h5 

16optimizer_type
orographyInitialize distributed process group...  FusedAdam
True

normalizeorography_norm_zscore_path  True./sample_00/orography_norm_zscore.h5

normalizationorography_norm_maxmin_path  zscore./sample_00/orography_norm_maxmin.h5

exp_dirglobal_mins_path  ./exp./sample_00/train/global_mins.npy

add_noiseglobal_maxs_path False 
./sample_00/train/global_maxs.npy
noise_std global_means_path0 
./sample_00/train/global_means.npycrop_size_x
 None
global_stds_path crop_size_y./sample_00/train/global_stds.npy 
None
train_data_pathlog_to_screen  ./sample_00/trainTrue

valid_data_pathsave_checkpoint  True./sample_00/valid

plot_animations test_data_pathFalse 
./sample_00/test
land_mask True
land_mask_path ./sample_00/land_mask.h5
orography True
orography_norm_zscore_path ./sample_00/orography_norm_zscore.h5
orography_norm_maxmin_path ./sample_00/orography_norm_maxmin.h5
exp_dir ./exp
add_noise False
noise_std 0
crop_size_x None
crop_size_y None
log_to_screen True
save_checkpoint True
---------------------------------------------------plot_animations
 False
world_size : 16
Initialize distributed process group...
---------------------------------------------------
world_size : 16
Initialize distributed process group...
2023-06-08 21:40:42,926 - torch.distributed.distributed_c10d - INFO - Added key: store_based_barrier_key:1 to store for rank: 11
2023-06-08 21:40:42,926 - torch.distributed.distributed_c10d - INFO - Added key: store_based_barrier_key:1 to store for rank: 9
2023-06-08 21:40:42,926 - torch.distributed.distributed_c10d - INFO - Added key: store_based_barrier_key:1 to store for rank: 8
2023-06-08 21:40:42,926 - torch.distributed.distributed_c10d - INFO - Added key: store_based_barrier_key:1 to store for rank: 10
2023-06-08 21:40:43,884 - torch.distributed.distributed_c10d - INFO - Rank 10: Completed store-based barrier for key:store_based_barrier_key:1 with 16 nodes.
2023-06-08 21:40:43,884 - torch.distributed.distributed_c10d - INFO - Rank 8: Completed store-based barrier for key:store_based_barrier_key:1 with 16 nodes.
2023-06-08 21:40:43,884 - torch.distributed.distributed_c10d - INFO - Rank 9: Completed store-based barrier for key:store_based_barrier_key:1 with 16 nodes.
2023-06-08 21:40:43,884 - torch.distributed.distributed_c10d - INFO - Rank 11: Completed store-based barrier for key:store_based_barrier_key:1 with 16 nodes.
2023-06-08 21:40:43,944 - root - INFO - device: cuda:1
2023-06-08 21:40:43,944 - root - INFO - rank 9, begin data loader init
2023-06-08 21:40:43,947 - root - INFO - device: cuda:3
2023-06-08 21:40:43,948 - root - INFO - rank 11, begin data loader init
2023-06-08 21:40:43,950 - root - INFO - device: cuda:2
2023-06-08 21:40:43,950 - root - INFO - rank 10, begin data loader init
2023-06-08 21:40:43,950 - root - INFO - device: cuda:0
2023-06-08 21:40:43,950 - root - INFO - rank 8, begin data loader init
2023-06-08 21:40:43,988 - root - INFO - Getting file stats from ./sample_00/train/2000.h5
2023-06-08 21:40:43,988 - root - INFO - Getting file stats from ./sample_00/train/2000.h5
2023-06-08 21:40:43,988 - root - INFO - Getting file stats from ./sample_00/train/2000.h5
2023-06-08 21:40:43,988 - root - INFO - Getting file stats from ./sample_00/train/2000.h5
2023-06-08 21:40:43,989 - root - INFO - Number of samples per year: 365
2023-06-08 21:40:43,989 - root - INFO - Number of samples per year: 365
2023-06-08 21:40:43,989 - root - INFO - Found data at path ./sample_00/train. Number of examples: 1460. Image Shape: 720 x 1440 x 30
2023-06-08 21:40:43,989 - root - INFO - Number of samples per year: 365
2023-06-08 21:40:43,989 - root - INFO - Found data at path ./sample_00/train. Number of examples: 1460. Image Shape: 720 x 1440 x 30
2023-06-08 21:40:43,989 - root - INFO - Delta t: 1 days
2023-06-08 21:40:43,989 - root - INFO - Found data at path ./sample_00/train. Number of examples: 1460. Image Shape: 720 x 1440 x 30
2023-06-08 21:40:43,989 - root - INFO - Delta t: 1 days
2023-06-08 21:40:43,989 - root - INFO - Number of samples per year: 365
2023-06-08 21:40:43,989 - root - INFO - Including 0 days of past history in training at a frequency of 1 days
2023-06-08 21:40:43,989 - root - INFO - Delta t: 1 days
2023-06-08 21:40:43,989 - root - INFO - Including 0 days of past history in training at a frequency of 1 days
2023-06-08 21:40:43,989 - root - INFO - Found data at path ./sample_00/train. Number of examples: 1460. Image Shape: 720 x 1440 x 30
2023-06-08 21:40:43,989 - root - INFO - Including 0 days of past history in training at a frequency of 1 days
2023-06-08 21:40:43,989 - root - INFO - Delta t: 1 days
2023-06-08 21:40:43,989 - root - INFO - Including 0 days of past history in training at a frequency of 1 days
2023-06-08 21:40:44,035 - root - INFO - Getting file stats from ./sample_00/valid/2006.h5
2023-06-08 21:40:44,035 - root - INFO - Getting file stats from ./sample_00/valid/2006.h5
2023-06-08 21:40:44,035 - root - INFO - Getting file stats from ./sample_00/valid/2006.h5
2023-06-08 21:40:44,035 - root - INFO - Getting file stats from ./sample_00/valid/2006.h5
2023-06-08 21:40:44,036 - root - INFO - Number of samples per year: 364
2023-06-08 21:40:44,036 - root - INFO - Number of samples per year: 364
2023-06-08 21:40:44,036 - root - INFO - Number of samples per year: 364
2023-06-08 21:40:44,036 - root - INFO - Found data at path ./sample_00/valid. Number of examples: 364. Image Shape: 720 x 1440 x 30
2023-06-08 21:40:44,036 - root - INFO - Found data at path ./sample_00/valid. Number of examples: 364. Image Shape: 720 x 1440 x 30
2023-06-08 21:40:44,036 - root - INFO - Found data at path ./sample_00/valid. Number of examples: 364. Image Shape: 720 x 1440 x 30
2023-06-08 21:40:44,036 - root - INFO - Delta t: 1 days
2023-06-08 21:40:44,036 - root - INFO - Number of samples per year: 364
2023-06-08 21:40:44,036 - root - INFO - Delta t: 1 days
2023-06-08 21:40:44,036 - root - INFO - Including 0 days of past history in training at a frequency of 1 days
2023-06-08 21:40:44,036 - root - INFO - Delta t: 1 days
2023-06-08 21:40:44,036 - root - INFO - Including 0 days of past history in training at a frequency of 1 days
2023-06-08 21:40:44,036 - root - INFO - Including 0 days of past history in training at a frequency of 1 days
2023-06-08 21:40:44,036 - root - INFO - Found data at path ./sample_00/valid. Number of examples: 364. Image Shape: 720 x 1440 x 30
2023-06-08 21:40:44,036 - root - INFO - Delta t: 1 days
2023-06-08 21:40:44,036 - root - INFO - rank 9, data loader initialized
2023-06-08 21:40:44,036 - root - INFO - Including 0 days of past history in training at a frequency of 1 days
2023-06-08 21:40:44,036 - root - INFO - rank 11, data loader initialized
2023-06-08 21:40:44,036 - root - INFO - rank 10, data loader initialized
2023-06-08 21:40:44,036 - root - INFO - rank 8, data loader initialized
srun: Job step aborted: Waiting up to 32 seconds for job step to finish.
slurmstepd: error: *** STEP 19988.2 ON paraai-n32-h-01-agent-64 CANCELLED AT 2023-06-08T21:41:37 ***
WARNING:torch.distributed.elastic.agent.server.api:Received 15 death signal, shutting down workers
WARNING:torch.distributed.elastic.multiprocessing.api:Sending process 1947956 closing signal SIGTERM
WARNING:torch.distributed.elastic.multiprocessing.api:Sending process 1947957 closing signal SIGTERM
WARNING:torch.distributed.elastic.multiprocessing.api:Sending process 1947958 closing signal SIGTERM
WARNING:torch.distributed.elastic.multiprocessing.api:Sending process 1947959 closing signal SIGTERM
