master_addr is only used for static rdzv_backend and when rdzv_endpoint is not specified.
WARNING:torch.distributed.run:
*****************************************
Setting OMP_NUM_THREADS environment variable for each process to be 1 in default, to avoid your system being overloaded, please further tune the variable for optimal performance in your application as needed. 
*****************************************
paraai-n32-h-01-agent-8
0
------------------ Configuration ------------------  paraai-n32-h-01-agent-8
paraai-n32-h-01-agent-8
/home/bingxing2/home/scx6115/Ocean_AI_model/config/Model.yaml
00

------------------ Configuration ------------------ ------------------ Configuration ------------------   /home/bingxing2/home/scx6115/Ocean_AI_model/config/Model.yaml/home/bingxing2/home/scx6115/Ocean_AI_model/config/Model.yaml

paraai-n32-h-01-agent-8
0
------------------ Configuration ------------------  /home/bingxing2/home/scx6115/Ocean_AI_model/config/Model.yaml
nettype Masked_AE_fusion
log_to_wandb True
lr 0.001
batch_size 64
max_epochs 100
scheduler CosineAnnealingLR
fusion_3d_2d True
in_chans nettype31 
Masked_AE_fusionout_chans
 log_to_wandb25 
Truein_channels
 nettypelr[0, 1, 2, 3, 4, 5, 6, 7, 8, 9, 10, 11, 12, 13, 14, 15, 16, 17, 18, 19, 20, 21, 22, 23, 24, 25, 26, 27, 28, 29]  
Masked_AE_fusion0.001out_channels

 log_to_wandbbatch_size[0, 1, 2, 3, 4, 5, 6, 7, 8, 9, 10, 11, 12, 13, 14, 15, 16, 17, 18, 19, 20, 21, 22, 23, 24]nettype  
 True64img_size_hMasked_AE_fusion

 
lrmax_epochs720log_to_wandb  
 0.001100img_size_wTrue

 
batch_sizescheduler1440lr  
 64CosineAnnealingLRpatch_size_h0.001

 
max_epochsfusion_3d_2d16batch_size  
 100Truepatch_size_w64

 
schedulerin_chans16max_epochs  
 CosineAnnealingLR31patch_size_d100

 
fusion_3d_2dout_chans2scheduler  
 True25mlp_ratioCosineAnnealingLR

 
in_chansin_channels4.0fusion_3d_2d  
 31[0, 1, 2, 3, 4, 5, 6, 7, 8, 9, 10, 11, 12, 13, 14, 15, 16, 17, 18, 19, 20, 21, 22, 23, 24, 25, 26, 27, 28, 29]in_chans_2dTrue

 
out_chansout_channels7in_chans  
 25[0, 1, 2, 3, 4, 5, 6, 7, 8, 9, 10, 11, 12, 13, 14, 15, 16, 17, 18, 19, 20, 21, 22, 23, 24]out_chans_2d31

 
in_channelsimg_size_h1out_chans  
 [0, 1, 2, 3, 4, 5, 6, 7, 8, 9, 10, 11, 12, 13, 14, 15, 16, 17, 18, 19, 20, 21, 22, 23, 24, 25, 26, 27, 28, 29]720in_chans_3d25

 
out_channelsimg_size_w4in_channels  
 [0, 1, 2, 3, 4, 5, 6, 7, 8, 9, 10, 11, 12, 13, 14, 15, 16, 17, 18, 19, 20, 21, 22, 23, 24]1440out_chans_3d[0, 1, 2, 3, 4, 5, 6, 7, 8, 9, 10, 11, 12, 13, 14, 15, 16, 17, 18, 19, 20, 21, 22, 23, 24, 25, 26, 27, 28, 29]

 
img_size_hpatch_size_h4out_channels  
 72016var_depth[0, 1, 2, 3, 4, 5, 6, 7, 8, 9, 10, 11, 12, 13, 14, 15, 16, 17, 18, 19, 20, 21, 22, 23, 24]

 
img_size_wpatch_size_w6img_size_h  
 144016embed_dim720

 
patch_size_hpatch_size_d512img_size_w  
 162depth1440

 
patch_size_wmlp_ratio16patch_size_h  
 164.0num_heads16

 
patch_size_din_chans_2d16patch_size_w  
 27decoder_embed_dim16

 
mlp_ratioout_chans_2d1024patch_size_d  
 4.01decoder_depth2

 
in_chans_2din_chans_3d8mlp_ratio  
 74decoder_num_heads4.0

 
out_chans_2dout_chans_3d16in_chans_2d  
 14drop_rate7

 
in_chans_3dvar_depth0.0out_chans_2d  
 46drop_path_rate1

 
out_chans_3dembed_dim0.0in_chans_3d  
 4512sparsity_threshold4

 
var_depthdepth0.01out_chans_3d  
 616hard_thresholding_fraction4

 
embed_dimnum_heads1.0var_depth  
 51216num_blocks6

 
depthdecoder_embed_dim8embed_dim  
 161024loss512

 
num_headsdecoder_depthl2depth  
 168num_data_workers16

 
decoder_embed_dimdecoder_num_heads0num_heads  
 102416dt16

 
decoder_depthdrop_rate1decoder_embed_dim  
 80.0n_history1024

 
decoder_num_headsdrop_path_rate0decoder_depth  
 160.0prediction_type8

 
drop_ratesparsity_thresholditerativedecoder_num_heads  
 0.00.01prediction_length16

 
drop_path_ratehard_thresholding_fraction41drop_rate  
 0.01.0n_initial_conditions0.0

 
sparsity_thresholdnum_blocks5drop_path_rate  
 0.018ics_type0.0

 
hard_thresholding_fractionlossdefaultsparsity_threshold  
 1.0l2date_strings0.01

 
num_blocksnum_data_workers['2018-09-14 00:00:00']hard_thresholding_fraction  
 80save_raw_forecasts1.0

 
lossdtTruenum_blocks  
 l21save_channel8

 
num_data_workersn_historyFalseloss  
 00masked_accl2

 
dtprediction_typeFalsenum_data_workers  
 1iterativemaskpath0

 
n_historyprediction_lengthNonedt  
 041perturb1

 
prediction_typen_initial_conditionsFalsen_history  
 iterative5add_grid0

 
prediction_lengthics_typeFalseprediction_type  
 41defaultN_grid_channelsiterative

 
n_initial_conditionsdate_strings0prediction_length  41 5

['2018-09-14 00:00:00']
gridtypen_initial_conditions
ics_type  save_raw_forecasts sinusoidal5 default

True
rollics_type
date_strings  save_channel Falsedefault ['2018-09-14 00:00:00']

False
enable_nhwcdate_strings
save_raw_forecasts  masked_acc False['2018-09-14 00:00:00'] True

False
optimizer_typesave_raw_forecasts
 save_channel maskpathFusedAdam True 
False
Noneexp_dir
save_channel
 masked_acc perturb./exp False 
False
Falsepatch_size
masked_acc
 maskpath add_grid8 False 
None
Falsewidth
maskpath
 perturb N_grid_channels56 None 
False
0modes
perturb
 add_grid gridtype32 False 
False
sinusoidaltarget
add_grid
 N_grid_channels rolldefault False 
0
Falsetrain_data_path
N_grid_channels
 gridtype enable_nhwc/home/bingxing2/home/scx6115/Ocean_AI_model/sample_00/train 0 
sinusoidal
Falsevalid_data_path
gridtype
 roll optimizer_type/home/bingxing2/home/scx6115/Ocean_AI_model/sample_00/valid sinusoidal 
False
FusedAdamtest_data_path
roll
 enable_nhwc exp_dir/home/bingxing2/home/scx6115/Ocean_AI_model/sample_00/test False 
False
./expland_mask
enable_nhwc
 optimizer_type patch_sizeTrue False 
FusedAdam
8land_mask_path
optimizer_type
 exp_dir width/home/bingxing2/home/scx6115/Ocean_AI_model/sample_00/land_mask.h5 FusedAdam 
./exp
56normalize
exp_dir
 patch_size modesTrue ./exp 
8
32normalization
patch_size
 width targetzscore 8 
56
defaultglobal_mins_path
width
 modes train_data_path/home/bingxing2/home/scx6115/Ocean_AI_model/sample_00/train/global_mins.npy 56 
32
/home/bingxing2/home/scx6115/Ocean_AI_model/sample_00/trainglobal_maxs_path
modes
 target valid_data_path/home/bingxing2/home/scx6115/Ocean_AI_model/sample_00/train/global_maxs.npy 32 
default
/home/bingxing2/home/scx6115/Ocean_AI_model/sample_00/validglobal_means_path
target
 train_data_path test_data_path/home/bingxing2/home/scx6115/Ocean_AI_model/sample_00/train/global_means.npy default 
/home/bingxing2/home/scx6115/Ocean_AI_model/sample_00/train
/home/bingxing2/home/scx6115/Ocean_AI_model/sample_00/testglobal_stds_path
train_data_path
 valid_data_path land_mask/home/bingxing2/home/scx6115/Ocean_AI_model/sample_00/train/global_stds.npy /home/bingxing2/home/scx6115/Ocean_AI_model/sample_00/train 
/home/bingxing2/home/scx6115/Ocean_AI_model/sample_00/valid
Trueorography
valid_data_path
 test_data_path land_mask_pathTrue /home/bingxing2/home/scx6115/Ocean_AI_model/sample_00/valid 
/home/bingxing2/home/scx6115/Ocean_AI_model/sample_00/test
/home/bingxing2/home/scx6115/Ocean_AI_model/sample_00/land_mask.h5orography_norm_zscore_path
test_data_path
 land_mask normalize/home/bingxing2/home/scx6115/Ocean_AI_model/sample_00/orography_norm_zscore.h5 /home/bingxing2/home/scx6115/Ocean_AI_model/sample_00/test 
True
Trueorography_norm_maxmin_path
land_mask
 land_mask_path normalization/home/bingxing2/home/scx6115/Ocean_AI_model/sample_00/orography_norm_maxmin.h5 True 
/home/bingxing2/home/scx6115/Ocean_AI_model/sample_00/land_mask.h5
zscoreadd_noise
land_mask_path
 normalize global_mins_pathFalse /home/bingxing2/home/scx6115/Ocean_AI_model/sample_00/land_mask.h5 
True
/home/bingxing2/home/scx6115/Ocean_AI_model/sample_00/train/global_mins.npynoise_std
normalize
 normalization global_maxs_path0 True 
zscore
/home/bingxing2/home/scx6115/Ocean_AI_model/sample_00/train/global_maxs.npycrop_size_x
normalization
 global_mins_path global_means_pathNone zscore 
/home/bingxing2/home/scx6115/Ocean_AI_model/sample_00/train/global_mins.npy
/home/bingxing2/home/scx6115/Ocean_AI_model/sample_00/train/global_means.npycrop_size_y
global_mins_path
 global_maxs_path global_stds_pathNone /home/bingxing2/home/scx6115/Ocean_AI_model/sample_00/train/global_mins.npy 
/home/bingxing2/home/scx6115/Ocean_AI_model/sample_00/train/global_maxs.npy
/home/bingxing2/home/scx6115/Ocean_AI_model/sample_00/train/global_stds.npylog_to_screen
global_maxs_path
 global_means_path orographyTrue /home/bingxing2/home/scx6115/Ocean_AI_model/sample_00/train/global_maxs.npy 
/home/bingxing2/home/scx6115/Ocean_AI_model/sample_00/train/global_means.npy
Truesave_checkpoint
global_means_path
 global_stds_path orography_norm_zscore_pathTrue /home/bingxing2/home/scx6115/Ocean_AI_model/sample_00/train/global_means.npy 
/home/bingxing2/home/scx6115/Ocean_AI_model/sample_00/train/global_stds.npy
/home/bingxing2/home/scx6115/Ocean_AI_model/sample_00/orography_norm_zscore.h5plot_animations
global_stds_path
 orography orography_norm_maxmin_pathFalse /home/bingxing2/home/scx6115/Ocean_AI_model/sample_00/train/global_stds.npy 
True
/home/bingxing2/home/scx6115/Ocean_AI_model/sample_00/orography_norm_maxmin.h5
orography
orography_norm_zscore_path ---------------------------------------------------add_noise True
 /home/bingxing2/home/scx6115/Ocean_AI_model/sample_00/orography_norm_zscore.h5
world_size :False
orography_norm_zscore_path 
orography_norm_maxmin_path 16noise_std /home/bingxing2/home/scx6115/Ocean_AI_model/sample_00/orography_norm_zscore.h5
 /home/bingxing2/home/scx6115/Ocean_AI_model/sample_00/orography_norm_maxmin.h5
Initialize distributed process group...0
orography_norm_maxmin_path

add_noise crop_size_x /home/bingxing2/home/scx6115/Ocean_AI_model/sample_00/orography_norm_maxmin.h5 False
None
add_noise
noise_std crop_size_y False 0
None
noise_std
crop_size_x log_to_screen 0 None
True
crop_size_x
crop_size_y save_checkpoint None None
True
crop_size_y
log_to_screen plot_animations None True
False
log_to_screen
save_checkpoint  TrueTrue
---------------------------------------------------
save_checkpoint
plot_animations world_size : True False
16
plot_animations
 Initialize distributed process group...False
---------------------------------------------------

world_size : 16
Initialize distributed process group...---------------------------------------------------

world_size : 16
Initialize distributed process group...
2023-06-13 17:51:11,639 - torch.distributed.distributed_c10d - INFO - Added key: store_based_barrier_key:1 to store for rank: 7
2023-06-13 17:51:11,639 - torch.distributed.distributed_c10d - INFO - Added key: store_based_barrier_key:1 to store for rank: 5
2023-06-13 17:51:11,639 - torch.distributed.distributed_c10d - INFO - Added key: store_based_barrier_key:1 to store for rank: 6
2023-06-13 17:51:11,639 - torch.distributed.distributed_c10d - INFO - Added key: store_based_barrier_key:1 to store for rank: 4
2023-06-13 17:51:12,486 - torch.distributed.distributed_c10d - INFO - Rank 6: Completed store-based barrier for key:store_based_barrier_key:1 with 16 nodes.
2023-06-13 17:51:12,486 - torch.distributed.distributed_c10d - INFO - Rank 7: Completed store-based barrier for key:store_based_barrier_key:1 with 16 nodes.
2023-06-13 17:51:12,486 - torch.distributed.distributed_c10d - INFO - Rank 5: Completed store-based barrier for key:store_based_barrier_key:1 with 16 nodes.
2023-06-13 17:51:12,486 - torch.distributed.distributed_c10d - INFO - Rank 4: Completed store-based barrier for key:store_based_barrier_key:1 with 16 nodes.
2023-06-13 17:51:12,549 - root - INFO - device: cuda:1
2023-06-13 17:51:12,550 - root - INFO - rank 5, begin data loader init
2023-06-13 17:51:12,552 - root - INFO - device: cuda:2
2023-06-13 17:51:12,552 - root - INFO - rank 6, begin data loader init
2023-06-13 17:51:12,555 - root - INFO - device: cuda:3
2023-06-13 17:51:12,555 - root - INFO - rank 7, begin data loader init
2023-06-13 17:51:12,556 - root - INFO - device: cuda:0
2023-06-13 17:51:12,556 - root - INFO - rank 4, begin data loader init
2023-06-13 17:51:12,588 - root - INFO - Getting file stats from /home/bingxing2/home/scx6115/Ocean_AI_model/sample_00/train/2000.h5
2023-06-13 17:51:12,588 - root - INFO - Getting file stats from /home/bingxing2/home/scx6115/Ocean_AI_model/sample_00/train/2000.h5
2023-06-13 17:51:12,588 - root - INFO - Getting file stats from /home/bingxing2/home/scx6115/Ocean_AI_model/sample_00/train/2000.h5
2023-06-13 17:51:12,588 - root - INFO - Getting file stats from /home/bingxing2/home/scx6115/Ocean_AI_model/sample_00/train/2000.h5
2023-06-13 17:51:12,589 - root - INFO - Number of samples per year: 365
2023-06-13 17:51:12,589 - root - INFO - Number of samples per year: 365
2023-06-13 17:51:12,589 - root - INFO - Found data at path /home/bingxing2/home/scx6115/Ocean_AI_model/sample_00/train. Number of examples: 4015. Image Shape: 720 x 1440 x 30
2023-06-13 17:51:12,589 - root - INFO - Found data at path /home/bingxing2/home/scx6115/Ocean_AI_model/sample_00/train. Number of examples: 4015. Image Shape: 720 x 1440 x 30
2023-06-13 17:51:12,589 - root - INFO - Delta t: 1 days
2023-06-13 17:51:12,589 - root - INFO - Number of samples per year: 365
2023-06-13 17:51:12,589 - root - INFO - Delta t: 1 days
2023-06-13 17:51:12,589 - root - INFO - Including 0 days of past history in training at a frequency of 1 days
2023-06-13 17:51:12,589 - root - INFO - Number of samples per year: 365
2023-06-13 17:51:12,589 - root - INFO - Found data at path /home/bingxing2/home/scx6115/Ocean_AI_model/sample_00/train. Number of examples: 4015. Image Shape: 720 x 1440 x 30
2023-06-13 17:51:12,589 - root - INFO - Including 0 days of past history in training at a frequency of 1 days
2023-06-13 17:51:12,589 - root - INFO - Found data at path /home/bingxing2/home/scx6115/Ocean_AI_model/sample_00/train. Number of examples: 4015. Image Shape: 720 x 1440 x 30
2023-06-13 17:51:12,590 - root - INFO - Delta t: 1 days
2023-06-13 17:51:12,590 - root - INFO - Delta t: 1 days
2023-06-13 17:51:12,590 - root - INFO - Including 0 days of past history in training at a frequency of 1 days
2023-06-13 17:51:12,590 - root - INFO - Including 0 days of past history in training at a frequency of 1 days
2023-06-13 17:51:12,596 - root - INFO - Getting file stats from /home/bingxing2/home/scx6115/Ocean_AI_model/sample_00/valid/2011.h5
2023-06-13 17:51:12,596 - root - INFO - Getting file stats from /home/bingxing2/home/scx6115/Ocean_AI_model/sample_00/valid/2011.h5
2023-06-13 17:51:12,596 - root - INFO - Getting file stats from /home/bingxing2/home/scx6115/Ocean_AI_model/sample_00/valid/2011.h5
2023-06-13 17:51:12,596 - root - INFO - Getting file stats from /home/bingxing2/home/scx6115/Ocean_AI_model/sample_00/valid/2011.h5
2023-06-13 17:51:12,597 - root - INFO - Number of samples per year: 364
2023-06-13 17:51:12,597 - root - INFO - Number of samples per year: 364
2023-06-13 17:51:12,597 - root - INFO - Number of samples per year: 364
2023-06-13 17:51:12,597 - root - INFO - Found data at path /home/bingxing2/home/scx6115/Ocean_AI_model/sample_00/valid. Number of examples: 364. Image Shape: 720 x 1440 x 30
2023-06-13 17:51:12,597 - root - INFO - Found data at path /home/bingxing2/home/scx6115/Ocean_AI_model/sample_00/valid. Number of examples: 364. Image Shape: 720 x 1440 x 30
2023-06-13 17:51:12,597 - root - INFO - Number of samples per year: 364
2023-06-13 17:51:12,597 - root - INFO - Found data at path /home/bingxing2/home/scx6115/Ocean_AI_model/sample_00/valid. Number of examples: 364. Image Shape: 720 x 1440 x 30
2023-06-13 17:51:12,597 - root - INFO - Delta t: 1 days
2023-06-13 17:51:12,597 - root - INFO - Delta t: 1 days
2023-06-13 17:51:12,597 - root - INFO - Found data at path /home/bingxing2/home/scx6115/Ocean_AI_model/sample_00/valid. Number of examples: 364. Image Shape: 720 x 1440 x 30
2023-06-13 17:51:12,597 - root - INFO - Delta t: 1 days
2023-06-13 17:51:12,597 - root - INFO - Including 0 days of past history in training at a frequency of 1 days
2023-06-13 17:51:12,597 - root - INFO - Including 0 days of past history in training at a frequency of 1 days
2023-06-13 17:51:12,597 - root - INFO - Delta t: 1 days
2023-06-13 17:51:12,597 - root - INFO - Including 0 days of past history in training at a frequency of 1 days
2023-06-13 17:51:12,597 - root - INFO - Including 0 days of past history in training at a frequency of 1 days
Traceback (most recent call last):
Traceback (most recent call last):
  File "/home/bingxing2/home/scx6115/Ocean_AI_model/train_025_bingxing.py", line 487, in <module>
  File "/home/bingxing2/home/scx6115/Ocean_AI_model/train_025_bingxing.py", line 487, in <module>
Traceback (most recent call last):
  File "/home/bingxing2/home/scx6115/Ocean_AI_model/train_025_bingxing.py", line 487, in <module>
Traceback (most recent call last):
  File "/home/bingxing2/home/scx6115/Ocean_AI_model/train_025_bingxing.py", line 487, in <module>
    trainer = Trainer(params, world_rank)
  File "/home/bingxing2/home/scx6115/Ocean_AI_model/train_025_bingxing.py", line 69, in __init__
    trainer = Trainer(params, world_rank)
  File "/home/bingxing2/home/scx6115/Ocean_AI_model/train_025_bingxing.py", line 69, in __init__
    trainer = Trainer(params, world_rank)
  File "/home/bingxing2/home/scx6115/Ocean_AI_model/train_025_bingxing.py", line 69, in __init__
    trainer = Trainer(params, world_rank)
  File "/home/bingxing2/home/scx6115/Ocean_AI_model/train_025_bingxing.py", line 69, in __init__
    self.valid_data_loader, self.valid_dataset = get_data_loader(params, params.valid_data_path,
ValueError: too many values to unpack (expected 2)
    self.valid_data_loader, self.valid_dataset = get_data_loader(params, params.valid_data_path,
ValueError: too many values to unpack (expected 2)
    self.valid_data_loader, self.valid_dataset = get_data_loader(params, params.valid_data_path,
ValueError: too many values to unpack (expected 2)
    self.valid_data_loader, self.valid_dataset = get_data_loader(params, params.valid_data_path,
ValueError: too many values to unpack (expected 2)
ERROR:torch.distributed.elastic.multiprocessing.api:failed (exitcode: 1) local_rank: 0 (pid: 3091519) of binary: /home/bingxing2/home/scx6115/.conda/envs/torch2.0/bin/python
Traceback (most recent call last):
  File "/home/bingxing2/home/scx6115/.conda/envs/torch2.0/bin/torchrun", line 8, in <module>
    sys.exit(main())
  File "/home/bingxing2/home/scx6115/.conda/envs/torch2.0/lib/python3.10/site-packages/torch/distributed/elastic/multiprocessing/errors/__init__.py", line 346, in wrapper
    return f(*args, **kwargs)
  File "/home/bingxing2/home/scx6115/.conda/envs/torch2.0/lib/python3.10/site-packages/torch/distributed/run.py", line 794, in main
    run(args)
  File "/home/bingxing2/home/scx6115/.conda/envs/torch2.0/lib/python3.10/site-packages/torch/distributed/run.py", line 785, in run
    elastic_launch(
  File "/home/bingxing2/home/scx6115/.conda/envs/torch2.0/lib/python3.10/site-packages/torch/distributed/launcher/api.py", line 134, in __call__
    return launch_agent(self._config, self._entrypoint, list(args))
  File "/home/bingxing2/home/scx6115/.conda/envs/torch2.0/lib/python3.10/site-packages/torch/distributed/launcher/api.py", line 250, in launch_agent
    raise ChildFailedError(
torch.distributed.elastic.multiprocessing.errors.ChildFailedError: 
============================================================
train_025_bingxing.py FAILED
------------------------------------------------------------
Failures:
[1]:
  time      : 2023-06-13_17:51:15
  host      : paraai-n32-h-01-agent-8.paraai-n32-h-01.com
  rank      : 5 (local_rank: 1)
  exitcode  : 1 (pid: 3091520)
  error_file: <N/A>
  traceback : To enable traceback see: https://pytorch.org/docs/stable/elastic/errors.html
[2]:
  time      : 2023-06-13_17:51:15
  host      : paraai-n32-h-01-agent-8.paraai-n32-h-01.com
  rank      : 6 (local_rank: 2)
  exitcode  : 1 (pid: 3091521)
  error_file: <N/A>
  traceback : To enable traceback see: https://pytorch.org/docs/stable/elastic/errors.html
[3]:
  time      : 2023-06-13_17:51:15
  host      : paraai-n32-h-01-agent-8.paraai-n32-h-01.com
  rank      : 7 (local_rank: 3)
  exitcode  : 1 (pid: 3091522)
  error_file: <N/A>
  traceback : To enable traceback see: https://pytorch.org/docs/stable/elastic/errors.html
------------------------------------------------------------
Root Cause (first observed failure):
[0]:
  time      : 2023-06-13_17:51:15
  host      : paraai-n32-h-01-agent-8.paraai-n32-h-01.com
  rank      : 4 (local_rank: 0)
  exitcode  : 1 (pid: 3091519)
  error_file: <N/A>
  traceback : To enable traceback see: https://pytorch.org/docs/stable/elastic/errors.html
============================================================
