master_addr is only used for static rdzv_backend and when rdzv_endpoint is not specified.
WARNING:torch.distributed.run:
*****************************************
Setting OMP_NUM_THREADS environment variable for each process to be 1 in default, to avoid your system being overloaded, please further tune the variable for optimal performance in your application as needed. 
*****************************************
paraai-n32-h-01-agent-22
paraai-n32-h-01-agent-22
paraai-n32-h-01-agent-22
paraai-n32-h-01-agent-22
00

------------------ Configuration ------------------ ------------------ Configuration ------------------   /home/bingxing2/home/scx6115/Ocean_AI_model/config/AFNO.yaml/home/bingxing2/home/scx6115/Ocean_AI_model/config/AFNO.yaml

0
------------------ Configuration ------------------  /home/bingxing2/home/scx6115/Ocean_AI_model/config/AFNO.yaml
0
------------------ Configuration ------------------  /home/bingxing2/home/scx6115/Ocean_AI_model/config/AFNO.yaml
log_to_wandb True
log_to_wandblr  True
0.0005
batch_size lr32 
max_epochs0.0005 
500
batch_sizelog_to_wandbscheduler  32 CosineAnnealingLR
True

max_epochsin_channels  500
lrscheduler  [0, 1, 2, 3, 4, 5, 6, 7, 8, 9, 10, 11, 12, 13, 14, 15, 16, 17, 18, 19, 20, 21, 22, 23, 24, 25, 26, 27, 28, 29]CosineAnnealingLR

0.0005
in_channels batch_sizeout_channels  32
[0, 1, 2, 3, 4, 5, 6, 7, 8, 9, 10, 11, 12, 13, 14, 15, 16, 17, 18, 19, 20, 21, 22, 23, 24, 25, 26, 27, 28, 29]
max_epochs[0, 1, 2, 3, 4, 5, 6, 7, 8, 9, 10, 11, 12, 13, 14, 15, 16, 17, 18, 19, 20, 21, 22, 23, 24] 
500
out_channelsN_in_channels scheduler 31 
CosineAnnealingLR
[0, 1, 2, 3, 4, 5, 6, 7, 8, 9, 10, 11, 12, 13, 14, 15, 16, 17, 18, 19, 20, 21, 22, 23, 24]N_out_channels
in_channels  25N_in_channels
 31img_size_h
 720
N_out_channels[0, 1, 2, 3, 4, 5, 6, 7, 8, 9, 10, 11, 12, 13, 14, 15, 16, 17, 18, 19, 20, 21, 22, 23, 24, 25, 26, 27, 28, 29] img_size_w
25 
1440out_channels
img_size_h  patch_size_h720 
5[0, 1, 2, 3, 4, 5, 6, 7, 8, 9, 10, 11, 12, 13, 14, 15, 16, 17, 18, 19, 20, 21, 22, 23, 24]img_size_w

 1440
patch_size_wN_in_channels  patch_size_h531 

5
lossN_out_channels  l2patch_size_w
25 
5num_data_workers
img_size_h  0loss720
 
l2dt
img_size_w  1num_data_workers1440
 
0n_history
patch_size_h  dt05
 
1prediction_type
patch_size_w  iterativen_history5
 
0prediction_lengthloss
  30l2prediction_type

 iterativenum_data_workers
n_initial_conditions  0prediction_length5
 
30dt
ics_type  1defaultn_initial_conditions

 n_history5save_raw_forecasts 
0 True

ics_type prediction_typedefaultsave_channel
  iterativeFalsesave_raw_forecasts

 prediction_lengthTruemasked_acc 
 30False

save_channel n_initial_conditionsFalsemaskpath 
 5None
masked_acc
 ics_typeperturbFalse  
defaultFalse

maskpath save_raw_forecastsadd_gridNone  
TrueFalse

perturb save_channelFalseN_grid_channels 
False 
add_grid0 
masked_accFalse gridtype
False 
sinusoidalN_grid_channels
 maskpath0 roll
 NonegridtypeFalse
 
sinusoidalperturb
 num_blocksFalse roll
8 
add_gridFalse 
nettypeFalse 
num_blocksafno 
N_grid_channels8 
patch_size0 nettype
8 gridtype
afno 
sinusoidalwidth
 patch_size56 roll
8 
modesFalse width
32 
56num_blocks
target modes  8default32


enable_nhwcnettypetarget   Falseafnodefault


optimizer_typeenable_nhwcpatch_size   FalseFusedAdam8


optimizer_typewidthnormalize   FusedAdam56True


normalizemodes normalization True 32
zscore

normalizationtarget  zscoreglobal_mins_pathdefault
 
./sample_00/train/global_mins.npy
enable_nhwc global_maxs_pathglobal_mins_pathFalse  
./sample_00/train/global_maxs.npy./sample_00/train/global_mins.npy

optimizer_typeglobal_means_path global_maxs_pathFusedAdam  
./sample_00/train/global_means.npy./sample_00/train/global_maxs.npy

normalize global_means_pathTrueglobal_stds_path 
 ./sample_00/train/global_means.npy./sample_00/train/global_stds.npy
normalization
 zscoreglobal_stds_pathtrain_data_path
  ./sample_00/train/global_stds.npy./sample_00/trainglobal_mins_path

 ./sample_00/train/global_mins.npytrain_data_pathvalid_data_path
  ./sample_00/trainglobal_maxs_path./sample_00/valid
 
valid_data_path./sample_00/train/global_maxs.npylog_to_wandb
test_data_path  ./sample_00/valid ./sample_00/testglobal_means_path

 True./sample_00/train/global_means.npyland_masktest_data_path

  True./sample_00/testglobal_stds_path

 ./sample_00/train/global_stds.npy
land_masklrland_mask_path train_data_path  True ./sample_00/land_mask.h5
./sample_00/train

land_mask_path0.0005orographyvalid_data_path 
 ./sample_00/land_mask.h5 True
./sample_00/valid
batch_size
orographyorography_norm_zscore_path test_data_path  32 True./sample_00/orography_norm_zscore.h5

./sample_00/test

orography_norm_zscore_pathmax_epochsland_maskorography_norm_maxmin_path   ./sample_00/orography_norm_maxmin.h5 ./sample_00/orography_norm_zscore.h5True

500exp_dir

orography_norm_maxmin_path  ./expschedulerland_mask_path
./sample_00/orography_norm_maxmin.h5  add_noise
./sample_00/land_mask.h5 FalseCosineAnnealingLR

exp_dir
orography noise_std ./exp in_channelsTrue
0

 crop_size_xadd_noiseorography_norm_zscore_path   NoneFalse./sample_00/orography_norm_zscore.h5


[0, 1, 2, 3, 4, 5, 6, 7, 8, 9, 10, 11, 12, 13, 14, 15, 16, 17, 18, 19, 20, 21, 22, 23, 24, 25, 26, 27, 28, 29]crop_size_yorography_norm_maxmin_pathnoise_std   
None./sample_00/orography_norm_maxmin.h50


log_to_screenexp_dircrop_size_x   Trueout_channels./expNone

 save_checkpoint
add_noise  TrueFalse
crop_size_y
[0, 1, 2, 3, 4, 5, 6, 7, 8, 9, 10, 11, 12, 13, 14, 15, 16, 17, 18, 19, 20, 21, 22, 23, 24] plot_animationsnoise_stdNone 
 
False0

log_to_screenN_in_channels crop_size_x True 
None31
save_checkpoint
 crop_size_yTrue N_out_channels
None 
plot_animations25 log_to_screenFalse 

True
img_size_hsave_checkpoint  720True

img_size_wplot_animations  False1440

---------------------------------------------------
patch_size_h 5
patch_size_w 5
loss world_size :---------------------------------------------------l2
 
16
num_data_workersInitialize distributed process group... 
0
dt 1
world_size :n_history---------------------------------------------------  
160

Initialize distributed process group...
prediction_type iterative
prediction_length 30
world_size :n_initial_conditions 16 
5Initialize distributed process group...

ics_type default
save_raw_forecasts True
save_channel False
masked_acc False
maskpath None
perturb False
add_grid False
N_grid_channels 0
gridtype sinusoidal
roll False
num_blocks 8
nettype afno
patch_size 8
width 56
modes 32
target default
enable_nhwc False
optimizer_type FusedAdam
normalize True
normalization zscore
global_mins_path ./sample_00/train/global_mins.npy
global_maxs_path ./sample_00/train/global_maxs.npy
global_means_path ./sample_00/train/global_means.npy
global_stds_path ./sample_00/train/global_stds.npy
train_data_path ./sample_00/train
valid_data_path ./sample_00/valid
test_data_path ./sample_00/test
land_mask True
land_mask_path ./sample_00/land_mask.h5
orography True
orography_norm_zscore_path ./sample_00/orography_norm_zscore.h5
orography_norm_maxmin_path ./sample_00/orography_norm_maxmin.h5
exp_dir ./exp
add_noise False
noise_std 0
crop_size_x None
crop_size_y None
log_to_screen True
save_checkpoint True
plot_animations False
---------------------------------------------------
world_size : 16
Initialize distributed process group...
2023-06-09 10:51:21,772 - torch.distributed.distributed_c10d - INFO - Added key: store_based_barrier_key:1 to store for rank: 2
2023-06-09 10:51:21,772 - torch.distributed.distributed_c10d - INFO - Added key: store_based_barrier_key:1 to store for rank: 3
2023-06-09 10:51:21,772 - torch.distributed.distributed_c10d - INFO - Added key: store_based_barrier_key:1 to store for rank: 1
2023-06-09 10:51:22,034 - torch.distributed.distributed_c10d - INFO - Added key: store_based_barrier_key:1 to store for rank: 0
2023-06-09 10:51:22,035 - torch.distributed.distributed_c10d - INFO - Rank 0: Completed store-based barrier for key:store_based_barrier_key:1 with 16 nodes.
2023-06-09 10:51:22,035 - torch.distributed.distributed_c10d - INFO - Rank 1: Completed store-based barrier for key:store_based_barrier_key:1 with 16 nodes.
2023-06-09 10:51:22,035 - torch.distributed.distributed_c10d - INFO - Rank 3: Completed store-based barrier for key:store_based_barrier_key:1 with 16 nodes.
2023-06-09 10:51:22,035 - torch.distributed.distributed_c10d - INFO - Rank 2: Completed store-based barrier for key:store_based_barrier_key:1 with 16 nodes.
2023-06-09 10:51:22,092 - root - INFO - device: cuda:1
2023-06-09 10:51:22,092 - root - INFO - rank 1, begin data loader init
2023-06-09 10:51:22,093 - root - INFO - device: cuda:2
2023-06-09 10:51:22,093 - root - INFO - rank 2, begin data loader init
2023-06-09 10:51:22,093 - root - INFO - device: cuda:3
2023-06-09 10:51:22,093 - root - INFO - rank 3, begin data loader init
2023-06-09 10:51:22,138 - root - INFO - Getting file stats from ./sample_00/train/2000.h5
2023-06-09 10:51:22,138 - root - INFO - Getting file stats from ./sample_00/train/2000.h5
2023-06-09 10:51:22,138 - root - INFO - Getting file stats from ./sample_00/train/2000.h5
2023-06-09 10:51:22,139 - root - INFO - Number of samples per year: 365
2023-06-09 10:51:22,139 - root - INFO - Number of samples per year: 365
2023-06-09 10:51:22,139 - root - INFO - Found data at path ./sample_00/train. Number of examples: 4015. Image Shape: 720 x 1440 x 30
2023-06-09 10:51:22,139 - root - INFO - Found data at path ./sample_00/train. Number of examples: 4015. Image Shape: 720 x 1440 x 30
2023-06-09 10:51:22,139 - root - INFO - Delta t: 1 days
2023-06-09 10:51:22,139 - root - INFO - Delta t: 1 days
2023-06-09 10:51:22,140 - root - INFO - Including 0 days of past history in training at a frequency of 1 days
2023-06-09 10:51:22,140 - root - INFO - Including 0 days of past history in training at a frequency of 1 days
2023-06-09 10:51:22,140 - root - INFO - Number of samples per year: 365
2023-06-09 10:51:22,140 - root - INFO - Found data at path ./sample_00/train. Number of examples: 4015. Image Shape: 720 x 1440 x 30
2023-06-09 10:51:22,140 - root - INFO - Delta t: 1 days
2023-06-09 10:51:22,140 - root - INFO - Including 0 days of past history in training at a frequency of 1 days
2023-06-09 10:51:22,160 - root - INFO - ------------------ Configuration ------------------
2023-06-09 10:51:22,163 - root - INFO - Configuration file: /home/bingxing2/home/scx6115/Ocean_AI_model/config/AFNO.yaml
2023-06-09 10:51:22,163 - root - INFO - Configuration name: afno_backbone
2023-06-09 10:51:22,163 - root - INFO - log_to_wandb True
2023-06-09 10:51:22,163 - root - INFO - lr 0.0005
2023-06-09 10:51:22,163 - root - INFO - batch_size 2
2023-06-09 10:51:22,163 - root - INFO - max_epochs 500
2023-06-09 10:51:22,163 - root - INFO - scheduler CosineAnnealingLR
2023-06-09 10:51:22,163 - root - INFO - in_channels [0, 1, 2, 3, 4, 5, 6, 7, 8, 9, 10, 11, 12, 13, 14, 15, 16, 17, 18, 19, 20, 21, 22, 23, 24, 25, 26, 27, 28, 29]
2023-06-09 10:51:22,163 - root - INFO - out_channels [0, 1, 2, 3, 4, 5, 6, 7, 8, 9, 10, 11, 12, 13, 14, 15, 16, 17, 18, 19, 20, 21, 22, 23, 24]
2023-06-09 10:51:22,164 - root - INFO - N_in_channels 31
2023-06-09 10:51:22,164 - root - INFO - N_out_channels 25
2023-06-09 10:51:22,164 - root - INFO - img_size_h 720
2023-06-09 10:51:22,164 - root - INFO - img_size_w 1440
2023-06-09 10:51:22,164 - root - INFO - patch_size_h 5
2023-06-09 10:51:22,164 - root - INFO - patch_size_w 5
2023-06-09 10:51:22,164 - root - INFO - loss l2
2023-06-09 10:51:22,164 - root - INFO - num_data_workers 0
2023-06-09 10:51:22,164 - root - INFO - dt 1
2023-06-09 10:51:22,164 - root - INFO - n_history 0
2023-06-09 10:51:22,164 - root - INFO - prediction_type iterative
2023-06-09 10:51:22,164 - root - INFO - prediction_length 30
2023-06-09 10:51:22,164 - root - INFO - n_initial_conditions 5
2023-06-09 10:51:22,164 - root - INFO - ics_type default
2023-06-09 10:51:22,164 - root - INFO - save_raw_forecasts True
2023-06-09 10:51:22,165 - root - INFO - save_channel False
2023-06-09 10:51:22,165 - root - INFO - masked_acc False
2023-06-09 10:51:22,165 - root - INFO - maskpath None
2023-06-09 10:51:22,165 - root - INFO - perturb False
2023-06-09 10:51:22,165 - root - INFO - add_grid False
2023-06-09 10:51:22,165 - root - INFO - N_grid_channels 0
2023-06-09 10:51:22,165 - root - INFO - gridtype sinusoidal
2023-06-09 10:51:22,165 - root - INFO - roll False
2023-06-09 10:51:22,165 - root - INFO - num_blocks 8
2023-06-09 10:51:22,165 - root - INFO - nettype afno
2023-06-09 10:51:22,165 - root - INFO - patch_size 8
2023-06-09 10:51:22,165 - root - INFO - width 56
2023-06-09 10:51:22,165 - root - INFO - modes 32
2023-06-09 10:51:22,165 - root - INFO - target default
2023-06-09 10:51:22,165 - root - INFO - enable_nhwc False
2023-06-09 10:51:22,166 - root - INFO - optimizer_type FusedAdam
2023-06-09 10:51:22,166 - root - INFO - normalize True
2023-06-09 10:51:22,166 - root - INFO - normalization zscore
2023-06-09 10:51:22,166 - root - INFO - global_mins_path ./sample_00/train/global_mins.npy
2023-06-09 10:51:22,166 - root - INFO - global_maxs_path ./sample_00/train/global_maxs.npy
2023-06-09 10:51:22,166 - root - INFO - global_means_path ./sample_00/train/global_means.npy
2023-06-09 10:51:22,166 - root - INFO - global_stds_path ./sample_00/train/global_stds.npy
2023-06-09 10:51:22,166 - root - INFO - train_data_path ./sample_00/train
2023-06-09 10:51:22,166 - root - INFO - valid_data_path ./sample_00/valid
2023-06-09 10:51:22,166 - root - INFO - test_data_path ./sample_00/test
2023-06-09 10:51:22,166 - root - INFO - land_mask True
2023-06-09 10:51:22,166 - root - INFO - land_mask_path ./sample_00/land_mask.h5
2023-06-09 10:51:22,166 - root - INFO - orography True
2023-06-09 10:51:22,166 - root - INFO - orography_norm_zscore_path ./sample_00/orography_norm_zscore.h5
2023-06-09 10:51:22,166 - root - INFO - orography_norm_maxmin_path ./sample_00/orography_norm_maxmin.h5
2023-06-09 10:51:22,167 - root - INFO - exp_dir ./exp
2023-06-09 10:51:22,167 - root - INFO - add_noise False
2023-06-09 10:51:22,167 - root - INFO - noise_std 0
2023-06-09 10:51:22,167 - root - INFO - crop_size_x None
2023-06-09 10:51:22,167 - root - INFO - crop_size_y None
2023-06-09 10:51:22,167 - root - INFO - log_to_screen True
2023-06-09 10:51:22,167 - root - INFO - save_checkpoint True
2023-06-09 10:51:22,167 - root - INFO - plot_animations False
2023-06-09 10:51:22,167 - root - INFO - epsilon_factor 0
2023-06-09 10:51:22,167 - root - INFO - world_size 16
2023-06-09 10:51:22,167 - root - INFO - local_rank 0
2023-06-09 10:51:22,167 - root - INFO - global_batch_size 32
2023-06-09 10:51:22,167 - root - INFO - enable_amp True
2023-06-09 10:51:22,167 - root - INFO - experiment_dir /home/bingxing2/home/scx6115/Ocean_AI_model/exp/afno_backbone/20230609-105059
2023-06-09 10:51:22,167 - root - INFO - checkpoint_path ./exp/afno_backbone/20230609-105059/training_checkpoints/ckpt.tar
2023-06-09 10:51:22,168 - root - INFO - best_checkpoint_path ./exp/afno_backbone/20230609-105059/training_checkpoints/best_ckpt.tar
2023-06-09 10:51:22,168 - root - INFO - resuming False
2023-06-09 10:51:22,168 - root - INFO - entity ocean_ai_model
2023-06-09 10:51:22,168 - root - INFO - project ai4science
2023-06-09 10:51:22,168 - root - INFO - group 025_daily
2023-06-09 10:51:22,168 - root - INFO - name afno_backbone_20230609-105059
2023-06-09 10:51:22,168 - root - INFO - ---------------------------------------------------
2023-06-09 10:51:22,187 - root - INFO - Getting file stats from ./sample_00/valid/2011.h5
2023-06-09 10:51:22,187 - root - INFO - Getting file stats from ./sample_00/valid/2011.h5
2023-06-09 10:51:22,187 - root - INFO - Getting file stats from ./sample_00/valid/2011.h5
2023-06-09 10:51:22,188 - root - INFO - Number of samples per year: 364
2023-06-09 10:51:22,188 - root - INFO - Number of samples per year: 364
2023-06-09 10:51:22,188 - root - INFO - Found data at path ./sample_00/valid. Number of examples: 364. Image Shape: 720 x 1440 x 30
2023-06-09 10:51:22,188 - root - INFO - Delta t: 1 days
2023-06-09 10:51:22,188 - root - INFO - Found data at path ./sample_00/valid. Number of examples: 364. Image Shape: 720 x 1440 x 30
2023-06-09 10:51:22,188 - root - INFO - Including 0 days of past history in training at a frequency of 1 days
2023-06-09 10:51:22,188 - root - INFO - Delta t: 1 days
2023-06-09 10:51:22,188 - root - INFO - Including 0 days of past history in training at a frequency of 1 days
2023-06-09 10:51:22,188 - root - INFO - Number of samples per year: 364
2023-06-09 10:51:22,188 - root - INFO - Found data at path ./sample_00/valid. Number of examples: 364. Image Shape: 720 x 1440 x 30
2023-06-09 10:51:22,188 - root - INFO - rank 1, data loader initialized
2023-06-09 10:51:22,188 - root - INFO - Delta t: 1 days
2023-06-09 10:51:22,188 - root - INFO - rank 3, data loader initialized
2023-06-09 10:51:22,188 - root - INFO - Including 0 days of past history in training at a frequency of 1 days
2023-06-09 10:51:22,188 - root - INFO - rank 2, data loader initialized
wandb: Tracking run with wandb version 0.15.3
wandb: W&B syncing is set to `offline` in this directory.  
wandb: Run `wandb online` or set WANDB_MODE=online to enable cloud syncing.
2023-06-09 10:51:32,673 - root - INFO - device: cuda:0
2023-06-09 10:51:32,673 - root - INFO - rank 0, begin data loader init
2023-06-09 10:51:32,675 - root - INFO - Getting file stats from ./sample_00/train/2000.h5
2023-06-09 10:51:32,677 - root - INFO - Number of samples per year: 365
2023-06-09 10:51:32,677 - root - INFO - Found data at path ./sample_00/train. Number of examples: 4015. Image Shape: 720 x 1440 x 30
2023-06-09 10:51:32,677 - root - INFO - Delta t: 1 days
2023-06-09 10:51:32,677 - root - INFO - Including 0 days of past history in training at a frequency of 1 days
2023-06-09 10:51:32,679 - root - INFO - Getting file stats from ./sample_00/valid/2011.h5
2023-06-09 10:51:32,680 - root - INFO - Number of samples per year: 364
2023-06-09 10:51:32,681 - root - INFO - Found data at path ./sample_00/valid. Number of examples: 364. Image Shape: 720 x 1440 x 30
2023-06-09 10:51:32,681 - root - INFO - Delta t: 1 days
2023-06-09 10:51:32,681 - root - INFO - Including 0 days of past history in training at a frequency of 1 days
2023-06-09 10:51:32,681 - root - INFO - rank 0, data loader initialized

paraai-n32-h-01-agent-22:2347125:2347125 [0] bootstrap.cc:40 NCCL WARN Bootstrap : no socket interface found
paraai-n32-h-01-agent-22:2347125:2347125 [0] NCCL INFO init.cc:87 -> 3
paraai-n32-h-01-agent-22:2347125:2347125 [0] NCCL INFO init.cc:105 -> 3
Traceback (most recent call last):
  File "/home/bingxing2/home/scx6115/Ocean_AI_model/train_025_bingxing.py", line 479, in <module>
    trainer = Trainer(params, world_rank)
  File "/home/bingxing2/home/scx6115/Ocean_AI_model/train_025_bingxing.py", line 100, in __init__
    self.model = DistributedDataParallel(self.model,
  File "/home/bingxing2/home/scx6115/.conda/envs/torch2.0/lib/python3.10/site-packages/torch/nn/parallel/distributed.py", line 674, in __init__
    _verify_param_shape_across_processes(self.process_group, parameters)
  File "/home/bingxing2/home/scx6115/.conda/envs/torch2.0/lib/python3.10/site-packages/torch/distributed/utils.py", line 118, in _verify_param_shape_across_processes
    return dist._verify_params_across_processes(process_group, tensors, logger)
torch.distributed.DistBackendError: NCCL error in: /home/bingxing2/home/scx6002/wuxm/2.0.0_cu117_cp310/pytorch/torch/csrc/distributed/c10d/ProcessGroupNCCL.cpp:1207, internal error, NCCL version 2.14.3
ncclInternalError: Internal check failed.
Last error:
Bootstrap : no socket interface found
wandb: Waiting for W&B process to finish... (failed 1).
wandb: You can sync this run to the cloud by running:
wandb: wandb sync /home/bingxing2/home/scx6115/Ocean_AI_model/wandb/offline-run-20230609_105124-ed5dalmx
wandb: Find logs at: ./wandb/offline-run-20230609_105124-ed5dalmx/logs
Traceback (most recent call last):
  File "/home/bingxing2/home/scx6115/Ocean_AI_model/train_025_bingxing.py", line 479, in <module>
    trainer = Trainer(params, world_rank)
  File "/home/bingxing2/home/scx6115/Ocean_AI_model/train_025_bingxing.py", line 100, in __init__
    self.model = DistributedDataParallel(self.model,
  File "/home/bingxing2/home/scx6115/.conda/envs/torch2.0/lib/python3.10/site-packages/torch/nn/parallel/distributed.py", line 674, in __init__
Traceback (most recent call last):
  File "/home/bingxing2/home/scx6115/Ocean_AI_model/train_025_bingxing.py", line 479, in <module>
    _verify_param_shape_across_processes(self.process_group, parameters)
  File "/home/bingxing2/home/scx6115/.conda/envs/torch2.0/lib/python3.10/site-packages/torch/distributed/utils.py", line 118, in _verify_param_shape_across_processes
    return dist._verify_params_across_processes(process_group, tensors, logger)
RuntimeError: [3] is setting up NCCL communicator and retrieving ncclUniqueId from [0] via c10d key-value store by key '0', but store->get('0') got error: Connection reset by peer. This may indicate a possible application crash on rank 0 or a network set up issue.
    trainer = Trainer(params, world_rank)
  File "/home/bingxing2/home/scx6115/Ocean_AI_model/train_025_bingxing.py", line 100, in __init__
Traceback (most recent call last):
  File "/home/bingxing2/home/scx6115/Ocean_AI_model/train_025_bingxing.py", line 479, in <module>
    self.model = DistributedDataParallel(self.model,
  File "/home/bingxing2/home/scx6115/.conda/envs/torch2.0/lib/python3.10/site-packages/torch/nn/parallel/distributed.py", line 674, in __init__
    _verify_param_shape_across_processes(self.process_group, parameters)
  File "/home/bingxing2/home/scx6115/.conda/envs/torch2.0/lib/python3.10/site-packages/torch/distributed/utils.py", line 118, in _verify_param_shape_across_processes
    return dist._verify_params_across_processes(process_group, tensors, logger)
RuntimeError: [2] is setting up NCCL communicator and retrieving ncclUniqueId from [0] via c10d key-value store by key '0', but store->get('0') got error: Connection reset by peer. This may indicate a possible application crash on rank 0 or a network set up issue.
    trainer = Trainer(params, world_rank)
  File "/home/bingxing2/home/scx6115/Ocean_AI_model/train_025_bingxing.py", line 100, in __init__
    self.model = DistributedDataParallel(self.model,
  File "/home/bingxing2/home/scx6115/.conda/envs/torch2.0/lib/python3.10/site-packages/torch/nn/parallel/distributed.py", line 674, in __init__
    _verify_param_shape_across_processes(self.process_group, parameters)
  File "/home/bingxing2/home/scx6115/.conda/envs/torch2.0/lib/python3.10/site-packages/torch/distributed/utils.py", line 118, in _verify_param_shape_across_processes
    return dist._verify_params_across_processes(process_group, tensors, logger)
RuntimeError: [1] is setting up NCCL communicator and retrieving ncclUniqueId from [0] via c10d key-value store by key '0', but store->get('0') got error: Connection reset by peer. This may indicate a possible application crash on rank 0 or a network set up issue.
WARNING:torch.distributed.elastic.multiprocessing.api:Sending process 2347126 closing signal SIGTERM
WARNING:torch.distributed.elastic.multiprocessing.api:Sending process 2347127 closing signal SIGTERM
ERROR:torch.distributed.elastic.multiprocessing.api:failed (exitcode: 1) local_rank: 0 (pid: 2347125) of binary: /home/bingxing2/home/scx6115/.conda/envs/torch2.0/bin/python
Traceback (most recent call last):
  File "/home/bingxing2/home/scx6115/.conda/envs/torch2.0/bin/torchrun", line 8, in <module>
    sys.exit(main())
  File "/home/bingxing2/home/scx6115/.conda/envs/torch2.0/lib/python3.10/site-packages/torch/distributed/elastic/multiprocessing/errors/__init__.py", line 346, in wrapper
    return f(*args, **kwargs)
  File "/home/bingxing2/home/scx6115/.conda/envs/torch2.0/lib/python3.10/site-packages/torch/distributed/run.py", line 794, in main
    run(args)
  File "/home/bingxing2/home/scx6115/.conda/envs/torch2.0/lib/python3.10/site-packages/torch/distributed/run.py", line 785, in run
    elastic_launch(
  File "/home/bingxing2/home/scx6115/.conda/envs/torch2.0/lib/python3.10/site-packages/torch/distributed/launcher/api.py", line 134, in __call__
    return launch_agent(self._config, self._entrypoint, list(args))
  File "/home/bingxing2/home/scx6115/.conda/envs/torch2.0/lib/python3.10/site-packages/torch/distributed/launcher/api.py", line 250, in launch_agent
    raise ChildFailedError(
torch.distributed.elastic.multiprocessing.errors.ChildFailedError: 
============================================================
train_025_bingxing.py FAILED
------------------------------------------------------------
Failures:
[1]:
  time      : 2023-06-09_10:51:46
  host      : paraai-n32-h-01-agent-22.paraai-n32-h-01.com
  rank      : 3 (local_rank: 3)
  exitcode  : 1 (pid: 2347128)
  error_file: <N/A>
  traceback : To enable traceback see: https://pytorch.org/docs/stable/elastic/errors.html
------------------------------------------------------------
Root Cause (first observed failure):
[0]:
  time      : 2023-06-09_10:51:46
  host      : paraai-n32-h-01-agent-22.paraai-n32-h-01.com
  rank      : 0 (local_rank: 0)
  exitcode  : 1 (pid: 2347125)
  error_file: <N/A>
  traceback : To enable traceback see: https://pytorch.org/docs/stable/elastic/errors.html
============================================================
srun: error: paraai-n32-h-01-agent-22: task 0: Exited with exit code 1
