master_addr is only used for static rdzv_backend and when rdzv_endpoint is not specified.
WARNING:torch.distributed.run:
*****************************************
Setting OMP_NUM_THREADS environment variable for each process to be 1 in default, to avoid your system being overloaded, please further tune the variable for optimal performance in your application as needed. 
*****************************************
paraai-n32-h-01-agent-80
paraai-n32-h-01-agent-80
00

------------------ Configuration ------------------ ------------------ Configuration ------------------   /home/bingxing2/home/scx6115/Ocean_AI_model/config/Model.yaml/home/bingxing2/home/scx6115/Ocean_AI_model/config/Model.yaml

paraai-n32-h-01-agent-80
paraai-n32-h-01-agent-80
0
------------------ Configuration ------------------  /home/bingxing2/home/scx6115/Ocean_AI_model/config/Model.yaml
0
------------------ Configuration ------------------  /home/bingxing2/home/scx6115/Ocean_AI_model/config/Model.yaml
nettype Masked_AE_fusion
log_to_wandb True
lr 0.001
batch_size 32
max_epochs 100
scheduler CosineAnnealingLR
fusion_3d_2d True
in_chans 31
out_chans 25
in_channels [0, 1, 2, 3, 4, 5, 6, 7, 8, 9, 10, 11, 12, 13, 14, 15, 16, 17, 18, 19, 20, 21, 22, 23, 24, 25, 26, 27, 28, 29]
out_channels [0, 1, 2, 3, 4, 5, 6, 7, 8, 9, 10, 11, 12, 13, 14, 15, 16, 17, 18, 19, 20, 21, 22, 23, 24]
img_size_h 720
img_size_w 1440
patch_size_h 16
patch_size_w 16
patch_size_dnettype 2
 mlp_ratioMasked_AE_fusion 
4.0
in_chans_2d 7
log_to_wandbout_chans_2d  True1

in_chans_3dlr  4
out_chans_3d 4
0.001var_depth
 6
batch_sizeembed_dim  32512

depth max_epochs16 
100num_heads
 16
scheduler decoder_embed_dimCosineAnnealingLR 
1024
fusion_3d_2ddecoder_depth  True8

decoder_num_headsin_chans  1631

drop_rateout_chans  0.025

drop_path_rate in_channels0.0 
sparsity_threshold 0.01
[0, 1, 2, 3, 4, 5, 6, 7, 8, 9, 10, 11, 12, 13, 14, 15, 16, 17, 18, 19, 20, 21, 22, 23, 24, 25, 26, 27, 28, 29]hard_thresholding_fraction
 1.0
out_channelsnum_blocks  8
loss [0, 1, 2, 3, 4, 5, 6, 7, 8, 9, 10, 11, 12, 13, 14, 15, 16, 17, 18, 19, 20, 21, 22, 23, 24]l2

num_data_workersimg_size_h  0
720dt
 1img_size_w
 n_history1440 
0
patch_size_hprediction_type  16iterative

patch_size_wprediction_length  1641

patch_size_dn_initial_conditions  25

mlp_ratioics_type  4.0default

date_strings in_chans_2d['2018-09-14 00:00:00'] 
7
save_raw_forecasts out_chans_2dTrue 
1
save_channel False
in_chans_3dmasked_acc  4False

out_chans_3dmaskpath  4None

var_depthperturb  6False

add_grid embed_dimFalse 
512nettypeN_grid_channels
  0Masked_AE_fusiondepth

 gridtype16 
sinusoidallog_to_wandb
num_heads roll True 
False16lr

 enable_nhwcdecoder_embed_dim  False0.0011024


optimizer_typebatch_size  decoder_depthFusedAdam32
 
exp_dir8 max_epochs
./exp 
100
patch_sizedecoder_num_heads scheduler8 
CosineAnnealingLR 
width16 fusion_3d_2d56
 
Truemodes
drop_rate in_chans 32 0.0

31target
 drop_path_rateout_chansdefault  
0.025train_data_path
 
/home/bingxing2/home/scx6115/Ocean_AI_model/sample_00/trainsparsity_thresholdin_channels
  valid_data_path 0.01/home/bingxing2/home/scx6115/Ocean_AI_model/sample_00/valid[0, 1, 2, 3, 4, 5, 6, 7, 8, 9, 10, 11, 12, 13, 14, 15, 16, 17, 18, 19, 20, 21, 22, 23, 24, 25, 26, 27, 28, 29]


test_data_pathout_channelshard_thresholding_fraction  /home/bingxing2/home/scx6115/Ocean_AI_model/sample_00/test 
[0, 1, 2, 3, 4, 5, 6, 7, 8, 9, 10, 11, 12, 13, 14, 15, 16, 17, 18, 19, 20, 21, 22, 23, 24]1.0
land_mask
 img_size_hTrue num_blocks
720 
8land_mask_pathimg_size_w
  /home/bingxing2/home/scx6115/Ocean_AI_model/sample_00/land_mask.h5loss1440
 
normalizel2patch_size_h 
 True16

normalizationnum_data_workerspatch_size_w   zscore160

patch_size_d
global_mins_path  2dt/home/bingxing2/home/scx6115/Ocean_AI_model/sample_00/train/global_mins.npy
 
mlp_ratio1 global_maxs_path
4.0 
/home/bingxing2/home/scx6115/Ocean_AI_model/sample_00/train/global_maxs.npyn_history
in_chans_2d  7global_means_path0 
/home/bingxing2/home/scx6115/Ocean_AI_model/sample_00/train/global_means.npy
out_chans_2d
 prediction_typeglobal_stds_path1  
/home/bingxing2/home/scx6115/Ocean_AI_model/sample_00/train/global_stds.npyiterative
in_chans_3d
orography  prediction_length4True 

41out_chans_3d
orography_norm_zscore_path  4n_initial_conditions/home/bingxing2/home/scx6115/Ocean_AI_model/sample_00/orography_norm_zscore.h5

var_depth orography_norm_maxmin_path  6/home/bingxing2/home/scx6115/Ocean_AI_model/sample_00/orography_norm_maxmin.h5

5embed_dimadd_noise 
 512False
ics_type
depth noise_std16 
 defaultnum_heads0
 
16date_strings
crop_size_x  decoder_embed_dimNone['2018-09-14 00:00:00'] 
1024
crop_size_y
 save_raw_forecastsNonedecoder_depth  
True8log_to_screen
 
Truedecoder_num_heads
save_channel save_checkpoint16 
True 
drop_rateFalse plot_animations0.0 

Falsedrop_path_rate
masked_acc  0.0
Falsesparsity_threshold
 0.01maskpath
 Nonehard_thresholding_fraction
 1.0perturb
 num_blocksFalse 8

add_gridloss  Falsel2

N_grid_channelsnum_data_workers  00

dtgridtype --------------------------------------------------- 1
sinusoidalnettype

 n_historyMasked_AE_fusion 
roll0 
Falselog_to_wandb
prediction_type world_size :enable_nhwc True  iterative

16False
lrprediction_length 
Initialize distributed process group... 
0.001optimizer_type41
 
FusedAdambatch_size
 n_initial_conditions32 exp_dir
5 
max_epochs./exp 
100ics_type
 defaultpatch_sizescheduler
 date_strings CosineAnnealingLR 
8['2018-09-14 00:00:00']
fusion_3d_2d
 save_raw_forecasts widthTrueTrue 

56
in_chanssave_channel modes False 31
32
masked_acc
out_chans  target25False

 in_channelsdefault
 maskpathtrain_data_path  None/home/bingxing2/home/scx6115/Ocean_AI_model/sample_00/train[0, 1, 2, 3, 4, 5, 6, 7, 8, 9, 10, 11, 12, 13, 14, 15, 16, 17, 18, 19, 20, 21, 22, 23, 24, 25, 26, 27, 28, 29]


perturbvalid_data_path  out_channelsFalse 
/home/bingxing2/home/scx6115/Ocean_AI_model/sample_00/validadd_grid
[0, 1, 2, 3, 4, 5, 6, 7, 8, 9, 10, 11, 12, 13, 14, 15, 16, 17, 18, 19, 20, 21, 22, 23, 24] False

test_data_pathimg_size_hN_grid_channels  /home/bingxing2/home/scx6115/Ocean_AI_model/sample_00/test 0

720land_maskgridtype
  Trueimg_size_wsinusoidal
 
land_mask_path1440roll 
 /home/bingxing2/home/scx6115/Ocean_AI_model/sample_00/land_mask.h5patch_size_hFalse 

normalize16enable_nhwc
  Falsepatch_size_wTrue
 
optimizer_type16 normalization
FusedAdam patch_size_d
zscore exp_dir
2 
global_mins_path./exp mlp_ratio
 /home/bingxing2/home/scx6115/Ocean_AI_model/sample_00/train/global_mins.npypatch_size
4.0 global_maxs_path
8 
in_chans_2d/home/bingxing2/home/scx6115/Ocean_AI_model/sample_00/train/global_maxs.npy width 7
56

global_means_pathout_chans_2dmodes   32/home/bingxing2/home/scx6115/Ocean_AI_model/sample_00/train/global_means.npy1


target defaultglobal_stds_pathin_chans_3d
  4/home/bingxing2/home/scx6115/Ocean_AI_model/sample_00/train/global_stds.npytrain_data_path

 out_chans_3d/home/bingxing2/home/scx6115/Ocean_AI_model/sample_00/trainorography
 valid_data_path4  True

/home/bingxing2/home/scx6115/Ocean_AI_model/sample_00/validvar_depth
orography_norm_zscore_path  test_data_path6/home/bingxing2/home/scx6115/Ocean_AI_model/sample_00/orography_norm_zscore.h5 

/home/bingxing2/home/scx6115/Ocean_AI_model/sample_00/testorography_norm_maxmin_path
embed_dim /home/bingxing2/home/scx6115/Ocean_AI_model/sample_00/orography_norm_maxmin.h5land_mask  
True512add_noise

 land_mask_pathFalsedepth
  /home/bingxing2/home/scx6115/Ocean_AI_model/sample_00/land_mask.h5noise_std16 
0
normalize
 num_headscrop_size_xTrue  
None
16normalization
 crop_size_yzscoredecoder_embed_dim 
 Noneglobal_mins_path1024
 /home/bingxing2/home/scx6115/Ocean_AI_model/sample_00/train/global_mins.npylog_to_screen

 decoder_depth True8
global_maxs_path
 save_checkpoint/home/bingxing2/home/scx6115/Ocean_AI_model/sample_00/train/global_maxs.npy decoder_num_heads
True global_means_path
16 
plot_animations/home/bingxing2/home/scx6115/Ocean_AI_model/sample_00/train/global_means.npy drop_rate
 Falseglobal_stds_path
0.0 /home/bingxing2/home/scx6115/Ocean_AI_model/sample_00/train/global_stds.npy

drop_path_rateorography  0.0True

orography_norm_zscore_pathsparsity_threshold  /home/bingxing2/home/scx6115/Ocean_AI_model/sample_00/orography_norm_zscore.h5
0.01orography_norm_maxmin_path
 /home/bingxing2/home/scx6115/Ocean_AI_model/sample_00/orography_norm_maxmin.h5
hard_thresholding_fractionadd_noise  1.0False

num_blocksnoise_std---------------------------------------------------  0
8

crop_size_xloss  Nonel2

crop_size_ynum_data_workers  None
0world_size :
log_to_screen dt 16 True

1save_checkpointInitialize distributed process group...
 
n_historyTrue 
0plot_animations
 Falseprediction_type
 iterative
prediction_length 41
n_initial_conditions 5
ics_type default
date_strings ['2018-09-14 00:00:00']
save_raw_forecasts True
save_channel False
masked_acc False
maskpath None
perturb--------------------------------------------------- 
False
add_grid False
N_grid_channels 0
gridtype sinusoidal
world_size : roll16 
FalseInitialize distributed process group...

enable_nhwc False
optimizer_type FusedAdam
exp_dir ./exp
patch_size 8
width 56
modes 32
target default
train_data_path /home/bingxing2/home/scx6115/Ocean_AI_model/sample_00/train
valid_data_path /home/bingxing2/home/scx6115/Ocean_AI_model/sample_00/valid
test_data_path /home/bingxing2/home/scx6115/Ocean_AI_model/sample_00/test
land_mask True
land_mask_path /home/bingxing2/home/scx6115/Ocean_AI_model/sample_00/land_mask.h5
normalize True
normalization zscore
global_mins_path /home/bingxing2/home/scx6115/Ocean_AI_model/sample_00/train/global_mins.npy
global_maxs_path /home/bingxing2/home/scx6115/Ocean_AI_model/sample_00/train/global_maxs.npy
global_means_path /home/bingxing2/home/scx6115/Ocean_AI_model/sample_00/train/global_means.npy
global_stds_path /home/bingxing2/home/scx6115/Ocean_AI_model/sample_00/train/global_stds.npy
orography True
orography_norm_zscore_path /home/bingxing2/home/scx6115/Ocean_AI_model/sample_00/orography_norm_zscore.h5
orography_norm_maxmin_path /home/bingxing2/home/scx6115/Ocean_AI_model/sample_00/orography_norm_maxmin.h5
add_noise False
noise_std 0
crop_size_x None
crop_size_y None
log_to_screen True
save_checkpoint True
plot_animations False
---------------------------------------------------
world_size : 16
Initialize distributed process group...
2023-06-18 22:04:34,443 - torch.distributed.distributed_c10d - INFO - Added key: store_based_barrier_key:1 to store for rank: 15
2023-06-18 22:04:34,443 - torch.distributed.distributed_c10d - INFO - Added key: store_based_barrier_key:1 to store for rank: 12
2023-06-18 22:04:34,443 - torch.distributed.distributed_c10d - INFO - Added key: store_based_barrier_key:1 to store for rank: 13
2023-06-18 22:04:34,443 - torch.distributed.distributed_c10d - INFO - Added key: store_based_barrier_key:1 to store for rank: 14
2023-06-18 22:04:35,288 - torch.distributed.distributed_c10d - INFO - Rank 15: Completed store-based barrier for key:store_based_barrier_key:1 with 16 nodes.
2023-06-18 22:04:35,288 - torch.distributed.distributed_c10d - INFO - Rank 12: Completed store-based barrier for key:store_based_barrier_key:1 with 16 nodes.
2023-06-18 22:04:35,288 - torch.distributed.distributed_c10d - INFO - Rank 13: Completed store-based barrier for key:store_based_barrier_key:1 with 16 nodes.
2023-06-18 22:04:35,288 - torch.distributed.distributed_c10d - INFO - Rank 14: Completed store-based barrier for key:store_based_barrier_key:1 with 16 nodes.
2023-06-18 22:04:35,407 - root - INFO - device: cuda:0
2023-06-18 22:04:35,407 - root - INFO - rank 12, begin data loader init
2023-06-18 22:04:35,407 - root - INFO - device: cuda:3
2023-06-18 22:04:35,407 - root - INFO - rank 15, begin data loader init
2023-06-18 22:04:35,408 - root - INFO - device: cuda:2
2023-06-18 22:04:35,408 - root - INFO - rank 14, begin data loader init
2023-06-18 22:04:35,408 - root - INFO - device: cuda:1
2023-06-18 22:04:35,408 - root - INFO - rank 13, begin data loader init
2023-06-18 22:04:35,414 - root - INFO - Getting file stats from /home/bingxing2/home/scx6115/Ocean_AI_model/sample_00/train/2000.h5
2023-06-18 22:04:35,414 - root - INFO - Getting file stats from /home/bingxing2/home/scx6115/Ocean_AI_model/sample_00/train/2000.h5
2023-06-18 22:04:35,414 - root - INFO - Getting file stats from /home/bingxing2/home/scx6115/Ocean_AI_model/sample_00/train/2000.h5
2023-06-18 22:04:35,414 - root - INFO - Getting file stats from /home/bingxing2/home/scx6115/Ocean_AI_model/sample_00/train/2000.h5
2023-06-18 22:04:35,415 - root - INFO - Number of samples per year: 365
2023-06-18 22:04:35,416 - root - INFO - Found data at path /home/bingxing2/home/scx6115/Ocean_AI_model/sample_00/train. Number of examples: 4015. Image Shape: 720 x 1440 x 30
2023-06-18 22:04:35,416 - root - INFO - Number of samples per year: 365
2023-06-18 22:04:35,416 - root - INFO - Number of samples per year: 365
2023-06-18 22:04:35,416 - root - INFO - Delta t: 1 days
2023-06-18 22:04:35,416 - root - INFO - Found data at path /home/bingxing2/home/scx6115/Ocean_AI_model/sample_00/train. Number of examples: 4015. Image Shape: 720 x 1440 x 30
2023-06-18 22:04:35,416 - root - INFO - Number of samples per year: 365
2023-06-18 22:04:35,416 - root - INFO - Found data at path /home/bingxing2/home/scx6115/Ocean_AI_model/sample_00/train. Number of examples: 4015. Image Shape: 720 x 1440 x 30
2023-06-18 22:04:35,416 - root - INFO - Including 0 days of past history in training at a frequency of 1 days
2023-06-18 22:04:35,416 - root - INFO - Delta t: 1 days
2023-06-18 22:04:35,416 - root - INFO - Delta t: 1 days
2023-06-18 22:04:35,416 - root - INFO - Found data at path /home/bingxing2/home/scx6115/Ocean_AI_model/sample_00/train. Number of examples: 4015. Image Shape: 720 x 1440 x 30
2023-06-18 22:04:35,416 - root - INFO - Including 0 days of past history in training at a frequency of 1 days
2023-06-18 22:04:35,416 - root - INFO - Including 0 days of past history in training at a frequency of 1 days
2023-06-18 22:04:35,416 - root - INFO - Delta t: 1 days
2023-06-18 22:04:35,416 - root - INFO - Including 0 days of past history in training at a frequency of 1 days
2023-06-18 22:04:35,435 - root - INFO - Getting file stats from /home/bingxing2/home/scx6115/Ocean_AI_model/sample_00/valid/2011.h5
2023-06-18 22:04:35,435 - root - INFO - Getting file stats from /home/bingxing2/home/scx6115/Ocean_AI_model/sample_00/valid/2011.h5
2023-06-18 22:04:35,435 - root - INFO - Getting file stats from /home/bingxing2/home/scx6115/Ocean_AI_model/sample_00/valid/2011.h5
2023-06-18 22:04:35,435 - root - INFO - Getting file stats from /home/bingxing2/home/scx6115/Ocean_AI_model/sample_00/valid/2011.h5
2023-06-18 22:04:35,436 - root - INFO - Number of samples per year: 364
2023-06-18 22:04:35,436 - root - INFO - Number of samples per year: 364
2023-06-18 22:04:35,436 - root - INFO - Number of samples per year: 364
2023-06-18 22:04:35,436 - root - INFO - Found data at path /home/bingxing2/home/scx6115/Ocean_AI_model/sample_00/valid. Number of examples: 364. Image Shape: 720 x 1440 x 30
2023-06-18 22:04:35,436 - root - INFO - Number of samples per year: 364
2023-06-18 22:04:35,436 - root - INFO - Found data at path /home/bingxing2/home/scx6115/Ocean_AI_model/sample_00/valid. Number of examples: 364. Image Shape: 720 x 1440 x 30
2023-06-18 22:04:35,436 - root - INFO - Found data at path /home/bingxing2/home/scx6115/Ocean_AI_model/sample_00/valid. Number of examples: 364. Image Shape: 720 x 1440 x 30
2023-06-18 22:04:35,436 - root - INFO - Delta t: 1 days
2023-06-18 22:04:35,436 - root - INFO - Delta t: 1 days
2023-06-18 22:04:35,436 - root - INFO - Found data at path /home/bingxing2/home/scx6115/Ocean_AI_model/sample_00/valid. Number of examples: 364. Image Shape: 720 x 1440 x 30
2023-06-18 22:04:35,436 - root - INFO - Delta t: 1 days
2023-06-18 22:04:35,436 - root - INFO - Including 0 days of past history in training at a frequency of 1 days
2023-06-18 22:04:35,436 - root - INFO - Including 0 days of past history in training at a frequency of 1 days
2023-06-18 22:04:35,437 - root - INFO - Delta t: 1 days
2023-06-18 22:04:35,437 - root - INFO - Including 0 days of past history in training at a frequency of 1 days
2023-06-18 22:04:35,437 - root - INFO - Including 0 days of past history in training at a frequency of 1 days
2023-06-18 22:04:35,437 - root - INFO - rank 15, data loader initialized
2023-06-18 22:04:35,437 - root - INFO - rank 12, data loader initialized
2023-06-18 22:04:35,437 - root - INFO - rank 13, data loader initialized
2023-06-18 22:04:35,437 - root - INFO - rank 14, data loader initialized
paraai-n32-h-01-agent-80:1262903:1262903 [0] NCCL INFO cudaDriverVersion 11060
paraai-n32-h-01-agent-80:1262905:1262905 [2] NCCL INFO cudaDriverVersion 11060
paraai-n32-h-01-agent-80:1262904:1262904 [1] NCCL INFO cudaDriverVersion 11060
paraai-n32-h-01-agent-80:1262906:1262906 [3] NCCL INFO cudaDriverVersion 11060
paraai-n32-h-01-agent-80:1262906:1262906 [3] NCCL INFO Bootstrap : Using eth0:172.16.5.109<0>
paraai-n32-h-01-agent-80:1262905:1262905 [2] NCCL INFO Bootstrap : Using eth0:172.16.5.109<0>
paraai-n32-h-01-agent-80:1262903:1262903 [0] NCCL INFO Bootstrap : Using eth0:172.16.5.109<0>
paraai-n32-h-01-agent-80:1262904:1262904 [1] NCCL INFO Bootstrap : Using eth0:172.16.5.109<0>
paraai-n32-h-01-agent-80:1262904:1262904 [1] NCCL INFO NET/Plugin : No plugin found (libnccl-net.so), using internal implementation
paraai-n32-h-01-agent-80:1262906:1262906 [3] NCCL INFO NET/Plugin : No plugin found (libnccl-net.so), using internal implementation
paraai-n32-h-01-agent-80:1262903:1262903 [0] NCCL INFO NET/Plugin : No plugin found (libnccl-net.so), using internal implementation
paraai-n32-h-01-agent-80:1262905:1262905 [2] NCCL INFO NET/Plugin : No plugin found (libnccl-net.so), using internal implementation
paraai-n32-h-01-agent-80:1262906:1264027 [3] NCCL INFO NCCL_IB_DISABLE set by environment to 0.
paraai-n32-h-01-agent-80:1262904:1264028 [1] NCCL INFO NCCL_IB_DISABLE set by environment to 0.
paraai-n32-h-01-agent-80:1262903:1264029 [0] NCCL INFO NCCL_IB_DISABLE set by environment to 0.
paraai-n32-h-01-agent-80:1262905:1264030 [2] NCCL INFO NCCL_IB_DISABLE set by environment to 0.
paraai-n32-h-01-agent-80:1262903:1264029 [0] NCCL INFO NET/IB : Using [0]mlx5_0:1/RoCE [1]mlx5_1:1/RoCE [2]mlx5_2:1/RoCE [3]mlx5_3:1/RoCE [RO]; OOB eth0:172.16.5.109<0>
paraai-n32-h-01-agent-80:1262906:1264027 [3] NCCL INFO NET/IB : Using [0]mlx5_0:1/RoCE [1]mlx5_1:1/RoCE [2]mlx5_2:1/RoCE [3]mlx5_3:1/RoCE [RO]; OOB eth0:172.16.5.109<0>
paraai-n32-h-01-agent-80:1262906:1264027 [3] NCCL INFO Using network IB
paraai-n32-h-01-agent-80:1262903:1264029 [0] NCCL INFO Using network IB
paraai-n32-h-01-agent-80:1262905:1264030 [2] NCCL INFO NET/IB : Using [0]mlx5_0:1/RoCE [1]mlx5_1:1/RoCE [2]mlx5_2:1/RoCE [3]mlx5_3:1/RoCE [RO]; OOB eth0:172.16.5.109<0>
paraai-n32-h-01-agent-80:1262905:1264030 [2] NCCL INFO Using network IB
paraai-n32-h-01-agent-80:1262904:1264028 [1] NCCL INFO NET/IB : Using [0]mlx5_0:1/RoCE [1]mlx5_1:1/RoCE [2]mlx5_2:1/RoCE [3]mlx5_3:1/RoCE [RO]; OOB eth0:172.16.5.109<0>
paraai-n32-h-01-agent-80:1262904:1264028 [1] NCCL INFO Using network IB
paraai-n32-h-01-agent-80:1262906:1264027 [3] NCCL INFO Setting affinity for GPU 3 to ffffffff,00000000,00000000
paraai-n32-h-01-agent-80:1262904:1264028 [1] NCCL INFO Setting affinity for GPU 1 to ffffffff
paraai-n32-h-01-agent-80:1262903:1264029 [0] NCCL INFO Setting affinity for GPU 0 to ffffffff
paraai-n32-h-01-agent-80:1262905:1264030 [2] NCCL INFO Setting affinity for GPU 2 to ffffffff,00000000,00000000
paraai-n32-h-01-agent-80:1262906:1264027 [3] NCCL INFO Trees [0] -1/-1/-1->15->14 [1] -1/-1/-1->15->14
paraai-n32-h-01-agent-80:1262903:1264029 [0] NCCL INFO Trees [0] 13/-1/-1->12->8 [1] 13/4/-1->12->-1
paraai-n32-h-01-agent-80:1262904:1264028 [1] NCCL INFO Trees [0] 14/-1/-1->13->12 [1] 14/-1/-1->13->12
paraai-n32-h-01-agent-80:1262905:1264030 [2] NCCL INFO Trees [0] 15/-1/-1->14->13 [1] 15/-1/-1->14->13
paraai-n32-h-01-agent-80:1262905:1264030 [2] NCCL INFO Channel 00 : 14[81000] -> 15[82000] via SHM/direct/direct
paraai-n32-h-01-agent-80:1262905:1264030 [2] NCCL INFO Channel 01 : 14[81000] -> 15[82000] via SHM/direct/direct
paraai-n32-h-01-agent-80:1262904:1264028 [1] NCCL INFO Channel 00 : 13[2000] -> 14[81000] via SHM/direct/direct
paraai-n32-h-01-agent-80:1262904:1264028 [1] NCCL INFO Channel 01 : 13[2000] -> 14[81000] via SHM/direct/direct
paraai-n32-h-01-agent-80:1262906:1264027 [3] NCCL INFO Channel 00/0 : 15[82000] -> 0[1000] [send] via NET/IB/0
paraai-n32-h-01-agent-80:1262906:1264027 [3] NCCL INFO Channel 01/0 : 15[82000] -> 0[1000] [send] via NET/IB/0
paraai-n32-h-01-agent-80:1262905:1264030 [2] NCCL INFO Connected all rings
paraai-n32-h-01-agent-80:1262906:1264048 [3] NCCL INFO NCCL_IB_GID_INDEX set by environment to 3.
paraai-n32-h-01-agent-80:1262905:1264030 [2] NCCL INFO Channel 00 : 14[81000] -> 13[2000] via SHM/direct/direct
paraai-n32-h-01-agent-80:1262905:1264030 [2] NCCL INFO Channel 01 : 14[81000] -> 13[2000] via SHM/direct/direct
paraai-n32-h-01-agent-80:1262906:1264027 [3] NCCL INFO Connected all rings
paraai-n32-h-01-agent-80:1262906:1264027 [3] NCCL INFO Channel 00 : 15[82000] -> 14[81000] via SHM/direct/direct
paraai-n32-h-01-agent-80:1262906:1264027 [3] NCCL INFO Channel 01 : 15[82000] -> 14[81000] via SHM/direct/direct
paraai-n32-h-01-agent-80:1262906:1264027 [3] NCCL INFO Connected all trees
paraai-n32-h-01-agent-80:1262906:1264027 [3] NCCL INFO threadThresholds 8/8/64 | 128/8/64 | 512 | 512
paraai-n32-h-01-agent-80:1262906:1264027 [3] NCCL INFO 2 coll channels, 2 p2p channels, 2 p2p channels per peer
paraai-n32-h-01-agent-80:1262903:1264029 [0] NCCL INFO Channel 00/0 : 11[82000] -> 12[1000] [receive] via NET/IB/0
paraai-n32-h-01-agent-80:1262903:1264029 [0] NCCL INFO Channel 01/0 : 11[82000] -> 12[1000] [receive] via NET/IB/0
paraai-n32-h-01-agent-80:1262903:1264029 [0] NCCL INFO Channel 00 : 12[1000] -> 13[2000] via SHM/direct/direct
paraai-n32-h-01-agent-80:1262903:1264029 [0] NCCL INFO Channel 01 : 12[1000] -> 13[2000] via SHM/direct/direct
paraai-n32-h-01-agent-80:1262904:1264028 [1] NCCL INFO Connected all rings
paraai-n32-h-01-agent-80:1262903:1264050 [0] NCCL INFO NCCL_IB_GID_INDEX set by environment to 3.
paraai-n32-h-01-agent-80:1262904:1264028 [1] NCCL INFO Channel 00 : 13[2000] -> 12[1000] via SHM/direct/direct
paraai-n32-h-01-agent-80:1262904:1264028 [1] NCCL INFO Channel 01 : 13[2000] -> 12[1000] via SHM/direct/direct
paraai-n32-h-01-agent-80:1262903:1264050 [0] NCCL INFO NCCL_IB_TIMEOUT set by environment to 23.
paraai-n32-h-01-agent-80:1262903:1264050 [0] NCCL INFO NCCL_IB_RETRY_CNT set by environment to 7.
paraai-n32-h-01-agent-80:1262905:1264030 [2] NCCL INFO Connected all trees
paraai-n32-h-01-agent-80:1262905:1264030 [2] NCCL INFO threadThresholds 8/8/64 | 128/8/64 | 512 | 512
paraai-n32-h-01-agent-80:1262905:1264030 [2] NCCL INFO 2 coll channels, 2 p2p channels, 2 p2p channels per peer
paraai-n32-h-01-agent-80:1262903:1264029 [0] NCCL INFO Connected all rings
paraai-n32-h-01-agent-80:1262903:1264029 [0] NCCL INFO Channel 00/0 : 8[1000] -> 12[1000] [receive] via NET/IB/0
paraai-n32-h-01-agent-80:1262903:1264029 [0] NCCL INFO Channel 01/0 : 4[1000] -> 12[1000] [receive] via NET/IB/0
paraai-n32-h-01-agent-80:1262903:1264029 [0] NCCL INFO Channel 01/0 : 12[1000] -> 4[1000] [send] via NET/IB/0
paraai-n32-h-01-agent-80:1262903:1264029 [0] NCCL INFO Channel 00/0 : 12[1000] -> 8[1000] [send] via NET/IB/0
paraai-n32-h-01-agent-80:1262903:1264029 [0] NCCL INFO Connected all trees
paraai-n32-h-01-agent-80:1262903:1264029 [0] NCCL INFO threadThresholds 8/8/64 | 128/8/64 | 512 | 512
paraai-n32-h-01-agent-80:1262903:1264029 [0] NCCL INFO 2 coll channels, 2 p2p channels, 2 p2p channels per peer
paraai-n32-h-01-agent-80:1262904:1264028 [1] NCCL INFO Connected all trees
paraai-n32-h-01-agent-80:1262904:1264028 [1] NCCL INFO threadThresholds 8/8/64 | 128/8/64 | 512 | 512
paraai-n32-h-01-agent-80:1262904:1264028 [1] NCCL INFO 2 coll channels, 2 p2p channels, 2 p2p channels per peer
paraai-n32-h-01-agent-80:1262904:1264028 [1] NCCL INFO comm 0x410b7580 rank 13 nranks 16 cudaDev 1 busId 2000 - Init COMPLETE
paraai-n32-h-01-agent-80:1262906:1264027 [3] NCCL INFO comm 0x24bbe180 rank 15 nranks 16 cudaDev 3 busId 82000 - Init COMPLETE
paraai-n32-h-01-agent-80:1262903:1264029 [0] NCCL INFO comm 0x72abb940 rank 12 nranks 16 cudaDev 0 busId 1000 - Init COMPLETE
paraai-n32-h-01-agent-80:1262905:1264030 [2] NCCL INFO comm 0x3d1704c0 rank 14 nranks 16 cudaDev 2 busId 81000 - Init COMPLETE
paraai-n32-h-01-agent-80:1262906:1264052 [3] NCCL INFO NCCL_IB_TIMEOUT set by environment to 23.
paraai-n32-h-01-agent-80:1262906:1264052 [3] NCCL INFO NCCL_IB_RETRY_CNT set by environment to 7.
srun: Job step aborted: Waiting up to 32 seconds for job step to finish.
slurmstepd: error: *** STEP 24183.1 ON paraai-n32-h-01-agent-80 CANCELLED AT 2023-06-18T22:15:39 ***
WARNING:torch.distributed.elastic.agent.server.api:Received 15 death signal, shutting down workers
WARNING:torch.distributed.elastic.multiprocessing.api:Sending process 1262903 closing signal SIGTERM
WARNING:torch.distributed.elastic.multiprocessing.api:Sending process 1262904 closing signal SIGTERM
WARNING:torch.distributed.elastic.multiprocessing.api:Sending process 1262905 closing signal SIGTERM
WARNING:torch.distributed.elastic.multiprocessing.api:Sending process 1262906 closing signal SIGTERM
