master_addr is only used for static rdzv_backend and when rdzv_endpoint is not specified.
WARNING:torch.distributed.run:
*****************************************
Setting OMP_NUM_THREADS environment variable for each process to be 1 in default, to avoid your system being overloaded, please further tune the variable for optimal performance in your application as needed. 
*****************************************
paraai-n32-h-01-agent-25
0
------------------ Configuration ------------------  /home/bingxing2/home/scx6115/Ocean_AI_model/config/Model_2.yaml
paraai-n32-h-01-agent-25
0
------------------ Configuration ------------------  /home/bingxing2/home/scx6115/Ocean_AI_model/config/Model_2.yaml
paraai-n32-h-01-agent-25
0
------------------ Configuration ------------------  /home/bingxing2/home/scx6115/Ocean_AI_model/config/Model_2.yaml
paraai-n32-h-01-agent-25
0
------------------ Configuration ------------------  /home/bingxing2/home/scx6115/Ocean_AI_model/config/Model_2.yaml
nettype Masked_AE_Ocean
log_to_wandb True
lr 0.001
batch_size 32
max_epochs 150
scheduler CosineAnnealingLR
fusion_3d_2d False
in_channels [0, 1, 2, 3, 4, 5, 6, 7, 8, 9, 10, 11, 12, 13, 14, 15, 16, 17, 18, 19, 20, 21, 22, 23, 24, 25, 26, 27, 28, 29, 30, 31, 32, 33, 34, 35, 36, 37, 38, 39, 40, 41, 42, 43, 44, 45, 46, 47, 48, 49, 50, 51, 52, 53, 54, 55, 56, 57, 58, 59, 60, 61, 62, 63, 64, 65]
out_channels [0, 1, 2, 3, 4, 5, 6, 7, 8, 9, 10, 11, 12, 13, 14, 15, 16, 17, 18, 19, 20, 21, 22, 23, 24, 25, 26, 27, 28, 29, 30, 31, 32, 33, 34, 35, 36, 37, 38, 39, 40, 41, 42, 43, 44, 45, 46, 47, 48, 49, 50, 51, 52, 53, 54, 55, 56, 57, 58, 59, 60]
N_in_channels 66
N_out_channels 61
img_size_h 720
img_size_w 1440
patch_size_h 8
patch_size_w 8
mlp_ratio 4.0
embed_dim 512
depth 16
num_heads 16
decoder_embed_dim 1024
decoder_depth 8
decoder_num_heads 16
koopman_depth 2
modes_h_ratio 1
modes_w_ratio 0.8
drop_rate 0.0
drop_path_rate 0.0
sparsity_threshold 0.01
hard_thresholding_fraction 1.0
num_blocks 8
loss l2
num_data_workers 0
dt 1
n_history 0
prediction_type iterative
prediction_length 41
n_initial_conditions 5
ics_type default
date_strings ['2018-09-14 00:00:00']
save_raw_forecasts True
save_channel False
masked_acc False
maskpath None
perturb False
add_grid False
N_grid_channels 0
gridtype sinusoidal
roll False
enable_nhwc False
optimizer_type FusedAdam
exp_dir ./exp
patch_size 8
width 56
modes 32
target default
train_data_path /home/bingxing2/home/scx6115/Ocean_AI_model/sample_01/train
valid_data_path /home/bingxing2/home/scx6115/Ocean_AI_model/sample_01/valid
test_data_path /home/bingxing2/home/scx6115/Ocean_AI_model/sample_01/test
land_mask True
land_mask_path /home/bingxing2/home/scx6115/Ocean_AI_model/sample_01/land_mask.h5
normalize True
normalization zscore
global_mins_path /home/bingxing2/home/scx6115/Ocean_AI_model/sample_01/train/global_mins.npy
global_maxs_path /home/bingxing2/home/scx6115/Ocean_AI_model/sample_01/train/global_maxs.npy
global_means_path /home/bingxing2/home/scx6115/Ocean_AI_model/sample_01/train/global_means.npy
global_stds_path /home/bingxing2/home/scx6115/Ocean_AI_model/sample_01/train/global_stds.npy
orography True
orography_norm_zscore_path /home/bingxing2/home/scx6115/Ocean_AI_model/sample_01/orography_norm_zscore.h5
orography_norm_maxmin_path /home/bingxing2/home/scx6115/Ocean_AI_model/sample_01/orography_norm_maxmin.h5
add_noise False
noise_std 0
crop_size_x None
crop_size_y None
log_to_screen True
save_checkpoint True
plot_animations False
nettype Masked_AE_Ocean
log_to_wandb True
lr 0.001
batch_size 32
max_epochs 150---------------------------------------------------

scheduler CosineAnnealingLR
fusion_3d_2d False
in_channels world_size : 16
Initialize distributed process group...[0, 1, 2, 3, 4, 5, 6, 7, 8, 9, 10, 11, 12, 13, 14, 15, 16, 17, 18, 19, 20, 21, 22, 23, 24, 25, 26, 27, 28, 29, 30, 31, 32, 33, 34, 35, 36, 37, 38, 39, 40, 41, 42, 43, 44, 45, 46, 47, 48, 49, 50, 51, 52, 53, 54, 55, 56, 57, 58, 59, 60, 61, 62, 63, 64, 65]

out_channels [0, 1, 2, 3, 4, 5, 6, 7, 8, 9, 10, 11, 12, 13, 14, 15, 16, 17, 18, 19, 20, 21, 22, 23, 24, 25, 26, 27, 28, 29, 30, 31, 32, 33, 34, 35, 36, 37, 38, 39, 40, 41, 42, 43, 44, 45, 46, 47, 48, 49, 50, 51, 52, 53, 54, 55, 56, 57, 58, 59, 60]
N_in_channels 66
N_out_channels 61
img_size_h 720
img_size_w 1440
patch_size_h 8
patch_size_w 8
mlp_ratio 4.0
embed_dim 512
depth 16
num_heads 16
decoder_embed_dim 1024
decoder_depth 8
decoder_num_heads 16
koopman_depth 2
modes_h_ratio 1
modes_w_ratio 0.8
drop_rate 0.0
drop_path_rate 0.0
sparsity_threshold 0.01
hard_thresholding_fraction 1.0
num_blocks 8
loss l2
num_data_workers 0
dt 1
n_history 0
prediction_type iterative
prediction_length 41
n_initial_conditions 5
ics_type default
date_strings ['2018-09-14 00:00:00']
save_raw_forecasts True
save_channel False
masked_acc False
maskpath None
perturb False
add_grid False
N_grid_channels 0
gridtype sinusoidal
roll False
enable_nhwc False
optimizer_type FusedAdam
exp_dir ./exp
patch_size 8
width 56
modes 32
target default
train_data_path /home/bingxing2/home/scx6115/Ocean_AI_model/sample_01/train
valid_data_path /home/bingxing2/home/scx6115/Ocean_AI_model/sample_01/valid
test_data_path /home/bingxing2/home/scx6115/Ocean_AI_model/sample_01/test
land_mask True
land_mask_path /home/bingxing2/home/scx6115/Ocean_AI_model/sample_01/land_mask.h5
normalize True
normalization zscore
global_mins_path /home/bingxing2/home/scx6115/Ocean_AI_model/sample_01/train/global_mins.npy
global_maxs_path /home/bingxing2/home/scx6115/Ocean_AI_model/sample_01/train/global_maxs.npy
global_means_path /home/bingxing2/home/scx6115/Ocean_AI_model/sample_01/train/global_means.npy
global_stds_path /home/bingxing2/home/scx6115/Ocean_AI_model/sample_01/train/global_stds.npy
orography True
orography_norm_zscore_path /home/bingxing2/home/scx6115/Ocean_AI_model/sample_01/orography_norm_zscore.h5
orography_norm_maxmin_path /home/bingxing2/home/scx6115/Ocean_AI_model/sample_01/orography_norm_maxmin.h5
add_noise False
noise_std 0
crop_size_x None
crop_size_y None
log_to_screen True
save_checkpoint True
plot_animations False
---------------------------------------------------
world_size : 16
Initialize distributed process group...
nettype Masked_AE_Ocean
log_to_wandb True
lr 0.001
batch_size 32
max_epochs 150
scheduler CosineAnnealingLR
fusion_3d_2d False
in_channels [0, 1, 2, 3, 4, 5, 6, 7, 8, 9, 10, 11, 12, 13, 14, 15, 16, 17, 18, 19, 20, 21, 22, 23, 24, 25, 26, 27, 28, 29, 30, 31, 32, 33, 34, 35, 36, 37, 38, 39, 40, 41, 42, 43, 44, 45, 46, 47, 48, 49, 50, 51, 52, 53, 54, 55, 56, 57, 58, 59, 60, 61, 62, 63, 64, 65]
out_channels [0, 1, 2, 3, 4, 5, 6, 7, 8, 9, 10, 11, 12, 13, 14, 15, 16, 17, 18, 19, 20, 21, 22, 23, 24, 25, 26, 27, 28, 29, 30, 31, 32, 33, 34, 35, 36, 37, 38, 39, 40, 41, 42, 43, 44, 45, 46, 47, 48, 49, 50, 51, 52, 53, 54, 55, 56, 57, 58, 59, 60]
N_in_channels 66
N_out_channels 61
img_size_h 720
img_size_w 1440
patch_size_h 8
patch_size_w 8
mlp_ratio 4.0
embed_dim 512
depth 16
num_heads 16
decoder_embed_dim 1024
decoder_depth 8
decoder_num_heads 16
koopman_depth 2
modes_h_ratio 1
modes_w_ratio 0.8
drop_rate 0.0
drop_path_rate 0.0
sparsity_threshold 0.01
hard_thresholding_fraction 1.0
num_blocks 8
loss l2
num_data_workers 0
dt 1
n_history 0
prediction_type iterative
prediction_length 41
n_initial_conditions 5
ics_type default
date_strings ['2018-09-14 00:00:00']
save_raw_forecasts True
save_channel False
masked_acc False
maskpath None
perturb False
add_grid False
N_grid_channels 0
gridtype sinusoidal
roll False
enable_nhwc False
optimizer_type FusedAdam
exp_dir ./exp
patch_size 8
width 56
modes 32
target default
train_data_path /home/bingxing2/home/scx6115/Ocean_AI_model/sample_01/train
valid_data_path /home/bingxing2/home/scx6115/Ocean_AI_model/sample_01/valid
test_data_path /home/bingxing2/home/scx6115/Ocean_AI_model/sample_01/test
land_mask True
land_mask_path /home/bingxing2/home/scx6115/Ocean_AI_model/sample_01/land_mask.h5
normalize True
normalization zscore
global_mins_path /home/bingxing2/home/scx6115/Ocean_AI_model/sample_01/train/global_mins.npy
global_maxs_path /home/bingxing2/home/scx6115/Ocean_AI_model/sample_01/train/global_maxs.npy
global_means_path /home/bingxing2/home/scx6115/Ocean_AI_model/sample_01/train/global_means.npy
global_stds_path /home/bingxing2/home/scx6115/Ocean_AI_model/sample_01/train/global_stds.npy
orography True
orography_norm_zscore_path /home/bingxing2/home/scx6115/Ocean_AI_model/sample_01/orography_norm_zscore.h5
orography_norm_maxmin_path /home/bingxing2/home/scx6115/Ocean_AI_model/sample_01/orography_norm_maxmin.h5
add_noise False
noise_std 0
crop_size_x None
crop_size_y None
log_to_screen True
save_checkpoint True
plot_animations False
---------------------------------------------------
world_size : 16
Initialize distributed process group...
nettype Masked_AE_Ocean
log_to_wandb True
lr 0.001
batch_size 32
max_epochs 150
scheduler CosineAnnealingLR
fusion_3d_2d False
in_channels [0, 1, 2, 3, 4, 5, 6, 7, 8, 9, 10, 11, 12, 13, 14, 15, 16, 17, 18, 19, 20, 21, 22, 23, 24, 25, 26, 27, 28, 29, 30, 31, 32, 33, 34, 35, 36, 37, 38, 39, 40, 41, 42, 43, 44, 45, 46, 47, 48, 49, 50, 51, 52, 53, 54, 55, 56, 57, 58, 59, 60, 61, 62, 63, 64, 65]
out_channels [0, 1, 2, 3, 4, 5, 6, 7, 8, 9, 10, 11, 12, 13, 14, 15, 16, 17, 18, 19, 20, 21, 22, 23, 24, 25, 26, 27, 28, 29, 30, 31, 32, 33, 34, 35, 36, 37, 38, 39, 40, 41, 42, 43, 44, 45, 46, 47, 48, 49, 50, 51, 52, 53, 54, 55, 56, 57, 58, 59, 60]
N_in_channels 66
N_out_channels 61
img_size_h 720
img_size_w 1440
patch_size_h 8
patch_size_w 8
mlp_ratio 4.0
embed_dim 512
depth 16
num_heads 16
decoder_embed_dim 1024
decoder_depth 8
decoder_num_heads 16
koopman_depth 2
modes_h_ratio 1
modes_w_ratio 0.8
drop_rate 0.0
drop_path_rate 0.0
sparsity_threshold 0.01
hard_thresholding_fraction 1.0
num_blocks 8
loss l2
num_data_workers 0
dt 1
n_history 0
prediction_type iterative
prediction_length 41
n_initial_conditions 5
ics_type default
date_strings ['2018-09-14 00:00:00']
save_raw_forecasts True
save_channel False
masked_acc False
maskpath None
perturb False
add_grid False
N_grid_channels 0
gridtype sinusoidal
roll False
enable_nhwc False
optimizer_type FusedAdam
exp_dir ./exp
patch_size 8
width 56
modes 32
target default
train_data_path /home/bingxing2/home/scx6115/Ocean_AI_model/sample_01/train
valid_data_path /home/bingxing2/home/scx6115/Ocean_AI_model/sample_01/valid
test_data_path /home/bingxing2/home/scx6115/Ocean_AI_model/sample_01/test
land_mask True
land_mask_path /home/bingxing2/home/scx6115/Ocean_AI_model/sample_01/land_mask.h5
normalize True
normalization zscore
global_mins_path /home/bingxing2/home/scx6115/Ocean_AI_model/sample_01/train/global_mins.npy
global_maxs_path /home/bingxing2/home/scx6115/Ocean_AI_model/sample_01/train/global_maxs.npy
global_means_path /home/bingxing2/home/scx6115/Ocean_AI_model/sample_01/train/global_means.npy
global_stds_path /home/bingxing2/home/scx6115/Ocean_AI_model/sample_01/train/global_stds.npy
orography True
orography_norm_zscore_path /home/bingxing2/home/scx6115/Ocean_AI_model/sample_01/orography_norm_zscore.h5
orography_norm_maxmin_path /home/bingxing2/home/scx6115/Ocean_AI_model/sample_01/orography_norm_maxmin.h5
add_noise False
noise_std 0
crop_size_x None
crop_size_y None
log_to_screen True
save_checkpoint True
plot_animations False
---------------------------------------------------
world_size : 16
Initialize distributed process group...
2023-06-27 16:46:18,723 - torch.distributed.distributed_c10d - INFO - Added key: store_based_barrier_key:1 to store for rank: 2
2023-06-27 16:46:18,723 - torch.distributed.distributed_c10d - INFO - Added key: store_based_barrier_key:1 to store for rank: 1
2023-06-27 16:46:18,725 - torch.distributed.distributed_c10d - INFO - Added key: store_based_barrier_key:1 to store for rank: 3
2023-06-27 16:46:19,850 - torch.distributed.distributed_c10d - INFO - Added key: store_based_barrier_key:1 to store for rank: 0
2023-06-27 16:46:19,851 - torch.distributed.distributed_c10d - INFO - Rank 0: Completed store-based barrier for key:store_based_barrier_key:1 with 16 nodes.
2023-06-27 16:46:19,855 - torch.distributed.distributed_c10d - INFO - Rank 1: Completed store-based barrier for key:store_based_barrier_key:1 with 16 nodes.
2023-06-27 16:46:19,855 - torch.distributed.distributed_c10d - INFO - Rank 2: Completed store-based barrier for key:store_based_barrier_key:1 with 16 nodes.
2023-06-27 16:46:19,857 - torch.distributed.distributed_c10d - INFO - Rank 3: Completed store-based barrier for key:store_based_barrier_key:1 with 16 nodes.
2023-06-27 16:46:19,903 - root - INFO - device: cuda:1
2023-06-27 16:46:19,903 - root - INFO - rank 1, begin data loader init
2023-06-27 16:46:19,908 - root - INFO - device: cuda:3
2023-06-27 16:46:19,908 - root - INFO - rank 3, begin data loader init
2023-06-27 16:46:19,910 - root - INFO - device: cuda:2
2023-06-27 16:46:19,911 - root - INFO - rank 2, begin data loader init
2023-06-27 16:46:19,944 - root - INFO - Getting file stats from /home/bingxing2/home/scx6115/Ocean_AI_model/sample_01/train/2000.h5
2023-06-27 16:46:19,944 - root - INFO - Getting file stats from /home/bingxing2/home/scx6115/Ocean_AI_model/sample_01/train/2000.h5
2023-06-27 16:46:19,944 - root - INFO - Getting file stats from /home/bingxing2/home/scx6115/Ocean_AI_model/sample_01/train/2000.h5
2023-06-27 16:46:19,945 - root - INFO - Number of samples per year: 365
2023-06-27 16:46:19,945 - root - INFO - Number of samples per year: 365
2023-06-27 16:46:19,945 - root - INFO - Found data at path /home/bingxing2/home/scx6115/Ocean_AI_model/sample_01/train. Number of examples: 4015. Image Shape: 720 x 1440 x 66
2023-06-27 16:46:19,945 - root - INFO - Found data at path /home/bingxing2/home/scx6115/Ocean_AI_model/sample_01/train. Number of examples: 4015. Image Shape: 720 x 1440 x 66
2023-06-27 16:46:19,945 - root - INFO - Delta t: 1 days
2023-06-27 16:46:19,945 - root - INFO - Including 0 days of past history in training at a frequency of 1 days
2023-06-27 16:46:19,945 - root - INFO - Delta t: 1 days
2023-06-27 16:46:19,945 - root - INFO - Including 0 days of past history in training at a frequency of 1 days
2023-06-27 16:46:19,946 - root - INFO - Number of samples per year: 365
2023-06-27 16:46:19,946 - root - INFO - Found data at path /home/bingxing2/home/scx6115/Ocean_AI_model/sample_01/train. Number of examples: 4015. Image Shape: 720 x 1440 x 66
2023-06-27 16:46:19,946 - root - INFO - Delta t: 1 days
2023-06-27 16:46:19,946 - root - INFO - Including 0 days of past history in training at a frequency of 1 days
2023-06-27 16:46:19,968 - root - INFO - ------------------ Configuration ------------------
2023-06-27 16:46:19,968 - root - INFO - Configuration file: /home/bingxing2/home/scx6115/Ocean_AI_model/config/Model_2.yaml
2023-06-27 16:46:19,968 - root - INFO - Configuration name: Masked_AE_Ocean
2023-06-27 16:46:19,968 - root - INFO - nettype Masked_AE_Ocean
2023-06-27 16:46:19,968 - root - INFO - log_to_wandb True
2023-06-27 16:46:19,968 - root - INFO - lr 0.001
2023-06-27 16:46:19,968 - root - INFO - batch_size 2
2023-06-27 16:46:19,968 - root - INFO - max_epochs 150
2023-06-27 16:46:19,968 - root - INFO - scheduler CosineAnnealingLR
2023-06-27 16:46:19,968 - root - INFO - fusion_3d_2d False
2023-06-27 16:46:19,968 - root - INFO - in_channels [0, 1, 2, 3, 4, 5, 6, 7, 8, 9, 10, 11, 12, 13, 14, 15, 16, 17, 18, 19, 20, 21, 22, 23, 24, 25, 26, 27, 28, 29, 30, 31, 32, 33, 34, 35, 36, 37, 38, 39, 40, 41, 42, 43, 44, 45, 46, 47, 48, 49, 50, 51, 52, 53, 54, 55, 56, 57, 58, 59, 60, 61, 62, 63, 64, 65]
2023-06-27 16:46:19,969 - root - INFO - out_channels [0, 1, 2, 3, 4, 5, 6, 7, 8, 9, 10, 11, 12, 13, 14, 15, 16, 17, 18, 19, 20, 21, 22, 23, 24, 25, 26, 27, 28, 29, 30, 31, 32, 33, 34, 35, 36, 37, 38, 39, 40, 41, 42, 43, 44, 45, 46, 47, 48, 49, 50, 51, 52, 53, 54, 55, 56, 57, 58, 59, 60]
2023-06-27 16:46:19,969 - root - INFO - N_in_channels 66
2023-06-27 16:46:19,969 - root - INFO - N_out_channels 61
2023-06-27 16:46:19,969 - root - INFO - img_size_h 720
2023-06-27 16:46:19,969 - root - INFO - img_size_w 1440
2023-06-27 16:46:19,969 - root - INFO - patch_size_h 8
2023-06-27 16:46:19,969 - root - INFO - patch_size_w 8
2023-06-27 16:46:19,969 - root - INFO - mlp_ratio 4.0
2023-06-27 16:46:19,969 - root - INFO - embed_dim 512
2023-06-27 16:46:19,969 - root - INFO - depth 16
2023-06-27 16:46:19,969 - root - INFO - num_heads 16
2023-06-27 16:46:19,969 - root - INFO - decoder_embed_dim 1024
2023-06-27 16:46:19,969 - root - INFO - decoder_depth 8
2023-06-27 16:46:19,969 - root - INFO - decoder_num_heads 16
2023-06-27 16:46:19,969 - root - INFO - koopman_depth 2
2023-06-27 16:46:19,970 - root - INFO - modes_h_ratio 1
2023-06-27 16:46:19,970 - root - INFO - modes_w_ratio 0.8
2023-06-27 16:46:19,970 - root - INFO - drop_rate 0.0
2023-06-27 16:46:19,970 - root - INFO - drop_path_rate 0.0
2023-06-27 16:46:19,970 - root - INFO - sparsity_threshold 0.01
2023-06-27 16:46:19,970 - root - INFO - hard_thresholding_fraction 1.0
2023-06-27 16:46:19,970 - root - INFO - num_blocks 8
2023-06-27 16:46:19,970 - root - INFO - loss l2
2023-06-27 16:46:19,970 - root - INFO - num_data_workers 0
2023-06-27 16:46:19,970 - root - INFO - dt 1
2023-06-27 16:46:19,970 - root - INFO - n_history 0
2023-06-27 16:46:19,970 - root - INFO - prediction_type iterative
2023-06-27 16:46:19,970 - root - INFO - prediction_length 41
2023-06-27 16:46:19,970 - root - INFO - n_initial_conditions 5
2023-06-27 16:46:19,970 - root - INFO - ics_type default
2023-06-27 16:46:19,971 - root - INFO - date_strings ['2018-09-14 00:00:00']
2023-06-27 16:46:19,971 - root - INFO - save_raw_forecasts True
2023-06-27 16:46:19,971 - root - INFO - save_channel False
2023-06-27 16:46:19,971 - root - INFO - masked_acc False
2023-06-27 16:46:19,971 - root - INFO - maskpath None
2023-06-27 16:46:19,971 - root - INFO - perturb False
2023-06-27 16:46:19,971 - root - INFO - add_grid False
2023-06-27 16:46:19,971 - root - INFO - N_grid_channels 0
2023-06-27 16:46:19,971 - root - INFO - gridtype sinusoidal
2023-06-27 16:46:19,971 - root - INFO - roll False
2023-06-27 16:46:19,971 - root - INFO - enable_nhwc False
2023-06-27 16:46:19,971 - root - INFO - optimizer_type FusedAdam
2023-06-27 16:46:19,971 - root - INFO - exp_dir ./exp
2023-06-27 16:46:19,971 - root - INFO - patch_size 8
2023-06-27 16:46:19,971 - root - INFO - width 56
2023-06-27 16:46:19,972 - root - INFO - modes 32
2023-06-27 16:46:19,972 - root - INFO - target default
2023-06-27 16:46:19,972 - root - INFO - train_data_path /home/bingxing2/home/scx6115/Ocean_AI_model/sample_01/train
2023-06-27 16:46:19,972 - root - INFO - valid_data_path /home/bingxing2/home/scx6115/Ocean_AI_model/sample_01/valid
2023-06-27 16:46:19,972 - root - INFO - test_data_path /home/bingxing2/home/scx6115/Ocean_AI_model/sample_01/test
2023-06-27 16:46:19,972 - root - INFO - land_mask True
2023-06-27 16:46:19,972 - root - INFO - land_mask_path /home/bingxing2/home/scx6115/Ocean_AI_model/sample_01/land_mask.h5
2023-06-27 16:46:19,972 - root - INFO - normalize True
2023-06-27 16:46:19,972 - root - INFO - normalization zscore
2023-06-27 16:46:19,972 - root - INFO - global_mins_path /home/bingxing2/home/scx6115/Ocean_AI_model/sample_01/train/global_mins.npy
2023-06-27 16:46:19,972 - root - INFO - global_maxs_path /home/bingxing2/home/scx6115/Ocean_AI_model/sample_01/train/global_maxs.npy
2023-06-27 16:46:19,972 - root - INFO - global_means_path /home/bingxing2/home/scx6115/Ocean_AI_model/sample_01/train/global_means.npy
2023-06-27 16:46:19,972 - root - INFO - global_stds_path /home/bingxing2/home/scx6115/Ocean_AI_model/sample_01/train/global_stds.npy
2023-06-27 16:46:19,972 - root - INFO - orography True
2023-06-27 16:46:19,972 - root - INFO - orography_norm_zscore_path /home/bingxing2/home/scx6115/Ocean_AI_model/sample_01/orography_norm_zscore.h5
2023-06-27 16:46:19,973 - root - INFO - orography_norm_maxmin_path /home/bingxing2/home/scx6115/Ocean_AI_model/sample_01/orography_norm_maxmin.h5
2023-06-27 16:46:19,973 - root - INFO - add_noise False
2023-06-27 16:46:19,973 - root - INFO - noise_std 0
2023-06-27 16:46:19,973 - root - INFO - crop_size_x None
2023-06-27 16:46:19,973 - root - INFO - crop_size_y None
2023-06-27 16:46:19,973 - root - INFO - log_to_screen True
2023-06-27 16:46:19,973 - root - INFO - save_checkpoint True
2023-06-27 16:46:19,973 - root - INFO - plot_animations False
2023-06-27 16:46:19,973 - root - INFO - epsilon_factor 0
2023-06-27 16:46:19,973 - root - INFO - world_size 16
2023-06-27 16:46:19,973 - root - INFO - local_rank 0
2023-06-27 16:46:19,973 - root - INFO - global_batch_size 32
2023-06-27 16:46:19,973 - root - INFO - enable_amp True
2023-06-27 16:46:19,973 - root - INFO - experiment_dir /home/bingxing2/home/scx6115/Ocean_AI_model/exp/Masked_AE_Ocean/20230627-164603
2023-06-27 16:46:19,974 - root - INFO - checkpoint_path ./exp/Masked_AE_Ocean/20230627-164603/training_checkpoints/ckpt.tar
2023-06-27 16:46:19,974 - root - INFO - best_checkpoint_path ./exp/Masked_AE_Ocean/20230627-164603/training_checkpoints/best_ckpt.tar
2023-06-27 16:46:19,974 - root - INFO - resuming False
2023-06-27 16:46:19,974 - root - INFO - entity ocean_ai_model
2023-06-27 16:46:19,974 - root - INFO - project ai4science
2023-06-27 16:46:19,974 - root - INFO - group 025_daily_15_levels
2023-06-27 16:46:19,974 - root - INFO - name Masked_AE_Ocean_20230627-164603
2023-06-27 16:46:19,974 - root - INFO - ---------------------------------------------------
2023-06-27 16:46:19,984 - root - INFO - Getting file stats from /home/bingxing2/home/scx6115/Ocean_AI_model/sample_01/valid/2011.h5
2023-06-27 16:46:19,984 - root - INFO - Getting file stats from /home/bingxing2/home/scx6115/Ocean_AI_model/sample_01/valid/2011.h5
2023-06-27 16:46:19,984 - root - INFO - Getting file stats from /home/bingxing2/home/scx6115/Ocean_AI_model/sample_01/valid/2011.h5
2023-06-27 16:46:19,985 - root - INFO - Number of samples per year: 364
2023-06-27 16:46:19,985 - root - INFO - Number of samples per year: 364
2023-06-27 16:46:19,985 - root - INFO - Number of samples per year: 364
2023-06-27 16:46:19,985 - root - INFO - Found data at path /home/bingxing2/home/scx6115/Ocean_AI_model/sample_01/valid. Number of examples: 364. Image Shape: 720 x 1440 x 66
2023-06-27 16:46:19,985 - root - INFO - Found data at path /home/bingxing2/home/scx6115/Ocean_AI_model/sample_01/valid. Number of examples: 364. Image Shape: 720 x 1440 x 66
2023-06-27 16:46:19,985 - root - INFO - Delta t: 1 days
2023-06-27 16:46:19,985 - root - INFO - Delta t: 1 days
2023-06-27 16:46:19,985 - root - INFO - Found data at path /home/bingxing2/home/scx6115/Ocean_AI_model/sample_01/valid. Number of examples: 364. Image Shape: 720 x 1440 x 66
2023-06-27 16:46:19,985 - root - INFO - Including 0 days of past history in training at a frequency of 1 days
2023-06-27 16:46:19,985 - root - INFO - Including 0 days of past history in training at a frequency of 1 days
2023-06-27 16:46:19,985 - root - INFO - Delta t: 1 days
2023-06-27 16:46:19,985 - root - INFO - Including 0 days of past history in training at a frequency of 1 days
2023-06-27 16:46:19,985 - root - INFO - rank 1, data loader initialized
2023-06-27 16:46:19,985 - root - INFO - rank 3, data loader initialized
2023-06-27 16:46:19,986 - root - INFO - rank 2, data loader initialized
wandb: Tracking run with wandb version 0.15.3
wandb: W&B syncing is set to `offline` in this directory.  
wandb: Run `wandb online` or set WANDB_MODE=online to enable cloud syncing.
2023-06-27 16:46:27,121 - root - INFO - device: cuda:0
2023-06-27 16:46:27,122 - root - INFO - rank 0, begin data loader init
2023-06-27 16:46:27,124 - root - INFO - Getting file stats from /home/bingxing2/home/scx6115/Ocean_AI_model/sample_01/train/2000.h5
2023-06-27 16:46:27,125 - root - INFO - Number of samples per year: 365
2023-06-27 16:46:27,126 - root - INFO - Found data at path /home/bingxing2/home/scx6115/Ocean_AI_model/sample_01/train. Number of examples: 4015. Image Shape: 720 x 1440 x 66
2023-06-27 16:46:27,126 - root - INFO - Delta t: 1 days
2023-06-27 16:46:27,126 - root - INFO - Including 0 days of past history in training at a frequency of 1 days
2023-06-27 16:46:27,128 - root - INFO - Getting file stats from /home/bingxing2/home/scx6115/Ocean_AI_model/sample_01/valid/2011.h5
2023-06-27 16:46:27,129 - root - INFO - Number of samples per year: 364
2023-06-27 16:46:27,130 - root - INFO - Found data at path /home/bingxing2/home/scx6115/Ocean_AI_model/sample_01/valid. Number of examples: 364. Image Shape: 720 x 1440 x 66
2023-06-27 16:46:27,130 - root - INFO - Delta t: 1 days
2023-06-27 16:46:27,130 - root - INFO - Including 0 days of past history in training at a frequency of 1 days
2023-06-27 16:46:27,130 - root - INFO - rank 0, data loader initialized
paraai-n32-h-01-agent-25:1595142:1595142 [0] NCCL INFO Bootstrap : Using eth0:172.16.5.68<0>
paraai-n32-h-01-agent-25:1595142:1595142 [0] NCCL INFO NET/Plugin : No plugin found (libnccl-net.so), using internal implementation
paraai-n32-h-01-agent-25:1595142:1595142 [0] NCCL INFO cudaDriverVersion 11060
NCCL version 2.14.3+cuda11.7
paraai-n32-h-01-agent-25:1595144:1595144 [2] NCCL INFO cudaDriverVersion 11060
paraai-n32-h-01-agent-25:1595145:1595145 [3] NCCL INFO cudaDriverVersion 11060
paraai-n32-h-01-agent-25:1595143:1595143 [1] NCCL INFO cudaDriverVersion 11060
paraai-n32-h-01-agent-25:1595142:1595744 [0] NCCL INFO NCCL_IB_DISABLE set by environment to 0.
paraai-n32-h-01-agent-25:1595144:1595144 [2] NCCL INFO Bootstrap : Using eth0:172.16.5.68<0>
paraai-n32-h-01-agent-25:1595143:1595143 [1] NCCL INFO Bootstrap : Using eth0:172.16.5.68<0>
paraai-n32-h-01-agent-25:1595145:1595145 [3] NCCL INFO Bootstrap : Using eth0:172.16.5.68<0>
paraai-n32-h-01-agent-25:1595144:1595144 [2] NCCL INFO NET/Plugin : No plugin found (libnccl-net.so), using internal implementation
paraai-n32-h-01-agent-25:1595145:1595145 [3] NCCL INFO NET/Plugin : No plugin found (libnccl-net.so), using internal implementation
paraai-n32-h-01-agent-25:1595145:1595747 [3] NCCL INFO NCCL_IB_DISABLE set by environment to 0.
paraai-n32-h-01-agent-25:1595144:1595749 [2] NCCL INFO NCCL_IB_DISABLE set by environment to 0.
paraai-n32-h-01-agent-25:1595143:1595143 [1] NCCL INFO NET/Plugin : No plugin found (libnccl-net.so), using internal implementation
paraai-n32-h-01-agent-25:1595142:1595744 [0] NCCL INFO NET/IB : Using [0]mlx5_0:1/RoCE [1]mlx5_1:1/RoCE [2]mlx5_2:1/RoCE [3]mlx5_3:1/RoCE [RO]; OOB eth0:172.16.5.68<0>
paraai-n32-h-01-agent-25:1595142:1595744 [0] NCCL INFO Using network IB
paraai-n32-h-01-agent-25:1595143:1595751 [1] NCCL INFO NCCL_IB_DISABLE set by environment to 0.
paraai-n32-h-01-agent-25:1595145:1595747 [3] NCCL INFO NET/IB : Using [0]mlx5_0:1/RoCE [1]mlx5_1:1/RoCE [2]mlx5_2:1/RoCE [3]mlx5_3:1/RoCE [RO]; OOB eth0:172.16.5.68<0>
paraai-n32-h-01-agent-25:1595145:1595747 [3] NCCL INFO Using network IB
paraai-n32-h-01-agent-25:1595144:1595749 [2] NCCL INFO NET/IB : Using [0]mlx5_0:1/RoCE [1]mlx5_1:1/RoCE [2]mlx5_2:1/RoCE [3]mlx5_3:1/RoCE [RO]; OOB eth0:172.16.5.68<0>
paraai-n32-h-01-agent-25:1595144:1595749 [2] NCCL INFO Using network IB
paraai-n32-h-01-agent-25:1595143:1595751 [1] NCCL INFO NET/IB : Using [0]mlx5_0:1/RoCE [1]mlx5_1:1/RoCE [2]mlx5_2:1/RoCE [3]mlx5_3:1/RoCE [RO]; OOB eth0:172.16.5.68<0>
paraai-n32-h-01-agent-25:1595143:1595751 [1] NCCL INFO Using network IB
paraai-n32-h-01-agent-25:1595145:1595747 [3] NCCL INFO Setting affinity for GPU 3 to ffffffff,00000000,00000000
paraai-n32-h-01-agent-25:1595144:1595749 [2] NCCL INFO Setting affinity for GPU 2 to ffffffff,00000000,00000000
paraai-n32-h-01-agent-25:1595142:1595744 [0] NCCL INFO Setting affinity for GPU 0 to ffffffff
paraai-n32-h-01-agent-25:1595143:1595751 [1] NCCL INFO Setting affinity for GPU 1 to ffffffff
paraai-n32-h-01-agent-25:1595142:1595744 [0] NCCL INFO Channel 00/02 :    0   1   2   3   4   5   6   7   8   9  10  11  12  13  14  15
paraai-n32-h-01-agent-25:1595142:1595744 [0] NCCL INFO Channel 01/02 :    0   1   2   3   4   5   6   7   8   9  10  11  12  13  14  15
paraai-n32-h-01-agent-25:1595145:1595747 [3] NCCL INFO Trees [0] -1/-1/-1->3->2 [1] -1/-1/-1->3->2
paraai-n32-h-01-agent-25:1595142:1595744 [0] NCCL INFO Trees [0] 1/8/-1->0->-1 [1] 1/-1/-1->0->4
paraai-n32-h-01-agent-25:1595144:1595749 [2] NCCL INFO Trees [0] 3/-1/-1->2->1 [1] 3/-1/-1->2->1
paraai-n32-h-01-agent-25:1595143:1595751 [1] NCCL INFO Trees [0] 2/-1/-1->1->0 [1] 2/-1/-1->1->0
paraai-n32-h-01-agent-25:1595144:1595749 [2] NCCL INFO Channel 00 : 2[81000] -> 3[82000] via SHM/direct/direct
paraai-n32-h-01-agent-25:1595144:1595749 [2] NCCL INFO Channel 01 : 2[81000] -> 3[82000] via SHM/direct/direct
paraai-n32-h-01-agent-25:1595142:1595744 [0] NCCL INFO Channel 00/0 : 15[82000] -> 0[1000] [receive] via NET/IB/0
paraai-n32-h-01-agent-25:1595143:1595751 [1] NCCL INFO Channel 00 : 1[2000] -> 2[81000] via SHM/direct/direct
paraai-n32-h-01-agent-25:1595143:1595751 [1] NCCL INFO Channel 01 : 1[2000] -> 2[81000] via SHM/direct/direct
paraai-n32-h-01-agent-25:1595142:1595744 [0] NCCL INFO Channel 01/0 : 15[82000] -> 0[1000] [receive] via NET/IB/0
paraai-n32-h-01-agent-25:1595142:1595744 [0] NCCL INFO Channel 00 : 0[1000] -> 1[2000] via SHM/direct/direct
paraai-n32-h-01-agent-25:1595142:1595744 [0] NCCL INFO Channel 01 : 0[1000] -> 1[2000] via SHM/direct/direct
paraai-n32-h-01-agent-25:1595143:1595751 [1] NCCL INFO Connected all rings
paraai-n32-h-01-agent-25:1595143:1595751 [1] NCCL INFO Channel 00 : 1[2000] -> 0[1000] via SHM/direct/direct
paraai-n32-h-01-agent-25:1595143:1595751 [1] NCCL INFO Channel 01 : 1[2000] -> 0[1000] via SHM/direct/direct
paraai-n32-h-01-agent-25:1595145:1595747 [3] NCCL INFO Channel 00/0 : 3[82000] -> 4[1000] [send] via NET/IB/0
paraai-n32-h-01-agent-25:1595145:1595747 [3] NCCL INFO Channel 01/0 : 3[82000] -> 4[1000] [send] via NET/IB/0
paraai-n32-h-01-agent-25:1595145:1595882 [3] NCCL INFO NCCL_IB_GID_INDEX set by environment to 3.
paraai-n32-h-01-agent-25:1595145:1595747 [3] NCCL INFO Connected all rings
paraai-n32-h-01-agent-25:1595145:1595747 [3] NCCL INFO Channel 00 : 3[82000] -> 2[81000] via SHM/direct/direct
paraai-n32-h-01-agent-25:1595145:1595747 [3] NCCL INFO Channel 01 : 3[82000] -> 2[81000] via SHM/direct/direct
paraai-n32-h-01-agent-25:1595142:1595884 [0] NCCL INFO NCCL_IB_GID_INDEX set by environment to 3.
paraai-n32-h-01-agent-25:1595142:1595884 [0] NCCL INFO NCCL_IB_TIMEOUT set by environment to 23.
paraai-n32-h-01-agent-25:1595142:1595884 [0] NCCL INFO NCCL_IB_RETRY_CNT set by environment to 7.
paraai-n32-h-01-agent-25:1595142:1595744 [0] NCCL INFO Connected all rings
paraai-n32-h-01-agent-25:1595144:1595749 [2] NCCL INFO Connected all rings
paraai-n32-h-01-agent-25:1595144:1595749 [2] NCCL INFO Channel 00 : 2[81000] -> 1[2000] via SHM/direct/direct
paraai-n32-h-01-agent-25:1595144:1595749 [2] NCCL INFO Channel 01 : 2[81000] -> 1[2000] via SHM/direct/direct
paraai-n32-h-01-agent-25:1595145:1595747 [3] NCCL INFO Connected all trees
paraai-n32-h-01-agent-25:1595145:1595747 [3] NCCL INFO threadThresholds 8/8/64 | 128/8/64 | 512 | 512
paraai-n32-h-01-agent-25:1595145:1595747 [3] NCCL INFO 2 coll channels, 2 p2p channels, 2 p2p channels per peer
paraai-n32-h-01-agent-25:1595144:1595749 [2] NCCL INFO Connected all trees
paraai-n32-h-01-agent-25:1595144:1595749 [2] NCCL INFO threadThresholds 8/8/64 | 128/8/64 | 512 | 512
paraai-n32-h-01-agent-25:1595144:1595749 [2] NCCL INFO 2 coll channels, 2 p2p channels, 2 p2p channels per peer
paraai-n32-h-01-agent-25:1595142:1595744 [0] NCCL INFO Channel 01/0 : 0[1000] -> 4[1000] [send] via NET/IB/0
paraai-n32-h-01-agent-25:1595142:1595744 [0] NCCL INFO Channel 00/0 : 8[1000] -> 0[1000] [receive] via NET/IB/0
paraai-n32-h-01-agent-25:1595142:1595744 [0] NCCL INFO Channel 00/0 : 0[1000] -> 8[1000] [send] via NET/IB/0
paraai-n32-h-01-agent-25:1595142:1595744 [0] NCCL INFO Channel 01/0 : 4[1000] -> 0[1000] [receive] via NET/IB/0
paraai-n32-h-01-agent-25:1595142:1595744 [0] NCCL INFO Connected all trees
paraai-n32-h-01-agent-25:1595142:1595744 [0] NCCL INFO threadThresholds 8/8/64 | 128/8/64 | 512 | 512
paraai-n32-h-01-agent-25:1595142:1595744 [0] NCCL INFO 2 coll channels, 2 p2p channels, 2 p2p channels per peer
paraai-n32-h-01-agent-25:1595143:1595751 [1] NCCL INFO Connected all trees
paraai-n32-h-01-agent-25:1595143:1595751 [1] NCCL INFO threadThresholds 8/8/64 | 128/8/64 | 512 | 512
paraai-n32-h-01-agent-25:1595143:1595751 [1] NCCL INFO 2 coll channels, 2 p2p channels, 2 p2p channels per peer
paraai-n32-h-01-agent-25:1595145:1595747 [3] NCCL INFO comm 0x19834580 rank 3 nranks 16 cudaDev 3 busId 82000 - Init COMPLETE
paraai-n32-h-01-agent-25:1595143:1595751 [1] NCCL INFO comm 0x36583c40 rank 1 nranks 16 cudaDev 1 busId 2000 - Init COMPLETE
paraai-n32-h-01-agent-25:1595145:1595887 [3] NCCL INFO NCCL_IB_TIMEOUT set by environment to 23.
paraai-n32-h-01-agent-25:1595145:1595887 [3] NCCL INFO NCCL_IB_RETRY_CNT set by environment to 7.
paraai-n32-h-01-agent-25:1595144:1595749 [2] NCCL INFO comm 0x31588e50 rank 2 nranks 16 cudaDev 2 busId 81000 - Init COMPLETE
paraai-n32-h-01-agent-25:1595142:1595744 [0] NCCL INFO comm 0x43103440 rank 0 nranks 16 cudaDev 0 busId 1000 - Init COMPLETE
2023-06-27 16:46:31,998 - root - INFO - Number of trainable model parameters: 113891901
2023-06-27 16:46:31,998 - root - INFO - Starting Training Loop...
srun: Job step aborted: Waiting up to 32 seconds for job step to finish.
slurmstepd: error: *** STEP 27346.0 ON paraai-n32-h-01-agent-25 CANCELLED AT 2023-06-27T16:58:48 ***
WARNING:torch.distributed.elastic.agent.server.api:Received 15 death signal, shutting down workers
WARNING:torch.distributed.elastic.multiprocessing.api:Sending process 1595142 closing signal SIGTERM
WARNING:torch.distributed.elastic.multiprocessing.api:Sending process 1595143 closing signal SIGTERM
WARNING:torch.distributed.elastic.multiprocessing.api:Sending process 1595144 closing signal SIGTERM
WARNING:torch.distributed.elastic.multiprocessing.api:Sending process 1595145 closing signal SIGTERM
