WARNING:torch.distributed.run:
*****************************************
Setting OMP_NUM_THREADS environment variable for each process to be 1 in default, to avoid your system being overloaded, please further tune the variable for optimal performance in your application as needed. 
*****************************************
paraai-n32-h-01-agent-73
paraai-n32-h-01-agent-73
0
------------------ Configuration ------------------  /home/bingxing2/home/scx6115/Ocean_AI_model/config/AFNO.yaml
paraai-n32-h-01-agent-73
paraai-n32-h-01-agent-73
0
------------------ Configuration ------------------  /home/bingxing2/home/scx6115/Ocean_AI_model/config/AFNO.yaml
00

------------------ Configuration ------------------ ------------------ Configuration ------------------  /home/bingxing2/home/scx6115/Ocean_AI_model/config/AFNO.yaml
 /home/bingxing2/home/scx6115/Ocean_AI_model/config/AFNO.yaml
log_to_wandblog_to_wandb  TrueTrue

lr lr 0.00050.0005

batch_sizebatch_size  3232

max_epochsmax_epochs  500500

schedulerscheduler  CosineAnnealingLRCosineAnnealingLR

in_channelsin_channels  [0, 1, 2, 3, 4, 5, 6, 7, 8, 9, 10, 11, 12, 13, 14, 15, 16, 17, 18, 19, 20, 21, 22, 23, 24, 25, 26, 27, 28, 29][0, 1, 2, 3, 4, 5, 6, 7, 8, 9, 10, 11, 12, 13, 14, 15, 16, 17, 18, 19, 20, 21, 22, 23, 24, 25, 26, 27, 28, 29]

out_channelsout_channels  log_to_wandb[0, 1, 2, 3, 4, 5, 6, 7, 8, 9, 10, 11, 12, 13, 14, 15, 16, 17, 18, 19, 20, 21, 22, 23, 24][0, 1, 2, 3, 4, 5, 6, 7, 8, 9, 10, 11, 12, 13, 14, 15, 16, 17, 18, 19, 20, 21, 22, 23, 24]
 
TrueN_in_channels
N_in_channels  3131

lr N_out_channelsN_out_channels 0.0005 25
25

batch_sizeimg_size_h img_size_h 32 720
720

max_epochsimg_size_w  img_size_w5001440 

1440
schedulerpatch_size_hpatch_size_h   5CosineAnnealingLR5


in_channelspatch_size_wpatch_size_w log_to_wandb  55
 
lossTrue[0, 1, 2, 3, 4, 5, 6, 7, 8, 9, 10, 11, 12, 13, 14, 15, 16, 17, 18, 19, 20, 21, 22, 23, 24, 25, 26, 27, 28, 29] loss

l2 
l2out_channels
num_data_workerslr   0num_data_workers
 [0, 1, 2, 3, 4, 5, 6, 7, 8, 9, 10, 11, 12, 13, 14, 15, 16, 17, 18, 19, 20, 21, 22, 23, 24]0dt0.0005

 
1dt
N_in_channels batch_size n_history1  31
32
0
n_history
N_out_channels  max_epochsprediction_type025 
 
500iterativeprediction_type

img_size_h  iterativescheduler720prediction_length 
 
CosineAnnealingLR30

prediction_length in_channels30img_size_wn_initial_conditions 
  14405
n_initial_conditions
 patch_size_h[0, 1, 2, 3, 4, 5, 6, 7, 8, 9, 10, 11, 12, 13, 14, 15, 16, 17, 18, 19, 20, 21, 22, 23, 24, 25, 26, 27, 28, 29]ics_type5 

 5default
ics_type
 patch_size_wout_channelsdefaultsave_raw_forecasts  
 5True

save_raw_forecasts loss[0, 1, 2, 3, 4, 5, 6, 7, 8, 9, 10, 11, 12, 13, 14, 15, 16, 17, 18, 19, 20, 21, 22, 23, 24]save_channel True 

Falsel2

save_channelN_in_channels masked_accnum_data_workersFalse   
False310


masked_accmaskpath N_out_channels dt NoneFalse 25

1
perturb
maskpath img_size_hn_historyFalse  None 
720
0

add_gridperturbimg_size_w   Falseprediction_typeFalse
1440 

iterativeN_grid_channels
 add_gridpatch_size_h0prediction_length  
 False5gridtype30

 
sinusoidalN_grid_channelspatch_size_w
 n_initial_conditions 0roll5  

5False

gridtypeloss ics_type num_blockssinusoidal l2 
default
8
num_data_workers
roll save_raw_forecasts 0nettype False
True 

afnodt
 num_blockssave_channel1patch_size   
8False
8
n_history
nettype masked_acc widthafno0  

False56patch_size

prediction_type  8modesiterativemaskpath 

 32Noneprediction_length

width  targetperturb3056  

Falsedefaultmodes

n_initial_conditions  32enable_nhwcadd_grid5
  
FalseFalsetarget

 ics_typedefaultN_grid_channels optimizer_type 
 default0FusedAdam
enable_nhwc

 save_raw_forecastsFalsegridtype 
normalize True sinusoidal
optimizer_type
True save_channelroll
FusedAdam  normalization
FalseFalse 

zscorenormalizenum_blocksmasked_acc 
  8TrueFalse

global_mins_path
 normalization./sample_00/train/global_mins.npymaskpathnettype
   zscoreNoneglobal_maxs_path

afno 
./sample_00/train/global_maxs.npyperturb
 patch_sizeFalseglobal_means_pathglobal_mins_path   
./sample_00/train/global_means.npy8./sample_00/train/global_mins.npy

add_grid
 widthglobal_stds_pathFalse  
./sample_00/train/global_stds.npy56global_maxs_path

N_grid_channels  modes0./sample_00/train/global_maxs.npytrain_data_path  

./sample_00/train32
gridtype
 valid_data_pathsinusoidal global_means_pathtarget
 ./sample_00/valid ./sample_00/train/global_means.npy
defaultroll
 
test_data_pathFalse 
global_stds_pathenable_nhwc./sample_00/test num_blocks 
./sample_00/train/global_stds.npy False

8train_data_path
land_maskoptimizer_type   nettype./sample_00/trainFusedAdamTrue 


afnovalid_data_path
normalize land_mask_path patch_size./sample_00/valid True 
./sample_00/land_mask.h58


test_data_pathnormalization width ./sample_00/test orographyzscore
56 

Trueland_mask
global_mins_pathmodes   orography_norm_zscore_pathTrue32./sample_00/train/global_mins.npy 

./sample_00/orography_norm_zscore.h5

land_mask_pathglobal_maxs_pathtarget orography_norm_maxmin_path  ./sample_00/land_mask.h5 ./sample_00/train/global_maxs.npy
default
./sample_00/orography_norm_maxmin.h5
global_means_path
 enable_nhwc./sample_00/train/global_means.npyorographyexp_dir  
 TrueFalse./expglobal_stds_path

 
./sample_00/train/global_stds.npyorography_norm_zscore_pathadd_noise
optimizer_type   train_data_path./sample_00/orography_norm_zscore.h5FusedAdam 

False./sample_00/train
orography_norm_maxmin_path
noise_std  normalize./sample_00/orography_norm_maxmin.h50valid_data_path 

 True./sample_00/validexp_dir

crop_size_x  ./expnormalizationtest_data_pathNone
  
zscore./sample_00/test
add_noisecrop_size_y
  Falseland_maskNone
global_mins_path 
 noise_stdTrue./sample_00/train/global_mins.npylog_to_screen 

 0
global_maxs_pathland_mask_pathTrue 
 crop_size_x./sample_00/train/global_maxs.npysave_checkpoint./sample_00/land_mask.h5 
 
NoneTrue
orographyglobal_means_path
  crop_size_yTrue./sample_00/train/global_means.npy 

plot_animationsNone 
orography_norm_zscore_pathglobal_stds_pathFalse log_to_screen 
./sample_00/orography_norm_zscore.h5 ./sample_00/train/global_stds.npy

Trueorography_norm_maxmin_path
train_data_path  ./sample_00/orography_norm_maxmin.h5save_checkpoint./sample_00/train
 
Trueexp_dir
valid_data_path  ./expplot_animations
./sample_00/valid 
Falseadd_noise
 test_data_pathFalse 
./sample_00/test
noise_std land_mask0 
True
crop_size_xland_mask_path  None./sample_00/land_mask.h5

crop_size_yorography  NoneTrue

orography_norm_zscore_path log_to_screen./sample_00/orography_norm_zscore.h5 
True
orography_norm_maxmin_path save_checkpoint./sample_00/orography_norm_maxmin.h5 ---------------------------------------------------
True

exp_dir plot_animations./exp 
False
add_noise False
noise_std 0
crop_size_x--------------------------------------------------- 
None
world_size :crop_size_y  16None

Initialize distributed process group...
log_to_screen True
save_checkpoint True
world_size :plot_animations  16False

Initialize distributed process group...
---------------------------------------------------
---------------------------------------------------world_size :
 16
Initialize distributed process group...
world_size : 16
Initialize distributed process group...
2023-06-08 20:40:12,391 - torch.distributed.distributed_c10d - INFO - Added key: store_based_barrier_key:1 to store for rank: 7
2023-06-08 20:40:12,391 - torch.distributed.distributed_c10d - INFO - Added key: store_based_barrier_key:1 to store for rank: 4
2023-06-08 20:40:12,391 - torch.distributed.distributed_c10d - INFO - Added key: store_based_barrier_key:1 to store for rank: 5
2023-06-08 20:40:12,391 - torch.distributed.distributed_c10d - INFO - Added key: store_based_barrier_key:1 to store for rank: 6
2023-06-08 20:40:22,401 - torch.distributed.distributed_c10d - INFO - Waiting in store based barrier to initialize process group for rank: 6, key: store_based_barrier_key:1 (world_size=16, worker_count=4, timeout=0:30:00)
2023-06-08 20:40:22,401 - torch.distributed.distributed_c10d - INFO - Waiting in store based barrier to initialize process group for rank: 4, key: store_based_barrier_key:1 (world_size=16, worker_count=4, timeout=0:30:00)
2023-06-08 20:40:22,401 - torch.distributed.distributed_c10d - INFO - Waiting in store based barrier to initialize process group for rank: 5, key: store_based_barrier_key:1 (world_size=16, worker_count=4, timeout=0:30:00)
2023-06-08 20:40:22,401 - torch.distributed.distributed_c10d - INFO - Waiting in store based barrier to initialize process group for rank: 7, key: store_based_barrier_key:1 (world_size=16, worker_count=4, timeout=0:30:00)
2023-06-08 20:40:32,403 - torch.distributed.distributed_c10d - INFO - Waiting in store based barrier to initialize process group for rank: 5, key: store_based_barrier_key:1 (world_size=16, worker_count=4, timeout=0:30:00)
2023-06-08 20:40:32,403 - torch.distributed.distributed_c10d - INFO - Waiting in store based barrier to initialize process group for rank: 4, key: store_based_barrier_key:1 (world_size=16, worker_count=4, timeout=0:30:00)
2023-06-08 20:40:32,403 - torch.distributed.distributed_c10d - INFO - Waiting in store based barrier to initialize process group for rank: 7, key: store_based_barrier_key:1 (world_size=16, worker_count=4, timeout=0:30:00)
2023-06-08 20:40:32,403 - torch.distributed.distributed_c10d - INFO - Waiting in store based barrier to initialize process group for rank: 6, key: store_based_barrier_key:1 (world_size=16, worker_count=4, timeout=0:30:00)
2023-06-08 20:40:42,404 - torch.distributed.distributed_c10d - INFO - Waiting in store based barrier to initialize process group for rank: 6, key: store_based_barrier_key:1 (world_size=16, worker_count=4, timeout=0:30:00)
2023-06-08 20:40:42,404 - torch.distributed.distributed_c10d - INFO - Waiting in store based barrier to initialize process group for rank: 7, key: store_based_barrier_key:1 (world_size=16, worker_count=4, timeout=0:30:00)
2023-06-08 20:40:42,404 - torch.distributed.distributed_c10d - INFO - Waiting in store based barrier to initialize process group for rank: 5, key: store_based_barrier_key:1 (world_size=16, worker_count=4, timeout=0:30:00)
2023-06-08 20:40:42,404 - torch.distributed.distributed_c10d - INFO - Waiting in store based barrier to initialize process group for rank: 4, key: store_based_barrier_key:1 (world_size=16, worker_count=4, timeout=0:30:00)
2023-06-08 20:40:52,407 - torch.distributed.distributed_c10d - INFO - Waiting in store based barrier to initialize process group for rank: 7, key: store_based_barrier_key:1 (world_size=16, worker_count=4, timeout=0:30:00)
2023-06-08 20:40:52,407 - torch.distributed.distributed_c10d - INFO - Waiting in store based barrier to initialize process group for rank: 5, key: store_based_barrier_key:1 (world_size=16, worker_count=4, timeout=0:30:00)
2023-06-08 20:40:52,407 - torch.distributed.distributed_c10d - INFO - Waiting in store based barrier to initialize process group for rank: 4, key: store_based_barrier_key:1 (world_size=16, worker_count=4, timeout=0:30:00)
2023-06-08 20:40:52,407 - torch.distributed.distributed_c10d - INFO - Waiting in store based barrier to initialize process group for rank: 6, key: store_based_barrier_key:1 (world_size=16, worker_count=4, timeout=0:30:00)
2023-06-08 20:41:02,410 - torch.distributed.distributed_c10d - INFO - Waiting in store based barrier to initialize process group for rank: 4, key: store_based_barrier_key:1 (world_size=16, worker_count=4, timeout=0:30:00)
2023-06-08 20:41:02,410 - torch.distributed.distributed_c10d - INFO - Waiting in store based barrier to initialize process group for rank: 7, key: store_based_barrier_key:1 (world_size=16, worker_count=4, timeout=0:30:00)
2023-06-08 20:41:02,410 - torch.distributed.distributed_c10d - INFO - Waiting in store based barrier to initialize process group for rank: 5, key: store_based_barrier_key:1 (world_size=16, worker_count=4, timeout=0:30:00)
2023-06-08 20:41:02,410 - torch.distributed.distributed_c10d - INFO - Waiting in store based barrier to initialize process group for rank: 6, key: store_based_barrier_key:1 (world_size=16, worker_count=4, timeout=0:30:00)
2023-06-08 20:41:12,413 - torch.distributed.distributed_c10d - INFO - Waiting in store based barrier to initialize process group for rank: 4, key: store_based_barrier_key:1 (world_size=16, worker_count=4, timeout=0:30:00)
2023-06-08 20:41:12,413 - torch.distributed.distributed_c10d - INFO - Waiting in store based barrier to initialize process group for rank: 5, key: store_based_barrier_key:1 (world_size=16, worker_count=4, timeout=0:30:00)
2023-06-08 20:41:12,413 - torch.distributed.distributed_c10d - INFO - Waiting in store based barrier to initialize process group for rank: 7, key: store_based_barrier_key:1 (world_size=16, worker_count=4, timeout=0:30:00)
2023-06-08 20:41:12,413 - torch.distributed.distributed_c10d - INFO - Waiting in store based barrier to initialize process group for rank: 6, key: store_based_barrier_key:1 (world_size=16, worker_count=4, timeout=0:30:00)
2023-06-08 20:41:22,416 - torch.distributed.distributed_c10d - INFO - Waiting in store based barrier to initialize process group for rank: 4, key: store_based_barrier_key:1 (world_size=16, worker_count=4, timeout=0:30:00)
2023-06-08 20:41:22,416 - torch.distributed.distributed_c10d - INFO - Waiting in store based barrier to initialize process group for rank: 5, key: store_based_barrier_key:1 (world_size=16, worker_count=4, timeout=0:30:00)
2023-06-08 20:41:22,416 - torch.distributed.distributed_c10d - INFO - Waiting in store based barrier to initialize process group for rank: 6, key: store_based_barrier_key:1 (world_size=16, worker_count=4, timeout=0:30:00)
2023-06-08 20:41:22,416 - torch.distributed.distributed_c10d - INFO - Waiting in store based barrier to initialize process group for rank: 7, key: store_based_barrier_key:1 (world_size=16, worker_count=4, timeout=0:30:00)
2023-06-08 20:41:32,426 - torch.distributed.distributed_c10d - INFO - Waiting in store based barrier to initialize process group for rank: 4, key: store_based_barrier_key:1 (world_size=16, worker_count=4, timeout=0:30:00)
2023-06-08 20:41:32,426 - torch.distributed.distributed_c10d - INFO - Waiting in store based barrier to initialize process group for rank: 6, key: store_based_barrier_key:1 (world_size=16, worker_count=4, timeout=0:30:00)
2023-06-08 20:41:32,426 - torch.distributed.distributed_c10d - INFO - Waiting in store based barrier to initialize process group for rank: 5, key: store_based_barrier_key:1 (world_size=16, worker_count=4, timeout=0:30:00)
2023-06-08 20:41:32,426 - torch.distributed.distributed_c10d - INFO - Waiting in store based barrier to initialize process group for rank: 7, key: store_based_barrier_key:1 (world_size=16, worker_count=4, timeout=0:30:00)
2023-06-08 20:41:42,430 - torch.distributed.distributed_c10d - INFO - Waiting in store based barrier to initialize process group for rank: 6, key: store_based_barrier_key:1 (world_size=16, worker_count=4, timeout=0:30:00)
2023-06-08 20:41:42,430 - torch.distributed.distributed_c10d - INFO - Waiting in store based barrier to initialize process group for rank: 7, key: store_based_barrier_key:1 (world_size=16, worker_count=4, timeout=0:30:00)
2023-06-08 20:41:42,430 - torch.distributed.distributed_c10d - INFO - Waiting in store based barrier to initialize process group for rank: 4, key: store_based_barrier_key:1 (world_size=16, worker_count=4, timeout=0:30:00)
2023-06-08 20:41:42,430 - torch.distributed.distributed_c10d - INFO - Waiting in store based barrier to initialize process group for rank: 5, key: store_based_barrier_key:1 (world_size=16, worker_count=4, timeout=0:30:00)
2023-06-08 20:41:52,432 - torch.distributed.distributed_c10d - INFO - Waiting in store based barrier to initialize process group for rank: 4, key: store_based_barrier_key:1 (world_size=16, worker_count=4, timeout=0:30:00)
2023-06-08 20:41:52,432 - torch.distributed.distributed_c10d - INFO - Waiting in store based barrier to initialize process group for rank: 6, key: store_based_barrier_key:1 (world_size=16, worker_count=4, timeout=0:30:00)
2023-06-08 20:41:52,432 - torch.distributed.distributed_c10d - INFO - Waiting in store based barrier to initialize process group for rank: 7, key: store_based_barrier_key:1 (world_size=16, worker_count=4, timeout=0:30:00)
2023-06-08 20:41:52,432 - torch.distributed.distributed_c10d - INFO - Waiting in store based barrier to initialize process group for rank: 5, key: store_based_barrier_key:1 (world_size=16, worker_count=4, timeout=0:30:00)
2023-06-08 20:42:02,437 - torch.distributed.distributed_c10d - INFO - Waiting in store based barrier to initialize process group for rank: 7, key: store_based_barrier_key:1 (world_size=16, worker_count=4, timeout=0:30:00)
2023-06-08 20:42:02,437 - torch.distributed.distributed_c10d - INFO - Waiting in store based barrier to initialize process group for rank: 6, key: store_based_barrier_key:1 (world_size=16, worker_count=4, timeout=0:30:00)
2023-06-08 20:42:02,437 - torch.distributed.distributed_c10d - INFO - Waiting in store based barrier to initialize process group for rank: 4, key: store_based_barrier_key:1 (world_size=16, worker_count=4, timeout=0:30:00)
2023-06-08 20:42:02,437 - torch.distributed.distributed_c10d - INFO - Waiting in store based barrier to initialize process group for rank: 5, key: store_based_barrier_key:1 (world_size=16, worker_count=4, timeout=0:30:00)
2023-06-08 20:42:12,440 - torch.distributed.distributed_c10d - INFO - Waiting in store based barrier to initialize process group for rank: 4, key: store_based_barrier_key:1 (world_size=16, worker_count=4, timeout=0:30:00)
2023-06-08 20:42:12,440 - torch.distributed.distributed_c10d - INFO - Waiting in store based barrier to initialize process group for rank: 5, key: store_based_barrier_key:1 (world_size=16, worker_count=4, timeout=0:30:00)
2023-06-08 20:42:12,440 - torch.distributed.distributed_c10d - INFO - Waiting in store based barrier to initialize process group for rank: 7, key: store_based_barrier_key:1 (world_size=16, worker_count=4, timeout=0:30:00)
2023-06-08 20:42:12,440 - torch.distributed.distributed_c10d - INFO - Waiting in store based barrier to initialize process group for rank: 6, key: store_based_barrier_key:1 (world_size=16, worker_count=4, timeout=0:30:00)
2023-06-08 20:42:22,450 - torch.distributed.distributed_c10d - INFO - Waiting in store based barrier to initialize process group for rank: 5, key: store_based_barrier_key:1 (world_size=16, worker_count=4, timeout=0:30:00)
2023-06-08 20:42:22,450 - torch.distributed.distributed_c10d - INFO - Waiting in store based barrier to initialize process group for rank: 6, key: store_based_barrier_key:1 (world_size=16, worker_count=4, timeout=0:30:00)
2023-06-08 20:42:22,450 - torch.distributed.distributed_c10d - INFO - Waiting in store based barrier to initialize process group for rank: 7, key: store_based_barrier_key:1 (world_size=16, worker_count=4, timeout=0:30:00)
2023-06-08 20:42:22,450 - torch.distributed.distributed_c10d - INFO - Waiting in store based barrier to initialize process group for rank: 4, key: store_based_barrier_key:1 (world_size=16, worker_count=4, timeout=0:30:00)
srun: Job step aborted: Waiting up to 32 seconds for job step to finish.
slurmstepd: error: *** STEP 19957.0 ON paraai-n32-h-01-agent-73 CANCELLED AT 2023-06-08T20:42:25 ***
WARNING:torch.distributed.elastic.agent.server.api:Received 15 death signal, shutting down workers
WARNING:torch.distributed.elastic.multiprocessing.api:Sending process 3478069 closing signal SIGTERM
WARNING:torch.distributed.elastic.multiprocessing.api:Sending process 3478070 closing signal SIGTERM
WARNING:torch.distributed.elastic.multiprocessing.api:Sending process 3478071 closing signal SIGTERM
WARNING:torch.distributed.elastic.multiprocessing.api:Sending process 3478072 closing signal SIGTERM
