master_addr is only used for static rdzv_backend and when rdzv_endpoint is not specified.
WARNING:torch.distributed.run:
*****************************************
Setting OMP_NUM_THREADS environment variable for each process to be 1 in default, to avoid your system being overloaded, please further tune the variable for optimal performance in your application as needed. 
*****************************************
paraai-n32-h-01-agent-55
paraai-n32-h-01-agent-55
paraai-n32-h-01-agent-55
0
------------------ Configuration ------------------  /home/bingxing2/home/scx6115/Ocean_AI_model/config/AFNO.yaml
0
------------------ Configuration ------------------  /home/bingxing2/home/scx6115/Ocean_AI_model/config/AFNO.yaml
0
------------------ Configuration ------------------  /home/bingxing2/home/scx6115/Ocean_AI_model/config/AFNO.yaml
paraai-n32-h-01-agent-55
0
------------------ Configuration ------------------  /home/bingxing2/home/scx6115/Ocean_AI_model/config/AFNO.yaml
log_to_wandb True
lr log_to_wandb0.0005 
True
batch_size 32
lr max_epochs 5000.0005

schedulerbatch_size CosineAnnealingLR 
32
in_channels max_epochs 500
scheduler CosineAnnealingLR
[0, 1, 2, 3, 4, 5, 6, 7, 8, 9, 10, 11, 12, 13, 14, 15, 16, 17, 18, 19, 20, 21, 22, 23, 24, 25, 26, 27, 28, 29]
in_channels out_channels [0, 1, 2, 3, 4, 5, 6, 7, 8, 9, 10, 11, 12, 13, 14, 15, 16, 17, 18, 19, 20, 21, 22, 23, 24, 25, 26, 27, 28, 29][0, 1, 2, 3, 4, 5, 6, 7, 8, 9, 10, 11, 12, 13, 14, 15, 16, 17, 18, 19, 20, 21, 22, 23, 24]

N_in_channels 31out_channels
 N_out_channels 25
[0, 1, 2, 3, 4, 5, 6, 7, 8, 9, 10, 11, 12, 13, 14, 15, 16, 17, 18, 19, 20, 21, 22, 23, 24]
img_size_h N_in_channels720 
31
img_size_w N_out_channels1440 
25
patch_size_h img_size_h 5720

patch_size_w 5img_size_w
 1440loss
 l2
patch_size_h num_data_workers5 
0
patch_size_w dt5 
1
loss n_historyl2 
0
num_data_workersprediction_type  0iterative

dtprediction_length  130

n_history n_initial_conditions0 
5prediction_type
 iterative
ics_type prediction_lengthdefault 
30
save_raw_forecasts Truen_initial_conditions
 5
save_channel ics_typeFalse 
default
masked_acc save_raw_forecastsFalse 
True
maskpath Nonesave_channel
 Falseperturb
 False
masked_acc add_gridFalse 
False
maskpath NoneN_grid_channels
 0perturb
 Falsegridtype
 sinusoidal
add_gridroll  FalseFalse

N_grid_channelsnum_blocks  08

gridtypenettype  sinusoidalafno

rollpatch_size  False8

num_blockslog_to_wandbwidth  8 56
True

nettypemodes  afno32

lrpatch_sizetarget   default8

0.0005width
enable_nhwc  56False

batch_sizemodesoptimizer_type   3232FusedAdam


targetmax_epochs  normalizedefault500

 enable_nhwc TrueschedulerFalse
 
normalizationCosineAnnealingLR optimizer_type
 zscoreFusedAdam
in_channels
 global_mins_pathnormalize  ./sample_00/train/global_mins.npyTrue

[0, 1, 2, 3, 4, 5, 6, 7, 8, 9, 10, 11, 12, 13, 14, 15, 16, 17, 18, 19, 20, 21, 22, 23, 24, 25, 26, 27, 28, 29]global_maxs_pathnormalization
  zscore./sample_00/train/global_maxs.npy

out_channelsglobal_means_pathglobal_mins_path   ./sample_00/train/global_means.npy./sample_00/train/global_mins.npy

[0, 1, 2, 3, 4, 5, 6, 7, 8, 9, 10, 11, 12, 13, 14, 15, 16, 17, 18, 19, 20, 21, 22, 23, 24]global_stds_path
global_maxs_path  ./sample_00/train/global_stds.npyN_in_channels./sample_00/train/global_maxs.npy
 
31train_data_pathglobal_means_path 
 ./sample_00/train/global_means.npy./sample_00/train
N_out_channels
 global_stds_pathvalid_data_path25  
./sample_00/train/global_stds.npy./sample_00/valid

img_size_htrain_data_pathtest_data_path 720 
 ./sample_00/train
img_size_w./sample_00/testvalid_data_path 
 1440
./sample_00/validland_mask
 patch_size_htest_data_pathTrue  
5./sample_00/testland_mask_path

 patch_size_w./sample_00/land_mask.h5land_mask 
 5orographyTrue
 
Truelossland_mask_path
  l2./sample_00/land_mask.h5orography_norm_zscore_path

 num_data_workers./sample_00/orography_norm_zscore.h5 orography 
True0
orography_norm_maxmin_path
 ./sample_00/orography_norm_maxmin.h5orography_norm_zscore_pathdt
  ./sample_00/orography_norm_zscore.h51exp_dir

 orography_norm_maxmin_path./exp n_history
./sample_00/orography_norm_maxmin.h5 add_noise
0 exp_dirFalse

 prediction_type./expnoise_std  
iterative0
add_noise
 prediction_lengthcrop_size_x  False
30Nonenoise_std
 
0
n_initial_conditionscrop_size_y crop_size_x5  
NoneNone

ics_typelog_to_screen  crop_size_ydefault True
None

save_raw_forecastssave_checkpoint  log_to_screenTrueTrue 

True
save_channelplot_animationssave_checkpoint   FalseFalse
True
masked_acc
 Falseplot_animations
 maskpathFalse 
None
perturb False
add_grid False
N_grid_channels 0
gridtype sinusoidal
roll False
num_blocks 8
---------------------------------------------------nettype 
afno
patch_size 8---------------------------------------------------

width 56
modesworld_size : 32 
16world_size :target 
 Initialize distributed process group...16default


Initialize distributed process group...
enable_nhwc False
optimizer_type FusedAdam
normalize True
normalization zscore
global_mins_path ./sample_00/train/global_mins.npy
global_maxs_path ./sample_00/train/global_maxs.npy
global_means_path ./sample_00/train/global_means.npy
global_stds_path ./sample_00/train/global_stds.npy
train_data_path ./sample_00/train
valid_data_path ./sample_00/valid
test_data_path ./sample_00/test
land_mask True
land_mask_path ./sample_00/land_mask.h5
orography True
orography_norm_zscore_path ./sample_00/orography_norm_zscore.h5
orography_norm_maxmin_path ./sample_00/orography_norm_maxmin.h5
exp_dir ./exp
add_noise False
noise_std 0
crop_size_x None
crop_size_y None
log_to_screen True
save_checkpoint True
plot_animations False
---------------------------------------------------
world_size : 16
Initialize distributed process group...
log_to_wandb True
lr 0.0005
batch_size 32
max_epochs 500
scheduler CosineAnnealingLR
in_channels [0, 1, 2, 3, 4, 5, 6, 7, 8, 9, 10, 11, 12, 13, 14, 15, 16, 17, 18, 19, 20, 21, 22, 23, 24, 25, 26, 27, 28, 29]
out_channels [0, 1, 2, 3, 4, 5, 6, 7, 8, 9, 10, 11, 12, 13, 14, 15, 16, 17, 18, 19, 20, 21, 22, 23, 24]
N_in_channels 31
N_out_channels 25
img_size_h 720
img_size_w 1440
patch_size_h 5
patch_size_w 5
loss l2
num_data_workers 0
dt 1
n_history 0
prediction_type iterative
prediction_length 30
n_initial_conditions 5
ics_type default
save_raw_forecasts True
save_channel False
masked_acc False
maskpath None
perturb False
add_grid False
N_grid_channels 0
gridtype sinusoidal
roll False
num_blocks 8
nettype afno
patch_size 8
width 56
modes 32
target default
enable_nhwc False
optimizer_type FusedAdam
normalize True
normalization zscore
global_mins_path ./sample_00/train/global_mins.npy
global_maxs_path ./sample_00/train/global_maxs.npy
global_means_path ./sample_00/train/global_means.npy
global_stds_path ./sample_00/train/global_stds.npy
train_data_path ./sample_00/train
valid_data_path ./sample_00/valid
test_data_path ./sample_00/test
land_mask True
land_mask_path ./sample_00/land_mask.h5
orography True
orography_norm_zscore_path ./sample_00/orography_norm_zscore.h5
orography_norm_maxmin_path ./sample_00/orography_norm_maxmin.h5
exp_dir ./exp
add_noise False
noise_std 0
crop_size_x None
crop_size_y None
log_to_screen True
save_checkpoint True
plot_animations False
---------------------------------------------------
world_size : 16
Initialize distributed process group...
2023-06-09 10:55:00,939 - torch.distributed.distributed_c10d - INFO - Added key: store_based_barrier_key:1 to store for rank: 15
2023-06-09 10:55:00,939 - torch.distributed.distributed_c10d - INFO - Added key: store_based_barrier_key:1 to store for rank: 14
2023-06-09 10:55:00,939 - torch.distributed.distributed_c10d - INFO - Added key: store_based_barrier_key:1 to store for rank: 12
2023-06-09 10:55:00,959 - torch.distributed.distributed_c10d - INFO - Added key: store_based_barrier_key:1 to store for rank: 13
2023-06-09 10:55:01,642 - torch.distributed.distributed_c10d - INFO - Rank 15: Completed store-based barrier for key:store_based_barrier_key:1 with 16 nodes.
2023-06-09 10:55:01,642 - torch.distributed.distributed_c10d - INFO - Rank 13: Completed store-based barrier for key:store_based_barrier_key:1 with 16 nodes.
2023-06-09 10:55:01,643 - torch.distributed.distributed_c10d - INFO - Rank 14: Completed store-based barrier for key:store_based_barrier_key:1 with 16 nodes.
2023-06-09 10:55:01,643 - torch.distributed.distributed_c10d - INFO - Rank 12: Completed store-based barrier for key:store_based_barrier_key:1 with 16 nodes.
2023-06-09 10:55:01,777 - root - INFO - device: cuda:3
2023-06-09 10:55:01,777 - root - INFO - rank 15, begin data loader init
2023-06-09 10:55:01,782 - root - INFO - Getting file stats from ./sample_00/train/2000.h5
2023-06-09 10:55:01,784 - root - INFO - Number of samples per year: 365
2023-06-09 10:55:01,784 - root - INFO - Found data at path ./sample_00/train. Number of examples: 4015. Image Shape: 720 x 1440 x 30
2023-06-09 10:55:01,784 - root - INFO - Delta t: 1 days
2023-06-09 10:55:01,784 - root - INFO - Including 0 days of past history in training at a frequency of 1 days
2023-06-09 10:55:01,787 - root - INFO - Getting file stats from ./sample_00/valid/2011.h5
2023-06-09 10:55:01,788 - root - INFO - Number of samples per year: 364
2023-06-09 10:55:01,788 - root - INFO - Found data at path ./sample_00/valid. Number of examples: 364. Image Shape: 720 x 1440 x 30
2023-06-09 10:55:01,788 - root - INFO - Delta t: 1 days
2023-06-09 10:55:01,788 - root - INFO - Including 0 days of past history in training at a frequency of 1 days
2023-06-09 10:55:01,788 - root - INFO - rank 15, data loader initialized
2023-06-09 10:55:01,795 - root - INFO - device: cuda:2
2023-06-09 10:55:01,795 - root - INFO - rank 14, begin data loader init
2023-06-09 10:55:01,796 - root - INFO - device: cuda:1
2023-06-09 10:55:01,796 - root - INFO - device: cuda:0
2023-06-09 10:55:01,796 - root - INFO - rank 13, begin data loader init
2023-06-09 10:55:01,797 - root - INFO - rank 12, begin data loader init
2023-06-09 10:55:01,797 - root - INFO - Getting file stats from ./sample_00/train/2000.h5
2023-06-09 10:55:01,798 - root - INFO - Getting file stats from ./sample_00/train/2000.h5
2023-06-09 10:55:01,799 - root - INFO - Getting file stats from ./sample_00/train/2000.h5
2023-06-09 10:55:01,799 - root - INFO - Number of samples per year: 365
2023-06-09 10:55:01,799 - root - INFO - Found data at path ./sample_00/train. Number of examples: 4015. Image Shape: 720 x 1440 x 30
2023-06-09 10:55:01,799 - root - INFO - Delta t: 1 days
2023-06-09 10:55:01,799 - root - INFO - Including 0 days of past history in training at a frequency of 1 days
2023-06-09 10:55:01,799 - root - INFO - Number of samples per year: 365
2023-06-09 10:55:01,800 - root - INFO - Found data at path ./sample_00/train. Number of examples: 4015. Image Shape: 720 x 1440 x 30
2023-06-09 10:55:01,800 - root - INFO - Delta t: 1 days
2023-06-09 10:55:01,800 - root - INFO - Including 0 days of past history in training at a frequency of 1 days
2023-06-09 10:55:01,800 - root - INFO - Number of samples per year: 365
2023-06-09 10:55:01,800 - root - INFO - Found data at path ./sample_00/train. Number of examples: 4015. Image Shape: 720 x 1440 x 30
2023-06-09 10:55:01,800 - root - INFO - Delta t: 1 days
2023-06-09 10:55:01,800 - root - INFO - Including 0 days of past history in training at a frequency of 1 days
2023-06-09 10:55:01,800 - root - INFO - Getting file stats from ./sample_00/valid/2011.h5
2023-06-09 10:55:01,801 - root - INFO - Getting file stats from ./sample_00/valid/2011.h5
2023-06-09 10:55:01,801 - root - INFO - Number of samples per year: 364
2023-06-09 10:55:01,802 - root - INFO - Found data at path ./sample_00/valid. Number of examples: 364. Image Shape: 720 x 1440 x 30
2023-06-09 10:55:01,802 - root - INFO - Delta t: 1 days
2023-06-09 10:55:01,802 - root - INFO - Getting file stats from ./sample_00/valid/2011.h5
2023-06-09 10:55:01,802 - root - INFO - Including 0 days of past history in training at a frequency of 1 days
2023-06-09 10:55:01,802 - root - INFO - rank 14, data loader initialized
2023-06-09 10:55:01,802 - root - INFO - Number of samples per year: 364
2023-06-09 10:55:01,802 - root - INFO - Found data at path ./sample_00/valid. Number of examples: 364. Image Shape: 720 x 1440 x 30
2023-06-09 10:55:01,802 - root - INFO - Delta t: 1 days
2023-06-09 10:55:01,802 - root - INFO - Including 0 days of past history in training at a frequency of 1 days
2023-06-09 10:55:01,803 - root - INFO - Number of samples per year: 364
2023-06-09 10:55:01,803 - root - INFO - rank 12, data loader initialized
2023-06-09 10:55:01,803 - root - INFO - Found data at path ./sample_00/valid. Number of examples: 364. Image Shape: 720 x 1440 x 30
2023-06-09 10:55:01,803 - root - INFO - Delta t: 1 days
2023-06-09 10:55:01,803 - root - INFO - Including 0 days of past history in training at a frequency of 1 days
2023-06-09 10:55:01,803 - root - INFO - rank 13, data loader initialized
Traceback (most recent call last):
  File "/home/bingxing2/home/scx6115/Ocean_AI_model/train_025_bingxing.py", line 479, in <module>
Traceback (most recent call last):
  File "/home/bingxing2/home/scx6115/Ocean_AI_model/train_025_bingxing.py", line 479, in <module>
Traceback (most recent call last):
  File "/home/bingxing2/home/scx6115/Ocean_AI_model/train_025_bingxing.py", line 479, in <module>
    trainer = Trainer(params, world_rank)
  File "/home/bingxing2/home/scx6115/Ocean_AI_model/train_025_bingxing.py", line 100, in __init__
    trainer = Trainer(params, world_rank)
  File "/home/bingxing2/home/scx6115/Ocean_AI_model/train_025_bingxing.py", line 100, in __init__
    trainer = Trainer(params, world_rank)
  File "/home/bingxing2/home/scx6115/Ocean_AI_model/train_025_bingxing.py", line 100, in __init__
Traceback (most recent call last):
  File "/home/bingxing2/home/scx6115/Ocean_AI_model/train_025_bingxing.py", line 479, in <module>
    self.model = DistributedDataParallel(self.model,
  File "/home/bingxing2/home/scx6115/.conda/envs/torch2.0/lib/python3.10/site-packages/torch/nn/parallel/distributed.py", line 674, in __init__
    self.model = DistributedDataParallel(self.model,
  File "/home/bingxing2/home/scx6115/.conda/envs/torch2.0/lib/python3.10/site-packages/torch/nn/parallel/distributed.py", line 674, in __init__
    self.model = DistributedDataParallel(self.model,
  File "/home/bingxing2/home/scx6115/.conda/envs/torch2.0/lib/python3.10/site-packages/torch/nn/parallel/distributed.py", line 674, in __init__
    trainer = Trainer(params, world_rank)
  File "/home/bingxing2/home/scx6115/Ocean_AI_model/train_025_bingxing.py", line 100, in __init__
    self.model = DistributedDataParallel(self.model,
  File "/home/bingxing2/home/scx6115/.conda/envs/torch2.0/lib/python3.10/site-packages/torch/nn/parallel/distributed.py", line 674, in __init__
        _verify_param_shape_across_processes(self.process_group, parameters)_verify_param_shape_across_processes(self.process_group, parameters)

      File "/home/bingxing2/home/scx6115/.conda/envs/torch2.0/lib/python3.10/site-packages/torch/distributed/utils.py", line 118, in _verify_param_shape_across_processes
_verify_param_shape_across_processes(self.process_group, parameters)  File "/home/bingxing2/home/scx6115/.conda/envs/torch2.0/lib/python3.10/site-packages/torch/distributed/utils.py", line 118, in _verify_param_shape_across_processes
    
_verify_param_shape_across_processes(self.process_group, parameters)
  File "/home/bingxing2/home/scx6115/.conda/envs/torch2.0/lib/python3.10/site-packages/torch/distributed/utils.py", line 118, in _verify_param_shape_across_processes
  File "/home/bingxing2/home/scx6115/.conda/envs/torch2.0/lib/python3.10/site-packages/torch/distributed/utils.py", line 118, in _verify_param_shape_across_processes
    return dist._verify_params_across_processes(process_group, tensors, logger)
    RuntimeErrorreturn dist._verify_params_across_processes(process_group, tensors, logger)    
: return dist._verify_params_across_processes(process_group, tensors, logger)[12] is setting up NCCL communicator and retrieving ncclUniqueId from [0] via c10d key-value store by key '0', but store->get('0') got error: Connection reset by peer. This may indicate a possible application crash on rank 0 or a network set up issue.
RuntimeError
: RuntimeError[13] is setting up NCCL communicator and retrieving ncclUniqueId from [0] via c10d key-value store by key '0', but store->get('0') got error: Connection reset by peer. This may indicate a possible application crash on rank 0 or a network set up issue.: 
[14] is setting up NCCL communicator and retrieving ncclUniqueId from [0] via c10d key-value store by key '0', but store->get('0') got error: Connection reset by peer. This may indicate a possible application crash on rank 0 or a network set up issue.
    return dist._verify_params_across_processes(process_group, tensors, logger)
RuntimeError: [15] is setting up NCCL communicator and retrieving ncclUniqueId from [0] via c10d key-value store by key '0', but store->get('0') got error: Connection reset by peer. This may indicate a possible application crash on rank 0 or a network set up issue.
WARNING:torch.distributed.elastic.multiprocessing.api:Sending process 2178726 closing signal SIGTERM
WARNING:torch.distributed.elastic.multiprocessing.api:Sending process 2178728 closing signal SIGTERM
ERROR:torch.distributed.elastic.multiprocessing.api:failed (exitcode: 1) local_rank: 1 (pid: 2178727) of binary: /home/bingxing2/home/scx6115/.conda/envs/torch2.0/bin/python
Traceback (most recent call last):
  File "/home/bingxing2/home/scx6115/.conda/envs/torch2.0/bin/torchrun", line 8, in <module>
    sys.exit(main())
  File "/home/bingxing2/home/scx6115/.conda/envs/torch2.0/lib/python3.10/site-packages/torch/distributed/elastic/multiprocessing/errors/__init__.py", line 346, in wrapper
    return f(*args, **kwargs)
  File "/home/bingxing2/home/scx6115/.conda/envs/torch2.0/lib/python3.10/site-packages/torch/distributed/run.py", line 794, in main
    run(args)
  File "/home/bingxing2/home/scx6115/.conda/envs/torch2.0/lib/python3.10/site-packages/torch/distributed/run.py", line 785, in run
    elastic_launch(
  File "/home/bingxing2/home/scx6115/.conda/envs/torch2.0/lib/python3.10/site-packages/torch/distributed/launcher/api.py", line 134, in __call__
    return launch_agent(self._config, self._entrypoint, list(args))
  File "/home/bingxing2/home/scx6115/.conda/envs/torch2.0/lib/python3.10/site-packages/torch/distributed/launcher/api.py", line 250, in launch_agent
    raise ChildFailedError(
torch.distributed.elastic.multiprocessing.errors.ChildFailedError: 
============================================================
train_025_bingxing.py FAILED
------------------------------------------------------------
Failures:
[1]:
  time      : 2023-06-09_10:55:24
  host      : paraai-n32-h-01-agent-55.paraai-n32-h-01.com
  rank      : 15 (local_rank: 3)
  exitcode  : 1 (pid: 2178729)
  error_file: <N/A>
  traceback : To enable traceback see: https://pytorch.org/docs/stable/elastic/errors.html
------------------------------------------------------------
Root Cause (first observed failure):
[0]:
  time      : 2023-06-09_10:55:24
  host      : paraai-n32-h-01-agent-55.paraai-n32-h-01.com
  rank      : 13 (local_rank: 1)
  exitcode  : 1 (pid: 2178727)
  error_file: <N/A>
  traceback : To enable traceback see: https://pytorch.org/docs/stable/elastic/errors.html
============================================================
srun: error: paraai-n32-h-01-agent-55: task 0: Exited with exit code 1
