master_addr is only used for static rdzv_backend and when rdzv_endpoint is not specified.
WARNING:torch.distributed.run:
*****************************************
Setting OMP_NUM_THREADS environment variable for each process to be 1 in default, to avoid your system being overloaded, please further tune the variable for optimal performance in your application as needed. 
*****************************************
paraai-n32-h-01-agent-84
0
------------------ Configuration ------------------  /home/bingxing2/home/scx6115/Ocean_AI_model/config/Model.yaml
paraai-n32-h-01-agent-84
0
------------------ Configuration ------------------  /home/bingxing2/home/scx6115/Ocean_AI_model/config/Model.yaml
paraai-n32-h-01-agent-84
0
------------------ Configuration ------------------  /home/bingxing2/home/scx6115/Ocean_AI_model/config/Model.yaml
paraai-n32-h-01-agent-84
0
------------------ Configuration ------------------  /home/bingxing2/home/scx6115/Ocean_AI_model/config/Model.yaml
nettype Masked_AE_fusion
log_to_wandb True
lr 0.001
batch_size 64
max_epochs 100
scheduler CosineAnnealingLR
fusion_3d_2d True
in_chans 31
out_chans 25
in_channels [0, 1, 2, 3, 4, 5, 6, 7, 8, 9, 10, 11, 12, 13, 14, 15, 16, 17, 18, 19, 20, 21, 22, 23, 24, 25, 26, 27, 28, 29]
out_channels [0, 1, 2, 3, 4, 5, 6, 7, 8, 9, 10, 11, 12, 13, 14, 15, 16, 17, 18, 19, 20, 21, 22, 23, 24]
img_size_h 720
img_size_w 1440
patch_size_h 16
patch_size_w 16
patch_size_d 2
mlp_ratio 4.0
in_chans_2d 7
out_chans_2d 1
in_chans_3d 4
out_chans_3d 4
var_depth 6
embed_dim 512
depth 16
num_heads 16
decoder_embed_dim 1024
decoder_depth 8
decoder_num_heads 16
drop_rate 0.0
drop_path_rate 0.0
sparsity_threshold 0.01
hard_thresholding_fraction 1.0
num_blocks 8
loss l2
num_data_workers 0
dt 1
n_history 0
prediction_type iterative
prediction_length 41
n_initial_conditions 5
ics_type default
date_strings ['2018-09-14 00:00:00']
save_raw_forecasts True
save_channel False
masked_acc False
maskpath None
perturb False
add_grid False
N_grid_channels 0
gridtype sinusoidal
roll False
enable_nhwc False
optimizer_type FusedAdam
exp_dir ./exp
patch_size 8
width 56
modes 32
target default
train_data_path /home/bingxing2/home/scx6115/Ocean_AI_model/sample_00/train
valid_data_path /home/bingxing2/home/scx6115/Ocean_AI_model/sample_00/valid
test_data_path /home/bingxing2/home/scx6115/Ocean_AI_model/sample_00/test
land_mask True
land_mask_path /home/bingxing2/home/scx6115/Ocean_AI_model/sample_00/land_mask.h5nettype
normalize  Masked_AE_fusionTrue

normalization zscore
log_to_wandbglobal_mins_path  /home/bingxing2/home/scx6115/Ocean_AI_model/sample_00/train/global_mins.npyTrue

global_maxs_path /home/bingxing2/home/scx6115/Ocean_AI_model/sample_00/train/global_maxs.npy
lrglobal_means_path  /home/bingxing2/home/scx6115/Ocean_AI_model/sample_00/train/global_means.npy
global_stds_path /home/bingxing2/home/scx6115/Ocean_AI_model/sample_00/train/global_stds.npy0.001
orography
 True
batch_sizeorography_norm_zscore_path  /home/bingxing2/home/scx6115/Ocean_AI_model/sample_00/orography_norm_zscore.h564

orography_norm_maxmin_pathmax_epochs  /home/bingxing2/home/scx6115/Ocean_AI_model/sample_00/orography_norm_maxmin.h5
100add_noise
 False
schedulernoise_std  CosineAnnealingLR0

fusion_3d_2dcrop_size_x  NoneTrue

crop_size_y in_chansNone 
31log_to_screen
 True
out_chanssave_checkpoint  25True

plot_animations in_channelsFalse 
[0, 1, 2, 3, 4, 5, 6, 7, 8, 9, 10, 11, 12, 13, 14, 15, 16, 17, 18, 19, 20, 21, 22, 23, 24, 25, 26, 27, 28, 29]
out_channels [0, 1, 2, 3, 4, 5, 6, 7, 8, 9, 10, 11, 12, 13, 14, 15, 16, 17, 18, 19, 20, 21, 22, 23, 24]
img_size_h 720
img_size_w 1440
patch_size_h 16
patch_size_w 16
patch_size_d 2
mlp_ratio ---------------------------------------------------4.0

in_chans_2d 7
out_chans_2d 1
in_chans_3d 4world_size :
 16out_chans_3d
 Initialize distributed process group...4

var_depth 6
embed_dim 512
depth 16
num_heads 16
decoder_embed_dimnettype 1024 
Masked_AE_fusion
decoder_depth 8
decoder_num_headslog_to_wandb 16 
True
drop_rate lr0.0 
drop_path_rate0.001 
0.0
batch_sizesparsity_threshold  640.01

max_epochs hard_thresholding_fraction 1001.0

schedulernum_blocks  CosineAnnealingLR8

lossfusion_3d_2d  l2True

num_data_workersin_chans  031

dt out_chans1 
25
n_history in_channels0 
prediction_type iterative
prediction_length[0, 1, 2, 3, 4, 5, 6, 7, 8, 9, 10, 11, 12, 13, 14, 15, 16, 17, 18, 19, 20, 21, 22, 23, 24, 25, 26, 27, 28, 29] 
41
n_initial_conditionsout_channels  5
[0, 1, 2, 3, 4, 5, 6, 7, 8, 9, 10, 11, 12, 13, 14, 15, 16, 17, 18, 19, 20, 21, 22, 23, 24]ics_type
 default
img_size_h date_strings720 
['2018-09-14 00:00:00']img_size_w
 1440
save_raw_forecasts patch_size_hTrue 
16
save_channel patch_size_wFalse 
16
masked_acc patch_size_d False2

maskpathmlp_ratio  None
4.0
perturb in_chans_2dFalse 
7
add_grid Falseout_chans_2d
 1N_grid_channels
 0
in_chans_3d gridtype4 
sinusoidal
out_chans_3d roll4 
False
var_depth enable_nhwc6 
False
embed_dim 512optimizer_type
 FusedAdamdepth
 16exp_dir
 ./expnum_heads
 patch_size16 
8
decoder_embed_dim 1024width
 56decoder_depth
 8modes
 32decoder_num_heads
 16target
 defaultdrop_rate
 0.0train_data_path
 /home/bingxing2/home/scx6115/Ocean_AI_model/sample_00/traindrop_path_rate
 0.0
valid_data_path /home/bingxing2/home/scx6115/Ocean_AI_model/sample_00/validsparsity_threshold
 test_data_path0.01 
/home/bingxing2/home/scx6115/Ocean_AI_model/sample_00/test
hard_thresholding_fractionland_mask  1.0True

num_blocksland_mask_path  8/home/bingxing2/home/scx6115/Ocean_AI_model/sample_00/land_mask.h5

lossnormalize  l2True

num_data_workersnormalization  0zscore

dtglobal_mins_path  1/home/bingxing2/home/scx6115/Ocean_AI_model/sample_00/train/global_mins.npy

n_historyglobal_maxs_path  0/home/bingxing2/home/scx6115/Ocean_AI_model/sample_00/train/global_maxs.npy

prediction_typeglobal_means_path  iterative/home/bingxing2/home/scx6115/Ocean_AI_model/sample_00/train/global_means.npy

prediction_lengthglobal_stds_path  41/home/bingxing2/home/scx6115/Ocean_AI_model/sample_00/train/global_stds.npy

n_initial_conditionsorography  5True

orography_norm_zscore_pathics_type  /home/bingxing2/home/scx6115/Ocean_AI_model/sample_00/orography_norm_zscore.h5default

orography_norm_maxmin_pathdate_strings  /home/bingxing2/home/scx6115/Ocean_AI_model/sample_00/orography_norm_maxmin.h5
['2018-09-14 00:00:00']
add_noise Falsesave_raw_forecasts
 Truenoise_std
 0
save_channelcrop_size_x  FalseNone

masked_acccrop_size_y  FalseNone

maskpathlog_to_screen  NoneTrue

perturbsave_checkpoint  FalseTrue

add_gridplot_animations  FalseFalse

N_grid_channels 0
gridtype sinusoidal
roll False
enable_nhwc False
optimizer_type FusedAdam
exp_dir ./exp
patch_size 8
width 56
modes 32
target default
train_data_path /home/bingxing2/home/scx6115/Ocean_AI_model/sample_00/train
valid_data_path--------------------------------------------------- 
/home/bingxing2/home/scx6115/Ocean_AI_model/sample_00/valid
test_data_path /home/bingxing2/home/scx6115/Ocean_AI_model/sample_00/test
land_mask True
land_mask_path /home/bingxing2/home/scx6115/Ocean_AI_model/sample_00/land_mask.h5
normalize True
world_size :normalization  16zscore

Initialize distributed process group...
global_mins_path /home/bingxing2/home/scx6115/Ocean_AI_model/sample_00/train/global_mins.npy
global_maxs_path /home/bingxing2/home/scx6115/Ocean_AI_model/sample_00/train/global_maxs.npy
global_means_path /home/bingxing2/home/scx6115/Ocean_AI_model/sample_00/train/global_means.npy
global_stds_path /home/bingxing2/home/scx6115/Ocean_AI_model/sample_00/train/global_stds.npy
orography True
orography_norm_zscore_path /home/bingxing2/home/scx6115/Ocean_AI_model/sample_00/orography_norm_zscore.h5
orography_norm_maxmin_path /home/bingxing2/home/scx6115/Ocean_AI_model/sample_00/orography_norm_maxmin.h5
add_noise False
noise_std 0
crop_size_x None
crop_size_y None
log_to_screen True
save_checkpoint True
plot_animations False
---------------------------------------------------
world_size : 16
Initialize distributed process group...
nettype Masked_AE_fusion
log_to_wandb True
lr 0.001
batch_size 64
max_epochs 100
scheduler CosineAnnealingLR
fusion_3d_2d True
in_chans 31
out_chans 25
in_channels [0, 1, 2, 3, 4, 5, 6, 7, 8, 9, 10, 11, 12, 13, 14, 15, 16, 17, 18, 19, 20, 21, 22, 23, 24, 25, 26, 27, 28, 29]
out_channels [0, 1, 2, 3, 4, 5, 6, 7, 8, 9, 10, 11, 12, 13, 14, 15, 16, 17, 18, 19, 20, 21, 22, 23, 24]
img_size_h 720
img_size_w 1440
patch_size_h 16
patch_size_w 16
patch_size_d 2
mlp_ratio 4.0
in_chans_2d 7
out_chans_2d 1
in_chans_3d 4
out_chans_3d 4
var_depth 6
embed_dim 512
depth 16
num_heads 16
decoder_embed_dim 1024
decoder_depth 8
decoder_num_heads 16
drop_rate 0.0
drop_path_rate 0.0
sparsity_threshold 0.01
hard_thresholding_fraction 1.0
num_blocks 8
loss l2
num_data_workers 0
dt 1
n_history 0
prediction_type iterative
prediction_length 41
n_initial_conditions 5
ics_type default
date_strings ['2018-09-14 00:00:00']
save_raw_forecasts True
save_channel False
masked_acc False
maskpath None
perturb False
add_grid False
N_grid_channels 0
gridtype sinusoidal
roll False
enable_nhwc False
optimizer_type FusedAdam
exp_dir ./exp
patch_size 8
width 56
modes 32
target default
train_data_path /home/bingxing2/home/scx6115/Ocean_AI_model/sample_00/train
valid_data_path /home/bingxing2/home/scx6115/Ocean_AI_model/sample_00/valid
test_data_path /home/bingxing2/home/scx6115/Ocean_AI_model/sample_00/test
land_mask True
land_mask_path /home/bingxing2/home/scx6115/Ocean_AI_model/sample_00/land_mask.h5
normalize True
normalization zscore
global_mins_path /home/bingxing2/home/scx6115/Ocean_AI_model/sample_00/train/global_mins.npy
global_maxs_path /home/bingxing2/home/scx6115/Ocean_AI_model/sample_00/train/global_maxs.npy
global_means_path /home/bingxing2/home/scx6115/Ocean_AI_model/sample_00/train/global_means.npy
global_stds_path /home/bingxing2/home/scx6115/Ocean_AI_model/sample_00/train/global_stds.npy
orography True
orography_norm_zscore_path /home/bingxing2/home/scx6115/Ocean_AI_model/sample_00/orography_norm_zscore.h5
orography_norm_maxmin_path /home/bingxing2/home/scx6115/Ocean_AI_model/sample_00/orography_norm_maxmin.h5
add_noise False
noise_std 0
crop_size_x None
crop_size_y None
log_to_screen True
save_checkpoint True
plot_animations False
---------------------------------------------------
world_size : 16
Initialize distributed process group...
2023-06-13 17:51:12,475 - torch.distributed.distributed_c10d - INFO - Added key: store_based_barrier_key:1 to store for rank: 10
2023-06-13 17:51:12,476 - torch.distributed.distributed_c10d - INFO - Added key: store_based_barrier_key:1 to store for rank: 9
2023-06-13 17:51:12,476 - torch.distributed.distributed_c10d - INFO - Added key: store_based_barrier_key:1 to store for rank: 11
2023-06-13 17:51:12,482 - torch.distributed.distributed_c10d - INFO - Added key: store_based_barrier_key:1 to store for rank: 8
2023-06-13 17:51:12,486 - torch.distributed.distributed_c10d - INFO - Rank 10: Completed store-based barrier for key:store_based_barrier_key:1 with 16 nodes.
2023-06-13 17:51:12,486 - torch.distributed.distributed_c10d - INFO - Rank 9: Completed store-based barrier for key:store_based_barrier_key:1 with 16 nodes.
2023-06-13 17:51:12,487 - torch.distributed.distributed_c10d - INFO - Rank 11: Completed store-based barrier for key:store_based_barrier_key:1 with 16 nodes.
2023-06-13 17:51:12,493 - torch.distributed.distributed_c10d - INFO - Rank 8: Completed store-based barrier for key:store_based_barrier_key:1 with 16 nodes.
2023-06-13 17:51:12,542 - root - INFO - device: cuda:2
2023-06-13 17:51:12,542 - root - INFO - rank 10, begin data loader init
2023-06-13 17:51:12,548 - root - INFO - device: cuda:3
2023-06-13 17:51:12,548 - root - INFO - rank 11, begin data loader init
2023-06-13 17:51:12,550 - root - INFO - device: cuda:1
2023-06-13 17:51:12,550 - root - INFO - rank 9, begin data loader init
2023-06-13 17:51:12,551 - root - INFO - device: cuda:0
2023-06-13 17:51:12,551 - root - INFO - rank 8, begin data loader init
2023-06-13 17:51:12,584 - root - INFO - Getting file stats from /home/bingxing2/home/scx6115/Ocean_AI_model/sample_00/train/2000.h5
2023-06-13 17:51:12,584 - root - INFO - Getting file stats from /home/bingxing2/home/scx6115/Ocean_AI_model/sample_00/train/2000.h5
2023-06-13 17:51:12,584 - root - INFO - Getting file stats from /home/bingxing2/home/scx6115/Ocean_AI_model/sample_00/train/2000.h5
2023-06-13 17:51:12,584 - root - INFO - Getting file stats from /home/bingxing2/home/scx6115/Ocean_AI_model/sample_00/train/2000.h5
2023-06-13 17:51:12,585 - root - INFO - Number of samples per year: 365
2023-06-13 17:51:12,585 - root - INFO - Found data at path /home/bingxing2/home/scx6115/Ocean_AI_model/sample_00/train. Number of examples: 4015. Image Shape: 720 x 1440 x 30
2023-06-13 17:51:12,585 - root - INFO - Number of samples per year: 365
2023-06-13 17:51:12,585 - root - INFO - Delta t: 1 days
2023-06-13 17:51:12,585 - root - INFO - Number of samples per year: 365
2023-06-13 17:51:12,585 - root - INFO - Number of samples per year: 365
2023-06-13 17:51:12,585 - root - INFO - Including 0 days of past history in training at a frequency of 1 days
2023-06-13 17:51:12,585 - root - INFO - Found data at path /home/bingxing2/home/scx6115/Ocean_AI_model/sample_00/train. Number of examples: 4015. Image Shape: 720 x 1440 x 30
2023-06-13 17:51:12,585 - root - INFO - Found data at path /home/bingxing2/home/scx6115/Ocean_AI_model/sample_00/train. Number of examples: 4015. Image Shape: 720 x 1440 x 30
2023-06-13 17:51:12,586 - root - INFO - Delta t: 1 days
2023-06-13 17:51:12,586 - root - INFO - Found data at path /home/bingxing2/home/scx6115/Ocean_AI_model/sample_00/train. Number of examples: 4015. Image Shape: 720 x 1440 x 30
2023-06-13 17:51:12,586 - root - INFO - Delta t: 1 days
2023-06-13 17:51:12,586 - root - INFO - Including 0 days of past history in training at a frequency of 1 days
2023-06-13 17:51:12,586 - root - INFO - Delta t: 1 days
2023-06-13 17:51:12,586 - root - INFO - Including 0 days of past history in training at a frequency of 1 days
2023-06-13 17:51:12,586 - root - INFO - Including 0 days of past history in training at a frequency of 1 days
2023-06-13 17:51:12,592 - root - INFO - Getting file stats from /home/bingxing2/home/scx6115/Ocean_AI_model/sample_00/valid/2011.h5
2023-06-13 17:51:12,592 - root - INFO - Getting file stats from /home/bingxing2/home/scx6115/Ocean_AI_model/sample_00/valid/2011.h5
2023-06-13 17:51:12,592 - root - INFO - Getting file stats from /home/bingxing2/home/scx6115/Ocean_AI_model/sample_00/valid/2011.h5
2023-06-13 17:51:12,592 - root - INFO - Getting file stats from /home/bingxing2/home/scx6115/Ocean_AI_model/sample_00/valid/2011.h5
2023-06-13 17:51:12,593 - root - INFO - Number of samples per year: 364
2023-06-13 17:51:12,593 - root - INFO - Found data at path /home/bingxing2/home/scx6115/Ocean_AI_model/sample_00/valid. Number of examples: 364. Image Shape: 720 x 1440 x 30
2023-06-13 17:51:12,593 - root - INFO - Delta t: 1 days
2023-06-13 17:51:12,593 - root - INFO - Number of samples per year: 364
2023-06-13 17:51:12,593 - root - INFO - Including 0 days of past history in training at a frequency of 1 days
2023-06-13 17:51:12,593 - root - INFO - Number of samples per year: 364
2023-06-13 17:51:12,594 - root - INFO - Found data at path /home/bingxing2/home/scx6115/Ocean_AI_model/sample_00/valid. Number of examples: 364. Image Shape: 720 x 1440 x 30
2023-06-13 17:51:12,594 - root - INFO - Found data at path /home/bingxing2/home/scx6115/Ocean_AI_model/sample_00/valid. Number of examples: 364. Image Shape: 720 x 1440 x 30
2023-06-13 17:51:12,594 - root - INFO - Delta t: 1 days
2023-06-13 17:51:12,594 - root - INFO - Including 0 days of past history in training at a frequency of 1 days
2023-06-13 17:51:12,594 - root - INFO - Delta t: 1 days
2023-06-13 17:51:12,594 - root - INFO - Including 0 days of past history in training at a frequency of 1 days
Traceback (most recent call last):
  File "/home/bingxing2/home/scx6115/Ocean_AI_model/train_025_bingxing.py", line 487, in <module>
2023-06-13 17:51:12,594 - root - INFO - Number of samples per year: 364
2023-06-13 17:51:12,594 - root - INFO - Found data at path /home/bingxing2/home/scx6115/Ocean_AI_model/sample_00/valid. Number of examples: 364. Image Shape: 720 x 1440 x 30
2023-06-13 17:51:12,594 - root - INFO - Delta t: 1 days
2023-06-13 17:51:12,594 - root - INFO - Including 0 days of past history in training at a frequency of 1 days
Traceback (most recent call last):
  File "/home/bingxing2/home/scx6115/Ocean_AI_model/train_025_bingxing.py", line 487, in <module>
Traceback (most recent call last):
  File "/home/bingxing2/home/scx6115/Ocean_AI_model/train_025_bingxing.py", line 487, in <module>
Traceback (most recent call last):
  File "/home/bingxing2/home/scx6115/Ocean_AI_model/train_025_bingxing.py", line 487, in <module>
    trainer = Trainer(params, world_rank)
  File "/home/bingxing2/home/scx6115/Ocean_AI_model/train_025_bingxing.py", line 69, in __init__
    trainer = Trainer(params, world_rank)
  File "/home/bingxing2/home/scx6115/Ocean_AI_model/train_025_bingxing.py", line 69, in __init__
    trainer = Trainer(params, world_rank)
  File "/home/bingxing2/home/scx6115/Ocean_AI_model/train_025_bingxing.py", line 69, in __init__
    self.valid_data_loader, self.valid_dataset = get_data_loader(params, params.valid_data_path,
ValueError: too many values to unpack (expected 2)
    self.valid_data_loader, self.valid_dataset = get_data_loader(params, params.valid_data_path,
ValueError: too many values to unpack (expected 2)
    trainer = Trainer(params, world_rank)
  File "/home/bingxing2/home/scx6115/Ocean_AI_model/train_025_bingxing.py", line 69, in __init__
    self.valid_data_loader, self.valid_dataset = get_data_loader(params, params.valid_data_path,
ValueError: too many values to unpack (expected 2)
    self.valid_data_loader, self.valid_dataset = get_data_loader(params, params.valid_data_path,
ValueError: too many values to unpack (expected 2)
ERROR:torch.distributed.elastic.multiprocessing.api:failed (exitcode: 1) local_rank: 0 (pid: 2780828) of binary: /home/bingxing2/home/scx6115/.conda/envs/torch2.0/bin/python
Traceback (most recent call last):
  File "/home/bingxing2/home/scx6115/.conda/envs/torch2.0/bin/torchrun", line 8, in <module>
    sys.exit(main())
  File "/home/bingxing2/home/scx6115/.conda/envs/torch2.0/lib/python3.10/site-packages/torch/distributed/elastic/multiprocessing/errors/__init__.py", line 346, in wrapper
    return f(*args, **kwargs)
  File "/home/bingxing2/home/scx6115/.conda/envs/torch2.0/lib/python3.10/site-packages/torch/distributed/run.py", line 794, in main
    run(args)
  File "/home/bingxing2/home/scx6115/.conda/envs/torch2.0/lib/python3.10/site-packages/torch/distributed/run.py", line 785, in run
    elastic_launch(
  File "/home/bingxing2/home/scx6115/.conda/envs/torch2.0/lib/python3.10/site-packages/torch/distributed/launcher/api.py", line 134, in __call__
    return launch_agent(self._config, self._entrypoint, list(args))
  File "/home/bingxing2/home/scx6115/.conda/envs/torch2.0/lib/python3.10/site-packages/torch/distributed/launcher/api.py", line 250, in launch_agent
    raise ChildFailedError(
torch.distributed.elastic.multiprocessing.errors.ChildFailedError: 
============================================================
train_025_bingxing.py FAILED
------------------------------------------------------------
Failures:
[1]:
  time      : 2023-06-13_17:51:15
  host      : paraai-n32-h-01-agent-84.paraai-n32-h-01.com
  rank      : 9 (local_rank: 1)
  exitcode  : 1 (pid: 2780829)
  error_file: <N/A>
  traceback : To enable traceback see: https://pytorch.org/docs/stable/elastic/errors.html
[2]:
  time      : 2023-06-13_17:51:15
  host      : paraai-n32-h-01-agent-84.paraai-n32-h-01.com
  rank      : 10 (local_rank: 2)
  exitcode  : 1 (pid: 2780830)
  error_file: <N/A>
  traceback : To enable traceback see: https://pytorch.org/docs/stable/elastic/errors.html
[3]:
  time      : 2023-06-13_17:51:15
  host      : paraai-n32-h-01-agent-84.paraai-n32-h-01.com
  rank      : 11 (local_rank: 3)
  exitcode  : 1 (pid: 2780831)
  error_file: <N/A>
  traceback : To enable traceback see: https://pytorch.org/docs/stable/elastic/errors.html
------------------------------------------------------------
Root Cause (first observed failure):
[0]:
  time      : 2023-06-13_17:51:15
  host      : paraai-n32-h-01-agent-84.paraai-n32-h-01.com
  rank      : 8 (local_rank: 0)
  exitcode  : 1 (pid: 2780828)
  error_file: <N/A>
  traceback : To enable traceback see: https://pytorch.org/docs/stable/elastic/errors.html
============================================================
srun: error: paraai-n32-h-01-agent-84: task 0: Exited with exit code 1
