master_addr is only used for static rdzv_backend and when rdzv_endpoint is not specified.
WARNING:torch.distributed.run:
*****************************************
Setting OMP_NUM_THREADS environment variable for each process to be 1 in default, to avoid your system being overloaded, please further tune the variable for optimal performance in your application as needed. 
*****************************************
paraai-n32-h-01-agent-56
0
------------------ Configuration ------------------  /home/bingxing2/home/scx6115/Ocean_AI_model/config/Model.yaml
paraai-n32-h-01-agent-56
0
------------------ Configuration ------------------  /home/bingxing2/home/scx6115/Ocean_AI_model/config/Model.yaml
paraai-n32-h-01-agent-56
0
------------------ Configuration ------------------  /home/bingxing2/home/scx6115/Ocean_AI_model/config/Model.yaml
paraai-n32-h-01-agent-56
0
------------------ Configuration ------------------  /home/bingxing2/home/scx6115/Ocean_AI_model/config/Model.yaml
nettype Masked_AE_fusion
log_to_wandb True
lr 0.001
batch_size 32
max_epochs 100
scheduler CosineAnnealingLR
fusion_3d_2d True
in_chans 31
out_chans 25
in_channels [0, 1, 2, 3, 4, 5, 6, 7, 8, 9, 10, 11, 12, 13, 14, 15, 16, 17, 18, 19, 20, 21, 22, 23, 24, 25, 26, 27, 28, 29]
out_channels [0, 1, 2, 3, 4, 5, 6, 7, 8, 9, 10, 11, 12, 13, 14, 15, 16, 17, 18, 19, 20, 21, 22, 23, 24]
img_size_h 720
img_size_w 1440
patch_size_h 16
patch_size_w 16
patch_size_d 2
nettypemlp_ratio  Masked_AE_fusion4.0

log_to_wandbin_chans_2d  True7

lrout_chans_2d  0.0011

batch_sizein_chans_3d  324

max_epochsout_chans_3dnettype   1004Masked_AE_fusion


schedulervar_depthlog_to_wandb   CosineAnnealingLR6True


fusion_3d_2dembed_dimlr   True5120.001


in_chansdepthbatch_size   311632


out_chansnum_headsmax_epochs   2516100


in_channelsdecoder_embed_dimscheduler   [0, 1, 2, 3, 4, 5, 6, 7, 8, 9, 10, 11, 12, 13, 14, 15, 16, 17, 18, 19, 20, 21, 22, 23, 24, 25, 26, 27, 28, 29]1024CosineAnnealingLR


out_channelsdecoder_depthfusion_3d_2d   [0, 1, 2, 3, 4, 5, 6, 7, 8, 9, 10, 11, 12, 13, 14, 15, 16, 17, 18, 19, 20, 21, 22, 23, 24]8True


img_size_hdecoder_num_headsin_chans   7201631


img_size_w drop_rateout_chans1440  
0.025patch_size_h

 drop_path_ratein_channels16  
0.0[0, 1, 2, 3, 4, 5, 6, 7, 8, 9, 10, 11, 12, 13, 14, 15, 16, 17, 18, 19, 20, 21, 22, 23, 24, 25, 26, 27, 28, 29]patch_size_w

 sparsity_thresholdout_channels16  
0.01[0, 1, 2, 3, 4, 5, 6, 7, 8, 9, 10, 11, 12, 13, 14, 15, 16, 17, 18, 19, 20, 21, 22, 23, 24]patch_size_d

 hard_thresholding_fractionimg_size_h2  
1.0720mlp_ratio

 num_blocksimg_size_w4.0  
81440in_chans_2d

 losspatch_size_h7  
l216out_chans_2d

 num_data_workerspatch_size_w1  
016in_chans_3d

 dtpatch_size_d4  
12out_chans_3d

 n_historymlp_ratio4  
04.0var_depth

 prediction_typein_chans_2d6  
iterative7embed_dim

 prediction_lengthout_chans_2d512  
411depth

 n_initial_conditionsin_chans_3d16  
54num_heads

 ics_typeout_chans_3d16  
default4decoder_embed_dim

 date_stringsvar_depth1024  
['2018-09-14 00:00:00']6decoder_depth

 save_raw_forecastsembed_dim8  
True512decoder_num_heads

 save_channeldepth16  
False16drop_rate

nettype masked_accnum_heads 0.0  Masked_AE_fusion
False16
drop_path_rate

log_to_wandb maskpathdecoder_embed_dim 0.0  True
None1024
sparsity_threshold

lr perturbdecoder_depth 0.01  0.001
False8
hard_thresholding_fraction

batch_size add_griddecoder_num_heads 1.0  32
False16
num_blocks

max_epochs N_grid_channelsdrop_rate 8  100
00.0
loss

scheduler gridtypedrop_path_rate l2  CosineAnnealingLR
sinusoidal0.0
num_data_workers

fusion_3d_2d rollsparsity_threshold 0  True
False0.01
dt

in_chans enable_nhwchard_thresholding_fraction 1  31
False1.0
n_history

out_chans optimizer_typenum_blocks 0  25
FusedAdam8
prediction_type

in_channels exp_dirloss iterative  [0, 1, 2, 3, 4, 5, 6, 7, 8, 9, 10, 11, 12, 13, 14, 15, 16, 17, 18, 19, 20, 21, 22, 23, 24, 25, 26, 27, 28, 29]
./expl2
prediction_length

out_channels patch_sizenum_data_workers 41  [0, 1, 2, 3, 4, 5, 6, 7, 8, 9, 10, 11, 12, 13, 14, 15, 16, 17, 18, 19, 20, 21, 22, 23, 24]
80
n_initial_conditions

img_size_h widthdt 5  720
561
ics_type

img_size_w modesn_history default  1440
320
date_strings

patch_size_h targetprediction_type ['2018-09-14 00:00:00']  16
defaultiterative
save_raw_forecasts

patch_size_w train_data_pathprediction_length True  16
/home/bingxing2/home/scx6115/Ocean_AI_model/sample_00/train41
save_channel

patch_size_d valid_data_pathn_initial_conditions False  2
/home/bingxing2/home/scx6115/Ocean_AI_model/sample_00/valid5
masked_acc

mlp_ratio test_data_pathics_type False  4.0
/home/bingxing2/home/scx6115/Ocean_AI_model/sample_00/testdefault
maskpath

in_chans_2d land_maskdate_strings None  7
True['2018-09-14 00:00:00']
perturb

out_chans_2d land_mask_pathsave_raw_forecasts False  1
/home/bingxing2/home/scx6115/Ocean_AI_model/sample_00/land_mask.h5True
add_grid

in_chans_3d normalizesave_channel False  4
TrueFalse
N_grid_channels

out_chans_3d normalizationmasked_acc 0  4
zscoreFalse
gridtype

var_depth global_mins_pathmaskpath sinusoidal  6
/home/bingxing2/home/scx6115/Ocean_AI_model/sample_00/train/global_mins.npyNone
roll

embed_dim global_maxs_pathperturb False  512
/home/bingxing2/home/scx6115/Ocean_AI_model/sample_00/train/global_maxs.npyFalse
enable_nhwc

depth global_means_pathadd_grid False  16
/home/bingxing2/home/scx6115/Ocean_AI_model/sample_00/train/global_means.npyFalse
optimizer_type

num_heads global_stds_pathN_grid_channels FusedAdam  16
/home/bingxing2/home/scx6115/Ocean_AI_model/sample_00/train/global_stds.npy0
exp_dir

decoder_embed_dim orographygridtype ./exp  1024
Truesinusoidal
patch_size

decoder_depth orography_norm_zscore_pathroll 8  8
/home/bingxing2/home/scx6115/Ocean_AI_model/sample_00/orography_norm_zscore.h5False
width

decoder_num_heads orography_norm_maxmin_pathenable_nhwc 56  16
/home/bingxing2/home/scx6115/Ocean_AI_model/sample_00/orography_norm_maxmin.h5False
modes

drop_rate add_noiseoptimizer_type 32  0.0
FalseFusedAdam
target

drop_path_rate noise_stdexp_dir default  0.0
0./exp
train_data_path

sparsity_threshold crop_size_xpatch_size /home/bingxing2/home/scx6115/Ocean_AI_model/sample_00/train  0.01
None8
valid_data_path

hard_thresholding_fraction crop_size_ywidth /home/bingxing2/home/scx6115/Ocean_AI_model/sample_00/valid  1.0
None56
test_data_path

num_blocks log_to_screenmodes /home/bingxing2/home/scx6115/Ocean_AI_model/sample_00/test  8
True32
land_mask

loss save_checkpointtarget True  l2
Truedefault
land_mask_path

num_data_workers plot_animationstrain_data_path /home/bingxing2/home/scx6115/Ocean_AI_model/sample_00/land_mask.h5  0
False/home/bingxing2/home/scx6115/Ocean_AI_model/sample_00/train
normalize

dt valid_data_path True--------------------------------------------------- 1

/home/bingxing2/home/scx6115/Ocean_AI_model/sample_00/valid
normalization
world_size :n_history test_data_path  zscore 160
/home/bingxing2/home/scx6115/Ocean_AI_model/sample_00/test

global_mins_path
Initialize distributed process group...prediction_type  iterativeland_mask/home/bingxing2/home/scx6115/Ocean_AI_model/sample_00/train/global_mins.npy

 
prediction_lengthTrueglobal_maxs_path 
 41land_mask_path/home/bingxing2/home/scx6115/Ocean_AI_model/sample_00/train/global_maxs.npy
 
n_initial_conditions/home/bingxing2/home/scx6115/Ocean_AI_model/sample_00/land_mask.h5global_means_path 
 5normalize/home/bingxing2/home/scx6115/Ocean_AI_model/sample_00/train/global_means.npy
 
ics_typeTrueglobal_stds_path 
 defaultnormalization/home/bingxing2/home/scx6115/Ocean_AI_model/sample_00/train/global_stds.npy
 
date_stringszscoreorography 
 ['2018-09-14 00:00:00']global_mins_pathTrue
 
save_raw_forecasts/home/bingxing2/home/scx6115/Ocean_AI_model/sample_00/train/global_mins.npyorography_norm_zscore_path 
 Trueglobal_maxs_path/home/bingxing2/home/scx6115/Ocean_AI_model/sample_00/orography_norm_zscore.h5
 
save_channel/home/bingxing2/home/scx6115/Ocean_AI_model/sample_00/train/global_maxs.npyorography_norm_maxmin_path 
 Falseglobal_means_path/home/bingxing2/home/scx6115/Ocean_AI_model/sample_00/orography_norm_maxmin.h5
 
masked_acc/home/bingxing2/home/scx6115/Ocean_AI_model/sample_00/train/global_means.npyadd_noise 
 Falseglobal_stds_pathFalse
 
maskpath/home/bingxing2/home/scx6115/Ocean_AI_model/sample_00/train/global_stds.npynoise_std 
 Noneorography0
 
perturbTruecrop_size_x 
 Falseorography_norm_zscore_pathNone
 
add_grid/home/bingxing2/home/scx6115/Ocean_AI_model/sample_00/orography_norm_zscore.h5crop_size_y 
 Falseorography_norm_maxmin_pathNone
 
N_grid_channels/home/bingxing2/home/scx6115/Ocean_AI_model/sample_00/orography_norm_maxmin.h5log_to_screen 
 0add_noiseTrue
 
gridtypeFalsesave_checkpoint 
 sinusoidalnoise_stdTrue
 
roll0plot_animations 
 Falsecrop_size_xFalse
 
enable_nhwcNone 
False---------------------------------------------------crop_size_y

 optimizer_typeworld_size :None  
FusedAdam16log_to_screen

 exp_dirInitialize distributed process group...True 

./expsave_checkpoint
 patch_sizeTrue 
8plot_animations
 widthFalse 
56
modes 32
---------------------------------------------------target
 defaultworld_size :
 train_data_path16 
/home/bingxing2/home/scx6115/Ocean_AI_model/sample_00/trainInitialize distributed process group...

valid_data_path /home/bingxing2/home/scx6115/Ocean_AI_model/sample_00/valid
test_data_path /home/bingxing2/home/scx6115/Ocean_AI_model/sample_00/test
land_mask True
land_mask_path /home/bingxing2/home/scx6115/Ocean_AI_model/sample_00/land_mask.h5
normalize True
normalization zscore
global_mins_path /home/bingxing2/home/scx6115/Ocean_AI_model/sample_00/train/global_mins.npy
global_maxs_path /home/bingxing2/home/scx6115/Ocean_AI_model/sample_00/train/global_maxs.npy
global_means_path /home/bingxing2/home/scx6115/Ocean_AI_model/sample_00/train/global_means.npy
global_stds_path /home/bingxing2/home/scx6115/Ocean_AI_model/sample_00/train/global_stds.npy
orography True
orography_norm_zscore_path /home/bingxing2/home/scx6115/Ocean_AI_model/sample_00/orography_norm_zscore.h5
orography_norm_maxmin_path /home/bingxing2/home/scx6115/Ocean_AI_model/sample_00/orography_norm_maxmin.h5
add_noise False
noise_std 0
crop_size_x None
crop_size_y None
log_to_screen True
save_checkpoint True
plot_animations False
---------------------------------------------------
world_size : 16
Initialize distributed process group...
2023-06-13 20:38:39,985 - torch.distributed.distributed_c10d - INFO - Added key: store_based_barrier_key:1 to store for rank: 2
2023-06-13 20:38:39,986 - torch.distributed.distributed_c10d - INFO - Added key: store_based_barrier_key:1 to store for rank: 1
2023-06-13 20:38:40,983 - torch.distributed.distributed_c10d - INFO - Added key: store_based_barrier_key:1 to store for rank: 3
2023-06-13 20:38:40,984 - torch.distributed.distributed_c10d - INFO - Added key: store_based_barrier_key:1 to store for rank: 0
2023-06-13 20:38:40,984 - torch.distributed.distributed_c10d - INFO - Rank 0: Completed store-based barrier for key:store_based_barrier_key:1 with 16 nodes.
2023-06-13 20:38:40,984 - torch.distributed.distributed_c10d - INFO - Rank 2: Completed store-based barrier for key:store_based_barrier_key:1 with 16 nodes.
2023-06-13 20:38:40,985 - torch.distributed.distributed_c10d - INFO - Rank 1: Completed store-based barrier for key:store_based_barrier_key:1 with 16 nodes.
2023-06-13 20:38:40,993 - torch.distributed.distributed_c10d - INFO - Rank 3: Completed store-based barrier for key:store_based_barrier_key:1 with 16 nodes.
2023-06-13 20:38:41,068 - root - INFO - device: cuda:2
2023-06-13 20:38:41,068 - root - INFO - rank 2, begin data loader init
2023-06-13 20:38:41,069 - root - INFO - device: cuda:1
2023-06-13 20:38:41,070 - root - INFO - rank 1, begin data loader init
2023-06-13 20:38:41,073 - root - INFO - device: cuda:3
2023-06-13 20:38:41,073 - root - INFO - rank 3, begin data loader init
2023-06-13 20:38:41,077 - root - INFO - Getting file stats from /home/bingxing2/home/scx6115/Ocean_AI_model/sample_00/train/2000.h5
2023-06-13 20:38:41,077 - root - INFO - Getting file stats from /home/bingxing2/home/scx6115/Ocean_AI_model/sample_00/train/2000.h5
2023-06-13 20:38:41,077 - root - INFO - Getting file stats from /home/bingxing2/home/scx6115/Ocean_AI_model/sample_00/train/2000.h5
2023-06-13 20:38:41,078 - root - INFO - Number of samples per year: 365
2023-06-13 20:38:41,079 - root - INFO - Found data at path /home/bingxing2/home/scx6115/Ocean_AI_model/sample_00/train. Number of examples: 4015. Image Shape: 720 x 1440 x 30
2023-06-13 20:38:41,079 - root - INFO - Number of samples per year: 365
2023-06-13 20:38:41,079 - root - INFO - Delta t: 1 days
2023-06-13 20:38:41,079 - root - INFO - Number of samples per year: 365
2023-06-13 20:38:41,079 - root - INFO - Found data at path /home/bingxing2/home/scx6115/Ocean_AI_model/sample_00/train. Number of examples: 4015. Image Shape: 720 x 1440 x 30
2023-06-13 20:38:41,079 - root - INFO - Including 0 days of past history in training at a frequency of 1 days
2023-06-13 20:38:41,079 - root - INFO - Found data at path /home/bingxing2/home/scx6115/Ocean_AI_model/sample_00/train. Number of examples: 4015. Image Shape: 720 x 1440 x 30
2023-06-13 20:38:41,079 - root - INFO - Delta t: 1 days
2023-06-13 20:38:41,079 - root - INFO - Delta t: 1 days
2023-06-13 20:38:41,079 - root - INFO - Including 0 days of past history in training at a frequency of 1 days
2023-06-13 20:38:41,079 - root - INFO - Including 0 days of past history in training at a frequency of 1 days
2023-06-13 20:38:41,117 - root - INFO - ------------------ Configuration ------------------
2023-06-13 20:38:41,117 - root - INFO - Configuration file: /home/bingxing2/home/scx6115/Ocean_AI_model/config/Model.yaml
2023-06-13 20:38:41,117 - root - INFO - Configuration name: Masked_AE_fusion
2023-06-13 20:38:41,118 - root - INFO - nettype Masked_AE_fusion
2023-06-13 20:38:41,118 - root - INFO - log_to_wandb True
2023-06-13 20:38:41,118 - root - INFO - lr 0.001
2023-06-13 20:38:41,118 - root - INFO - batch_size 2
2023-06-13 20:38:41,118 - root - INFO - max_epochs 100
2023-06-13 20:38:41,118 - root - INFO - scheduler CosineAnnealingLR
2023-06-13 20:38:41,118 - root - INFO - fusion_3d_2d True
2023-06-13 20:38:41,118 - root - INFO - in_chans 31
2023-06-13 20:38:41,118 - root - INFO - out_chans 25
2023-06-13 20:38:41,118 - root - INFO - in_channels [0, 1, 2, 3, 4, 5, 6, 7, 8, 9, 10, 11, 12, 13, 14, 15, 16, 17, 18, 19, 20, 21, 22, 23, 24, 25, 26, 27, 28, 29]
2023-06-13 20:38:41,118 - root - INFO - out_channels [0, 1, 2, 3, 4, 5, 6, 7, 8, 9, 10, 11, 12, 13, 14, 15, 16, 17, 18, 19, 20, 21, 22, 23, 24]
2023-06-13 20:38:41,118 - root - INFO - img_size_h 720
2023-06-13 20:38:41,118 - root - INFO - img_size_w 1440
2023-06-13 20:38:41,119 - root - INFO - patch_size_h 16
2023-06-13 20:38:41,119 - root - INFO - patch_size_w 16
2023-06-13 20:38:41,119 - root - INFO - patch_size_d 2
2023-06-13 20:38:41,119 - root - INFO - mlp_ratio 4.0
2023-06-13 20:38:41,119 - root - INFO - in_chans_2d 7
2023-06-13 20:38:41,119 - root - INFO - out_chans_2d 1
2023-06-13 20:38:41,119 - root - INFO - in_chans_3d 4
2023-06-13 20:38:41,119 - root - INFO - out_chans_3d 4
2023-06-13 20:38:41,119 - root - INFO - var_depth 6
2023-06-13 20:38:41,119 - root - INFO - embed_dim 512
2023-06-13 20:38:41,119 - root - INFO - depth 16
2023-06-13 20:38:41,119 - root - INFO - num_heads 16
2023-06-13 20:38:41,119 - root - INFO - decoder_embed_dim 1024
2023-06-13 20:38:41,120 - root - INFO - decoder_depth 8
2023-06-13 20:38:41,120 - root - INFO - decoder_num_heads 16
2023-06-13 20:38:41,120 - root - INFO - drop_rate 0.0
2023-06-13 20:38:41,120 - root - INFO - drop_path_rate 0.0
2023-06-13 20:38:41,120 - root - INFO - sparsity_threshold 0.01
2023-06-13 20:38:41,120 - root - INFO - hard_thresholding_fraction 1.0
2023-06-13 20:38:41,120 - root - INFO - num_blocks 8
2023-06-13 20:38:41,120 - root - INFO - loss l2
2023-06-13 20:38:41,120 - root - INFO - num_data_workers 0
2023-06-13 20:38:41,120 - root - INFO - dt 1
2023-06-13 20:38:41,120 - root - INFO - Getting file stats from /home/bingxing2/home/scx6115/Ocean_AI_model/sample_00/valid/2011.h5
2023-06-13 20:38:41,120 - root - INFO - Getting file stats from /home/bingxing2/home/scx6115/Ocean_AI_model/sample_00/valid/2011.h5
2023-06-13 20:38:41,120 - root - INFO - Getting file stats from /home/bingxing2/home/scx6115/Ocean_AI_model/sample_00/valid/2011.h5
2023-06-13 20:38:41,120 - root - INFO - n_history 0
2023-06-13 20:38:41,120 - root - INFO - prediction_type iterative
2023-06-13 20:38:41,121 - root - INFO - prediction_length 41
2023-06-13 20:38:41,121 - root - INFO - n_initial_conditions 5
2023-06-13 20:38:41,121 - root - INFO - ics_type default
2023-06-13 20:38:41,121 - root - INFO - date_strings ['2018-09-14 00:00:00']
2023-06-13 20:38:41,121 - root - INFO - save_raw_forecasts True
2023-06-13 20:38:41,121 - root - INFO - save_channel False
2023-06-13 20:38:41,121 - root - INFO - masked_acc False
2023-06-13 20:38:41,121 - root - INFO - maskpath None
2023-06-13 20:38:41,121 - root - INFO - perturb False
2023-06-13 20:38:41,121 - root - INFO - Number of samples per year: 364
2023-06-13 20:38:41,121 - root - INFO - add_grid False
2023-06-13 20:38:41,121 - root - INFO - Number of samples per year: 364
2023-06-13 20:38:41,121 - root - INFO - Found data at path /home/bingxing2/home/scx6115/Ocean_AI_model/sample_00/valid. Number of examples: 364. Image Shape: 720 x 1440 x 30
2023-06-13 20:38:41,121 - root - INFO - Number of samples per year: 364
2023-06-13 20:38:41,121 - root - INFO - N_grid_channels 0
2023-06-13 20:38:41,121 - root - INFO - Found data at path /home/bingxing2/home/scx6115/Ocean_AI_model/sample_00/valid. Number of examples: 364. Image Shape: 720 x 1440 x 30
2023-06-13 20:38:41,121 - root - INFO - Delta t: 1 days
2023-06-13 20:38:41,122 - root - INFO - Found data at path /home/bingxing2/home/scx6115/Ocean_AI_model/sample_00/valid. Number of examples: 364. Image Shape: 720 x 1440 x 30
2023-06-13 20:38:41,122 - root - INFO - gridtype sinusoidal
2023-06-13 20:38:41,122 - root - INFO - Delta t: 1 days
2023-06-13 20:38:41,122 - root - INFO - Including 0 days of past history in training at a frequency of 1 days
2023-06-13 20:38:41,122 - root - INFO - Delta t: 1 days
2023-06-13 20:38:41,122 - root - INFO - Including 0 days of past history in training at a frequency of 1 days
2023-06-13 20:38:41,122 - root - INFO - roll False
2023-06-13 20:38:41,122 - root - INFO - Including 0 days of past history in training at a frequency of 1 days
2023-06-13 20:38:41,122 - root - INFO - rank 2, data loader initialized
2023-06-13 20:38:41,122 - root - INFO - enable_nhwc False
2023-06-13 20:38:41,122 - root - INFO - rank 3, data loader initialized
2023-06-13 20:38:41,122 - root - INFO - rank 1, data loader initialized
2023-06-13 20:38:41,122 - root - INFO - optimizer_type FusedAdam
2023-06-13 20:38:41,122 - root - INFO - exp_dir ./exp
2023-06-13 20:38:41,122 - root - INFO - patch_size 8
2023-06-13 20:38:41,122 - root - INFO - width 56
2023-06-13 20:38:41,122 - root - INFO - modes 32
2023-06-13 20:38:41,122 - root - INFO - target default
2023-06-13 20:38:41,122 - root - INFO - train_data_path /home/bingxing2/home/scx6115/Ocean_AI_model/sample_00/train
2023-06-13 20:38:41,123 - root - INFO - valid_data_path /home/bingxing2/home/scx6115/Ocean_AI_model/sample_00/valid
2023-06-13 20:38:41,123 - root - INFO - test_data_path /home/bingxing2/home/scx6115/Ocean_AI_model/sample_00/test
2023-06-13 20:38:41,123 - root - INFO - land_mask True
2023-06-13 20:38:41,123 - root - INFO - land_mask_path /home/bingxing2/home/scx6115/Ocean_AI_model/sample_00/land_mask.h5
2023-06-13 20:38:41,123 - root - INFO - normalize True
2023-06-13 20:38:41,123 - root - INFO - normalization zscore
2023-06-13 20:38:41,123 - root - INFO - global_mins_path /home/bingxing2/home/scx6115/Ocean_AI_model/sample_00/train/global_mins.npy
2023-06-13 20:38:41,123 - root - INFO - global_maxs_path /home/bingxing2/home/scx6115/Ocean_AI_model/sample_00/train/global_maxs.npy
2023-06-13 20:38:41,123 - root - INFO - global_means_path /home/bingxing2/home/scx6115/Ocean_AI_model/sample_00/train/global_means.npy
2023-06-13 20:38:41,123 - root - INFO - global_stds_path /home/bingxing2/home/scx6115/Ocean_AI_model/sample_00/train/global_stds.npy
2023-06-13 20:38:41,123 - root - INFO - orography True
2023-06-13 20:38:41,123 - root - INFO - orography_norm_zscore_path /home/bingxing2/home/scx6115/Ocean_AI_model/sample_00/orography_norm_zscore.h5
2023-06-13 20:38:41,123 - root - INFO - orography_norm_maxmin_path /home/bingxing2/home/scx6115/Ocean_AI_model/sample_00/orography_norm_maxmin.h5
2023-06-13 20:38:41,123 - root - INFO - add_noise False
2023-06-13 20:38:41,124 - root - INFO - noise_std 0
2023-06-13 20:38:41,124 - root - INFO - crop_size_x None
2023-06-13 20:38:41,124 - root - INFO - crop_size_y None
2023-06-13 20:38:41,124 - root - INFO - log_to_screen True
2023-06-13 20:38:41,124 - root - INFO - save_checkpoint True
2023-06-13 20:38:41,124 - root - INFO - plot_animations False
2023-06-13 20:38:41,124 - root - INFO - epsilon_factor 0
2023-06-13 20:38:41,124 - root - INFO - world_size 16
2023-06-13 20:38:41,124 - root - INFO - local_rank 0
2023-06-13 20:38:41,124 - root - INFO - global_batch_size 32
2023-06-13 20:38:41,124 - root - INFO - enable_amp True
2023-06-13 20:38:41,124 - root - INFO - experiment_dir /home/bingxing2/home/scx6115/Ocean_AI_model/exp/Masked_AE_fusion/20230613-203822
2023-06-13 20:38:41,124 - root - INFO - checkpoint_path ./exp/Masked_AE_fusion/20230613-203822/training_checkpoints/ckpt.tar
2023-06-13 20:38:41,124 - root - INFO - best_checkpoint_path ./exp/Masked_AE_fusion/20230613-203822/training_checkpoints/best_ckpt.tar
2023-06-13 20:38:41,125 - root - INFO - resuming False
2023-06-13 20:38:41,125 - root - INFO - entity ocean_ai_model
2023-06-13 20:38:41,125 - root - INFO - project ai4science
2023-06-13 20:38:41,125 - root - INFO - group 025_daily
2023-06-13 20:38:41,125 - root - INFO - name Masked_AE_fusion_20230613-203822
2023-06-13 20:38:41,125 - root - INFO - ---------------------------------------------------
wandb: Tracking run with wandb version 0.15.3
wandb: W&B syncing is set to `offline` in this directory.  
wandb: Run `wandb online` or set WANDB_MODE=online to enable cloud syncing.
2023-06-13 20:38:50,281 - root - INFO - device: cuda:0
2023-06-13 20:38:50,281 - root - INFO - rank 0, begin data loader init
2023-06-13 20:38:50,284 - root - INFO - Getting file stats from /home/bingxing2/home/scx6115/Ocean_AI_model/sample_00/train/2000.h5
2023-06-13 20:38:50,286 - root - INFO - Number of samples per year: 365
2023-06-13 20:38:50,286 - root - INFO - Found data at path /home/bingxing2/home/scx6115/Ocean_AI_model/sample_00/train. Number of examples: 4015. Image Shape: 720 x 1440 x 30
2023-06-13 20:38:50,286 - root - INFO - Delta t: 1 days
2023-06-13 20:38:50,287 - root - INFO - Including 0 days of past history in training at a frequency of 1 days
2023-06-13 20:38:50,289 - root - INFO - Getting file stats from /home/bingxing2/home/scx6115/Ocean_AI_model/sample_00/valid/2011.h5
2023-06-13 20:38:50,290 - root - INFO - Number of samples per year: 364
2023-06-13 20:38:50,291 - root - INFO - Found data at path /home/bingxing2/home/scx6115/Ocean_AI_model/sample_00/valid. Number of examples: 364. Image Shape: 720 x 1440 x 30
2023-06-13 20:38:50,294 - root - INFO - Delta t: 1 days
2023-06-13 20:38:50,296 - root - INFO - Including 0 days of past history in training at a frequency of 1 days
2023-06-13 20:38:50,299 - root - INFO - rank 0, data loader initialized
paraai-n32-h-01-agent-56:3344770:3344770 [0] NCCL INFO Bootstrap : Using eth0:172.16.5.61<0>
paraai-n32-h-01-agent-56:3344770:3344770 [0] NCCL INFO NET/Plugin : No plugin found (libnccl-net.so), using internal implementation
paraai-n32-h-01-agent-56:3344770:3344770 [0] NCCL INFO cudaDriverVersion 11060
paraai-n32-h-01-agent-56:3344771:3344771 [1] NCCL INFO cudaDriverVersion 11060
NCCL version 2.14.3+cuda11.7paraai-n32-h-01-agent-56:3344773:3344773 [3] NCCL INFO cudaDriverVersion 11060
paraai-n32-h-01-agent-56:3344772:3344772 [2] NCCL INFO cudaDriverVersion 11060

paraai-n32-h-01-agent-56:3344770:3345863 [0] NCCL INFO NCCL_IB_DISABLE set by environment to 0.
paraai-n32-h-01-agent-56:3344772:3344772 [2] NCCL INFO Bootstrap : Using eth0:172.16.5.61<0>
paraai-n32-h-01-agent-56:3344773:3344773 [3] NCCL INFO Bootstrap : Using eth0:172.16.5.61<0>
paraai-n32-h-01-agent-56:3344771:3344771 [1] NCCL INFO Bootstrap : Using eth0:172.16.5.61<0>
paraai-n32-h-01-agent-56:3344772:3344772 [2] NCCL INFO NET/Plugin : No plugin found (libnccl-net.so), using internal implementation
paraai-n32-h-01-agent-56:3344773:3344773 [3] NCCL INFO NET/Plugin : No plugin found (libnccl-net.so), using internal implementation
paraai-n32-h-01-agent-56:3344771:3344771 [1] NCCL INFO NET/Plugin : No plugin found (libnccl-net.so), using internal implementation
paraai-n32-h-01-agent-56:3344772:3345867 [2] NCCL INFO NCCL_IB_DISABLE set by environment to 0.
paraai-n32-h-01-agent-56:3344773:3345868 [3] NCCL INFO NCCL_IB_DISABLE set by environment to 0.
paraai-n32-h-01-agent-56:3344771:3345869 [1] NCCL INFO NCCL_IB_DISABLE set by environment to 0.
paraai-n32-h-01-agent-56:3344770:3345863 [0] NCCL INFO NET/IB : Using [0]mlx5_0:1/RoCE [1]mlx5_1:1/RoCE [2]mlx5_2:1/RoCE [3]mlx5_3:1/RoCE [RO]; OOB eth0:172.16.5.61<0>
paraai-n32-h-01-agent-56:3344770:3345863 [0] NCCL INFO Using network IB
paraai-n32-h-01-agent-56:3344773:3345868 [3] NCCL INFO NET/IB : Using [0]mlx5_0:1/RoCE [1]mlx5_1:1/RoCE [2]mlx5_2:1/RoCE [3]mlx5_3:1/RoCE [RO]; OOB eth0:172.16.5.61<0>
paraai-n32-h-01-agent-56:3344773:3345868 [3] NCCL INFO Using network IB
paraai-n32-h-01-agent-56:3344772:3345867 [2] NCCL INFO NET/IB : Using [0]mlx5_0:1/RoCE [1]mlx5_1:1/RoCE [2]mlx5_2:1/RoCE [3]mlx5_3:1/RoCE [RO]; OOB eth0:172.16.5.61<0>
paraai-n32-h-01-agent-56:3344772:3345867 [2] NCCL INFO Using network IB
paraai-n32-h-01-agent-56:3344771:3345869 [1] NCCL INFO NET/IB : Using [0]mlx5_0:1/RoCE [1]mlx5_1:1/RoCE [2]mlx5_2:1/RoCE [3]mlx5_3:1/RoCE [RO]; OOB eth0:172.16.5.61<0>
paraai-n32-h-01-agent-56:3344771:3345869 [1] NCCL INFO Using network IB
paraai-n32-h-01-agent-56:3344772:3345867 [2] NCCL INFO Setting affinity for GPU 2 to ffffffff,00000000,00000000
paraai-n32-h-01-agent-56:3344771:3345869 [1] NCCL INFO Setting affinity for GPU 1 to ffffffff
paraai-n32-h-01-agent-56:3344770:3345863 [0] NCCL INFO Setting affinity for GPU 0 to ffffffff
paraai-n32-h-01-agent-56:3344773:3345868 [3] NCCL INFO Setting affinity for GPU 3 to ffffffff,00000000,00000000
paraai-n32-h-01-agent-56:3344772:3345867 [2] NCCL INFO Trees [0] 3/-1/-1->2->1 [1] 3/-1/-1->2->1
paraai-n32-h-01-agent-56:3344771:3345869 [1] NCCL INFO Trees [0] 2/-1/-1->1->0 [1] 2/-1/-1->1->0
paraai-n32-h-01-agent-56:3344770:3345863 [0] NCCL INFO Channel 00/02 :    0   1   2   3   4   5   6   7   8   9  10  11  12  13  14  15
paraai-n32-h-01-agent-56:3344770:3345863 [0] NCCL INFO Channel 01/02 :    0   1   2   3   4   5   6   7   8   9  10  11  12  13  14  15
paraai-n32-h-01-agent-56:3344770:3345863 [0] NCCL INFO Trees [0] 1/8/-1->0->-1 [1] 1/-1/-1->0->4
paraai-n32-h-01-agent-56:3344773:3345868 [3] NCCL INFO Trees [0] -1/-1/-1->3->2 [1] -1/-1/-1->3->2
paraai-n32-h-01-agent-56:3344771:3345869 [1] NCCL INFO Channel 00 : 1[2000] -> 2[81000] via SHM/direct/direct
paraai-n32-h-01-agent-56:3344772:3345867 [2] NCCL INFO Channel 00 : 2[81000] -> 3[82000] via SHM/direct/direct
paraai-n32-h-01-agent-56:3344771:3345869 [1] NCCL INFO Channel 01 : 1[2000] -> 2[81000] via SHM/direct/direct
paraai-n32-h-01-agent-56:3344772:3345867 [2] NCCL INFO Channel 01 : 2[81000] -> 3[82000] via SHM/direct/direct
paraai-n32-h-01-agent-56:3344770:3345863 [0] NCCL INFO Channel 00/0 : 15[82000] -> 0[1000] [receive] via NET/IB/0
paraai-n32-h-01-agent-56:3344770:3345863 [0] NCCL INFO Channel 01/0 : 15[82000] -> 0[1000] [receive] via NET/IB/0
paraai-n32-h-01-agent-56:3344770:3345863 [0] NCCL INFO Channel 00 : 0[1000] -> 1[2000] via SHM/direct/direct
paraai-n32-h-01-agent-56:3344770:3345863 [0] NCCL INFO Channel 01 : 0[1000] -> 1[2000] via SHM/direct/direct
paraai-n32-h-01-agent-56:3344771:3345869 [1] NCCL INFO Connected all rings
paraai-n32-h-01-agent-56:3344771:3345869 [1] NCCL INFO Channel 00 : 1[2000] -> 0[1000] via SHM/direct/direct
paraai-n32-h-01-agent-56:3344771:3345869 [1] NCCL INFO Channel 01 : 1[2000] -> 0[1000] via SHM/direct/direct
paraai-n32-h-01-agent-56:3344770:3345885 [0] NCCL INFO NCCL_IB_GID_INDEX set by environment to 3.
paraai-n32-h-01-agent-56:3344770:3345885 [0] NCCL INFO NCCL_IB_TIMEOUT set by environment to 23.
paraai-n32-h-01-agent-56:3344770:3345885 [0] NCCL INFO NCCL_IB_RETRY_CNT set by environment to 7.
paraai-n32-h-01-agent-56:3344770:3345863 [0] NCCL INFO Connected all rings
paraai-n32-h-01-agent-56:3344773:3345868 [3] NCCL INFO Channel 00/0 : 3[82000] -> 4[1000] [send] via NET/IB/0
paraai-n32-h-01-agent-56:3344770:3345863 [0] NCCL INFO Channel 01/0 : 0[1000] -> 4[1000] [send] via NET/IB/0
paraai-n32-h-01-agent-56:3344773:3345868 [3] NCCL INFO Channel 01/0 : 3[82000] -> 4[1000] [send] via NET/IB/0
paraai-n32-h-01-agent-56:3344773:3345886 [3] NCCL INFO NCCL_IB_GID_INDEX set by environment to 3.
paraai-n32-h-01-agent-56:3344773:3345868 [3] NCCL INFO Connected all rings
paraai-n32-h-01-agent-56:3344773:3345868 [3] NCCL INFO Channel 00 : 3[82000] -> 2[81000] via SHM/direct/direct
paraai-n32-h-01-agent-56:3344773:3345868 [3] NCCL INFO Channel 01 : 3[82000] -> 2[81000] via SHM/direct/direct
paraai-n32-h-01-agent-56:3344772:3345867 [2] NCCL INFO Connected all rings
paraai-n32-h-01-agent-56:3344772:3345867 [2] NCCL INFO Channel 00 : 2[81000] -> 1[2000] via SHM/direct/direct
paraai-n32-h-01-agent-56:3344772:3345867 [2] NCCL INFO Channel 01 : 2[81000] -> 1[2000] via SHM/direct/direct
paraai-n32-h-01-agent-56:3344773:3345868 [3] NCCL INFO Connected all trees
paraai-n32-h-01-agent-56:3344773:3345868 [3] NCCL INFO threadThresholds 8/8/64 | 128/8/64 | 512 | 512
paraai-n32-h-01-agent-56:3344773:3345868 [3] NCCL INFO 2 coll channels, 2 p2p channels, 2 p2p channels per peer
paraai-n32-h-01-agent-56:3344772:3345867 [2] NCCL INFO Connected all trees
paraai-n32-h-01-agent-56:3344772:3345867 [2] NCCL INFO threadThresholds 8/8/64 | 128/8/64 | 512 | 512
paraai-n32-h-01-agent-56:3344772:3345867 [2] NCCL INFO 2 coll channels, 2 p2p channels, 2 p2p channels per peer
paraai-n32-h-01-agent-56:3344770:3345863 [0] NCCL INFO Channel 00/0 : 8[1000] -> 0[1000] [receive] via NET/IB/0
paraai-n32-h-01-agent-56:3344770:3345863 [0] NCCL INFO Channel 00/0 : 0[1000] -> 8[1000] [send] via NET/IB/0
paraai-n32-h-01-agent-56:3344770:3345863 [0] NCCL INFO Channel 01/0 : 4[1000] -> 0[1000] [receive] via NET/IB/0
paraai-n32-h-01-agent-56:3344770:3345863 [0] NCCL INFO Connected all trees
paraai-n32-h-01-agent-56:3344770:3345863 [0] NCCL INFO threadThresholds 8/8/64 | 128/8/64 | 512 | 512
paraai-n32-h-01-agent-56:3344770:3345863 [0] NCCL INFO 2 coll channels, 2 p2p channels, 2 p2p channels per peer
paraai-n32-h-01-agent-56:3344771:3345869 [1] NCCL INFO Connected all trees
paraai-n32-h-01-agent-56:3344771:3345869 [1] NCCL INFO threadThresholds 8/8/64 | 128/8/64 | 512 | 512
paraai-n32-h-01-agent-56:3344771:3345869 [1] NCCL INFO 2 coll channels, 2 p2p channels, 2 p2p channels per peer
paraai-n32-h-01-agent-56:3344773:3345868 [3] NCCL INFO comm 0x70e0b660 rank 3 nranks 16 cudaDev 3 busId 82000 - Init COMPLETE
paraai-n32-h-01-agent-56:3344771:3345869 [1] NCCL INFO comm 0x2453fbc0 rank 1 nranks 16 cudaDev 1 busId 2000 - Init COMPLETE
paraai-n32-h-01-agent-56:3344772:3345867 [2] NCCL INFO comm 0x1fb80c80 rank 2 nranks 16 cudaDev 2 busId 81000 - Init COMPLETE
paraai-n32-h-01-agent-56:3344770:3345863 [0] NCCL INFO comm 0x273caf80 rank 0 nranks 16 cudaDev 0 busId 1000 - Init COMPLETE
paraai-n32-h-01-agent-56:3344773:3345888 [3] NCCL INFO NCCL_IB_TIMEOUT set by environment to 23.
paraai-n32-h-01-agent-56:3344773:3345888 [3] NCCL INFO NCCL_IB_RETRY_CNT set by environment to 7.
2023-06-13 20:39:01,249 - root - INFO - Number of trainable model parameters: 374483080
2023-06-13 20:39:01,249 - root - INFO - Starting Training Loop...
2023-06-13 20:46:11,277 - root - INFO - Val loss improved from 1000000.0 to 0.7994236350059509
2023-06-13 20:46:15,541 - root - INFO - Time taken for epoch 1 is 434.2910373210907 sec
2023-06-13 20:46:15,541 - root - INFO - train data time=14.075317621231079, train step time=117.14335584640503, valid step time=34.27094054222107
2023-06-13 20:46:15,541 - root - INFO - Train loss: 0.807845950126648. Valid loss: 0.7994236350059509
2023-06-13 20:53:21,563 - root - INFO - Val loss improved from 0.7994236350059509 to 0.7350775003433228
2023-06-13 20:53:25,737 - root - INFO - Time taken for epoch 2 is 430.1949737071991 sec
2023-06-13 20:53:25,737 - root - INFO - train data time=14.023771286010742, train step time=116.07715940475464, valid step time=34.192073822021484
2023-06-13 20:53:25,737 - root - INFO - Train loss: 0.7312625646591187. Valid loss: 0.7350775003433228
2023-06-13 21:00:33,177 - root - INFO - Time taken for epoch 3 is 427.438818693161 sec
2023-06-13 21:00:33,179 - root - INFO - train data time=17.8254611492157, train step time=111.8839762210846, valid step time=34.09306287765503
2023-06-13 21:00:33,180 - root - INFO - Train loss: 1.0225040912628174. Valid loss: 1.2814456224441528
2023-06-13 21:07:41,602 - root - INFO - Val loss improved from 0.7350775003433228 to 0.7240843772888184
2023-06-13 21:07:46,222 - root - INFO - Time taken for epoch 4 is 433.04172015190125 sec
2023-06-13 21:07:46,222 - root - INFO - train data time=18.523247957229614, train step time=121.41992831230164, valid step time=35.94876432418823
2023-06-13 21:07:46,223 - root - INFO - Train loss: 0.7208347320556641. Valid loss: 0.7240843772888184
2023-06-13 21:14:53,579 - root - INFO - Val loss improved from 0.7240843772888184 to 0.7166116833686829
2023-06-13 21:14:58,243 - root - INFO - Time taken for epoch 5 is 432.02056908607483 sec
2023-06-13 21:14:58,244 - root - INFO - train data time=19.029265880584717, train step time=119.0787763595581, valid step time=34.619940519332886
2023-06-13 21:14:58,245 - root - INFO - Train loss: 0.7122386693954468. Valid loss: 0.7166116833686829
2023-06-13 21:22:09,224 - root - INFO - Time taken for epoch 6 is 430.97910022735596 sec
2023-06-13 21:22:09,225 - root - INFO - train data time=18.96635937690735, train step time=121.26447796821594, valid step time=34.12430691719055
2023-06-13 21:22:09,225 - root - INFO - Train loss: 0.7034869194030762. Valid loss: 0.7183442711830139
2023-06-13 21:29:25,479 - root - INFO - Val loss improved from 0.7166116833686829 to 0.7135652303695679
2023-06-13 21:29:30,076 - root - INFO - Time taken for epoch 7 is 440.85070872306824 sec
2023-06-13 21:29:30,077 - root - INFO - train data time=19.585193872451782, train step time=122.93462562561035, valid step time=34.801528453826904
2023-06-13 21:29:30,077 - root - INFO - Train loss: 0.6813637018203735. Valid loss: 0.7135652303695679
2023-06-13 21:36:44,044 - root - INFO - Val loss improved from 0.7135652303695679 to 0.7095832228660583
2023-06-13 21:36:48,547 - root - INFO - Time taken for epoch 8 is 438.4691903591156 sec
2023-06-13 21:36:48,547 - root - INFO - train data time=18.686849355697632, train step time=119.27932167053223, valid step time=34.00409245491028
2023-06-13 21:36:48,547 - root - INFO - Train loss: 0.658130943775177. Valid loss: 0.7095832228660583
2023-06-13 21:43:59,403 - root - INFO - Time taken for epoch 9 is 430.8548185825348 sec
2023-06-13 21:43:59,404 - root - INFO - train data time=18.952645778656006, train step time=125.30448412895203, valid step time=34.32349181175232
2023-06-13 21:43:59,404 - root - INFO - Train loss: 0.6328299045562744. Valid loss: 0.712645947933197
2023-06-13 21:51:10,135 - root - INFO - Val loss improved from 0.7095832228660583 to 0.7055516839027405
2023-06-13 21:51:14,587 - root - INFO - Time taken for epoch 10 is 435.1830749511719 sec
2023-06-13 21:51:14,588 - root - INFO - train data time=18.769827365875244, train step time=127.8126368522644, valid step time=34.2484347820282
2023-06-13 21:51:14,588 - root - INFO - Train loss: 0.6061969995498657. Valid loss: 0.7055516839027405
2023-06-13 21:58:26,462 - root - INFO - Val loss improved from 0.7055516839027405 to 0.6463840007781982
2023-06-13 21:58:31,220 - root - INFO - Time taken for epoch 11 is 436.631707906723 sec
2023-06-13 21:58:31,222 - root - INFO - train data time=19.004987001419067, train step time=126.41666221618652, valid step time=34.72411251068115
2023-06-13 21:58:31,223 - root - INFO - Train loss: 0.5455003976821899. Valid loss: 0.6463840007781982
2023-06-13 22:05:39,509 - root - INFO - Val loss improved from 0.6463840007781982 to 0.5576611161231995
2023-06-13 22:05:43,678 - root - INFO - Time taken for epoch 12 is 432.454993724823 sec
2023-06-13 22:05:43,681 - root - INFO - train data time=15.818606615066528, train step time=116.48888635635376, valid step time=34.25485062599182
2023-06-13 22:05:43,683 - root - INFO - Train loss: 0.470611572265625. Valid loss: 0.5576611161231995
2023-06-13 22:12:54,911 - root - INFO - Val loss improved from 0.5576611161231995 to 0.48562830686569214
2023-06-13 22:12:59,378 - root - INFO - Time taken for epoch 13 is 435.69254636764526 sec
2023-06-13 22:12:59,380 - root - INFO - train data time=14.458701133728027, train step time=120.19166326522827, valid step time=34.33191108703613
2023-06-13 22:12:59,382 - root - INFO - Train loss: 0.419450581073761. Valid loss: 0.48562830686569214
2023-06-13 22:20:14,706 - root - INFO - Time taken for epoch 14 is 435.32167053222656 sec
2023-06-13 22:20:14,709 - root - INFO - train data time=14.014785766601562, train step time=120.27406239509583, valid step time=37.571539640426636
2023-06-13 22:20:14,711 - root - INFO - Train loss: 3.8719449043273926. Valid loss: 5.830624103546143
2023-06-13 22:27:25,536 - root - INFO - Time taken for epoch 15 is 430.8230483531952 sec
2023-06-13 22:27:25,539 - root - INFO - train data time=14.53522276878357, train step time=118.6835036277771, valid step time=34.30141639709473
2023-06-13 22:27:25,540 - root - INFO - Train loss: 0.7005046010017395. Valid loss: 0.7054415345191956
2023-06-13 22:34:34,251 - root - INFO - Time taken for epoch 16 is 428.7085373401642 sec
2023-06-13 22:34:34,254 - root - INFO - train data time=15.135448455810547, train step time=117.433030128479, valid step time=34.26238965988159
2023-06-13 22:34:34,256 - root - INFO - Train loss: 0.5312403440475464. Valid loss: 0.5753128528594971
2023-06-13 22:41:45,556 - root - INFO - Val loss improved from 0.48562830686569214 to 0.4521053433418274
2023-06-13 22:41:49,919 - root - INFO - Time taken for epoch 17 is 435.66096353530884 sec
2023-06-13 22:41:49,921 - root - INFO - train data time=15.04669976234436, train step time=116.35377073287964, valid step time=34.531840562820435
2023-06-13 22:41:49,923 - root - INFO - Train loss: 0.40186816453933716. Valid loss: 0.4521053433418274
2023-06-13 22:49:00,738 - root - INFO - Val loss improved from 0.4521053433418274 to 0.42536669969558716
2023-06-13 22:49:05,100 - root - INFO - Time taken for epoch 18 is 435.17516255378723 sec
2023-06-13 22:49:05,102 - root - INFO - train data time=14.808077812194824, train step time=117.88354730606079, valid step time=34.72953152656555
2023-06-13 22:49:05,104 - root - INFO - Train loss: 0.39035531878471375. Valid loss: 0.42536669969558716
2023-06-13 22:56:11,775 - root - INFO - Val loss improved from 0.42536669969558716 to 0.41077032685279846
2023-06-13 22:56:16,169 - root - INFO - Time taken for epoch 19 is 431.063170671463 sec
2023-06-13 22:56:16,172 - root - INFO - train data time=14.934217929840088, train step time=115.27848029136658, valid step time=34.12408471107483
2023-06-13 22:56:16,174 - root - INFO - Train loss: 0.37206682562828064. Valid loss: 0.41077032685279846
2023-06-13 23:03:25,372 - root - INFO - Val loss improved from 0.41077032685279846 to 0.39908453822135925
2023-06-13 23:03:29,693 - root - INFO - Time taken for epoch 20 is 433.51695466041565 sec
2023-06-13 23:03:29,695 - root - INFO - train data time=14.481034278869629, train step time=116.43606281280518, valid step time=34.15605139732361
2023-06-13 23:03:29,698 - root - INFO - Train loss: 0.35972774028778076. Valid loss: 0.39908453822135925
2023-06-13 23:10:40,283 - root - INFO - Val loss improved from 0.39908453822135925 to 0.3885236978530884
2023-06-13 23:10:44,458 - root - INFO - Time taken for epoch 21 is 434.75845742225647 sec
2023-06-13 23:10:44,460 - root - INFO - train data time=14.60802412033081, train step time=120.51731586456299, valid step time=34.750935792922974
2023-06-13 23:10:44,462 - root - INFO - Train loss: 0.3568542003631592. Valid loss: 0.3885236978530884
2023-06-13 23:17:53,297 - root - INFO - Val loss improved from 0.3885236978530884 to 0.3819178640842438
2023-06-13 23:17:57,487 - root - INFO - Time taken for epoch 22 is 433.02284002304077 sec
2023-06-13 23:17:57,490 - root - INFO - train data time=14.421244621276855, train step time=119.32160067558289, valid step time=34.18120288848877
2023-06-13 23:17:57,492 - root - INFO - Train loss: 0.3483526408672333. Valid loss: 0.3819178640842438
2023-06-13 23:25:05,794 - root - INFO - Val loss improved from 0.3819178640842438 to 0.37506258487701416
2023-06-13 23:25:10,161 - root - INFO - Time taken for epoch 23 is 432.6671130657196 sec
2023-06-13 23:25:10,165 - root - INFO - train data time=14.480931282043457, train step time=119.46158027648926, valid step time=34.509352922439575
2023-06-13 23:25:10,167 - root - INFO - Train loss: 0.3405519127845764. Valid loss: 0.37506258487701416
2023-06-13 23:32:19,544 - root - INFO - Val loss improved from 0.37506258487701416 to 0.3704116642475128
2023-06-13 23:32:24,280 - root - INFO - Time taken for epoch 24 is 434.1115424633026 sec
2023-06-13 23:32:24,283 - root - INFO - train data time=15.164194583892822, train step time=114.69531011581421, valid step time=34.80307221412659
2023-06-13 23:32:24,285 - root - INFO - Train loss: 0.33315539360046387. Valid loss: 0.3704116642475128
2023-06-13 23:39:33,594 - root - INFO - Val loss improved from 0.3704116642475128 to 0.36455047130584717
2023-06-13 23:39:38,035 - root - INFO - Time taken for epoch 25 is 433.74832367897034 sec
2023-06-13 23:39:38,037 - root - INFO - train data time=14.932596445083618, train step time=115.63215327262878, valid step time=34.21476721763611
2023-06-13 23:39:38,039 - root - INFO - Train loss: 0.33247894048690796. Valid loss: 0.36455047130584717
2023-06-13 23:46:48,299 - root - INFO - Val loss improved from 0.36455047130584717 to 0.3598614037036896
2023-06-13 23:46:52,793 - root - INFO - Time taken for epoch 26 is 434.7519054412842 sec
2023-06-13 23:46:52,795 - root - INFO - train data time=14.36732530593872, train step time=117.76311016082764, valid step time=36.55804896354675
2023-06-13 23:46:52,797 - root - INFO - Train loss: 0.3270041048526764. Valid loss: 0.3598614037036896
2023-06-13 23:54:01,982 - root - INFO - Val loss improved from 0.3598614037036896 to 0.3550986051559448
2023-06-13 23:54:06,398 - root - INFO - Time taken for epoch 27 is 433.59887742996216 sec
2023-06-13 23:54:06,400 - root - INFO - train data time=14.462658405303955, train step time=120.19593095779419, valid step time=33.800044775009155
2023-06-13 23:54:06,402 - root - INFO - Train loss: 0.3201943635940552. Valid loss: 0.3550986051559448
2023-06-14 00:01:16,225 - root - INFO - Time taken for epoch 28 is 429.82097578048706 sec
2023-06-14 00:01:16,227 - root - INFO - train data time=14.44636869430542, train step time=120.75430560112, valid step time=33.912659883499146
2023-06-14 00:01:16,229 - root - INFO - Train loss: 0.6031093001365662. Valid loss: 0.6171780228614807
2023-06-14 00:08:26,106 - root - INFO - Time taken for epoch 29 is 429.8745586872101 sec
2023-06-14 00:08:26,108 - root - INFO - train data time=14.445010662078857, train step time=120.46012377738953, valid step time=34.7117440700531
2023-06-14 00:08:26,110 - root - INFO - Train loss: 0.34333527088165283. Valid loss: 0.3788805902004242
2023-06-14 00:15:32,890 - root - INFO - Time taken for epoch 30 is 426.77749371528625 sec
2023-06-14 00:15:32,893 - root - INFO - train data time=14.888182163238525, train step time=115.44585013389587, valid step time=34.76019525527954
2023-06-14 00:15:32,895 - root - INFO - Train loss: 0.3244367241859436. Valid loss: 0.36127641797065735
2023-06-14 00:22:42,598 - root - INFO - Val loss improved from 0.3550986051559448 to 0.3550562560558319
2023-06-14 00:22:47,287 - root - INFO - Time taken for epoch 31 is 434.38991498947144 sec
2023-06-14 00:22:47,290 - root - INFO - train data time=16.02469038963318, train step time=116.43626523017883, valid step time=34.4526891708374
2023-06-14 00:22:47,292 - root - INFO - Train loss: 0.31781136989593506. Valid loss: 0.3550562560558319
2023-06-14 00:29:56,246 - root - INFO - Val loss improved from 0.3550562560558319 to 0.35009992122650146
2023-06-14 00:30:00,390 - root - INFO - Time taken for epoch 32 is 433.09610080718994 sec
2023-06-14 00:30:00,392 - root - INFO - train data time=15.220747947692871, train step time=118.00965762138367, valid step time=34.090548276901245
2023-06-14 00:30:00,395 - root - INFO - Train loss: 0.316419780254364. Valid loss: 0.35009992122650146
2023-06-14 00:37:06,192 - root - INFO - Val loss improved from 0.35009992122650146 to 0.3491550087928772
2023-06-14 00:37:10,472 - root - INFO - Time taken for epoch 33 is 430.0756239891052 sec
2023-06-14 00:37:10,475 - root - INFO - train data time=15.282568454742432, train step time=113.13600420951843, valid step time=33.725939989089966
2023-06-14 00:37:10,477 - root - INFO - Train loss: 0.31490135192871094. Valid loss: 0.3491550087928772
2023-06-14 00:44:16,689 - root - INFO - Val loss improved from 0.3491550087928772 to 0.34634873270988464
2023-06-14 00:44:20,936 - root - INFO - Time taken for epoch 34 is 430.457218170166 sec
2023-06-14 00:44:20,938 - root - INFO - train data time=13.75729250907898, train step time=117.69407248497009, valid step time=34.5798614025116
2023-06-14 00:44:20,940 - root - INFO - Train loss: 0.30897122621536255. Valid loss: 0.34634873270988464
2023-06-14 00:51:31,313 - root - INFO - Val loss improved from 0.34634873270988464 to 0.34410688281059265
2023-06-14 00:51:35,612 - root - INFO - Time taken for epoch 35 is 434.66984939575195 sec
2023-06-14 00:51:35,615 - root - INFO - train data time=14.025609970092773, train step time=119.67635154724121, valid step time=34.74695587158203
2023-06-14 00:51:35,617 - root - INFO - Train loss: 0.30878663063049316. Valid loss: 0.34410688281059265
2023-06-14 00:58:46,501 - root - INFO - Val loss improved from 0.34410688281059265 to 0.34193480014801025
2023-06-14 00:58:50,862 - root - INFO - Time taken for epoch 36 is 435.24339485168457 sec
2023-06-14 00:58:50,865 - root - INFO - train data time=14.181825637817383, train step time=118.34923672676086, valid step time=34.70103406906128
2023-06-14 00:58:50,867 - root - INFO - Train loss: 0.30297449231147766. Valid loss: 0.34193480014801025
2023-06-14 01:05:57,348 - root - INFO - Val loss improved from 0.34193480014801025 to 0.34142282605171204
2023-06-14 01:06:01,610 - root - INFO - Time taken for epoch 37 is 430.7416191101074 sec
2023-06-14 01:06:01,613 - root - INFO - train data time=14.286590099334717, train step time=114.47638940811157, valid step time=33.77646040916443
2023-06-14 01:06:01,615 - root - INFO - Train loss: 0.3003859519958496. Valid loss: 0.34142282605171204
2023-06-14 01:13:07,711 - root - INFO - Val loss improved from 0.34142282605171204 to 0.34111136198043823
2023-06-14 01:13:12,054 - root - INFO - Time taken for epoch 38 is 430.4380898475647 sec
2023-06-14 01:13:12,057 - root - INFO - train data time=14.53863525390625, train step time=113.44986462593079, valid step time=34.62881112098694
2023-06-14 01:13:12,059 - root - INFO - Train loss: 0.29917335510253906. Valid loss: 0.34111136198043823
2023-06-14 01:20:19,955 - root - INFO - Val loss improved from 0.34111136198043823 to 0.33682477474212646
2023-06-14 01:20:24,371 - root - INFO - Time taken for epoch 39 is 432.31035113334656 sec
2023-06-14 01:20:24,373 - root - INFO - train data time=14.670088052749634, train step time=119.47697496414185, valid step time=33.95147728919983
2023-06-14 01:20:24,376 - root - INFO - Train loss: 0.29709067940711975. Valid loss: 0.33682477474212646
2023-06-14 01:27:33,306 - root - INFO - Time taken for epoch 40 is 428.9287462234497 sec
2023-06-14 01:27:33,309 - root - INFO - train data time=14.187387228012085, train step time=117.43658494949341, valid step time=34.155272483825684
2023-06-14 01:27:33,311 - root - INFO - Train loss: 0.7031569480895996. Valid loss: 0.7072660326957703
2023-06-14 01:34:39,760 - root - INFO - Time taken for epoch 41 is 426.44777178764343 sec
2023-06-14 01:34:39,763 - root - INFO - train data time=14.323432445526123, train step time=114.54165983200073, valid step time=34.162407875061035
2023-06-14 01:34:39,767 - root - INFO - Train loss: 0.6762838959693909. Valid loss: 0.6830964684486389
2023-06-14 01:41:43,975 - root - INFO - Time taken for epoch 42 is 424.20569682121277 sec
2023-06-14 01:41:43,977 - root - INFO - train data time=14.085091829299927, train step time=112.3995590209961, valid step time=33.245652198791504
2023-06-14 01:41:43,979 - root - INFO - Train loss: 0.6196811199188232. Valid loss: 0.6237669587135315
2023-06-14 01:48:48,988 - root - INFO - Time taken for epoch 43 is 425.00627064704895 sec
2023-06-14 01:48:48,990 - root - INFO - train data time=14.156427145004272, train step time=113.60795021057129, valid step time=33.84769320487976
2023-06-14 01:48:48,992 - root - INFO - Train loss: 0.6311072707176208. Valid loss: 0.646443784236908
2023-06-14 01:55:53,483 - root - INFO - Time taken for epoch 44 is 424.4886214733124 sec
2023-06-14 01:55:53,485 - root - INFO - train data time=14.235584497451782, train step time=115.27575063705444, valid step time=33.99635696411133
2023-06-14 01:55:53,487 - root - INFO - Train loss: 0.474529504776001. Valid loss: 0.5034080743789673
2023-06-14 02:02:56,656 - root - INFO - Time taken for epoch 45 is 423.1669418811798 sec
2023-06-14 02:02:56,659 - root - INFO - train data time=14.151734352111816, train step time=112.15968346595764, valid step time=34.00465941429138
2023-06-14 02:02:56,661 - root - INFO - Train loss: 0.40386414527893066. Valid loss: 0.4368043839931488
2023-06-14 02:10:04,001 - root - INFO - Time taken for epoch 46 is 427.3379080295563 sec
2023-06-14 02:10:04,004 - root - INFO - train data time=14.31608247756958, train step time=116.54869222640991, valid step time=33.80414009094238
2023-06-14 02:10:04,005 - root - INFO - Train loss: 0.3462272882461548. Valid loss: 0.38544318079948425
2023-06-14 02:17:12,438 - root - INFO - Time taken for epoch 47 is 428.43047165870667 sec
2023-06-14 02:17:12,440 - root - INFO - train data time=14.144485712051392, train step time=117.7515606880188, valid step time=33.78617238998413
2023-06-14 02:17:12,442 - root - INFO - Train loss: 0.32096976041793823. Valid loss: 0.3623584806919098
2023-06-14 02:24:18,738 - root - INFO - Time taken for epoch 48 is 426.29382061958313 sec
2023-06-14 02:24:18,741 - root - INFO - train data time=14.557864904403687, train step time=112.43175387382507, valid step time=33.9512984752655
2023-06-14 02:24:18,743 - root - INFO - Train loss: 0.31416845321655273. Valid loss: 0.3527715802192688
2023-06-14 02:31:30,663 - root - INFO - Time taken for epoch 49 is 431.9181909561157 sec
2023-06-14 02:31:30,665 - root - INFO - train data time=15.443385124206543, train step time=117.79740977287292, valid step time=34.492764472961426
2023-06-14 02:31:30,667 - root - INFO - Train loss: 0.3065371513366699. Valid loss: 0.3463972806930542
2023-06-14 02:38:44,256 - root - INFO - Time taken for epoch 50 is 433.58627367019653 sec
2023-06-14 02:38:44,258 - root - INFO - train data time=14.319930791854858, train step time=122.89790487289429, valid step time=34.63865089416504
2023-06-14 02:38:44,261 - root - INFO - Train loss: 0.5207326412200928. Valid loss: 0.538038432598114
2023-06-14 02:45:54,517 - root - INFO - Time taken for epoch 51 is 430.25423669815063 sec
2023-06-14 02:45:54,520 - root - INFO - train data time=15.446728467941284, train step time=115.20858478546143, valid step time=34.798465967178345
2023-06-14 02:45:54,522 - root - INFO - Train loss: 0.33113089203834534. Valid loss: 0.37118208408355713
2023-06-14 02:53:04,747 - root - INFO - Time taken for epoch 52 is 430.22324562072754 sec
2023-06-14 02:53:04,750 - root - INFO - train data time=14.51106882095337, train step time=117.6523106098175, valid step time=34.15602231025696
2023-06-14 02:53:04,752 - root - INFO - Train loss: 0.6249855160713196. Valid loss: 0.6331601738929749
2023-06-14 03:00:14,517 - root - INFO - Time taken for epoch 53 is 429.7626271247864 sec
2023-06-14 03:00:14,519 - root - INFO - train data time=14.643588066101074, train step time=116.12984085083008, valid step time=34.129183530807495
2023-06-14 03:00:14,521 - root - INFO - Train loss: 0.3241554796695709. Valid loss: 0.36643943190574646
2023-06-14 03:07:22,314 - root - INFO - Time taken for epoch 54 is 427.79031133651733 sec
2023-06-14 03:07:22,317 - root - INFO - train data time=14.191578388214111, train step time=117.11577010154724, valid step time=34.11409401893616
2023-06-14 03:07:22,318 - root - INFO - Train loss: 0.3071024417877197. Valid loss: 0.35086241364479065
2023-06-14 03:14:29,709 - root - INFO - Time taken for epoch 55 is 427.3886065483093 sec
2023-06-14 03:14:29,712 - root - INFO - train data time=14.01722264289856, train step time=117.67695665359497, valid step time=34.51842737197876
2023-06-14 03:14:29,714 - root - INFO - Train loss: 0.30437734723091125. Valid loss: 0.3448168933391571
2023-06-14 03:21:36,770 - root - INFO - Time taken for epoch 56 is 427.0543727874756 sec
2023-06-14 03:21:36,772 - root - INFO - train data time=15.420106649398804, train step time=111.5319881439209, valid step time=34.23486566543579
2023-06-14 03:21:36,774 - root - INFO - Train loss: 0.3004162907600403. Valid loss: 0.3439079523086548
2023-06-14 03:28:43,220 - root - INFO - Time taken for epoch 57 is 426.4438407421112 sec
2023-06-14 03:28:43,224 - root - INFO - train data time=14.178376913070679, train step time=113.15495824813843, valid step time=34.043431758880615
2023-06-14 03:28:43,225 - root - INFO - Train loss: 0.29690831899642944. Valid loss: 0.3420927822589874
2023-06-14 03:35:51,787 - root - INFO - Time taken for epoch 58 is 428.5591559410095 sec
2023-06-14 03:35:51,790 - root - INFO - train data time=14.13694167137146, train step time=116.78766250610352, valid step time=34.23299169540405
2023-06-14 03:35:51,792 - root - INFO - Train loss: 0.29684123396873474. Valid loss: 0.3411942720413208
2023-06-14 03:42:59,609 - root - INFO - Time taken for epoch 59 is 427.8150038719177 sec
2023-06-14 03:42:59,612 - root - INFO - train data time=13.698625326156616, train step time=117.78916954994202, valid step time=34.28985619544983
2023-06-14 03:42:59,614 - root - INFO - Train loss: 0.295263409614563. Valid loss: 0.3396260142326355
2023-06-14 03:50:06,836 - root - INFO - Time taken for epoch 60 is 427.2202351093292 sec
2023-06-14 03:50:06,839 - root - INFO - train data time=13.903798580169678, train step time=118.18718218803406, valid step time=33.72612690925598
2023-06-14 03:50:06,841 - root - INFO - Train loss: 0.2934170365333557. Valid loss: 0.33850041031837463
2023-06-14 03:57:15,812 - root - INFO - Time taken for epoch 61 is 428.96975588798523 sec
2023-06-14 03:57:15,815 - root - INFO - train data time=14.219222068786621, train step time=116.48751163482666, valid step time=34.24969220161438
2023-06-14 03:57:15,816 - root - INFO - Train loss: 0.29313963651657104. Valid loss: 0.33773258328437805
2023-06-14 04:04:28,130 - root - INFO - Time taken for epoch 62 is 432.31184434890747 sec
2023-06-14 04:04:28,133 - root - INFO - train data time=14.147664785385132, train step time=120.07042241096497, valid step time=36.1611590385437
2023-06-14 04:04:28,136 - root - INFO - Train loss: 0.29069793224334717. Valid loss: 0.33688580989837646
2023-06-14 04:11:41,735 - root - INFO - Val loss improved from 0.33682477474212646 to 0.33667048811912537
2023-06-14 04:11:46,063 - root - INFO - Time taken for epoch 63 is 437.9252026081085 sec
2023-06-14 04:11:46,065 - root - INFO - train data time=16.133044958114624, train step time=117.60894131660461, valid step time=35.06281304359436
2023-06-14 04:11:46,067 - root - INFO - Train loss: 0.2974366843700409. Valid loss: 0.33667048811912537
2023-06-14 04:18:54,860 - root - INFO - Val loss improved from 0.33667048811912537 to 0.3357352316379547
2023-06-14 04:18:59,060 - root - INFO - Time taken for epoch 64 is 432.9898111820221 sec
2023-06-14 04:18:59,062 - root - INFO - train data time=14.453888654708862, train step time=116.3714952468872, valid step time=34.50830316543579
2023-06-14 04:18:59,064 - root - INFO - Train loss: 0.2871324419975281. Valid loss: 0.3357352316379547
2023-06-14 04:26:08,090 - root - INFO - Val loss improved from 0.3357352316379547 to 0.3355977237224579
2023-06-14 04:26:12,504 - root - INFO - Time taken for epoch 65 is 433.43816351890564 sec
2023-06-14 04:26:12,507 - root - INFO - train data time=14.151210308074951, train step time=114.57578325271606, valid step time=34.30602264404297
2023-06-14 04:26:12,510 - root - INFO - Train loss: 0.29008254408836365. Valid loss: 0.3355977237224579
2023-06-14 04:33:21,219 - root - INFO - Val loss improved from 0.3355977237224579 to 0.3349408507347107
2023-06-14 04:33:25,441 - root - INFO - Time taken for epoch 66 is 432.9297933578491 sec
2023-06-14 04:33:25,444 - root - INFO - train data time=14.312788724899292, train step time=116.83488583564758, valid step time=34.47302007675171
2023-06-14 04:33:25,446 - root - INFO - Train loss: 0.29477202892303467. Valid loss: 0.3349408507347107
2023-06-14 04:40:35,567 - root - INFO - Val loss improved from 0.3349408507347107 to 0.3346423804759979
2023-06-14 04:40:39,821 - root - INFO - Time taken for epoch 67 is 434.3731334209442 sec
2023-06-14 04:40:39,824 - root - INFO - train data time=14.377413034439087, train step time=117.31832265853882, valid step time=34.31022047996521
2023-06-14 04:40:39,826 - root - INFO - Train loss: 0.2869686782360077. Valid loss: 0.3346423804759979
2023-06-14 04:47:51,711 - root - INFO - Val loss improved from 0.3346423804759979 to 0.3344484269618988
2023-06-14 04:47:56,029 - root - INFO - Time taken for epoch 68 is 436.20142793655396 sec
2023-06-14 04:47:56,032 - root - INFO - train data time=13.997233152389526, train step time=120.07784986495972, valid step time=34.857633113861084
2023-06-14 04:47:56,034 - root - INFO - Train loss: 0.2832173705101013. Valid loss: 0.3344484269618988
2023-06-14 04:55:04,650 - root - INFO - Val loss improved from 0.3344484269618988 to 0.3336612582206726
2023-06-14 04:55:08,943 - root - INFO - Time taken for epoch 69 is 432.9071190357208 sec
2023-06-14 04:55:08,945 - root - INFO - train data time=14.406712293624878, train step time=115.93169474601746, valid step time=34.46058678627014
2023-06-14 04:55:08,947 - root - INFO - Train loss: 0.28345155715942383. Valid loss: 0.3336612582206726
2023-06-14 05:02:20,701 - root - INFO - Time taken for epoch 70 is 431.75166964530945 sec
2023-06-14 05:02:20,703 - root - INFO - train data time=14.403118371963501, train step time=119.9359188079834, valid step time=34.735931634902954
2023-06-14 05:02:20,706 - root - INFO - Train loss: 0.2825997471809387. Valid loss: 0.3336857557296753
2023-06-14 05:09:31,298 - root - INFO - Time taken for epoch 71 is 430.5909352302551 sec
2023-06-14 05:09:31,301 - root - INFO - train data time=13.97139573097229, train step time=119.36748576164246, valid step time=34.5994291305542
2023-06-14 05:09:31,303 - root - INFO - Train loss: 0.2839858829975128. Valid loss: 0.33372485637664795
2023-06-14 05:16:41,956 - root - INFO - Val loss improved from 0.3336612582206726 to 0.33327415585517883
2023-06-14 05:16:46,448 - root - INFO - Time taken for epoch 72 is 435.1437129974365 sec
2023-06-14 05:16:46,451 - root - INFO - train data time=14.590534210205078, train step time=117.01307368278503, valid step time=34.12355327606201
2023-06-14 05:16:46,453 - root - INFO - Train loss: 0.2815318703651428. Valid loss: 0.33327415585517883
2023-06-14 05:23:57,368 - root - INFO - Time taken for epoch 73 is 430.91267371177673 sec
2023-06-14 05:23:57,371 - root - INFO - train data time=13.887850999832153, train step time=118.91616535186768, valid step time=33.96289110183716
2023-06-14 05:23:57,373 - root - INFO - Train loss: 0.27905377745628357. Valid loss: 0.33335936069488525
2023-06-14 05:31:09,357 - root - INFO - Time taken for epoch 74 is 431.98165798187256 sec
2023-06-14 05:31:09,359 - root - INFO - train data time=14.35935640335083, train step time=120.00608944892883, valid step time=34.66817092895508
2023-06-14 05:31:09,361 - root - INFO - Train loss: 0.2837032675743103. Valid loss: 0.33376139402389526
2023-06-14 05:38:18,016 - root - INFO - Time taken for epoch 75 is 428.6526162624359 sec
2023-06-14 05:38:18,019 - root - INFO - train data time=14.098355293273926, train step time=115.74563217163086, valid step time=34.4315664768219
2023-06-14 05:38:18,021 - root - INFO - Train loss: 0.27932852506637573. Valid loss: 0.33336108922958374
2023-06-14 05:45:27,431 - root - INFO - Time taken for epoch 76 is 429.4081118106842 sec
2023-06-14 05:45:27,434 - root - INFO - train data time=13.96587324142456, train step time=118.28768372535706, valid step time=34.62322020530701
2023-06-14 05:45:27,436 - root - INFO - Train loss: 0.2797251045703888. Valid loss: 0.333364874124527
2023-06-14 05:52:35,978 - root - INFO - Val loss improved from 0.33327415585517883 to 0.3332241475582123
2023-06-14 05:52:40,733 - root - INFO - Time taken for epoch 77 is 433.2953083515167 sec
2023-06-14 05:52:40,736 - root - INFO - train data time=14.479052782058716, train step time=117.24315357208252, valid step time=34.1876425743103
2023-06-14 05:52:40,738 - root - INFO - Train loss: 0.3027644455432892. Valid loss: 0.3332241475582123
2023-06-14 05:59:49,424 - root - INFO - Time taken for epoch 78 is 428.6836738586426 sec
2023-06-14 05:59:49,426 - root - INFO - train data time=14.211598634719849, train step time=119.24282264709473, valid step time=34.13609313964844
2023-06-14 05:59:49,428 - root - INFO - Train loss: 0.2750931978225708. Valid loss: 0.3332464396953583
2023-06-14 06:06:58,259 - root - INFO - Time taken for epoch 79 is 428.8290345668793 sec
2023-06-14 06:06:58,262 - root - INFO - train data time=14.306238412857056, train step time=117.0268201828003, valid step time=34.13972043991089
2023-06-14 06:06:58,264 - root - INFO - Train loss: 0.27827706933021545. Valid loss: 0.333225816488266
2023-06-14 06:14:07,248 - root - INFO - Val loss improved from 0.3332241475582123 to 0.3330416977405548
2023-06-14 06:14:11,392 - root - INFO - Time taken for epoch 80 is 433.1263918876648 sec
2023-06-14 06:14:11,394 - root - INFO - train data time=14.064303874969482, train step time=115.01228141784668, valid step time=35.97660231590271
2023-06-14 06:14:11,396 - root - INFO - Train loss: 0.27540552616119385. Valid loss: 0.3330416977405548
2023-06-14 06:21:21,299 - root - INFO - Time taken for epoch 81 is 429.90041613578796 sec
2023-06-14 06:21:21,302 - root - INFO - train data time=14.147170305252075, train step time=115.50910496711731, valid step time=34.32939386367798
2023-06-14 06:21:21,304 - root - INFO - Train loss: 0.27679187059402466. Valid loss: 0.3339952230453491
2023-06-14 06:28:30,403 - root - INFO - Time taken for epoch 82 is 429.09673619270325 sec
2023-06-14 06:28:30,405 - root - INFO - train data time=14.219440460205078, train step time=118.00719714164734, valid step time=34.75625491142273
2023-06-14 06:28:30,407 - root - INFO - Train loss: 0.27724552154541016. Valid loss: 0.33309367299079895
2023-06-14 06:35:39,627 - root - INFO - Time taken for epoch 83 is 429.2184941768646 sec
2023-06-14 06:35:39,630 - root - INFO - train data time=14.415149688720703, train step time=116.17669796943665, valid step time=34.13675022125244
2023-06-14 06:35:39,633 - root - INFO - Train loss: 0.2976832389831543. Valid loss: 0.33379125595092773
2023-06-14 06:42:48,219 - root - INFO - Time taken for epoch 84 is 428.58420515060425 sec
2023-06-14 06:42:48,222 - root - INFO - train data time=14.180540561676025, train step time=115.38703155517578, valid step time=34.521238565444946
2023-06-14 06:42:48,224 - root - INFO - Train loss: 0.2725762128829956. Valid loss: 0.33390310406684875
2023-06-14 06:49:59,484 - root - INFO - Time taken for epoch 85 is 431.25833082199097 sec
2023-06-14 06:49:59,487 - root - INFO - train data time=13.931957006454468, train step time=115.31266021728516, valid step time=36.58748960494995
2023-06-14 06:49:59,489 - root - INFO - Train loss: 0.2754640579223633. Valid loss: 0.33392757177352905
2023-06-14 06:57:09,067 - root - INFO - Time taken for epoch 86 is 429.57606172561646 sec
2023-06-14 06:57:09,069 - root - INFO - train data time=13.744734048843384, train step time=117.10383653640747, valid step time=34.20311713218689
2023-06-14 06:57:09,071 - root - INFO - Train loss: 0.2728465497493744. Valid loss: 0.3335686922073364
2023-06-14 07:04:23,688 - root - INFO - Time taken for epoch 87 is 434.6147258281708 sec
2023-06-14 07:04:23,691 - root - INFO - train data time=13.718914270401001, train step time=121.1967225074768, valid step time=35.68017220497131
2023-06-14 07:04:23,693 - root - INFO - Train loss: 0.27473053336143494. Valid loss: 0.33398863673210144
2023-06-14 07:11:35,191 - root - INFO - Time taken for epoch 88 is 431.49567127227783 sec
2023-06-14 07:11:35,194 - root - INFO - train data time=14.795974016189575, train step time=119.83481931686401, valid step time=34.166775941848755
2023-06-14 07:11:35,196 - root - INFO - Train loss: 0.2807803153991699. Valid loss: 0.3339739739894867
2023-06-14 07:18:45,255 - root - INFO - Time taken for epoch 89 is 430.0574195384979 sec
2023-06-14 07:18:45,258 - root - INFO - train data time=14.059285640716553, train step time=117.99947333335876, valid step time=34.794429540634155
2023-06-14 07:18:45,260 - root - INFO - Train loss: 0.270222932100296. Valid loss: 0.3340466320514679
2023-06-14 07:25:56,084 - root - INFO - Time taken for epoch 90 is 430.82238817214966 sec
2023-06-14 07:25:56,087 - root - INFO - train data time=14.338943243026733, train step time=117.58318209648132, valid step time=34.25055432319641
2023-06-14 07:25:56,089 - root - INFO - Train loss: 0.27038687467575073. Valid loss: 0.33403828740119934
2023-06-14 07:33:05,888 - root - INFO - Time taken for epoch 91 is 429.7970037460327 sec
2023-06-14 07:33:05,890 - root - INFO - train data time=13.897182703018188, train step time=118.61591625213623, valid step time=34.65657901763916
2023-06-14 07:33:05,893 - root - INFO - Train loss: 0.2703831195831299. Valid loss: 0.33435553312301636
2023-06-14 07:40:15,421 - root - INFO - Time taken for epoch 92 is 429.52662801742554 sec
2023-06-14 07:40:15,424 - root - INFO - train data time=14.24991488456726, train step time=115.81749486923218, valid step time=34.2959361076355
2023-06-14 07:40:15,426 - root - INFO - Train loss: 0.27317139506340027. Valid loss: 0.33424657583236694
2023-06-14 07:47:24,401 - root - INFO - Time taken for epoch 93 is 428.9738438129425 sec
2023-06-14 07:47:24,404 - root - INFO - train data time=15.008527278900146, train step time=113.97951221466064, valid step time=34.23803424835205
2023-06-14 07:47:24,406 - root - INFO - Train loss: 0.27067115902900696. Valid loss: 0.3343268632888794
2023-06-14 07:54:37,469 - root - INFO - Time taken for epoch 94 is 433.06206607818604 sec
2023-06-14 07:54:37,472 - root - INFO - train data time=14.234726190567017, train step time=120.22514486312866, valid step time=36.36474347114563
2023-06-14 07:54:37,474 - root - INFO - Train loss: 0.2714729607105255. Valid loss: 0.3342841863632202
2023-06-14 08:01:45,571 - root - INFO - Time taken for epoch 95 is 428.09490752220154 sec
2023-06-14 08:01:45,573 - root - INFO - train data time=14.243377447128296, train step time=117.9398603439331, valid step time=34.48102688789368
2023-06-14 08:01:45,575 - root - INFO - Train loss: 0.2709236145019531. Valid loss: 0.3342834413051605
2023-06-14 08:08:55,043 - root - INFO - Time taken for epoch 96 is 429.46586322784424 sec
2023-06-14 08:08:55,046 - root - INFO - train data time=14.464014291763306, train step time=117.19898772239685, valid step time=33.658379793167114
2023-06-14 08:08:55,048 - root - INFO - Train loss: 0.2693745195865631. Valid loss: 0.3345308005809784
2023-06-14 08:16:05,347 - root - INFO - Time taken for epoch 97 is 430.29724860191345 sec
2023-06-14 08:16:05,350 - root - INFO - train data time=14.230283498764038, train step time=115.04431509971619, valid step time=34.356364011764526
2023-06-14 08:16:05,352 - root - INFO - Train loss: 0.2711018919944763. Valid loss: 0.33455827832221985
2023-06-14 08:23:12,725 - root - INFO - Time taken for epoch 98 is 427.37056732177734 sec
2023-06-14 08:23:12,727 - root - INFO - train data time=14.881078243255615, train step time=115.68975043296814, valid step time=33.9768180847168
2023-06-14 08:23:12,729 - root - INFO - Train loss: 0.27082565426826477. Valid loss: 0.33423808217048645
2023-06-14 08:30:20,939 - root - INFO - Time taken for epoch 99 is 428.20776891708374 sec
2023-06-14 08:30:20,942 - root - INFO - train data time=14.066457271575928, train step time=115.56767535209656, valid step time=34.29156160354614
2023-06-14 08:30:20,944 - root - INFO - Train loss: 0.26977458596229553. Valid loss: 0.3346118628978729
2023-06-14 08:37:25,548 - root - INFO - Terminating training after reaching params.max_epochs while LR scheduler is set to CosineAnnealingLR
2023-06-14 08:37:25,548 - root - INFO - Terminating training after reaching params.max_epochs while LR scheduler is set to CosineAnnealingLR
2023-06-14 08:37:25,548 - root - INFO - Terminating training after reaching params.max_epochs while LR scheduler is set to CosineAnnealingLR
2023-06-14 08:37:25,548 - root - INFO - Terminating training after reaching params.max_epochs while LR scheduler is set to CosineAnnealingLR
wandb: Waiting for W&B process to finish... (success).
paraai-n32-h-01-agent-56:3344772:3345883 [2] NCCL INFO [Service thread] Connection closed by localRank 2
paraai-n32-h-01-agent-56:3344773:3345886 [3] NCCL INFO [Service thread] Connection closed by localRank 3
paraai-n32-h-01-agent-56:3344771:3345884 [1] NCCL INFO [Service thread] Connection closed by localRank 1
paraai-n32-h-01-agent-56:3344772:3344772 [2] NCCL INFO comm 0x1fb80c80 rank 2 nranks 16 cudaDev 2 busId 81000 - Abort COMPLETE
paraai-n32-h-01-agent-56:3344773:3344773 [3] NCCL INFO comm 0x70e0b660 rank 3 nranks 16 cudaDev 3 busId 82000 - Abort COMPLETE
paraai-n32-h-01-agent-56:3344771:3344771 [1] NCCL INFO comm 0x2453fbc0 rank 1 nranks 16 cudaDev 1 busId 2000 - Abort COMPLETE
wandb: 
wandb: Run history:
wandb:         lr ███████▇▇▇▇▇▆▆▆▆▅▅▅▅▄▄▄▄▃▃▃▃▂▂▂▂▂▁▁▁▁▁▁▁
wandb: train_loss ▆█▅▅▄▂▃▂▂▂▂▄▁▁▁▁▅▃▂▁▂▁▁▁▁▁▁▁▁▁▁▁▁▁▁▁▁▁▁▁
wandb:   valid_l1 ▄█▃▃▃▂▂▂▁▁▁▃▁▁▁▁▃▂▁▁▁▁▁▁▁▁▁▁▁▁▁▁▁▁▁▁▁▁▁▁
wandb: valid_loss ▄█▄▄▃▂▃▂▁▁▁▃▁▁▁▁▄▂▁▁▁▁▁▁▁▁▁▁▁▁▁▁▁▁▁▁▁▁▁▁
wandb: 
wandb: Run summary:
wandb:         lr 0.0
wandb: train_loss 0.26983
wandb:   valid_l1 0.14167
wandb: valid_loss 0.33462
wandb: 
wandb: You can sync this run to the cloud by running:
wandb: wandb sync /home/bingxing2/home/scx6115/Ocean_AI_model/wandb/offline-run-20230613_203842-4hm8ecq3
wandb: Find logs at: ./wandb/offline-run-20230613_203842-4hm8ecq3/logs
paraai-n32-h-01-agent-56:3344770:3345885 [0] NCCL INFO [Service thread] Connection closed by localRank 0
paraai-n32-h-01-agent-56:3344770:3344770 [0] NCCL INFO comm 0x273caf80 rank 0 nranks 16 cudaDev 0 busId 1000 - Abort COMPLETE
