master_addr is only used for static rdzv_backend and when rdzv_endpoint is not specified.
WARNING:torch.distributed.run:
*****************************************
Setting OMP_NUM_THREADS environment variable for each process to be 1 in default, to avoid your system being overloaded, please further tune the variable for optimal performance in your application as needed. 
*****************************************
paraai-n32-h-01-agent-14
paraai-n32-h-01-agent-14
0paraai-n32-h-01-agent-14

paraai-n32-h-01-agent-14
0------------------ Configuration ------------------ 
 ------------------ Configuration ------------------ /home/bingxing2/home/scx6115/Ocean_AI_model/config/Model.yaml 
/home/bingxing2/home/scx6115/Ocean_AI_model/config/Model.yaml
00

------------------ Configuration ------------------ ------------------ Configuration ------------------   /home/bingxing2/home/scx6115/Ocean_AI_model/config/Model.yaml/home/bingxing2/home/scx6115/Ocean_AI_model/config/Model.yaml

nettype Masked_AE_fusion
log_to_wandb True
lr 0.001
batch_size 64
max_epochs 100
scheduler nettypeCosineAnnealingLR 
Masked_AE_fusionfusion_3d_2d
 log_to_wandbTrue 
nettypeTruein_chans 
 Masked_AE_fusionlr31
 
log_to_wandb0.001out_chans 
 Truenettypebatch_size25
  
lrMasked_AE_fusion64in_channels 

 0.001log_to_wandbmax_epochs[0, 1, 2, 3, 4, 5, 6, 7, 8, 9, 10, 11, 12, 13, 14, 15, 16, 17, 18, 19, 20, 21, 22, 23, 24, 25, 26, 27, 28, 29]
  
batch_sizeTrue100out_channels 

 64lrscheduler[0, 1, 2, 3, 4, 5, 6, 7, 8, 9, 10, 11, 12, 13, 14, 15, 16, 17, 18, 19, 20, 21, 22, 23, 24]
  
max_epochs0.001CosineAnnealingLRimg_size_h 

 100batch_sizefusion_3d_2d720
  
scheduler64Trueimg_size_w 

 CosineAnnealingLRmax_epochsin_chans1440
  
fusion_3d_2d10031patch_size_h 

 Trueschedulerout_chans16
  
in_chansCosineAnnealingLR25patch_size_w 

 31fusion_3d_2din_channels16
  
out_chansTrue[0, 1, 2, 3, 4, 5, 6, 7, 8, 9, 10, 11, 12, 13, 14, 15, 16, 17, 18, 19, 20, 21, 22, 23, 24, 25, 26, 27, 28, 29]patch_size_d 

 25in_chansout_channels2
  
in_channels31[0, 1, 2, 3, 4, 5, 6, 7, 8, 9, 10, 11, 12, 13, 14, 15, 16, 17, 18, 19, 20, 21, 22, 23, 24]mlp_ratio 

 [0, 1, 2, 3, 4, 5, 6, 7, 8, 9, 10, 11, 12, 13, 14, 15, 16, 17, 18, 19, 20, 21, 22, 23, 24, 25, 26, 27, 28, 29]out_chansimg_size_h4.0
  
out_channels25720in_chans_2d 

 [0, 1, 2, 3, 4, 5, 6, 7, 8, 9, 10, 11, 12, 13, 14, 15, 16, 17, 18, 19, 20, 21, 22, 23, 24]in_channelsimg_size_w7
  
img_size_h[0, 1, 2, 3, 4, 5, 6, 7, 8, 9, 10, 11, 12, 13, 14, 15, 16, 17, 18, 19, 20, 21, 22, 23, 24, 25, 26, 27, 28, 29]1440out_chans_2d 

 720out_channelspatch_size_h1
  
img_size_w[0, 1, 2, 3, 4, 5, 6, 7, 8, 9, 10, 11, 12, 13, 14, 15, 16, 17, 18, 19, 20, 21, 22, 23, 24]16in_chans_3d 

 1440img_size_hpatch_size_w4
  
patch_size_h72016out_chans_3d 

 16img_size_wpatch_size_d4
  
patch_size_w14402var_depth 

 16patch_size_hmlp_ratio6
  
patch_size_d164.0embed_dim 

 2patch_size_win_chans_2d512
  
mlp_ratio167depth 

 4.0patch_size_dout_chans_2d16
  
in_chans_2d21num_heads 

 7mlp_ratioin_chans_3d16
  
out_chans_2d4.04decoder_embed_dim 

 1in_chans_2dout_chans_3d1024
  
in_chans_3d74decoder_depth 

 4out_chans_2dvar_depth8
  
out_chans_3d16decoder_num_heads 

 4in_chans_3dembed_dim16
  
var_depth4512drop_rate 

 6out_chans_3ddepth0.0
  
embed_dim416drop_path_rate 

 512var_depthnum_heads0.0
  
depth616sparsity_threshold 

 16embed_dimdecoder_embed_dim0.01
  
num_heads5121024hard_thresholding_fraction 

 16depthdecoder_depth1.0
  
decoder_embed_dim168num_blocks 

 1024num_headsdecoder_num_heads8
  
decoder_depth1616loss 

 8decoder_embed_dimdrop_ratel2
  
decoder_num_heads10240.0num_data_workers 

 16decoder_depthdrop_path_rate0
  
drop_rate80.0dt 

 0.0decoder_num_headssparsity_threshold1
  
drop_path_rate160.01n_history 

 0.0drop_ratehard_thresholding_fraction0
  
sparsity_threshold0.01.0prediction_type 

 0.01drop_path_ratenum_blocksiterative
  
hard_thresholding_fraction0.08prediction_length 

 1.0losssparsity_threshold41
  
num_blocksl20.01n_initial_conditions 

 8num_data_workershard_thresholding_fraction5
  
loss01.0ics_type 

 l2dtnum_blocksdefault
  
num_data_workers18date_strings 

 0n_historyloss['2018-09-14 00:00:00']
  
dt0l2save_raw_forecasts 

 1prediction_typenum_data_workersTrue
  
n_historyiterative0save_channel 

 0prediction_lengthdtFalse
  
prediction_type411masked_acc 

 iterativen_initial_conditionsn_historyFalse
  
prediction_length50maskpath 

 41ics_typeprediction_typeNone
  
n_initial_conditionsdefaultiterativeperturb 

 5date_stringsprediction_lengthFalse
  
ics_type['2018-09-14 00:00:00']41add_grid 

 defaultsave_raw_forecastsn_initial_conditionsFalse
  
date_strings True['2018-09-14 00:00:00']5
N_grid_channels

save_channel save_raw_forecastsics_type 0  False
Truedefault
gridtype

masked_acc save_channeldate_strings sinusoidal  False
False['2018-09-14 00:00:00']
roll

maskpath masked_accsave_raw_forecasts False  None
FalseTrue
enable_nhwc

perturb maskpathsave_channel False  False
NoneFalse
optimizer_type

add_grid perturbmasked_acc FusedAdam  False
FalseFalse
exp_dir

N_grid_channels add_gridmaskpath ./exp  0
FalseNone
patch_size

gridtype N_grid_channelsperturb 8  sinusoidal
0False
width

roll gridtypeadd_grid 56  False
sinusoidalFalse
modes

enable_nhwc rollN_grid_channels 32  False
False0
target

optimizer_type enable_nhwcgridtype default  FusedAdam
Falsesinusoidal
train_data_path

exp_dir optimizer_typeroll /home/bingxing2/home/scx6115/Ocean_AI_model/sample_00/train  ./exp
FusedAdamFalse
valid_data_path

patch_size exp_direnable_nhwc /home/bingxing2/home/scx6115/Ocean_AI_model/sample_00/valid  8
./expFalse
test_data_path

width patch_sizeoptimizer_type /home/bingxing2/home/scx6115/Ocean_AI_model/sample_00/test  56
8FusedAdam
land_mask

modes widthexp_dir True  32
56./exp
land_mask_path

target modespatch_size /home/bingxing2/home/scx6115/Ocean_AI_model/sample_00/land_mask.h5  default
328
normalize

train_data_path targetwidth True  /home/bingxing2/home/scx6115/Ocean_AI_model/sample_00/train
default56
normalization

valid_data_path train_data_pathmodes zscore  /home/bingxing2/home/scx6115/Ocean_AI_model/sample_00/valid
/home/bingxing2/home/scx6115/Ocean_AI_model/sample_00/train32
global_mins_path

test_data_path valid_data_pathtarget /home/bingxing2/home/scx6115/Ocean_AI_model/sample_00/train/global_mins.npy  /home/bingxing2/home/scx6115/Ocean_AI_model/sample_00/test
/home/bingxing2/home/scx6115/Ocean_AI_model/sample_00/validdefault
global_maxs_path

land_mask test_data_pathtrain_data_path /home/bingxing2/home/scx6115/Ocean_AI_model/sample_00/train/global_maxs.npy  True
/home/bingxing2/home/scx6115/Ocean_AI_model/sample_00/test/home/bingxing2/home/scx6115/Ocean_AI_model/sample_00/train
global_means_path

land_mask_path land_maskvalid_data_path /home/bingxing2/home/scx6115/Ocean_AI_model/sample_00/train/global_means.npy  /home/bingxing2/home/scx6115/Ocean_AI_model/sample_00/land_mask.h5
True/home/bingxing2/home/scx6115/Ocean_AI_model/sample_00/valid
global_stds_path

normalize land_mask_pathtest_data_path /home/bingxing2/home/scx6115/Ocean_AI_model/sample_00/train/global_stds.npy  True
/home/bingxing2/home/scx6115/Ocean_AI_model/sample_00/land_mask.h5/home/bingxing2/home/scx6115/Ocean_AI_model/sample_00/test
orography

normalization normalizeland_mask True  zscore
TrueTrue
orography_norm_zscore_path

global_mins_path normalizationland_mask_path /home/bingxing2/home/scx6115/Ocean_AI_model/sample_00/orography_norm_zscore.h5  /home/bingxing2/home/scx6115/Ocean_AI_model/sample_00/train/global_mins.npy
zscore/home/bingxing2/home/scx6115/Ocean_AI_model/sample_00/land_mask.h5
orography_norm_maxmin_path

global_maxs_path global_mins_pathnormalize /home/bingxing2/home/scx6115/Ocean_AI_model/sample_00/orography_norm_maxmin.h5  /home/bingxing2/home/scx6115/Ocean_AI_model/sample_00/train/global_maxs.npy
/home/bingxing2/home/scx6115/Ocean_AI_model/sample_00/train/global_mins.npyTrue
add_noise

global_means_path global_maxs_pathnormalization False  /home/bingxing2/home/scx6115/Ocean_AI_model/sample_00/train/global_means.npy
/home/bingxing2/home/scx6115/Ocean_AI_model/sample_00/train/global_maxs.npyzscore
noise_std

global_stds_path global_means_pathglobal_mins_path 0  /home/bingxing2/home/scx6115/Ocean_AI_model/sample_00/train/global_stds.npy
/home/bingxing2/home/scx6115/Ocean_AI_model/sample_00/train/global_means.npy/home/bingxing2/home/scx6115/Ocean_AI_model/sample_00/train/global_mins.npy
crop_size_x

orography global_stds_pathglobal_maxs_path None  True
/home/bingxing2/home/scx6115/Ocean_AI_model/sample_00/train/global_stds.npy/home/bingxing2/home/scx6115/Ocean_AI_model/sample_00/train/global_maxs.npy
crop_size_y

orography_norm_zscore_path orographyglobal_means_path None  /home/bingxing2/home/scx6115/Ocean_AI_model/sample_00/orography_norm_zscore.h5
True/home/bingxing2/home/scx6115/Ocean_AI_model/sample_00/train/global_means.npy
log_to_screen

orography_norm_maxmin_path orography_norm_zscore_pathglobal_stds_path True  /home/bingxing2/home/scx6115/Ocean_AI_model/sample_00/orography_norm_maxmin.h5
/home/bingxing2/home/scx6115/Ocean_AI_model/sample_00/orography_norm_zscore.h5/home/bingxing2/home/scx6115/Ocean_AI_model/sample_00/train/global_stds.npy
save_checkpoint

add_noise orography_norm_maxmin_pathorography True  False
/home/bingxing2/home/scx6115/Ocean_AI_model/sample_00/orography_norm_maxmin.h5True
plot_animations

noise_std add_noiseorography_norm_zscore_path False  0
False/home/bingxing2/home/scx6115/Ocean_AI_model/sample_00/orography_norm_zscore.h5


crop_size_xnoise_std---------------------------------------------------orography_norm_maxmin_path  
 None0/home/bingxing2/home/scx6115/Ocean_AI_model/sample_00/orography_norm_maxmin.h5world_size :


 crop_size_ycrop_size_xadd_noise16   
NoneNoneFalseInitialize distributed process group...



log_to_screencrop_size_ynoise_std   TrueNone0


save_checkpointlog_to_screencrop_size_x   TrueTrueNone


plot_animationssave_checkpointcrop_size_y   FalseTrueNone


plot_animationslog_to_screen --------------------------------------------------- False
True

world_size :save_checkpoint  ---------------------------------------------------16True


Initialize distributed process group...world_size :plot_animations
  16False

Initialize distributed process group...
---------------------------------------------------
world_size : 16
Initialize distributed process group...
2023-06-13 17:55:30,252 - torch.distributed.distributed_c10d - INFO - Added key: store_based_barrier_key:1 to store for rank: 1
2023-06-13 17:55:30,252 - torch.distributed.distributed_c10d - INFO - Added key: store_based_barrier_key:1 to store for rank: 2
2023-06-13 17:55:30,252 - torch.distributed.distributed_c10d - INFO - Added key: store_based_barrier_key:1 to store for rank: 3
2023-06-13 17:55:31,201 - torch.distributed.distributed_c10d - INFO - Added key: store_based_barrier_key:1 to store for rank: 0
2023-06-13 17:55:31,201 - torch.distributed.distributed_c10d - INFO - Rank 0: Completed store-based barrier for key:store_based_barrier_key:1 with 16 nodes.
2023-06-13 17:55:31,210 - torch.distributed.distributed_c10d - INFO - Rank 1: Completed store-based barrier for key:store_based_barrier_key:1 with 16 nodes.
2023-06-13 17:55:31,210 - torch.distributed.distributed_c10d - INFO - Rank 2: Completed store-based barrier for key:store_based_barrier_key:1 with 16 nodes.
2023-06-13 17:55:31,211 - torch.distributed.distributed_c10d - INFO - Rank 3: Completed store-based barrier for key:store_based_barrier_key:1 with 16 nodes.
2023-06-13 17:55:31,266 - root - INFO - device: cuda:2
2023-06-13 17:55:31,266 - root - INFO - device: cuda:1
2023-06-13 17:55:31,266 - root - INFO - rank 2, begin data loader init
2023-06-13 17:55:31,266 - root - INFO - rank 1, begin data loader init
2023-06-13 17:55:31,267 - root - INFO - device: cuda:3
2023-06-13 17:55:31,268 - root - INFO - rank 3, begin data loader init
2023-06-13 17:55:31,308 - root - INFO - Getting file stats from /home/bingxing2/home/scx6115/Ocean_AI_model/sample_00/train/2000.h5
2023-06-13 17:55:31,308 - root - INFO - Getting file stats from /home/bingxing2/home/scx6115/Ocean_AI_model/sample_00/train/2000.h5
2023-06-13 17:55:31,308 - root - INFO - Getting file stats from /home/bingxing2/home/scx6115/Ocean_AI_model/sample_00/train/2000.h5
2023-06-13 17:55:31,309 - root - INFO - Number of samples per year: 365
2023-06-13 17:55:31,309 - root - INFO - Number of samples per year: 365
2023-06-13 17:55:31,309 - root - INFO - Found data at path /home/bingxing2/home/scx6115/Ocean_AI_model/sample_00/train. Number of examples: 4015. Image Shape: 720 x 1440 x 30
2023-06-13 17:55:31,309 - root - INFO - Found data at path /home/bingxing2/home/scx6115/Ocean_AI_model/sample_00/train. Number of examples: 4015. Image Shape: 720 x 1440 x 30
2023-06-13 17:55:31,309 - root - INFO - Delta t: 1 days
2023-06-13 17:55:31,309 - root - INFO - Delta t: 1 days
2023-06-13 17:55:31,309 - root - INFO - Including 0 days of past history in training at a frequency of 1 days
2023-06-13 17:55:31,309 - root - INFO - Including 0 days of past history in training at a frequency of 1 days
2023-06-13 17:55:31,309 - root - INFO - Number of samples per year: 365
2023-06-13 17:55:31,309 - root - INFO - Found data at path /home/bingxing2/home/scx6115/Ocean_AI_model/sample_00/train. Number of examples: 4015. Image Shape: 720 x 1440 x 30
2023-06-13 17:55:31,310 - root - INFO - Delta t: 1 days
2023-06-13 17:55:31,310 - root - INFO - Including 0 days of past history in training at a frequency of 1 days
2023-06-13 17:55:31,315 - root - INFO - Getting file stats from /home/bingxing2/home/scx6115/Ocean_AI_model/sample_00/valid/2011.h5
2023-06-13 17:55:31,315 - root - INFO - Getting file stats from /home/bingxing2/home/scx6115/Ocean_AI_model/sample_00/valid/2011.h5
2023-06-13 17:55:31,315 - root - INFO - Getting file stats from /home/bingxing2/home/scx6115/Ocean_AI_model/sample_00/valid/2011.h5
2023-06-13 17:55:31,316 - root - INFO - Number of samples per year: 364
2023-06-13 17:55:31,316 - root - INFO - Number of samples per year: 364
2023-06-13 17:55:31,316 - root - INFO - Found data at path /home/bingxing2/home/scx6115/Ocean_AI_model/sample_00/valid. Number of examples: 364. Image Shape: 720 x 1440 x 30
2023-06-13 17:55:31,316 - root - INFO - Number of samples per year: 364
2023-06-13 17:55:31,316 - root - INFO - Found data at path /home/bingxing2/home/scx6115/Ocean_AI_model/sample_00/valid. Number of examples: 364. Image Shape: 720 x 1440 x 30
2023-06-13 17:55:31,316 - root - INFO - Delta t: 1 days
2023-06-13 17:55:31,316 - root - INFO - Found data at path /home/bingxing2/home/scx6115/Ocean_AI_model/sample_00/valid. Number of examples: 364. Image Shape: 720 x 1440 x 30
2023-06-13 17:55:31,316 - root - INFO - Delta t: 1 days
2023-06-13 17:55:31,316 - root - INFO - Including 0 days of past history in training at a frequency of 1 days
2023-06-13 17:55:31,316 - root - INFO - Delta t: 1 days
2023-06-13 17:55:31,316 - root - INFO - Including 0 days of past history in training at a frequency of 1 days
2023-06-13 17:55:31,316 - root - INFO - Including 0 days of past history in training at a frequency of 1 days
2023-06-13 17:55:31,317 - root - INFO - rank 2, data loader initialized
2023-06-13 17:55:31,317 - root - INFO - rank 1, data loader initialized
2023-06-13 17:55:31,317 - root - INFO - rank 3, data loader initialized
2023-06-13 17:55:31,332 - root - INFO - ------------------ Configuration ------------------
2023-06-13 17:55:31,332 - root - INFO - Configuration file: /home/bingxing2/home/scx6115/Ocean_AI_model/config/Model.yaml
2023-06-13 17:55:31,332 - root - INFO - Configuration name: Masked_AE_fusion
2023-06-13 17:55:31,332 - root - INFO - nettype Masked_AE_fusion
2023-06-13 17:55:31,332 - root - INFO - log_to_wandb True
2023-06-13 17:55:31,332 - root - INFO - lr 0.001
2023-06-13 17:55:31,332 - root - INFO - batch_size 4
2023-06-13 17:55:31,333 - root - INFO - max_epochs 100
2023-06-13 17:55:31,333 - root - INFO - scheduler CosineAnnealingLR
2023-06-13 17:55:31,333 - root - INFO - fusion_3d_2d True
2023-06-13 17:55:31,333 - root - INFO - in_chans 31
2023-06-13 17:55:31,333 - root - INFO - out_chans 25
2023-06-13 17:55:31,333 - root - INFO - in_channels [0, 1, 2, 3, 4, 5, 6, 7, 8, 9, 10, 11, 12, 13, 14, 15, 16, 17, 18, 19, 20, 21, 22, 23, 24, 25, 26, 27, 28, 29]
2023-06-13 17:55:31,333 - root - INFO - out_channels [0, 1, 2, 3, 4, 5, 6, 7, 8, 9, 10, 11, 12, 13, 14, 15, 16, 17, 18, 19, 20, 21, 22, 23, 24]
2023-06-13 17:55:31,333 - root - INFO - img_size_h 720
2023-06-13 17:55:31,333 - root - INFO - img_size_w 1440
2023-06-13 17:55:31,333 - root - INFO - patch_size_h 16
2023-06-13 17:55:31,333 - root - INFO - patch_size_w 16
2023-06-13 17:55:31,333 - root - INFO - patch_size_d 2
2023-06-13 17:55:31,333 - root - INFO - mlp_ratio 4.0
2023-06-13 17:55:31,334 - root - INFO - in_chans_2d 7
2023-06-13 17:55:31,334 - root - INFO - out_chans_2d 1
2023-06-13 17:55:31,334 - root - INFO - in_chans_3d 4
2023-06-13 17:55:31,334 - root - INFO - out_chans_3d 4
2023-06-13 17:55:31,334 - root - INFO - var_depth 6
2023-06-13 17:55:31,334 - root - INFO - embed_dim 512
2023-06-13 17:55:31,334 - root - INFO - depth 16
2023-06-13 17:55:31,334 - root - INFO - num_heads 16
2023-06-13 17:55:31,334 - root - INFO - decoder_embed_dim 1024
2023-06-13 17:55:31,334 - root - INFO - decoder_depth 8
2023-06-13 17:55:31,334 - root - INFO - decoder_num_heads 16
2023-06-13 17:55:31,334 - root - INFO - drop_rate 0.0
2023-06-13 17:55:31,334 - root - INFO - drop_path_rate 0.0
2023-06-13 17:55:31,334 - root - INFO - sparsity_threshold 0.01
2023-06-13 17:55:31,335 - root - INFO - hard_thresholding_fraction 1.0
2023-06-13 17:55:31,335 - root - INFO - num_blocks 8
2023-06-13 17:55:31,335 - root - INFO - loss l2
2023-06-13 17:55:31,335 - root - INFO - num_data_workers 0
2023-06-13 17:55:31,335 - root - INFO - dt 1
2023-06-13 17:55:31,335 - root - INFO - n_history 0
2023-06-13 17:55:31,335 - root - INFO - prediction_type iterative
2023-06-13 17:55:31,335 - root - INFO - prediction_length 41
2023-06-13 17:55:31,335 - root - INFO - n_initial_conditions 5
2023-06-13 17:55:31,335 - root - INFO - ics_type default
2023-06-13 17:55:31,335 - root - INFO - date_strings ['2018-09-14 00:00:00']
2023-06-13 17:55:31,335 - root - INFO - save_raw_forecasts True
2023-06-13 17:55:31,335 - root - INFO - save_channel False
2023-06-13 17:55:31,336 - root - INFO - masked_acc False
2023-06-13 17:55:31,336 - root - INFO - maskpath None
2023-06-13 17:55:31,336 - root - INFO - perturb False
2023-06-13 17:55:31,336 - root - INFO - add_grid False
2023-06-13 17:55:31,336 - root - INFO - N_grid_channels 0
2023-06-13 17:55:31,336 - root - INFO - gridtype sinusoidal
2023-06-13 17:55:31,336 - root - INFO - roll False
2023-06-13 17:55:31,336 - root - INFO - enable_nhwc False
2023-06-13 17:55:31,336 - root - INFO - optimizer_type FusedAdam
2023-06-13 17:55:31,336 - root - INFO - exp_dir ./exp
2023-06-13 17:55:31,336 - root - INFO - patch_size 8
2023-06-13 17:55:31,336 - root - INFO - width 56
2023-06-13 17:55:31,336 - root - INFO - modes 32
2023-06-13 17:55:31,336 - root - INFO - target default
2023-06-13 17:55:31,337 - root - INFO - train_data_path /home/bingxing2/home/scx6115/Ocean_AI_model/sample_00/train
2023-06-13 17:55:31,337 - root - INFO - valid_data_path /home/bingxing2/home/scx6115/Ocean_AI_model/sample_00/valid
2023-06-13 17:55:31,337 - root - INFO - test_data_path /home/bingxing2/home/scx6115/Ocean_AI_model/sample_00/test
2023-06-13 17:55:31,337 - root - INFO - land_mask True
2023-06-13 17:55:31,337 - root - INFO - land_mask_path /home/bingxing2/home/scx6115/Ocean_AI_model/sample_00/land_mask.h5
2023-06-13 17:55:31,337 - root - INFO - normalize True
2023-06-13 17:55:31,337 - root - INFO - normalization zscore
2023-06-13 17:55:31,337 - root - INFO - global_mins_path /home/bingxing2/home/scx6115/Ocean_AI_model/sample_00/train/global_mins.npy
2023-06-13 17:55:31,337 - root - INFO - global_maxs_path /home/bingxing2/home/scx6115/Ocean_AI_model/sample_00/train/global_maxs.npy
2023-06-13 17:55:31,337 - root - INFO - global_means_path /home/bingxing2/home/scx6115/Ocean_AI_model/sample_00/train/global_means.npy
2023-06-13 17:55:31,337 - root - INFO - global_stds_path /home/bingxing2/home/scx6115/Ocean_AI_model/sample_00/train/global_stds.npy
2023-06-13 17:55:31,337 - root - INFO - orography True
2023-06-13 17:55:31,337 - root - INFO - orography_norm_zscore_path /home/bingxing2/home/scx6115/Ocean_AI_model/sample_00/orography_norm_zscore.h5
2023-06-13 17:55:31,338 - root - INFO - orography_norm_maxmin_path /home/bingxing2/home/scx6115/Ocean_AI_model/sample_00/orography_norm_maxmin.h5
2023-06-13 17:55:31,338 - root - INFO - add_noise False
2023-06-13 17:55:31,338 - root - INFO - noise_std 0
2023-06-13 17:55:31,338 - root - INFO - crop_size_x None
2023-06-13 17:55:31,338 - root - INFO - crop_size_y None
2023-06-13 17:55:31,338 - root - INFO - log_to_screen True
2023-06-13 17:55:31,338 - root - INFO - save_checkpoint True
2023-06-13 17:55:31,338 - root - INFO - plot_animations False
2023-06-13 17:55:31,338 - root - INFO - epsilon_factor 0
2023-06-13 17:55:31,338 - root - INFO - world_size 16
2023-06-13 17:55:31,338 - root - INFO - local_rank 0
2023-06-13 17:55:31,338 - root - INFO - global_batch_size 64
2023-06-13 17:55:31,338 - root - INFO - enable_amp True
2023-06-13 17:55:31,338 - root - INFO - experiment_dir /home/bingxing2/home/scx6115/Ocean_AI_model/exp/Masked_AE_fusion/20230613-175510
2023-06-13 17:55:31,339 - root - INFO - checkpoint_path ./exp/Masked_AE_fusion/20230613-175510/training_checkpoints/ckpt.tar
2023-06-13 17:55:31,339 - root - INFO - best_checkpoint_path ./exp/Masked_AE_fusion/20230613-175510/training_checkpoints/best_ckpt.tar
2023-06-13 17:55:31,339 - root - INFO - resuming False
2023-06-13 17:55:31,339 - root - INFO - entity ocean_ai_model
2023-06-13 17:55:31,339 - root - INFO - project ai4science
2023-06-13 17:55:31,339 - root - INFO - group 025_daily
2023-06-13 17:55:31,339 - root - INFO - name Masked_AE_fusion_20230613-175510
2023-06-13 17:55:31,339 - root - INFO - ---------------------------------------------------
wandb: Tracking run with wandb version 0.15.3
wandb: W&B syncing is set to `offline` in this directory.  
wandb: Run `wandb online` or set WANDB_MODE=online to enable cloud syncing.
2023-06-13 17:55:40,925 - root - INFO - device: cuda:0
2023-06-13 17:55:40,926 - root - INFO - rank 0, begin data loader init
2023-06-13 17:55:40,930 - root - INFO - Getting file stats from /home/bingxing2/home/scx6115/Ocean_AI_model/sample_00/train/2000.h5
2023-06-13 17:55:40,932 - root - INFO - Number of samples per year: 365
2023-06-13 17:55:40,932 - root - INFO - Found data at path /home/bingxing2/home/scx6115/Ocean_AI_model/sample_00/train. Number of examples: 4015. Image Shape: 720 x 1440 x 30
2023-06-13 17:55:40,932 - root - INFO - Delta t: 1 days
2023-06-13 17:55:40,932 - root - INFO - Including 0 days of past history in training at a frequency of 1 days
2023-06-13 17:55:40,935 - root - INFO - Getting file stats from /home/bingxing2/home/scx6115/Ocean_AI_model/sample_00/valid/2011.h5
2023-06-13 17:55:40,937 - root - INFO - Number of samples per year: 364
2023-06-13 17:55:40,937 - root - INFO - Found data at path /home/bingxing2/home/scx6115/Ocean_AI_model/sample_00/valid. Number of examples: 364. Image Shape: 720 x 1440 x 30
2023-06-13 17:55:40,937 - root - INFO - Delta t: 1 days
2023-06-13 17:55:40,937 - root - INFO - Including 0 days of past history in training at a frequency of 1 days
2023-06-13 17:55:40,938 - root - INFO - rank 0, data loader initialized
paraai-n32-h-01-agent-14:2463181:2463181 [0] NCCL INFO Bootstrap : Using eth0:172.16.4.37<0>
paraai-n32-h-01-agent-14:2463181:2463181 [0] NCCL INFO NET/Plugin : No plugin found (libnccl-net.so), using internal implementation
paraai-n32-h-01-agent-14:2463181:2463181 [0] NCCL INFO cudaDriverVersion 11060
NCCL version 2.14.3+cuda11.7
paraai-n32-h-01-agent-14:2463182:2463182 [1] NCCL INFO cudaDriverVersion 11060
paraai-n32-h-01-agent-14:2463183:2463183 [2] NCCL INFO cudaDriverVersion 11060
paraai-n32-h-01-agent-14:2463184:2463184 [3] NCCL INFO cudaDriverVersion 11060
paraai-n32-h-01-agent-14:2463181:2464226 [0] NCCL INFO NCCL_IB_DISABLE set by environment to 0.
paraai-n32-h-01-agent-14:2463183:2463183 [2] NCCL INFO Bootstrap : Using eth0:172.16.4.37<0>
paraai-n32-h-01-agent-14:2463184:2463184 [3] NCCL INFO Bootstrap : Using eth0:172.16.4.37<0>
paraai-n32-h-01-agent-14:2463182:2463182 [1] NCCL INFO Bootstrap : Using eth0:172.16.4.37<0>
paraai-n32-h-01-agent-14:2463184:2463184 [3] NCCL INFO NET/Plugin : No plugin found (libnccl-net.so), using internal implementation
paraai-n32-h-01-agent-14:2463182:2463182 [1] NCCL INFO NET/Plugin : No plugin found (libnccl-net.so), using internal implementation
paraai-n32-h-01-agent-14:2463183:2463183 [2] NCCL INFO NET/Plugin : No plugin found (libnccl-net.so), using internal implementation
paraai-n32-h-01-agent-14:2463184:2464228 [3] NCCL INFO NCCL_IB_DISABLE set by environment to 0.
paraai-n32-h-01-agent-14:2463183:2464229 [2] NCCL INFO NCCL_IB_DISABLE set by environment to 0.
paraai-n32-h-01-agent-14:2463182:2464227 [1] NCCL INFO NCCL_IB_DISABLE set by environment to 0.
paraai-n32-h-01-agent-14:2463181:2464226 [0] NCCL INFO NET/IB : Using [0]mlx5_0:1/RoCE [1]mlx5_1:1/RoCE [2]mlx5_2:1/RoCE [3]mlx5_3:1/RoCE [RO]; OOB eth0:172.16.4.37<0>
paraai-n32-h-01-agent-14:2463181:2464226 [0] NCCL INFO Using network IB
paraai-n32-h-01-agent-14:2463183:2464229 [2] NCCL INFO NET/IB : Using [0]mlx5_0:1/RoCE [1]mlx5_1:1/RoCE [2]mlx5_2:1/RoCE [3]mlx5_3:1/RoCE [RO]; OOB eth0:172.16.4.37<0>
paraai-n32-h-01-agent-14:2463183:2464229 [2] NCCL INFO Using network IB
paraai-n32-h-01-agent-14:2463182:2464227 [1] NCCL INFO NET/IB : Using [0]mlx5_0:1/RoCE [1]mlx5_1:1/RoCE [2]mlx5_2:1/RoCE [3]mlx5_3:1/RoCE [RO]; OOB eth0:172.16.4.37<0>
paraai-n32-h-01-agent-14:2463182:2464227 [1] NCCL INFO Using network IB
paraai-n32-h-01-agent-14:2463184:2464228 [3] NCCL INFO NET/IB : Using [0]mlx5_0:1/RoCE [1]mlx5_1:1/RoCE [2]mlx5_2:1/RoCE [3]mlx5_3:1/RoCE [RO]; OOB eth0:172.16.4.37<0>
paraai-n32-h-01-agent-14:2463184:2464228 [3] NCCL INFO Using network IB
paraai-n32-h-01-agent-14:2463184:2464228 [3] NCCL INFO Setting affinity for GPU 3 to ffffffff,00000000,00000000
paraai-n32-h-01-agent-14:2463182:2464227 [1] NCCL INFO Setting affinity for GPU 1 to ffffffff
paraai-n32-h-01-agent-14:2463181:2464226 [0] NCCL INFO Setting affinity for GPU 0 to ffffffff
paraai-n32-h-01-agent-14:2463183:2464229 [2] NCCL INFO Setting affinity for GPU 2 to ffffffff,00000000,00000000
paraai-n32-h-01-agent-14:2463181:2464226 [0] NCCL INFO Channel 00/02 :    0   1   2   3   4   5   6   7   8   9  10  11  12  13  14  15
paraai-n32-h-01-agent-14:2463183:2464229 [2] NCCL INFO Trees [0] 3/-1/-1->2->1 [1] 3/-1/-1->2->1
paraai-n32-h-01-agent-14:2463182:2464227 [1] NCCL INFO Trees [0] 2/-1/-1->1->0 [1] 2/-1/-1->1->0
paraai-n32-h-01-agent-14:2463184:2464228 [3] NCCL INFO Trees [0] -1/-1/-1->3->2 [1] -1/-1/-1->3->2
paraai-n32-h-01-agent-14:2463181:2464226 [0] NCCL INFO Channel 01/02 :    0   1   2   3   4   5   6   7   8   9  10  11  12  13  14  15
paraai-n32-h-01-agent-14:2463181:2464226 [0] NCCL INFO Trees [0] 1/8/-1->0->-1 [1] 1/-1/-1->0->4
paraai-n32-h-01-agent-14:2463182:2464227 [1] NCCL INFO Channel 00 : 1[2000] -> 2[81000] via SHM/direct/direct
paraai-n32-h-01-agent-14:2463183:2464229 [2] NCCL INFO Channel 00 : 2[81000] -> 3[82000] via SHM/direct/direct
paraai-n32-h-01-agent-14:2463182:2464227 [1] NCCL INFO Channel 01 : 1[2000] -> 2[81000] via SHM/direct/direct
paraai-n32-h-01-agent-14:2463183:2464229 [2] NCCL INFO Channel 01 : 2[81000] -> 3[82000] via SHM/direct/direct
paraai-n32-h-01-agent-14:2463181:2464226 [0] NCCL INFO Channel 00/0 : 15[82000] -> 0[1000] [receive] via NET/IB/0
paraai-n32-h-01-agent-14:2463181:2464226 [0] NCCL INFO Channel 01/0 : 15[82000] -> 0[1000] [receive] via NET/IB/0
paraai-n32-h-01-agent-14:2463181:2464226 [0] NCCL INFO Channel 00 : 0[1000] -> 1[2000] via SHM/direct/direct
paraai-n32-h-01-agent-14:2463181:2464226 [0] NCCL INFO Channel 01 : 0[1000] -> 1[2000] via SHM/direct/direct
paraai-n32-h-01-agent-14:2463182:2464227 [1] NCCL INFO Connected all rings
paraai-n32-h-01-agent-14:2463182:2464227 [1] NCCL INFO Channel 00 : 1[2000] -> 0[1000] via SHM/direct/direct
paraai-n32-h-01-agent-14:2463182:2464227 [1] NCCL INFO Channel 01 : 1[2000] -> 0[1000] via SHM/direct/direct
paraai-n32-h-01-agent-14:2463184:2464228 [3] NCCL INFO Channel 00/0 : 3[82000] -> 4[1000] [send] via NET/IB/0
paraai-n32-h-01-agent-14:2463184:2464228 [3] NCCL INFO Channel 01/0 : 3[82000] -> 4[1000] [send] via NET/IB/0
paraai-n32-h-01-agent-14:2463184:2464247 [3] NCCL INFO NCCL_IB_GID_INDEX set by environment to 3.
paraai-n32-h-01-agent-14:2463184:2464228 [3] NCCL INFO Connected all rings
paraai-n32-h-01-agent-14:2463184:2464228 [3] NCCL INFO Channel 00 : 3[82000] -> 2[81000] via SHM/direct/direct
paraai-n32-h-01-agent-14:2463184:2464228 [3] NCCL INFO Channel 01 : 3[82000] -> 2[81000] via SHM/direct/direct
paraai-n32-h-01-agent-14:2463181:2464249 [0] NCCL INFO NCCL_IB_GID_INDEX set by environment to 3.
paraai-n32-h-01-agent-14:2463181:2464249 [0] NCCL INFO NCCL_IB_TIMEOUT set by environment to 23.
paraai-n32-h-01-agent-14:2463181:2464249 [0] NCCL INFO NCCL_IB_RETRY_CNT set by environment to 7.
paraai-n32-h-01-agent-14:2463183:2464229 [2] NCCL INFO Connected all rings
paraai-n32-h-01-agent-14:2463183:2464229 [2] NCCL INFO Channel 00 : 2[81000] -> 1[2000] via SHM/direct/direct
paraai-n32-h-01-agent-14:2463183:2464229 [2] NCCL INFO Channel 01 : 2[81000] -> 1[2000] via SHM/direct/direct
paraai-n32-h-01-agent-14:2463184:2464228 [3] NCCL INFO Connected all trees
paraai-n32-h-01-agent-14:2463184:2464228 [3] NCCL INFO threadThresholds 8/8/64 | 128/8/64 | 512 | 512
paraai-n32-h-01-agent-14:2463184:2464228 [3] NCCL INFO 2 coll channels, 2 p2p channels, 2 p2p channels per peer
paraai-n32-h-01-agent-14:2463183:2464229 [2] NCCL INFO Connected all trees
paraai-n32-h-01-agent-14:2463183:2464229 [2] NCCL INFO threadThresholds 8/8/64 | 128/8/64 | 512 | 512
paraai-n32-h-01-agent-14:2463183:2464229 [2] NCCL INFO 2 coll channels, 2 p2p channels, 2 p2p channels per peer
paraai-n32-h-01-agent-14:2463181:2464226 [0] NCCL INFO Connected all rings
paraai-n32-h-01-agent-14:2463181:2464226 [0] NCCL INFO Channel 01/0 : 0[1000] -> 4[1000] [send] via NET/IB/0
paraai-n32-h-01-agent-14:2463181:2464226 [0] NCCL INFO Channel 00/0 : 8[1000] -> 0[1000] [receive] via NET/IB/0
paraai-n32-h-01-agent-14:2463181:2464226 [0] NCCL INFO Channel 00/0 : 0[1000] -> 8[1000] [send] via NET/IB/0
paraai-n32-h-01-agent-14:2463181:2464226 [0] NCCL INFO Channel 01/0 : 4[1000] -> 0[1000] [receive] via NET/IB/0
paraai-n32-h-01-agent-14:2463181:2464226 [0] NCCL INFO Connected all trees
paraai-n32-h-01-agent-14:2463181:2464226 [0] NCCL INFO threadThresholds 8/8/64 | 128/8/64 | 512 | 512
paraai-n32-h-01-agent-14:2463181:2464226 [0] NCCL INFO 2 coll channels, 2 p2p channels, 2 p2p channels per peer
paraai-n32-h-01-agent-14:2463182:2464227 [1] NCCL INFO Connected all trees
paraai-n32-h-01-agent-14:2463182:2464227 [1] NCCL INFO threadThresholds 8/8/64 | 128/8/64 | 512 | 512
paraai-n32-h-01-agent-14:2463182:2464227 [1] NCCL INFO 2 coll channels, 2 p2p channels, 2 p2p channels per peer
paraai-n32-h-01-agent-14:2463182:2464227 [1] NCCL INFO comm 0x2b594b80 rank 1 nranks 16 cudaDev 1 busId 2000 - Init COMPLETE
paraai-n32-h-01-agent-14:2463183:2464229 [2] NCCL INFO comm 0x2bc71a40 rank 2 nranks 16 cudaDev 2 busId 81000 - Init COMPLETE
paraai-n32-h-01-agent-14:2463184:2464228 [3] NCCL INFO comm 0x5d6069c0 rank 3 nranks 16 cudaDev 3 busId 82000 - Init COMPLETE
paraai-n32-h-01-agent-14:2463181:2464226 [0] NCCL INFO comm 0x4c4162c0 rank 0 nranks 16 cudaDev 0 busId 1000 - Init COMPLETE
paraai-n32-h-01-agent-14:2463184:2464252 [3] NCCL INFO NCCL_IB_TIMEOUT set by environment to 23.
paraai-n32-h-01-agent-14:2463184:2464252 [3] NCCL INFO NCCL_IB_RETRY_CNT set by environment to 7.
2023-06-13 17:55:51,934 - root - INFO - Number of trainable model parameters: 374483080
2023-06-13 17:55:51,935 - root - INFO - Starting Training Loop...
Traceback (most recent call last):
  File "/home/bingxing2/home/scx6115/Ocean_AI_model/train_025_bingxing.py", line 489, in <module>
    trainer.train()
  File "/home/bingxing2/home/scx6115/Ocean_AI_model/train_025_bingxing.py", line 140, in train
    tr_time, data_time, train_logs = self.train_one_epoch() 
  File "/home/bingxing2/home/scx6115/Ocean_AI_model/train_025_bingxing.py", line 226, in train_one_epoch
    gen = self.model(inp_2d, inp_3d, mask_ratio=0)
  File "/home/bingxing2/home/scx6115/.conda/envs/torch2.0/lib/python3.10/site-packages/torch/nn/modules/module.py", line 1501, in _call_impl
    return forward_call(*args, **kwargs)
  File "/home/bingxing2/home/scx6115/.conda/envs/torch2.0/lib/python3.10/site-packages/torch/nn/parallel/distributed.py", line 1156, in forward
    output = self._run_ddp_forward(*inputs, **kwargs)
  File "/home/bingxing2/home/scx6115/.conda/envs/torch2.0/lib/python3.10/site-packages/torch/nn/parallel/distributed.py", line 1110, in _run_ddp_forward
    return module_to_run(*inputs[0], **kwargs[0])  # type: ignore[index]
  File "/home/bingxing2/home/scx6115/.conda/envs/torch2.0/lib/python3.10/site-packages/torch/nn/modules/module.py", line 1501, in _call_impl
    return forward_call(*args, **kwargs)
  File "/home/bingxing2/home/scx6115/Ocean_AI_model/networks/Masked_AE_fusion.py", line 264, in forward
    x = self.forward_decoder(x, ids_restore)  # [N, L, p*p*3]
  File "/home/bingxing2/home/scx6115/Ocean_AI_model/networks/Masked_AE_fusion.py", line 239, in forward_decoder
    x = blk(x)
  File "/home/bingxing2/home/scx6115/.conda/envs/torch2.0/lib/python3.10/site-packages/torch/nn/modules/module.py", line 1501, in _call_impl
    return forward_call(*args, **kwargs)
  File "/home/bingxing2/home/scx6115/Ocean_AI_model/networks/fourier_block_Masked_AE_Ocean.py", line 127, in forward
    x = self.norm1(x)
  File "/home/bingxing2/home/scx6115/.conda/envs/torch2.0/lib/python3.10/site-packages/torch/nn/modules/module.py", line 1501, in _call_impl
    return forward_call(*args, **kwargs)
  File "/home/bingxing2/home/scx6115/.conda/envs/torch2.0/lib/python3.10/site-packages/torch/nn/modules/normalization.py", line 190, in forward
    return F.layer_norm(
  File "/home/bingxing2/home/scx6115/.conda/envs/torch2.0/lib/python3.10/site-packages/torch/nn/functional.py", line 2515, in layer_norm
Traceback (most recent call last):
  File "/home/bingxing2/home/scx6115/Ocean_AI_model/train_025_bingxing.py", line 489, in <module>
    trainer.train()
  File "/home/bingxing2/home/scx6115/Ocean_AI_model/train_025_bingxing.py", line 140, in train
    tr_time, data_time, train_logs = self.train_one_epoch() 
  File "/home/bingxing2/home/scx6115/Ocean_AI_model/train_025_bingxing.py", line 226, in train_one_epoch
    gen = self.model(inp_2d, inp_3d, mask_ratio=0)
  File "/home/bingxing2/home/scx6115/.conda/envs/torch2.0/lib/python3.10/site-packages/torch/nn/modules/module.py", line 1501, in _call_impl
    return forward_call(*args, **kwargs)
  File "/home/bingxing2/home/scx6115/.conda/envs/torch2.0/lib/python3.10/site-packages/torch/nn/parallel/distributed.py", line 1156, in forward
    output = self._run_ddp_forward(*inputs, **kwargs)
  File "/home/bingxing2/home/scx6115/.conda/envs/torch2.0/lib/python3.10/site-packages/torch/nn/parallel/distributed.py", line 1110, in _run_ddp_forward
    return module_to_run(*inputs[0], **kwargs[0])  # type: ignore[index]
  File "/home/bingxing2/home/scx6115/.conda/envs/torch2.0/lib/python3.10/site-packages/torch/nn/modules/module.py", line 1501, in _call_impl
    return torch.layer_norm(input, normalized_shape, weight, bias, eps, torch.backends.cudnn.enabled)
torch.cuda.OutOfMemoryError: CUDA out of memory. Tried to allocate 254.00 MiB (GPU 3; 39.41 GiB total capacity; 37.17 GiB already allocated; 246.50 MiB free; 37.47 GiB reserved in total by PyTorch) If reserved memory is >> allocated memory try setting max_split_size_mb to avoid fragmentation.  See documentation for Memory Management and PYTORCH_CUDA_ALLOC_CONF
    return forward_call(*args, **kwargs)
  File "/home/bingxing2/home/scx6115/Ocean_AI_model/networks/Masked_AE_fusion.py", line 264, in forward
    x = self.forward_decoder(x, ids_restore)  # [N, L, p*p*3]
  File "/home/bingxing2/home/scx6115/Ocean_AI_model/networks/Masked_AE_fusion.py", line 239, in forward_decoder
    x = blk(x)
  File "/home/bingxing2/home/scx6115/.conda/envs/torch2.0/lib/python3.10/site-packages/torch/nn/modules/module.py", line 1501, in _call_impl
    return forward_call(*args, **kwargs)
  File "/home/bingxing2/home/scx6115/Ocean_AI_model/networks/fourier_block_Masked_AE_Ocean.py", line 127, in forward
    x = self.norm1(x)
  File "/home/bingxing2/home/scx6115/.conda/envs/torch2.0/lib/python3.10/site-packages/torch/nn/modules/module.py", line 1501, in _call_impl
    return forward_call(*args, **kwargs)
  File "/home/bingxing2/home/scx6115/.conda/envs/torch2.0/lib/python3.10/site-packages/torch/nn/modules/normalization.py", line 190, in forward
    return F.layer_norm(
  File "/home/bingxing2/home/scx6115/.conda/envs/torch2.0/lib/python3.10/site-packages/torch/nn/functional.py", line 2515, in layer_norm
    return torch.layer_norm(input, normalized_shape, weight, bias, eps, torch.backends.cudnn.enabled)
torch.cuda.OutOfMemoryError: CUDA out of memory. Tried to allocate 254.00 MiB (GPU 2; 39.41 GiB total capacity; 37.17 GiB already allocated; 246.50 MiB free; 37.47 GiB reserved in total by PyTorch) If reserved memory is >> allocated memory try setting max_split_size_mb to avoid fragmentation.  See documentation for Memory Management and PYTORCH_CUDA_ALLOC_CONF
Traceback (most recent call last):
  File "/home/bingxing2/home/scx6115/Ocean_AI_model/train_025_bingxing.py", line 489, in <module>
    trainer.train()
  File "/home/bingxing2/home/scx6115/Ocean_AI_model/train_025_bingxing.py", line 140, in train
    tr_time, data_time, train_logs = self.train_one_epoch()
  File "/home/bingxing2/home/scx6115/Ocean_AI_model/train_025_bingxing.py", line 226, in train_one_epoch
    gen = self.model(inp_2d, inp_3d, mask_ratio=0)
  File "/home/bingxing2/home/scx6115/.conda/envs/torch2.0/lib/python3.10/site-packages/torch/nn/modules/module.py", line 1501, in _call_impl
    return forward_call(*args, **kwargs)
  File "/home/bingxing2/home/scx6115/.conda/envs/torch2.0/lib/python3.10/site-packages/torch/nn/parallel/distributed.py", line 1156, in forward
    output = self._run_ddp_forward(*inputs, **kwargs)
  File "/home/bingxing2/home/scx6115/.conda/envs/torch2.0/lib/python3.10/site-packages/torch/nn/parallel/distributed.py", line 1110, in _run_ddp_forward
    return module_to_run(*inputs[0], **kwargs[0])  # type: ignore[index]
  File "/home/bingxing2/home/scx6115/.conda/envs/torch2.0/lib/python3.10/site-packages/torch/nn/modules/module.py", line 1501, in _call_impl
    return forward_call(*args, **kwargs)
  File "/home/bingxing2/home/scx6115/Ocean_AI_model/networks/Masked_AE_fusion.py", line 264, in forward
    x = self.forward_decoder(x, ids_restore)  # [N, L, p*p*3]
  File "/home/bingxing2/home/scx6115/Ocean_AI_model/networks/Masked_AE_fusion.py", line 239, in forward_decoder
    x = blk(x)
  File "/home/bingxing2/home/scx6115/.conda/envs/torch2.0/lib/python3.10/site-packages/torch/nn/modules/module.py", line 1501, in _call_impl
    return forward_call(*args, **kwargs)
  File "/home/bingxing2/home/scx6115/Ocean_AI_model/networks/fourier_block_Masked_AE_Ocean.py", line 127, in forward
    x = self.norm1(x)
  File "/home/bingxing2/home/scx6115/.conda/envs/torch2.0/lib/python3.10/site-packages/torch/nn/modules/module.py", line 1501, in _call_impl
    return forward_call(*args, **kwargs)
  File "/home/bingxing2/home/scx6115/.conda/envs/torch2.0/lib/python3.10/site-packages/torch/nn/modules/normalization.py", line 190, in forward
    return F.layer_norm(
  File "/home/bingxing2/home/scx6115/.conda/envs/torch2.0/lib/python3.10/site-packages/torch/nn/functional.py", line 2515, in layer_norm
    return torch.layer_norm(input, normalized_shape, weight, bias, eps, torch.backends.cudnn.enabled)
torch.cuda.OutOfMemoryError: CUDA out of memory. Tried to allocate 254.00 MiB (GPU 0; 39.41 GiB total capacity; 37.17 GiB already allocated; 246.50 MiB free; 37.47 GiB reserved in total by PyTorch) If reserved memory is >> allocated memory try setting max_split_size_mb to avoid fragmentation.  See documentation for Memory Management and PYTORCH_CUDA_ALLOC_CONF
wandb: Waiting for W&B process to finish... (failed 1).
Traceback (most recent call last):
  File "/home/bingxing2/home/scx6115/Ocean_AI_model/train_025_bingxing.py", line 489, in <module>
    trainer.train()
  File "/home/bingxing2/home/scx6115/Ocean_AI_model/train_025_bingxing.py", line 140, in train
    tr_time, data_time, train_logs = self.train_one_epoch() 
  File "/home/bingxing2/home/scx6115/Ocean_AI_model/train_025_bingxing.py", line 226, in train_one_epoch
    gen = self.model(inp_2d, inp_3d, mask_ratio=0)
  File "/home/bingxing2/home/scx6115/.conda/envs/torch2.0/lib/python3.10/site-packages/torch/nn/modules/module.py", line 1501, in _call_impl
    return forward_call(*args, **kwargs)
  File "/home/bingxing2/home/scx6115/.conda/envs/torch2.0/lib/python3.10/site-packages/torch/nn/parallel/distributed.py", line 1156, in forward
    output = self._run_ddp_forward(*inputs, **kwargs)
  File "/home/bingxing2/home/scx6115/.conda/envs/torch2.0/lib/python3.10/site-packages/torch/nn/parallel/distributed.py", line 1110, in _run_ddp_forward
    return module_to_run(*inputs[0], **kwargs[0])  # type: ignore[index]
  File "/home/bingxing2/home/scx6115/.conda/envs/torch2.0/lib/python3.10/site-packages/torch/nn/modules/module.py", line 1501, in _call_impl
    return forward_call(*args, **kwargs)
  File "/home/bingxing2/home/scx6115/Ocean_AI_model/networks/Masked_AE_fusion.py", line 264, in forward
    x = self.forward_decoder(x, ids_restore)  # [N, L, p*p*3]
  File "/home/bingxing2/home/scx6115/Ocean_AI_model/networks/Masked_AE_fusion.py", line 239, in forward_decoder
    x = blk(x)
  File "/home/bingxing2/home/scx6115/.conda/envs/torch2.0/lib/python3.10/site-packages/torch/nn/modules/module.py", line 1501, in _call_impl
    return forward_call(*args, **kwargs)
  File "/home/bingxing2/home/scx6115/Ocean_AI_model/networks/fourier_block_Masked_AE_Ocean.py", line 127, in forward
    x = self.norm1(x)
  File "/home/bingxing2/home/scx6115/.conda/envs/torch2.0/lib/python3.10/site-packages/torch/nn/modules/module.py", line 1501, in _call_impl
    return forward_call(*args, **kwargs)
  File "/home/bingxing2/home/scx6115/.conda/envs/torch2.0/lib/python3.10/site-packages/torch/nn/modules/normalization.py", line 190, in forward
    return F.layer_norm(
  File "/home/bingxing2/home/scx6115/.conda/envs/torch2.0/lib/python3.10/site-packages/torch/nn/functional.py", line 2515, in layer_norm
    return torch.layer_norm(input, normalized_shape, weight, bias, eps, torch.backends.cudnn.enabled)
torch.cuda.OutOfMemoryError: CUDA out of memory. Tried to allocate 254.00 MiB (GPU 1; 39.41 GiB total capacity; 37.17 GiB already allocated; 246.50 MiB free; 37.47 GiB reserved in total by PyTorch) If reserved memory is >> allocated memory try setting max_split_size_mb to avoid fragmentation.  See documentation for Memory Management and PYTORCH_CUDA_ALLOC_CONF
paraai-n32-h-01-agent-14:2463183:2464250 [2] NCCL INFO [Service thread] Connection closed by localRank 2
paraai-n32-h-01-agent-14:2463183:2463183 [2] NCCL INFO comm 0x2bc71a40 rank 2 nranks 16 cudaDev 2 busId 81000 - Abort COMPLETE
paraai-n32-h-01-agent-14:2463184:2464247 [3] NCCL INFO [Service thread] Connection closed by localRank 3
paraai-n32-h-01-agent-14:2463184:2463184 [3] NCCL INFO comm 0x5d6069c0 rank 3 nranks 16 cudaDev 3 busId 82000 - Abort COMPLETE
paraai-n32-h-01-agent-14:2463182:2464248 [1] NCCL INFO [Service thread] Connection closed by localRank 1
paraai-n32-h-01-agent-14:2463182:2463182 [1] NCCL INFO comm 0x2b594b80 rank 1 nranks 16 cudaDev 1 busId 2000 - Abort COMPLETE
wandb: You can sync this run to the cloud by running:
wandb: wandb sync /home/bingxing2/home/scx6115/Ocean_AI_model/wandb/offline-run-20230613_175533-maqhlp86
wandb: Find logs at: ./wandb/offline-run-20230613_175533-maqhlp86/logs
WARNING:torch.distributed.elastic.multiprocessing.api:Sending process 2463181 closing signal SIGTERM
ERROR:torch.distributed.elastic.multiprocessing.api:failed (exitcode: 1) local_rank: 1 (pid: 2463182) of binary: /home/bingxing2/home/scx6115/.conda/envs/torch2.0/bin/python
Traceback (most recent call last):
  File "/home/bingxing2/home/scx6115/.conda/envs/torch2.0/bin/torchrun", line 8, in <module>
    sys.exit(main())
  File "/home/bingxing2/home/scx6115/.conda/envs/torch2.0/lib/python3.10/site-packages/torch/distributed/elastic/multiprocessing/errors/__init__.py", line 346, in wrapper
    return f(*args, **kwargs)
  File "/home/bingxing2/home/scx6115/.conda/envs/torch2.0/lib/python3.10/site-packages/torch/distributed/run.py", line 794, in main
    run(args)
  File "/home/bingxing2/home/scx6115/.conda/envs/torch2.0/lib/python3.10/site-packages/torch/distributed/run.py", line 785, in run
    elastic_launch(
  File "/home/bingxing2/home/scx6115/.conda/envs/torch2.0/lib/python3.10/site-packages/torch/distributed/launcher/api.py", line 134, in __call__
    return launch_agent(self._config, self._entrypoint, list(args))
  File "/home/bingxing2/home/scx6115/.conda/envs/torch2.0/lib/python3.10/site-packages/torch/distributed/launcher/api.py", line 250, in launch_agent
    raise ChildFailedError(
torch.distributed.elastic.multiprocessing.errors.ChildFailedError: 
============================================================
train_025_bingxing.py FAILED
------------------------------------------------------------
Failures:
[1]:
  time      : 2023-06-13_17:56:05
  host      : paraai-n32-h-01-agent-14.paraai-n32-h-01.com
  rank      : 2 (local_rank: 2)
  exitcode  : 1 (pid: 2463183)
  error_file: <N/A>
  traceback : To enable traceback see: https://pytorch.org/docs/stable/elastic/errors.html
[2]:
  time      : 2023-06-13_17:56:05
  host      : paraai-n32-h-01-agent-14.paraai-n32-h-01.com
  rank      : 3 (local_rank: 3)
  exitcode  : 1 (pid: 2463184)
  error_file: <N/A>
  traceback : To enable traceback see: https://pytorch.org/docs/stable/elastic/errors.html
------------------------------------------------------------
Root Cause (first observed failure):
[0]:
  time      : 2023-06-13_17:56:05
  host      : paraai-n32-h-01-agent-14.paraai-n32-h-01.com
  rank      : 1 (local_rank: 1)
  exitcode  : 1 (pid: 2463182)
  error_file: <N/A>
  traceback : To enable traceback see: https://pytorch.org/docs/stable/elastic/errors.html
============================================================
