master_addr is only used for static rdzv_backend and when rdzv_endpoint is not specified.
WARNING:torch.distributed.run:
*****************************************
Setting OMP_NUM_THREADS environment variable for each process to be 1 in default, to avoid your system being overloaded, please further tune the variable for optimal performance in your application as needed. 
*****************************************
paraai-n32-h-01-agent-94
0
------------------ Configuration ------------------  /home/bingxing2/home/scx6115/Ocean_AI_model/config/AFNO.yaml
paraai-n32-h-01-agent-94
paraai-n32-h-01-agent-94
00

------------------ Configuration ------------------ ------------------ Configuration ------------------  /home/bingxing2/home/scx6115/Ocean_AI_model/config/AFNO.yaml
 /home/bingxing2/home/scx6115/Ocean_AI_model/config/AFNO.yaml
paraai-n32-h-01-agent-94
0
------------------ Configuration ------------------  /home/bingxing2/home/scx6115/Ocean_AI_model/config/AFNO.yaml
log_to_wandb True
lr 0.0005
batch_size 32
max_epochs 500
scheduler CosineAnnealingLR
in_channels [0, 1, 2, 3, 4, 5, 6, 7, 8, 9, 10, 11, 12, 13, 14, 15, 16, 17, 18, 19, 20, 21, 22, 23, 24, 25, 26, 27, 28, 29]
out_channels [0, 1, 2, 3, 4, 5, 6, 7, 8, 9, 10, 11, 12, 13, 14, 15, 16, 17, 18, 19, 20, 21, 22, 23, 24]
N_in_channels log_to_wandb31 
TrueN_out_channels
 25
img_size_hlr  720
img_size_w0.0005 
log_to_wandb1440 
batch_sizeTrue 32
patch_size_h
 max_epochs5lr  
5000.0005

patch_size_wschedulerbatch_size   5CosineAnnealingLR32


in_channelsloss max_epochs  l2500

[0, 1, 2, 3, 4, 5, 6, 7, 8, 9, 10, 11, 12, 13, 14, 15, 16, 17, 18, 19, 20, 21, 22, 23, 24, 25, 26, 27, 28, 29]num_data_workers
scheduler  0CosineAnnealingLRout_channels

 in_channelsdt [0, 1, 2, 3, 4, 5, 6, 7, 8, 9, 10, 11, 12, 13, 14, 15, 16, 17, 18, 19, 20, 21, 22, 23, 24] 
1N_in_channels[0, 1, 2, 3, 4, 5, 6, 7, 8, 9, 10, 11, 12, 13, 14, 15, 16, 17, 18, 19, 20, 21, 22, 23, 24, 25, 26, 27, 28, 29]

 31n_historyout_channels
  N_out_channels0 
[0, 1, 2, 3, 4, 5, 6, 7, 8, 9, 10, 11, 12, 13, 14, 15, 16, 17, 18, 19, 20, 21, 22, 23, 24]25prediction_type

 iterativeN_in_channelsimg_size_h
  31720prediction_length

 30N_out_channelsimg_size_w
  251440n_initial_conditions

 img_size_h5patch_size_h 
 720ics_type5
 
img_size_wdefault patch_size_w
1440
 save_raw_forecasts5 patch_size_hTrue
 
5loss
 save_channell2patch_size_w
  5num_data_workersFalse
 
0loss
 masked_accl2dt 
 Falsenum_data_workers1
 
log_to_wandb0maskpathn_history 
  TruedtNone0
 

1prediction_type
 perturbiterativen_historylr
   prediction_lengthFalse0.00050 


30
batch_sizeadd_gridprediction_typen_initial_conditions    32iterative5False



prediction_lengthics_type N_grid_channels max_epochs 30default 0500



save_raw_forecastsn_initial_conditionsgridtypescheduler   5 True
sinusoidalCosineAnnealingLR
ics_type

 save_channeldefault rollin_channelsFalse
 
 save_raw_forecastsmasked_accFalse  True[0, 1, 2, 3, 4, 5, 6, 7, 8, 9, 10, 11, 12, 13, 14, 15, 16, 17, 18, 19, 20, 21, 22, 23, 24, 25, 26, 27, 28, 29]False



save_channelnum_blocksmaskpath out_channels   False8
None[0, 1, 2, 3, 4, 5, 6, 7, 8, 9, 10, 11, 12, 13, 14, 15, 16, 17, 18, 19, 20, 21, 22, 23, 24]masked_acc


 nettypeFalseperturb 
N_in_channels afno Falsemaskpath

31 
add_gridNonepatch_size 
N_out_channelsFalseperturb  
 825FalseN_grid_channels


 widthimg_size_h0add_grid 
  720gridtypeFalse56

 
sinusoidalimg_size_wN_grid_channels  
modes14400roll 

 32Falsegridtypepatch_size_h
  sinusoidalnum_blocks
 5target
8
 
rollpatch_size_wdefault  nettype 5False
afno


enable_nhwclosspatch_size num_blocks   l28False8



optimizer_typewidthnum_data_workersnettype    560afno

FusedAdam
modesdt
  32patch_sizenormalize 1

 8n_historytargetTrue
  default
width0
normalization 
enable_nhwc56 
 prediction_typezscoreFalsemodes 
 
iterative32

optimizer_typeglobal_mins_path targetprediction_length   FusedAdam./sample_00/train/global_mins.npy30default



normalize enable_nhwcglobal_maxs_pathn_initial_conditionsTrue   5
False
./sample_00/train/global_maxs.npy
normalizationics_type optimizer_type
 zscore default
FusedAdam
global_means_path
global_mins_pathsave_raw_forecastsnormalize    True./sample_00/train/global_means.npy./sample_00/train/global_mins.npyTrue



global_maxs_pathsave_channelglobal_stds_path normalization   ./sample_00/train/global_maxs.npyFalse./sample_00/train/global_stds.npy
zscore


global_means_pathmasked_acc train_data_pathglobal_mins_path ./sample_00/train/global_means.npy False 

./sample_00/train./sample_00/train/global_mins.npymaskpathglobal_stds_path

  None./sample_00/train/global_stds.npyglobal_maxs_pathvalid_data_path

  ./sample_00/train/global_maxs.npytrain_data_path./sample_00/validperturb
  
False./sample_00/trainglobal_means_path
test_data_path
 add_gridvalid_data_path./sample_00/train/global_means.npy 
  Falseglobal_stds_path./sample_00/test./sample_00/valid
 

./sample_00/train/global_stds.npyN_grid_channelstest_data_path
 land_mask train_data_path0 ./sample_00/test
 
./sample_00/traingridtype
land_maskTrue  valid_data_path
sinusoidalTrue 

./sample_00/validland_mask_path
rollland_mask_path test_data_path  ./sample_00/land_mask.h5 False./sample_00/land_mask.h5./sample_00/test



num_blocks orographyorography8land_mask  
 TrueTrueTrue

nettype
orography_norm_zscore_pathland_mask_path orography_norm_zscore_pathafno  
 ./sample_00/land_mask.h5./sample_00/orography_norm_zscore.h5patch_size
./sample_00/orography_norm_zscore.h5
 orography
8orography_norm_maxmin_path 
 orography_norm_maxmin_pathTrue./sample_00/orography_norm_maxmin.h5width

  orography_norm_zscore_pathexp_dir56./sample_00/orography_norm_maxmin.h5  
./exp
./sample_00/orography_norm_zscore.h5
exp_dir
modesadd_noise  orography_norm_maxmin_path ./exp32False 


./sample_00/orography_norm_maxmin.h5target
noise_stdadd_noise   0exp_dirdefaultFalse
 

crop_size_x./exp enable_nhwcnoise_std
None 
 Falseadd_noisecrop_size_y0 
 None

Falselog_to_screenoptimizer_type
  crop_size_xTruenoise_stdFusedAdam 

 Nonenormalize0save_checkpoint

  TrueTruecrop_size_x
crop_size_y
 plot_animations Nonenormalization  None
zscore
Falsecrop_size_y

 log_to_screenNoneglobal_mins_path 
 ./sample_00/train/global_mins.npyTruelog_to_screen

 global_maxs_pathTrue 
save_checkpoint./sample_00/train/global_maxs.npysave_checkpoint
  global_means_path TrueTrue./sample_00/train/global_means.npy


plot_animationsplot_animations global_stds_path False 
False./sample_00/train/global_stds.npy

train_data_path ./sample_00/train
valid_data_path ./sample_00/valid
---------------------------------------------------
test_data_path ./sample_00/test
land_mask True
land_mask_path ./sample_00/land_mask.h5
orographyworld_size :  16True

Initialize distributed process group...
orography_norm_zscore_path ./sample_00/orography_norm_zscore.h5
---------------------------------------------------orography_norm_maxmin_path
 ./sample_00/orography_norm_maxmin.h5
---------------------------------------------------exp_dir
 ./exp
add_noise False
world_size :noise_std  160

Initialize distributed process group...world_size :crop_size_x
  16None

Initialize distributed process group...crop_size_y
 None
log_to_screen True
save_checkpoint True
plot_animations False
---------------------------------------------------
world_size : 16
Initialize distributed process group...
2023-06-09 11:13:20,036 - torch.distributed.distributed_c10d - INFO - Added key: store_based_barrier_key:1 to store for rank: 12
2023-06-09 11:13:20,036 - torch.distributed.distributed_c10d - INFO - Added key: store_based_barrier_key:1 to store for rank: 15
2023-06-09 11:13:20,036 - torch.distributed.distributed_c10d - INFO - Added key: store_based_barrier_key:1 to store for rank: 14
2023-06-09 11:13:20,037 - torch.distributed.distributed_c10d - INFO - Added key: store_based_barrier_key:1 to store for rank: 13
2023-06-09 11:13:23,240 - torch.distributed.distributed_c10d - INFO - Rank 15: Completed store-based barrier for key:store_based_barrier_key:1 with 16 nodes.
2023-06-09 11:13:23,240 - torch.distributed.distributed_c10d - INFO - Rank 12: Completed store-based barrier for key:store_based_barrier_key:1 with 16 nodes.
2023-06-09 11:13:23,240 - torch.distributed.distributed_c10d - INFO - Rank 13: Completed store-based barrier for key:store_based_barrier_key:1 with 16 nodes.
2023-06-09 11:13:23,240 - torch.distributed.distributed_c10d - INFO - Rank 14: Completed store-based barrier for key:store_based_barrier_key:1 with 16 nodes.
2023-06-09 11:13:23,301 - root - INFO - device: cuda:0
2023-06-09 11:13:23,301 - root - INFO - rank 12, begin data loader init
2023-06-09 11:13:23,304 - root - INFO - device: cuda:3
2023-06-09 11:13:23,304 - root - INFO - rank 15, begin data loader init
2023-06-09 11:13:23,307 - root - INFO - device: cuda:2
2023-06-09 11:13:23,308 - root - INFO - rank 14, begin data loader init
2023-06-09 11:13:23,309 - root - INFO - device: cuda:1
2023-06-09 11:13:23,309 - root - INFO - rank 13, begin data loader init
2023-06-09 11:13:23,335 - root - INFO - Getting file stats from ./sample_00/train/2000.h5
2023-06-09 11:13:23,335 - root - INFO - Getting file stats from ./sample_00/train/2000.h5
2023-06-09 11:13:23,335 - root - INFO - Getting file stats from ./sample_00/train/2000.h5
2023-06-09 11:13:23,335 - root - INFO - Getting file stats from ./sample_00/train/2000.h5
2023-06-09 11:13:23,336 - root - INFO - Number of samples per year: 365
2023-06-09 11:13:23,336 - root - INFO - Number of samples per year: 365
2023-06-09 11:13:23,336 - root - INFO - Number of samples per year: 365
2023-06-09 11:13:23,336 - root - INFO - Found data at path ./sample_00/train. Number of examples: 4015. Image Shape: 720 x 1440 x 30
2023-06-09 11:13:23,336 - root - INFO - Found data at path ./sample_00/train. Number of examples: 4015. Image Shape: 720 x 1440 x 30
2023-06-09 11:13:23,336 - root - INFO - Found data at path ./sample_00/train. Number of examples: 4015. Image Shape: 720 x 1440 x 30
2023-06-09 11:13:23,336 - root - INFO - Delta t: 1 days
2023-06-09 11:13:23,336 - root - INFO - Delta t: 1 days
2023-06-09 11:13:23,336 - root - INFO - Delta t: 1 days
2023-06-09 11:13:23,336 - root - INFO - Including 0 days of past history in training at a frequency of 1 days
2023-06-09 11:13:23,336 - root - INFO - Including 0 days of past history in training at a frequency of 1 days
2023-06-09 11:13:23,336 - root - INFO - Including 0 days of past history in training at a frequency of 1 days
2023-06-09 11:13:23,336 - root - INFO - Number of samples per year: 365
2023-06-09 11:13:23,336 - root - INFO - Found data at path ./sample_00/train. Number of examples: 4015. Image Shape: 720 x 1440 x 30
2023-06-09 11:13:23,336 - root - INFO - Delta t: 1 days
2023-06-09 11:13:23,337 - root - INFO - Including 0 days of past history in training at a frequency of 1 days
2023-06-09 11:13:23,381 - root - INFO - Getting file stats from ./sample_00/valid/2011.h5
2023-06-09 11:13:23,381 - root - INFO - Getting file stats from ./sample_00/valid/2011.h5
2023-06-09 11:13:23,381 - root - INFO - Getting file stats from ./sample_00/valid/2011.h5
2023-06-09 11:13:23,381 - root - INFO - Getting file stats from ./sample_00/valid/2011.h5
2023-06-09 11:13:23,382 - root - INFO - Number of samples per year: 364
2023-06-09 11:13:23,382 - root - INFO - Number of samples per year: 364
2023-06-09 11:13:23,382 - root - INFO - Number of samples per year: 364
2023-06-09 11:13:23,382 - root - INFO - Found data at path ./sample_00/valid. Number of examples: 364. Image Shape: 720 x 1440 x 30
2023-06-09 11:13:23,382 - root - INFO - Found data at path ./sample_00/valid. Number of examples: 364. Image Shape: 720 x 1440 x 30
2023-06-09 11:13:23,382 - root - INFO - Number of samples per year: 364
2023-06-09 11:13:23,382 - root - INFO - Delta t: 1 days
2023-06-09 11:13:23,382 - root - INFO - Delta t: 1 days
2023-06-09 11:13:23,382 - root - INFO - Found data at path ./sample_00/valid. Number of examples: 364. Image Shape: 720 x 1440 x 30
2023-06-09 11:13:23,382 - root - INFO - Found data at path ./sample_00/valid. Number of examples: 364. Image Shape: 720 x 1440 x 30
2023-06-09 11:13:23,382 - root - INFO - Including 0 days of past history in training at a frequency of 1 days
2023-06-09 11:13:23,382 - root - INFO - Including 0 days of past history in training at a frequency of 1 days
2023-06-09 11:13:23,382 - root - INFO - Delta t: 1 days
2023-06-09 11:13:23,382 - root - INFO - Delta t: 1 days
2023-06-09 11:13:23,382 - root - INFO - Including 0 days of past history in training at a frequency of 1 days
2023-06-09 11:13:23,382 - root - INFO - Including 0 days of past history in training at a frequency of 1 days
2023-06-09 11:13:23,383 - root - INFO - rank 14, data loader initialized
2023-06-09 11:13:23,383 - root - INFO - rank 12, data loader initialized
2023-06-09 11:13:23,383 - root - INFO - rank 15, data loader initialized
2023-06-09 11:13:23,383 - root - INFO - rank 13, data loader initialized
paraai-n32-h-01-agent-94:1479283:1479283 [3] NCCL INFO cudaDriverVersion 11060
paraai-n32-h-01-agent-94:1479282:1479282 [2] NCCL INFO cudaDriverVersion 11060
paraai-n32-h-01-agent-94:1479280:1479280 [0] NCCL INFO cudaDriverVersion 11060
paraai-n32-h-01-agent-94:1479281:1479281 [1] NCCL INFO cudaDriverVersion 11060
paraai-n32-h-01-agent-94:1479283:1479283 [3] NCCL INFO Bootstrap : Using eth0:172.16.4.41<0>
paraai-n32-h-01-agent-94:1479282:1479282 [2] NCCL INFO Bootstrap : Using eth0:172.16.4.41<0>
paraai-n32-h-01-agent-94:1479281:1479281 [1] NCCL INFO Bootstrap : Using eth0:172.16.4.41<0>
paraai-n32-h-01-agent-94:1479280:1479280 [0] NCCL INFO Bootstrap : Using eth0:172.16.4.41<0>
paraai-n32-h-01-agent-94:1479283:1479283 [3] NCCL INFO NET/Plugin : No plugin found (libnccl-net.so), using internal implementation
paraai-n32-h-01-agent-94:1479281:1479281 [1] NCCL INFO NET/Plugin : No plugin found (libnccl-net.so), using internal implementation
paraai-n32-h-01-agent-94:1479282:1479282 [2] NCCL INFO NET/Plugin : No plugin found (libnccl-net.so), using internal implementation
paraai-n32-h-01-agent-94:1479280:1479280 [0] NCCL INFO NET/Plugin : No plugin found (libnccl-net.so), using internal implementation
paraai-n32-h-01-agent-94:1479283:1480322 [3] NCCL INFO NCCL_IB_DISABLE set by environment to 0.
paraai-n32-h-01-agent-94:1479282:1480323 [2] NCCL INFO NCCL_IB_DISABLE set by environment to 0.
paraai-n32-h-01-agent-94:1479281:1480324 [1] NCCL INFO NCCL_IB_DISABLE set by environment to 0.
paraai-n32-h-01-agent-94:1479280:1480325 [0] NCCL INFO NCCL_IB_DISABLE set by environment to 0.
paraai-n32-h-01-agent-94:1479282:1480323 [2] NCCL INFO NET/IB : Using [0]mlx5_0:1/RoCE [1]mlx5_1:1/RoCE [2]mlx5_2:1/RoCE [3]mlx5_3:1/RoCE [RO]; OOB eth0:172.16.4.41<0>
paraai-n32-h-01-agent-94:1479282:1480323 [2] NCCL INFO Using network IB
paraai-n32-h-01-agent-94:1479280:1480325 [0] NCCL INFO NET/IB : Using [0]mlx5_0:1/RoCE [1]mlx5_1:1/RoCE [2]mlx5_2:1/RoCE [3]mlx5_3:1/RoCE [RO]; OOB eth0:172.16.4.41<0>
paraai-n32-h-01-agent-94:1479281:1480324 [1] NCCL INFO NET/IB : Using [0]mlx5_0:1/RoCE [1]mlx5_1:1/RoCE [2]mlx5_2:1/RoCE [3]mlx5_3:1/RoCE [RO]; OOB eth0:172.16.4.41<0>
paraai-n32-h-01-agent-94:1479280:1480325 [0] NCCL INFO Using network IB
paraai-n32-h-01-agent-94:1479281:1480324 [1] NCCL INFO Using network IB
paraai-n32-h-01-agent-94:1479283:1480322 [3] NCCL INFO NET/IB : Using [0]mlx5_0:1/RoCE [1]mlx5_1:1/RoCE [2]mlx5_2:1/RoCE [3]mlx5_3:1/RoCE [RO]; OOB eth0:172.16.4.41<0>
paraai-n32-h-01-agent-94:1479283:1480322 [3] NCCL INFO Using network IB
paraai-n32-h-01-agent-94:1479283:1480322 [3] NCCL INFO Setting affinity for GPU 3 to ffffffff,00000000,00000000
paraai-n32-h-01-agent-94:1479281:1480324 [1] NCCL INFO Setting affinity for GPU 1 to ffffffff
paraai-n32-h-01-agent-94:1479282:1480323 [2] NCCL INFO Setting affinity for GPU 2 to ffffffff,00000000,00000000
paraai-n32-h-01-agent-94:1479280:1480325 [0] NCCL INFO Setting affinity for GPU 0 to ffffffff
paraai-n32-h-01-agent-94:1479283:1480322 [3] NCCL INFO Trees [0] -1/-1/-1->15->14 [1] -1/-1/-1->15->14
paraai-n32-h-01-agent-94:1479281:1480324 [1] NCCL INFO Trees [0] 14/-1/-1->13->12 [1] 14/-1/-1->13->12
paraai-n32-h-01-agent-94:1479280:1480325 [0] NCCL INFO Trees [0] 13/-1/-1->12->8 [1] 13/4/-1->12->-1
paraai-n32-h-01-agent-94:1479282:1480323 [2] NCCL INFO Trees [0] 15/-1/-1->14->13 [1] 15/-1/-1->14->13
paraai-n32-h-01-agent-94:1479281:1480324 [1] NCCL INFO Channel 00 : 13[2000] -> 14[81000] via SHM/direct/direct
paraai-n32-h-01-agent-94:1479281:1480324 [1] NCCL INFO Channel 01 : 13[2000] -> 14[81000] via SHM/direct/direct
paraai-n32-h-01-agent-94:1479282:1480323 [2] NCCL INFO Channel 00 : 14[81000] -> 15[82000] via SHM/direct/direct
paraai-n32-h-01-agent-94:1479282:1480323 [2] NCCL INFO Channel 01 : 14[81000] -> 15[82000] via SHM/direct/direct
paraai-n32-h-01-agent-94:1479283:1480322 [3] NCCL INFO Channel 00/0 : 15[82000] -> 0[1000] [send] via NET/IB/0
paraai-n32-h-01-agent-94:1479280:1480325 [0] NCCL INFO Channel 00/0 : 11[82000] -> 12[1000] [receive] via NET/IB/0
paraai-n32-h-01-agent-94:1479283:1480322 [3] NCCL INFO Channel 01/0 : 15[82000] -> 0[1000] [send] via NET/IB/0
paraai-n32-h-01-agent-94:1479280:1480325 [0] NCCL INFO Channel 01/0 : 11[82000] -> 12[1000] [receive] via NET/IB/0
paraai-n32-h-01-agent-94:1479280:1480325 [0] NCCL INFO Channel 00 : 12[1000] -> 13[2000] via SHM/direct/direct
paraai-n32-h-01-agent-94:1479280:1480325 [0] NCCL INFO Channel 01 : 12[1000] -> 13[2000] via SHM/direct/direct
paraai-n32-h-01-agent-94:1479282:1480323 [2] NCCL INFO Connected all rings
paraai-n32-h-01-agent-94:1479283:1480343 [3] NCCL INFO NCCL_IB_GID_INDEX set by environment to 3.
paraai-n32-h-01-agent-94:1479280:1480346 [0] NCCL INFO NCCL_IB_GID_INDEX set by environment to 3.
paraai-n32-h-01-agent-94:1479281:1480324 [1] NCCL INFO Connected all rings
paraai-n32-h-01-agent-94:1479282:1480323 [2] NCCL INFO Channel 00 : 14[81000] -> 13[2000] via SHM/direct/direct
paraai-n32-h-01-agent-94:1479282:1480323 [2] NCCL INFO Channel 01 : 14[81000] -> 13[2000] via SHM/direct/direct
paraai-n32-h-01-agent-94:1479281:1480324 [1] NCCL INFO Channel 00 : 13[2000] -> 12[1000] via SHM/direct/direct
paraai-n32-h-01-agent-94:1479281:1480324 [1] NCCL INFO Channel 01 : 13[2000] -> 12[1000] via SHM/direct/direct
paraai-n32-h-01-agent-94:1479280:1480346 [0] NCCL INFO NCCL_IB_TIMEOUT set by environment to 23.
paraai-n32-h-01-agent-94:1479280:1480346 [0] NCCL INFO NCCL_IB_RETRY_CNT set by environment to 7.
paraai-n32-h-01-agent-94:1479283:1480322 [3] NCCL INFO Connected all rings
paraai-n32-h-01-agent-94:1479283:1480322 [3] NCCL INFO Channel 00 : 15[82000] -> 14[81000] via SHM/direct/direct
paraai-n32-h-01-agent-94:1479283:1480322 [3] NCCL INFO Channel 01 : 15[82000] -> 14[81000] via SHM/direct/direct
paraai-n32-h-01-agent-94:1479283:1480322 [3] NCCL INFO Connected all trees
paraai-n32-h-01-agent-94:1479283:1480322 [3] NCCL INFO threadThresholds 8/8/64 | 128/8/64 | 512 | 512
paraai-n32-h-01-agent-94:1479283:1480322 [3] NCCL INFO 2 coll channels, 2 p2p channels, 2 p2p channels per peer
paraai-n32-h-01-agent-94:1479282:1480323 [2] NCCL INFO Connected all trees
paraai-n32-h-01-agent-94:1479282:1480323 [2] NCCL INFO threadThresholds 8/8/64 | 128/8/64 | 512 | 512
paraai-n32-h-01-agent-94:1479282:1480323 [2] NCCL INFO 2 coll channels, 2 p2p channels, 2 p2p channels per peer
paraai-n32-h-01-agent-94:1479280:1480325 [0] NCCL INFO Connected all rings
paraai-n32-h-01-agent-94:1479280:1480325 [0] NCCL INFO Channel 00/0 : 8[1000] -> 12[1000] [receive] via NET/IB/0
paraai-n32-h-01-agent-94:1479280:1480325 [0] NCCL INFO Channel 01/0 : 4[1000] -> 12[1000] [receive] via NET/IB/0
paraai-n32-h-01-agent-94:1479280:1480325 [0] NCCL INFO Channel 01/0 : 12[1000] -> 4[1000] [send] via NET/IB/0
paraai-n32-h-01-agent-94:1479280:1480325 [0] NCCL INFO Channel 00/0 : 12[1000] -> 8[1000] [send] via NET/IB/0
paraai-n32-h-01-agent-94:1479280:1480325 [0] NCCL INFO Connected all trees
paraai-n32-h-01-agent-94:1479280:1480325 [0] NCCL INFO threadThresholds 8/8/64 | 128/8/64 | 512 | 512
paraai-n32-h-01-agent-94:1479280:1480325 [0] NCCL INFO 2 coll channels, 2 p2p channels, 2 p2p channels per peer
paraai-n32-h-01-agent-94:1479281:1480324 [1] NCCL INFO Connected all trees
paraai-n32-h-01-agent-94:1479281:1480324 [1] NCCL INFO threadThresholds 8/8/64 | 128/8/64 | 512 | 512
paraai-n32-h-01-agent-94:1479281:1480324 [1] NCCL INFO 2 coll channels, 2 p2p channels, 2 p2p channels per peer
paraai-n32-h-01-agent-94:1479283:1480322 [3] NCCL INFO comm 0x38713cc0 rank 15 nranks 16 cudaDev 3 busId 82000 - Init COMPLETE
paraai-n32-h-01-agent-94:1479281:1480324 [1] NCCL INFO comm 0x435b0380 rank 13 nranks 16 cudaDev 1 busId 2000 - Init COMPLETE
paraai-n32-h-01-agent-94:1479280:1480325 [0] NCCL INFO comm 0x59544de0 rank 12 nranks 16 cudaDev 0 busId 1000 - Init COMPLETE
paraai-n32-h-01-agent-94:1479282:1480323 [2] NCCL INFO comm 0x582d9ad0 rank 14 nranks 16 cudaDev 2 busId 81000 - Init COMPLETE
paraai-n32-h-01-agent-94:1479283:1480347 [3] NCCL INFO NCCL_IB_TIMEOUT set by environment to 23.
paraai-n32-h-01-agent-94:1479283:1480347 [3] NCCL INFO NCCL_IB_RETRY_CNT set by environment to 7.
srun: Job step aborted: Waiting up to 32 seconds for job step to finish.
slurmstepd: error: *** STEP 20130.2 ON paraai-n32-h-01-agent-94 CANCELLED AT 2023-06-09T11:41:51 ***
WARNING:torch.distributed.elastic.agent.server.api:Received 15 death signal, shutting down workers
WARNING:torch.distributed.elastic.multiprocessing.api:Sending process 1479280 closing signal SIGTERM
WARNING:torch.distributed.elastic.multiprocessing.api:Sending process 1479281 closing signal SIGTERM
WARNING:torch.distributed.elastic.multiprocessing.api:Sending process 1479282 closing signal SIGTERM
WARNING:torch.distributed.elastic.multiprocessing.api:Sending process 1479283 closing signal SIGTERM
