master_addr is only used for static rdzv_backend and when rdzv_endpoint is not specified.
WARNING:torch.distributed.run:
*****************************************
Setting OMP_NUM_THREADS environment variable for each process to be 1 in default, to avoid your system being overloaded, please further tune the variable for optimal performance in your application as needed. 
*****************************************
paraai-n32-h-01-agent-73
paraai-n32-h-01-agent-73
paraai-n32-h-01-agent-73
0
0------------------ Configuration ------------------ 0
 
------------------ Configuration ------------------ /home/bingxing2/home/scx6115/Ocean_AI_model/config/Model.yaml------------------ Configuration ------------------  
 /home/bingxing2/home/scx6115/Ocean_AI_model/config/Model.yaml/home/bingxing2/home/scx6115/Ocean_AI_model/config/Model.yaml

paraai-n32-h-01-agent-73
0
------------------ Configuration ------------------  /home/bingxing2/home/scx6115/Ocean_AI_model/config/Model.yaml
nettype Masked_AE_fusion
log_to_wandb True
lr nettype0.001 
Masked_AE_fusionbatch_size
 log_to_wandb32 
Truemax_epochs
 lr100 
0.001scheduler
 batch_sizeCosineAnnealingLR 
32fusion_3d_2d
 max_epochsnettypeTrue  
100Masked_AE_fusionin_chans

 schedulerlog_to_wandb31  
CosineAnnealingLRTrueout_chans

 fusion_3d_2dlr25  
True0.001in_channels

 in_chansbatch_size[0, 1, 2, 3, 4, 5, 6, 7, 8, 9, 10, 11, 12, 13, 14, 15, 16, 17, 18, 19, 20, 21, 22, 23, 24, 25, 26, 27, 28, 29]  
3132out_channels

 out_chansmax_epochs[0, 1, 2, 3, 4, 5, 6, 7, 8, 9, 10, 11, 12, 13, 14, 15, 16, 17, 18, 19, 20, 21, 22, 23, 24]  
25100img_size_h

 in_channelsscheduler720  
[0, 1, 2, 3, 4, 5, 6, 7, 8, 9, 10, 11, 12, 13, 14, 15, 16, 17, 18, 19, 20, 21, 22, 23, 24, 25, 26, 27, 28, 29]CosineAnnealingLRimg_size_w

 out_channelsfusion_3d_2d1440  
[0, 1, 2, 3, 4, 5, 6, 7, 8, 9, 10, 11, 12, 13, 14, 15, 16, 17, 18, 19, 20, 21, 22, 23, 24]Truepatch_size_h

 img_size_hin_chans16  
72031patch_size_w

 img_size_wout_chans16  
144025patch_size_d

 patch_size_hin_channels2  
16[0, 1, 2, 3, 4, 5, 6, 7, 8, 9, 10, 11, 12, 13, 14, 15, 16, 17, 18, 19, 20, 21, 22, 23, 24, 25, 26, 27, 28, 29]mlp_ratio

 patch_size_wout_channels4.0  
16[0, 1, 2, 3, 4, 5, 6, 7, 8, 9, 10, 11, 12, 13, 14, 15, 16, 17, 18, 19, 20, 21, 22, 23, 24]in_chans_2d

 patch_size_dimg_size_h7  
2720out_chans_2d

 mlp_ratioimg_size_w1  
4.01440in_chans_3d

 in_chans_2dpatch_size_h4  
716out_chans_3d

 out_chans_2dpatch_size_w4  
116var_depth

 in_chans_3dpatch_size_d6  
42embed_dim

 out_chans_3dmlp_ratio512  
44.0depth

 var_depthin_chans_2d16  
67num_heads

 embed_dimout_chans_2d16  
5121decoder_embed_dim

 depthin_chans_3d512  
164decoder_depth

 num_headsout_chans_3d8  
164decoder_num_heads

 decoder_embed_dimvar_depth16  
5126drop_rate

 decoder_depthembed_dim0.0  
8512drop_path_rate

 decoder_num_headsdepth0.0  
1616sparsity_threshold

 drop_ratenum_heads0.01  
0.016hard_thresholding_fraction

 drop_path_ratedecoder_embed_dim1.0  
0.0512num_blocks

 sparsity_thresholddecoder_depth8  
0.018loss

 hard_thresholding_fractiondecoder_num_headsl2  
1.016num_data_workers

 num_blocksdrop_rate0  
80.0dt

 lossdrop_path_rate1  
l20.0n_history

 num_data_workerssparsity_threshold0  
00.01prediction_type

 dthard_thresholding_fractioniterative  
11.0prediction_length

 n_historynum_blocks41  
08n_initial_conditions

 prediction_typeloss5  
iterativel2ics_type

 prediction_lengthnum_data_workersdefault  
410date_strings

 n_initial_conditionsdt['2018-09-14 00:00:00']  
51save_raw_forecasts

 ics_typen_historyTrue  
default0save_channel

 date_stringsprediction_typeFalse  
['2018-09-14 00:00:00']iterativemasked_acc

 save_raw_forecastsprediction_lengthFalse  
True41maskpath

 save_channeln_initial_conditionsNone  
False5perturb

 masked_accics_typeFalse  
Falsedefaultadd_grid

 maskpathdate_stringsFalse  
None['2018-09-14 00:00:00']N_grid_channels

 perturbsave_raw_forecasts0  
FalseTruegridtype

 add_gridsave_channelsinusoidal  
FalseFalseroll

 N_grid_channelsmasked_accFalse  
0Falseenable_nhwc

 gridtypemaskpathFalse  
sinusoidalNoneoptimizer_type

 rollperturbFusedAdam  
FalseFalseexp_dir

 enable_nhwcadd_grid./exp  
FalseFalsepatch_size

 optimizer_typeN_grid_channels8  
FusedAdam0width

nettype exp_dirgridtype 56  Masked_AE_fusion
./expsinusoidal
modes

log_to_wandb patch_sizeroll 32  True
8False
target

lr widthenable_nhwc default  0.001
56False
train_data_path

 batch_sizemodesoptimizer_type/home/bingxing2/home/scx6115/Ocean_AI_model/sample_00/train   
3232FusedAdamvalid_data_path


 max_epochstargetexp_dir/home/bingxing2/home/scx6115/Ocean_AI_model/sample_00/valid   
100default./exptest_data_path


 schedulertrain_data_pathpatch_size/home/bingxing2/home/scx6115/Ocean_AI_model/sample_00/test   
CosineAnnealingLR/home/bingxing2/home/scx6115/Ocean_AI_model/sample_00/train8land_mask


 fusion_3d_2dvalid_data_pathwidthTrue   
True/home/bingxing2/home/scx6115/Ocean_AI_model/sample_00/valid56land_mask_path


 in_chanstest_data_pathmodes/home/bingxing2/home/scx6115/Ocean_AI_model/sample_00/land_mask.h5   
31/home/bingxing2/home/scx6115/Ocean_AI_model/sample_00/test32normalize


 out_chansland_masktargetTrue   
25Truedefaultnormalization


 in_channelsland_mask_pathtrain_data_pathzscore   
[0, 1, 2, 3, 4, 5, 6, 7, 8, 9, 10, 11, 12, 13, 14, 15, 16, 17, 18, 19, 20, 21, 22, 23, 24, 25, 26, 27, 28, 29]/home/bingxing2/home/scx6115/Ocean_AI_model/sample_00/land_mask.h5/home/bingxing2/home/scx6115/Ocean_AI_model/sample_00/trainglobal_mins_path


 out_channelsnormalizevalid_data_path/home/bingxing2/home/scx6115/Ocean_AI_model/sample_00/train/global_mins.npy   
[0, 1, 2, 3, 4, 5, 6, 7, 8, 9, 10, 11, 12, 13, 14, 15, 16, 17, 18, 19, 20, 21, 22, 23, 24]True/home/bingxing2/home/scx6115/Ocean_AI_model/sample_00/validglobal_maxs_path


 img_size_hnormalizationtest_data_path/home/bingxing2/home/scx6115/Ocean_AI_model/sample_00/train/global_maxs.npy   
720zscore/home/bingxing2/home/scx6115/Ocean_AI_model/sample_00/testglobal_means_path


 img_size_wglobal_mins_pathland_mask/home/bingxing2/home/scx6115/Ocean_AI_model/sample_00/train/global_means.npy   
1440/home/bingxing2/home/scx6115/Ocean_AI_model/sample_00/train/global_mins.npyTrueglobal_stds_path


 patch_size_hglobal_maxs_pathland_mask_path/home/bingxing2/home/scx6115/Ocean_AI_model/sample_00/train/global_stds.npy   
16/home/bingxing2/home/scx6115/Ocean_AI_model/sample_00/train/global_maxs.npy/home/bingxing2/home/scx6115/Ocean_AI_model/sample_00/land_mask.h5orography


 patch_size_wglobal_means_pathnormalizeTrue   
16/home/bingxing2/home/scx6115/Ocean_AI_model/sample_00/train/global_means.npyTrueorography_norm_zscore_path


 patch_size_dglobal_stds_pathnormalization/home/bingxing2/home/scx6115/Ocean_AI_model/sample_00/orography_norm_zscore.h5   
2/home/bingxing2/home/scx6115/Ocean_AI_model/sample_00/train/global_stds.npyzscoreorography_norm_maxmin_path


 mlp_ratioorographyglobal_mins_path/home/bingxing2/home/scx6115/Ocean_AI_model/sample_00/orography_norm_maxmin.h5   
4.0True/home/bingxing2/home/scx6115/Ocean_AI_model/sample_00/train/global_mins.npyadd_noise


 in_chans_2dorography_norm_zscore_pathglobal_maxs_pathFalse   
7/home/bingxing2/home/scx6115/Ocean_AI_model/sample_00/orography_norm_zscore.h5/home/bingxing2/home/scx6115/Ocean_AI_model/sample_00/train/global_maxs.npynoise_std


 out_chans_2dorography_norm_maxmin_pathglobal_means_path0   
1/home/bingxing2/home/scx6115/Ocean_AI_model/sample_00/orography_norm_maxmin.h5/home/bingxing2/home/scx6115/Ocean_AI_model/sample_00/train/global_means.npycrop_size_x


 in_chans_3dadd_noiseglobal_stds_pathNone   
4False/home/bingxing2/home/scx6115/Ocean_AI_model/sample_00/train/global_stds.npycrop_size_y


 out_chans_3dnoise_stdorographyNone   
40Truelog_to_screen


 var_depthcrop_size_xorography_norm_zscore_pathTrue   
6None/home/bingxing2/home/scx6115/Ocean_AI_model/sample_00/orography_norm_zscore.h5save_checkpoint


 embed_dimcrop_size_yorography_norm_maxmin_pathTrue   
512None/home/bingxing2/home/scx6115/Ocean_AI_model/sample_00/orography_norm_maxmin.h5plot_animations


 depthlog_to_screenadd_noiseFalse   
16TrueFalse


---------------------------------------------------num_headssave_checkpointnoise_std
   16Trueworld_size :0

 
decoder_embed_dimplot_animations16crop_size_x  
 512FalseInitialize distributed process group...None



decoder_depthcrop_size_y---------------------------------------------------  
8None
world_size :
decoder_num_heads log_to_screen 16 16
True
Initialize distributed process group...
drop_rate
save_checkpoint  0.0True

drop_path_rateplot_animations  0.0False

sparsity_threshold 0.01
---------------------------------------------------hard_thresholding_fraction
 1.0
world_size :num_blocks  168

Initialize distributed process group...loss
 l2
num_data_workers 0
dt 1
n_history 0
prediction_type iterative
prediction_length 41
n_initial_conditions 5
ics_type default
date_strings ['2018-09-14 00:00:00']
save_raw_forecasts True
save_channel False
masked_acc False
maskpath None
perturb False
add_grid False
N_grid_channels 0
gridtype sinusoidal
roll False
enable_nhwc False
optimizer_type FusedAdam
exp_dir ./exp
patch_size 8
width 56
modes 32
target default
train_data_path /home/bingxing2/home/scx6115/Ocean_AI_model/sample_00/train
valid_data_path /home/bingxing2/home/scx6115/Ocean_AI_model/sample_00/valid
test_data_path /home/bingxing2/home/scx6115/Ocean_AI_model/sample_00/test
land_mask True
land_mask_path /home/bingxing2/home/scx6115/Ocean_AI_model/sample_00/land_mask.h5
normalize True
normalization zscore
global_mins_path /home/bingxing2/home/scx6115/Ocean_AI_model/sample_00/train/global_mins.npy
global_maxs_path /home/bingxing2/home/scx6115/Ocean_AI_model/sample_00/train/global_maxs.npy
global_means_path /home/bingxing2/home/scx6115/Ocean_AI_model/sample_00/train/global_means.npy
global_stds_path /home/bingxing2/home/scx6115/Ocean_AI_model/sample_00/train/global_stds.npy
orography True
orography_norm_zscore_path /home/bingxing2/home/scx6115/Ocean_AI_model/sample_00/orography_norm_zscore.h5
orography_norm_maxmin_path /home/bingxing2/home/scx6115/Ocean_AI_model/sample_00/orography_norm_maxmin.h5
add_noise False
noise_std 0
crop_size_x None
crop_size_y None
log_to_screen True
save_checkpoint True
plot_animations False
---------------------------------------------------
world_size : 16
Initialize distributed process group...
2023-06-13 15:40:54,370 - torch.distributed.distributed_c10d - INFO - Added key: store_based_barrier_key:1 to store for rank: 2
2023-06-13 15:40:54,370 - torch.distributed.distributed_c10d - INFO - Added key: store_based_barrier_key:1 to store for rank: 1
2023-06-13 15:40:54,370 - torch.distributed.distributed_c10d - INFO - Added key: store_based_barrier_key:1 to store for rank: 3
2023-06-13 15:40:55,108 - torch.distributed.distributed_c10d - INFO - Added key: store_based_barrier_key:1 to store for rank: 0
2023-06-13 15:40:55,108 - torch.distributed.distributed_c10d - INFO - Rank 0: Completed store-based barrier for key:store_based_barrier_key:1 with 16 nodes.
2023-06-13 15:40:55,117 - torch.distributed.distributed_c10d - INFO - Rank 1: Completed store-based barrier for key:store_based_barrier_key:1 with 16 nodes.
2023-06-13 15:40:55,118 - torch.distributed.distributed_c10d - INFO - Rank 2: Completed store-based barrier for key:store_based_barrier_key:1 with 16 nodes.
2023-06-13 15:40:55,118 - torch.distributed.distributed_c10d - INFO - Rank 3: Completed store-based barrier for key:store_based_barrier_key:1 with 16 nodes.
2023-06-13 15:40:55,165 - root - INFO - device: cuda:1
2023-06-13 15:40:55,165 - root - INFO - rank 1, begin data loader init
2023-06-13 15:40:55,169 - root - INFO - device: cuda:3
2023-06-13 15:40:55,169 - root - INFO - rank 3, begin data loader init
2023-06-13 15:40:55,170 - root - INFO - device: cuda:2
2023-06-13 15:40:55,170 - root - INFO - rank 2, begin data loader init
2023-06-13 15:40:55,175 - root - INFO - Getting file stats from /home/bingxing2/home/scx6115/Ocean_AI_model/sample_00/train/2000.h5
2023-06-13 15:40:55,175 - root - INFO - Getting file stats from /home/bingxing2/home/scx6115/Ocean_AI_model/sample_00/train/2000.h5
2023-06-13 15:40:55,175 - root - INFO - Getting file stats from /home/bingxing2/home/scx6115/Ocean_AI_model/sample_00/train/2000.h5
2023-06-13 15:40:55,176 - root - INFO - Number of samples per year: 250
2023-06-13 15:40:55,176 - root - INFO - Found data at path /home/bingxing2/home/scx6115/Ocean_AI_model/sample_00/train. Number of examples: 2750. Image Shape: 720 x 1440 x 30
2023-06-13 15:40:55,177 - root - INFO - Delta t: 1 days
2023-06-13 15:40:55,177 - root - INFO - Including 0 days of past history in training at a frequency of 1 days
2023-06-13 15:40:55,177 - root - INFO - Number of samples per year: 250
2023-06-13 15:40:55,177 - root - INFO - Number of samples per year: 250
2023-06-13 15:40:55,177 - root - INFO - Found data at path /home/bingxing2/home/scx6115/Ocean_AI_model/sample_00/train. Number of examples: 2750. Image Shape: 720 x 1440 x 30
2023-06-13 15:40:55,177 - root - INFO - Found data at path /home/bingxing2/home/scx6115/Ocean_AI_model/sample_00/train. Number of examples: 2750. Image Shape: 720 x 1440 x 30
2023-06-13 15:40:55,177 - root - INFO - Delta t: 1 days
2023-06-13 15:40:55,177 - root - INFO - Delta t: 1 days
2023-06-13 15:40:55,177 - root - INFO - Including 0 days of past history in training at a frequency of 1 days
2023-06-13 15:40:55,177 - root - INFO - Including 0 days of past history in training at a frequency of 1 days
2023-06-13 15:40:55,184 - root - INFO - Getting file stats from /home/bingxing2/home/scx6115/Ocean_AI_model/sample_00/valid/2011.h5
2023-06-13 15:40:55,184 - root - INFO - Getting file stats from /home/bingxing2/home/scx6115/Ocean_AI_model/sample_00/valid/2011.h5
2023-06-13 15:40:55,184 - root - INFO - Getting file stats from /home/bingxing2/home/scx6115/Ocean_AI_model/sample_00/valid/2011.h5
2023-06-13 15:40:55,185 - root - INFO - Number of samples per year: 250
2023-06-13 15:40:55,185 - root - INFO - Number of samples per year: 250
2023-06-13 15:40:55,185 - root - INFO - Found data at path /home/bingxing2/home/scx6115/Ocean_AI_model/sample_00/valid. Number of examples: 250. Image Shape: 720 x 1440 x 30
2023-06-13 15:40:55,185 - root - INFO - Found data at path /home/bingxing2/home/scx6115/Ocean_AI_model/sample_00/valid. Number of examples: 250. Image Shape: 720 x 1440 x 30
2023-06-13 15:40:55,185 - root - INFO - Delta t: 1 days
2023-06-13 15:40:55,185 - root - INFO - Delta t: 1 days
2023-06-13 15:40:55,185 - root - INFO - Number of samples per year: 250
2023-06-13 15:40:55,185 - root - INFO - Including 0 days of past history in training at a frequency of 1 days
2023-06-13 15:40:55,185 - root - INFO - Including 0 days of past history in training at a frequency of 1 days
2023-06-13 15:40:55,185 - root - INFO - Found data at path /home/bingxing2/home/scx6115/Ocean_AI_model/sample_00/valid. Number of examples: 250. Image Shape: 720 x 1440 x 30
2023-06-13 15:40:55,185 - root - INFO - Delta t: 1 days
2023-06-13 15:40:55,185 - root - INFO - rank 3, data loader initialized
2023-06-13 15:40:55,185 - root - INFO - Including 0 days of past history in training at a frequency of 1 days
2023-06-13 15:40:55,185 - root - INFO - rank 1, data loader initialized
Traceback (most recent call last):
2023-06-13 15:40:55,186 - root - INFO - rank 2, data loader initialized
  File "/home/bingxing2/home/scx6115/Ocean_AI_model/train_025_bingxing.py", line 487, in <module>
Traceback (most recent call last):
  File "/home/bingxing2/home/scx6115/Ocean_AI_model/train_025_bingxing.py", line 487, in <module>
Traceback (most recent call last):
  File "/home/bingxing2/home/scx6115/Ocean_AI_model/train_025_bingxing.py", line 487, in <module>
    trainer = Trainer(params, world_rank)
      File "/home/bingxing2/home/scx6115/Ocean_AI_model/train_025_bingxing.py", line 81, in __init__
trainer = Trainer(params, world_rank)
  File "/home/bingxing2/home/scx6115/Ocean_AI_model/train_025_bingxing.py", line 81, in __init__
            trainer = Trainer(params, world_rank)raise Exception("not implemented")raise Exception("not implemented")


  File "/home/bingxing2/home/scx6115/Ocean_AI_model/train_025_bingxing.py", line 81, in __init__
ExceptionException: : not implementednot implemented

    raise Exception("not implemented")
Exception: not implemented
2023-06-13 15:40:55,250 - root - INFO - ------------------ Configuration ------------------
2023-06-13 15:40:55,250 - root - INFO - Configuration file: /home/bingxing2/home/scx6115/Ocean_AI_model/config/Model.yaml
2023-06-13 15:40:55,250 - root - INFO - Configuration name: Masked_AE_fusion
2023-06-13 15:40:55,250 - root - INFO - nettype Masked_AE_fusion
2023-06-13 15:40:55,251 - root - INFO - log_to_wandb True
2023-06-13 15:40:55,251 - root - INFO - lr 0.001
2023-06-13 15:40:55,251 - root - INFO - batch_size 2
2023-06-13 15:40:55,251 - root - INFO - max_epochs 100
2023-06-13 15:40:55,251 - root - INFO - scheduler CosineAnnealingLR
2023-06-13 15:40:55,251 - root - INFO - fusion_3d_2d True
2023-06-13 15:40:55,251 - root - INFO - in_chans 31
2023-06-13 15:40:55,251 - root - INFO - out_chans 25
2023-06-13 15:40:55,251 - root - INFO - in_channels [0, 1, 2, 3, 4, 5, 6, 7, 8, 9, 10, 11, 12, 13, 14, 15, 16, 17, 18, 19, 20, 21, 22, 23, 24, 25, 26, 27, 28, 29]
2023-06-13 15:40:55,251 - root - INFO - out_channels [0, 1, 2, 3, 4, 5, 6, 7, 8, 9, 10, 11, 12, 13, 14, 15, 16, 17, 18, 19, 20, 21, 22, 23, 24]
2023-06-13 15:40:55,251 - root - INFO - img_size_h 720
2023-06-13 15:40:55,251 - root - INFO - img_size_w 1440
2023-06-13 15:40:55,251 - root - INFO - patch_size_h 16
2023-06-13 15:40:55,252 - root - INFO - patch_size_w 16
2023-06-13 15:40:55,252 - root - INFO - patch_size_d 2
2023-06-13 15:40:55,252 - root - INFO - mlp_ratio 4.0
2023-06-13 15:40:55,252 - root - INFO - in_chans_2d 7
2023-06-13 15:40:55,252 - root - INFO - out_chans_2d 1
2023-06-13 15:40:55,252 - root - INFO - in_chans_3d 4
2023-06-13 15:40:55,252 - root - INFO - out_chans_3d 4
2023-06-13 15:40:55,252 - root - INFO - var_depth 6
2023-06-13 15:40:55,252 - root - INFO - embed_dim 512
2023-06-13 15:40:55,252 - root - INFO - depth 16
2023-06-13 15:40:55,252 - root - INFO - num_heads 16
2023-06-13 15:40:55,252 - root - INFO - decoder_embed_dim 512
2023-06-13 15:40:55,252 - root - INFO - decoder_depth 8
2023-06-13 15:40:55,253 - root - INFO - decoder_num_heads 16
2023-06-13 15:40:55,253 - root - INFO - drop_rate 0.0
2023-06-13 15:40:55,253 - root - INFO - drop_path_rate 0.0
2023-06-13 15:40:55,253 - root - INFO - sparsity_threshold 0.01
2023-06-13 15:40:55,253 - root - INFO - hard_thresholding_fraction 1.0
2023-06-13 15:40:55,253 - root - INFO - num_blocks 8
2023-06-13 15:40:55,253 - root - INFO - loss l2
2023-06-13 15:40:55,253 - root - INFO - num_data_workers 0
2023-06-13 15:40:55,253 - root - INFO - dt 1
2023-06-13 15:40:55,253 - root - INFO - n_history 0
2023-06-13 15:40:55,253 - root - INFO - prediction_type iterative
2023-06-13 15:40:55,253 - root - INFO - prediction_length 41
2023-06-13 15:40:55,253 - root - INFO - n_initial_conditions 5
2023-06-13 15:40:55,254 - root - INFO - ics_type default
2023-06-13 15:40:55,254 - root - INFO - date_strings ['2018-09-14 00:00:00']
2023-06-13 15:40:55,254 - root - INFO - save_raw_forecasts True
2023-06-13 15:40:55,254 - root - INFO - save_channel False
2023-06-13 15:40:55,254 - root - INFO - masked_acc False
2023-06-13 15:40:55,254 - root - INFO - maskpath None
2023-06-13 15:40:55,254 - root - INFO - perturb False
2023-06-13 15:40:55,254 - root - INFO - add_grid False
2023-06-13 15:40:55,254 - root - INFO - N_grid_channels 0
2023-06-13 15:40:55,254 - root - INFO - gridtype sinusoidal
2023-06-13 15:40:55,254 - root - INFO - roll False
2023-06-13 15:40:55,254 - root - INFO - enable_nhwc False
2023-06-13 15:40:55,255 - root - INFO - optimizer_type FusedAdam
2023-06-13 15:40:55,255 - root - INFO - exp_dir ./exp
2023-06-13 15:40:55,255 - root - INFO - patch_size 8
2023-06-13 15:40:55,255 - root - INFO - width 56
2023-06-13 15:40:55,255 - root - INFO - modes 32
2023-06-13 15:40:55,255 - root - INFO - target default
2023-06-13 15:40:55,255 - root - INFO - train_data_path /home/bingxing2/home/scx6115/Ocean_AI_model/sample_00/train
2023-06-13 15:40:55,255 - root - INFO - valid_data_path /home/bingxing2/home/scx6115/Ocean_AI_model/sample_00/valid
2023-06-13 15:40:55,255 - root - INFO - test_data_path /home/bingxing2/home/scx6115/Ocean_AI_model/sample_00/test
2023-06-13 15:40:55,255 - root - INFO - land_mask True
2023-06-13 15:40:55,255 - root - INFO - land_mask_path /home/bingxing2/home/scx6115/Ocean_AI_model/sample_00/land_mask.h5
2023-06-13 15:40:55,255 - root - INFO - normalize True
2023-06-13 15:40:55,255 - root - INFO - normalization zscore
2023-06-13 15:40:55,255 - root - INFO - global_mins_path /home/bingxing2/home/scx6115/Ocean_AI_model/sample_00/train/global_mins.npy
2023-06-13 15:40:55,256 - root - INFO - global_maxs_path /home/bingxing2/home/scx6115/Ocean_AI_model/sample_00/train/global_maxs.npy
2023-06-13 15:40:55,256 - root - INFO - global_means_path /home/bingxing2/home/scx6115/Ocean_AI_model/sample_00/train/global_means.npy
2023-06-13 15:40:55,256 - root - INFO - global_stds_path /home/bingxing2/home/scx6115/Ocean_AI_model/sample_00/train/global_stds.npy
2023-06-13 15:40:55,256 - root - INFO - orography True
2023-06-13 15:40:55,256 - root - INFO - orography_norm_zscore_path /home/bingxing2/home/scx6115/Ocean_AI_model/sample_00/orography_norm_zscore.h5
2023-06-13 15:40:55,256 - root - INFO - orography_norm_maxmin_path /home/bingxing2/home/scx6115/Ocean_AI_model/sample_00/orography_norm_maxmin.h5
2023-06-13 15:40:55,256 - root - INFO - add_noise False
2023-06-13 15:40:55,256 - root - INFO - noise_std 0
2023-06-13 15:40:55,256 - root - INFO - crop_size_x None
2023-06-13 15:40:55,256 - root - INFO - crop_size_y None
2023-06-13 15:40:55,256 - root - INFO - log_to_screen True
2023-06-13 15:40:55,256 - root - INFO - save_checkpoint True
2023-06-13 15:40:55,256 - root - INFO - plot_animations False
2023-06-13 15:40:55,257 - root - INFO - epsilon_factor 0
2023-06-13 15:40:55,257 - root - INFO - world_size 16
2023-06-13 15:40:55,257 - root - INFO - local_rank 0
2023-06-13 15:40:55,257 - root - INFO - global_batch_size 32
2023-06-13 15:40:55,257 - root - INFO - enable_amp True
2023-06-13 15:40:55,257 - root - INFO - experiment_dir /home/bingxing2/home/scx6115/Ocean_AI_model/exp/Masked_AE_fusion/20230613-154042
2023-06-13 15:40:55,257 - root - INFO - checkpoint_path ./exp/Masked_AE_fusion/20230613-154042/training_checkpoints/ckpt.tar
2023-06-13 15:40:55,257 - root - INFO - best_checkpoint_path ./exp/Masked_AE_fusion/20230613-154042/training_checkpoints/best_ckpt.tar
2023-06-13 15:40:55,257 - root - INFO - resuming False
2023-06-13 15:40:55,257 - root - INFO - entity ocean_ai_model
2023-06-13 15:40:55,257 - root - INFO - project ai4science
2023-06-13 15:40:55,257 - root - INFO - group 025_daily
2023-06-13 15:40:55,257 - root - INFO - name Masked_AE_fusion_20230613-154042
2023-06-13 15:40:55,258 - root - INFO - ---------------------------------------------------
WARNING:torch.distributed.elastic.multiprocessing.api:Sending process 2820787 closing signal SIGTERM
ERROR:torch.distributed.elastic.multiprocessing.api:failed (exitcode: 1) local_rank: 1 (pid: 2820788) of binary: /home/bingxing2/home/scx6115/.conda/envs/torch2.0/bin/python
Traceback (most recent call last):
  File "/home/bingxing2/home/scx6115/.conda/envs/torch2.0/bin/torchrun", line 8, in <module>
    sys.exit(main())
  File "/home/bingxing2/home/scx6115/.conda/envs/torch2.0/lib/python3.10/site-packages/torch/distributed/elastic/multiprocessing/errors/__init__.py", line 346, in wrapper
    return f(*args, **kwargs)
  File "/home/bingxing2/home/scx6115/.conda/envs/torch2.0/lib/python3.10/site-packages/torch/distributed/run.py", line 794, in main
    run(args)
  File "/home/bingxing2/home/scx6115/.conda/envs/torch2.0/lib/python3.10/site-packages/torch/distributed/run.py", line 785, in run
    elastic_launch(
  File "/home/bingxing2/home/scx6115/.conda/envs/torch2.0/lib/python3.10/site-packages/torch/distributed/launcher/api.py", line 134, in __call__
    return launch_agent(self._config, self._entrypoint, list(args))
  File "/home/bingxing2/home/scx6115/.conda/envs/torch2.0/lib/python3.10/site-packages/torch/distributed/launcher/api.py", line 250, in launch_agent
    raise ChildFailedError(
torch.distributed.elastic.multiprocessing.errors.ChildFailedError: 
============================================================
train_025_bingxing.py FAILED
------------------------------------------------------------
Failures:
[1]:
  time      : 2023-06-13_15:40:58
  host      : paraai-n32-h-01-agent-73.paraai-n32-h-01.com
  rank      : 2 (local_rank: 2)
  exitcode  : 1 (pid: 2820789)
  error_file: <N/A>
  traceback : To enable traceback see: https://pytorch.org/docs/stable/elastic/errors.html
[2]:
  time      : 2023-06-13_15:40:58
  host      : paraai-n32-h-01-agent-73.paraai-n32-h-01.com
  rank      : 3 (local_rank: 3)
  exitcode  : 1 (pid: 2820790)
  error_file: <N/A>
  traceback : To enable traceback see: https://pytorch.org/docs/stable/elastic/errors.html
------------------------------------------------------------
Root Cause (first observed failure):
[0]:
  time      : 2023-06-13_15:40:58
  host      : paraai-n32-h-01-agent-73.paraai-n32-h-01.com
  rank      : 1 (local_rank: 1)
  exitcode  : 1 (pid: 2820788)
  error_file: <N/A>
  traceback : To enable traceback see: https://pytorch.org/docs/stable/elastic/errors.html
============================================================
