WARNING:torch.distributed.run:
*****************************************
Setting OMP_NUM_THREADS environment variable for each process to be 1 in default, to avoid your system being overloaded, please further tune the variable for optimal performance in your application as needed. 
*****************************************
paraai-n32-h-01-agent-13
0
------------------ Configuration ------------------  /home/bingxing2/home/scx6115/Ocean_AI_model/config/AFNO.yaml
paraai-n32-h-01-agent-13
0
------------------ Configuration ------------------  /home/bingxing2/home/scx6115/Ocean_AI_model/config/AFNO.yaml
paraai-n32-h-01-agent-13
paraai-n32-h-01-agent-13
0
------------------ Configuration ------------------ 0 
/home/bingxing2/home/scx6115/Ocean_AI_model/config/AFNO.yaml------------------ Configuration ------------------ 
 /home/bingxing2/home/scx6115/Ocean_AI_model/config/AFNO.yaml
log_to_wandb True
lr 0.0005
batch_size 32
max_epochs 500
scheduler CosineAnnealingLR
in_channels [0, 1, 2, 3, 4, 5, 6, 7, 8, 9, 10, 11, 12, 13, 14, 15, 16, 17, 18, 19, 20, 21, 22, 23, 24, 25, 26, 27, 28, 29]
out_channels [0, 1, 2, 3, 4, 5, 6, 7, 8, 9, 10, 11, 12, 13, 14, 15, 16, 17, 18, 19, 20, 21, 22, 23, 24]
N_in_channels 31
N_out_channels 25
img_size_h 720
img_size_w 1440
patch_size_h 5
patch_size_w 5
loss l2
num_data_workers 0
dt 1
n_history 0
prediction_type iterative
prediction_length 30
n_initial_conditions 5
ics_type default
save_raw_forecasts True
save_channel False
masked_acc False
maskpath None
perturb False
add_grid False
N_grid_channels 0
gridtype sinusoidal
roll False
num_blocks 8
nettype afno
patch_size 8
width 56
modes 32
target default
enable_nhwc False
optimizer_type FusedAdam
normalize True
normalization zscore
global_mins_path ./sample_00/train/global_mins.npy
global_maxs_path ./sample_00/train/global_maxs.npy
global_means_path ./sample_00/train/global_means.npy
global_stds_path ./sample_00/train/global_stds.npy
train_data_path ./sample_00/train
valid_data_path ./sample_00/valid
test_data_path ./sample_00/test
land_mask True
land_mask_path ./sample_00/land_mask.h5
orography True
orography_norm_zscore_path ./sample_00/orography_norm_zscore.h5
orography_norm_maxmin_path ./sample_00/orography_norm_maxmin.h5
exp_dir ./exp
add_noise False
noise_std 0
crop_size_x None
crop_size_y None
log_to_screen True
save_checkpoint True
plot_animations False
---------------------------------------------------
world_size : 16
Initialize distributed process group...
2023-06-08 20:46:37,432 - torch.distributed.distributed_c10d - INFO - Added key: store_based_barrier_key:1 to store for rank: 0
log_to_wandb True
lr 0.0005
batch_size 32
max_epochs 500
scheduler CosineAnnealingLR
in_channels [0, 1, 2, 3, 4, 5, 6, 7, 8, 9, 10, 11, 12, 13, 14, 15, 16, 17, 18, 19, 20, 21, 22, 23, 24, 25, 26, 27, 28, 29]
out_channels [0, 1, 2, 3, 4, 5, 6, 7, 8, 9, 10, 11, 12, 13, 14, 15, 16, 17, 18, 19, 20, 21, 22, 23, 24]
N_in_channels 31
N_out_channels 25
img_size_h 720
img_size_w 1440
patch_size_h 5
patch_size_w 5
loss l2
num_data_workers 0
dt 1
n_history 0
prediction_type iterative
prediction_length 30
n_initial_conditions 5
ics_type default
save_raw_forecasts True
save_channel False
masked_acc False
maskpath None
perturb False
add_grid False
N_grid_channels 0
gridtype sinusoidal
roll False
num_blocks 8
nettype afno
patch_size 8
width 56
modes 32
target default
enable_nhwc False
optimizer_type FusedAdam
normalize True
normalization zscore
global_mins_path ./sample_00/train/global_mins.npy
global_maxs_path ./sample_00/train/global_maxs.npy
global_means_path ./sample_00/train/global_means.npy
global_stds_path ./sample_00/train/global_stds.npy
train_data_path ./sample_00/train
valid_data_path ./sample_00/valid
test_data_path ./sample_00/test
land_mask True
land_mask_path ./sample_00/land_mask.h5
orography True
orography_norm_zscore_path ./sample_00/orography_norm_zscore.h5
orography_norm_maxmin_path ./sample_00/orography_norm_maxmin.h5
exp_dir ./exp
add_noise False
noise_std 0
crop_size_x None
crop_size_y None
log_to_screen True
save_checkpoint True
plot_animations False
---------------------------------------------------
world_size : 16
Initialize distributed process group...
2023-06-08 20:46:37,454 - torch.distributed.distributed_c10d - INFO - Added key: store_based_barrier_key:1 to store for rank: 3
log_to_wandb True
lr 0.0005
batch_size 32
log_to_wandbmax_epochs  True500

lrscheduler  0.0005CosineAnnealingLR

batch_sizein_channels  32[0, 1, 2, 3, 4, 5, 6, 7, 8, 9, 10, 11, 12, 13, 14, 15, 16, 17, 18, 19, 20, 21, 22, 23, 24, 25, 26, 27, 28, 29]

max_epochsout_channels  500[0, 1, 2, 3, 4, 5, 6, 7, 8, 9, 10, 11, 12, 13, 14, 15, 16, 17, 18, 19, 20, 21, 22, 23, 24]

schedulerN_in_channels  CosineAnnealingLR31

in_channelsN_out_channels  [0, 1, 2, 3, 4, 5, 6, 7, 8, 9, 10, 11, 12, 13, 14, 15, 16, 17, 18, 19, 20, 21, 22, 23, 24, 25, 26, 27, 28, 29]25

out_channelsimg_size_h  [0, 1, 2, 3, 4, 5, 6, 7, 8, 9, 10, 11, 12, 13, 14, 15, 16, 17, 18, 19, 20, 21, 22, 23, 24]720

N_in_channelsimg_size_w  311440

N_out_channelspatch_size_h  255

img_size_hpatch_size_w  7205

img_size_wloss  1440l2

patch_size_hnum_data_workers  50

patch_size_wdt  51

lossn_history  l20

num_data_workersprediction_type  0iterative

dtprediction_length  130

n_historyn_initial_conditions  05

prediction_typeics_type  iterativedefault

prediction_lengthsave_raw_forecasts  30True

n_initial_conditionssave_channel  5False

ics_typemasked_acc  defaultFalse

save_raw_forecastsmaskpath  TrueNone

save_channelperturb  FalseFalse

masked_accadd_grid  FalseFalse

maskpathN_grid_channels  None0

perturbgridtype  Falsesinusoidal

add_gridroll  FalseFalse

N_grid_channelsnum_blocks  08

gridtypenettype  sinusoidalafno

rollpatch_size  False8

num_blockswidth  856

nettypemodes  afno32

patch_sizetarget  8default

widthenable_nhwc  56False

modesoptimizer_type  32FusedAdam

targetnormalize  defaultTrue

enable_nhwcnormalization  Falsezscore

optimizer_typeglobal_mins_path  FusedAdam./sample_00/train/global_mins.npy

normalizeglobal_maxs_path  True./sample_00/train/global_maxs.npy

normalizationglobal_means_path  zscore./sample_00/train/global_means.npy

global_mins_pathglobal_stds_path  ./sample_00/train/global_mins.npy./sample_00/train/global_stds.npy

global_maxs_pathtrain_data_path  ./sample_00/train/global_maxs.npy./sample_00/train

global_means_pathvalid_data_path  ./sample_00/train/global_means.npy./sample_00/valid

global_stds_pathtest_data_path  ./sample_00/train/global_stds.npy./sample_00/test

train_data_pathland_mask  ./sample_00/trainTrue

valid_data_pathland_mask_path  ./sample_00/valid./sample_00/land_mask.h5

test_data_pathorography  ./sample_00/testTrue

land_maskorography_norm_zscore_path  True./sample_00/orography_norm_zscore.h5

land_mask_pathorography_norm_maxmin_path  ./sample_00/land_mask.h5./sample_00/orography_norm_maxmin.h5

orographyexp_dir  True./exp

orography_norm_zscore_pathadd_noise  ./sample_00/orography_norm_zscore.h5False

orography_norm_maxmin_pathnoise_std  ./sample_00/orography_norm_maxmin.h50

exp_dircrop_size_x  ./expNone

add_noisecrop_size_y  FalseNone

noise_stdlog_to_screen  0True

crop_size_xsave_checkpoint  NoneTrue

crop_size_yplot_animations  NoneFalse

log_to_screen True
save_checkpoint True
plot_animations ---------------------------------------------------False

world_size : 16
Initialize distributed process group...
---------------------------------------------------
world_size : 16
Initialize distributed process group...
2023-06-08 20:46:37,465 - torch.distributed.distributed_c10d - INFO - Added key: store_based_barrier_key:1 to store for rank: 2
2023-06-08 20:46:37,466 - torch.distributed.distributed_c10d - INFO - Added key: store_based_barrier_key:1 to store for rank: 1
2023-06-08 20:46:39,239 - torch.distributed.distributed_c10d - INFO - Rank 3: Completed store-based barrier for key:store_based_barrier_key:1 with 16 nodes.
2023-06-08 20:46:39,239 - torch.distributed.distributed_c10d - INFO - Rank 1: Completed store-based barrier for key:store_based_barrier_key:1 with 16 nodes.
2023-06-08 20:46:39,239 - torch.distributed.distributed_c10d - INFO - Rank 0: Completed store-based barrier for key:store_based_barrier_key:1 with 16 nodes.
2023-06-08 20:46:39,239 - torch.distributed.distributed_c10d - INFO - Rank 2: Completed store-based barrier for key:store_based_barrier_key:1 with 16 nodes.
2023-06-08 20:46:39,332 - root - INFO - device: cuda:1
2023-06-08 20:46:39,332 - root - INFO - device: cuda:2
2023-06-08 20:46:39,332 - root - INFO - rank 1, begin data loader init
2023-06-08 20:46:39,332 - root - INFO - rank 2, begin data loader init
2023-06-08 20:46:39,341 - root - INFO - Getting file stats from ./sample_00/train/2000.h5
2023-06-08 20:46:39,341 - root - INFO - Getting file stats from ./sample_00/train/2000.h5
2023-06-08 20:46:39,341 - root - INFO - device: cuda:3
2023-06-08 20:46:39,342 - root - INFO - rank 3, begin data loader init
2023-06-08 20:46:39,342 - root - INFO - Number of samples per year: 365
2023-06-08 20:46:39,342 - root - INFO - Found data at path ./sample_00/train. Number of examples: 1460. Image Shape: 720 x 1440 x 30
2023-06-08 20:46:39,342 - root - INFO - Delta t: 1 days
2023-06-08 20:46:39,342 - root - INFO - Including 0 days of past history in training at a frequency of 1 days
2023-06-08 20:46:39,342 - root - INFO - Number of samples per year: 365
2023-06-08 20:46:39,342 - root - INFO - Found data at path ./sample_00/train. Number of examples: 1460. Image Shape: 720 x 1440 x 30
2023-06-08 20:46:39,342 - root - INFO - Delta t: 1 days
2023-06-08 20:46:39,342 - root - INFO - Including 0 days of past history in training at a frequency of 1 days
2023-06-08 20:46:39,343 - root - INFO - Getting file stats from ./sample_00/train/2000.h5
2023-06-08 20:46:39,343 - root - INFO - ------------------ Configuration ------------------
2023-06-08 20:46:39,344 - root - INFO - Configuration file: /home/bingxing2/home/scx6115/Ocean_AI_model/config/AFNO.yaml
2023-06-08 20:46:39,344 - root - INFO - Configuration name: afno_backbone
2023-06-08 20:46:39,344 - root - INFO - log_to_wandb True
2023-06-08 20:46:39,344 - root - INFO - lr 0.0005
2023-06-08 20:46:39,344 - root - INFO - batch_size 2
2023-06-08 20:46:39,344 - root - INFO - max_epochs 500
2023-06-08 20:46:39,344 - root - INFO - scheduler CosineAnnealingLR
2023-06-08 20:46:39,344 - root - INFO - in_channels [0, 1, 2, 3, 4, 5, 6, 7, 8, 9, 10, 11, 12, 13, 14, 15, 16, 17, 18, 19, 20, 21, 22, 23, 24, 25, 26, 27, 28, 29]
2023-06-08 20:46:39,344 - root - INFO - out_channels [0, 1, 2, 3, 4, 5, 6, 7, 8, 9, 10, 11, 12, 13, 14, 15, 16, 17, 18, 19, 20, 21, 22, 23, 24]
2023-06-08 20:46:39,344 - root - INFO - N_in_channels 31
2023-06-08 20:46:39,344 - root - INFO - N_out_channels 25
2023-06-08 20:46:39,344 - root - INFO - img_size_h 720
2023-06-08 20:46:39,344 - root - INFO - img_size_w 1440
2023-06-08 20:46:39,344 - root - INFO - Number of samples per year: 365
2023-06-08 20:46:39,345 - root - INFO - patch_size_h 5
2023-06-08 20:46:39,345 - root - INFO - Found data at path ./sample_00/train. Number of examples: 1460. Image Shape: 720 x 1440 x 30
2023-06-08 20:46:39,345 - root - INFO - patch_size_w 5
2023-06-08 20:46:39,345 - root - INFO - Delta t: 1 days
2023-06-08 20:46:39,345 - root - INFO - loss l2
2023-06-08 20:46:39,345 - root - INFO - Including 0 days of past history in training at a frequency of 1 days
2023-06-08 20:46:39,345 - root - INFO - num_data_workers 0
2023-06-08 20:46:39,345 - root - INFO - dt 1
2023-06-08 20:46:39,345 - root - INFO - n_history 0
2023-06-08 20:46:39,345 - root - INFO - prediction_type iterative
2023-06-08 20:46:39,345 - root - INFO - prediction_length 30
2023-06-08 20:46:39,345 - root - INFO - n_initial_conditions 5
2023-06-08 20:46:39,345 - root - INFO - ics_type default
2023-06-08 20:46:39,345 - root - INFO - save_raw_forecasts True
2023-06-08 20:46:39,345 - root - INFO - save_channel False
2023-06-08 20:46:39,345 - root - INFO - masked_acc False
2023-06-08 20:46:39,345 - root - INFO - maskpath None
2023-06-08 20:46:39,346 - root - INFO - perturb False
2023-06-08 20:46:39,346 - root - INFO - add_grid False
2023-06-08 20:46:39,346 - root - INFO - N_grid_channels 0
2023-06-08 20:46:39,346 - root - INFO - gridtype sinusoidal
2023-06-08 20:46:39,346 - root - INFO - roll False
2023-06-08 20:46:39,346 - root - INFO - num_blocks 8
2023-06-08 20:46:39,346 - root - INFO - nettype afno
2023-06-08 20:46:39,346 - root - INFO - patch_size 8
2023-06-08 20:46:39,346 - root - INFO - width 56
2023-06-08 20:46:39,346 - root - INFO - modes 32
2023-06-08 20:46:39,346 - root - INFO - target default
2023-06-08 20:46:39,346 - root - INFO - enable_nhwc False
2023-06-08 20:46:39,346 - root - INFO - optimizer_type FusedAdam
2023-06-08 20:46:39,346 - root - INFO - normalize True
2023-06-08 20:46:39,347 - root - INFO - normalization zscore
2023-06-08 20:46:39,347 - root - INFO - global_mins_path ./sample_00/train/global_mins.npy
2023-06-08 20:46:39,347 - root - INFO - global_maxs_path ./sample_00/train/global_maxs.npy
2023-06-08 20:46:39,347 - root - INFO - global_means_path ./sample_00/train/global_means.npy
2023-06-08 20:46:39,347 - root - INFO - global_stds_path ./sample_00/train/global_stds.npy
2023-06-08 20:46:39,347 - root - INFO - train_data_path ./sample_00/train
2023-06-08 20:46:39,347 - root - INFO - valid_data_path ./sample_00/valid
2023-06-08 20:46:39,347 - root - INFO - test_data_path ./sample_00/test
2023-06-08 20:46:39,347 - root - INFO - land_mask True
2023-06-08 20:46:39,347 - root - INFO - land_mask_path ./sample_00/land_mask.h5
2023-06-08 20:46:39,347 - root - INFO - orography True
2023-06-08 20:46:39,347 - root - INFO - orography_norm_zscore_path ./sample_00/orography_norm_zscore.h5
2023-06-08 20:46:39,347 - root - INFO - orography_norm_maxmin_path ./sample_00/orography_norm_maxmin.h5
2023-06-08 20:46:39,347 - root - INFO - exp_dir ./exp
2023-06-08 20:46:39,347 - root - INFO - add_noise False
2023-06-08 20:46:39,348 - root - INFO - noise_std 0
2023-06-08 20:46:39,348 - root - INFO - crop_size_x None
2023-06-08 20:46:39,348 - root - INFO - crop_size_y None
2023-06-08 20:46:39,348 - root - INFO - log_to_screen True
2023-06-08 20:46:39,348 - root - INFO - save_checkpoint True
2023-06-08 20:46:39,348 - root - INFO - plot_animations False
2023-06-08 20:46:39,348 - root - INFO - epsilon_factor 0
2023-06-08 20:46:39,348 - root - INFO - world_size 16
2023-06-08 20:46:39,348 - root - INFO - local_rank 0
2023-06-08 20:46:39,348 - root - INFO - global_batch_size 32
2023-06-08 20:46:39,348 - root - INFO - enable_amp True
2023-06-08 20:46:39,348 - root - INFO - experiment_dir /home/bingxing2/home/scx6115/Ocean_AI_model/exp/afno_backbone/20230608-204622
2023-06-08 20:46:39,348 - root - INFO - checkpoint_path ./exp/afno_backbone/20230608-204622/training_checkpoints/ckpt.tar
2023-06-08 20:46:39,348 - root - INFO - best_checkpoint_path ./exp/afno_backbone/20230608-204622/training_checkpoints/best_ckpt.tar
2023-06-08 20:46:39,349 - root - INFO - resuming False
2023-06-08 20:46:39,349 - root - INFO - entity ocean_ai_model
2023-06-08 20:46:39,349 - root - INFO - project ai4science
2023-06-08 20:46:39,349 - root - INFO - group 025_daily
2023-06-08 20:46:39,349 - root - INFO - name afno_backbone_20230608-204622
2023-06-08 20:46:39,349 - root - INFO - ---------------------------------------------------
2023-06-08 20:46:39,385 - root - INFO - Getting file stats from ./sample_00/valid/2006.h5
2023-06-08 20:46:39,385 - root - INFO - Getting file stats from ./sample_00/valid/2006.h5
2023-06-08 20:46:39,385 - root - INFO - Getting file stats from ./sample_00/valid/2006.h5
2023-06-08 20:46:39,386 - root - INFO - Number of samples per year: 364
2023-06-08 20:46:39,386 - root - INFO - Number of samples per year: 364
2023-06-08 20:46:39,386 - root - INFO - Found data at path ./sample_00/valid. Number of examples: 364. Image Shape: 720 x 1440 x 30
2023-06-08 20:46:39,386 - root - INFO - Found data at path ./sample_00/valid. Number of examples: 364. Image Shape: 720 x 1440 x 30
2023-06-08 20:46:39,386 - root - INFO - Number of samples per year: 364
2023-06-08 20:46:39,386 - root - INFO - Delta t: 1 days
2023-06-08 20:46:39,386 - root - INFO - Delta t: 1 days
2023-06-08 20:46:39,386 - root - INFO - Found data at path ./sample_00/valid. Number of examples: 364. Image Shape: 720 x 1440 x 30
2023-06-08 20:46:39,386 - root - INFO - Including 0 days of past history in training at a frequency of 1 days
2023-06-08 20:46:39,386 - root - INFO - Including 0 days of past history in training at a frequency of 1 days
2023-06-08 20:46:39,387 - root - INFO - Delta t: 1 days
2023-06-08 20:46:39,387 - root - INFO - Including 0 days of past history in training at a frequency of 1 days
2023-06-08 20:46:39,387 - root - INFO - rank 1, data loader initialized
2023-06-08 20:46:39,387 - root - INFO - rank 3, data loader initialized
2023-06-08 20:46:39,387 - root - INFO - rank 2, data loader initialized
Traceback (most recent call last):
Traceback (most recent call last):
Traceback (most recent call last):
  File "/home/bingxing2/home/scx6115/Ocean_AI_model/train_025_bingxing.py", line 479, in <module>
  File "/home/bingxing2/home/scx6115/Ocean_AI_model/train_025_bingxing.py", line 479, in <module>
  File "/home/bingxing2/home/scx6115/Ocean_AI_model/train_025_bingxing.py", line 479, in <module>
            trainer = Trainer(params, world_rank)trainer = Trainer(params, world_rank)trainer = Trainer(params, world_rank)


  File "/home/bingxing2/home/scx6115/Ocean_AI_model/train_025_bingxing.py", line 77, in __init__
  File "/home/bingxing2/home/scx6115/Ocean_AI_model/train_025_bingxing.py", line 77, in __init__
  File "/home/bingxing2/home/scx6115/Ocean_AI_model/train_025_bingxing.py", line 77, in __init__
        from networks.afnonet import AFNONet as model    from networks.afnonet import AFNONet as model
from networks.afnonet import AFNONet as model
  File "/home/bingxing2/home/scx6115/Ocean_AI_model/networks/afnonet.py", line 22, in <module>

  File "/home/bingxing2/home/scx6115/Ocean_AI_model/networks/afnonet.py", line 22, in <module>
  File "/home/bingxing2/home/scx6115/Ocean_AI_model/networks/afnonet.py", line 22, in <module>
            from einops import rearrange, repeatfrom einops import rearrange, repeatfrom einops import rearrange, repeat


ModuleNotFoundErrorModuleNotFoundErrorModuleNotFoundError: : : No module named 'einops'No module named 'einops'No module named 'einops'


WARNING:torch.distributed.elastic.multiprocessing.api:Sending process 222654 closing signal SIGTERM
ERROR:torch.distributed.elastic.multiprocessing.api:failed (exitcode: 1) local_rank: 1 (pid: 222655) of binary: /home/bingxing2/home/scx6115/.conda/envs/torch2.0/bin/python
Traceback (most recent call last):
  File "/home/bingxing2/home/scx6115/.conda/envs/torch2.0/bin/torchrun", line 8, in <module>
    sys.exit(main())
  File "/home/bingxing2/home/scx6115/.conda/envs/torch2.0/lib/python3.10/site-packages/torch/distributed/elastic/multiprocessing/errors/__init__.py", line 346, in wrapper
    return f(*args, **kwargs)
  File "/home/bingxing2/home/scx6115/.conda/envs/torch2.0/lib/python3.10/site-packages/torch/distributed/run.py", line 794, in main
    run(args)
  File "/home/bingxing2/home/scx6115/.conda/envs/torch2.0/lib/python3.10/site-packages/torch/distributed/run.py", line 785, in run
    elastic_launch(
  File "/home/bingxing2/home/scx6115/.conda/envs/torch2.0/lib/python3.10/site-packages/torch/distributed/launcher/api.py", line 134, in __call__
    return launch_agent(self._config, self._entrypoint, list(args))
  File "/home/bingxing2/home/scx6115/.conda/envs/torch2.0/lib/python3.10/site-packages/torch/distributed/launcher/api.py", line 250, in launch_agent
    raise ChildFailedError(
torch.distributed.elastic.multiprocessing.errors.ChildFailedError: 
============================================================
train_025_bingxing.py FAILED
------------------------------------------------------------
Failures:
[1]:
  time      : 2023-06-08_20:46:45
  host      : paraai-n32-h-01-agent-13.paraai-n32-h-01.com
  rank      : 2 (local_rank: 2)
  exitcode  : 1 (pid: 222656)
  error_file: <N/A>
  traceback : To enable traceback see: https://pytorch.org/docs/stable/elastic/errors.html
[2]:
  time      : 2023-06-08_20:46:45
  host      : paraai-n32-h-01-agent-13.paraai-n32-h-01.com
  rank      : 3 (local_rank: 3)
  exitcode  : 1 (pid: 222657)
  error_file: <N/A>
  traceback : To enable traceback see: https://pytorch.org/docs/stable/elastic/errors.html
------------------------------------------------------------
Root Cause (first observed failure):
[0]:
  time      : 2023-06-08_20:46:45
  host      : paraai-n32-h-01-agent-13.paraai-n32-h-01.com
  rank      : 1 (local_rank: 1)
  exitcode  : 1 (pid: 222655)
  error_file: <N/A>
  traceback : To enable traceback see: https://pytorch.org/docs/stable/elastic/errors.html
============================================================
