WARNING:torch.distributed.run:
*****************************************
Setting OMP_NUM_THREADS environment variable for each process to be 1 in default, to avoid your system being overloaded, please further tune the variable for optimal performance in your application as needed. 
*****************************************
usage: train_025_bingxing.py [-h] [--run_num RUN_NUM]
                             [--yaml_config YAML_CONFIG] [--config CONFIG]
                             [--enable_amp] [--epsilon_factor EPSILON_FACTOR]
                             [--local_rank LOCAL_RANK]
train_025_bingxing.py: error: unrecognized arguments: --device 0,1,2,3
usage: train_025_bingxing.py [-h] [--run_num RUN_NUM]
                             [--yaml_config YAML_CONFIG] [--config CONFIG]
                             [--enable_amp] [--epsilon_factor EPSILON_FACTOR]
                             [--local_rank LOCAL_RANK]
train_025_bingxing.py: error: unrecognized arguments: --device 0,1,2,3
usage: train_025_bingxing.py [-h] [--run_num RUN_NUM]
                             [--yaml_config YAML_CONFIG] [--config CONFIG]
                             [--enable_amp] [--epsilon_factor EPSILON_FACTOR]
                             [--local_rank LOCAL_RANK]
train_025_bingxing.py: error: unrecognized arguments: --device 0,1,2,3
usage: train_025_bingxing.py [-h] [--run_num RUN_NUM]
                             [--yaml_config YAML_CONFIG] [--config CONFIG]
                             [--enable_amp] [--epsilon_factor EPSILON_FACTOR]
                             [--local_rank LOCAL_RANK]
train_025_bingxing.py: error: unrecognized arguments: --device 0,1,2,3
ERROR:torch.distributed.elastic.multiprocessing.api:failed (exitcode: 2) local_rank: 0 (pid: 3132775) of binary: /home/bingxing2/home/scx6115/.conda/envs/torch2.0/bin/python
