master_addr is only used for static rdzv_backend and when rdzv_endpoint is not specified.
WARNING:torch.distributed.run:
*****************************************
Setting OMP_NUM_THREADS environment variable for each process to be 1 in default, to avoid your system being overloaded, please further tune the variable for optimal performance in your application as needed. 
*****************************************
paraai-n32-h-01-agent-5
0
------------------ Configuration ------------------  /home/bingxing2/home/scx6115/Ocean_AI_model/config/Model_2.yaml
paraai-n32-h-01-agent-5
0
------------------ Configuration ------------------  /home/bingxing2/home/scx6115/Ocean_AI_model/config/Model_2.yaml
paraai-n32-h-01-agent-5
0
------------------ Configuration ------------------  /home/bingxing2/home/scx6115/Ocean_AI_model/config/Model_2.yaml
paraai-n32-h-01-agent-5
0
------------------ Configuration ------------------  /home/bingxing2/home/scx6115/Ocean_AI_model/config/Model_2.yaml
nettype Masked_AE_Ocean
log_to_wandb True
lr 0.001
batch_size 32
max_epochs 150
scheduler CosineAnnealingLR
fusion_3d_2d False
in_channels [0, 1, 2, 3, 4, 5, 6, 7, 8, 9, 10, 11, 12, 13, 14, 15, 16, 17, 18, 19, 20, 21, 22, 23, 24, 25, 26, 27, 28, 29, 30, 31, 32, 33, 34, 35, 36, 37, 38, 39, 40, 41, 42, 43, 44, 45, 46, 47, 48, 49, 50, 51, 52, 53, 54, 55, 56, 57, 58, 59, 60, 61, 62, 63, 64, 65]
out_channels [0, 1, 2, 3, 4, 5, 6, 7, 8, 9, 10, 11, 12, 13, 14, 15, 16, 17, 18, 19, 20, 21, 22, 23, 24, 25, 26, 27, 28, 29, 30, 31, 32, 33, 34, 35, 36, 37, 38, 39, 40, 41, 42, 43, 44, 45, 46, 47, 48, 49, 50, 51, 52, 53, 54, 55, 56, 57, 58, 59, 60]
N_in_channels 66
N_out_channels 61
img_size_h 720
img_size_w 1440
patch_size_h 8
patch_size_w 8
mlp_ratio 4.0
embed_dim 512
depth 16
num_heads 16
decoder_embed_dim 1024
decoder_depth 8
decoder_num_heads 16
koopman_depth 2
modes_h_ratio 1
modes_w_ratio 0.8
drop_rate 0.0
drop_path_rate 0.0
sparsity_threshold 0.01
hard_thresholding_fraction 1.0
num_blocks 8
loss l2
num_data_workers 0
dt 1
n_history 0
prediction_type iterative
prediction_length 41
n_initial_conditions 5
ics_type default
date_strings ['2018-09-14 00:00:00']
save_raw_forecasts True
save_channel False
masked_acc False
maskpath None
perturb False
add_grid False
N_grid_channels 0
gridtype sinusoidal
roll False
enable_nhwc False
optimizer_type FusedAdam
exp_dir ./exp
patch_size 8
width 56
modes 32
target default
train_data_path /home/bingxing2/home/scx6115/Ocean_AI_model/sample_01/train
valid_data_path /home/bingxing2/home/scx6115/Ocean_AI_model/sample_01/valid
test_data_path /home/bingxing2/home/scx6115/Ocean_AI_model/sample_01/test
land_mask True
land_mask_path /home/bingxing2/home/scx6115/Ocean_AI_model/sample_01/land_mask.h5
normalize True
normalization zscore
global_mins_path /home/bingxing2/home/scx6115/Ocean_AI_model/sample_01/train/global_mins.npy
global_maxs_path /home/bingxing2/home/scx6115/Ocean_AI_model/sample_01/train/global_maxs.npy
global_means_path /home/bingxing2/home/scx6115/Ocean_AI_model/sample_01/train/global_means.npy
global_stds_path /home/bingxing2/home/scx6115/Ocean_AI_model/sample_01/train/global_stds.npy
orography True
orography_norm_zscore_path /home/bingxing2/home/scx6115/Ocean_AI_model/sample_01/orography_norm_zscore.h5
orography_norm_maxmin_path /home/bingxing2/home/scx6115/Ocean_AI_model/sample_01/orography_norm_maxmin.h5
add_noise False
noise_std 0
crop_size_x None
crop_size_y None
log_to_screen True
save_checkpoint True
plot_animations False
---------------------------------------------------
world_size : 16
Initialize distributed process group...
nettype Masked_AE_Ocean
log_to_wandb True
lr 0.001
batch_size 32
max_epochs 150
scheduler CosineAnnealingLR
fusion_3d_2d False
in_channels [0, 1, 2, 3, 4, 5, 6, 7, 8, 9, 10, 11, 12, 13, 14, 15, 16, 17, 18, 19, 20, 21, 22, 23, 24, 25, 26, 27, 28, 29, 30, 31, 32, 33, 34, 35, 36, 37, 38, 39, 40, 41, 42, 43, 44, 45, 46, 47, 48, 49, 50, 51, 52, 53, 54, 55, 56, 57, 58, 59, 60, 61, 62, 63, 64, 65]
out_channels [0, 1, 2, 3, 4, 5, 6, 7, 8, 9, 10, 11, 12, 13, 14, 15, 16, 17, 18, 19, 20, 21, 22, 23, 24, 25, 26, 27, 28, 29, 30, 31, 32, 33, 34, 35, 36, 37, 38, 39, 40, 41, 42, 43, 44, 45, 46, 47, 48, 49, 50, 51, 52, 53, 54, 55, 56, 57, 58, 59, 60]
N_in_channels 66
N_out_channels 61
img_size_h 720
img_size_w 1440
patch_size_h 8
patch_size_w 8
mlp_ratio 4.0
embed_dim 512
depth 16
num_heads 16
decoder_embed_dim 1024
decoder_depth 8
decoder_num_heads 16
koopman_depthnettype  2Masked_AE_Ocean

modes_h_ratiolog_to_wandb  1True

modes_w_ratiolr  0.80.001

drop_ratebatch_size  0.032

drop_path_ratemax_epochs  0.0150

sparsity_thresholdscheduler  0.01CosineAnnealingLR

hard_thresholding_fractionfusion_3d_2d  1.0False

num_blocksin_channels  8
[0, 1, 2, 3, 4, 5, 6, 7, 8, 9, 10, 11, 12, 13, 14, 15, 16, 17, 18, 19, 20, 21, 22, 23, 24, 25, 26, 27, 28, 29, 30, 31, 32, 33, 34, 35, 36, 37, 38, 39, 40, 41, 42, 43, 44, 45, 46, 47, 48, 49, 50, 51, 52, 53, 54, 55, 56, 57, 58, 59, 60, 61, 62, 63, 64, 65]loss
 out_channelsl2 
[0, 1, 2, 3, 4, 5, 6, 7, 8, 9, 10, 11, 12, 13, 14, 15, 16, 17, 18, 19, 20, 21, 22, 23, 24, 25, 26, 27, 28, 29, 30, 31, 32, 33, 34, 35, 36, 37, 38, 39, 40, 41, 42, 43, 44, 45, 46, 47, 48, 49, 50, 51, 52, 53, 54, 55, 56, 57, 58, 59, 60]num_data_workers
 N_in_channels0 
66dt
 N_out_channels1 
61n_history
 img_size_h0 
720prediction_type
 img_size_witerative 
1440prediction_length
 patch_size_h41 
8n_initial_conditions
 patch_size_w5 
8ics_type
 mlp_ratiodefault 
4.0date_strings
 embed_dim['2018-09-14 00:00:00'] 
512save_raw_forecasts
 depthTrue 
16save_channel
 num_headsFalse 
16masked_acc
 decoder_embed_dimFalse 
1024maskpath
 decoder_depthNone 
8perturb
 decoder_num_headsFalse 
16add_grid
 koopman_depthFalse 
2N_grid_channels
 modes_h_ratio0 
1gridtype
 modes_w_ratiosinusoidal 
0.8roll
 drop_rateFalse 
0.0enable_nhwc
 drop_path_rateFalse 
0.0optimizer_type
 sparsity_thresholdFusedAdam 
0.01exp_dir
 hard_thresholding_fraction./exp 
1.0patch_size
 num_blocks8 
8width
 loss56 
l2modes
 num_data_workers32 
0target
 dtdefault 
1train_data_path
 n_history/home/bingxing2/home/scx6115/Ocean_AI_model/sample_01/train 
0valid_data_path
 prediction_type/home/bingxing2/home/scx6115/Ocean_AI_model/sample_01/valid 
iterativetest_data_path
 prediction_length/home/bingxing2/home/scx6115/Ocean_AI_model/sample_01/test nettype
41 land_mask
Masked_AE_Ocean n_initial_conditions
True 
log_to_wandb5land_mask_path 
 Trueics_type/home/bingxing2/home/scx6115/Ocean_AI_model/sample_01/land_mask.h5
 
lrdefaultnormalize 
 0.001date_stringsTrue
 
batch_size['2018-09-14 00:00:00']normalization 
 32save_raw_forecastszscore
 
max_epochsTrueglobal_mins_path 
 150save_channel/home/bingxing2/home/scx6115/Ocean_AI_model/sample_01/train/global_mins.npy
 
schedulerFalseglobal_maxs_path 
 CosineAnnealingLRmasked_acc/home/bingxing2/home/scx6115/Ocean_AI_model/sample_01/train/global_maxs.npy
 
fusion_3d_2dFalseglobal_means_path 
 Falsemaskpath/home/bingxing2/home/scx6115/Ocean_AI_model/sample_01/train/global_means.npy
 
in_channelsNoneglobal_stds_path 
 [0, 1, 2, 3, 4, 5, 6, 7, 8, 9, 10, 11, 12, 13, 14, 15, 16, 17, 18, 19, 20, 21, 22, 23, 24, 25, 26, 27, 28, 29, 30, 31, 32, 33, 34, 35, 36, 37, 38, 39, 40, 41, 42, 43, 44, 45, 46, 47, 48, 49, 50, 51, 52, 53, 54, 55, 56, 57, 58, 59, 60, 61, 62, 63, 64, 65]perturb/home/bingxing2/home/scx6115/Ocean_AI_model/sample_01/train/global_stds.npy
 
out_channelsFalseorography 
 [0, 1, 2, 3, 4, 5, 6, 7, 8, 9, 10, 11, 12, 13, 14, 15, 16, 17, 18, 19, 20, 21, 22, 23, 24, 25, 26, 27, 28, 29, 30, 31, 32, 33, 34, 35, 36, 37, 38, 39, 40, 41, 42, 43, 44, 45, 46, 47, 48, 49, 50, 51, 52, 53, 54, 55, 56, 57, 58, 59, 60]add_gridTrue
 
N_in_channelsFalseorography_norm_zscore_path 
 66N_grid_channels/home/bingxing2/home/scx6115/Ocean_AI_model/sample_01/orography_norm_zscore.h5
 
N_out_channels0orography_norm_maxmin_path 
 61gridtype/home/bingxing2/home/scx6115/Ocean_AI_model/sample_01/orography_norm_maxmin.h5
 
img_size_hsinusoidaladd_noise 
 720rollFalse
 
img_size_wFalsenoise_std 
 1440enable_nhwc0
 
patch_size_hFalsecrop_size_x 
 8optimizer_typeNone
 
patch_size_wFusedAdamcrop_size_y 
 8exp_dirNone
 
mlp_ratio./explog_to_screen 
 4.0patch_sizeTrue
 
embed_dim8save_checkpoint 
 512widthTrue
 
depth56plot_animations 
 16modesFalse
 
num_heads32 
16
target--------------------------------------------------- decoder_embed_dim
default 
world_size :1024train_data_path 
 16decoder_depth/home/bingxing2/home/scx6115/Ocean_AI_model/sample_01/train
 
Initialize distributed process group...8valid_data_path

 decoder_num_heads/home/bingxing2/home/scx6115/Ocean_AI_model/sample_01/valid 
16test_data_path
 koopman_depth/home/bingxing2/home/scx6115/Ocean_AI_model/sample_01/test 
2land_mask
 modes_h_ratioTrue 
1land_mask_path
 modes_w_ratio/home/bingxing2/home/scx6115/Ocean_AI_model/sample_01/land_mask.h5 
0.8normalize
 drop_rateTrue 
0.0normalization
 drop_path_ratezscore 
0.0global_mins_path
 sparsity_threshold/home/bingxing2/home/scx6115/Ocean_AI_model/sample_01/train/global_mins.npy 
0.01global_maxs_path
 hard_thresholding_fraction/home/bingxing2/home/scx6115/Ocean_AI_model/sample_01/train/global_maxs.npy 1.0

global_means_pathnum_blocks  /home/bingxing2/home/scx6115/Ocean_AI_model/sample_01/train/global_means.npy8

global_stds_pathloss  /home/bingxing2/home/scx6115/Ocean_AI_model/sample_01/train/global_stds.npyl2

orographynum_data_workers  True0

orography_norm_zscore_pathdt  /home/bingxing2/home/scx6115/Ocean_AI_model/sample_01/orography_norm_zscore.h51

orography_norm_maxmin_pathn_history  /home/bingxing2/home/scx6115/Ocean_AI_model/sample_01/orography_norm_maxmin.h50

add_noiseprediction_type  Falseiterative

noise_stdprediction_length  041

crop_size_xn_initial_conditions  None5

crop_size_yics_type  Nonedefault

log_to_screendate_strings  True['2018-09-14 00:00:00']

save_checkpointsave_raw_forecasts  TrueTrue

plot_animationssave_channel  FalseFalse

masked_acc False
maskpath None---------------------------------------------------

perturb Falseworld_size :
 add_grid16 
FalseInitialize distributed process group...

N_grid_channels 0
gridtype sinusoidal
roll False
enable_nhwc False
optimizer_type FusedAdam
exp_dir ./exp
patch_size 8
width 56
modes 32
target default
train_data_path /home/bingxing2/home/scx6115/Ocean_AI_model/sample_01/train
valid_data_path /home/bingxing2/home/scx6115/Ocean_AI_model/sample_01/valid
test_data_path /home/bingxing2/home/scx6115/Ocean_AI_model/sample_01/test
land_mask True
land_mask_path /home/bingxing2/home/scx6115/Ocean_AI_model/sample_01/land_mask.h5
normalize True
normalization zscore
global_mins_path /home/bingxing2/home/scx6115/Ocean_AI_model/sample_01/train/global_mins.npy
global_maxs_path /home/bingxing2/home/scx6115/Ocean_AI_model/sample_01/train/global_maxs.npy
global_means_path /home/bingxing2/home/scx6115/Ocean_AI_model/sample_01/train/global_means.npy
global_stds_path /home/bingxing2/home/scx6115/Ocean_AI_model/sample_01/train/global_stds.npy
orography True
orography_norm_zscore_path /home/bingxing2/home/scx6115/Ocean_AI_model/sample_01/orography_norm_zscore.h5
orography_norm_maxmin_path /home/bingxing2/home/scx6115/Ocean_AI_model/sample_01/orography_norm_maxmin.h5
add_noise False
noise_std 0
crop_size_x None
crop_size_y None
log_to_screen True
save_checkpoint True
plot_animations False
---------------------------------------------------
world_size : 16
Initialize distributed process group...
2023-06-27 16:46:18,561 - torch.distributed.distributed_c10d - INFO - Added key: store_based_barrier_key:1 to store for rank: 6
2023-06-27 16:46:18,589 - torch.distributed.distributed_c10d - INFO - Added key: store_based_barrier_key:1 to store for rank: 4
2023-06-27 16:46:18,592 - torch.distributed.distributed_c10d - INFO - Added key: store_based_barrier_key:1 to store for rank: 7
2023-06-27 16:46:18,594 - torch.distributed.distributed_c10d - INFO - Added key: store_based_barrier_key:1 to store for rank: 5
2023-06-27 16:46:19,847 - torch.distributed.distributed_c10d - INFO - Rank 6: Completed store-based barrier for key:store_based_barrier_key:1 with 16 nodes.
2023-06-27 16:46:19,847 - torch.distributed.distributed_c10d - INFO - Rank 5: Completed store-based barrier for key:store_based_barrier_key:1 with 16 nodes.
2023-06-27 16:46:19,847 - torch.distributed.distributed_c10d - INFO - Rank 7: Completed store-based barrier for key:store_based_barrier_key:1 with 16 nodes.
2023-06-27 16:46:19,854 - torch.distributed.distributed_c10d - INFO - Rank 4: Completed store-based barrier for key:store_based_barrier_key:1 with 16 nodes.
2023-06-27 16:46:19,906 - root - INFO - device: cuda:2
2023-06-27 16:46:19,907 - root - INFO - rank 6, begin data loader init
2023-06-27 16:46:19,910 - root - INFO - device: cuda:1
2023-06-27 16:46:19,912 - root - INFO - rank 5, begin data loader init
2023-06-27 16:46:19,912 - root - INFO - device: cuda:3
2023-06-27 16:46:19,913 - root - INFO - device: cuda:0
2023-06-27 16:46:19,914 - root - INFO - rank 7, begin data loader init
2023-06-27 16:46:19,915 - root - INFO - rank 4, begin data loader init
2023-06-27 16:46:19,941 - root - INFO - Getting file stats from /home/bingxing2/home/scx6115/Ocean_AI_model/sample_01/train/2000.h5
2023-06-27 16:46:19,941 - root - INFO - Getting file stats from /home/bingxing2/home/scx6115/Ocean_AI_model/sample_01/train/2000.h5
2023-06-27 16:46:19,943 - root - INFO - Number of samples per year: 365
2023-06-27 16:46:19,941 - root - INFO - Getting file stats from /home/bingxing2/home/scx6115/Ocean_AI_model/sample_01/train/2000.h5
2023-06-27 16:46:19,941 - root - INFO - Getting file stats from /home/bingxing2/home/scx6115/Ocean_AI_model/sample_01/train/2000.h5
2023-06-27 16:46:19,944 - root - INFO - Found data at path /home/bingxing2/home/scx6115/Ocean_AI_model/sample_01/train. Number of examples: 4015. Image Shape: 720 x 1440 x 66
2023-06-27 16:46:19,944 - root - INFO - Number of samples per year: 365
2023-06-27 16:46:19,946 - root - INFO - Number of samples per year: 365
2023-06-27 16:46:19,947 - root - INFO - Delta t: 1 days
2023-06-27 16:46:19,947 - root - INFO - Number of samples per year: 365
2023-06-27 16:46:19,947 - root - INFO - Found data at path /home/bingxing2/home/scx6115/Ocean_AI_model/sample_01/train. Number of examples: 4015. Image Shape: 720 x 1440 x 66
2023-06-27 16:46:19,948 - root - INFO - Found data at path /home/bingxing2/home/scx6115/Ocean_AI_model/sample_01/train. Number of examples: 4015. Image Shape: 720 x 1440 x 66
2023-06-27 16:46:19,949 - root - INFO - Including 0 days of past history in training at a frequency of 1 days
2023-06-27 16:46:19,950 - root - INFO - Found data at path /home/bingxing2/home/scx6115/Ocean_AI_model/sample_01/train. Number of examples: 4015. Image Shape: 720 x 1440 x 66
2023-06-27 16:46:19,951 - root - INFO - Delta t: 1 days
2023-06-27 16:46:19,952 - root - INFO - Delta t: 1 days
2023-06-27 16:46:19,954 - root - INFO - Delta t: 1 days
2023-06-27 16:46:19,954 - root - INFO - Including 0 days of past history in training at a frequency of 1 days
2023-06-27 16:46:19,955 - root - INFO - Including 0 days of past history in training at a frequency of 1 days
2023-06-27 16:46:19,956 - root - INFO - Including 0 days of past history in training at a frequency of 1 days
2023-06-27 16:46:19,981 - root - INFO - Getting file stats from /home/bingxing2/home/scx6115/Ocean_AI_model/sample_01/valid/2011.h5
2023-06-27 16:46:19,981 - root - INFO - Getting file stats from /home/bingxing2/home/scx6115/Ocean_AI_model/sample_01/valid/2011.h5
2023-06-27 16:46:19,981 - root - INFO - Getting file stats from /home/bingxing2/home/scx6115/Ocean_AI_model/sample_01/valid/2011.h5
2023-06-27 16:46:19,981 - root - INFO - Getting file stats from /home/bingxing2/home/scx6115/Ocean_AI_model/sample_01/valid/2011.h5
2023-06-27 16:46:19,983 - root - INFO - Number of samples per year: 364
2023-06-27 16:46:19,984 - root - INFO - Number of samples per year: 364
2023-06-27 16:46:19,985 - root - INFO - Number of samples per year: 364
2023-06-27 16:46:19,986 - root - INFO - Found data at path /home/bingxing2/home/scx6115/Ocean_AI_model/sample_01/valid. Number of examples: 364. Image Shape: 720 x 1440 x 66
2023-06-27 16:46:19,986 - root - INFO - Number of samples per year: 364
2023-06-27 16:46:19,987 - root - INFO - Found data at path /home/bingxing2/home/scx6115/Ocean_AI_model/sample_01/valid. Number of examples: 364. Image Shape: 720 x 1440 x 66
2023-06-27 16:46:19,987 - root - INFO - Found data at path /home/bingxing2/home/scx6115/Ocean_AI_model/sample_01/valid. Number of examples: 364. Image Shape: 720 x 1440 x 66
2023-06-27 16:46:19,988 - root - INFO - Delta t: 1 days
2023-06-27 16:46:19,989 - root - INFO - Found data at path /home/bingxing2/home/scx6115/Ocean_AI_model/sample_01/valid. Number of examples: 364. Image Shape: 720 x 1440 x 66
2023-06-27 16:46:19,990 - root - INFO - Delta t: 1 days
2023-06-27 16:46:19,991 - root - INFO - Delta t: 1 days
2023-06-27 16:46:19,992 - root - INFO - Including 0 days of past history in training at a frequency of 1 days
2023-06-27 16:46:19,992 - root - INFO - Delta t: 1 days
2023-06-27 16:46:19,993 - root - INFO - Including 0 days of past history in training at a frequency of 1 days
2023-06-27 16:46:19,994 - root - INFO - Including 0 days of past history in training at a frequency of 1 days
2023-06-27 16:46:19,995 - root - INFO - rank 6, data loader initialized
2023-06-27 16:46:19,996 - root - INFO - Including 0 days of past history in training at a frequency of 1 days
2023-06-27 16:46:19,997 - root - INFO - rank 7, data loader initialized
2023-06-27 16:46:19,998 - root - INFO - rank 5, data loader initialized
2023-06-27 16:46:20,000 - root - INFO - rank 4, data loader initialized
paraai-n32-h-01-agent-5:3996768:3996768 [1] NCCL INFO cudaDriverVersion 11060
paraai-n32-h-01-agent-5:3996769:3996769 [2] NCCL INFO cudaDriverVersion 11060
paraai-n32-h-01-agent-5:3996767:3996767 [0] NCCL INFO cudaDriverVersion 11060
paraai-n32-h-01-agent-5:3996770:3996770 [3] NCCL INFO cudaDriverVersion 11060
paraai-n32-h-01-agent-5:3996769:3996769 [2] NCCL INFO Bootstrap : Using eth0:172.16.4.217<0>
paraai-n32-h-01-agent-5:3996768:3996768 [1] NCCL INFO Bootstrap : Using eth0:172.16.4.217<0>
paraai-n32-h-01-agent-5:3996770:3996770 [3] NCCL INFO Bootstrap : Using eth0:172.16.4.217<0>
paraai-n32-h-01-agent-5:3996767:3996767 [0] NCCL INFO Bootstrap : Using eth0:172.16.4.217<0>
paraai-n32-h-01-agent-5:3996769:3996769 [2] NCCL INFO NET/Plugin : No plugin found (libnccl-net.so), using internal implementation
paraai-n32-h-01-agent-5:3996770:3996770 [3] NCCL INFO NET/Plugin : No plugin found (libnccl-net.so), using internal implementation
paraai-n32-h-01-agent-5:3996768:3996768 [1] NCCL INFO NET/Plugin : No plugin found (libnccl-net.so), using internal implementation
paraai-n32-h-01-agent-5:3996767:3996767 [0] NCCL INFO NET/Plugin : No plugin found (libnccl-net.so), using internal implementation
paraai-n32-h-01-agent-5:3996769:3997463 [2] NCCL INFO NCCL_IB_DISABLE set by environment to 0.
paraai-n32-h-01-agent-5:3996768:3997464 [1] NCCL INFO NCCL_IB_DISABLE set by environment to 0.
paraai-n32-h-01-agent-5:3996767:3997465 [0] NCCL INFO NCCL_IB_DISABLE set by environment to 0.
paraai-n32-h-01-agent-5:3996770:3997466 [3] NCCL INFO NCCL_IB_DISABLE set by environment to 0.
paraai-n32-h-01-agent-5:3996767:3997465 [0] NCCL INFO NET/IB : Using [0]mlx5_0:1/RoCE [1]mlx5_1:1/RoCE [2]mlx5_2:1/RoCE [3]mlx5_3:1/RoCE [RO]; OOB eth0:172.16.4.217<0>
paraai-n32-h-01-agent-5:3996767:3997465 [0] NCCL INFO Using network IB
paraai-n32-h-01-agent-5:3996770:3997466 [3] NCCL INFO NET/IB : Using [0]mlx5_0:1/RoCE [1]mlx5_1:1/RoCE [2]mlx5_2:1/RoCE [3]mlx5_3:1/RoCE [RO]; OOB eth0:172.16.4.217<0>
paraai-n32-h-01-agent-5:3996770:3997466 [3] NCCL INFO Using network IB
paraai-n32-h-01-agent-5:3996769:3997463 [2] NCCL INFO NET/IB : Using [0]mlx5_0:1/RoCE [1]mlx5_1:1/RoCE [2]mlx5_2:1/RoCE [3]mlx5_3:1/RoCE [RO]; OOB eth0:172.16.4.217<0>
paraai-n32-h-01-agent-5:3996768:3997464 [1] NCCL INFO NET/IB : Using [0]mlx5_0:1/RoCE [1]mlx5_1:1/RoCE [2]mlx5_2:1/RoCE [3]mlx5_3:1/RoCE [RO]; OOB eth0:172.16.4.217<0>
paraai-n32-h-01-agent-5:3996769:3997463 [2] NCCL INFO Using network IB
paraai-n32-h-01-agent-5:3996768:3997464 [1] NCCL INFO Using network IB
paraai-n32-h-01-agent-5:3996769:3997463 [2] NCCL INFO Setting affinity for GPU 2 to ffffffff,00000000,00000000
paraai-n32-h-01-agent-5:3996770:3997466 [3] NCCL INFO Setting affinity for GPU 3 to ffffffff,00000000,00000000
paraai-n32-h-01-agent-5:3996767:3997465 [0] NCCL INFO Setting affinity for GPU 0 to ffffffff
paraai-n32-h-01-agent-5:3996768:3997464 [1] NCCL INFO Setting affinity for GPU 1 to ffffffff
paraai-n32-h-01-agent-5:3996767:3997465 [0] NCCL INFO Trees [0] 5/-1/-1->4->9 [1] 5/0/-1->4->12
paraai-n32-h-01-agent-5:3996769:3997463 [2] NCCL INFO Trees [0] 7/-1/-1->6->5 [1] 7/-1/-1->6->5
paraai-n32-h-01-agent-5:3996768:3997464 [1] NCCL INFO Trees [0] 6/-1/-1->5->4 [1] 6/8/-1->5->4
paraai-n32-h-01-agent-5:3996770:3997466 [3] NCCL INFO Trees [0] -1/-1/-1->7->6 [1] -1/-1/-1->7->6
paraai-n32-h-01-agent-5:3996769:3997463 [2] NCCL INFO Channel 00 : 6[81000] -> 7[82000] via SHM/direct/direct
paraai-n32-h-01-agent-5:3996768:3997464 [1] NCCL INFO Channel 00 : 5[2000] -> 6[81000] via SHM/direct/direct
paraai-n32-h-01-agent-5:3996769:3997463 [2] NCCL INFO Channel 01 : 6[81000] -> 7[82000] via SHM/direct/direct
paraai-n32-h-01-agent-5:3996768:3997464 [1] NCCL INFO Channel 01 : 5[2000] -> 6[81000] via SHM/direct/direct
paraai-n32-h-01-agent-5:3996767:3997465 [0] NCCL INFO Channel 00/0 : 3[82000] -> 4[1000] [receive] via NET/IB/0
paraai-n32-h-01-agent-5:3996767:3997465 [0] NCCL INFO Channel 01/0 : 3[82000] -> 4[1000] [receive] via NET/IB/0
paraai-n32-h-01-agent-5:3996767:3997465 [0] NCCL INFO Channel 00 : 4[1000] -> 5[2000] via SHM/direct/direct
paraai-n32-h-01-agent-5:3996767:3997465 [0] NCCL INFO Channel 01 : 4[1000] -> 5[2000] via SHM/direct/direct
paraai-n32-h-01-agent-5:3996770:3997466 [3] NCCL INFO Channel 00/0 : 7[82000] -> 8[1000] [send] via NET/IB/0
paraai-n32-h-01-agent-5:3996768:3997464 [1] NCCL INFO Connected all rings
paraai-n32-h-01-agent-5:3996770:3997466 [3] NCCL INFO Channel 01/0 : 7[82000] -> 8[1000] [send] via NET/IB/0
paraai-n32-h-01-agent-5:3996769:3997463 [2] NCCL INFO Connected all rings
paraai-n32-h-01-agent-5:3996769:3997463 [2] NCCL INFO Channel 00 : 6[81000] -> 5[2000] via SHM/direct/direct
paraai-n32-h-01-agent-5:3996769:3997463 [2] NCCL INFO Channel 01 : 6[81000] -> 5[2000] via SHM/direct/direct
paraai-n32-h-01-agent-5:3996768:3997464 [1] NCCL INFO Channel 01/0 : 5[2000] -> 8[1000] [send] via NET/IB/0
paraai-n32-h-01-agent-5:3996767:3997485 [0] NCCL INFO NCCL_IB_GID_INDEX set by environment to 3.
paraai-n32-h-01-agent-5:3996767:3997485 [0] NCCL INFO NCCL_IB_TIMEOUT set by environment to 23.
paraai-n32-h-01-agent-5:3996767:3997485 [0] NCCL INFO NCCL_IB_RETRY_CNT set by environment to 7.
paraai-n32-h-01-agent-5:3996767:3997465 [0] NCCL INFO Connected all rings
paraai-n32-h-01-agent-5:3996767:3997465 [0] NCCL INFO Channel 01/0 : 0[1000] -> 4[1000] [receive] via NET/IB/0
paraai-n32-h-01-agent-5:3996767:3997465 [0] NCCL INFO Channel 00/0 : 4[1000] -> 9[2000] [send] via NET/IB/0
paraai-n32-h-01-agent-5:3996770:3997484 [3] NCCL INFO NCCL_IB_GID_INDEX set by environment to 3.
paraai-n32-h-01-agent-5:3996770:3997466 [3] NCCL INFO Connected all rings
paraai-n32-h-01-agent-5:3996770:3997466 [3] NCCL INFO Channel 00 : 7[82000] -> 6[81000] via SHM/direct/direct
paraai-n32-h-01-agent-5:3996770:3997466 [3] NCCL INFO Channel 01 : 7[82000] -> 6[81000] via SHM/direct/direct
paraai-n32-h-01-agent-5:3996770:3997466 [3] NCCL INFO Connected all trees
paraai-n32-h-01-agent-5:3996770:3997466 [3] NCCL INFO threadThresholds 8/8/64 | 128/8/64 | 512 | 512
paraai-n32-h-01-agent-5:3996770:3997466 [3] NCCL INFO 2 coll channels, 2 p2p channels, 2 p2p channels per peer
paraai-n32-h-01-agent-5:3996768:3997486 [1] NCCL INFO NCCL_IB_GID_INDEX set by environment to 3.
paraai-n32-h-01-agent-5:3996768:3997464 [1] NCCL INFO Channel 01/0 : 8[1000] -> 5[2000] [receive] via NET/IB/0
paraai-n32-h-01-agent-5:3996767:3997465 [0] NCCL INFO Channel 01/0 : 12[1000] -> 4[1000] [receive] via NET/IB/0
paraai-n32-h-01-agent-5:3996767:3997465 [0] NCCL INFO Channel 01/0 : 4[1000] -> 12[1000] [send] via NET/IB/0
paraai-n32-h-01-agent-5:3996767:3997465 [0] NCCL INFO Channel 00/0 : 9[2000] -> 4[1000] [receive] via NET/IB/0
paraai-n32-h-01-agent-5:3996767:3997465 [0] NCCL INFO Channel 01/0 : 4[1000] -> 0[1000] [send] via NET/IB/0
paraai-n32-h-01-agent-5:3996768:3997486 [1] NCCL INFO NCCL_IB_TIMEOUT set by environment to 23.
paraai-n32-h-01-agent-5:3996768:3997486 [1] NCCL INFO NCCL_IB_RETRY_CNT set by environment to 7.
paraai-n32-h-01-agent-5:3996768:3997464 [1] NCCL INFO Channel 00 : 5[2000] -> 4[1000] via SHM/direct/direct
paraai-n32-h-01-agent-5:3996768:3997464 [1] NCCL INFO Channel 01 : 5[2000] -> 4[1000] via SHM/direct/direct
paraai-n32-h-01-agent-5:3996767:3997465 [0] NCCL INFO Connected all trees
paraai-n32-h-01-agent-5:3996767:3997465 [0] NCCL INFO threadThresholds 8/8/64 | 128/8/64 | 512 | 512
paraai-n32-h-01-agent-5:3996767:3997465 [0] NCCL INFO 2 coll channels, 2 p2p channels, 2 p2p channels per peer
paraai-n32-h-01-agent-5:3996768:3997464 [1] NCCL INFO Connected all trees
paraai-n32-h-01-agent-5:3996768:3997464 [1] NCCL INFO threadThresholds 8/8/64 | 128/8/64 | 512 | 512
paraai-n32-h-01-agent-5:3996769:3997463 [2] NCCL INFO Connected all trees
paraai-n32-h-01-agent-5:3996768:3997464 [1] NCCL INFO 2 coll channels, 2 p2p channels, 2 p2p channels per peer
paraai-n32-h-01-agent-5:3996769:3997463 [2] NCCL INFO threadThresholds 8/8/64 | 128/8/64 | 512 | 512
paraai-n32-h-01-agent-5:3996769:3997463 [2] NCCL INFO 2 coll channels, 2 p2p channels, 2 p2p channels per peer
paraai-n32-h-01-agent-5:3996767:3997465 [0] NCCL INFO comm 0x3c336b80 rank 4 nranks 16 cudaDev 0 busId 1000 - Init COMPLETE
paraai-n32-h-01-agent-5:3996769:3997463 [2] NCCL INFO comm 0x2a5a38c0 rank 6 nranks 16 cudaDev 2 busId 81000 - Init COMPLETE
paraai-n32-h-01-agent-5:3996768:3997464 [1] NCCL INFO comm 0x756ed7c0 rank 5 nranks 16 cudaDev 1 busId 2000 - Init COMPLETE
paraai-n32-h-01-agent-5:3996770:3997466 [3] NCCL INFO comm 0x45670740 rank 7 nranks 16 cudaDev 3 busId 82000 - Init COMPLETE
paraai-n32-h-01-agent-5:3996770:3997488 [3] NCCL INFO NCCL_IB_TIMEOUT set by environment to 23.
paraai-n32-h-01-agent-5:3996770:3997488 [3] NCCL INFO NCCL_IB_RETRY_CNT set by environment to 7.
