master_addr is only used for static rdzv_backend and when rdzv_endpoint is not specified.
WARNING:torch.distributed.run:
*****************************************
Setting OMP_NUM_THREADS environment variable for each process to be 1 in default, to avoid your system being overloaded, please further tune the variable for optimal performance in your application as needed. 
*****************************************
paraai-n32-h-01-agent-79
paraai-n32-h-01-agent-79
00

------------------ Configuration ------------------ ------------------ Configuration ------------------  /home/bingxing2/home/scx6115/Ocean_AI_model/config/Model.yaml 
/home/bingxing2/home/scx6115/Ocean_AI_model/config/Model.yaml
paraai-n32-h-01-agent-79
paraai-n32-h-01-agent-79
0
------------------ Configuration ------------------  /home/bingxing2/home/scx6115/Ocean_AI_model/config/Model.yaml
0
------------------ Configuration ------------------  /home/bingxing2/home/scx6115/Ocean_AI_model/config/Model.yaml
nettype Masked_AE_fusion
log_to_wandb True
lr 0.001
batch_size 32
max_epochs 100
scheduler CosineAnnealingLR
fusion_3d_2d True
in_chans 31
out_chans 25
in_channels [0, 1, 2, 3, 4, 5, 6, 7, 8, 9, 10, 11, 12, 13, 14, 15, 16, 17, 18, 19, 20, 21, 22, 23, 24, 25, 26, 27, 28, 29]
out_channels [0, 1, 2, 3, 4, 5, 6, 7, 8, 9, 10, 11, 12, 13, 14, 15, 16, 17, 18, 19, 20, 21, 22, 23, 24]
img_size_h 720
img_size_w 1440
patch_size_hnettype 16
 Masked_AE_fusionpatch_size_w
 16nettype
patch_size_d  Masked_AE_fusion2log_to_wandb

 True
mlp_ratiolog_to_wandb lr 4.0 True

in_chans_2d0.001 lr
7 
batch_size out_chans_2d0.00132nettype
 
1 
max_epochsMasked_AE_fusionbatch_size 
 100in_chans_3d32
 
4schedulerlog_to_wandb
max_epochs   Trueout_chans_3dCosineAnnealingLR100
 

4lr
fusion_3d_2d schedulervar_depth   0.001True
CosineAnnealingLR6


batch_sizein_chans fusion_3d_2dembed_dim 32  
31True512

max_epochs
out_chans in_chans 100depth25 

 3116in_channelsscheduler

  CosineAnnealingLRout_chansnum_heads
  2516fusion_3d_2d
[0, 1, 2, 3, 4, 5, 6, 7, 8, 9, 10, 11, 12, 13, 14, 15, 16, 17, 18, 19, 20, 21, 22, 23, 24, 25, 26, 27, 28, 29]
 
in_channelsTruedecoder_embed_dim 
 out_channels1024in_chans
  31decoder_depth
[0, 1, 2, 3, 4, 5, 6, 7, 8, 9, 10, 11, 12, 13, 14, 15, 16, 17, 18, 19, 20, 21, 22, 23, 24, 25, 26, 27, 28, 29] 
8out_chans[0, 1, 2, 3, 4, 5, 6, 7, 8, 9, 10, 11, 12, 13, 14, 15, 16, 17, 18, 19, 20, 21, 22, 23, 24]
 
out_channelsdecoder_num_heads25  
img_size_h16 
in_channels720[0, 1, 2, 3, 4, 5, 6, 7, 8, 9, 10, 11, 12, 13, 14, 15, 16, 17, 18, 19, 20, 21, 22, 23, 24]drop_rate 

 img_size_w0.0 
img_size_h1440 
drop_path_rate[0, 1, 2, 3, 4, 5, 6, 7, 8, 9, 10, 11, 12, 13, 14, 15, 16, 17, 18, 19, 20, 21, 22, 23, 24, 25, 26, 27, 28, 29]720
 patch_size_h
0.0 
16out_channelsimg_size_w
sparsity_threshold  patch_size_w 1440 
0.0116

[0, 1, 2, 3, 4, 5, 6, 7, 8, 9, 10, 11, 12, 13, 14, 15, 16, 17, 18, 19, 20, 21, 22, 23, 24]patch_size_h
 hard_thresholding_fractionpatch_size_d16  img_size_h
1.02 

720
num_blockspatch_size_wmlp_ratio img_size_w 8 16 
4.0
1440
loss
patch_size_d in_chans_2d l2patch_size_h 2
 
7num_data_workers16
 
mlp_ratioout_chans_2d0 patch_size_w 
 14.016dt


 1in_chans_2din_chans_3d
patch_size_d   n_history74 2

0
out_chans_3d
out_chans_2d mlp_ratio 4 prediction_type1
4.0 
var_depth
iterative 
6in_chans_2din_chans_3d
 prediction_length 7 4
41embed_dim

 out_chans_2d512out_chans_3dn_initial_conditions 
  14depth
5
 
in_chans_3d16var_depth 
ics_type 4 6num_heads
default
 
out_chans_3d16 embed_dim
4date_strings 
 512decoder_embed_dim
var_depth ['2018-09-14 00:00:00'] 1024depth
6
 
save_raw_forecasts16decoder_depth embed_dim
 True 8num_heads512

 
16decoder_num_headssave_channel
depth   16Falsedecoder_embed_dim16

 masked_acc
drop_rate1024  
Falsenum_heads0.0
decoder_depth 
 16maskpathdrop_path_rate8
  
decoder_embed_dimNone0.0 
decoder_num_heads1024

perturbsparsity_threshold   decoder_depth16False 
0.01
8
add_grid
 drop_rateFalse hard_thresholding_fraction
decoder_num_heads 0.0N_grid_channels 
1.0 16
0
drop_path_rate
 num_blocksdrop_rate gridtype0.0 8
 0.0
sinusoidal
sparsity_threshold
loss  drop_path_rateroll0.01l2  

0.0False

hard_thresholding_fractionnum_data_workers sparsity_threshold enable_nhwc 01.0 

False0.01

dtnum_blocksoptimizer_type   hard_thresholding_fraction18FusedAdam 


1.0n_history
loss exp_dir 0 num_blocksl2./exp

 
8prediction_typepatch_size 
num_data_workers iterative 8loss
0
 
prediction_lengthl2 width
dt41  
56num_data_workers1

 n_initial_conditions0 modesn_history
5  032dt


 1prediction_typetargetics_type
   iterativedefaultdefault

n_history
prediction_length date_strings 0 41train_data_path
['2018-09-14 00:00:00']
 
prediction_type/home/bingxing2/home/scx6115/Ocean_AI_model/sample_00/trainn_initial_conditions save_raw_forecasts
 iterative 5valid_data_path
True
 
/home/bingxing2/home/scx6115/Ocean_AI_model/sample_00/validprediction_length
 ics_typesave_channel41test_data_path  
 defaultFalse/home/bingxing2/home/scx6115/Ocean_AI_model/sample_00/testn_initial_conditions


 date_stringsland_mask5masked_acc  
 TrueFalse['2018-09-14 00:00:00']
ics_type

 land_mask_pathmaskpathdefault  
/home/bingxing2/home/scx6115/Ocean_AI_model/sample_00/land_mask.h5Nonesave_raw_forecasts

date_strings normalize Trueperturb 
 True['2018-09-14 00:00:00']False

save_channel
 normalizationadd_grid Falsesave_raw_forecasts zscore 
FalseTrue


masked_accglobal_mins_path N_grid_channels False 
save_channel0/home/bingxing2/home/scx6115/Ocean_AI_model/sample_00/train/global_mins.npy 

maskpathFalsegridtype global_maxs_path 
Nonesinusoidal 

masked_acc/home/bingxing2/home/scx6115/Ocean_AI_model/sample_00/train/global_maxs.npy 
perturbFalseroll 
 global_means_pathFalsemaskpathFalse 
 
/home/bingxing2/home/scx6115/Ocean_AI_model/sample_00/train/global_means.npyNoneadd_grid

enable_nhwc  global_stds_pathFalseperturbFalse 
 
/home/bingxing2/home/scx6115/Ocean_AI_model/sample_00/train/global_stds.npyFalse
N_grid_channelsoptimizer_type
  orography0add_grid FusedAdam
True 

gridtypeFalse exp_dir
orography_norm_zscore_pathsinusoidal  N_grid_channels
./exp/home/bingxing2/home/scx6115/Ocean_AI_model/sample_00/orography_norm_zscore.h5 

roll0 
patch_sizeorography_norm_maxmin_pathFalse gridtype /home/bingxing2/home/scx6115/Ocean_AI_model/sample_00/orography_norm_maxmin.h5
8 

sinusoidalenable_nhwc
add_noise  FalsewidthrollFalse
  
False56optimizer_type
noise_std
  enable_nhwcFusedAdammodes0 
 False
32
exp_dir
crop_size_x optimizer_type ./exp targetNone
 FusedAdam

defaultpatch_size
crop_size_yexp_dir   train_data_pathNone8 ./exp
/home/bingxing2/home/scx6115/Ocean_AI_model/sample_00/train


log_to_screen patch_sizewidthTruevalid_data_path  
 856/home/bingxing2/home/scx6115/Ocean_AI_model/sample_00/valid
save_checkpoint

 widthtest_data_pathTrue  modes
56/home/bingxing2/home/scx6115/Ocean_AI_model/sample_00/test 

plot_animations32 modesland_mask
False  
32targetTrue
 
defaulttargetland_mask_path
  /home/bingxing2/home/scx6115/Ocean_AI_model/sample_00/land_mask.h5train_data_pathdefault
 
/home/bingxing2/home/scx6115/Ocean_AI_model/sample_00/trainnormalize
train_data_path  Truevalid_data_path/home/bingxing2/home/scx6115/Ocean_AI_model/sample_00/train
 
/home/bingxing2/home/scx6115/Ocean_AI_model/sample_00/valid
normalizationvalid_data_path  test_data_path/home/bingxing2/home/scx6115/Ocean_AI_model/sample_00/validzscore 

/home/bingxing2/home/scx6115/Ocean_AI_model/sample_00/testglobal_mins_path
test_data_path  /home/bingxing2/home/scx6115/Ocean_AI_model/sample_00/train/global_mins.npy/home/bingxing2/home/scx6115/Ocean_AI_model/sample_00/testland_mask

 Trueglobal_maxs_path
land_mask  /home/bingxing2/home/scx6115/Ocean_AI_model/sample_00/train/global_maxs.npyland_mask_pathTrue
 
/home/bingxing2/home/scx6115/Ocean_AI_model/sample_00/land_mask.h5global_means_path
land_mask_path normalize/home/bingxing2/home/scx6115/Ocean_AI_model/sample_00/train/global_means.npy 
 /home/bingxing2/home/scx6115/Ocean_AI_model/sample_00/land_mask.h5global_stds_pathTrue
 
normalize/home/bingxing2/home/scx6115/Ocean_AI_model/sample_00/train/global_stds.npy normalization
True 
zscoreorography
 normalizationTrue global_mins_path---------------------------------------------------zscore
 

/home/bingxing2/home/scx6115/Ocean_AI_model/sample_00/train/global_mins.npyorography_norm_zscore_pathglobal_mins_path 
 /home/bingxing2/home/scx6115/Ocean_AI_model/sample_00/orography_norm_zscore.h5/home/bingxing2/home/scx6115/Ocean_AI_model/sample_00/train/global_mins.npy
global_maxs_path
 orography_norm_maxmin_pathglobal_maxs_path/home/bingxing2/home/scx6115/Ocean_AI_model/sample_00/train/global_maxs.npy 
 /home/bingxing2/home/scx6115/Ocean_AI_model/sample_00/orography_norm_maxmin.h5/home/bingxing2/home/scx6115/Ocean_AI_model/sample_00/train/global_maxs.npy
global_means_path
 add_noise/home/bingxing2/home/scx6115/Ocean_AI_model/sample_00/train/global_means.npyglobal_means_path 
 False/home/bingxing2/home/scx6115/Ocean_AI_model/sample_00/train/global_means.npy
global_stds_path
world_size : noise_std /home/bingxing2/home/scx6115/Ocean_AI_model/sample_00/train/global_stds.npyglobal_stds_path 16
 0
/home/bingxing2/home/scx6115/Ocean_AI_model/sample_00/train/global_stds.npyorography
Initialize distributed process group...
 
crop_size_xTrue orography
None 
Trueorography_norm_zscore_pathcrop_size_y 
/home/bingxing2/home/scx6115/Ocean_AI_model/sample_00/orography_norm_zscore.h5 
Noneorography_norm_zscore_path
 orography_norm_maxmin_path/home/bingxing2/home/scx6115/Ocean_AI_model/sample_00/orography_norm_zscore.h5 log_to_screen
/home/bingxing2/home/scx6115/Ocean_AI_model/sample_00/orography_norm_maxmin.h5 
Trueorography_norm_maxmin_path
 add_noise/home/bingxing2/home/scx6115/Ocean_AI_model/sample_00/orography_norm_maxmin.h5 save_checkpoint
False 
add_noiseTrue noise_std
False 
0plot_animations
noise_std False crop_size_x
0 
None
crop_size_x crop_size_yNone 
None
crop_size_y log_to_screenNone 
True
log_to_screensave_checkpoint  TrueTrue

save_checkpointplot_animations  TrueFalse

plot_animations False
---------------------------------------------------
world_size : 16
---------------------------------------------------Initialize distributed process group...

---------------------------------------------------
world_size : 16world_size :
 Initialize distributed process group...16

Initialize distributed process group...
2023-06-18 22:04:34,327 - torch.distributed.distributed_c10d - INFO - Added key: store_based_barrier_key:1 to store for rank: 11
2023-06-18 22:04:34,327 - torch.distributed.distributed_c10d - INFO - Added key: store_based_barrier_key:1 to store for rank: 8
2023-06-18 22:04:34,327 - torch.distributed.distributed_c10d - INFO - Added key: store_based_barrier_key:1 to store for rank: 9
2023-06-18 22:04:34,327 - torch.distributed.distributed_c10d - INFO - Added key: store_based_barrier_key:1 to store for rank: 10
2023-06-18 22:04:35,285 - torch.distributed.distributed_c10d - INFO - Rank 9: Completed store-based barrier for key:store_based_barrier_key:1 with 16 nodes.
2023-06-18 22:04:35,285 - torch.distributed.distributed_c10d - INFO - Rank 10: Completed store-based barrier for key:store_based_barrier_key:1 with 16 nodes.
2023-06-18 22:04:35,285 - torch.distributed.distributed_c10d - INFO - Rank 11: Completed store-based barrier for key:store_based_barrier_key:1 with 16 nodes.
2023-06-18 22:04:35,285 - torch.distributed.distributed_c10d - INFO - Rank 8: Completed store-based barrier for key:store_based_barrier_key:1 with 16 nodes.
2023-06-18 22:04:35,343 - root - INFO - device: cuda:2
2023-06-18 22:04:35,344 - root - INFO - rank 10, begin data loader init
2023-06-18 22:04:35,345 - root - INFO - device: cuda:0
2023-06-18 22:04:35,345 - root - INFO - rank 8, begin data loader init
2023-06-18 22:04:35,347 - root - INFO - device: cuda:3
2023-06-18 22:04:35,347 - root - INFO - rank 11, begin data loader init
2023-06-18 22:04:35,348 - root - INFO - device: cuda:1
2023-06-18 22:04:35,348 - root - INFO - rank 9, begin data loader init
2023-06-18 22:04:35,389 - root - INFO - Getting file stats from /home/bingxing2/home/scx6115/Ocean_AI_model/sample_00/train/2000.h5
2023-06-18 22:04:35,389 - root - INFO - Getting file stats from /home/bingxing2/home/scx6115/Ocean_AI_model/sample_00/train/2000.h5
2023-06-18 22:04:35,389 - root - INFO - Getting file stats from /home/bingxing2/home/scx6115/Ocean_AI_model/sample_00/train/2000.h5
2023-06-18 22:04:35,389 - root - INFO - Getting file stats from /home/bingxing2/home/scx6115/Ocean_AI_model/sample_00/train/2000.h5
2023-06-18 22:04:35,390 - root - INFO - Number of samples per year: 365
2023-06-18 22:04:35,390 - root - INFO - Number of samples per year: 365
2023-06-18 22:04:35,390 - root - INFO - Number of samples per year: 365
2023-06-18 22:04:35,390 - root - INFO - Number of samples per year: 365
2023-06-18 22:04:35,390 - root - INFO - Found data at path /home/bingxing2/home/scx6115/Ocean_AI_model/sample_00/train. Number of examples: 4015. Image Shape: 720 x 1440 x 30
2023-06-18 22:04:35,390 - root - INFO - Found data at path /home/bingxing2/home/scx6115/Ocean_AI_model/sample_00/train. Number of examples: 4015. Image Shape: 720 x 1440 x 30
2023-06-18 22:04:35,390 - root - INFO - Found data at path /home/bingxing2/home/scx6115/Ocean_AI_model/sample_00/train. Number of examples: 4015. Image Shape: 720 x 1440 x 30
2023-06-18 22:04:35,390 - root - INFO - Delta t: 1 days
2023-06-18 22:04:35,390 - root - INFO - Found data at path /home/bingxing2/home/scx6115/Ocean_AI_model/sample_00/train. Number of examples: 4015. Image Shape: 720 x 1440 x 30
2023-06-18 22:04:35,390 - root - INFO - Including 0 days of past history in training at a frequency of 1 days
2023-06-18 22:04:35,390 - root - INFO - Delta t: 1 days
2023-06-18 22:04:35,390 - root - INFO - Delta t: 1 days
2023-06-18 22:04:35,390 - root - INFO - Delta t: 1 days
2023-06-18 22:04:35,390 - root - INFO - Including 0 days of past history in training at a frequency of 1 days
2023-06-18 22:04:35,390 - root - INFO - Including 0 days of past history in training at a frequency of 1 days
2023-06-18 22:04:35,390 - root - INFO - Including 0 days of past history in training at a frequency of 1 days
2023-06-18 22:04:35,433 - root - INFO - Getting file stats from /home/bingxing2/home/scx6115/Ocean_AI_model/sample_00/valid/2011.h5
2023-06-18 22:04:35,433 - root - INFO - Getting file stats from /home/bingxing2/home/scx6115/Ocean_AI_model/sample_00/valid/2011.h5
2023-06-18 22:04:35,433 - root - INFO - Getting file stats from /home/bingxing2/home/scx6115/Ocean_AI_model/sample_00/valid/2011.h5
2023-06-18 22:04:35,433 - root - INFO - Getting file stats from /home/bingxing2/home/scx6115/Ocean_AI_model/sample_00/valid/2011.h5
2023-06-18 22:04:35,434 - root - INFO - Number of samples per year: 364
2023-06-18 22:04:35,434 - root - INFO - Number of samples per year: 364
2023-06-18 22:04:35,434 - root - INFO - Number of samples per year: 364
2023-06-18 22:04:35,434 - root - INFO - Found data at path /home/bingxing2/home/scx6115/Ocean_AI_model/sample_00/valid. Number of examples: 364. Image Shape: 720 x 1440 x 30
2023-06-18 22:04:35,434 - root - INFO - Found data at path /home/bingxing2/home/scx6115/Ocean_AI_model/sample_00/valid. Number of examples: 364. Image Shape: 720 x 1440 x 30
2023-06-18 22:04:35,434 - root - INFO - Found data at path /home/bingxing2/home/scx6115/Ocean_AI_model/sample_00/valid. Number of examples: 364. Image Shape: 720 x 1440 x 30
2023-06-18 22:04:35,434 - root - INFO - Number of samples per year: 364
2023-06-18 22:04:35,434 - root - INFO - Delta t: 1 days
2023-06-18 22:04:35,434 - root - INFO - Delta t: 1 days
2023-06-18 22:04:35,434 - root - INFO - Delta t: 1 days
2023-06-18 22:04:35,434 - root - INFO - Including 0 days of past history in training at a frequency of 1 days
2023-06-18 22:04:35,434 - root - INFO - Found data at path /home/bingxing2/home/scx6115/Ocean_AI_model/sample_00/valid. Number of examples: 364. Image Shape: 720 x 1440 x 30
2023-06-18 22:04:35,434 - root - INFO - Including 0 days of past history in training at a frequency of 1 days
2023-06-18 22:04:35,434 - root - INFO - Including 0 days of past history in training at a frequency of 1 days
2023-06-18 22:04:35,434 - root - INFO - Delta t: 1 days
2023-06-18 22:04:35,434 - root - INFO - Including 0 days of past history in training at a frequency of 1 days
2023-06-18 22:04:35,434 - root - INFO - rank 11, data loader initialized
2023-06-18 22:04:35,434 - root - INFO - rank 9, data loader initialized
2023-06-18 22:04:35,434 - root - INFO - rank 8, data loader initialized
2023-06-18 22:04:35,434 - root - INFO - rank 10, data loader initialized
paraai-n32-h-01-agent-79:2211099:2211099 [1] NCCL INFO cudaDriverVersion 11060
paraai-n32-h-01-agent-79:2211101:2211101 [3] NCCL INFO cudaDriverVersion 11060
paraai-n32-h-01-agent-79:2211098:2211098 [0] NCCL INFO cudaDriverVersion 11060
paraai-n32-h-01-agent-79:2211100:2211100 [2] NCCL INFO cudaDriverVersion 11060
paraai-n32-h-01-agent-79:2211099:2211099 [1] NCCL INFO Bootstrap : Using eth0:172.16.5.108<0>
paraai-n32-h-01-agent-79:2211100:2211100 [2] NCCL INFO Bootstrap : Using eth0:172.16.5.108<0>
paraai-n32-h-01-agent-79:2211098:2211098 [0] NCCL INFO Bootstrap : Using eth0:172.16.5.108<0>
paraai-n32-h-01-agent-79:2211101:2211101 [3] NCCL INFO Bootstrap : Using eth0:172.16.5.108<0>
paraai-n32-h-01-agent-79:2211101:2211101 [3] NCCL INFO NET/Plugin : No plugin found (libnccl-net.so), using internal implementation
paraai-n32-h-01-agent-79:2211099:2211099 [1] NCCL INFO NET/Plugin : No plugin found (libnccl-net.so), using internal implementation
paraai-n32-h-01-agent-79:2211098:2211098 [0] NCCL INFO NET/Plugin : No plugin found (libnccl-net.so), using internal implementation
paraai-n32-h-01-agent-79:2211100:2211100 [2] NCCL INFO NET/Plugin : No plugin found (libnccl-net.so), using internal implementation
paraai-n32-h-01-agent-79:2211099:2212161 [1] NCCL INFO NCCL_IB_DISABLE set by environment to 0.
paraai-n32-h-01-agent-79:2211098:2212162 [0] NCCL INFO NCCL_IB_DISABLE set by environment to 0.
paraai-n32-h-01-agent-79:2211101:2212163 [3] NCCL INFO NCCL_IB_DISABLE set by environment to 0.
paraai-n32-h-01-agent-79:2211100:2212164 [2] NCCL INFO NCCL_IB_DISABLE set by environment to 0.
paraai-n32-h-01-agent-79:2211100:2212164 [2] NCCL INFO NET/IB : Using [0]mlx5_0:1/RoCE [1]mlx5_1:1/RoCE [2]mlx5_2:1/RoCE [3]mlx5_3:1/RoCE [RO]; OOB eth0:172.16.5.108<0>
paraai-n32-h-01-agent-79:2211100:2212164 [2] NCCL INFO Using network IB
paraai-n32-h-01-agent-79:2211101:2212163 [3] NCCL INFO NET/IB : Using [0]mlx5_0:1/RoCE [1]mlx5_1:1/RoCE [2]mlx5_2:1/RoCE [3]mlx5_3:1/RoCE [RO]; OOB eth0:172.16.5.108<0>
paraai-n32-h-01-agent-79:2211101:2212163 [3] NCCL INFO Using network IB
paraai-n32-h-01-agent-79:2211098:2212162 [0] NCCL INFO NET/IB : Using [0]mlx5_0:1/RoCE [1]mlx5_1:1/RoCE [2]mlx5_2:1/RoCE [3]mlx5_3:1/RoCE [RO]; OOB eth0:172.16.5.108<0>
paraai-n32-h-01-agent-79:2211098:2212162 [0] NCCL INFO Using network IB
paraai-n32-h-01-agent-79:2211099:2212161 [1] NCCL INFO NET/IB : Using [0]mlx5_0:1/RoCE [1]mlx5_1:1/RoCE [2]mlx5_2:1/RoCE [3]mlx5_3:1/RoCE [RO]; OOB eth0:172.16.5.108<0>
paraai-n32-h-01-agent-79:2211099:2212161 [1] NCCL INFO Using network IB
paraai-n32-h-01-agent-79:2211099:2212161 [1] NCCL INFO Setting affinity for GPU 1 to ffffffff
paraai-n32-h-01-agent-79:2211100:2212164 [2] NCCL INFO Setting affinity for GPU 2 to ffffffff,00000000,00000000
paraai-n32-h-01-agent-79:2211098:2212162 [0] NCCL INFO Setting affinity for GPU 0 to ffffffff
paraai-n32-h-01-agent-79:2211101:2212163 [3] NCCL INFO Setting affinity for GPU 3 to ffffffff,00000000,00000000
paraai-n32-h-01-agent-79:2211100:2212164 [2] NCCL INFO Trees [0] 11/-1/-1->10->9 [1] 11/-1/-1->10->9
paraai-n32-h-01-agent-79:2211099:2212161 [1] NCCL INFO Trees [0] 10/4/-1->9->8 [1] 10/-1/-1->9->8
paraai-n32-h-01-agent-79:2211098:2212162 [0] NCCL INFO Trees [0] 9/12/-1->8->0 [1] 9/-1/-1->8->5
paraai-n32-h-01-agent-79:2211101:2212163 [3] NCCL INFO Trees [0] -1/-1/-1->11->10 [1] -1/-1/-1->11->10
paraai-n32-h-01-agent-79:2211100:2212164 [2] NCCL INFO Channel 00 : 10[81000] -> 11[82000] via SHM/direct/direct
paraai-n32-h-01-agent-79:2211099:2212161 [1] NCCL INFO Channel 00 : 9[2000] -> 10[81000] via SHM/direct/direct
paraai-n32-h-01-agent-79:2211100:2212164 [2] NCCL INFO Channel 01 : 10[81000] -> 11[82000] via SHM/direct/direct
paraai-n32-h-01-agent-79:2211099:2212161 [1] NCCL INFO Channel 01 : 9[2000] -> 10[81000] via SHM/direct/direct
paraai-n32-h-01-agent-79:2211098:2212162 [0] NCCL INFO Channel 00/0 : 7[82000] -> 8[1000] [receive] via NET/IB/0
paraai-n32-h-01-agent-79:2211101:2212163 [3] NCCL INFO Channel 00/0 : 11[82000] -> 12[1000] [send] via NET/IB/0
paraai-n32-h-01-agent-79:2211101:2212163 [3] NCCL INFO Channel 01/0 : 11[82000] -> 12[1000] [send] via NET/IB/0
paraai-n32-h-01-agent-79:2211098:2212162 [0] NCCL INFO Channel 01/0 : 7[82000] -> 8[1000] [receive] via NET/IB/0
paraai-n32-h-01-agent-79:2211098:2212162 [0] NCCL INFO Channel 00 : 8[1000] -> 9[2000] via SHM/direct/direct
paraai-n32-h-01-agent-79:2211098:2212162 [0] NCCL INFO Channel 01 : 8[1000] -> 9[2000] via SHM/direct/direct
paraai-n32-h-01-agent-79:2211100:2212164 [2] NCCL INFO Connected all rings
paraai-n32-h-01-agent-79:2211099:2212161 [1] NCCL INFO Connected all rings
paraai-n32-h-01-agent-79:2211100:2212164 [2] NCCL INFO Channel 00 : 10[81000] -> 9[2000] via SHM/direct/direct
paraai-n32-h-01-agent-79:2211100:2212164 [2] NCCL INFO Channel 01 : 10[81000] -> 9[2000] via SHM/direct/direct
paraai-n32-h-01-agent-79:2211101:2212227 [3] NCCL INFO NCCL_IB_GID_INDEX set by environment to 3.
paraai-n32-h-01-agent-79:2211101:2212163 [3] NCCL INFO Connected all rings
paraai-n32-h-01-agent-79:2211101:2212163 [3] NCCL INFO Channel 00 : 11[82000] -> 10[81000] via SHM/direct/direct
paraai-n32-h-01-agent-79:2211101:2212163 [3] NCCL INFO Channel 01 : 11[82000] -> 10[81000] via SHM/direct/direct
paraai-n32-h-01-agent-79:2211101:2212163 [3] NCCL INFO Connected all trees
paraai-n32-h-01-agent-79:2211101:2212163 [3] NCCL INFO threadThresholds 8/8/64 | 128/8/64 | 512 | 512
paraai-n32-h-01-agent-79:2211101:2212163 [3] NCCL INFO 2 coll channels, 2 p2p channels, 2 p2p channels per peer
paraai-n32-h-01-agent-79:2211099:2212161 [1] NCCL INFO Channel 00/0 : 4[1000] -> 9[2000] [receive] via NET/IB/0
paraai-n32-h-01-agent-79:2211098:2212228 [0] NCCL INFO NCCL_IB_GID_INDEX set by environment to 3.
paraai-n32-h-01-agent-79:2211098:2212228 [0] NCCL INFO NCCL_IB_TIMEOUT set by environment to 23.
paraai-n32-h-01-agent-79:2211098:2212228 [0] NCCL INFO NCCL_IB_RETRY_CNT set by environment to 7.
paraai-n32-h-01-agent-79:2211098:2212162 [0] NCCL INFO Connected all rings
paraai-n32-h-01-agent-79:2211098:2212162 [0] NCCL INFO Channel 01/0 : 5[2000] -> 8[1000] [receive] via NET/IB/0
paraai-n32-h-01-agent-79:2211099:2212225 [1] NCCL INFO NCCL_IB_GID_INDEX set by environment to 3.
paraai-n32-h-01-agent-79:2211099:2212225 [1] NCCL INFO NCCL_IB_TIMEOUT set by environment to 23.
paraai-n32-h-01-agent-79:2211099:2212225 [1] NCCL INFO NCCL_IB_RETRY_CNT set by environment to 7.
paraai-n32-h-01-agent-79:2211098:2212162 [0] NCCL INFO Channel 00/0 : 8[1000] -> 12[1000] [send] via NET/IB/0
paraai-n32-h-01-agent-79:2211099:2212161 [1] NCCL INFO Channel 00/0 : 9[2000] -> 4[1000] [send] via NET/IB/0
paraai-n32-h-01-agent-79:2211098:2212162 [0] NCCL INFO Channel 00/0 : 0[1000] -> 8[1000] [receive] via NET/IB/0
paraai-n32-h-01-agent-79:2211098:2212162 [0] NCCL INFO Channel 00/0 : 8[1000] -> 0[1000] [send] via NET/IB/0
paraai-n32-h-01-agent-79:2211098:2212162 [0] NCCL INFO Channel 00/0 : 12[1000] -> 8[1000] [receive] via NET/IB/0
paraai-n32-h-01-agent-79:2211099:2212161 [1] NCCL INFO Channel 00 : 9[2000] -> 8[1000] via SHM/direct/direct
paraai-n32-h-01-agent-79:2211099:2212161 [1] NCCL INFO Channel 01 : 9[2000] -> 8[1000] via SHM/direct/direct
paraai-n32-h-01-agent-79:2211100:2212164 [2] NCCL INFO Connected all trees
paraai-n32-h-01-agent-79:2211100:2212164 [2] NCCL INFO threadThresholds 8/8/64 | 128/8/64 | 512 | 512
paraai-n32-h-01-agent-79:2211100:2212164 [2] NCCL INFO 2 coll channels, 2 p2p channels, 2 p2p channels per peer
paraai-n32-h-01-agent-79:2211098:2212162 [0] NCCL INFO Channel 01/0 : 8[1000] -> 5[2000] [send] via NET/IB/0
paraai-n32-h-01-agent-79:2211098:2212162 [0] NCCL INFO Connected all trees
paraai-n32-h-01-agent-79:2211098:2212162 [0] NCCL INFO threadThresholds 8/8/64 | 128/8/64 | 512 | 512
paraai-n32-h-01-agent-79:2211098:2212162 [0] NCCL INFO 2 coll channels, 2 p2p channels, 2 p2p channels per peer
paraai-n32-h-01-agent-79:2211099:2212161 [1] NCCL INFO Connected all trees
paraai-n32-h-01-agent-79:2211099:2212161 [1] NCCL INFO threadThresholds 8/8/64 | 128/8/64 | 512 | 512
paraai-n32-h-01-agent-79:2211099:2212161 [1] NCCL INFO 2 coll channels, 2 p2p channels, 2 p2p channels per peer
paraai-n32-h-01-agent-79:2211100:2212164 [2] NCCL INFO comm 0x418a2de0 rank 10 nranks 16 cudaDev 2 busId 81000 - Init COMPLETE
paraai-n32-h-01-agent-79:2211099:2212161 [1] NCCL INFO comm 0x3e48ae00 rank 9 nranks 16 cudaDev 1 busId 2000 - Init COMPLETE
paraai-n32-h-01-agent-79:2211098:2212162 [0] NCCL INFO comm 0x4b787670 rank 8 nranks 16 cudaDev 0 busId 1000 - Init COMPLETE
paraai-n32-h-01-agent-79:2211101:2212163 [3] NCCL INFO comm 0x23861f00 rank 11 nranks 16 cudaDev 3 busId 82000 - Init COMPLETE
paraai-n32-h-01-agent-79:2211101:2212230 [3] NCCL INFO NCCL_IB_TIMEOUT set by environment to 23.
paraai-n32-h-01-agent-79:2211101:2212230 [3] NCCL INFO NCCL_IB_RETRY_CNT set by environment to 7.
srun: Job step aborted: Waiting up to 32 seconds for job step to finish.
slurmstepd: error: *** STEP 24183.2 ON paraai-n32-h-01-agent-79 CANCELLED AT 2023-06-18T22:15:39 ***
WARNING:torch.distributed.elastic.agent.server.api:Received 15 death signal, shutting down workers
WARNING:torch.distributed.elastic.multiprocessing.api:Sending process 2211098 closing signal SIGTERM
WARNING:torch.distributed.elastic.multiprocessing.api:Sending process 2211099 closing signal SIGTERM
WARNING:torch.distributed.elastic.multiprocessing.api:Sending process 2211100 closing signal SIGTERM
WARNING:torch.distributed.elastic.multiprocessing.api:Sending process 2211101 closing signal SIGTERM
