master_addr is only used for static rdzv_backend and when rdzv_endpoint is not specified.
WARNING:torch.distributed.run:
*****************************************
Setting OMP_NUM_THREADS environment variable for each process to be 1 in default, to avoid your system being overloaded, please further tune the variable for optimal performance in your application as needed. 
*****************************************
paraai-n32-h-01-agent-55
paraai-n32-h-01-agent-55
00

------------------ Configuration ------------------ ------------------ Configuration ------------------   /home/bingxing2/home/scx6115/Ocean_AI_model/config/AFNO.yaml/home/bingxing2/home/scx6115/Ocean_AI_model/config/AFNO.yaml

paraai-n32-h-01-agent-55
0
------------------ Configuration ------------------  /home/bingxing2/home/scx6115/Ocean_AI_model/config/AFNO.yaml
paraai-n32-h-01-agent-55
0
------------------ Configuration ------------------  /home/bingxing2/home/scx6115/Ocean_AI_model/config/AFNO.yaml
log_to_wandb True
log_to_wandb lrTrue 
0.0005lr
 batch_size0.0005 
32
batch_sizemax_epochs  32500

scheduler CosineAnnealingLRmax_epochs
 500
in_channels scheduler CosineAnnealingLR
in_channels [0, 1, 2, 3, 4, 5, 6, 7, 8, 9, 10, 11, 12, 13, 14, 15, 16, 17, 18, 19, 20, 21, 22, 23, 24, 25, 26, 27, 28, 29]
out_channels[0, 1, 2, 3, 4, 5, 6, 7, 8, 9, 10, 11, 12, 13, 14, 15, 16, 17, 18, 19, 20, 21, 22, 23, 24, 25, 26, 27, 28, 29] 
[0, 1, 2, 3, 4, 5, 6, 7, 8, 9, 10, 11, 12, 13, 14, 15, 16, 17, 18, 19, 20, 21, 22, 23, 24]out_channels
 N_in_channels 31[0, 1, 2, 3, 4, 5, 6, 7, 8, 9, 10, 11, 12, 13, 14, 15, 16, 17, 18, 19, 20, 21, 22, 23, 24]

N_out_channels N_in_channels25 
31
N_out_channelsimg_size_h  25720

img_size_himg_size_w  1440720

patch_size_himg_size_w  14405

patch_size_hpatch_size_w  55

losspatch_size_w  l25

loss num_data_workersl2 
0
num_data_workers 0dt
 1dt
 1n_history
 0n_history
 0prediction_type
 iterativeprediction_type
 iterative
prediction_length prediction_length30 
30
n_initial_conditions n_initial_conditions5 
5
ics_type ics_typedefault 
default
save_raw_forecasts save_raw_forecastsTrue 
True
save_channel save_channelFalse 
False
masked_acc masked_accFalse 
False
maskpath maskpathNone 
None
perturb perturbFalse 
False
add_grid add_gridFalse 
False
N_grid_channels N_grid_channels0 
0
gridtype gridtypesinusoidal 
sinusoidal
rollroll  FalseFalse

num_blocksnum_blocks 8 
8
nettype nettypeafno 
afno
patch_sizepatch_size  88

widthwidth  5656

modesmodes  3232

target targetdefault 
default
enable_nhwc enable_nhwcFalse 
False
optimizer_type optimizer_typeFusedAdam 
FusedAdam
normalize True
normalize normalizationTrue 
zscore
normalization zscoreglobal_mins_path
 ./sample_00/train/global_mins.npy
global_mins_path global_maxs_path./sample_00/train/global_mins.npy 
./sample_00/train/global_maxs.npy
global_maxs_path global_means_path./sample_00/train/global_maxs.npy 
./sample_00/train/global_means.npy
global_means_path ./sample_00/train/global_means.npyglobal_stds_path
 ./sample_00/train/global_stds.npy
train_data_pathglobal_stds_path  ./sample_00/train./sample_00/train/global_stds.npy

valid_data_pathtrain_data_path  ./sample_00/valid./sample_00/train

valid_data_pathtest_data_path  ./sample_00/valid./sample_00/test

test_data_pathland_mask  ./sample_00/testTrue

land_maskland_mask_path  True
./sample_00/land_mask.h5
land_mask_pathorography  ./sample_00/land_mask.h5True

orographyorography_norm_zscore_path  True./sample_00/orography_norm_zscore.h5

orography_norm_zscore_pathorography_norm_maxmin_path  ./sample_00/orography_norm_zscore.h5./sample_00/orography_norm_maxmin.h5

orography_norm_maxmin_pathexp_dir  ./sample_00/orography_norm_maxmin.h5./exp

exp_diradd_noise  ./expFalse

add_noisenoise_std  False0

noise_stdcrop_size_x  0None

crop_size_xcrop_size_y  NoneNone

crop_size_ylog_to_screen  NoneTrue

log_to_screensave_checkpoint  TrueTrue

save_checkpointplot_animations  TrueFalse

plot_animations False
------------------------------------------------------------------------------------------------------

world_size :world_size :  1616

Initialize distributed process group...Initialize distributed process group...

log_to_wandb True
lr 0.0005
batch_size 32
max_epochs 500
scheduler CosineAnnealingLR
in_channels [0, 1, 2, 3, 4, 5, 6, 7, 8, 9, 10, 11, 12, 13, 14, 15, 16, 17, 18, 19, 20, 21, 22, 23, 24, 25, 26, 27, 28, 29]
out_channels [0, 1, 2, 3, 4, 5, 6, 7, 8, 9, 10, 11, 12, 13, 14, 15, 16, 17, 18, 19, 20, 21, 22, 23, 24]
N_in_channels 31
N_out_channels 25
img_size_h 720
img_size_w 1440
patch_size_h 5
patch_size_w 5
loss l2
num_data_workers 0
dt 1
n_history 0
prediction_type iterative
prediction_length 30
n_initial_conditions 5
ics_type default
save_raw_forecasts True
save_channel False
masked_acc False
maskpath None
perturb False
add_grid False
N_grid_channels 0
gridtype sinusoidal
roll False
num_blocks 8
nettype afno
patch_size 8
width 56
modes 32
target default
enable_nhwc False
optimizer_type FusedAdam
normalize True
normalization zscore
global_mins_path ./sample_00/train/global_mins.npy
global_maxs_path ./sample_00/train/global_maxs.npy
global_means_path ./sample_00/train/global_means.npy
global_stds_path ./sample_00/train/global_stds.npy
train_data_path ./sample_00/train
valid_data_path ./sample_00/valid
test_data_path ./sample_00/test
land_mask True
land_mask_path ./sample_00/land_mask.h5
orography True
orography_norm_zscore_path ./sample_00/orography_norm_zscore.h5
orography_norm_maxmin_path ./sample_00/orography_norm_maxmin.h5
exp_dir ./exp
add_noise False
noise_std 0
crop_size_x None
crop_size_y None
log_to_screen True
save_checkpoint True
plot_animations False
---------------------------------------------------
world_size : 16
Initialize distributed process group...
log_to_wandb True
lr 0.0005
batch_size 32
max_epochs 500
scheduler CosineAnnealingLR
in_channels [0, 1, 2, 3, 4, 5, 6, 7, 8, 9, 10, 11, 12, 13, 14, 15, 16, 17, 18, 19, 20, 21, 22, 23, 24, 25, 26, 27, 28, 29]
out_channels [0, 1, 2, 3, 4, 5, 6, 7, 8, 9, 10, 11, 12, 13, 14, 15, 16, 17, 18, 19, 20, 21, 22, 23, 24]
N_in_channels 31
N_out_channels 25
img_size_h 720
img_size_w 1440
patch_size_h 5
patch_size_w 5
loss l2
num_data_workers 0
dt 1
n_history 0
prediction_type iterative
prediction_length 30
n_initial_conditions 5
ics_type default
save_raw_forecasts True
save_channel False
masked_acc False
maskpath None
perturb False
add_grid False
N_grid_channels 0
gridtype sinusoidal
roll False
num_blocks 8
nettype afno
patch_size 8
width 56
modes 32
target default
enable_nhwc False
optimizer_type FusedAdam
normalize True
normalization zscore
global_mins_path ./sample_00/train/global_mins.npy
global_maxs_path ./sample_00/train/global_maxs.npy
global_means_path ./sample_00/train/global_means.npy
global_stds_path ./sample_00/train/global_stds.npy
train_data_path ./sample_00/train
valid_data_path ./sample_00/valid
test_data_path ./sample_00/test
land_mask True
land_mask_path ./sample_00/land_mask.h5
orography True
orography_norm_zscore_path ./sample_00/orography_norm_zscore.h5
orography_norm_maxmin_path ./sample_00/orography_norm_maxmin.h5
exp_dir ./exp
add_noise False
noise_std 0
crop_size_x None
crop_size_y None
log_to_screen True
save_checkpoint True
plot_animations False
---------------------------------------------------
world_size : 16
Initialize distributed process group...
2023-06-09 10:58:47,687 - torch.distributed.distributed_c10d - INFO - Added key: store_based_barrier_key:1 to store for rank: 9
2023-06-09 10:58:47,687 - torch.distributed.distributed_c10d - INFO - Added key: store_based_barrier_key:1 to store for rank: 8
2023-06-09 10:58:47,688 - torch.distributed.distributed_c10d - INFO - Added key: store_based_barrier_key:1 to store for rank: 11
2023-06-09 10:58:47,688 - torch.distributed.distributed_c10d - INFO - Added key: store_based_barrier_key:1 to store for rank: 10
2023-06-09 10:58:48,710 - torch.distributed.distributed_c10d - INFO - Rank 9: Completed store-based barrier for key:store_based_barrier_key:1 with 16 nodes.
2023-06-09 10:58:48,710 - torch.distributed.distributed_c10d - INFO - Rank 8: Completed store-based barrier for key:store_based_barrier_key:1 with 16 nodes.
2023-06-09 10:58:48,710 - torch.distributed.distributed_c10d - INFO - Rank 11: Completed store-based barrier for key:store_based_barrier_key:1 with 16 nodes.
2023-06-09 10:58:48,710 - torch.distributed.distributed_c10d - INFO - Rank 10: Completed store-based barrier for key:store_based_barrier_key:1 with 16 nodes.
2023-06-09 10:58:48,769 - root - INFO - device: cuda:2
2023-06-09 10:58:48,769 - root - INFO - rank 10, begin data loader init
2023-06-09 10:58:48,772 - root - INFO - device: cuda:1
2023-06-09 10:58:48,772 - root - INFO - rank 9, begin data loader init
2023-06-09 10:58:48,775 - root - INFO - device: cuda:0
2023-06-09 10:58:48,775 - root - INFO - rank 8, begin data loader init
2023-06-09 10:58:48,776 - root - INFO - device: cuda:3
2023-06-09 10:58:48,777 - root - INFO - rank 11, begin data loader init
2023-06-09 10:58:48,810 - root - INFO - Getting file stats from ./sample_00/train/2000.h5
2023-06-09 10:58:48,810 - root - INFO - Getting file stats from ./sample_00/train/2000.h5
2023-06-09 10:58:48,810 - root - INFO - Getting file stats from ./sample_00/train/2000.h5
2023-06-09 10:58:48,810 - root - INFO - Getting file stats from ./sample_00/train/2000.h5
2023-06-09 10:58:48,811 - root - INFO - Number of samples per year: 365
2023-06-09 10:58:48,811 - root - INFO - Number of samples per year: 365
2023-06-09 10:58:48,811 - root - INFO - Number of samples per year: 365
2023-06-09 10:58:48,811 - root - INFO - Found data at path ./sample_00/train. Number of examples: 4015. Image Shape: 720 x 1440 x 30
2023-06-09 10:58:48,811 - root - INFO - Found data at path ./sample_00/train. Number of examples: 4015. Image Shape: 720 x 1440 x 30
2023-06-09 10:58:48,811 - root - INFO - Delta t: 1 days
2023-06-09 10:58:48,811 - root - INFO - Delta t: 1 days
2023-06-09 10:58:48,812 - root - INFO - Including 0 days of past history in training at a frequency of 1 days
2023-06-09 10:58:48,812 - root - INFO - Including 0 days of past history in training at a frequency of 1 days
2023-06-09 10:58:48,812 - root - INFO - Number of samples per year: 365
2023-06-09 10:58:48,812 - root - INFO - Found data at path ./sample_00/train. Number of examples: 4015. Image Shape: 720 x 1440 x 30
2023-06-09 10:58:48,812 - root - INFO - Delta t: 1 days
2023-06-09 10:58:48,812 - root - INFO - Including 0 days of past history in training at a frequency of 1 days
2023-06-09 10:58:48,812 - root - INFO - Found data at path ./sample_00/train. Number of examples: 4015. Image Shape: 720 x 1440 x 30
2023-06-09 10:58:48,812 - root - INFO - Delta t: 1 days
2023-06-09 10:58:48,812 - root - INFO - Including 0 days of past history in training at a frequency of 1 days
2023-06-09 10:58:48,853 - root - INFO - Getting file stats from ./sample_00/valid/2011.h5
2023-06-09 10:58:48,853 - root - INFO - Getting file stats from ./sample_00/valid/2011.h5
2023-06-09 10:58:48,853 - root - INFO - Getting file stats from ./sample_00/valid/2011.h5
2023-06-09 10:58:48,853 - root - INFO - Getting file stats from ./sample_00/valid/2011.h5
2023-06-09 10:58:48,854 - root - INFO - Number of samples per year: 364
2023-06-09 10:58:48,854 - root - INFO - Number of samples per year: 364
2023-06-09 10:58:48,854 - root - INFO - Number of samples per year: 364
2023-06-09 10:58:48,854 - root - INFO - Number of samples per year: 364
2023-06-09 10:58:48,854 - root - INFO - Found data at path ./sample_00/valid. Number of examples: 364. Image Shape: 720 x 1440 x 30
2023-06-09 10:58:48,854 - root - INFO - Found data at path ./sample_00/valid. Number of examples: 364. Image Shape: 720 x 1440 x 30
2023-06-09 10:58:48,854 - root - INFO - Found data at path ./sample_00/valid. Number of examples: 364. Image Shape: 720 x 1440 x 30
2023-06-09 10:58:48,854 - root - INFO - Delta t: 1 days
2023-06-09 10:58:48,854 - root - INFO - Found data at path ./sample_00/valid. Number of examples: 364. Image Shape: 720 x 1440 x 30
2023-06-09 10:58:48,854 - root - INFO - Delta t: 1 days
2023-06-09 10:58:48,854 - root - INFO - Delta t: 1 days
2023-06-09 10:58:48,854 - root - INFO - Including 0 days of past history in training at a frequency of 1 days
2023-06-09 10:58:48,854 - root - INFO - Delta t: 1 days
2023-06-09 10:58:48,854 - root - INFO - Including 0 days of past history in training at a frequency of 1 days
2023-06-09 10:58:48,854 - root - INFO - Including 0 days of past history in training at a frequency of 1 days
2023-06-09 10:58:48,854 - root - INFO - Including 0 days of past history in training at a frequency of 1 days
2023-06-09 10:58:48,854 - root - INFO - rank 10, data loader initialized
2023-06-09 10:58:48,854 - root - INFO - rank 8, data loader initialized
2023-06-09 10:58:48,854 - root - INFO - rank 9, data loader initialized
2023-06-09 10:58:48,854 - root - INFO - rank 11, data loader initialized
paraai-n32-h-01-agent-55:2192745:2192745 [1] NCCL INFO cudaDriverVersion 11060
paraai-n32-h-01-agent-55:2192744:2192744 [0] NCCL INFO cudaDriverVersion 11060
paraai-n32-h-01-agent-55:2192747:2192747 [3] NCCL INFO cudaDriverVersion 11060
paraai-n32-h-01-agent-55:2192746:2192746 [2] NCCL INFO cudaDriverVersion 11060
paraai-n32-h-01-agent-55:2192745:2192745 [1] NCCL INFO Bootstrap : Using eth0:172.16.4.42<0>
paraai-n32-h-01-agent-55:2192744:2192744 [0] NCCL INFO Bootstrap : Using eth0:172.16.4.42<0>
paraai-n32-h-01-agent-55:2192746:2192746 [2] NCCL INFO Bootstrap : Using eth0:172.16.4.42<0>
paraai-n32-h-01-agent-55:2192747:2192747 [3] NCCL INFO Bootstrap : Using eth0:172.16.4.42<0>
paraai-n32-h-01-agent-55:2192745:2192745 [1] NCCL INFO NET/Plugin : No plugin found (libnccl-net.so), using internal implementation
paraai-n32-h-01-agent-55:2192747:2192747 [3] NCCL INFO NET/Plugin : No plugin found (libnccl-net.so), using internal implementation
paraai-n32-h-01-agent-55:2192744:2192744 [0] NCCL INFO NET/Plugin : No plugin found (libnccl-net.so), using internal implementation
paraai-n32-h-01-agent-55:2192746:2192746 [2] NCCL INFO NET/Plugin : No plugin found (libnccl-net.so), using internal implementation
paraai-n32-h-01-agent-55:2192745:2195244 [1] NCCL INFO NCCL_IB_DISABLE set by environment to 0.
paraai-n32-h-01-agent-55:2192744:2195245 [0] NCCL INFO NCCL_IB_DISABLE set by environment to 0.
paraai-n32-h-01-agent-55:2192747:2195246 [3] NCCL INFO NCCL_IB_DISABLE set by environment to 0.
paraai-n32-h-01-agent-55:2192746:2195247 [2] NCCL INFO NCCL_IB_DISABLE set by environment to 0.
paraai-n32-h-01-agent-55:2192745:2195244 [1] NCCL INFO NET/IB : Using [0]mlx5_0:1/RoCE [1]mlx5_1:1/RoCE [2]mlx5_2:1/RoCE [3]mlx5_3:1/RoCE [RO]; OOB eth0:172.16.4.42<0>
paraai-n32-h-01-agent-55:2192745:2195244 [1] NCCL INFO Using network IB
paraai-n32-h-01-agent-55:2192747:2195246 [3] NCCL INFO NET/IB : Using [0]mlx5_0:1/RoCE [1]mlx5_1:1/RoCE [2]mlx5_2:1/RoCE [3]mlx5_3:1/RoCE [RO]; OOB eth0:172.16.4.42<0>
paraai-n32-h-01-agent-55:2192747:2195246 [3] NCCL INFO Using network IB
paraai-n32-h-01-agent-55:2192744:2195245 [0] NCCL INFO NET/IB : Using [0]mlx5_0:1/RoCE [1]mlx5_1:1/RoCE [2]mlx5_2:1/RoCE [3]mlx5_3:1/RoCE [RO]; OOB eth0:172.16.4.42<0>
paraai-n32-h-01-agent-55:2192746:2195247 [2] NCCL INFO NET/IB : Using [0]mlx5_0:1/RoCE [1]mlx5_1:1/RoCE [2]mlx5_2:1/RoCE [3]mlx5_3:1/RoCE [RO]; OOB eth0:172.16.4.42<0>
paraai-n32-h-01-agent-55:2192744:2195245 [0] NCCL INFO Using network IB
paraai-n32-h-01-agent-55:2192746:2195247 [2] NCCL INFO Using network IB
paraai-n32-h-01-agent-55:2192745:2195244 [1] NCCL INFO Setting affinity for GPU 1 to ffffffff
paraai-n32-h-01-agent-55:2192744:2195245 [0] NCCL INFO Setting affinity for GPU 0 to ffffffff
paraai-n32-h-01-agent-55:2192747:2195246 [3] NCCL INFO Setting affinity for GPU 3 to ffffffff,00000000,00000000
paraai-n32-h-01-agent-55:2192746:2195247 [2] NCCL INFO Setting affinity for GPU 2 to ffffffff,00000000,00000000
paraai-n32-h-01-agent-55:2192747:2195246 [3] NCCL INFO Trees [0] -1/-1/-1->11->10 [1] -1/-1/-1->11->10
paraai-n32-h-01-agent-55:2192746:2195247 [2] NCCL INFO Trees [0] 11/-1/-1->10->9 [1] 11/-1/-1->10->9
paraai-n32-h-01-agent-55:2192746:2195247 [2] NCCL INFO Channel 00 : 10[81000] -> 11[82000] via SHM/direct/direct
paraai-n32-h-01-agent-55:2192746:2195247 [2] NCCL INFO Channel 01 : 10[81000] -> 11[82000] via SHM/direct/direct
paraai-n32-h-01-agent-55:2192745:2195244 [1] NCCL INFO Trees [0] 10/4/-1->9->8 [1] 10/-1/-1->9->8
paraai-n32-h-01-agent-55:2192744:2195245 [0] NCCL INFO Trees [0] 9/12/-1->8->0 [1] 9/-1/-1->8->5
paraai-n32-h-01-agent-55:2192745:2195244 [1] NCCL INFO Channel 00 : 9[2000] -> 10[81000] via SHM/direct/direct
paraai-n32-h-01-agent-55:2192745:2195244 [1] NCCL INFO Channel 01 : 9[2000] -> 10[81000] via SHM/direct/direct
paraai-n32-h-01-agent-55:2192747:2195246 [3] NCCL INFO Channel 00/0 : 11[82000] -> 12[1000] [send] via NET/IB/0
paraai-n32-h-01-agent-55:2192744:2195245 [0] NCCL INFO Channel 00/0 : 7[82000] -> 8[1000] [receive] via NET/IB/0
paraai-n32-h-01-agent-55:2192747:2195246 [3] NCCL INFO Channel 01/0 : 11[82000] -> 12[1000] [send] via NET/IB/0
paraai-n32-h-01-agent-55:2192746:2195247 [2] NCCL INFO Connected all rings
paraai-n32-h-01-agent-55:2192746:2195247 [2] NCCL INFO Channel 00 : 10[81000] -> 9[2000] via SHM/direct/direct
paraai-n32-h-01-agent-55:2192746:2195247 [2] NCCL INFO Channel 01 : 10[81000] -> 9[2000] via SHM/direct/direct
paraai-n32-h-01-agent-55:2192747:2195266 [3] NCCL INFO NCCL_IB_GID_INDEX set by environment to 3.
paraai-n32-h-01-agent-55:2192747:2195246 [3] NCCL INFO Connected all rings
paraai-n32-h-01-agent-55:2192747:2195246 [3] NCCL INFO Channel 00 : 11[82000] -> 10[81000] via SHM/direct/direct
paraai-n32-h-01-agent-55:2192747:2195246 [3] NCCL INFO Channel 01 : 11[82000] -> 10[81000] via SHM/direct/direct
paraai-n32-h-01-agent-55:2192747:2195246 [3] NCCL INFO Connected all trees
paraai-n32-h-01-agent-55:2192747:2195246 [3] NCCL INFO threadThresholds 8/8/64 | 128/8/64 | 512 | 512
paraai-n32-h-01-agent-55:2192747:2195246 [3] NCCL INFO 2 coll channels, 2 p2p channels, 2 p2p channels per peer
paraai-n32-h-01-agent-55:2192744:2195245 [0] NCCL INFO Channel 01/0 : 7[82000] -> 8[1000] [receive] via NET/IB/0
paraai-n32-h-01-agent-55:2192744:2195245 [0] NCCL INFO Channel 00 : 8[1000] -> 9[2000] via SHM/direct/direct
paraai-n32-h-01-agent-55:2192744:2195245 [0] NCCL INFO Channel 01 : 8[1000] -> 9[2000] via SHM/direct/direct
paraai-n32-h-01-agent-55:2192745:2195244 [1] NCCL INFO Connected all rings
paraai-n32-h-01-agent-55:2192744:2195268 [0] NCCL INFO NCCL_IB_GID_INDEX set by environment to 3.
paraai-n32-h-01-agent-55:2192744:2195268 [0] NCCL INFO NCCL_IB_TIMEOUT set by environment to 23.
paraai-n32-h-01-agent-55:2192744:2195268 [0] NCCL INFO NCCL_IB_RETRY_CNT set by environment to 7.
paraai-n32-h-01-agent-55:2192744:2195245 [0] NCCL INFO Connected all rings
paraai-n32-h-01-agent-55:2192744:2195245 [0] NCCL INFO Channel 01/0 : 5[2000] -> 8[1000] [receive] via NET/IB/0
paraai-n32-h-01-agent-55:2192745:2195244 [1] NCCL INFO Channel 00/0 : 4[1000] -> 9[2000] [receive] via NET/IB/0
paraai-n32-h-01-agent-55:2192744:2195245 [0] NCCL INFO Channel 00/0 : 8[1000] -> 12[1000] [send] via NET/IB/0
paraai-n32-h-01-agent-55:2192745:2195265 [1] NCCL INFO NCCL_IB_GID_INDEX set by environment to 3.
paraai-n32-h-01-agent-55:2192745:2195265 [1] NCCL INFO NCCL_IB_TIMEOUT set by environment to 23.
paraai-n32-h-01-agent-55:2192745:2195265 [1] NCCL INFO NCCL_IB_RETRY_CNT set by environment to 7.
paraai-n32-h-01-agent-55:2192744:2195245 [0] NCCL INFO Channel 00/0 : 0[1000] -> 8[1000] [receive] via NET/IB/0
paraai-n32-h-01-agent-55:2192745:2195244 [1] NCCL INFO Channel 00/0 : 9[2000] -> 4[1000] [send] via NET/IB/0
paraai-n32-h-01-agent-55:2192744:2195245 [0] NCCL INFO Channel 00/0 : 8[1000] -> 0[1000] [send] via NET/IB/0
paraai-n32-h-01-agent-55:2192744:2195245 [0] NCCL INFO Channel 00/0 : 12[1000] -> 8[1000] [receive] via NET/IB/0
paraai-n32-h-01-agent-55:2192745:2195244 [1] NCCL INFO Channel 00 : 9[2000] -> 8[1000] via SHM/direct/direct
paraai-n32-h-01-agent-55:2192745:2195244 [1] NCCL INFO Channel 01 : 9[2000] -> 8[1000] via SHM/direct/direct
paraai-n32-h-01-agent-55:2192746:2195247 [2] NCCL INFO Connected all trees
paraai-n32-h-01-agent-55:2192746:2195247 [2] NCCL INFO threadThresholds 8/8/64 | 128/8/64 | 512 | 512
paraai-n32-h-01-agent-55:2192746:2195247 [2] NCCL INFO 2 coll channels, 2 p2p channels, 2 p2p channels per peer
paraai-n32-h-01-agent-55:2192744:2195245 [0] NCCL INFO Channel 01/0 : 8[1000] -> 5[2000] [send] via NET/IB/0
paraai-n32-h-01-agent-55:2192744:2195245 [0] NCCL INFO Connected all trees
paraai-n32-h-01-agent-55:2192744:2195245 [0] NCCL INFO threadThresholds 8/8/64 | 128/8/64 | 512 | 512
paraai-n32-h-01-agent-55:2192744:2195245 [0] NCCL INFO 2 coll channels, 2 p2p channels, 2 p2p channels per peer
paraai-n32-h-01-agent-55:2192745:2195244 [1] NCCL INFO Connected all trees
paraai-n32-h-01-agent-55:2192745:2195244 [1] NCCL INFO threadThresholds 8/8/64 | 128/8/64 | 512 | 512
paraai-n32-h-01-agent-55:2192745:2195244 [1] NCCL INFO 2 coll channels, 2 p2p channels, 2 p2p channels per peer
paraai-n32-h-01-agent-55:2192744:2195245 [0] NCCL INFO comm 0x6e9f51e0 rank 8 nranks 16 cudaDev 0 busId 1000 - Init COMPLETE
paraai-n32-h-01-agent-55:2192745:2195244 [1] NCCL INFO comm 0x250b54c0 rank 9 nranks 16 cudaDev 1 busId 2000 - Init COMPLETE
paraai-n32-h-01-agent-55:2192747:2195246 [3] NCCL INFO comm 0x1cf271c0 rank 11 nranks 16 cudaDev 3 busId 82000 - Init COMPLETE
paraai-n32-h-01-agent-55:2192746:2195247 [2] NCCL INFO comm 0x381e69c0 rank 10 nranks 16 cudaDev 2 busId 81000 - Init COMPLETE
paraai-n32-h-01-agent-55:2192747:2195269 [3] NCCL INFO NCCL_IB_TIMEOUT set by environment to 23.
paraai-n32-h-01-agent-55:2192747:2195269 [3] NCCL INFO NCCL_IB_RETRY_CNT set by environment to 7.
Traceback (most recent call last):
  File "/home/bingxing2/home/scx6115/Ocean_AI_model/train_025_bingxing.py", line 480, in <module>
    trainer.train()
  File "/home/bingxing2/home/scx6115/Ocean_AI_model/train_025_bingxing.py", line 143, in train
    tr_time, data_time, train_logs = self.train_one_epoch() 
  File "/home/bingxing2/home/scx6115/Ocean_AI_model/train_025_bingxing.py", line 210, in train_one_epoch
    for i, data in enumerate(self.train_data_loader, 0):
  File "/home/bingxing2/home/scx6115/.conda/envs/torch2.0/lib/python3.10/site-packages/torch/utils/data/dataloader.py", line 634, in __next__
    data = self._next_data()
  File "/home/bingxing2/home/scx6115/.conda/envs/torch2.0/lib/python3.10/site-packages/torch/utils/data/dataloader.py", line 678, in _next_data
    data = self._dataset_fetcher.fetch(index)  # may raise StopIteration
  File "/home/bingxing2/home/scx6115/.conda/envs/torch2.0/lib/python3.10/site-packages/torch/utils/data/_utils/fetch.py", line 51, in fetch
    data = [self.dataset[idx] for idx in possibly_batched_index]
  File "/home/bingxing2/home/scx6115/.conda/envs/torch2.0/lib/python3.10/site-packages/torch/utils/data/_utils/fetch.py", line 51, in <listcomp>
Traceback (most recent call last):
  File "/home/bingxing2/home/scx6115/Ocean_AI_model/train_025_bingxing.py", line 480, in <module>
    data = [self.dataset[idx] for idx in possibly_batched_index]
  File "/home/bingxing2/home/scx6115/Ocean_AI_model/utils/data_loader_multifiles.py", line 173, in __getitem__
    trainer.train()
  File "/home/bingxing2/home/scx6115/Ocean_AI_model/train_025_bingxing.py", line 143, in train
    tr_time, data_time, train_logs = self.train_one_epoch() 
  File "/home/bingxing2/home/scx6115/Ocean_AI_model/train_025_bingxing.py", line 210, in train_one_epoch
    for i, data in enumerate(self.train_data_loader, 0):
  File "/home/bingxing2/home/scx6115/.conda/envs/torch2.0/lib/python3.10/site-packages/torch/utils/data/dataloader.py", line 634, in __next__
    inp = reshape_fields( self.files[year_idx][(local_idx - self.dt * self.n_history):(local_idx + 1):self.dt, self.in_channels], 'inp', self.params, self.train, self.normalize, orog, self.add_noise )
  File "/home/bingxing2/home/scx6115/Ocean_AI_model/utils/img_utils.py", line 104, in reshape_fields
    stds = np.load(params.global_stds_path)[:, channels]
  File "/home/bingxing2/home/scx6115/.conda/envs/torch2.0/lib/python3.10/site-packages/numpy/lib/npyio.py", line 405, in load
    fid = stack.enter_context(open(os_fspath(file), "rb"))
FileNotFoundError: [Errno 2] No such file or directory: './sample_00/train/global_stds.npy'
    data = self._next_data()
  File "/home/bingxing2/home/scx6115/.conda/envs/torch2.0/lib/python3.10/site-packages/torch/utils/data/dataloader.py", line 678, in _next_data
    data = self._dataset_fetcher.fetch(index)  # may raise StopIteration
  File "/home/bingxing2/home/scx6115/.conda/envs/torch2.0/lib/python3.10/site-packages/torch/utils/data/_utils/fetch.py", line 51, in fetch
    data = [self.dataset[idx] for idx in possibly_batched_index]
  File "/home/bingxing2/home/scx6115/.conda/envs/torch2.0/lib/python3.10/site-packages/torch/utils/data/_utils/fetch.py", line 51, in <listcomp>
    data = [self.dataset[idx] for idx in possibly_batched_index]
  File "/home/bingxing2/home/scx6115/Ocean_AI_model/utils/data_loader_multifiles.py", line 173, in __getitem__
    inp = reshape_fields( self.files[year_idx][(local_idx - self.dt * self.n_history):(local_idx + 1):self.dt, self.in_channels], 'inp', self.params, self.train, self.normalize, orog, self.add_noise )
  File "/home/bingxing2/home/scx6115/Ocean_AI_model/utils/img_utils.py", line 104, in reshape_fields
    stds = np.load(params.global_stds_path)[:, channels]
  File "/home/bingxing2/home/scx6115/.conda/envs/torch2.0/lib/python3.10/site-packages/numpy/lib/npyio.py", line 405, in load
    fid = stack.enter_context(open(os_fspath(file), "rb"))
FileNotFoundError: [Errno 2] No such file or directory: './sample_00/train/global_stds.npy'
Traceback (most recent call last):
  File "/home/bingxing2/home/scx6115/Ocean_AI_model/train_025_bingxing.py", line 480, in <module>
    trainer.train()
  File "/home/bingxing2/home/scx6115/Ocean_AI_model/train_025_bingxing.py", line 143, in train
    tr_time, data_time, train_logs = self.train_one_epoch() 
  File "/home/bingxing2/home/scx6115/Ocean_AI_model/train_025_bingxing.py", line 210, in train_one_epoch
    for i, data in enumerate(self.train_data_loader, 0):
  File "/home/bingxing2/home/scx6115/.conda/envs/torch2.0/lib/python3.10/site-packages/torch/utils/data/dataloader.py", line 634, in __next__
    data = self._next_data()
  File "/home/bingxing2/home/scx6115/.conda/envs/torch2.0/lib/python3.10/site-packages/torch/utils/data/dataloader.py", line 678, in _next_data
    data = self._dataset_fetcher.fetch(index)  # may raise StopIteration
  File "/home/bingxing2/home/scx6115/.conda/envs/torch2.0/lib/python3.10/site-packages/torch/utils/data/_utils/fetch.py", line 51, in fetch
    data = [self.dataset[idx] for idx in possibly_batched_index]
  File "/home/bingxing2/home/scx6115/.conda/envs/torch2.0/lib/python3.10/site-packages/torch/utils/data/_utils/fetch.py", line 51, in <listcomp>
    data = [self.dataset[idx] for idx in possibly_batched_index]
  File "/home/bingxing2/home/scx6115/Ocean_AI_model/utils/data_loader_multifiles.py", line 173, in __getitem__
Traceback (most recent call last):
  File "/home/bingxing2/home/scx6115/Ocean_AI_model/train_025_bingxing.py", line 480, in <module>
    inp = reshape_fields( self.files[year_idx][(local_idx - self.dt * self.n_history):(local_idx + 1):self.dt, self.in_channels], 'inp', self.params, self.train, self.normalize, orog, self.add_noise )
  File "/home/bingxing2/home/scx6115/Ocean_AI_model/utils/img_utils.py", line 104, in reshape_fields
    stds = np.load(params.global_stds_path)[:, channels]
  File "/home/bingxing2/home/scx6115/.conda/envs/torch2.0/lib/python3.10/site-packages/numpy/lib/npyio.py", line 405, in load
    trainer.train()
  File "/home/bingxing2/home/scx6115/Ocean_AI_model/train_025_bingxing.py", line 143, in train
    fid = stack.enter_context(open(os_fspath(file), "rb"))
FileNotFoundError: [Errno 2] No such file or directory: './sample_00/train/global_stds.npy'
    tr_time, data_time, train_logs = self.train_one_epoch() 
  File "/home/bingxing2/home/scx6115/Ocean_AI_model/train_025_bingxing.py", line 210, in train_one_epoch
    for i, data in enumerate(self.train_data_loader, 0):
  File "/home/bingxing2/home/scx6115/.conda/envs/torch2.0/lib/python3.10/site-packages/torch/utils/data/dataloader.py", line 634, in __next__
    data = self._next_data()
  File "/home/bingxing2/home/scx6115/.conda/envs/torch2.0/lib/python3.10/site-packages/torch/utils/data/dataloader.py", line 678, in _next_data
    data = self._dataset_fetcher.fetch(index)  # may raise StopIteration
  File "/home/bingxing2/home/scx6115/.conda/envs/torch2.0/lib/python3.10/site-packages/torch/utils/data/_utils/fetch.py", line 51, in fetch
    data = [self.dataset[idx] for idx in possibly_batched_index]
  File "/home/bingxing2/home/scx6115/.conda/envs/torch2.0/lib/python3.10/site-packages/torch/utils/data/_utils/fetch.py", line 51, in <listcomp>
    data = [self.dataset[idx] for idx in possibly_batched_index]
  File "/home/bingxing2/home/scx6115/Ocean_AI_model/utils/data_loader_multifiles.py", line 173, in __getitem__
    inp = reshape_fields( self.files[year_idx][(local_idx - self.dt * self.n_history):(local_idx + 1):self.dt, self.in_channels], 'inp', self.params, self.train, self.normalize, orog, self.add_noise )
  File "/home/bingxing2/home/scx6115/Ocean_AI_model/utils/img_utils.py", line 104, in reshape_fields
    stds = np.load(params.global_stds_path)[:, channels]
  File "/home/bingxing2/home/scx6115/.conda/envs/torch2.0/lib/python3.10/site-packages/numpy/lib/npyio.py", line 405, in load
    fid = stack.enter_context(open(os_fspath(file), "rb"))
FileNotFoundError: [Errno 2] No such file or directory: './sample_00/train/global_stds.npy'
paraai-n32-h-01-agent-55:2192746:2195267 [2] NCCL INFO [Service thread] Connection closed by localRank 2
paraai-n32-h-01-agent-55:2192746:2192746 [2] NCCL INFO comm 0x381e69c0 rank 10 nranks 16 cudaDev 2 busId 81000 - Abort COMPLETE
paraai-n32-h-01-agent-55:2192747:2195266 [3] NCCL INFO [Service thread] Connection closed by localRank 3
paraai-n32-h-01-agent-55:2192747:2192747 [3] NCCL INFO comm 0x1cf271c0 rank 11 nranks 16 cudaDev 3 busId 82000 - Abort COMPLETE
paraai-n32-h-01-agent-55:2192745:2195265 [1] NCCL INFO [Service thread] Connection closed by localRank 1
paraai-n32-h-01-agent-55:2192745:2192745 [1] NCCL INFO comm 0x250b54c0 rank 9 nranks 16 cudaDev 1 busId 2000 - Abort COMPLETE
paraai-n32-h-01-agent-55:2192744:2195268 [0] NCCL INFO [Service thread] Connection closed by localRank 0
paraai-n32-h-01-agent-55:2192744:2192744 [0] NCCL INFO comm 0x6e9f51e0 rank 8 nranks 16 cudaDev 0 busId 1000 - Abort COMPLETE
WARNING:torch.distributed.elastic.multiprocessing.api:Sending process 2192744 closing signal SIGTERM
WARNING:torch.distributed.elastic.multiprocessing.api:Sending process 2192745 closing signal SIGTERM
WARNING:torch.distributed.elastic.multiprocessing.api:Sending process 2192747 closing signal SIGTERM
ERROR:torch.distributed.elastic.multiprocessing.api:failed (exitcode: 1) local_rank: 2 (pid: 2192746) of binary: /home/bingxing2/home/scx6115/.conda/envs/torch2.0/bin/python
Traceback (most recent call last):
  File "/home/bingxing2/home/scx6115/.conda/envs/torch2.0/bin/torchrun", line 8, in <module>
    sys.exit(main())
  File "/home/bingxing2/home/scx6115/.conda/envs/torch2.0/lib/python3.10/site-packages/torch/distributed/elastic/multiprocessing/errors/__init__.py", line 346, in wrapper
    return f(*args, **kwargs)
  File "/home/bingxing2/home/scx6115/.conda/envs/torch2.0/lib/python3.10/site-packages/torch/distributed/run.py", line 794, in main
    run(args)
  File "/home/bingxing2/home/scx6115/.conda/envs/torch2.0/lib/python3.10/site-packages/torch/distributed/run.py", line 785, in run
    elastic_launch(
  File "/home/bingxing2/home/scx6115/.conda/envs/torch2.0/lib/python3.10/site-packages/torch/distributed/launcher/api.py", line 134, in __call__
    return launch_agent(self._config, self._entrypoint, list(args))
  File "/home/bingxing2/home/scx6115/.conda/envs/torch2.0/lib/python3.10/site-packages/torch/distributed/launcher/api.py", line 250, in launch_agent
    raise ChildFailedError(
torch.distributed.elastic.multiprocessing.errors.ChildFailedError: 
============================================================
train_025_bingxing.py FAILED
------------------------------------------------------------
Failures:
  <NO_OTHER_FAILURES>
------------------------------------------------------------
Root Cause (first observed failure):
[0]:
  time      : 2023-06-09_10:59:08
  host      : paraai-n32-h-01-agent-55.paraai-n32-h-01.com
  rank      : 10 (local_rank: 2)
  exitcode  : 1 (pid: 2192746)
  error_file: <N/A>
  traceback : To enable traceback see: https://pytorch.org/docs/stable/elastic/errors.html
============================================================
srun: error: paraai-n32-h-01-agent-55: task 0: Exited with exit code 1
