master_addr is only used for static rdzv_backend and when rdzv_endpoint is not specified.
WARNING:torch.distributed.run:
*****************************************
Setting OMP_NUM_THREADS environment variable for each process to be 1 in default, to avoid your system being overloaded, please further tune the variable for optimal performance in your application as needed. 
*****************************************
paraai-n32-h-01-agent-33
0
------------------ Configuration ------------------  /home/bingxing2/home/scx6115/Ocean_AI_model/config/AFNO.yaml
paraai-n32-h-01-agent-33
0
------------------ Configuration ------------------  /home/bingxing2/home/scx6115/Ocean_AI_model/config/AFNO.yaml
paraai-n32-h-01-agent-33
0
------------------ Configuration ------------------  /home/bingxing2/home/scx6115/Ocean_AI_model/config/AFNO.yaml
paraai-n32-h-01-agent-33
0
------------------ Configuration ------------------  /home/bingxing2/home/scx6115/Ocean_AI_model/config/AFNO.yaml
log_to_wandb True
lr 0.0005
batch_size 32log_to_wandb
 max_epochsTrue 
500
schedulerlr log_to_wandbCosineAnnealingLR 
 Truein_channels
 0.0005
lr batch_size[0, 1, 2, 3, 4, 5, 6, 7, 8, 9, 10, 11, 12, 13, 14, 15, 16, 17, 18, 19, 20, 21, 22, 23, 24, 25, 26, 27, 28, 29] 
0.000532

batch_sizeout_channels  max_epochs32 
[0, 1, 2, 3, 4, 5, 6, 7, 8, 9, 10, 11, 12, 13, 14, 15, 16, 17, 18, 19, 20, 21, 22, 23, 24]500

max_epochsN_in_channels scheduler 500 
31CosineAnnealingLR
scheduler
 N_out_channelsCosineAnnealingLRin_channels 
 25in_channels
 img_size_h 720
[0, 1, 2, 3, 4, 5, 6, 7, 8, 9, 10, 11, 12, 13, 14, 15, 16, 17, 18, 19, 20, 21, 22, 23, 24, 25, 26, 27, 28, 29]img_size_w[0, 1, 2, 3, 4, 5, 6, 7, 8, 9, 10, 11, 12, 13, 14, 15, 16, 17, 18, 19, 20, 21, 22, 23, 24, 25, 26, 27, 28, 29]
 
1440
out_channelspatch_size_h out_channels  5
[0, 1, 2, 3, 4, 5, 6, 7, 8, 9, 10, 11, 12, 13, 14, 15, 16, 17, 18, 19, 20, 21, 22, 23, 24]
patch_size_w[0, 1, 2, 3, 4, 5, 6, 7, 8, 9, 10, 11, 12, 13, 14, 15, 16, 17, 18, 19, 20, 21, 22, 23, 24] N_in_channels5 

31
N_in_channelslossN_out_channels   l231
25
num_data_workers
 N_out_channelsimg_size_h0 
720 
dt25 img_size_w
 1
1440
img_size_hn_historypatch_size_h   05720


patch_size_wprediction_typeimg_size_w   iterative51440


lossprediction_length  l2patch_size_h
30 
num_data_workers5 
n_initial_conditions0 
5patch_size_w
dt  51ics_type

 default
n_historyloss save_raw_forecasts  0l2True


prediction_type num_data_workerssave_channeliterative  
0Falseprediction_length

 30dtmasked_acc
  1Falsen_initial_conditions

 5n_history
maskpath  ics_type0None 

default
perturbprediction_type save_raw_forecastsFalse
  Trueadd_griditerative
 
Falsesave_channel
 prediction_lengthFalseN_grid_channels 
 300
masked_acc
 Falsegridtype
 n_initial_conditionssinusoidalmaskpath 
 5Noneroll
 
False
ics_typeperturbnum_blocks   False8default


nettypeadd_grid  afnosave_raw_forecasts
False
 patch_sizeTrue N_grid_channels
8 
0save_channel
width  gridtypeFalse 56
sinusoidal

masked_accmodesroll   32FalseFalse


targetnum_blocksmaskpath   default8None


enable_nhwcnettypeperturb   afnoFalseFalse


patch_sizeoptimizer_typeadd_grid   8FusedAdamFalse


normalizewidthN_grid_channels  56True
 
modes0 normalization
 32
zscoregridtype
target  global_mins_pathsinusoidaldefault 

./sample_00/train/global_mins.npy
rollenable_nhwcglobal_maxs_path   False./sample_00/train/global_maxs.npyFalse


num_blocksglobal_means_pathoptimizer_type   8FusedAdam./sample_00/train/global_means.npy


normalize nettypeglobal_stds_pathTrue  
afno./sample_00/train/global_stds.npynormalization

 zscorepatch_size
train_data_path  8global_mins_path./sample_00/train
 
./sample_00/train/global_mins.npywidthvalid_data_path
  global_maxs_path56./sample_00/valid 
./sample_00/train/global_maxs.npy
test_data_path
 modesglobal_means_path./sample_00/test  
./sample_00/train/global_means.npy
32land_mask 
global_stds_pathTrue target
./sample_00/train/global_stds.npy 
land_mask_pathdefault 
./sample_00/land_mask.h5train_data_path
 enable_nhwc./sample_00/trainorography 
 FalseTruevalid_data_path
 
./sample_00/validoptimizer_type
orography_norm_zscore_path  test_data_pathFusedAdam./sample_00/orography_norm_zscore.h5 

./sample_00/test
normalizeorography_norm_maxmin_pathland_mask   True./sample_00/orography_norm_maxmin.h5True


exp_dirland_mask_path  normalization./exp./sample_00/land_mask.h5

 add_noiseorographyzscore  
FalseTrue

global_mins_pathorography_norm_zscore_pathnoise_std   ./sample_00/train/global_mins.npy0./sample_00/orography_norm_zscore.h5


global_maxs_pathcrop_size_x orography_norm_maxmin_path ./sample_00/train/global_maxs.npy None
./sample_00/orography_norm_maxmin.h5

global_means_pathexp_dircrop_size_y   ./sample_00/train/global_means.npyNone./exp


log_to_screenadd_noiseglobal_stds_path   TrueFalse./sample_00/train/global_stds.npy


noise_stdsave_checkpoint  train_data_path0True 

./sample_00/traincrop_size_xplot_animations
  FalseNonevalid_data_path

 crop_size_y./sample_00/valid 
None
test_data_pathlog_to_screen  ./sample_00/testTrue

land_masksave_checkpoint  TrueTrue

plot_animationsland_mask_path  False./sample_00/land_mask.h5

orography True
orography_norm_zscore_path ./sample_00/orography_norm_zscore.h5
orography_norm_maxmin_path ./sample_00/orography_norm_maxmin.h5
---------------------------------------------------exp_dir
 ./exp
add_noise False
noise_std 0world_size :
 crop_size_x16 
NoneInitialize distributed process group...

---------------------------------------------------crop_size_y
 None
log_to_screen True
save_checkpoint True
plot_animations Falseworld_size :
 16
Initialize distributed process group...
---------------------------------------------------
world_size : 16
Initialize distributed process group...
log_to_wandb True
lr 0.0005
batch_size 32
max_epochs 500
scheduler CosineAnnealingLR
in_channels [0, 1, 2, 3, 4, 5, 6, 7, 8, 9, 10, 11, 12, 13, 14, 15, 16, 17, 18, 19, 20, 21, 22, 23, 24, 25, 26, 27, 28, 29]
out_channels [0, 1, 2, 3, 4, 5, 6, 7, 8, 9, 10, 11, 12, 13, 14, 15, 16, 17, 18, 19, 20, 21, 22, 23, 24]
N_in_channels 31
N_out_channels 25
img_size_h 720
img_size_w 1440
patch_size_h 5
patch_size_w 5
loss l2
num_data_workers 0
dt 1
n_history 0
prediction_type iterative
prediction_length 30
n_initial_conditions 5
ics_type default
save_raw_forecasts True
save_channel False
masked_acc False
maskpath None
perturb False
add_grid False
N_grid_channels 0
gridtype sinusoidal
roll False
num_blocks 8
nettype afno
patch_size 8
width 56
modes 32
target default
enable_nhwc False
optimizer_type FusedAdam
normalize True
normalization zscore
global_mins_path ./sample_00/train/global_mins.npy
global_maxs_path ./sample_00/train/global_maxs.npy
global_means_path ./sample_00/train/global_means.npy
global_stds_path ./sample_00/train/global_stds.npy
train_data_path ./sample_00/train
valid_data_path ./sample_00/valid
test_data_path ./sample_00/test
land_mask True
land_mask_path ./sample_00/land_mask.h5
orography True
orography_norm_zscore_path ./sample_00/orography_norm_zscore.h5
orography_norm_maxmin_path ./sample_00/orography_norm_maxmin.h5
exp_dir ./exp
add_noise False
noise_std 0
crop_size_x None
crop_size_y None
log_to_screen True
save_checkpoint True
plot_animations False
---------------------------------------------------
world_size : 16
Initialize distributed process group...
2023-06-09 10:55:00,708 - torch.distributed.distributed_c10d - INFO - Added key: store_based_barrier_key:1 to store for rank: 11
2023-06-09 10:55:00,708 - torch.distributed.distributed_c10d - INFO - Added key: store_based_barrier_key:1 to store for rank: 8
2023-06-09 10:55:00,708 - torch.distributed.distributed_c10d - INFO - Added key: store_based_barrier_key:1 to store for rank: 9
2023-06-09 10:55:00,710 - torch.distributed.distributed_c10d - INFO - Added key: store_based_barrier_key:1 to store for rank: 10
2023-06-09 10:55:01,637 - torch.distributed.distributed_c10d - INFO - Rank 8: Completed store-based barrier for key:store_based_barrier_key:1 with 16 nodes.
2023-06-09 10:55:01,637 - torch.distributed.distributed_c10d - INFO - Rank 11: Completed store-based barrier for key:store_based_barrier_key:1 with 16 nodes.
2023-06-09 10:55:01,637 - torch.distributed.distributed_c10d - INFO - Rank 9: Completed store-based barrier for key:store_based_barrier_key:1 with 16 nodes.
2023-06-09 10:55:01,637 - torch.distributed.distributed_c10d - INFO - Rank 10: Completed store-based barrier for key:store_based_barrier_key:1 with 16 nodes.
2023-06-09 10:55:01,795 - root - INFO - device: cuda:3
2023-06-09 10:55:01,795 - root - INFO - device: cuda:2
2023-06-09 10:55:01,795 - root - INFO - rank 11, begin data loader init
2023-06-09 10:55:01,795 - root - INFO - device: cuda:1
2023-06-09 10:55:01,795 - root - INFO - device: cuda:0
2023-06-09 10:55:01,795 - root - INFO - rank 10, begin data loader init
2023-06-09 10:55:01,795 - root - INFO - rank 8, begin data loader init
2023-06-09 10:55:01,795 - root - INFO - rank 9, begin data loader init
2023-06-09 10:55:01,799 - root - INFO - Getting file stats from ./sample_00/train/2000.h5
2023-06-09 10:55:01,799 - root - INFO - Getting file stats from ./sample_00/train/2000.h5
2023-06-09 10:55:01,800 - root - INFO - Getting file stats from ./sample_00/train/2000.h5
2023-06-09 10:55:01,800 - root - INFO - Getting file stats from ./sample_00/train/2000.h5
2023-06-09 10:55:01,800 - root - INFO - Number of samples per year: 365
2023-06-09 10:55:01,800 - root - INFO - Found data at path ./sample_00/train. Number of examples: 4015. Image Shape: 720 x 1440 x 30
2023-06-09 10:55:01,800 - root - INFO - Delta t: 1 days
2023-06-09 10:55:01,800 - root - INFO - Including 0 days of past history in training at a frequency of 1 days
2023-06-09 10:55:01,801 - root - INFO - Number of samples per year: 365
2023-06-09 10:55:01,801 - root - INFO - Found data at path ./sample_00/train. Number of examples: 4015. Image Shape: 720 x 1440 x 30
2023-06-09 10:55:01,801 - root - INFO - Delta t: 1 days
2023-06-09 10:55:01,801 - root - INFO - Number of samples per year: 365
2023-06-09 10:55:01,801 - root - INFO - Including 0 days of past history in training at a frequency of 1 days
2023-06-09 10:55:01,801 - root - INFO - Found data at path ./sample_00/train. Number of examples: 4015. Image Shape: 720 x 1440 x 30
2023-06-09 10:55:01,801 - root - INFO - Delta t: 1 days
2023-06-09 10:55:01,801 - root - INFO - Including 0 days of past history in training at a frequency of 1 days
2023-06-09 10:55:01,801 - root - INFO - Number of samples per year: 365
2023-06-09 10:55:01,801 - root - INFO - Found data at path ./sample_00/train. Number of examples: 4015. Image Shape: 720 x 1440 x 30
2023-06-09 10:55:01,801 - root - INFO - Delta t: 1 days
2023-06-09 10:55:01,801 - root - INFO - Including 0 days of past history in training at a frequency of 1 days
2023-06-09 10:55:01,803 - root - INFO - Getting file stats from ./sample_00/valid/2011.h5
2023-06-09 10:55:01,804 - root - INFO - Getting file stats from ./sample_00/valid/2011.h5
2023-06-09 10:55:01,804 - root - INFO - Getting file stats from ./sample_00/valid/2011.h5
2023-06-09 10:55:01,804 - root - INFO - Getting file stats from ./sample_00/valid/2011.h5
2023-06-09 10:55:01,804 - root - INFO - Number of samples per year: 364
2023-06-09 10:55:01,804 - root - INFO - Found data at path ./sample_00/valid. Number of examples: 364. Image Shape: 720 x 1440 x 30
2023-06-09 10:55:01,804 - root - INFO - Delta t: 1 days
2023-06-09 10:55:01,804 - root - INFO - Including 0 days of past history in training at a frequency of 1 days
2023-06-09 10:55:01,805 - root - INFO - rank 11, data loader initialized
2023-06-09 10:55:01,805 - root - INFO - Number of samples per year: 364
2023-06-09 10:55:01,805 - root - INFO - Found data at path ./sample_00/valid. Number of examples: 364. Image Shape: 720 x 1440 x 30
2023-06-09 10:55:01,805 - root - INFO - Delta t: 1 days
2023-06-09 10:55:01,805 - root - INFO - Including 0 days of past history in training at a frequency of 1 days
2023-06-09 10:55:01,805 - root - INFO - Number of samples per year: 364
2023-06-09 10:55:01,805 - root - INFO - Found data at path ./sample_00/valid. Number of examples: 364. Image Shape: 720 x 1440 x 30
2023-06-09 10:55:01,805 - root - INFO - rank 9, data loader initialized
2023-06-09 10:55:01,805 - root - INFO - Delta t: 1 days
2023-06-09 10:55:01,805 - root - INFO - Including 0 days of past history in training at a frequency of 1 days
2023-06-09 10:55:01,805 - root - INFO - rank 10, data loader initialized
2023-06-09 10:55:01,805 - root - INFO - Number of samples per year: 364
2023-06-09 10:55:01,805 - root - INFO - Found data at path ./sample_00/valid. Number of examples: 364. Image Shape: 720 x 1440 x 30
2023-06-09 10:55:01,805 - root - INFO - Delta t: 1 days
2023-06-09 10:55:01,805 - root - INFO - Including 0 days of past history in training at a frequency of 1 days
2023-06-09 10:55:01,806 - root - INFO - rank 8, data loader initialized
Traceback (most recent call last):
  File "/home/bingxing2/home/scx6115/Ocean_AI_model/train_025_bingxing.py", line 479, in <module>
Traceback (most recent call last):
  File "/home/bingxing2/home/scx6115/Ocean_AI_model/train_025_bingxing.py", line 479, in <module>
    trainer = Trainer(params, world_rank)
  File "/home/bingxing2/home/scx6115/Ocean_AI_model/train_025_bingxing.py", line 100, in __init__
Traceback (most recent call last):
  File "/home/bingxing2/home/scx6115/Ocean_AI_model/train_025_bingxing.py", line 479, in <module>
    self.model = DistributedDataParallel(self.model,
  File "/home/bingxing2/home/scx6115/.conda/envs/torch2.0/lib/python3.10/site-packages/torch/nn/parallel/distributed.py", line 674, in __init__
Traceback (most recent call last):
    trainer = Trainer(params, world_rank)
  File "/home/bingxing2/home/scx6115/Ocean_AI_model/train_025_bingxing.py", line 479, in <module>
  File "/home/bingxing2/home/scx6115/Ocean_AI_model/train_025_bingxing.py", line 100, in __init__
    trainer = Trainer(params, world_rank)
  File "/home/bingxing2/home/scx6115/Ocean_AI_model/train_025_bingxing.py", line 100, in __init__
    self.model = DistributedDataParallel(self.model,
  File "/home/bingxing2/home/scx6115/.conda/envs/torch2.0/lib/python3.10/site-packages/torch/nn/parallel/distributed.py", line 674, in __init__
    self.model = DistributedDataParallel(self.model,
  File "/home/bingxing2/home/scx6115/.conda/envs/torch2.0/lib/python3.10/site-packages/torch/nn/parallel/distributed.py", line 674, in __init__
    trainer = Trainer(params, world_rank)
  File "/home/bingxing2/home/scx6115/Ocean_AI_model/train_025_bingxing.py", line 100, in __init__
    self.model = DistributedDataParallel(self.model,
  File "/home/bingxing2/home/scx6115/.conda/envs/torch2.0/lib/python3.10/site-packages/torch/nn/parallel/distributed.py", line 674, in __init__
                _verify_param_shape_across_processes(self.process_group, parameters)_verify_param_shape_across_processes(self.process_group, parameters)_verify_param_shape_across_processes(self.process_group, parameters)_verify_param_shape_across_processes(self.process_group, parameters)



  File "/home/bingxing2/home/scx6115/.conda/envs/torch2.0/lib/python3.10/site-packages/torch/distributed/utils.py", line 118, in _verify_param_shape_across_processes
  File "/home/bingxing2/home/scx6115/.conda/envs/torch2.0/lib/python3.10/site-packages/torch/distributed/utils.py", line 118, in _verify_param_shape_across_processes
  File "/home/bingxing2/home/scx6115/.conda/envs/torch2.0/lib/python3.10/site-packages/torch/distributed/utils.py", line 118, in _verify_param_shape_across_processes
  File "/home/bingxing2/home/scx6115/.conda/envs/torch2.0/lib/python3.10/site-packages/torch/distributed/utils.py", line 118, in _verify_param_shape_across_processes
    return dist._verify_params_across_processes(process_group, tensors, logger)
    return dist._verify_params_across_processes(process_group, tensors, logger)
    RuntimeError    RuntimeErrorreturn dist._verify_params_across_processes(process_group, tensors, logger)return dist._verify_params_across_processes(process_group, tensors, logger): : 

[10] is setting up NCCL communicator and retrieving ncclUniqueId from [0] via c10d key-value store by key '0', but store->get('0') got error: Connection reset by peer. This may indicate a possible application crash on rank 0 or a network set up issue.[8] is setting up NCCL communicator and retrieving ncclUniqueId from [0] via c10d key-value store by key '0', but store->get('0') got error: Connection reset by peer. This may indicate a possible application crash on rank 0 or a network set up issue.

RuntimeErrorRuntimeError: : [11] is setting up NCCL communicator and retrieving ncclUniqueId from [0] via c10d key-value store by key '0', but store->get('0') got error: Connection reset by peer. This may indicate a possible application crash on rank 0 or a network set up issue.
[9] is setting up NCCL communicator and retrieving ncclUniqueId from [0] via c10d key-value store by key '0', but store->get('0') got error: Connection reset by peer. This may indicate a possible application crash on rank 0 or a network set up issue.
WARNING:torch.distributed.elastic.multiprocessing.api:Sending process 2209468 closing signal SIGTERM
WARNING:torch.distributed.elastic.multiprocessing.api:Sending process 2209469 closing signal SIGTERM
WARNING:torch.distributed.elastic.multiprocessing.api:Sending process 2209470 closing signal SIGTERM
ERROR:torch.distributed.elastic.multiprocessing.api:failed (exitcode: 1) local_rank: 3 (pid: 2209471) of binary: /home/bingxing2/home/scx6115/.conda/envs/torch2.0/bin/python
Traceback (most recent call last):
  File "/home/bingxing2/home/scx6115/.conda/envs/torch2.0/bin/torchrun", line 8, in <module>
    sys.exit(main())
  File "/home/bingxing2/home/scx6115/.conda/envs/torch2.0/lib/python3.10/site-packages/torch/distributed/elastic/multiprocessing/errors/__init__.py", line 346, in wrapper
    return f(*args, **kwargs)
  File "/home/bingxing2/home/scx6115/.conda/envs/torch2.0/lib/python3.10/site-packages/torch/distributed/run.py", line 794, in main
    run(args)
  File "/home/bingxing2/home/scx6115/.conda/envs/torch2.0/lib/python3.10/site-packages/torch/distributed/run.py", line 785, in run
    elastic_launch(
  File "/home/bingxing2/home/scx6115/.conda/envs/torch2.0/lib/python3.10/site-packages/torch/distributed/launcher/api.py", line 134, in __call__
    return launch_agent(self._config, self._entrypoint, list(args))
  File "/home/bingxing2/home/scx6115/.conda/envs/torch2.0/lib/python3.10/site-packages/torch/distributed/launcher/api.py", line 250, in launch_agent
    raise ChildFailedError(
torch.distributed.elastic.multiprocessing.errors.ChildFailedError: 
============================================================
train_025_bingxing.py FAILED
------------------------------------------------------------
Failures:
  <NO_OTHER_FAILURES>
------------------------------------------------------------
Root Cause (first observed failure):
[0]:
  time      : 2023-06-09_10:55:24
  host      : paraai-n32-h-01-agent-33.paraai-n32-h-01.com
  rank      : 11 (local_rank: 3)
  exitcode  : 1 (pid: 2209471)
  error_file: <N/A>
  traceback : To enable traceback see: https://pytorch.org/docs/stable/elastic/errors.html
============================================================
srun: error: paraai-n32-h-01-agent-33: task 0: Exited with exit code 1
