master_addr is only used for static rdzv_backend and when rdzv_endpoint is not specified.
WARNING:torch.distributed.run:
*****************************************
Setting OMP_NUM_THREADS environment variable for each process to be 1 in default, to avoid your system being overloaded, please further tune the variable for optimal performance in your application as needed. 
*****************************************
paraai-n32-h-01-agent-5
paraai-n32-h-01-agent-5
0
0------------------ Configuration ------------------ 
 ------------------ Configuration ------------------ /home/bingxing2/home/scx6115/Ocean_AI_model/config/Model_2.yaml 
/home/bingxing2/home/scx6115/Ocean_AI_model/config/Model_2.yaml
paraai-n32-h-01-agent-5
0
------------------ Configuration ------------------  /home/bingxing2/home/scx6115/Ocean_AI_model/config/Model_2.yaml
paraai-n32-h-01-agent-5
0
------------------ Configuration ------------------  /home/bingxing2/home/scx6115/Ocean_AI_model/config/Model_2.yaml
nettype Masked_AE_Ocean
log_to_wandb True
lr 0.001
batch_size 32
max_epochs 150
scheduler CosineAnnealingLR
fusion_3d_2d False
in_channels [0, 1, 2, 3, 4, 5, 6, 7, 8, 9, 10, 11, 12, 13, 14, 15, 16, 17, 18, 19, 20, 21, 22, 23, 24, 25, 26, 27, 28, 29, 30, 31, 32, 33, 34, 35, 36, 37, 38, 39, 40, 41, 42, 43, 44, 45, 46, 47, 48, 49, 50, 51, 52, 53, 54, 55, 56, 57, 58, 59, 60, 61, 62, 63, 64, 65]
out_channels [0, 1, 2, 3, 4, 5, 6, 7, 8, 9, 10, 11, 12, 13, 14, 15, 16, 17, 18, 19, 20, 21, 22, 23, 24, 25, 26, 27, 28, 29, 30, 31, 32, 33, 34, 35, 36, 37, 38, 39, 40, 41, 42, 43, 44, 45, 46, 47, 48, 49, 50, 51, 52, 53, 54, 55, 56, 57, 58, 59, 60]
N_in_channels 66
N_out_channels 61
nettypeimg_size_h  Masked_AE_Ocean720

log_to_wandbimg_size_w  True1440

lrpatch_size_h  0.0018

batch_sizepatch_size_w  328

max_epochsmlp_ratio  1504.0

schedulerembed_dim  CosineAnnealingLR512

fusion_3d_2ddepth  False16

in_channelsnum_heads  [0, 1, 2, 3, 4, 5, 6, 7, 8, 9, 10, 11, 12, 13, 14, 15, 16, 17, 18, 19, 20, 21, 22, 23, 24, 25, 26, 27, 28, 29, 30, 31, 32, 33, 34, 35, 36, 37, 38, 39, 40, 41, 42, 43, 44, 45, 46, 47, 48, 49, 50, 51, 52, 53, 54, 55, 56, 57, 58, 59, 60, 61, 62, 63, 64, 65]16

out_channelsdecoder_embed_dim  [0, 1, 2, 3, 4, 5, 6, 7, 8, 9, 10, 11, 12, 13, 14, 15, 16, 17, 18, 19, 20, 21, 22, 23, 24, 25, 26, 27, 28, 29, 30, 31, 32, 33, 34, 35, 36, 37, 38, 39, 40, 41, 42, 43, 44, 45, 46, 47, 48, 49, 50, 51, 52, 53, 54, 55, 56, 57, 58, 59, 60]1024

N_in_channelsdecoder_depth  668

N_out_channelsdecoder_num_heads  6116

img_size_hkoopman_depth  7202

img_size_wmodes_h_ratio  14401

patch_size_hmodes_w_ratio  80.8

patch_size_wdrop_rate  80.0

mlp_ratiodrop_path_rate  4.00.0

embed_dimsparsity_threshold  5120.01

depthhard_thresholding_fraction  161.0

num_headsnum_blocks  168

decoder_embed_dimloss  1024l2

decoder_depthnum_data_workers  80

decoder_num_headsdt  161

koopman_depthn_history  20

modes_h_ratioprediction_type  1iterative

modes_w_ratioprediction_length  0.841

drop_raten_initial_conditions  0.05

drop_path_rateics_type  0.0default

sparsity_thresholddate_strings  0.01['2018-09-14 00:00:00']

hard_thresholding_fractionsave_raw_forecasts  1.0True

num_blockssave_channel  8False

lossmasked_acc  l2False

num_data_workersmaskpath  0None

dtperturb  1False

n_historyadd_grid  0False

prediction_typeN_grid_channels  iterative0

prediction_lengthgridtype  41sinusoidal

n_initial_conditionsroll  5False
nettype
ics_type enable_nhwc Masked_AE_Ocean default
False
log_to_wandb
date_strings optimizer_type True ['2018-09-14 00:00:00']
FusedAdam
lr
save_raw_forecasts exp_dir 0.001 True
./exp
batch_size
save_channel patch_size 32 False
8
max_epochs
masked_acc width 150 False
56
scheduler
maskpath modes CosineAnnealingLR None
32
fusion_3d_2d
perturb target False False
default
in_channels
add_grid train_data_path [0, 1, 2, 3, 4, 5, 6, 7, 8, 9, 10, 11, 12, 13, 14, 15, 16, 17, 18, 19, 20, 21, 22, 23, 24, 25, 26, 27, 28, 29, 30, 31, 32, 33, 34, 35, 36, 37, 38, 39, 40, 41, 42, 43, 44, 45, 46, 47, 48, 49, 50, 51, 52, 53, 54, 55, 56, 57, 58, 59, 60, 61, 62, 63, 64, 65] False
/home/bingxing2/home/scx6115/Ocean_AI_model/sample_01/train
out_channels
N_grid_channels valid_data_path [0, 1, 2, 3, 4, 5, 6, 7, 8, 9, 10, 11, 12, 13, 14, 15, 16, 17, 18, 19, 20, 21, 22, 23, 24, 25, 26, 27, 28, 29, 30, 31, 32, 33, 34, 35, 36, 37, 38, 39, 40, 41, 42, 43, 44, 45, 46, 47, 48, 49, 50, 51, 52, 53, 54, 55, 56, 57, 58, 59, 60] 0
/home/bingxing2/home/scx6115/Ocean_AI_model/sample_01/valid
N_in_channels
gridtype test_data_path 66 sinusoidal
/home/bingxing2/home/scx6115/Ocean_AI_model/sample_01/test
N_out_channels
roll land_mask 61 False
True
img_size_h
enable_nhwc land_mask_path 720 False
/home/bingxing2/home/scx6115/Ocean_AI_model/sample_01/land_mask.h5
img_size_w
optimizer_type normalize 1440 FusedAdam
True
patch_size_h
exp_dir normalization 8 ./exp
zscore
patch_size_w
patch_size global_mins_path 8 8
/home/bingxing2/home/scx6115/Ocean_AI_model/sample_01/train/global_mins.npy
mlp_ratio
width global_maxs_path 4.0 56
/home/bingxing2/home/scx6115/Ocean_AI_model/sample_01/train/global_maxs.npy
embed_dim
modes global_means_path 512 32
/home/bingxing2/home/scx6115/Ocean_AI_model/sample_01/train/global_means.npy
depth
target global_stds_path 16 default
/home/bingxing2/home/scx6115/Ocean_AI_model/sample_01/train/global_stds.npy
num_heads
train_data_path orography 16 /home/bingxing2/home/scx6115/Ocean_AI_model/sample_01/train
True
decoder_embed_dim
valid_data_path orography_norm_zscore_path 1024 /home/bingxing2/home/scx6115/Ocean_AI_model/sample_01/valid
/home/bingxing2/home/scx6115/Ocean_AI_model/sample_01/orography_norm_zscore.h5
decoder_depth
test_data_path orography_norm_maxmin_path 8 /home/bingxing2/home/scx6115/Ocean_AI_model/sample_01/test
nettype/home/bingxing2/home/scx6115/Ocean_AI_model/sample_01/orography_norm_maxmin.h5
decoder_num_heads 
land_mask Masked_AE_Oceanadd_noise 16
 True
log_to_wandbFalse
koopman_depth 
land_mask_path Truenoise_std 2
 /home/bingxing2/home/scx6115/Ocean_AI_model/sample_01/land_mask.h5
lr0
modes_h_ratio 
normalize 0.001crop_size_x 1
 True
batch_sizeNone
modes_w_ratio 
normalization 32crop_size_y 0.8
 zscore
max_epochsNone
drop_rate 
global_mins_path 150
log_to_screenscheduler  0.0 /home/bingxing2/home/scx6115/Ocean_AI_model/sample_01/train/global_mins.npyTrue
CosineAnnealingLR

drop_path_rate
global_maxs_pathsave_checkpoint fusion_3d_2d  0.0 /home/bingxing2/home/scx6115/Ocean_AI_model/sample_01/train/global_maxs.npyTrue
False

sparsity_threshold
global_means_pathplot_animations in_channels  0.01 /home/bingxing2/home/scx6115/Ocean_AI_model/sample_01/train/global_means.npyFalse
[0, 1, 2, 3, 4, 5, 6, 7, 8, 9, 10, 11, 12, 13, 14, 15, 16, 17, 18, 19, 20, 21, 22, 23, 24, 25, 26, 27, 28, 29, 30, 31, 32, 33, 34, 35, 36, 37, 38, 39, 40, 41, 42, 43, 44, 45, 46, 47, 48, 49, 50, 51, 52, 53, 54, 55, 56, 57, 58, 59, 60, 61, 62, 63, 64, 65]

hard_thresholding_fraction
global_stds_path out_channels ---------------------------------------------------1.0 /home/bingxing2/home/scx6115/Ocean_AI_model/sample_01/train/global_stds.npy

[0, 1, 2, 3, 4, 5, 6, 7, 8, 9, 10, 11, 12, 13, 14, 15, 16, 17, 18, 19, 20, 21, 22, 23, 24, 25, 26, 27, 28, 29, 30, 31, 32, 33, 34, 35, 36, 37, 38, 39, 40, 41, 42, 43, 44, 45, 46, 47, 48, 49, 50, 51, 52, 53, 54, 55, 56, 57, 58, 59, 60]
world_size :num_blocks
orography  N_in_channels 168 True

66
Initialize distributed process group...loss
orography_norm_zscore_path
 N_out_channels l2 /home/bingxing2/home/scx6115/Ocean_AI_model/sample_01/orography_norm_zscore.h5
61
num_data_workers
orography_norm_maxmin_path img_size_h 0 /home/bingxing2/home/scx6115/Ocean_AI_model/sample_01/orography_norm_maxmin.h5
720
dt
add_noise img_size_w 1 False
1440
n_history
noise_std patch_size_h 0 0
8
prediction_type
crop_size_x patch_size_w iterative None
8
prediction_length
crop_size_y mlp_ratio 41 None
4.0
n_initial_conditions
log_to_screen embed_dim 5 True
512
ics_type
save_checkpoint depth default True
16
date_strings
plot_animations num_heads ['2018-09-14 00:00:00'] False
16
save_raw_forecasts
 decoder_embed_dimTrue 
1024---------------------------------------------------save_channel

 decoder_depthFalseworld_size : 
 8masked_acc16
 
decoder_num_headsFalseInitialize distributed process group... 

16maskpath
 koopman_depthNone 
2perturb
 modes_h_ratioFalse 
1add_grid
 modes_w_ratioFalse 
0.8N_grid_channels
 drop_rate0 
0.0gridtype
 drop_path_ratesinusoidal 
0.0roll
 sparsity_thresholdFalse 
0.01enable_nhwc
 hard_thresholding_fractionFalse 
1.0optimizer_type
 num_blocksFusedAdam 
8exp_dir
 loss./exp 
l2patch_size
 num_data_workers8 
0width
 dt56 
1modes
 n_history32 
0target
 prediction_typedefault 
iterativetrain_data_path
 prediction_length/home/bingxing2/home/scx6115/Ocean_AI_model/sample_01/train 
41valid_data_path
 n_initial_conditions/home/bingxing2/home/scx6115/Ocean_AI_model/sample_01/valid 
5test_data_path
 ics_type/home/bingxing2/home/scx6115/Ocean_AI_model/sample_01/test 
defaultland_mask
 date_stringsTrue 
['2018-09-14 00:00:00']land_mask_path
 save_raw_forecasts/home/bingxing2/home/scx6115/Ocean_AI_model/sample_01/land_mask.h5 
Truenormalize
 save_channelTrue 
Falsenormalization
 masked_acczscore 
Falseglobal_mins_path
 maskpath/home/bingxing2/home/scx6115/Ocean_AI_model/sample_01/train/global_mins.npy 
Noneglobal_maxs_path
 perturb/home/bingxing2/home/scx6115/Ocean_AI_model/sample_01/train/global_maxs.npy 
Falseglobal_means_path
 add_grid/home/bingxing2/home/scx6115/Ocean_AI_model/sample_01/train/global_means.npy 
Falseglobal_stds_path
 N_grid_channels/home/bingxing2/home/scx6115/Ocean_AI_model/sample_01/train/global_stds.npy 
0orography
 gridtypeTrue 
sinusoidalorography_norm_zscore_path
 roll/home/bingxing2/home/scx6115/Ocean_AI_model/sample_01/orography_norm_zscore.h5 
Falseorography_norm_maxmin_path
 enable_nhwc/home/bingxing2/home/scx6115/Ocean_AI_model/sample_01/orography_norm_maxmin.h5 
Falseadd_noise
 optimizer_typeFalse 
FusedAdamnoise_std
 exp_dir0 
./expcrop_size_x
 patch_sizeNone 
8crop_size_y
 widthNone 
56log_to_screen
 modesTrue 
32save_checkpoint
 targetTrue 
defaultplot_animations
 train_data_pathFalse 
/home/bingxing2/home/scx6115/Ocean_AI_model/sample_01/train
valid_data_path /home/bingxing2/home/scx6115/Ocean_AI_model/sample_01/valid
test_data_path /home/bingxing2/home/scx6115/Ocean_AI_model/sample_01/test
---------------------------------------------------land_mask
 True
land_mask_pathworld_size :  /home/bingxing2/home/scx6115/Ocean_AI_model/sample_01/land_mask.h516

normalizeInitialize distributed process group... 
True
normalization zscore
global_mins_path /home/bingxing2/home/scx6115/Ocean_AI_model/sample_01/train/global_mins.npy
global_maxs_path /home/bingxing2/home/scx6115/Ocean_AI_model/sample_01/train/global_maxs.npy
global_means_path /home/bingxing2/home/scx6115/Ocean_AI_model/sample_01/train/global_means.npy
global_stds_path /home/bingxing2/home/scx6115/Ocean_AI_model/sample_01/train/global_stds.npy
orography True
orography_norm_zscore_path /home/bingxing2/home/scx6115/Ocean_AI_model/sample_01/orography_norm_zscore.h5
orography_norm_maxmin_path /home/bingxing2/home/scx6115/Ocean_AI_model/sample_01/orography_norm_maxmin.h5
add_noise False
noise_std 0
crop_size_x None
crop_size_y None
log_to_screen True
save_checkpoint True
plot_animations False
---------------------------------------------------
world_size : 16
Initialize distributed process group...
2023-06-27 17:20:59,843 - torch.distributed.distributed_c10d - INFO - Added key: store_based_barrier_key:1 to store for rank: 12
2023-06-27 17:20:59,843 - torch.distributed.distributed_c10d - INFO - Added key: store_based_barrier_key:1 to store for rank: 15
2023-06-27 17:20:59,845 - torch.distributed.distributed_c10d - INFO - Added key: store_based_barrier_key:1 to store for rank: 13
2023-06-27 17:20:59,846 - torch.distributed.distributed_c10d - INFO - Added key: store_based_barrier_key:1 to store for rank: 14
2023-06-27 17:20:59,853 - torch.distributed.distributed_c10d - INFO - Rank 12: Completed store-based barrier for key:store_based_barrier_key:1 with 16 nodes.
2023-06-27 17:20:59,853 - torch.distributed.distributed_c10d - INFO - Rank 15: Completed store-based barrier for key:store_based_barrier_key:1 with 16 nodes.
2023-06-27 17:20:59,856 - torch.distributed.distributed_c10d - INFO - Rank 13: Completed store-based barrier for key:store_based_barrier_key:1 with 16 nodes.
2023-06-27 17:20:59,856 - torch.distributed.distributed_c10d - INFO - Rank 14: Completed store-based barrier for key:store_based_barrier_key:1 with 16 nodes.
2023-06-27 17:20:59,951 - root - INFO - device: cuda:1
2023-06-27 17:20:59,951 - root - INFO - rank 13, begin data loader init
2023-06-27 17:20:59,955 - root - INFO - device: cuda:0
2023-06-27 17:20:59,955 - root - INFO - rank 12, begin data loader init
2023-06-27 17:20:59,956 - root - INFO - Getting file stats from /home/bingxing2/home/scx6115/Ocean_AI_model/sample_01/train/2000.h5
2023-06-27 17:20:59,957 - root - INFO - Getting file stats from /home/bingxing2/home/scx6115/Ocean_AI_model/sample_01/train/2000.h5
2023-06-27 17:20:59,958 - root - INFO - Number of samples per year: 365
2023-06-27 17:20:59,958 - root - INFO - Found data at path /home/bingxing2/home/scx6115/Ocean_AI_model/sample_01/train. Number of examples: 4015. Image Shape: 720 x 1440 x 66
2023-06-27 17:20:59,958 - root - INFO - Delta t: 1 days
2023-06-27 17:20:59,958 - root - INFO - Including 0 days of past history in training at a frequency of 1 days
2023-06-27 17:20:59,958 - root - INFO - Number of samples per year: 365
2023-06-27 17:20:59,958 - root - INFO - Found data at path /home/bingxing2/home/scx6115/Ocean_AI_model/sample_01/train. Number of examples: 4015. Image Shape: 720 x 1440 x 66
2023-06-27 17:20:59,958 - root - INFO - Delta t: 1 days
2023-06-27 17:20:59,958 - root - INFO - Including 0 days of past history in training at a frequency of 1 days
2023-06-27 17:20:59,962 - root - INFO - Getting file stats from /home/bingxing2/home/scx6115/Ocean_AI_model/sample_01/valid/2011.h5
2023-06-27 17:20:59,962 - root - INFO - Getting file stats from /home/bingxing2/home/scx6115/Ocean_AI_model/sample_01/valid/2011.h5
2023-06-27 17:20:59,963 - root - INFO - Number of samples per year: 364
2023-06-27 17:20:59,963 - root - INFO - Number of samples per year: 364
2023-06-27 17:20:59,963 - root - INFO - Found data at path /home/bingxing2/home/scx6115/Ocean_AI_model/sample_01/valid. Number of examples: 364. Image Shape: 720 x 1440 x 66
2023-06-27 17:20:59,963 - root - INFO - Found data at path /home/bingxing2/home/scx6115/Ocean_AI_model/sample_01/valid. Number of examples: 364. Image Shape: 720 x 1440 x 66
2023-06-27 17:20:59,963 - root - INFO - Delta t: 1 days
2023-06-27 17:20:59,963 - root - INFO - Delta t: 1 days
2023-06-27 17:20:59,963 - root - INFO - Including 0 days of past history in training at a frequency of 1 days
2023-06-27 17:20:59,963 - root - INFO - Including 0 days of past history in training at a frequency of 1 days
2023-06-27 17:20:59,964 - root - INFO - rank 13, data loader initialized
2023-06-27 17:20:59,964 - root - INFO - rank 12, data loader initialized
2023-06-27 17:20:59,964 - root - INFO - device: cuda:3
2023-06-27 17:20:59,964 - root - INFO - rank 15, begin data loader init
2023-06-27 17:20:59,964 - root - INFO - device: cuda:2
2023-06-27 17:20:59,964 - root - INFO - rank 14, begin data loader init
2023-06-27 17:20:59,966 - root - INFO - Getting file stats from /home/bingxing2/home/scx6115/Ocean_AI_model/sample_01/train/2000.h5
2023-06-27 17:20:59,966 - root - INFO - Getting file stats from /home/bingxing2/home/scx6115/Ocean_AI_model/sample_01/train/2000.h5
2023-06-27 17:20:59,967 - root - INFO - Number of samples per year: 365
2023-06-27 17:20:59,967 - root - INFO - Found data at path /home/bingxing2/home/scx6115/Ocean_AI_model/sample_01/train. Number of examples: 4015. Image Shape: 720 x 1440 x 66
2023-06-27 17:20:59,967 - root - INFO - Delta t: 1 days
2023-06-27 17:20:59,967 - root - INFO - Including 0 days of past history in training at a frequency of 1 days
2023-06-27 17:20:59,967 - root - INFO - Number of samples per year: 365
2023-06-27 17:20:59,968 - root - INFO - Found data at path /home/bingxing2/home/scx6115/Ocean_AI_model/sample_01/train. Number of examples: 4015. Image Shape: 720 x 1440 x 66
2023-06-27 17:20:59,968 - root - INFO - Delta t: 1 days
2023-06-27 17:20:59,968 - root - INFO - Including 0 days of past history in training at a frequency of 1 days
2023-06-27 17:20:59,969 - root - INFO - Getting file stats from /home/bingxing2/home/scx6115/Ocean_AI_model/sample_01/valid/2011.h5
2023-06-27 17:20:59,969 - root - INFO - Getting file stats from /home/bingxing2/home/scx6115/Ocean_AI_model/sample_01/valid/2011.h5
2023-06-27 17:20:59,970 - root - INFO - Number of samples per year: 364
2023-06-27 17:20:59,970 - root - INFO - Found data at path /home/bingxing2/home/scx6115/Ocean_AI_model/sample_01/valid. Number of examples: 364. Image Shape: 720 x 1440 x 66
2023-06-27 17:20:59,970 - root - INFO - Delta t: 1 days
2023-06-27 17:20:59,970 - root - INFO - Including 0 days of past history in training at a frequency of 1 days
2023-06-27 17:20:59,970 - root - INFO - rank 15, data loader initialized
2023-06-27 17:20:59,970 - root - INFO - Number of samples per year: 364
2023-06-27 17:20:59,970 - root - INFO - Found data at path /home/bingxing2/home/scx6115/Ocean_AI_model/sample_01/valid. Number of examples: 364. Image Shape: 720 x 1440 x 66
2023-06-27 17:20:59,970 - root - INFO - Delta t: 1 days
2023-06-27 17:20:59,971 - root - INFO - Including 0 days of past history in training at a frequency of 1 days
2023-06-27 17:20:59,971 - root - INFO - rank 14, data loader initialized
paraai-n32-h-01-agent-5:4119640:4119640 [3] NCCL INFO cudaDriverVersion 11060
paraai-n32-h-01-agent-5:4119639:4119639 [2] NCCL INFO cudaDriverVersion 11060
paraai-n32-h-01-agent-5:4119637:4119637 [0] NCCL INFO cudaDriverVersion 11060
paraai-n32-h-01-agent-5:4119638:4119638 [1] NCCL INFO cudaDriverVersion 11060
paraai-n32-h-01-agent-5:4119640:4119640 [3] NCCL INFO Bootstrap : Using eth0:172.16.4.217<0>
paraai-n32-h-01-agent-5:4119639:4119639 [2] NCCL INFO Bootstrap : Using eth0:172.16.4.217<0>
paraai-n32-h-01-agent-5:4119637:4119637 [0] NCCL INFO Bootstrap : Using eth0:172.16.4.217<0>
paraai-n32-h-01-agent-5:4119638:4119638 [1] NCCL INFO Bootstrap : Using eth0:172.16.4.217<0>
paraai-n32-h-01-agent-5:4119640:4119640 [3] NCCL INFO NET/Plugin : No plugin found (libnccl-net.so), using internal implementation
paraai-n32-h-01-agent-5:4119637:4119637 [0] NCCL INFO NET/Plugin : No plugin found (libnccl-net.so), using internal implementation
paraai-n32-h-01-agent-5:4119639:4119639 [2] NCCL INFO NET/Plugin : No plugin found (libnccl-net.so), using internal implementation
paraai-n32-h-01-agent-5:4119638:4119638 [1] NCCL INFO NET/Plugin : No plugin found (libnccl-net.so), using internal implementation
paraai-n32-h-01-agent-5:4119637:4122041 [0] NCCL INFO NCCL_IB_DISABLE set by environment to 0.
paraai-n32-h-01-agent-5:4119640:4122042 [3] NCCL INFO NCCL_IB_DISABLE set by environment to 0.
paraai-n32-h-01-agent-5:4119639:4122043 [2] NCCL INFO NCCL_IB_DISABLE set by environment to 0.
paraai-n32-h-01-agent-5:4119638:4122044 [1] NCCL INFO NCCL_IB_DISABLE set by environment to 0.
paraai-n32-h-01-agent-5:4119639:4122043 [2] NCCL INFO NET/IB : Using [0]mlx5_0:1/RoCE [1]mlx5_1:1/RoCE [2]mlx5_2:1/RoCE [3]mlx5_3:1/RoCE [RO]; OOB eth0:172.16.4.217<0>
paraai-n32-h-01-agent-5:4119639:4122043 [2] NCCL INFO Using network IB
paraai-n32-h-01-agent-5:4119640:4122042 [3] NCCL INFO NET/IB : Using [0]mlx5_0:1/RoCE [1]mlx5_1:1/RoCE [2]mlx5_2:1/RoCE [3]mlx5_3:1/RoCE [RO]; OOB eth0:172.16.4.217<0>
paraai-n32-h-01-agent-5:4119637:4122041 [0] NCCL INFO NET/IB : Using [0]mlx5_0:1/RoCE [1]mlx5_1:1/RoCE [2]mlx5_2:1/RoCE [3]mlx5_3:1/RoCE [RO]; OOB eth0:172.16.4.217<0>
paraai-n32-h-01-agent-5:4119640:4122042 [3] NCCL INFO Using network IB
paraai-n32-h-01-agent-5:4119638:4122044 [1] NCCL INFO NET/IB : Using [0]mlx5_0:1/RoCE [1]mlx5_1:1/RoCE [2]mlx5_2:1/RoCE [3]mlx5_3:1/RoCE [RO]; OOB eth0:172.16.4.217<0>
paraai-n32-h-01-agent-5:4119637:4122041 [0] NCCL INFO Using network IB
paraai-n32-h-01-agent-5:4119638:4122044 [1] NCCL INFO Using network IB
paraai-n32-h-01-agent-5:4119638:4122044 [1] NCCL INFO Setting affinity for GPU 1 to ffffffff
paraai-n32-h-01-agent-5:4119637:4122041 [0] NCCL INFO Setting affinity for GPU 0 to ffffffff
paraai-n32-h-01-agent-5:4119640:4122042 [3] NCCL INFO Setting affinity for GPU 3 to ffffffff,00000000,00000000
paraai-n32-h-01-agent-5:4119639:4122043 [2] NCCL INFO Setting affinity for GPU 2 to ffffffff,00000000,00000000
paraai-n32-h-01-agent-5:4119637:4122041 [0] NCCL INFO Trees [0] 13/-1/-1->12->8 [1] 13/4/-1->12->-1
paraai-n32-h-01-agent-5:4119638:4122044 [1] NCCL INFO Trees [0] 14/-1/-1->13->12 [1] 14/-1/-1->13->12
paraai-n32-h-01-agent-5:4119639:4122043 [2] NCCL INFO Trees [0] 15/-1/-1->14->13 [1] 15/-1/-1->14->13
paraai-n32-h-01-agent-5:4119640:4122042 [3] NCCL INFO Trees [0] -1/-1/-1->15->14 [1] -1/-1/-1->15->14
paraai-n32-h-01-agent-5:4119638:4122044 [1] NCCL INFO Channel 00 : 13[2000] -> 14[81000] via SHM/direct/direct
paraai-n32-h-01-agent-5:4119638:4122044 [1] NCCL INFO Channel 01 : 13[2000] -> 14[81000] via SHM/direct/direct
paraai-n32-h-01-agent-5:4119639:4122043 [2] NCCL INFO Channel 00 : 14[81000] -> 15[82000] via SHM/direct/direct
paraai-n32-h-01-agent-5:4119639:4122043 [2] NCCL INFO Channel 01 : 14[81000] -> 15[82000] via SHM/direct/direct
paraai-n32-h-01-agent-5:4119637:4122041 [0] NCCL INFO Channel 00/0 : 11[82000] -> 12[1000] [receive] via NET/IB/0
paraai-n32-h-01-agent-5:4119640:4122042 [3] NCCL INFO Channel 00/0 : 15[82000] -> 0[1000] [send] via NET/IB/0
paraai-n32-h-01-agent-5:4119637:4122041 [0] NCCL INFO Channel 01/0 : 11[82000] -> 12[1000] [receive] via NET/IB/0
paraai-n32-h-01-agent-5:4119637:4122041 [0] NCCL INFO Channel 00 : 12[1000] -> 13[2000] via SHM/direct/direct
paraai-n32-h-01-agent-5:4119637:4122041 [0] NCCL INFO Channel 01 : 12[1000] -> 13[2000] via SHM/direct/direct
paraai-n32-h-01-agent-5:4119637:4122071 [0] NCCL INFO NCCL_IB_GID_INDEX set by environment to 3.
paraai-n32-h-01-agent-5:4119638:4122044 [1] NCCL INFO Connected all rings
paraai-n32-h-01-agent-5:4119638:4122044 [1] NCCL INFO Channel 00 : 13[2000] -> 12[1000] via SHM/direct/direct
paraai-n32-h-01-agent-5:4119638:4122044 [1] NCCL INFO Channel 01 : 13[2000] -> 12[1000] via SHM/direct/direct
paraai-n32-h-01-agent-5:4119637:4122071 [0] NCCL INFO NCCL_IB_TIMEOUT set by environment to 23.
paraai-n32-h-01-agent-5:4119637:4122071 [0] NCCL INFO NCCL_IB_RETRY_CNT set by environment to 7.
paraai-n32-h-01-agent-5:4119637:4122041 [0] NCCL INFO Connected all rings
paraai-n32-h-01-agent-5:4119640:4122042 [3] NCCL INFO Channel 01/0 : 15[82000] -> 0[1000] [send] via NET/IB/0
paraai-n32-h-01-agent-5:4119640:4122069 [3] NCCL INFO NCCL_IB_GID_INDEX set by environment to 3.
paraai-n32-h-01-agent-5:4119640:4122042 [3] NCCL INFO Connected all rings
paraai-n32-h-01-agent-5:4119640:4122042 [3] NCCL INFO Channel 00 : 15[82000] -> 14[81000] via SHM/direct/direct
paraai-n32-h-01-agent-5:4119640:4122042 [3] NCCL INFO Channel 01 : 15[82000] -> 14[81000] via SHM/direct/direct
paraai-n32-h-01-agent-5:4119637:4122041 [0] NCCL INFO Channel 00/0 : 8[1000] -> 12[1000] [receive] via NET/IB/0
paraai-n32-h-01-agent-5:4119639:4122043 [2] NCCL INFO Connected all rings
paraai-n32-h-01-agent-5:4119639:4122043 [2] NCCL INFO Channel 00 : 14[81000] -> 13[2000] via SHM/direct/direct
paraai-n32-h-01-agent-5:4119639:4122043 [2] NCCL INFO Channel 01 : 14[81000] -> 13[2000] via SHM/direct/direct
paraai-n32-h-01-agent-5:4119640:4122042 [3] NCCL INFO Connected all trees
paraai-n32-h-01-agent-5:4119640:4122042 [3] NCCL INFO threadThresholds 8/8/64 | 128/8/64 | 512 | 512
paraai-n32-h-01-agent-5:4119640:4122042 [3] NCCL INFO 2 coll channels, 2 p2p channels, 2 p2p channels per peer
paraai-n32-h-01-agent-5:4119639:4122043 [2] NCCL INFO Connected all trees
paraai-n32-h-01-agent-5:4119639:4122043 [2] NCCL INFO threadThresholds 8/8/64 | 128/8/64 | 512 | 512
paraai-n32-h-01-agent-5:4119639:4122043 [2] NCCL INFO 2 coll channels, 2 p2p channels, 2 p2p channels per peer
paraai-n32-h-01-agent-5:4119637:4122041 [0] NCCL INFO Channel 01/0 : 4[1000] -> 12[1000] [receive] via NET/IB/0
paraai-n32-h-01-agent-5:4119637:4122041 [0] NCCL INFO Channel 01/0 : 12[1000] -> 4[1000] [send] via NET/IB/0
paraai-n32-h-01-agent-5:4119637:4122041 [0] NCCL INFO Channel 00/0 : 12[1000] -> 8[1000] [send] via NET/IB/0
paraai-n32-h-01-agent-5:4119637:4122041 [0] NCCL INFO Connected all trees
paraai-n32-h-01-agent-5:4119637:4122041 [0] NCCL INFO threadThresholds 8/8/64 | 128/8/64 | 512 | 512
paraai-n32-h-01-agent-5:4119637:4122041 [0] NCCL INFO 2 coll channels, 2 p2p channels, 2 p2p channels per peer
paraai-n32-h-01-agent-5:4119638:4122044 [1] NCCL INFO Connected all trees
paraai-n32-h-01-agent-5:4119638:4122044 [1] NCCL INFO threadThresholds 8/8/64 | 128/8/64 | 512 | 512
paraai-n32-h-01-agent-5:4119638:4122044 [1] NCCL INFO 2 coll channels, 2 p2p channels, 2 p2p channels per peer
paraai-n32-h-01-agent-5:4119638:4122044 [1] NCCL INFO comm 0x25dfd040 rank 13 nranks 16 cudaDev 1 busId 2000 - Init COMPLETE
paraai-n32-h-01-agent-5:4119639:4122043 [2] NCCL INFO comm 0x16e3b340 rank 14 nranks 16 cudaDev 2 busId 81000 - Init COMPLETE
paraai-n32-h-01-agent-5:4119637:4122041 [0] NCCL INFO comm 0x635e5cb0 rank 12 nranks 16 cudaDev 0 busId 1000 - Init COMPLETE
paraai-n32-h-01-agent-5:4119640:4122042 [3] NCCL INFO comm 0x4be3d440 rank 15 nranks 16 cudaDev 3 busId 82000 - Init COMPLETE
paraai-n32-h-01-agent-5:4119640:4122114 [3] NCCL INFO NCCL_IB_TIMEOUT set by environment to 23.
paraai-n32-h-01-agent-5:4119640:4122114 [3] NCCL INFO NCCL_IB_RETRY_CNT set by environment to 7.
