cuda-11.7 loaded successful
gcc-12.2.0 loaded successful
2023-06-10 11:25:34,923 - root - INFO - expDir: .././exp/afno_backbone/20230609-155507
2023-06-10 11:25:34,930 - root - INFO - ------------------ Configuration ------------------
2023-06-10 11:25:34,932 - root - INFO - Configuration file: /home/bingxing2/home/scx6115/Ocean_AI_model/config/AFNO.yaml
2023-06-10 11:25:34,933 - root - INFO - Configuration name: afno_backbone
2023-06-10 11:25:34,933 - root - INFO - log_to_wandb True
2023-06-10 11:25:34,933 - root - INFO - lr 0.0005
2023-06-10 11:25:34,933 - root - INFO - batch_size 32
2023-06-10 11:25:34,933 - root - INFO - max_epochs 500
2023-06-10 11:25:34,933 - root - INFO - scheduler CosineAnnealingLR
2023-06-10 11:25:34,933 - root - INFO - in_channels [0, 1, 2, 3, 4, 5, 6, 7, 8, 9, 10, 11, 12, 13, 14, 15, 16, 17, 18, 19, 20, 21, 22, 23, 24, 25, 26, 27, 28, 29]
2023-06-10 11:25:34,933 - root - INFO - out_channels [0, 1, 2, 3, 4, 5, 6, 7, 8, 9, 10, 11, 12, 13, 14, 15, 16, 17, 18, 19, 20, 21, 22, 23, 24]
2023-06-10 11:25:34,933 - root - INFO - N_in_channels 31
2023-06-10 11:25:34,933 - root - INFO - N_out_channels 25
2023-06-10 11:25:34,933 - root - INFO - img_size_h 720
2023-06-10 11:25:34,934 - root - INFO - img_size_w 1440
2023-06-10 11:25:34,934 - root - INFO - patch_size_h 5
2023-06-10 11:25:34,934 - root - INFO - patch_size_w 5
2023-06-10 11:25:34,934 - root - INFO - loss l2
2023-06-10 11:25:34,934 - root - INFO - num_data_workers 8
2023-06-10 11:25:34,934 - root - INFO - dt 1
2023-06-10 11:25:34,934 - root - INFO - n_history 0
2023-06-10 11:25:34,934 - root - INFO - prediction_type iterative
2023-06-10 11:25:34,934 - root - INFO - prediction_length 30
2023-06-10 11:25:34,934 - root - INFO - n_initial_conditions 5
2023-06-10 11:25:34,934 - root - INFO - ics_type default
2023-06-10 11:25:34,934 - root - INFO - save_raw_forecasts True
2023-06-10 11:25:34,934 - root - INFO - save_channel False
2023-06-10 11:25:34,935 - root - INFO - masked_acc False
2023-06-10 11:25:34,935 - root - INFO - maskpath None
2023-06-10 11:25:34,935 - root - INFO - perturb False
2023-06-10 11:25:34,935 - root - INFO - add_grid False
2023-06-10 11:25:34,935 - root - INFO - N_grid_channels 0
2023-06-10 11:25:34,935 - root - INFO - gridtype sinusoidal
2023-06-10 11:25:34,935 - root - INFO - roll False
2023-06-10 11:25:34,935 - root - INFO - num_blocks 8
2023-06-10 11:25:34,935 - root - INFO - nettype afno
2023-06-10 11:25:34,935 - root - INFO - patch_size 8
2023-06-10 11:25:34,935 - root - INFO - width 56
2023-06-10 11:25:34,935 - root - INFO - modes 32
2023-06-10 11:25:34,935 - root - INFO - target default
2023-06-10 11:25:34,935 - root - INFO - enable_nhwc False
2023-06-10 11:25:34,936 - root - INFO - optimizer_type FusedAdam
2023-06-10 11:25:34,936 - root - INFO - normalize True
2023-06-10 11:25:34,936 - root - INFO - normalization zscore
2023-06-10 11:25:34,936 - root - INFO - global_mins_path /home/bingxing2/home/scx6115/Ocean_AI_model/sample_00/train/global_mins.npy
2023-06-10 11:25:34,936 - root - INFO - global_maxs_path /home/bingxing2/home/scx6115/Ocean_AI_model/sample_00/train/global_maxs.npy
2023-06-10 11:25:34,936 - root - INFO - global_means_path /home/bingxing2/home/scx6115/Ocean_AI_model/sample_00/train/global_means.npy
2023-06-10 11:25:34,936 - root - INFO - global_stds_path /home/bingxing2/home/scx6115/Ocean_AI_model/sample_00/train/global_stds.npy
2023-06-10 11:25:34,936 - root - INFO - train_data_path /home/bingxing2/home/scx6115/Ocean_AI_model/sample_00/train
2023-06-10 11:25:34,936 - root - INFO - valid_data_path /home/bingxing2/home/scx6115/Ocean_AI_model/sample_00/valid
2023-06-10 11:25:34,936 - root - INFO - test_data_path /home/bingxing2/home/scx6115/Ocean_AI_model/sample_00/test
2023-06-10 11:25:34,936 - root - INFO - land_mask True
2023-06-10 11:25:34,936 - root - INFO - land_mask_path /home/bingxing2/home/scx6115/Ocean_AI_model/sample_00/land_mask.h5
2023-06-10 11:25:34,936 - root - INFO - orography True
2023-06-10 11:25:34,937 - root - INFO - orography_norm_zscore_path /home/bingxing2/home/scx6115/Ocean_AI_model/sample_00/orography_norm_zscore.h5
2023-06-10 11:25:34,937 - root - INFO - orography_norm_maxmin_path /home/bingxing2/home/scx6115/Ocean_AI_model/sample_00/orography_norm_maxmin.h5
2023-06-10 11:25:34,937 - root - INFO - exp_dir ./exp
2023-06-10 11:25:34,937 - root - INFO - add_noise False
2023-06-10 11:25:34,937 - root - INFO - noise_std 0
2023-06-10 11:25:34,937 - root - INFO - crop_size_x None
2023-06-10 11:25:34,937 - root - INFO - crop_size_y None
2023-06-10 11:25:34,937 - root - INFO - log_to_screen True
2023-06-10 11:25:34,937 - root - INFO - save_checkpoint True
2023-06-10 11:25:34,937 - root - INFO - plot_animations False
2023-06-10 11:25:34,937 - root - INFO - world_size 1
2023-06-10 11:25:34,937 - root - INFO - interp 0
2023-06-10 11:25:34,937 - root - INFO - global_batch_size 32
2023-06-10 11:25:34,937 - root - INFO - experiment_dir .././exp/afno_backbone/20230609-155507
2023-06-10 11:25:34,938 - root - INFO - best_checkpoint_path .././exp/afno_backbone/20230609-155507/training_checkpoints/best_ckpt.tar
2023-06-10 11:25:34,938 - root - INFO - resuming False
2023-06-10 11:25:34,938 - root - INFO - local_rank 0
2023-06-10 11:25:34,938 - root - INFO - ---------------------------------------------------
2023-06-10 11:25:34,938 - root - INFO - Inference for 4 initial conditions
2023-06-10 11:25:34,946 - root - INFO - Getting file stats from /home/bingxing2/home/scx6115/Ocean_AI_model/sample_00/test/2012.h5
2023-06-10 11:25:34,948 - root - INFO - Number of samples per year: 365
2023-06-10 11:25:34,948 - root - INFO - Found data at path /home/bingxing2/home/scx6115/Ocean_AI_model/sample_00/test. Number of examples: 365. Image Shape: 720 x 1440 x 30
2023-06-10 11:25:34,948 - root - INFO - Delta t: 1 days
2023-06-10 11:25:34,948 - root - INFO - Including 0 days of past history in training at a frequency of 1 days
2023-06-10 11:25:36,396 - root - INFO - Loading trained model checkpoint from .././exp/afno_backbone/20230609-155507/training_checkpoints/best_ckpt.tar
2023-06-10 11:25:39,899 - root - INFO - Loading inference data
2023-06-10 11:25:39,900 - root - INFO - Inference data from /home/bingxing2/home/scx6115/Ocean_AI_model/sample_00/test/2012.h5
2023-06-10 11:25:39,902 - root - INFO - Initial condition 1 of 4
2023-06-10 11:25:43,381 - root - INFO - valid_data_full: (366, 30, 721, 1440)
2023-06-10 11:25:43,439 - root - INFO - valid_data: (30, 30, 720, 1440)
2023-06-10 11:25:50,965 - root - INFO - orography loaded; shape:torch.Size([1, 1, 720, 1440])
2023-06-10 11:25:50,966 - root - INFO - Begin autoregressive inference
2023-06-10 11:25:53,513 - root - INFO - Loading land mask data from /home/bingxing2/home/scx6115/Ocean_AI_model/sample_00/land_mask.h5
2023-06-10 11:25:53,911 - root - INFO - Predicted timestep 0 of 30. ssh RMSE: 0.0, ACC: 1.0
2023-06-10 11:25:54,152 - root - INFO - Loading land mask data from /home/bingxing2/home/scx6115/Ocean_AI_model/sample_00/land_mask.h5
2023-06-10 11:25:54,611 - root - INFO - Predicted timestep 1 of 30. ssh RMSE: 0.028266500681638718, ACC: 0.998833954334259
2023-06-10 11:25:54,850 - root - INFO - Loading land mask data from /home/bingxing2/home/scx6115/Ocean_AI_model/sample_00/land_mask.h5
2023-06-10 11:25:55,301 - root - INFO - Predicted timestep 2 of 30. ssh RMSE: 0.04637856036424637, ACC: 0.9968908429145813
2023-06-10 11:25:55,553 - root - INFO - Loading land mask data from /home/bingxing2/home/scx6115/Ocean_AI_model/sample_00/land_mask.h5
2023-06-10 11:25:56,062 - root - INFO - Predicted timestep 3 of 30. ssh RMSE: 0.06335952132940292, ACC: 0.9943967461585999
2023-06-10 11:25:56,295 - root - INFO - Loading land mask data from /home/bingxing2/home/scx6115/Ocean_AI_model/sample_00/land_mask.h5
2023-06-10 11:25:56,798 - root - INFO - Predicted timestep 4 of 30. ssh RMSE: 0.0796470046043396, ACC: 0.9915872812271118
2023-06-10 11:25:57,043 - root - INFO - Loading land mask data from /home/bingxing2/home/scx6115/Ocean_AI_model/sample_00/land_mask.h5
2023-06-10 11:25:57,530 - root - INFO - Predicted timestep 5 of 30. ssh RMSE: 0.10016603022813797, ACC: 0.9872488379478455
2023-06-10 11:25:57,778 - root - INFO - Loading land mask data from /home/bingxing2/home/scx6115/Ocean_AI_model/sample_00/land_mask.h5
2023-06-10 11:25:58,162 - root - INFO - Predicted timestep 6 of 30. ssh RMSE: 0.11448989808559418, ACC: 0.9841009378433228
2023-06-10 11:25:58,402 - root - INFO - Loading land mask data from /home/bingxing2/home/scx6115/Ocean_AI_model/sample_00/land_mask.h5
2023-06-10 11:25:58,831 - root - INFO - Predicted timestep 7 of 30. ssh RMSE: 0.1274920403957367, ACC: 0.9808833599090576
2023-06-10 11:25:59,065 - root - INFO - Loading land mask data from /home/bingxing2/home/scx6115/Ocean_AI_model/sample_00/land_mask.h5
2023-06-10 11:25:59,473 - root - INFO - Predicted timestep 8 of 30. ssh RMSE: 0.13792355358600616, ACC: 0.978193998336792
2023-06-10 11:25:59,704 - root - INFO - Loading land mask data from /home/bingxing2/home/scx6115/Ocean_AI_model/sample_00/land_mask.h5
2023-06-10 11:26:00,120 - root - INFO - Predicted timestep 9 of 30. ssh RMSE: 0.15116947889328003, ACC: 0.9742135405540466
2023-06-10 11:26:00,353 - root - INFO - Loading land mask data from /home/bingxing2/home/scx6115/Ocean_AI_model/sample_00/land_mask.h5
2023-06-10 11:26:00,852 - root - INFO - Predicted timestep 10 of 30. ssh RMSE: 0.16061705350875854, ACC: 0.9714149832725525
2023-06-10 11:26:01,074 - root - INFO - Loading land mask data from /home/bingxing2/home/scx6115/Ocean_AI_model/sample_00/land_mask.h5
2023-06-10 11:26:01,495 - root - INFO - Predicted timestep 11 of 30. ssh RMSE: 0.1702042669057846, ACC: 0.96837317943573
2023-06-10 11:26:01,723 - root - INFO - Loading land mask data from /home/bingxing2/home/scx6115/Ocean_AI_model/sample_00/land_mask.h5
2023-06-10 11:26:02,053 - root - INFO - Predicted timestep 12 of 30. ssh RMSE: 0.17883901298046112, ACC: 0.965531587600708
2023-06-10 11:26:02,293 - root - INFO - Loading land mask data from /home/bingxing2/home/scx6115/Ocean_AI_model/sample_00/land_mask.h5
2023-06-10 11:26:02,671 - root - INFO - Predicted timestep 13 of 30. ssh RMSE: 0.18920688331127167, ACC: 0.9621402621269226
2023-06-10 11:26:02,911 - root - INFO - Loading land mask data from /home/bingxing2/home/scx6115/Ocean_AI_model/sample_00/land_mask.h5
2023-06-10 11:26:03,281 - root - INFO - Predicted timestep 14 of 30. ssh RMSE: 0.19942349195480347, ACC: 0.9585751295089722
2023-06-10 11:26:03,507 - root - INFO - Loading land mask data from /home/bingxing2/home/scx6115/Ocean_AI_model/sample_00/land_mask.h5
2023-06-10 11:26:03,892 - root - INFO - Predicted timestep 15 of 30. ssh RMSE: 0.20973777770996094, ACC: 0.9542970657348633
2023-06-10 11:26:04,120 - root - INFO - Loading land mask data from /home/bingxing2/home/scx6115/Ocean_AI_model/sample_00/land_mask.h5
2023-06-10 11:26:04,559 - root - INFO - Predicted timestep 16 of 30. ssh RMSE: 0.2216125726699829, ACC: 0.9489278793334961
2023-06-10 11:26:04,790 - root - INFO - Loading land mask data from /home/bingxing2/home/scx6115/Ocean_AI_model/sample_00/land_mask.h5
2023-06-10 11:26:05,161 - root - INFO - Predicted timestep 17 of 30. ssh RMSE: 0.23147478699684143, ACC: 0.9445264935493469
2023-06-10 11:26:05,404 - root - INFO - Loading land mask data from /home/bingxing2/home/scx6115/Ocean_AI_model/sample_00/land_mask.h5
2023-06-10 11:26:05,748 - root - INFO - Predicted timestep 18 of 30. ssh RMSE: 0.23916496336460114, ACC: 0.9411947131156921
2023-06-10 11:26:05,980 - root - INFO - Loading land mask data from /home/bingxing2/home/scx6115/Ocean_AI_model/sample_00/land_mask.h5
2023-06-10 11:26:06,367 - root - INFO - Predicted timestep 19 of 30. ssh RMSE: 0.24737977981567383, ACC: 0.9371615648269653
2023-06-10 11:26:06,614 - root - INFO - Loading land mask data from /home/bingxing2/home/scx6115/Ocean_AI_model/sample_00/land_mask.h5
2023-06-10 11:26:07,040 - root - INFO - Predicted timestep 20 of 30. ssh RMSE: 0.2580791115760803, ACC: 0.9316849708557129
2023-06-10 11:26:07,290 - root - INFO - Loading land mask data from /home/bingxing2/home/scx6115/Ocean_AI_model/sample_00/land_mask.h5
2023-06-10 11:26:07,642 - root - INFO - Predicted timestep 21 of 30. ssh RMSE: 0.27222907543182373, ACC: 0.924243688583374
2023-06-10 11:26:07,862 - root - INFO - Loading land mask data from /home/bingxing2/home/scx6115/Ocean_AI_model/sample_00/land_mask.h5
2023-06-10 11:26:08,290 - root - INFO - Predicted timestep 22 of 30. ssh RMSE: 0.2843457758426666, ACC: 0.917676568031311
2023-06-10 11:26:08,511 - root - INFO - Loading land mask data from /home/bingxing2/home/scx6115/Ocean_AI_model/sample_00/land_mask.h5
2023-06-10 11:26:08,831 - root - INFO - Predicted timestep 23 of 30. ssh RMSE: 0.2938792407512665, ACC: 0.9120829105377197
2023-06-10 11:26:09,064 - root - INFO - Loading land mask data from /home/bingxing2/home/scx6115/Ocean_AI_model/sample_00/land_mask.h5
2023-06-10 11:26:09,394 - root - INFO - Predicted timestep 24 of 30. ssh RMSE: 0.3031795918941498, ACC: 0.9064208269119263
2023-06-10 11:26:09,632 - root - INFO - Loading land mask data from /home/bingxing2/home/scx6115/Ocean_AI_model/sample_00/land_mask.h5
2023-06-10 11:26:09,846 - root - INFO - Predicted timestep 25 of 30. ssh RMSE: 0.3159758746623993, ACC: 0.8985565900802612
2023-06-10 11:26:10,076 - root - INFO - Loading land mask data from /home/bingxing2/home/scx6115/Ocean_AI_model/sample_00/land_mask.h5
2023-06-10 11:26:10,407 - root - INFO - Predicted timestep 26 of 30. ssh RMSE: 0.3286275565624237, ACC: 0.8905209302902222
2023-06-10 11:26:10,649 - root - INFO - Loading land mask data from /home/bingxing2/home/scx6115/Ocean_AI_model/sample_00/land_mask.h5
2023-06-10 11:26:10,868 - root - INFO - Predicted timestep 27 of 30. ssh RMSE: 0.33457329869270325, ACC: 0.8877006769180298
2023-06-10 11:26:11,106 - root - INFO - Loading land mask data from /home/bingxing2/home/scx6115/Ocean_AI_model/sample_00/land_mask.h5
2023-06-10 11:26:11,450 - root - INFO - Predicted timestep 28 of 30. ssh RMSE: 0.34484511613845825, ACC: 0.8809945583343506
2023-06-10 11:26:11,506 - root - INFO - Loading land mask data from /home/bingxing2/home/scx6115/Ocean_AI_model/sample_00/land_mask.h5
2023-06-10 11:26:11,744 - root - INFO - Predicted timestep 29 of 30. ssh RMSE: 0.35649776458740234, ACC: 0.8723531365394592
2023-06-10 11:26:11,751 - root - INFO - Initial condition 2 of 4
2023-06-10 11:26:15,290 - root - INFO - valid_data_full: (366, 30, 721, 1440)
2023-06-10 11:26:15,345 - root - INFO - valid_data: (30, 30, 720, 1440)
2023-06-10 11:26:22,602 - root - INFO - orography loaded; shape:torch.Size([1, 1, 720, 1440])
2023-06-10 11:26:22,602 - root - INFO - Begin autoregressive inference
2023-06-10 11:26:22,953 - root - INFO - Loading land mask data from /home/bingxing2/home/scx6115/Ocean_AI_model/sample_00/land_mask.h5
2023-06-10 11:26:23,241 - root - INFO - Predicted timestep 0 of 30. ssh RMSE: 0.0, ACC: 1.0
2023-06-10 11:26:23,494 - root - INFO - Loading land mask data from /home/bingxing2/home/scx6115/Ocean_AI_model/sample_00/land_mask.h5
2023-06-10 11:26:23,840 - root - INFO - Predicted timestep 1 of 30. ssh RMSE: 0.02877211943268776, ACC: 0.9987761378288269
2023-06-10 11:26:24,082 - root - INFO - Loading land mask data from /home/bingxing2/home/scx6115/Ocean_AI_model/sample_00/land_mask.h5
2023-06-10 11:26:24,501 - root - INFO - Predicted timestep 2 of 30. ssh RMSE: 0.04447431117296219, ACC: 0.9972100853919983
2023-06-10 11:26:24,744 - root - INFO - Loading land mask data from /home/bingxing2/home/scx6115/Ocean_AI_model/sample_00/land_mask.h5
2023-06-10 11:26:25,214 - root - INFO - Predicted timestep 3 of 30. ssh RMSE: 0.5576662421226501, ACC: 0.351137638092041
2023-06-10 11:26:25,453 - root - INFO - Loading land mask data from /home/bingxing2/home/scx6115/Ocean_AI_model/sample_00/land_mask.h5
2023-06-10 11:26:25,921 - root - INFO - Predicted timestep 4 of 30. ssh RMSE: 0.07866920530796051, ACC: 0.9920903444290161
2023-06-10 11:26:26,174 - root - INFO - Loading land mask data from /home/bingxing2/home/scx6115/Ocean_AI_model/sample_00/land_mask.h5
2023-06-10 11:26:26,641 - root - INFO - Predicted timestep 5 of 30. ssh RMSE: 0.09940013289451599, ACC: 0.9879912734031677
2023-06-10 11:26:27,248 - root - INFO - Loading land mask data from /home/bingxing2/home/scx6115/Ocean_AI_model/sample_00/land_mask.h5
2023-06-10 11:26:27,631 - root - INFO - Predicted timestep 6 of 30. ssh RMSE: 0.11787993460893631, ACC: 0.983917236328125
2023-06-10 11:26:27,855 - root - INFO - Loading land mask data from /home/bingxing2/home/scx6115/Ocean_AI_model/sample_00/land_mask.h5
2023-06-10 11:26:28,119 - root - INFO - Predicted timestep 7 of 30. ssh RMSE: 0.13064022362232208, ACC: 0.9809115529060364
2023-06-10 11:26:28,351 - root - INFO - Loading land mask data from /home/bingxing2/home/scx6115/Ocean_AI_model/sample_00/land_mask.h5
2023-06-10 11:26:28,749 - root - INFO - Predicted timestep 8 of 30. ssh RMSE: 0.14347009360790253, ACC: 0.977726936340332
2023-06-10 11:26:28,983 - root - INFO - Loading land mask data from /home/bingxing2/home/scx6115/Ocean_AI_model/sample_00/land_mask.h5
2023-06-10 11:26:29,394 - root - INFO - Predicted timestep 9 of 30. ssh RMSE: 0.1530425101518631, ACC: 0.97483229637146
2023-06-10 11:26:29,629 - root - INFO - Loading land mask data from /home/bingxing2/home/scx6115/Ocean_AI_model/sample_00/land_mask.h5
2023-06-10 11:26:30,038 - root - INFO - Predicted timestep 10 of 30. ssh RMSE: 0.161082461476326, ACC: 0.9724829196929932
2023-06-10 11:26:30,271 - root - INFO - Loading land mask data from /home/bingxing2/home/scx6115/Ocean_AI_model/sample_00/land_mask.h5
2023-06-10 11:26:30,552 - root - INFO - Predicted timestep 11 of 30. ssh RMSE: 0.16964049637317657, ACC: 0.9702188968658447
2023-06-10 11:26:30,805 - root - INFO - Loading land mask data from /home/bingxing2/home/scx6115/Ocean_AI_model/sample_00/land_mask.h5
2023-06-10 11:26:31,170 - root - INFO - Predicted timestep 12 of 30. ssh RMSE: 0.17913326621055603, ACC: 0.9669960737228394
2023-06-10 11:26:31,416 - root - INFO - Loading land mask data from /home/bingxing2/home/scx6115/Ocean_AI_model/sample_00/land_mask.h5
2023-06-10 11:26:31,814 - root - INFO - Predicted timestep 13 of 30. ssh RMSE: 0.1913488358259201, ACC: 0.9625155925750732
2023-06-10 11:26:32,059 - root - INFO - Loading land mask data from /home/bingxing2/home/scx6115/Ocean_AI_model/sample_00/land_mask.h5
2023-06-10 11:26:32,551 - root - INFO - Predicted timestep 14 of 30. ssh RMSE: 0.20187295973300934, ACC: 0.9588899612426758
2023-06-10 11:26:32,792 - root - INFO - Loading land mask data from /home/bingxing2/home/scx6115/Ocean_AI_model/sample_00/land_mask.h5
2023-06-10 11:26:33,132 - root - INFO - Predicted timestep 15 of 30. ssh RMSE: 0.2120073437690735, ACC: 0.9547008275985718
2023-06-10 11:26:33,373 - root - INFO - Loading land mask data from /home/bingxing2/home/scx6115/Ocean_AI_model/sample_00/land_mask.h5
2023-06-10 11:26:33,671 - root - INFO - Predicted timestep 16 of 30. ssh RMSE: 0.2235657125711441, ACC: 0.9490107297897339
2023-06-10 11:26:33,915 - root - INFO - Loading land mask data from /home/bingxing2/home/scx6115/Ocean_AI_model/sample_00/land_mask.h5
2023-06-10 11:26:34,321 - root - INFO - Predicted timestep 17 of 30. ssh RMSE: 0.23466220498085022, ACC: 0.9440073370933533
2023-06-10 11:26:34,558 - root - INFO - Loading land mask data from /home/bingxing2/home/scx6115/Ocean_AI_model/sample_00/land_mask.h5
2023-06-10 11:26:35,089 - root - INFO - Predicted timestep 18 of 30. ssh RMSE: 0.24373681843280792, ACC: 0.9404366612434387
2023-06-10 11:26:35,325 - root - INFO - Loading land mask data from /home/bingxing2/home/scx6115/Ocean_AI_model/sample_00/land_mask.h5
2023-06-10 11:26:35,760 - root - INFO - Predicted timestep 19 of 30. ssh RMSE: 0.25632768869400024, ACC: 0.9347407221794128
2023-06-10 11:26:36,007 - root - INFO - Loading land mask data from /home/bingxing2/home/scx6115/Ocean_AI_model/sample_00/land_mask.h5
2023-06-10 11:26:36,363 - root - INFO - Predicted timestep 20 of 30. ssh RMSE: 0.266815721988678, ACC: 0.9293557405471802
2023-06-10 11:26:36,601 - root - INFO - Loading land mask data from /home/bingxing2/home/scx6115/Ocean_AI_model/sample_00/land_mask.h5
2023-06-10 11:26:36,984 - root - INFO - Predicted timestep 21 of 30. ssh RMSE: 0.27551689743995667, ACC: 0.9250917434692383
2023-06-10 11:26:37,227 - root - INFO - Loading land mask data from /home/bingxing2/home/scx6115/Ocean_AI_model/sample_00/land_mask.h5
2023-06-10 11:26:37,614 - root - INFO - Predicted timestep 22 of 30. ssh RMSE: 0.28542083501815796, ACC: 0.9206151366233826
2023-06-10 11:26:38,668 - root - INFO - Loading land mask data from /home/bingxing2/home/scx6115/Ocean_AI_model/sample_00/land_mask.h5
2023-06-10 11:26:39,017 - root - INFO - Predicted timestep 23 of 30. ssh RMSE: 0.29637861251831055, ACC: 0.9149364233016968
2023-06-10 11:26:39,242 - root - INFO - Loading land mask data from /home/bingxing2/home/scx6115/Ocean_AI_model/sample_00/land_mask.h5
2023-06-10 11:26:39,592 - root - INFO - Predicted timestep 24 of 30. ssh RMSE: 0.3066525161266327, ACC: 0.9096943736076355
2023-06-10 11:26:39,833 - root - INFO - Loading land mask data from /home/bingxing2/home/scx6115/Ocean_AI_model/sample_00/land_mask.h5
2023-06-10 11:26:40,171 - root - INFO - Predicted timestep 25 of 30. ssh RMSE: 0.31607794761657715, ACC: 0.9041205644607544
2023-06-10 11:26:40,416 - root - INFO - Loading land mask data from /home/bingxing2/home/scx6115/Ocean_AI_model/sample_00/land_mask.h5
2023-06-10 11:26:40,782 - root - INFO - Predicted timestep 26 of 30. ssh RMSE: 0.3236411511898041, ACC: 0.8995084762573242
2023-06-10 11:26:41,020 - root - INFO - Loading land mask data from /home/bingxing2/home/scx6115/Ocean_AI_model/sample_00/land_mask.h5
2023-06-10 11:26:41,352 - root - INFO - Predicted timestep 27 of 30. ssh RMSE: 0.3314015865325928, ACC: 0.8943871259689331
2023-06-10 11:26:41,593 - root - INFO - Loading land mask data from /home/bingxing2/home/scx6115/Ocean_AI_model/sample_00/land_mask.h5
2023-06-10 11:26:41,961 - root - INFO - Predicted timestep 28 of 30. ssh RMSE: 0.3386429250240326, ACC: 0.8897775411605835
2023-06-10 11:26:42,009 - root - INFO - Loading land mask data from /home/bingxing2/home/scx6115/Ocean_AI_model/sample_00/land_mask.h5
2023-06-10 11:26:42,301 - root - INFO - Predicted timestep 29 of 30. ssh RMSE: 0.3470875918865204, ACC: 0.8845864534378052
2023-06-10 11:26:45,563 - root - INFO - Initial condition 3 of 4
2023-06-10 11:26:49,186 - root - INFO - valid_data_full: (366, 30, 721, 1440)
2023-06-10 11:26:49,241 - root - INFO - valid_data: (30, 30, 720, 1440)
2023-06-10 11:26:56,380 - root - INFO - orography loaded; shape:torch.Size([1, 1, 720, 1440])
2023-06-10 11:26:56,381 - root - INFO - Begin autoregressive inference
2023-06-10 11:26:56,717 - root - INFO - Loading land mask data from /home/bingxing2/home/scx6115/Ocean_AI_model/sample_00/land_mask.h5
2023-06-10 11:26:57,107 - root - INFO - Predicted timestep 0 of 30. ssh RMSE: 0.0, ACC: 1.0
2023-06-10 11:26:57,344 - root - INFO - Loading land mask data from /home/bingxing2/home/scx6115/Ocean_AI_model/sample_00/land_mask.h5
2023-06-10 11:26:57,870 - root - INFO - Predicted timestep 1 of 30. ssh RMSE: 0.02596477046608925, ACC: 0.9990121722221375
2023-06-10 11:26:58,294 - root - INFO - Loading land mask data from /home/bingxing2/home/scx6115/Ocean_AI_model/sample_00/land_mask.h5
2023-06-10 11:26:58,642 - root - INFO - Predicted timestep 2 of 30. ssh RMSE: 0.039112795144319534, ACC: 0.9977998733520508
2023-06-10 11:26:58,876 - root - INFO - Loading land mask data from /home/bingxing2/home/scx6115/Ocean_AI_model/sample_00/land_mask.h5
2023-06-10 11:26:59,270 - root - INFO - Predicted timestep 3 of 30. ssh RMSE: 0.05840328708291054, ACC: 0.9953834414482117
2023-06-10 11:26:59,499 - root - INFO - Loading land mask data from /home/bingxing2/home/scx6115/Ocean_AI_model/sample_00/land_mask.h5
2023-06-10 11:26:59,853 - root - INFO - Predicted timestep 4 of 30. ssh RMSE: 0.07910434901714325, ACC: 0.9919974207878113
2023-06-10 11:27:00,079 - root - INFO - Loading land mask data from /home/bingxing2/home/scx6115/Ocean_AI_model/sample_00/land_mask.h5
2023-06-10 11:27:00,541 - root - INFO - Predicted timestep 5 of 30. ssh RMSE: 0.09778855741024017, ACC: 0.9883259534835815
2023-06-10 11:27:00,764 - root - INFO - Loading land mask data from /home/bingxing2/home/scx6115/Ocean_AI_model/sample_00/land_mask.h5
2023-06-10 11:27:01,131 - root - INFO - Predicted timestep 6 of 30. ssh RMSE: 0.11567682027816772, ACC: 0.9846588373184204
2023-06-10 11:27:01,374 - root - INFO - Loading land mask data from /home/bingxing2/home/scx6115/Ocean_AI_model/sample_00/land_mask.h5
2023-06-10 11:27:01,801 - root - INFO - Predicted timestep 7 of 30. ssh RMSE: 0.13106101751327515, ACC: 0.9814077019691467
2023-06-10 11:27:02,018 - root - INFO - Loading land mask data from /home/bingxing2/home/scx6115/Ocean_AI_model/sample_00/land_mask.h5
2023-06-10 11:27:02,481 - root - INFO - Predicted timestep 8 of 30. ssh RMSE: 0.14139513671398163, ACC: 0.9791742563247681
2023-06-10 11:27:02,720 - root - INFO - Loading land mask data from /home/bingxing2/home/scx6115/Ocean_AI_model/sample_00/land_mask.h5
2023-06-10 11:27:03,102 - root - INFO - Predicted timestep 9 of 30. ssh RMSE: 0.15022428333759308, ACC: 0.9764748215675354
2023-06-10 11:27:03,337 - root - INFO - Loading land mask data from /home/bingxing2/home/scx6115/Ocean_AI_model/sample_00/land_mask.h5
2023-06-10 11:27:03,722 - root - INFO - Predicted timestep 10 of 30. ssh RMSE: 0.15829505026340485, ACC: 0.9739178419113159
2023-06-10 11:27:03,948 - root - INFO - Loading land mask data from /home/bingxing2/home/scx6115/Ocean_AI_model/sample_00/land_mask.h5
2023-06-10 11:27:04,431 - root - INFO - Predicted timestep 11 of 30. ssh RMSE: 0.16726471483707428, ACC: 0.9711428284645081
2023-06-10 11:27:04,675 - root - INFO - Loading land mask data from /home/bingxing2/home/scx6115/Ocean_AI_model/sample_00/land_mask.h5
2023-06-10 11:27:05,045 - root - INFO - Predicted timestep 12 of 30. ssh RMSE: 0.1772625744342804, ACC: 0.9681415557861328
2023-06-10 11:27:05,268 - root - INFO - Loading land mask data from /home/bingxing2/home/scx6115/Ocean_AI_model/sample_00/land_mask.h5
2023-06-10 11:27:05,700 - root - INFO - Predicted timestep 13 of 30. ssh RMSE: 0.18621943891048431, ACC: 0.9650928378105164
2023-06-10 11:27:05,928 - root - INFO - Loading land mask data from /home/bingxing2/home/scx6115/Ocean_AI_model/sample_00/land_mask.h5
2023-06-10 11:27:06,352 - root - INFO - Predicted timestep 14 of 30. ssh RMSE: 0.19704729318618774, ACC: 0.9615011215209961
2023-06-10 11:27:06,585 - root - INFO - Loading land mask data from /home/bingxing2/home/scx6115/Ocean_AI_model/sample_00/land_mask.h5
2023-06-10 11:27:07,033 - root - INFO - Predicted timestep 15 of 30. ssh RMSE: 0.2070591151714325, ACC: 0.9580376744270325
2023-06-10 11:27:07,282 - root - INFO - Loading land mask data from /home/bingxing2/home/scx6115/Ocean_AI_model/sample_00/land_mask.h5
2023-06-10 11:27:07,593 - root - INFO - Predicted timestep 16 of 30. ssh RMSE: 0.21786074340343475, ACC: 0.9536559581756592
2023-06-10 11:27:07,877 - root - INFO - Loading land mask data from /home/bingxing2/home/scx6115/Ocean_AI_model/sample_00/land_mask.h5
2023-06-10 11:27:08,203 - root - INFO - Predicted timestep 17 of 30. ssh RMSE: 0.2282775640487671, ACC: 0.9496316909790039
2023-06-10 11:27:08,440 - root - INFO - Loading land mask data from /home/bingxing2/home/scx6115/Ocean_AI_model/sample_00/land_mask.h5
2023-06-10 11:27:08,900 - root - INFO - Predicted timestep 18 of 30. ssh RMSE: 0.23821155726909637, ACC: 0.9448961615562439
2023-06-10 11:27:09,133 - root - INFO - Loading land mask data from /home/bingxing2/home/scx6115/Ocean_AI_model/sample_00/land_mask.h5
2023-06-10 11:27:09,558 - root - INFO - Predicted timestep 19 of 30. ssh RMSE: 0.24734854698181152, ACC: 0.9407705664634705
2023-06-10 11:27:09,802 - root - INFO - Loading land mask data from /home/bingxing2/home/scx6115/Ocean_AI_model/sample_00/land_mask.h5
2023-06-10 11:27:10,045 - root - INFO - Predicted timestep 20 of 30. ssh RMSE: 0.2579948306083679, ACC: 0.9357882738113403
2023-06-10 11:27:10,276 - root - INFO - Loading land mask data from /home/bingxing2/home/scx6115/Ocean_AI_model/sample_00/land_mask.h5
2023-06-10 11:27:10,635 - root - INFO - Predicted timestep 21 of 30. ssh RMSE: 0.2674272656440735, ACC: 0.9312549233436584
2023-06-10 11:27:10,884 - root - INFO - Loading land mask data from /home/bingxing2/home/scx6115/Ocean_AI_model/sample_00/land_mask.h5
2023-06-10 11:27:11,301 - root - INFO - Predicted timestep 22 of 30. ssh RMSE: 0.2780087888240814, ACC: 0.9258337020874023
2023-06-10 11:27:11,548 - root - INFO - Loading land mask data from /home/bingxing2/home/scx6115/Ocean_AI_model/sample_00/land_mask.h5
2023-06-10 11:27:11,912 - root - INFO - Predicted timestep 23 of 30. ssh RMSE: 0.2892608344554901, ACC: 0.9196078181266785
2023-06-10 11:27:12,153 - root - INFO - Loading land mask data from /home/bingxing2/home/scx6115/Ocean_AI_model/sample_00/land_mask.h5
2023-06-10 11:27:12,556 - root - INFO - Predicted timestep 24 of 30. ssh RMSE: 0.2997509241104126, ACC: 0.9137912392616272
2023-06-10 11:27:12,788 - root - INFO - Loading land mask data from /home/bingxing2/home/scx6115/Ocean_AI_model/sample_00/land_mask.h5
2023-06-10 11:27:13,063 - root - INFO - Predicted timestep 25 of 30. ssh RMSE: 0.30721619725227356, ACC: 0.9093798995018005
2023-06-10 11:27:13,303 - root - INFO - Loading land mask data from /home/bingxing2/home/scx6115/Ocean_AI_model/sample_00/land_mask.h5
2023-06-10 11:27:13,711 - root - INFO - Predicted timestep 26 of 30. ssh RMSE: 0.31684836745262146, ACC: 0.9033744931221008
2023-06-10 11:27:13,950 - root - INFO - Loading land mask data from /home/bingxing2/home/scx6115/Ocean_AI_model/sample_00/land_mask.h5
2023-06-10 11:27:14,213 - root - INFO - Predicted timestep 27 of 30. ssh RMSE: 0.32668113708496094, ACC: 0.8976170420646667
2023-06-10 11:27:14,458 - root - INFO - Loading land mask data from /home/bingxing2/home/scx6115/Ocean_AI_model/sample_00/land_mask.h5
2023-06-10 11:27:14,942 - root - INFO - Predicted timestep 28 of 30. ssh RMSE: 0.33485788106918335, ACC: 0.8923591375350952
2023-06-10 11:27:15,000 - root - INFO - Loading land mask data from /home/bingxing2/home/scx6115/Ocean_AI_model/sample_00/land_mask.h5
2023-06-10 11:27:15,317 - root - INFO - Predicted timestep 29 of 30. ssh RMSE: 0.3422214984893799, ACC: 0.8872861266136169
2023-06-10 11:27:19,847 - root - INFO - Initial condition 4 of 4
2023-06-10 11:27:23,391 - root - INFO - valid_data_full: (366, 30, 721, 1440)
2023-06-10 11:27:23,450 - root - INFO - valid_data: (30, 30, 720, 1440)
2023-06-10 11:27:30,631 - root - INFO - orography loaded; shape:torch.Size([1, 1, 720, 1440])
2023-06-10 11:27:30,633 - root - INFO - Begin autoregressive inference
2023-06-10 11:27:31,004 - root - INFO - Loading land mask data from /home/bingxing2/home/scx6115/Ocean_AI_model/sample_00/land_mask.h5
2023-06-10 11:27:31,340 - root - INFO - Predicted timestep 0 of 30. ssh RMSE: 0.0, ACC: 1.0
2023-06-10 11:27:31,583 - root - INFO - Loading land mask data from /home/bingxing2/home/scx6115/Ocean_AI_model/sample_00/land_mask.h5
2023-06-10 11:27:31,971 - root - INFO - Predicted timestep 1 of 30. ssh RMSE: 0.02560783177614212, ACC: 0.999047040939331
2023-06-10 11:27:32,210 - root - INFO - Loading land mask data from /home/bingxing2/home/scx6115/Ocean_AI_model/sample_00/land_mask.h5
2023-06-10 11:27:32,660 - root - INFO - Predicted timestep 2 of 30. ssh RMSE: 0.04105210304260254, ACC: 0.9975318908691406
2023-06-10 11:27:32,899 - root - INFO - Loading land mask data from /home/bingxing2/home/scx6115/Ocean_AI_model/sample_00/land_mask.h5
2023-06-10 11:27:33,330 - root - INFO - Predicted timestep 3 of 30. ssh RMSE: 0.05946042016148567, ACC: 0.9950294494628906
2023-06-10 11:27:33,568 - root - INFO - Loading land mask data from /home/bingxing2/home/scx6115/Ocean_AI_model/sample_00/land_mask.h5
2023-06-10 11:27:33,911 - root - INFO - Predicted timestep 4 of 30. ssh RMSE: 0.0772475004196167, ACC: 0.9922711849212646
2023-06-10 11:27:34,147 - root - INFO - Loading land mask data from /home/bingxing2/home/scx6115/Ocean_AI_model/sample_00/land_mask.h5
2023-06-10 11:27:34,507 - root - INFO - Predicted timestep 5 of 30. ssh RMSE: 0.09709418565034866, ACC: 0.9884180426597595
2023-06-10 11:27:34,750 - root - INFO - Loading land mask data from /home/bingxing2/home/scx6115/Ocean_AI_model/sample_00/land_mask.h5
2023-06-10 11:27:35,142 - root - INFO - Predicted timestep 6 of 30. ssh RMSE: 0.11507713049650192, ACC: 0.984549880027771
2023-06-10 11:27:35,385 - root - INFO - Loading land mask data from /home/bingxing2/home/scx6115/Ocean_AI_model/sample_00/land_mask.h5
2023-06-10 11:27:35,761 - root - INFO - Predicted timestep 7 of 30. ssh RMSE: 0.1316036731004715, ACC: 0.9810802340507507
2023-06-10 11:27:35,987 - root - INFO - Loading land mask data from /home/bingxing2/home/scx6115/Ocean_AI_model/sample_00/land_mask.h5
2023-06-10 11:27:36,383 - root - INFO - Predicted timestep 8 of 30. ssh RMSE: 0.14304190874099731, ACC: 0.9786596298217773
2023-06-10 11:27:36,609 - root - INFO - Loading land mask data from /home/bingxing2/home/scx6115/Ocean_AI_model/sample_00/land_mask.h5
2023-06-10 11:27:36,942 - root - INFO - Predicted timestep 9 of 30. ssh RMSE: 0.15316928923130035, ACC: 0.976232647895813
2023-06-10 11:27:37,182 - root - INFO - Loading land mask data from /home/bingxing2/home/scx6115/Ocean_AI_model/sample_00/land_mask.h5
2023-06-10 11:27:37,422 - root - INFO - Predicted timestep 10 of 30. ssh RMSE: 0.1619759202003479, ACC: 0.9739016890525818
2023-06-10 11:27:37,652 - root - INFO - Loading land mask data from /home/bingxing2/home/scx6115/Ocean_AI_model/sample_00/land_mask.h5
2023-06-10 11:27:38,122 - root - INFO - Predicted timestep 11 of 30. ssh RMSE: 0.17173072695732117, ACC: 0.9716570377349854
2023-06-10 11:27:38,358 - root - INFO - Loading land mask data from /home/bingxing2/home/scx6115/Ocean_AI_model/sample_00/land_mask.h5
2023-06-10 11:27:38,629 - root - INFO - Predicted timestep 12 of 30. ssh RMSE: 0.18287932872772217, ACC: 0.96872878074646
2023-06-10 11:27:38,863 - root - INFO - Loading land mask data from /home/bingxing2/home/scx6115/Ocean_AI_model/sample_00/land_mask.h5
2023-06-10 11:27:39,291 - root - INFO - Predicted timestep 13 of 30. ssh RMSE: 0.19276666641235352, ACC: 0.9657629728317261
2023-06-10 11:27:39,515 - root - INFO - Loading land mask data from /home/bingxing2/home/scx6115/Ocean_AI_model/sample_00/land_mask.h5
2023-06-10 11:27:39,854 - root - INFO - Predicted timestep 14 of 30. ssh RMSE: 0.20233739912509918, ACC: 0.9615345001220703
2023-06-10 11:27:40,089 - root - INFO - Loading land mask data from /home/bingxing2/home/scx6115/Ocean_AI_model/sample_00/land_mask.h5
2023-06-10 11:27:40,441 - root - INFO - Predicted timestep 15 of 30. ssh RMSE: 0.21281728148460388, ACC: 0.9569919109344482
2023-06-10 11:27:40,678 - root - INFO - Loading land mask data from /home/bingxing2/home/scx6115/Ocean_AI_model/sample_00/land_mask.h5
2023-06-10 11:27:41,111 - root - INFO - Predicted timestep 16 of 30. ssh RMSE: 0.22215209901332855, ACC: 0.9530948400497437
2023-06-10 11:27:41,338 - root - INFO - Loading land mask data from /home/bingxing2/home/scx6115/Ocean_AI_model/sample_00/land_mask.h5
2023-06-10 11:27:41,702 - root - INFO - Predicted timestep 17 of 30. ssh RMSE: 0.231190487742424, ACC: 0.9494425654411316
2023-06-10 11:27:41,934 - root - INFO - Loading land mask data from /home/bingxing2/home/scx6115/Ocean_AI_model/sample_00/land_mask.h5
2023-06-10 11:27:42,372 - root - INFO - Predicted timestep 18 of 30. ssh RMSE: 0.24099794030189514, ACC: 0.9452234506607056
2023-06-10 11:27:42,612 - root - INFO - Loading land mask data from /home/bingxing2/home/scx6115/Ocean_AI_model/sample_00/land_mask.h5
2023-06-10 11:27:42,837 - root - INFO - Predicted timestep 19 of 30. ssh RMSE: 0.24867776036262512, ACC: 0.9411787390708923
2023-06-10 11:27:43,078 - root - INFO - Loading land mask data from /home/bingxing2/home/scx6115/Ocean_AI_model/sample_00/land_mask.h5
2023-06-10 11:27:43,512 - root - INFO - Predicted timestep 20 of 30. ssh RMSE: 0.25855135917663574, ACC: 0.9358211159706116
2023-06-10 11:27:43,752 - root - INFO - Loading land mask data from /home/bingxing2/home/scx6115/Ocean_AI_model/sample_00/land_mask.h5
2023-06-10 11:27:44,127 - root - INFO - Predicted timestep 21 of 30. ssh RMSE: 0.26953446865081787, ACC: 0.9306492209434509
2023-06-10 11:27:44,363 - root - INFO - Loading land mask data from /home/bingxing2/home/scx6115/Ocean_AI_model/sample_00/land_mask.h5
2023-06-10 11:27:44,734 - root - INFO - Predicted timestep 22 of 30. ssh RMSE: 0.2791389524936676, ACC: 0.9257964491844177
2023-06-10 11:27:45,073 - root - INFO - Loading land mask data from /home/bingxing2/home/scx6115/Ocean_AI_model/sample_00/land_mask.h5
2023-06-10 11:27:45,386 - root - INFO - Predicted timestep 23 of 30. ssh RMSE: 0.289617657661438, ACC: 0.9200251698493958
2023-06-10 11:27:45,622 - root - INFO - Loading land mask data from /home/bingxing2/home/scx6115/Ocean_AI_model/sample_00/land_mask.h5
2023-06-10 11:27:46,001 - root - INFO - Predicted timestep 24 of 30. ssh RMSE: 0.3002590537071228, ACC: 0.9141544103622437
2023-06-10 11:27:46,251 - root - INFO - Loading land mask data from /home/bingxing2/home/scx6115/Ocean_AI_model/sample_00/land_mask.h5
2023-06-10 11:27:46,443 - root - INFO - Predicted timestep 25 of 30. ssh RMSE: 0.3088119924068451, ACC: 0.9094995856285095
2023-06-10 11:27:46,680 - root - INFO - Loading land mask data from /home/bingxing2/home/scx6115/Ocean_AI_model/sample_00/land_mask.h5
2023-06-10 11:27:47,111 - root - INFO - Predicted timestep 26 of 30. ssh RMSE: 0.3185056447982788, ACC: 0.9036923050880432
2023-06-10 11:27:47,342 - root - INFO - Loading land mask data from /home/bingxing2/home/scx6115/Ocean_AI_model/sample_00/land_mask.h5
2023-06-10 11:27:47,729 - root - INFO - Predicted timestep 27 of 30. ssh RMSE: 0.3293280601501465, ACC: 0.8963429927825928
2023-06-10 11:27:47,971 - root - INFO - Loading land mask data from /home/bingxing2/home/scx6115/Ocean_AI_model/sample_00/land_mask.h5
2023-06-10 11:27:48,264 - root - INFO - Predicted timestep 28 of 30. ssh RMSE: 0.33876633644104004, ACC: 0.8896467089653015
2023-06-10 11:27:48,317 - root - INFO - Loading land mask data from /home/bingxing2/home/scx6115/Ocean_AI_model/sample_00/land_mask.h5
2023-06-10 11:27:48,641 - root - INFO - Predicted timestep 29 of 30. ssh RMSE: 0.34682697057724, ACC: 0.8842238187789917
2023-06-10 11:27:52,692 - root - INFO - Saving files at .././exp/afno_backbone/20230609-155507/autoregressive_predictions.h5
pred: torch.Size([1, 25, 720, 1440]) tar: torch.Size([1, 25, 720, 1440])
pred: torch.Size([1, 25, 720, 1440]) tar: torch.Size([1, 25, 720, 1440])
pred: torch.Size([1, 25, 720, 1440]) tar: torch.Size([1, 25, 720, 1440])
pred: torch.Size([1, 25, 720, 1440]) tar: torch.Size([1, 25, 720, 1440])
pred: torch.Size([1, 25, 720, 1440]) tar: torch.Size([1, 25, 720, 1440])
pred: torch.Size([1, 25, 720, 1440]) tar: torch.Size([1, 25, 720, 1440])
pred: torch.Size([1, 25, 720, 1440]) tar: torch.Size([1, 25, 720, 1440])
pred: torch.Size([1, 25, 720, 1440]) tar: torch.Size([1, 25, 720, 1440])
pred: torch.Size([1, 25, 720, 1440]) tar: torch.Size([1, 25, 720, 1440])
pred: torch.Size([1, 25, 720, 1440]) tar: torch.Size([1, 25, 720, 1440])
pred: torch.Size([1, 25, 720, 1440]) tar: torch.Size([1, 25, 720, 1440])
pred: torch.Size([1, 25, 720, 1440]) tar: torch.Size([1, 25, 720, 1440])
pred: torch.Size([1, 25, 720, 1440]) tar: torch.Size([1, 25, 720, 1440])
pred: torch.Size([1, 25, 720, 1440]) tar: torch.Size([1, 25, 720, 1440])
pred: torch.Size([1, 25, 720, 1440]) tar: torch.Size([1, 25, 720, 1440])
pred: torch.Size([1, 25, 720, 1440]) tar: torch.Size([1, 25, 720, 1440])
pred: torch.Size([1, 25, 720, 1440]) tar: torch.Size([1, 25, 720, 1440])
pred: torch.Size([1, 25, 720, 1440]) tar: torch.Size([1, 25, 720, 1440])
pred: torch.Size([1, 25, 720, 1440]) tar: torch.Size([1, 25, 720, 1440])
pred: torch.Size([1, 25, 720, 1440]) tar: torch.Size([1, 25, 720, 1440])
pred: torch.Size([1, 25, 720, 1440]) tar: torch.Size([1, 25, 720, 1440])
pred: torch.Size([1, 25, 720, 1440]) tar: torch.Size([1, 25, 720, 1440])
pred: torch.Size([1, 25, 720, 1440]) tar: torch.Size([1, 25, 720, 1440])
pred: torch.Size([1, 25, 720, 1440]) tar: torch.Size([1, 25, 720, 1440])
pred: torch.Size([1, 25, 720, 1440]) tar: torch.Size([1, 25, 720, 1440])
pred: torch.Size([1, 25, 720, 1440]) tar: torch.Size([1, 25, 720, 1440])
pred: torch.Size([1, 25, 720, 1440]) tar: torch.Size([1, 25, 720, 1440])
pred: torch.Size([1, 25, 720, 1440]) tar: torch.Size([1, 25, 720, 1440])
pred: torch.Size([1, 25, 720, 1440]) tar: torch.Size([1, 25, 720, 1440])
pred: torch.Size([1, 25, 720, 1440]) tar: torch.Size([1, 25, 720, 1440])
pred: torch.Size([1, 25, 720, 1440]) tar: torch.Size([1, 25, 720, 1440])
pred: torch.Size([1, 25, 720, 1440]) tar: torch.Size([1, 25, 720, 1440])
pred: torch.Size([1, 25, 720, 1440]) tar: torch.Size([1, 25, 720, 1440])
pred: torch.Size([1, 25, 720, 1440]) tar: torch.Size([1, 25, 720, 1440])
pred: torch.Size([1, 25, 720, 1440]) tar: torch.Size([1, 25, 720, 1440])
pred: torch.Size([1, 25, 720, 1440]) tar: torch.Size([1, 25, 720, 1440])
pred: torch.Size([1, 25, 720, 1440]) tar: torch.Size([1, 25, 720, 1440])
pred: torch.Size([1, 25, 720, 1440]) tar: torch.Size([1, 25, 720, 1440])
pred: torch.Size([1, 25, 720, 1440]) tar: torch.Size([1, 25, 720, 1440])
pred: torch.Size([1, 25, 720, 1440]) tar: torch.Size([1, 25, 720, 1440])
pred: torch.Size([1, 25, 720, 1440]) tar: torch.Size([1, 25, 720, 1440])
pred: torch.Size([1, 25, 720, 1440]) tar: torch.Size([1, 25, 720, 1440])
pred: torch.Size([1, 25, 720, 1440]) tar: torch.Size([1, 25, 720, 1440])
pred: torch.Size([1, 25, 720, 1440]) tar: torch.Size([1, 25, 720, 1440])
pred: torch.Size([1, 25, 720, 1440]) tar: torch.Size([1, 25, 720, 1440])
pred: torch.Size([1, 25, 720, 1440]) tar: torch.Size([1, 25, 720, 1440])
pred: torch.Size([1, 25, 720, 1440]) tar: torch.Size([1, 25, 720, 1440])
pred: torch.Size([1, 25, 720, 1440]) tar: torch.Size([1, 25, 720, 1440])
pred: torch.Size([1, 25, 720, 1440]) tar: torch.Size([1, 25, 720, 1440])
pred: torch.Size([1, 25, 720, 1440]) tar: torch.Size([1, 25, 720, 1440])
pred: torch.Size([1, 25, 720, 1440]) tar: torch.Size([1, 25, 720, 1440])
pred: torch.Size([1, 25, 720, 1440]) tar: torch.Size([1, 25, 720, 1440])
pred: torch.Size([1, 25, 720, 1440]) tar: torch.Size([1, 25, 720, 1440])
pred: torch.Size([1, 25, 720, 1440]) tar: torch.Size([1, 25, 720, 1440])
pred: torch.Size([1, 25, 720, 1440]) tar: torch.Size([1, 25, 720, 1440])
pred: torch.Size([1, 25, 720, 1440]) tar: torch.Size([1, 25, 720, 1440])
pred: torch.Size([1, 25, 720, 1440]) tar: torch.Size([1, 25, 720, 1440])
pred: torch.Size([1, 25, 720, 1440]) tar: torch.Size([1, 25, 720, 1440])
pred: torch.Size([1, 25, 720, 1440]) tar: torch.Size([1, 25, 720, 1440])
pred: torch.Size([1, 25, 720, 1440]) tar: torch.Size([1, 25, 720, 1440])
pred: torch.Size([1, 25, 720, 1440]) tar: torch.Size([1, 25, 720, 1440])
pred: torch.Size([1, 25, 720, 1440]) tar: torch.Size([1, 25, 720, 1440])
pred: torch.Size([1, 25, 720, 1440]) tar: torch.Size([1, 25, 720, 1440])
pred: torch.Size([1, 25, 720, 1440]) tar: torch.Size([1, 25, 720, 1440])
pred: torch.Size([1, 25, 720, 1440]) tar: torch.Size([1, 25, 720, 1440])
pred: torch.Size([1, 25, 720, 1440]) tar: torch.Size([1, 25, 720, 1440])
pred: torch.Size([1, 25, 720, 1440]) tar: torch.Size([1, 25, 720, 1440])
pred: torch.Size([1, 25, 720, 1440]) tar: torch.Size([1, 25, 720, 1440])
pred: torch.Size([1, 25, 720, 1440]) tar: torch.Size([1, 25, 720, 1440])
pred: torch.Size([1, 25, 720, 1440]) tar: torch.Size([1, 25, 720, 1440])
pred: torch.Size([1, 25, 720, 1440]) tar: torch.Size([1, 25, 720, 1440])
pred: torch.Size([1, 25, 720, 1440]) tar: torch.Size([1, 25, 720, 1440])
pred: torch.Size([1, 25, 720, 1440]) tar: torch.Size([1, 25, 720, 1440])
pred: torch.Size([1, 25, 720, 1440]) tar: torch.Size([1, 25, 720, 1440])
pred: torch.Size([1, 25, 720, 1440]) tar: torch.Size([1, 25, 720, 1440])
pred: torch.Size([1, 25, 720, 1440]) tar: torch.Size([1, 25, 720, 1440])
pred: torch.Size([1, 25, 720, 1440]) tar: torch.Size([1, 25, 720, 1440])
pred: torch.Size([1, 25, 720, 1440]) tar: torch.Size([1, 25, 720, 1440])
pred: torch.Size([1, 25, 720, 1440]) tar: torch.Size([1, 25, 720, 1440])
pred: torch.Size([1, 25, 720, 1440]) tar: torch.Size([1, 25, 720, 1440])
pred: torch.Size([1, 25, 720, 1440]) tar: torch.Size([1, 25, 720, 1440])
pred: torch.Size([1, 25, 720, 1440]) tar: torch.Size([1, 25, 720, 1440])
pred: torch.Size([1, 25, 720, 1440]) tar: torch.Size([1, 25, 720, 1440])
pred: torch.Size([1, 25, 720, 1440]) tar: torch.Size([1, 25, 720, 1440])
pred: torch.Size([1, 25, 720, 1440]) tar: torch.Size([1, 25, 720, 1440])
pred: torch.Size([1, 25, 720, 1440]) tar: torch.Size([1, 25, 720, 1440])
pred: torch.Size([1, 25, 720, 1440]) tar: torch.Size([1, 25, 720, 1440])
pred: torch.Size([1, 25, 720, 1440]) tar: torch.Size([1, 25, 720, 1440])
pred: torch.Size([1, 25, 720, 1440]) tar: torch.Size([1, 25, 720, 1440])
pred: torch.Size([1, 25, 720, 1440]) tar: torch.Size([1, 25, 720, 1440])
pred: torch.Size([1, 25, 720, 1440]) tar: torch.Size([1, 25, 720, 1440])
pred: torch.Size([1, 25, 720, 1440]) tar: torch.Size([1, 25, 720, 1440])
pred: torch.Size([1, 25, 720, 1440]) tar: torch.Size([1, 25, 720, 1440])
pred: torch.Size([1, 25, 720, 1440]) tar: torch.Size([1, 25, 720, 1440])
pred: torch.Size([1, 25, 720, 1440]) tar: torch.Size([1, 25, 720, 1440])
pred: torch.Size([1, 25, 720, 1440]) tar: torch.Size([1, 25, 720, 1440])
pred: torch.Size([1, 25, 720, 1440]) tar: torch.Size([1, 25, 720, 1440])
pred: torch.Size([1, 25, 720, 1440]) tar: torch.Size([1, 25, 720, 1440])
pred: torch.Size([1, 25, 720, 1440]) tar: torch.Size([1, 25, 720, 1440])
pred: torch.Size([1, 25, 720, 1440]) tar: torch.Size([1, 25, 720, 1440])
pred: torch.Size([1, 25, 720, 1440]) tar: torch.Size([1, 25, 720, 1440])
pred: torch.Size([1, 25, 720, 1440]) tar: torch.Size([1, 25, 720, 1440])
pred: torch.Size([1, 25, 720, 1440]) tar: torch.Size([1, 25, 720, 1440])
pred: torch.Size([1, 25, 720, 1440]) tar: torch.Size([1, 25, 720, 1440])
pred: torch.Size([1, 25, 720, 1440]) tar: torch.Size([1, 25, 720, 1440])
pred: torch.Size([1, 25, 720, 1440]) tar: torch.Size([1, 25, 720, 1440])
pred: torch.Size([1, 25, 720, 1440]) tar: torch.Size([1, 25, 720, 1440])
pred: torch.Size([1, 25, 720, 1440]) tar: torch.Size([1, 25, 720, 1440])
pred: torch.Size([1, 25, 720, 1440]) tar: torch.Size([1, 25, 720, 1440])
pred: torch.Size([1, 25, 720, 1440]) tar: torch.Size([1, 25, 720, 1440])
pred: torch.Size([1, 25, 720, 1440]) tar: torch.Size([1, 25, 720, 1440])
pred: torch.Size([1, 25, 720, 1440]) tar: torch.Size([1, 25, 720, 1440])
pred: torch.Size([1, 25, 720, 1440]) tar: torch.Size([1, 25, 720, 1440])
pred: torch.Size([1, 25, 720, 1440]) tar: torch.Size([1, 25, 720, 1440])
pred: torch.Size([1, 25, 720, 1440]) tar: torch.Size([1, 25, 720, 1440])
pred: torch.Size([1, 25, 720, 1440]) tar: torch.Size([1, 25, 720, 1440])
pred: torch.Size([1, 25, 720, 1440]) tar: torch.Size([1, 25, 720, 1440])
pred: torch.Size([1, 25, 720, 1440]) tar: torch.Size([1, 25, 720, 1440])
pred: torch.Size([1, 25, 720, 1440]) tar: torch.Size([1, 25, 720, 1440])
pred: torch.Size([1, 25, 720, 1440]) tar: torch.Size([1, 25, 720, 1440])
seq_real: (4, 30, 25, 720, 1440)
4 30 25 720 1440
seq_pred:  (4, 30, 25, 720, 1440)
