cuda-11.7 loaded successful
gcc-12.2.0 loaded successful
2023-06-10 11:46:27,447 - root - INFO - expDir: .././exp/afno_backbone/20230609-155507
2023-06-10 11:46:27,450 - root - INFO - ------------------ Configuration ------------------
2023-06-10 11:46:27,452 - root - INFO - Configuration file: /home/bingxing2/home/scx6115/Ocean_AI_model/config/AFNO.yaml
2023-06-10 11:46:27,453 - root - INFO - Configuration name: afno_backbone
2023-06-10 11:46:27,453 - root - INFO - log_to_wandb True
2023-06-10 11:46:27,453 - root - INFO - lr 0.0005
2023-06-10 11:46:27,453 - root - INFO - batch_size 32
2023-06-10 11:46:27,453 - root - INFO - max_epochs 500
2023-06-10 11:46:27,453 - root - INFO - scheduler CosineAnnealingLR
2023-06-10 11:46:27,453 - root - INFO - in_channels [0, 1, 2, 3, 4, 5, 6, 7, 8, 9, 10, 11, 12, 13, 14, 15, 16, 17, 18, 19, 20, 21, 22, 23, 24, 25, 26, 27, 28, 29]
2023-06-10 11:46:27,453 - root - INFO - out_channels [0, 1, 2, 3, 4, 5, 6, 7, 8, 9, 10, 11, 12, 13, 14, 15, 16, 17, 18, 19, 20, 21, 22, 23, 24]
2023-06-10 11:46:27,453 - root - INFO - N_in_channels 31
2023-06-10 11:46:27,453 - root - INFO - N_out_channels 25
2023-06-10 11:46:27,453 - root - INFO - img_size_h 720
2023-06-10 11:46:27,453 - root - INFO - img_size_w 1440
2023-06-10 11:46:27,454 - root - INFO - patch_size_h 5
2023-06-10 11:46:27,454 - root - INFO - patch_size_w 5
2023-06-10 11:46:27,454 - root - INFO - loss l2
2023-06-10 11:46:27,454 - root - INFO - num_data_workers 8
2023-06-10 11:46:27,454 - root - INFO - dt 1
2023-06-10 11:46:27,454 - root - INFO - n_history 0
2023-06-10 11:46:27,454 - root - INFO - prediction_type iterative
2023-06-10 11:46:27,454 - root - INFO - prediction_length 30
2023-06-10 11:46:27,454 - root - INFO - n_initial_conditions 5
2023-06-10 11:46:27,454 - root - INFO - ics_type default
2023-06-10 11:46:27,454 - root - INFO - save_raw_forecasts True
2023-06-10 11:46:27,454 - root - INFO - save_channel False
2023-06-10 11:46:27,454 - root - INFO - masked_acc False
2023-06-10 11:46:27,454 - root - INFO - maskpath None
2023-06-10 11:46:27,455 - root - INFO - perturb False
2023-06-10 11:46:27,455 - root - INFO - add_grid False
2023-06-10 11:46:27,455 - root - INFO - N_grid_channels 0
2023-06-10 11:46:27,455 - root - INFO - gridtype sinusoidal
2023-06-10 11:46:27,455 - root - INFO - roll False
2023-06-10 11:46:27,455 - root - INFO - num_blocks 8
2023-06-10 11:46:27,455 - root - INFO - nettype afno
2023-06-10 11:46:27,455 - root - INFO - patch_size 8
2023-06-10 11:46:27,455 - root - INFO - width 56
2023-06-10 11:46:27,455 - root - INFO - modes 32
2023-06-10 11:46:27,455 - root - INFO - target default
2023-06-10 11:46:27,455 - root - INFO - enable_nhwc False
2023-06-10 11:46:27,455 - root - INFO - optimizer_type FusedAdam
2023-06-10 11:46:27,455 - root - INFO - normalize True
2023-06-10 11:46:27,456 - root - INFO - normalization zscore
2023-06-10 11:46:27,456 - root - INFO - global_mins_path /home/bingxing2/home/scx6115/Ocean_AI_model/sample_00/train/global_mins.npy
2023-06-10 11:46:27,456 - root - INFO - global_maxs_path /home/bingxing2/home/scx6115/Ocean_AI_model/sample_00/train/global_maxs.npy
2023-06-10 11:46:27,456 - root - INFO - global_means_path /home/bingxing2/home/scx6115/Ocean_AI_model/sample_00/train/global_means.npy
2023-06-10 11:46:27,456 - root - INFO - global_stds_path /home/bingxing2/home/scx6115/Ocean_AI_model/sample_00/train/global_stds.npy
2023-06-10 11:46:27,456 - root - INFO - train_data_path /home/bingxing2/home/scx6115/Ocean_AI_model/sample_00/train
2023-06-10 11:46:27,456 - root - INFO - valid_data_path /home/bingxing2/home/scx6115/Ocean_AI_model/sample_00/valid
2023-06-10 11:46:27,456 - root - INFO - test_data_path /home/bingxing2/home/scx6115/Ocean_AI_model/sample_00/test
2023-06-10 11:46:27,456 - root - INFO - land_mask True
2023-06-10 11:46:27,456 - root - INFO - land_mask_path /home/bingxing2/home/scx6115/Ocean_AI_model/sample_00/land_mask.h5
2023-06-10 11:46:27,456 - root - INFO - orography True
2023-06-10 11:46:27,456 - root - INFO - orography_norm_zscore_path /home/bingxing2/home/scx6115/Ocean_AI_model/sample_00/orography_norm_zscore.h5
2023-06-10 11:46:27,456 - root - INFO - orography_norm_maxmin_path /home/bingxing2/home/scx6115/Ocean_AI_model/sample_00/orography_norm_maxmin.h5
2023-06-10 11:46:27,456 - root - INFO - exp_dir ./exp
2023-06-10 11:46:27,457 - root - INFO - add_noise False
2023-06-10 11:46:27,457 - root - INFO - noise_std 0
2023-06-10 11:46:27,457 - root - INFO - crop_size_x None
2023-06-10 11:46:27,457 - root - INFO - crop_size_y None
2023-06-10 11:46:27,457 - root - INFO - log_to_screen True
2023-06-10 11:46:27,457 - root - INFO - save_checkpoint True
2023-06-10 11:46:27,457 - root - INFO - plot_animations False
2023-06-10 11:46:27,457 - root - INFO - world_size 1
2023-06-10 11:46:27,457 - root - INFO - interp 0
2023-06-10 11:46:27,457 - root - INFO - global_batch_size 32
2023-06-10 11:46:27,457 - root - INFO - experiment_dir .././exp/afno_backbone/20230609-155507
2023-06-10 11:46:27,457 - root - INFO - best_checkpoint_path .././exp/afno_backbone/20230609-155507/training_checkpoints/best_ckpt.tar
2023-06-10 11:46:27,457 - root - INFO - resuming False
2023-06-10 11:46:27,457 - root - INFO - local_rank 0
2023-06-10 11:46:27,458 - root - INFO - ---------------------------------------------------
2023-06-10 11:46:27,458 - root - INFO - Inference for 6 initial conditions
2023-06-10 11:46:27,502 - root - INFO - Getting file stats from /home/bingxing2/home/scx6115/Ocean_AI_model/sample_00/test/2012.h5
2023-06-10 11:46:27,504 - root - INFO - Number of samples per year: 365
2023-06-10 11:46:27,504 - root - INFO - Found data at path /home/bingxing2/home/scx6115/Ocean_AI_model/sample_00/test. Number of examples: 365. Image Shape: 720 x 1440 x 30
2023-06-10 11:46:27,504 - root - INFO - Delta t: 1 days
2023-06-10 11:46:27,504 - root - INFO - Including 0 days of past history in training at a frequency of 1 days
2023-06-10 11:46:28,883 - root - INFO - Loading trained model checkpoint from .././exp/afno_backbone/20230609-155507/training_checkpoints/best_ckpt.tar
2023-06-10 11:46:32,542 - root - INFO - Loading inference data
2023-06-10 11:46:32,543 - root - INFO - Inference data from /home/bingxing2/home/scx6115/Ocean_AI_model/sample_00/test/2012.h5
2023-06-10 11:46:32,546 - root - INFO - Initial condition 1 of 6
2023-06-10 11:46:36,549 - root - INFO - valid_data_full: (366, 30, 721, 1440)
2023-06-10 11:46:36,614 - root - INFO - valid_data: (30, 30, 720, 1440)
2023-06-10 11:46:43,933 - root - INFO - orography loaded; shape:torch.Size([1, 1, 720, 1440])
2023-06-10 11:46:43,933 - root - INFO - Begin autoregressive inference
2023-06-10 11:46:46,310 - root - INFO - Loading land mask data from /home/bingxing2/home/scx6115/Ocean_AI_model/sample_00/land_mask.h5
2023-06-10 11:46:46,553 - root - INFO - Predicted timestep 0 of 30. ssh RMSE: 0.0, ACC: 1.0
2023-06-10 11:46:46,782 - root - INFO - Loading land mask data from /home/bingxing2/home/scx6115/Ocean_AI_model/sample_00/land_mask.h5
2023-06-10 11:46:46,948 - root - INFO - Predicted timestep 1 of 30. ssh RMSE: 0.028266500681638718, ACC: 0.998833954334259
2023-06-10 11:46:47,179 - root - INFO - Loading land mask data from /home/bingxing2/home/scx6115/Ocean_AI_model/sample_00/land_mask.h5
2023-06-10 11:46:47,329 - root - INFO - Predicted timestep 2 of 30. ssh RMSE: 0.04637856036424637, ACC: 0.9968908429145813
2023-06-10 11:46:47,551 - root - INFO - Loading land mask data from /home/bingxing2/home/scx6115/Ocean_AI_model/sample_00/land_mask.h5
2023-06-10 11:46:47,706 - root - INFO - Predicted timestep 3 of 30. ssh RMSE: 0.06335952132940292, ACC: 0.9943967461585999
2023-06-10 11:46:47,936 - root - INFO - Loading land mask data from /home/bingxing2/home/scx6115/Ocean_AI_model/sample_00/land_mask.h5
2023-06-10 11:46:48,099 - root - INFO - Predicted timestep 4 of 30. ssh RMSE: 0.0796470046043396, ACC: 0.9915872812271118
2023-06-10 11:46:48,462 - root - INFO - Loading land mask data from /home/bingxing2/home/scx6115/Ocean_AI_model/sample_00/land_mask.h5
2023-06-10 11:46:48,620 - root - INFO - Predicted timestep 5 of 30. ssh RMSE: 0.10016603022813797, ACC: 0.9872488379478455
2023-06-10 11:46:48,942 - root - INFO - Loading land mask data from /home/bingxing2/home/scx6115/Ocean_AI_model/sample_00/land_mask.h5
2023-06-10 11:46:49,097 - root - INFO - Predicted timestep 6 of 30. ssh RMSE: 0.11448989808559418, ACC: 0.9841009378433228
2023-06-10 11:46:49,328 - root - INFO - Loading land mask data from /home/bingxing2/home/scx6115/Ocean_AI_model/sample_00/land_mask.h5
2023-06-10 11:46:49,573 - root - INFO - Predicted timestep 7 of 30. ssh RMSE: 0.1274920403957367, ACC: 0.9808833599090576
2023-06-10 11:46:49,817 - root - INFO - Loading land mask data from /home/bingxing2/home/scx6115/Ocean_AI_model/sample_00/land_mask.h5
2023-06-10 11:46:49,964 - root - INFO - Predicted timestep 8 of 30. ssh RMSE: 0.13792355358600616, ACC: 0.978193998336792
2023-06-10 11:46:50,205 - root - INFO - Loading land mask data from /home/bingxing2/home/scx6115/Ocean_AI_model/sample_00/land_mask.h5
2023-06-10 11:46:50,350 - root - INFO - Predicted timestep 9 of 30. ssh RMSE: 0.15116947889328003, ACC: 0.9742135405540466
2023-06-10 11:46:50,581 - root - INFO - Loading land mask data from /home/bingxing2/home/scx6115/Ocean_AI_model/sample_00/land_mask.h5
2023-06-10 11:46:50,723 - root - INFO - Predicted timestep 10 of 30. ssh RMSE: 0.16061705350875854, ACC: 0.9714149832725525
2023-06-10 11:46:50,952 - root - INFO - Loading land mask data from /home/bingxing2/home/scx6115/Ocean_AI_model/sample_00/land_mask.h5
2023-06-10 11:46:51,094 - root - INFO - Predicted timestep 11 of 30. ssh RMSE: 0.1702042669057846, ACC: 0.96837317943573
2023-06-10 11:46:51,326 - root - INFO - Loading land mask data from /home/bingxing2/home/scx6115/Ocean_AI_model/sample_00/land_mask.h5
2023-06-10 11:46:51,484 - root - INFO - Predicted timestep 12 of 30. ssh RMSE: 0.17883901298046112, ACC: 0.965531587600708
2023-06-10 11:46:51,716 - root - INFO - Loading land mask data from /home/bingxing2/home/scx6115/Ocean_AI_model/sample_00/land_mask.h5
2023-06-10 11:46:51,875 - root - INFO - Predicted timestep 13 of 30. ssh RMSE: 0.18920688331127167, ACC: 0.9621402621269226
2023-06-10 11:46:52,225 - root - INFO - Loading land mask data from /home/bingxing2/home/scx6115/Ocean_AI_model/sample_00/land_mask.h5
2023-06-10 11:46:52,385 - root - INFO - Predicted timestep 14 of 30. ssh RMSE: 0.19942349195480347, ACC: 0.9585751295089722
2023-06-10 11:46:52,737 - root - INFO - Loading land mask data from /home/bingxing2/home/scx6115/Ocean_AI_model/sample_00/land_mask.h5
2023-06-10 11:46:52,895 - root - INFO - Predicted timestep 15 of 30. ssh RMSE: 0.20973777770996094, ACC: 0.9542970657348633
2023-06-10 11:46:53,122 - root - INFO - Loading land mask data from /home/bingxing2/home/scx6115/Ocean_AI_model/sample_00/land_mask.h5
2023-06-10 11:46:53,407 - root - INFO - Predicted timestep 16 of 30. ssh RMSE: 0.2216125726699829, ACC: 0.9489278793334961
2023-06-10 11:46:53,633 - root - INFO - Loading land mask data from /home/bingxing2/home/scx6115/Ocean_AI_model/sample_00/land_mask.h5
2023-06-10 11:46:53,788 - root - INFO - Predicted timestep 17 of 30. ssh RMSE: 0.23147478699684143, ACC: 0.9445264935493469
2023-06-10 11:46:54,016 - root - INFO - Loading land mask data from /home/bingxing2/home/scx6115/Ocean_AI_model/sample_00/land_mask.h5
2023-06-10 11:46:54,161 - root - INFO - Predicted timestep 18 of 30. ssh RMSE: 0.23916496336460114, ACC: 0.9411947131156921
2023-06-10 11:46:54,388 - root - INFO - Loading land mask data from /home/bingxing2/home/scx6115/Ocean_AI_model/sample_00/land_mask.h5
2023-06-10 11:46:54,534 - root - INFO - Predicted timestep 19 of 30. ssh RMSE: 0.24737977981567383, ACC: 0.9371615648269653
2023-06-10 11:46:54,752 - root - INFO - Loading land mask data from /home/bingxing2/home/scx6115/Ocean_AI_model/sample_00/land_mask.h5
2023-06-10 11:46:54,894 - root - INFO - Predicted timestep 20 of 30. ssh RMSE: 0.2580791115760803, ACC: 0.9316849708557129
2023-06-10 11:46:55,122 - root - INFO - Loading land mask data from /home/bingxing2/home/scx6115/Ocean_AI_model/sample_00/land_mask.h5
2023-06-10 11:46:55,272 - root - INFO - Predicted timestep 21 of 30. ssh RMSE: 0.27222907543182373, ACC: 0.924243688583374
2023-06-10 11:46:55,500 - root - INFO - Loading land mask data from /home/bingxing2/home/scx6115/Ocean_AI_model/sample_00/land_mask.h5
2023-06-10 11:46:55,654 - root - INFO - Predicted timestep 22 of 30. ssh RMSE: 0.2843457758426666, ACC: 0.917676568031311
2023-06-10 11:46:55,872 - root - INFO - Loading land mask data from /home/bingxing2/home/scx6115/Ocean_AI_model/sample_00/land_mask.h5
2023-06-10 11:46:56,027 - root - INFO - Predicted timestep 23 of 30. ssh RMSE: 0.2938792407512665, ACC: 0.9120829105377197
2023-06-10 11:46:56,249 - root - INFO - Loading land mask data from /home/bingxing2/home/scx6115/Ocean_AI_model/sample_00/land_mask.h5
2023-06-10 11:46:56,407 - root - INFO - Predicted timestep 24 of 30. ssh RMSE: 0.3031795918941498, ACC: 0.9064208269119263
2023-06-10 11:46:56,637 - root - INFO - Loading land mask data from /home/bingxing2/home/scx6115/Ocean_AI_model/sample_00/land_mask.h5
2023-06-10 11:46:56,788 - root - INFO - Predicted timestep 25 of 30. ssh RMSE: 0.3159758746623993, ACC: 0.8985565900802612
2023-06-10 11:46:57,016 - root - INFO - Loading land mask data from /home/bingxing2/home/scx6115/Ocean_AI_model/sample_00/land_mask.h5
2023-06-10 11:46:57,178 - root - INFO - Predicted timestep 26 of 30. ssh RMSE: 0.3286275565624237, ACC: 0.8905209302902222
2023-06-10 11:46:57,406 - root - INFO - Loading land mask data from /home/bingxing2/home/scx6115/Ocean_AI_model/sample_00/land_mask.h5
2023-06-10 11:46:57,556 - root - INFO - Predicted timestep 27 of 30. ssh RMSE: 0.33457329869270325, ACC: 0.8877006769180298
2023-06-10 11:46:57,796 - root - INFO - Loading land mask data from /home/bingxing2/home/scx6115/Ocean_AI_model/sample_00/land_mask.h5
2023-06-10 11:46:57,947 - root - INFO - Predicted timestep 28 of 30. ssh RMSE: 0.34484511613845825, ACC: 0.8809945583343506
2023-06-10 11:46:58,007 - root - INFO - Loading land mask data from /home/bingxing2/home/scx6115/Ocean_AI_model/sample_00/land_mask.h5
2023-06-10 11:46:58,157 - root - INFO - Predicted timestep 29 of 30. ssh RMSE: 0.35649776458740234, ACC: 0.8723531365394592
2023-06-10 11:46:58,165 - root - INFO - Initial condition 2 of 6
2023-06-10 11:47:01,897 - root - INFO - valid_data_full: (366, 30, 721, 1440)
2023-06-10 11:47:01,953 - root - INFO - valid_data: (30, 30, 720, 1440)
2023-06-10 11:47:10,176 - root - INFO - orography loaded; shape:torch.Size([1, 1, 720, 1440])
2023-06-10 11:47:10,176 - root - INFO - Begin autoregressive inference
2023-06-10 11:47:10,426 - root - INFO - Loading land mask data from /home/bingxing2/home/scx6115/Ocean_AI_model/sample_00/land_mask.h5
2023-06-10 11:47:10,733 - root - INFO - Predicted timestep 0 of 30. ssh RMSE: 0.0, ACC: 1.0
2023-06-10 11:47:10,978 - root - INFO - Loading land mask data from /home/bingxing2/home/scx6115/Ocean_AI_model/sample_00/land_mask.h5
2023-06-10 11:47:11,153 - root - INFO - Predicted timestep 1 of 30. ssh RMSE: 0.028223128989338875, ACC: 0.9988043308258057
2023-06-10 11:47:11,386 - root - INFO - Loading land mask data from /home/bingxing2/home/scx6115/Ocean_AI_model/sample_00/land_mask.h5
2023-06-10 11:47:11,538 - root - INFO - Predicted timestep 2 of 30. ssh RMSE: 0.04282796010375023, ACC: 0.9973060488700867
2023-06-10 11:47:11,766 - root - INFO - Loading land mask data from /home/bingxing2/home/scx6115/Ocean_AI_model/sample_00/land_mask.h5
2023-06-10 11:47:11,932 - root - INFO - Predicted timestep 3 of 30. ssh RMSE: 0.060436949133872986, ACC: 0.9948717355728149
2023-06-10 11:47:12,165 - root - INFO - Loading land mask data from /home/bingxing2/home/scx6115/Ocean_AI_model/sample_00/land_mask.h5
2023-06-10 11:47:12,318 - root - INFO - Predicted timestep 4 of 30. ssh RMSE: 0.08168882876634598, ACC: 0.9911071062088013
2023-06-10 11:47:12,552 - root - INFO - Loading land mask data from /home/bingxing2/home/scx6115/Ocean_AI_model/sample_00/land_mask.h5
2023-06-10 11:47:12,710 - root - INFO - Predicted timestep 5 of 30. ssh RMSE: 0.10097245126962662, ACC: 0.9872183203697205
2023-06-10 11:47:12,936 - root - INFO - Loading land mask data from /home/bingxing2/home/scx6115/Ocean_AI_model/sample_00/land_mask.h5
2023-06-10 11:47:13,099 - root - INFO - Predicted timestep 6 of 30. ssh RMSE: 0.11717160046100616, ACC: 0.9838707447052002
2023-06-10 11:47:13,320 - root - INFO - Loading land mask data from /home/bingxing2/home/scx6115/Ocean_AI_model/sample_00/land_mask.h5
2023-06-10 11:47:13,483 - root - INFO - Predicted timestep 7 of 30. ssh RMSE: 0.13164426386356354, ACC: 0.980401873588562
2023-06-10 11:47:13,718 - root - INFO - Loading land mask data from /home/bingxing2/home/scx6115/Ocean_AI_model/sample_00/land_mask.h5
2023-06-10 11:47:13,885 - root - INFO - Predicted timestep 8 of 30. ssh RMSE: 0.14251190423965454, ACC: 0.9780775308609009
2023-06-10 11:47:14,114 - root - INFO - Loading land mask data from /home/bingxing2/home/scx6115/Ocean_AI_model/sample_00/land_mask.h5
2023-06-10 11:47:14,737 - root - INFO - Predicted timestep 9 of 30. ssh RMSE: 0.15186189115047455, ACC: 0.975500226020813
2023-06-10 11:47:14,972 - root - INFO - Loading land mask data from /home/bingxing2/home/scx6115/Ocean_AI_model/sample_00/land_mask.h5
2023-06-10 11:47:15,136 - root - INFO - Predicted timestep 10 of 30. ssh RMSE: 0.158224418759346, ACC: 0.9737286567687988
2023-06-10 11:47:15,373 - root - INFO - Loading land mask data from /home/bingxing2/home/scx6115/Ocean_AI_model/sample_00/land_mask.h5
2023-06-10 11:47:15,542 - root - INFO - Predicted timestep 11 of 30. ssh RMSE: 0.1689760982990265, ACC: 0.9705043435096741
2023-06-10 11:47:15,772 - root - INFO - Loading land mask data from /home/bingxing2/home/scx6115/Ocean_AI_model/sample_00/land_mask.h5
2023-06-10 11:47:15,935 - root - INFO - Predicted timestep 12 of 30. ssh RMSE: 0.17837528884410858, ACC: 0.9675770401954651
2023-06-10 11:47:16,168 - root - INFO - Loading land mask data from /home/bingxing2/home/scx6115/Ocean_AI_model/sample_00/land_mask.h5
2023-06-10 11:47:16,334 - root - INFO - Predicted timestep 13 of 30. ssh RMSE: 0.188308984041214, ACC: 0.9641348719596863
2023-06-10 11:47:16,562 - root - INFO - Loading land mask data from /home/bingxing2/home/scx6115/Ocean_AI_model/sample_00/land_mask.h5
2023-06-10 11:47:16,727 - root - INFO - Predicted timestep 14 of 30. ssh RMSE: 0.19803820550441742, ACC: 0.9609550833702087
2023-06-10 11:47:16,945 - root - INFO - Loading land mask data from /home/bingxing2/home/scx6115/Ocean_AI_model/sample_00/land_mask.h5
2023-06-10 11:47:17,118 - root - INFO - Predicted timestep 15 of 30. ssh RMSE: 0.21003231406211853, ACC: 0.9564738869667053
2023-06-10 11:47:17,334 - root - INFO - Loading land mask data from /home/bingxing2/home/scx6115/Ocean_AI_model/sample_00/land_mask.h5
2023-06-10 11:47:17,495 - root - INFO - Predicted timestep 16 of 30. ssh RMSE: 0.22123867273330688, ACC: 0.9514318704605103
2023-06-10 11:47:17,724 - root - INFO - Loading land mask data from /home/bingxing2/home/scx6115/Ocean_AI_model/sample_00/land_mask.h5
2023-06-10 11:47:17,893 - root - INFO - Predicted timestep 17 of 30. ssh RMSE: 0.23157745599746704, ACC: 0.9463052153587341
2023-06-10 11:47:18,122 - root - INFO - Loading land mask data from /home/bingxing2/home/scx6115/Ocean_AI_model/sample_00/land_mask.h5
2023-06-10 11:47:18,287 - root - INFO - Predicted timestep 18 of 30. ssh RMSE: 0.23878443241119385, ACC: 0.9428291916847229
2023-06-10 11:47:18,502 - root - INFO - Loading land mask data from /home/bingxing2/home/scx6115/Ocean_AI_model/sample_00/land_mask.h5
2023-06-10 11:47:18,681 - root - INFO - Predicted timestep 19 of 30. ssh RMSE: 0.24815306067466736, ACC: 0.9383026957511902
2023-06-10 11:47:18,905 - root - INFO - Loading land mask data from /home/bingxing2/home/scx6115/Ocean_AI_model/sample_00/land_mask.h5
2023-06-10 11:47:19,080 - root - INFO - Predicted timestep 20 of 30. ssh RMSE: 0.2590908408164978, ACC: 0.933148980140686
2023-06-10 11:47:19,308 - root - INFO - Loading land mask data from /home/bingxing2/home/scx6115/Ocean_AI_model/sample_00/land_mask.h5
2023-06-10 11:47:19,483 - root - INFO - Predicted timestep 21 of 30. ssh RMSE: 0.26886457204818726, ACC: 0.9285915493965149
2023-06-10 11:47:19,701 - root - INFO - Loading land mask data from /home/bingxing2/home/scx6115/Ocean_AI_model/sample_00/land_mask.h5
2023-06-10 11:47:19,878 - root - INFO - Predicted timestep 22 of 30. ssh RMSE: 0.2811640799045563, ACC: 0.9227089285850525
2023-06-10 11:47:20,103 - root - INFO - Loading land mask data from /home/bingxing2/home/scx6115/Ocean_AI_model/sample_00/land_mask.h5
2023-06-10 11:47:20,275 - root - INFO - Predicted timestep 23 of 30. ssh RMSE: 0.671824038028717, ACC: 0.32220458984375
2023-06-10 11:47:20,498 - root - INFO - Loading land mask data from /home/bingxing2/home/scx6115/Ocean_AI_model/sample_00/land_mask.h5
2023-06-10 11:47:20,673 - root - INFO - Predicted timestep 24 of 30. ssh RMSE: 0.29981139302253723, ACC: 0.9125174283981323
2023-06-10 11:47:20,892 - root - INFO - Loading land mask data from /home/bingxing2/home/scx6115/Ocean_AI_model/sample_00/land_mask.h5
2023-06-10 11:47:21,059 - root - INFO - Predicted timestep 25 of 30. ssh RMSE: 0.31141752004623413, ACC: 0.9054973125457764
2023-06-10 11:47:21,292 - root - INFO - Loading land mask data from /home/bingxing2/home/scx6115/Ocean_AI_model/sample_00/land_mask.h5
2023-06-10 11:47:21,459 - root - INFO - Predicted timestep 26 of 30. ssh RMSE: 0.3230096995830536, ACC: 0.8984466791152954
2023-06-10 11:47:21,681 - root - INFO - Loading land mask data from /home/bingxing2/home/scx6115/Ocean_AI_model/sample_00/land_mask.h5
2023-06-10 11:47:21,842 - root - INFO - Predicted timestep 27 of 30. ssh RMSE: 0.3330323100090027, ACC: 0.8918333053588867
2023-06-10 11:47:22,063 - root - INFO - Loading land mask data from /home/bingxing2/home/scx6115/Ocean_AI_model/sample_00/land_mask.h5
2023-06-10 11:47:22,235 - root - INFO - Predicted timestep 28 of 30. ssh RMSE: 0.34084054827690125, ACC: 0.8870640993118286
2023-06-10 11:47:22,280 - root - INFO - Loading land mask data from /home/bingxing2/home/scx6115/Ocean_AI_model/sample_00/land_mask.h5
2023-06-10 11:47:22,454 - root - INFO - Predicted timestep 29 of 30. ssh RMSE: 0.35021093487739563, ACC: 0.8802236318588257
2023-06-10 11:47:25,358 - root - INFO - Initial condition 3 of 6
2023-06-10 11:47:29,170 - root - INFO - valid_data_full: (366, 30, 721, 1440)
2023-06-10 11:47:29,252 - root - INFO - valid_data: (30, 30, 720, 1440)
2023-06-10 11:47:36,354 - root - INFO - orography loaded; shape:torch.Size([1, 1, 720, 1440])
2023-06-10 11:47:36,355 - root - INFO - Begin autoregressive inference
2023-06-10 11:47:36,621 - root - INFO - Loading land mask data from /home/bingxing2/home/scx6115/Ocean_AI_model/sample_00/land_mask.h5
2023-06-10 11:47:36,827 - root - INFO - Predicted timestep 0 of 30. ssh RMSE: 0.0, ACC: 1.0
2023-06-10 11:47:37,065 - root - INFO - Loading land mask data from /home/bingxing2/home/scx6115/Ocean_AI_model/sample_00/land_mask.h5
2023-06-10 11:47:37,258 - root - INFO - Predicted timestep 1 of 30. ssh RMSE: 0.02931646630167961, ACC: 0.9987504482269287
2023-06-10 11:47:37,497 - root - INFO - Loading land mask data from /home/bingxing2/home/scx6115/Ocean_AI_model/sample_00/land_mask.h5
2023-06-10 11:47:37,708 - root - INFO - Predicted timestep 2 of 30. ssh RMSE: 0.0451517179608345, ACC: 0.9970911741256714
2023-06-10 11:47:37,939 - root - INFO - Loading land mask data from /home/bingxing2/home/scx6115/Ocean_AI_model/sample_00/land_mask.h5
2023-06-10 11:47:38,104 - root - INFO - Predicted timestep 3 of 30. ssh RMSE: 0.06369426846504211, ACC: 0.9945526719093323
2023-06-10 11:47:38,337 - root - INFO - Loading land mask data from /home/bingxing2/home/scx6115/Ocean_AI_model/sample_00/land_mask.h5
2023-06-10 11:47:38,501 - root - INFO - Predicted timestep 4 of 30. ssh RMSE: 0.08097859472036362, ACC: 0.9918203353881836
2023-06-10 11:47:38,734 - root - INFO - Loading land mask data from /home/bingxing2/home/scx6115/Ocean_AI_model/sample_00/land_mask.h5
2023-06-10 11:47:38,919 - root - INFO - Predicted timestep 5 of 30. ssh RMSE: 0.0974542424082756, ACC: 0.9887385368347168
2023-06-10 11:47:39,137 - root - INFO - Loading land mask data from /home/bingxing2/home/scx6115/Ocean_AI_model/sample_00/land_mask.h5
2023-06-10 11:47:39,301 - root - INFO - Predicted timestep 6 of 30. ssh RMSE: 0.11627008765935898, ACC: 0.9844408631324768
2023-06-10 11:47:39,525 - root - INFO - Loading land mask data from /home/bingxing2/home/scx6115/Ocean_AI_model/sample_00/land_mask.h5
2023-06-10 11:47:39,683 - root - INFO - Predicted timestep 7 of 30. ssh RMSE: 0.13120126724243164, ACC: 0.9806137084960938
2023-06-10 11:47:39,911 - root - INFO - Loading land mask data from /home/bingxing2/home/scx6115/Ocean_AI_model/sample_00/land_mask.h5
2023-06-10 11:47:40,072 - root - INFO - Predicted timestep 8 of 30. ssh RMSE: 0.14145220816135406, ACC: 0.9782601594924927
2023-06-10 11:47:40,290 - root - INFO - Loading land mask data from /home/bingxing2/home/scx6115/Ocean_AI_model/sample_00/land_mask.h5
2023-06-10 11:47:40,447 - root - INFO - Predicted timestep 9 of 30. ssh RMSE: 0.1522909700870514, ACC: 0.9758522510528564
2023-06-10 11:47:40,674 - root - INFO - Loading land mask data from /home/bingxing2/home/scx6115/Ocean_AI_model/sample_00/land_mask.h5
2023-06-10 11:47:40,837 - root - INFO - Predicted timestep 10 of 30. ssh RMSE: 0.16172361373901367, ACC: 0.9733508229255676
2023-06-10 11:47:41,062 - root - INFO - Loading land mask data from /home/bingxing2/home/scx6115/Ocean_AI_model/sample_00/land_mask.h5
2023-06-10 11:47:41,223 - root - INFO - Predicted timestep 11 of 30. ssh RMSE: 0.1702602356672287, ACC: 0.9708508253097534
2023-06-10 11:47:41,446 - root - INFO - Loading land mask data from /home/bingxing2/home/scx6115/Ocean_AI_model/sample_00/land_mask.h5
2023-06-10 11:47:41,602 - root - INFO - Predicted timestep 12 of 30. ssh RMSE: 0.18181756138801575, ACC: 0.9672366976737976
2023-06-10 11:47:41,819 - root - INFO - Loading land mask data from /home/bingxing2/home/scx6115/Ocean_AI_model/sample_00/land_mask.h5
2023-06-10 11:47:41,978 - root - INFO - Predicted timestep 13 of 30. ssh RMSE: 0.1933220773935318, ACC: 0.9630952477455139
2023-06-10 11:47:42,201 - root - INFO - Loading land mask data from /home/bingxing2/home/scx6115/Ocean_AI_model/sample_00/land_mask.h5
2023-06-10 11:47:42,365 - root - INFO - Predicted timestep 14 of 30. ssh RMSE: 0.19922690093517303, ACC: 0.9610096216201782
2023-06-10 11:47:42,591 - root - INFO - Loading land mask data from /home/bingxing2/home/scx6115/Ocean_AI_model/sample_00/land_mask.h5
2023-06-10 11:47:42,746 - root - INFO - Predicted timestep 15 of 30. ssh RMSE: 0.20757415890693665, ACC: 0.9576766490936279
2023-06-10 11:47:42,962 - root - INFO - Loading land mask data from /home/bingxing2/home/scx6115/Ocean_AI_model/sample_00/land_mask.h5
2023-06-10 11:47:43,142 - root - INFO - Predicted timestep 16 of 30. ssh RMSE: 0.21864847838878632, ACC: 0.9536249041557312
2023-06-10 11:47:43,366 - root - INFO - Loading land mask data from /home/bingxing2/home/scx6115/Ocean_AI_model/sample_00/land_mask.h5
2023-06-10 11:47:43,524 - root - INFO - Predicted timestep 17 of 30. ssh RMSE: 0.22909758985042572, ACC: 0.950127899646759
2023-06-10 11:47:43,754 - root - INFO - Loading land mask data from /home/bingxing2/home/scx6115/Ocean_AI_model/sample_00/land_mask.h5
2023-06-10 11:47:43,915 - root - INFO - Predicted timestep 18 of 30. ssh RMSE: 0.24006415903568268, ACC: 0.9452126026153564
2023-06-10 11:47:44,135 - root - INFO - Loading land mask data from /home/bingxing2/home/scx6115/Ocean_AI_model/sample_00/land_mask.h5
2023-06-10 11:47:44,294 - root - INFO - Predicted timestep 19 of 30. ssh RMSE: 0.2505863308906555, ACC: 0.9401828646659851
2023-06-10 11:47:44,520 - root - INFO - Loading land mask data from /home/bingxing2/home/scx6115/Ocean_AI_model/sample_00/land_mask.h5
2023-06-10 11:47:44,679 - root - INFO - Predicted timestep 20 of 30. ssh RMSE: 0.2594029903411865, ACC: 0.9365449547767639
2023-06-10 11:47:44,906 - root - INFO - Loading land mask data from /home/bingxing2/home/scx6115/Ocean_AI_model/sample_00/land_mask.h5
2023-06-10 11:47:45,057 - root - INFO - Predicted timestep 21 of 30. ssh RMSE: 0.26886504888534546, ACC: 0.9321273565292358
2023-06-10 11:47:45,283 - root - INFO - Loading land mask data from /home/bingxing2/home/scx6115/Ocean_AI_model/sample_00/land_mask.h5
2023-06-10 11:47:45,445 - root - INFO - Predicted timestep 22 of 30. ssh RMSE: 0.2795456051826477, ACC: 0.9263431429862976
2023-06-10 11:47:45,667 - root - INFO - Loading land mask data from /home/bingxing2/home/scx6115/Ocean_AI_model/sample_00/land_mask.h5
2023-06-10 11:47:45,826 - root - INFO - Predicted timestep 23 of 30. ssh RMSE: 0.2911301553249359, ACC: 0.9204242825508118
2023-06-10 11:47:46,040 - root - INFO - Loading land mask data from /home/bingxing2/home/scx6115/Ocean_AI_model/sample_00/land_mask.h5
2023-06-10 11:47:46,201 - root - INFO - Predicted timestep 24 of 30. ssh RMSE: 0.3005251884460449, ACC: 0.9152617454528809
2023-06-10 11:47:46,427 - root - INFO - Loading land mask data from /home/bingxing2/home/scx6115/Ocean_AI_model/sample_00/land_mask.h5
2023-06-10 11:47:46,684 - root - INFO - Predicted timestep 25 of 30. ssh RMSE: 0.30828240513801575, ACC: 0.9106342792510986
2023-06-10 11:47:47,100 - root - INFO - Loading land mask data from /home/bingxing2/home/scx6115/Ocean_AI_model/sample_00/land_mask.h5
2023-06-10 11:47:47,268 - root - INFO - Predicted timestep 26 of 30. ssh RMSE: 0.31709879636764526, ACC: 0.9051184058189392
2023-06-10 11:47:47,491 - root - INFO - Loading land mask data from /home/bingxing2/home/scx6115/Ocean_AI_model/sample_00/land_mask.h5
2023-06-10 11:47:47,651 - root - INFO - Predicted timestep 27 of 30. ssh RMSE: 0.32636722922325134, ACC: 0.899125337600708
2023-06-10 11:47:47,880 - root - INFO - Loading land mask data from /home/bingxing2/home/scx6115/Ocean_AI_model/sample_00/land_mask.h5
2023-06-10 11:47:48,036 - root - INFO - Predicted timestep 28 of 30. ssh RMSE: 0.3351152241230011, ACC: 0.8931658267974854
2023-06-10 11:47:48,082 - root - INFO - Loading land mask data from /home/bingxing2/home/scx6115/Ocean_AI_model/sample_00/land_mask.h5
2023-06-10 11:47:48,237 - root - INFO - Predicted timestep 29 of 30. ssh RMSE: 0.3432888984680176, ACC: 0.8873917460441589
2023-06-10 11:47:52,503 - root - INFO - Initial condition 4 of 6
2023-06-10 11:47:56,300 - root - INFO - valid_data_full: (366, 30, 721, 1440)
2023-06-10 11:47:56,372 - root - INFO - valid_data: (30, 30, 720, 1440)
2023-06-10 11:48:03,350 - root - INFO - orography loaded; shape:torch.Size([1, 1, 720, 1440])
2023-06-10 11:48:03,350 - root - INFO - Begin autoregressive inference
2023-06-10 11:48:03,692 - root - INFO - Loading land mask data from /home/bingxing2/home/scx6115/Ocean_AI_model/sample_00/land_mask.h5
2023-06-10 11:48:03,873 - root - INFO - Predicted timestep 0 of 30. ssh RMSE: 0.0, ACC: 1.0
2023-06-10 11:48:04,099 - root - INFO - Loading land mask data from /home/bingxing2/home/scx6115/Ocean_AI_model/sample_00/land_mask.h5
2023-06-10 11:48:04,261 - root - INFO - Predicted timestep 1 of 30. ssh RMSE: 0.02596477046608925, ACC: 0.9990121722221375
2023-06-10 11:48:04,480 - root - INFO - Loading land mask data from /home/bingxing2/home/scx6115/Ocean_AI_model/sample_00/land_mask.h5
2023-06-10 11:48:04,679 - root - INFO - Predicted timestep 2 of 30. ssh RMSE: 0.039112795144319534, ACC: 0.9977998733520508
2023-06-10 11:48:04,917 - root - INFO - Loading land mask data from /home/bingxing2/home/scx6115/Ocean_AI_model/sample_00/land_mask.h5
2023-06-10 11:48:05,094 - root - INFO - Predicted timestep 3 of 30. ssh RMSE: 0.05840328708291054, ACC: 0.9953834414482117
2023-06-10 11:48:05,333 - root - INFO - Loading land mask data from /home/bingxing2/home/scx6115/Ocean_AI_model/sample_00/land_mask.h5
2023-06-10 11:48:05,522 - root - INFO - Predicted timestep 4 of 30. ssh RMSE: 0.07910434901714325, ACC: 0.9919974207878113
2023-06-10 11:48:05,738 - root - INFO - Loading land mask data from /home/bingxing2/home/scx6115/Ocean_AI_model/sample_00/land_mask.h5
2023-06-10 11:48:05,909 - root - INFO - Predicted timestep 5 of 30. ssh RMSE: 0.09778855741024017, ACC: 0.9883259534835815
2023-06-10 11:48:06,327 - root - INFO - Loading land mask data from /home/bingxing2/home/scx6115/Ocean_AI_model/sample_00/land_mask.h5
2023-06-10 11:48:06,504 - root - INFO - Predicted timestep 6 of 30. ssh RMSE: 0.11567682027816772, ACC: 0.9846588373184204
2023-06-10 11:48:06,724 - root - INFO - Loading land mask data from /home/bingxing2/home/scx6115/Ocean_AI_model/sample_00/land_mask.h5
2023-06-10 11:48:06,897 - root - INFO - Predicted timestep 7 of 30. ssh RMSE: 0.13106101751327515, ACC: 0.9814077019691467
2023-06-10 11:48:07,115 - root - INFO - Loading land mask data from /home/bingxing2/home/scx6115/Ocean_AI_model/sample_00/land_mask.h5
2023-06-10 11:48:07,284 - root - INFO - Predicted timestep 8 of 30. ssh RMSE: 0.14139513671398163, ACC: 0.9791742563247681
2023-06-10 11:48:07,508 - root - INFO - Loading land mask data from /home/bingxing2/home/scx6115/Ocean_AI_model/sample_00/land_mask.h5
2023-06-10 11:48:07,672 - root - INFO - Predicted timestep 9 of 30. ssh RMSE: 0.15022428333759308, ACC: 0.9764748215675354
2023-06-10 11:48:07,895 - root - INFO - Loading land mask data from /home/bingxing2/home/scx6115/Ocean_AI_model/sample_00/land_mask.h5
2023-06-10 11:48:08,062 - root - INFO - Predicted timestep 10 of 30. ssh RMSE: 0.15829505026340485, ACC: 0.9739178419113159
2023-06-10 11:48:08,277 - root - INFO - Loading land mask data from /home/bingxing2/home/scx6115/Ocean_AI_model/sample_00/land_mask.h5
2023-06-10 11:48:08,444 - root - INFO - Predicted timestep 11 of 30. ssh RMSE: 0.16726471483707428, ACC: 0.9711428284645081
2023-06-10 11:48:08,671 - root - INFO - Loading land mask data from /home/bingxing2/home/scx6115/Ocean_AI_model/sample_00/land_mask.h5
2023-06-10 11:48:08,841 - root - INFO - Predicted timestep 12 of 30. ssh RMSE: 0.1772625744342804, ACC: 0.9681415557861328
2023-06-10 11:48:09,076 - root - INFO - Loading land mask data from /home/bingxing2/home/scx6115/Ocean_AI_model/sample_00/land_mask.h5
2023-06-10 11:48:09,269 - root - INFO - Predicted timestep 13 of 30. ssh RMSE: 0.18621943891048431, ACC: 0.9650928378105164
2023-06-10 11:48:09,483 - root - INFO - Loading land mask data from /home/bingxing2/home/scx6115/Ocean_AI_model/sample_00/land_mask.h5
2023-06-10 11:48:09,658 - root - INFO - Predicted timestep 14 of 30. ssh RMSE: 0.19704729318618774, ACC: 0.9615011215209961
2023-06-10 11:48:09,892 - root - INFO - Loading land mask data from /home/bingxing2/home/scx6115/Ocean_AI_model/sample_00/land_mask.h5
2023-06-10 11:48:10,057 - root - INFO - Predicted timestep 15 of 30. ssh RMSE: 0.2070591151714325, ACC: 0.9580376744270325
2023-06-10 11:48:10,289 - root - INFO - Loading land mask data from /home/bingxing2/home/scx6115/Ocean_AI_model/sample_00/land_mask.h5
2023-06-10 11:48:10,456 - root - INFO - Predicted timestep 16 of 30. ssh RMSE: 0.21786074340343475, ACC: 0.9536559581756592
2023-06-10 11:48:10,671 - root - INFO - Loading land mask data from /home/bingxing2/home/scx6115/Ocean_AI_model/sample_00/land_mask.h5
2023-06-10 11:48:10,839 - root - INFO - Predicted timestep 17 of 30. ssh RMSE: 0.2282775640487671, ACC: 0.9496316909790039
2023-06-10 11:48:11,063 - root - INFO - Loading land mask data from /home/bingxing2/home/scx6115/Ocean_AI_model/sample_00/land_mask.h5
2023-06-10 11:48:11,250 - root - INFO - Predicted timestep 18 of 30. ssh RMSE: 0.23821155726909637, ACC: 0.9448961615562439
2023-06-10 11:48:11,488 - root - INFO - Loading land mask data from /home/bingxing2/home/scx6115/Ocean_AI_model/sample_00/land_mask.h5
2023-06-10 11:48:11,669 - root - INFO - Predicted timestep 19 of 30. ssh RMSE: 0.24734854698181152, ACC: 0.9407705664634705
2023-06-10 11:48:11,898 - root - INFO - Loading land mask data from /home/bingxing2/home/scx6115/Ocean_AI_model/sample_00/land_mask.h5
2023-06-10 11:48:12,085 - root - INFO - Predicted timestep 20 of 30. ssh RMSE: 0.2579948306083679, ACC: 0.9357882738113403
2023-06-10 11:48:12,319 - root - INFO - Loading land mask data from /home/bingxing2/home/scx6115/Ocean_AI_model/sample_00/land_mask.h5
2023-06-10 11:48:12,504 - root - INFO - Predicted timestep 21 of 30. ssh RMSE: 0.2674272656440735, ACC: 0.9312549233436584
2023-06-10 11:48:12,728 - root - INFO - Loading land mask data from /home/bingxing2/home/scx6115/Ocean_AI_model/sample_00/land_mask.h5
2023-06-10 11:48:12,882 - root - INFO - Predicted timestep 22 of 30. ssh RMSE: 0.2780087888240814, ACC: 0.9258337020874023
2023-06-10 11:48:13,100 - root - INFO - Loading land mask data from /home/bingxing2/home/scx6115/Ocean_AI_model/sample_00/land_mask.h5
2023-06-10 11:48:13,256 - root - INFO - Predicted timestep 23 of 30. ssh RMSE: 0.2892608344554901, ACC: 0.9196078181266785
2023-06-10 11:48:13,479 - root - INFO - Loading land mask data from /home/bingxing2/home/scx6115/Ocean_AI_model/sample_00/land_mask.h5
2023-06-10 11:48:13,638 - root - INFO - Predicted timestep 24 of 30. ssh RMSE: 0.2997509241104126, ACC: 0.9137912392616272
2023-06-10 11:48:13,872 - root - INFO - Loading land mask data from /home/bingxing2/home/scx6115/Ocean_AI_model/sample_00/land_mask.h5
2023-06-10 11:48:14,026 - root - INFO - Predicted timestep 25 of 30. ssh RMSE: 0.30721619725227356, ACC: 0.9093798995018005
2023-06-10 11:48:14,247 - root - INFO - Loading land mask data from /home/bingxing2/home/scx6115/Ocean_AI_model/sample_00/land_mask.h5
2023-06-10 11:48:14,407 - root - INFO - Predicted timestep 26 of 30. ssh RMSE: 0.31684836745262146, ACC: 0.9033744931221008
2023-06-10 11:48:14,624 - root - INFO - Loading land mask data from /home/bingxing2/home/scx6115/Ocean_AI_model/sample_00/land_mask.h5
2023-06-10 11:48:14,787 - root - INFO - Predicted timestep 27 of 30. ssh RMSE: 0.32668113708496094, ACC: 0.8976170420646667
2023-06-10 11:48:15,014 - root - INFO - Loading land mask data from /home/bingxing2/home/scx6115/Ocean_AI_model/sample_00/land_mask.h5
2023-06-10 11:48:15,177 - root - INFO - Predicted timestep 28 of 30. ssh RMSE: 0.33485788106918335, ACC: 0.8923591375350952
2023-06-10 11:48:15,223 - root - INFO - Loading land mask data from /home/bingxing2/home/scx6115/Ocean_AI_model/sample_00/land_mask.h5
2023-06-10 11:48:15,382 - root - INFO - Predicted timestep 29 of 30. ssh RMSE: 0.3422214984893799, ACC: 0.8872861266136169
2023-06-10 11:48:20,853 - root - INFO - Initial condition 5 of 6
2023-06-10 11:48:24,575 - root - INFO - valid_data_full: (366, 30, 721, 1440)
2023-06-10 11:48:24,637 - root - INFO - valid_data: (30, 30, 720, 1440)
2023-06-10 11:48:32,159 - root - INFO - orography loaded; shape:torch.Size([1, 1, 720, 1440])
2023-06-10 11:48:32,159 - root - INFO - Begin autoregressive inference
2023-06-10 11:48:32,405 - root - INFO - Loading land mask data from /home/bingxing2/home/scx6115/Ocean_AI_model/sample_00/land_mask.h5
2023-06-10 11:48:32,573 - root - INFO - Predicted timestep 0 of 30. ssh RMSE: 0.0, ACC: 1.0
2023-06-10 11:48:32,796 - root - INFO - Loading land mask data from /home/bingxing2/home/scx6115/Ocean_AI_model/sample_00/land_mask.h5
2023-06-10 11:48:32,963 - root - INFO - Predicted timestep 1 of 30. ssh RMSE: 0.029771657660603523, ACC: 0.998713493347168
2023-06-10 11:48:33,187 - root - INFO - Loading land mask data from /home/bingxing2/home/scx6115/Ocean_AI_model/sample_00/land_mask.h5
2023-06-10 11:48:33,340 - root - INFO - Predicted timestep 2 of 30. ssh RMSE: 0.04322773963212967, ACC: 0.9974830150604248
2023-06-10 11:48:33,565 - root - INFO - Loading land mask data from /home/bingxing2/home/scx6115/Ocean_AI_model/sample_00/land_mask.h5
2023-06-10 11:48:33,724 - root - INFO - Predicted timestep 3 of 30. ssh RMSE: 0.06032319366931915, ACC: 0.9952879548072815
2023-06-10 11:48:33,942 - root - INFO - Loading land mask data from /home/bingxing2/home/scx6115/Ocean_AI_model/sample_00/land_mask.h5
2023-06-10 11:48:34,099 - root - INFO - Predicted timestep 4 of 30. ssh RMSE: 0.0790308341383934, ACC: 0.992389440536499
2023-06-10 11:48:34,321 - root - INFO - Loading land mask data from /home/bingxing2/home/scx6115/Ocean_AI_model/sample_00/land_mask.h5
2023-06-10 11:48:34,474 - root - INFO - Predicted timestep 5 of 30. ssh RMSE: 0.09755326062440872, ACC: 0.988978922367096
2023-06-10 11:48:34,709 - root - INFO - Loading land mask data from /home/bingxing2/home/scx6115/Ocean_AI_model/sample_00/land_mask.h5
2023-06-10 11:48:34,859 - root - INFO - Predicted timestep 6 of 30. ssh RMSE: 0.11725449562072754, ACC: 0.9844506978988647
2023-06-10 11:48:35,075 - root - INFO - Loading land mask data from /home/bingxing2/home/scx6115/Ocean_AI_model/sample_00/land_mask.h5
2023-06-10 11:48:35,229 - root - INFO - Predicted timestep 7 of 30. ssh RMSE: 0.13420824706554413, ACC: 0.9800993204116821
2023-06-10 11:48:35,443 - root - INFO - Loading land mask data from /home/bingxing2/home/scx6115/Ocean_AI_model/sample_00/land_mask.h5
2023-06-10 11:48:35,599 - root - INFO - Predicted timestep 8 of 30. ssh RMSE: 0.145772784948349, ACC: 0.9775724411010742
2023-06-10 11:48:35,819 - root - INFO - Loading land mask data from /home/bingxing2/home/scx6115/Ocean_AI_model/sample_00/land_mask.h5
2023-06-10 11:48:35,970 - root - INFO - Predicted timestep 9 of 30. ssh RMSE: 0.1550029218196869, ACC: 0.9753186106681824
2023-06-10 11:48:36,190 - root - INFO - Loading land mask data from /home/bingxing2/home/scx6115/Ocean_AI_model/sample_00/land_mask.h5
2023-06-10 11:48:36,337 - root - INFO - Predicted timestep 10 of 30. ssh RMSE: 0.1646014302968979, ACC: 0.973047137260437
2023-06-10 11:48:36,558 - root - INFO - Loading land mask data from /home/bingxing2/home/scx6115/Ocean_AI_model/sample_00/land_mask.h5
2023-06-10 11:48:36,720 - root - INFO - Predicted timestep 11 of 30. ssh RMSE: 0.17508932948112488, ACC: 0.9702737331390381
2023-06-10 11:48:36,941 - root - INFO - Loading land mask data from /home/bingxing2/home/scx6115/Ocean_AI_model/sample_00/land_mask.h5
2023-06-10 11:48:37,094 - root - INFO - Predicted timestep 12 of 30. ssh RMSE: 0.18316921591758728, ACC: 0.9677591323852539
2023-06-10 11:48:37,315 - root - INFO - Loading land mask data from /home/bingxing2/home/scx6115/Ocean_AI_model/sample_00/land_mask.h5
2023-06-10 11:48:37,469 - root - INFO - Predicted timestep 13 of 30. ssh RMSE: 0.19168108701705933, ACC: 0.9651786684989929
2023-06-10 11:48:37,689 - root - INFO - Loading land mask data from /home/bingxing2/home/scx6115/Ocean_AI_model/sample_00/land_mask.h5
2023-06-10 11:48:37,855 - root - INFO - Predicted timestep 14 of 30. ssh RMSE: 0.20146821439266205, ACC: 0.9615461826324463
2023-06-10 11:48:38,076 - root - INFO - Loading land mask data from /home/bingxing2/home/scx6115/Ocean_AI_model/sample_00/land_mask.h5
2023-06-10 11:48:38,227 - root - INFO - Predicted timestep 15 of 30. ssh RMSE: 0.21169351041316986, ACC: 0.9579302072525024
2023-06-10 11:48:38,542 - root - INFO - Loading land mask data from /home/bingxing2/home/scx6115/Ocean_AI_model/sample_00/land_mask.h5
2023-06-10 11:48:38,836 - root - INFO - Predicted timestep 16 of 30. ssh RMSE: 0.22046129405498505, ACC: 0.9548036456108093
2023-06-10 11:48:39,047 - root - INFO - Loading land mask data from /home/bingxing2/home/scx6115/Ocean_AI_model/sample_00/land_mask.h5
2023-06-10 11:48:39,197 - root - INFO - Predicted timestep 17 of 30. ssh RMSE: 0.23167581856250763, ACC: 0.9505270719528198
2023-06-10 11:48:39,417 - root - INFO - Loading land mask data from /home/bingxing2/home/scx6115/Ocean_AI_model/sample_00/land_mask.h5
2023-06-10 11:48:39,563 - root - INFO - Predicted timestep 18 of 30. ssh RMSE: 0.24082079529762268, ACC: 0.9468862414360046
2023-06-10 11:48:39,785 - root - INFO - Loading land mask data from /home/bingxing2/home/scx6115/Ocean_AI_model/sample_00/land_mask.h5
2023-06-10 11:48:39,939 - root - INFO - Predicted timestep 19 of 30. ssh RMSE: 0.2518628239631653, ACC: 0.9412452578544617
2023-06-10 11:48:40,165 - root - INFO - Loading land mask data from /home/bingxing2/home/scx6115/Ocean_AI_model/sample_00/land_mask.h5
2023-06-10 11:48:40,337 - root - INFO - Predicted timestep 20 of 30. ssh RMSE: 0.2624652087688446, ACC: 0.9357504844665527
2023-06-10 11:48:40,573 - root - INFO - Loading land mask data from /home/bingxing2/home/scx6115/Ocean_AI_model/sample_00/land_mask.h5
2023-06-10 11:48:40,752 - root - INFO - Predicted timestep 21 of 30. ssh RMSE: 0.27087217569351196, ACC: 0.930992841720581
2023-06-10 11:48:40,986 - root - INFO - Loading land mask data from /home/bingxing2/home/scx6115/Ocean_AI_model/sample_00/land_mask.h5
2023-06-10 11:48:41,138 - root - INFO - Predicted timestep 22 of 30. ssh RMSE: 0.278986394405365, ACC: 0.9267221093177795
2023-06-10 11:48:41,352 - root - INFO - Loading land mask data from /home/bingxing2/home/scx6115/Ocean_AI_model/sample_00/land_mask.h5
2023-06-10 11:48:41,509 - root - INFO - Predicted timestep 23 of 30. ssh RMSE: 0.28894296288490295, ACC: 0.9213861227035522
2023-06-10 11:48:41,739 - root - INFO - Loading land mask data from /home/bingxing2/home/scx6115/Ocean_AI_model/sample_00/land_mask.h5
2023-06-10 11:48:41,940 - root - INFO - Predicted timestep 24 of 30. ssh RMSE: 0.2980877161026001, ACC: 0.9166083335876465
2023-06-10 11:48:42,176 - root - INFO - Loading land mask data from /home/bingxing2/home/scx6115/Ocean_AI_model/sample_00/land_mask.h5
2023-06-10 11:48:42,333 - root - INFO - Predicted timestep 25 of 30. ssh RMSE: 0.3069302439689636, ACC: 0.9111155867576599
2023-06-10 11:48:42,563 - root - INFO - Loading land mask data from /home/bingxing2/home/scx6115/Ocean_AI_model/sample_00/land_mask.h5
2023-06-10 11:48:42,727 - root - INFO - Predicted timestep 26 of 30. ssh RMSE: 0.3153831362724304, ACC: 0.9059262275695801
2023-06-10 11:48:42,949 - root - INFO - Loading land mask data from /home/bingxing2/home/scx6115/Ocean_AI_model/sample_00/land_mask.h5
2023-06-10 11:48:43,101 - root - INFO - Predicted timestep 27 of 30. ssh RMSE: 0.3260609209537506, ACC: 0.8995593786239624
2023-06-10 11:48:43,326 - root - INFO - Loading land mask data from /home/bingxing2/home/scx6115/Ocean_AI_model/sample_00/land_mask.h5
2023-06-10 11:48:43,483 - root - INFO - Predicted timestep 28 of 30. ssh RMSE: 0.33541229367256165, ACC: 0.8933528065681458
2023-06-10 11:48:43,529 - root - INFO - Loading land mask data from /home/bingxing2/home/scx6115/Ocean_AI_model/sample_00/land_mask.h5
2023-06-10 11:48:43,679 - root - INFO - Predicted timestep 29 of 30. ssh RMSE: 0.34478411078453064, ACC: 0.886875331401825
2023-06-10 11:48:49,031 - root - INFO - Initial condition 6 of 6
2023-06-10 11:48:52,660 - root - INFO - valid_data_full: (366, 30, 721, 1440)
2023-06-10 11:48:52,729 - root - INFO - valid_data: (30, 30, 720, 1440)
2023-06-10 11:49:00,013 - root - INFO - orography loaded; shape:torch.Size([1, 1, 720, 1440])
2023-06-10 11:49:00,014 - root - INFO - Begin autoregressive inference
2023-06-10 11:49:00,336 - root - INFO - Loading land mask data from /home/bingxing2/home/scx6115/Ocean_AI_model/sample_00/land_mask.h5
2023-06-10 11:49:00,503 - root - INFO - Predicted timestep 0 of 30. ssh RMSE: 0.0, ACC: 1.0
2023-06-10 11:49:00,727 - root - INFO - Loading land mask data from /home/bingxing2/home/scx6115/Ocean_AI_model/sample_00/land_mask.h5
2023-06-10 11:49:00,881 - root - INFO - Predicted timestep 1 of 30. ssh RMSE: 0.027623608708381653, ACC: 0.998909056186676
2023-06-10 11:49:01,118 - root - INFO - Loading land mask data from /home/bingxing2/home/scx6115/Ocean_AI_model/sample_00/land_mask.h5
2023-06-10 11:49:01,269 - root - INFO - Predicted timestep 2 of 30. ssh RMSE: 0.04168253391981125, ACC: 0.9975639581680298
2023-06-10 11:49:01,498 - root - INFO - Loading land mask data from /home/bingxing2/home/scx6115/Ocean_AI_model/sample_00/land_mask.h5
2023-06-10 11:49:01,649 - root - INFO - Predicted timestep 3 of 30. ssh RMSE: 0.05793718248605728, ACC: 0.9954894781112671
2023-06-10 11:49:01,870 - root - INFO - Loading land mask data from /home/bingxing2/home/scx6115/Ocean_AI_model/sample_00/land_mask.h5
2023-06-10 11:49:02,030 - root - INFO - Predicted timestep 4 of 30. ssh RMSE: 0.0775659903883934, ACC: 0.9924027323722839
2023-06-10 11:49:02,264 - root - INFO - Loading land mask data from /home/bingxing2/home/scx6115/Ocean_AI_model/sample_00/land_mask.h5
2023-06-10 11:49:02,417 - root - INFO - Predicted timestep 5 of 30. ssh RMSE: 0.09760525077581406, ACC: 0.9887086153030396
2023-06-10 11:49:02,646 - root - INFO - Loading land mask data from /home/bingxing2/home/scx6115/Ocean_AI_model/sample_00/land_mask.h5
2023-06-10 11:49:02,839 - root - INFO - Predicted timestep 6 of 30. ssh RMSE: 0.11616303026676178, ACC: 0.9849270582199097
2023-06-10 11:49:03,063 - root - INFO - Loading land mask data from /home/bingxing2/home/scx6115/Ocean_AI_model/sample_00/land_mask.h5
2023-06-10 11:49:03,260 - root - INFO - Predicted timestep 7 of 30. ssh RMSE: 0.13140833377838135, ACC: 0.9814106822013855
2023-06-10 11:49:03,495 - root - INFO - Loading land mask data from /home/bingxing2/home/scx6115/Ocean_AI_model/sample_00/land_mask.h5
2023-06-10 11:49:03,686 - root - INFO - Predicted timestep 8 of 30. ssh RMSE: 0.14233224093914032, ACC: 0.978770911693573
2023-06-10 11:49:03,920 - root - INFO - Loading land mask data from /home/bingxing2/home/scx6115/Ocean_AI_model/sample_00/land_mask.h5
2023-06-10 11:49:04,115 - root - INFO - Predicted timestep 9 of 30. ssh RMSE: 0.15427806973457336, ACC: 0.9757573008537292
2023-06-10 11:49:04,342 - root - INFO - Loading land mask data from /home/bingxing2/home/scx6115/Ocean_AI_model/sample_00/land_mask.h5
2023-06-10 11:49:04,540 - root - INFO - Predicted timestep 10 of 30. ssh RMSE: 0.16465632617473602, ACC: 0.9732445478439331
2023-06-10 11:49:04,773 - root - INFO - Loading land mask data from /home/bingxing2/home/scx6115/Ocean_AI_model/sample_00/land_mask.h5
2023-06-10 11:49:04,961 - root - INFO - Predicted timestep 11 of 30. ssh RMSE: 0.175923153758049, ACC: 0.970618724822998
2023-06-10 11:49:05,195 - root - INFO - Loading land mask data from /home/bingxing2/home/scx6115/Ocean_AI_model/sample_00/land_mask.h5
2023-06-10 11:49:05,387 - root - INFO - Predicted timestep 12 of 30. ssh RMSE: 0.18730220198631287, ACC: 0.9670498371124268
2023-06-10 11:49:05,614 - root - INFO - Loading land mask data from /home/bingxing2/home/scx6115/Ocean_AI_model/sample_00/land_mask.h5
2023-06-10 11:49:05,818 - root - INFO - Predicted timestep 13 of 30. ssh RMSE: 0.197996124625206, ACC: 0.9634041786193848
2023-06-10 11:49:06,042 - root - INFO - Loading land mask data from /home/bingxing2/home/scx6115/Ocean_AI_model/sample_00/land_mask.h5
2023-06-10 11:49:06,189 - root - INFO - Predicted timestep 14 of 30. ssh RMSE: 0.2074919492006302, ACC: 0.9604600667953491
2023-06-10 11:49:06,415 - root - INFO - Loading land mask data from /home/bingxing2/home/scx6115/Ocean_AI_model/sample_00/land_mask.h5
2023-06-10 11:49:06,565 - root - INFO - Predicted timestep 15 of 30. ssh RMSE: 0.2174377590417862, ACC: 0.9567734599113464
2023-06-10 11:49:06,777 - root - INFO - Loading land mask data from /home/bingxing2/home/scx6115/Ocean_AI_model/sample_00/land_mask.h5
2023-06-10 11:49:06,924 - root - INFO - Predicted timestep 16 of 30. ssh RMSE: 0.22892583906650543, ACC: 0.9520110487937927
2023-06-10 11:49:07,144 - root - INFO - Loading land mask data from /home/bingxing2/home/scx6115/Ocean_AI_model/sample_00/land_mask.h5
2023-06-10 11:49:07,289 - root - INFO - Predicted timestep 17 of 30. ssh RMSE: 0.23954205214977264, ACC: 0.9468886852264404
2023-06-10 11:49:07,509 - root - INFO - Loading land mask data from /home/bingxing2/home/scx6115/Ocean_AI_model/sample_00/land_mask.h5
2023-06-10 11:49:07,659 - root - INFO - Predicted timestep 18 of 30. ssh RMSE: 0.2505577802658081, ACC: 0.9420391917228699
2023-06-10 11:49:07,879 - root - INFO - Loading land mask data from /home/bingxing2/home/scx6115/Ocean_AI_model/sample_00/land_mask.h5
2023-06-10 11:49:08,033 - root - INFO - Predicted timestep 19 of 30. ssh RMSE: 0.25851204991340637, ACC: 0.9382233023643494
2023-06-10 11:49:08,252 - root - INFO - Loading land mask data from /home/bingxing2/home/scx6115/Ocean_AI_model/sample_00/land_mask.h5
2023-06-10 11:49:08,394 - root - INFO - Predicted timestep 20 of 30. ssh RMSE: 0.2673121690750122, ACC: 0.9337119460105896
2023-06-10 11:49:08,612 - root - INFO - Loading land mask data from /home/bingxing2/home/scx6115/Ocean_AI_model/sample_00/land_mask.h5
2023-06-10 11:49:08,762 - root - INFO - Predicted timestep 21 of 30. ssh RMSE: 0.27455222606658936, ACC: 0.9299145340919495
2023-06-10 11:49:08,982 - root - INFO - Loading land mask data from /home/bingxing2/home/scx6115/Ocean_AI_model/sample_00/land_mask.h5
2023-06-10 11:49:09,146 - root - INFO - Predicted timestep 22 of 30. ssh RMSE: 0.28229469060897827, ACC: 0.9255355596542358
2023-06-10 11:49:09,366 - root - INFO - Loading land mask data from /home/bingxing2/home/scx6115/Ocean_AI_model/sample_00/land_mask.h5
2023-06-10 11:49:09,607 - root - INFO - Predicted timestep 23 of 30. ssh RMSE: 0.291940838098526, ACC: 0.9205346703529358
2023-06-10 11:49:09,831 - root - INFO - Loading land mask data from /home/bingxing2/home/scx6115/Ocean_AI_model/sample_00/land_mask.h5
2023-06-10 11:49:09,981 - root - INFO - Predicted timestep 24 of 30. ssh RMSE: 0.3000420928001404, ACC: 0.9156723022460938
2023-06-10 11:49:10,197 - root - INFO - Loading land mask data from /home/bingxing2/home/scx6115/Ocean_AI_model/sample_00/land_mask.h5
2023-06-10 11:49:10,340 - root - INFO - Predicted timestep 25 of 30. ssh RMSE: 0.3090671896934509, ACC: 0.9098725914955139
2023-06-10 11:49:10,552 - root - INFO - Loading land mask data from /home/bingxing2/home/scx6115/Ocean_AI_model/sample_00/land_mask.h5
2023-06-10 11:49:10,700 - root - INFO - Predicted timestep 26 of 30. ssh RMSE: 0.3188626766204834, ACC: 0.9031374454498291
2023-06-10 11:49:10,924 - root - INFO - Loading land mask data from /home/bingxing2/home/scx6115/Ocean_AI_model/sample_00/land_mask.h5
2023-06-10 11:49:11,070 - root - INFO - Predicted timestep 27 of 30. ssh RMSE: 0.32960134744644165, ACC: 0.8955312371253967
2023-06-10 11:49:11,291 - root - INFO - Loading land mask data from /home/bingxing2/home/scx6115/Ocean_AI_model/sample_00/land_mask.h5
2023-06-10 11:49:11,451 - root - INFO - Predicted timestep 28 of 30. ssh RMSE: 0.3395247459411621, ACC: 0.8886088728904724
2023-06-10 11:49:11,509 - root - INFO - Loading land mask data from /home/bingxing2/home/scx6115/Ocean_AI_model/sample_00/land_mask.h5
2023-06-10 11:49:11,692 - root - INFO - Predicted timestep 29 of 30. ssh RMSE: 0.3488190174102783, ACC: 0.8822835087776184
2023-06-10 11:49:17,786 - root - INFO - Saving files at .././exp/afno_backbone/20230609-155507/autoregressive_predictions.h5
pred: torch.Size([1, 25, 720, 1440]) tar: torch.Size([1, 25, 720, 1440])
pred: torch.Size([1, 25, 720, 1440]) tar: torch.Size([1, 25, 720, 1440])
pred: torch.Size([1, 25, 720, 1440]) tar: torch.Size([1, 25, 720, 1440])
pred: torch.Size([1, 25, 720, 1440]) tar: torch.Size([1, 25, 720, 1440])
pred: torch.Size([1, 25, 720, 1440]) tar: torch.Size([1, 25, 720, 1440])
pred: torch.Size([1, 25, 720, 1440]) tar: torch.Size([1, 25, 720, 1440])
pred: torch.Size([1, 25, 720, 1440]) tar: torch.Size([1, 25, 720, 1440])
pred: torch.Size([1, 25, 720, 1440]) tar: torch.Size([1, 25, 720, 1440])
pred: torch.Size([1, 25, 720, 1440]) tar: torch.Size([1, 25, 720, 1440])
pred: torch.Size([1, 25, 720, 1440]) tar: torch.Size([1, 25, 720, 1440])
pred: torch.Size([1, 25, 720, 1440]) tar: torch.Size([1, 25, 720, 1440])
pred: torch.Size([1, 25, 720, 1440]) tar: torch.Size([1, 25, 720, 1440])
pred: torch.Size([1, 25, 720, 1440]) tar: torch.Size([1, 25, 720, 1440])
pred: torch.Size([1, 25, 720, 1440]) tar: torch.Size([1, 25, 720, 1440])
pred: torch.Size([1, 25, 720, 1440]) tar: torch.Size([1, 25, 720, 1440])
pred: torch.Size([1, 25, 720, 1440]) tar: torch.Size([1, 25, 720, 1440])
pred: torch.Size([1, 25, 720, 1440]) tar: torch.Size([1, 25, 720, 1440])
pred: torch.Size([1, 25, 720, 1440]) tar: torch.Size([1, 25, 720, 1440])
pred: torch.Size([1, 25, 720, 1440]) tar: torch.Size([1, 25, 720, 1440])
pred: torch.Size([1, 25, 720, 1440]) tar: torch.Size([1, 25, 720, 1440])
pred: torch.Size([1, 25, 720, 1440]) tar: torch.Size([1, 25, 720, 1440])
pred: torch.Size([1, 25, 720, 1440]) tar: torch.Size([1, 25, 720, 1440])
pred: torch.Size([1, 25, 720, 1440]) tar: torch.Size([1, 25, 720, 1440])
pred: torch.Size([1, 25, 720, 1440]) tar: torch.Size([1, 25, 720, 1440])
pred: torch.Size([1, 25, 720, 1440]) tar: torch.Size([1, 25, 720, 1440])
pred: torch.Size([1, 25, 720, 1440]) tar: torch.Size([1, 25, 720, 1440])
pred: torch.Size([1, 25, 720, 1440]) tar: torch.Size([1, 25, 720, 1440])
pred: torch.Size([1, 25, 720, 1440]) tar: torch.Size([1, 25, 720, 1440])
pred: torch.Size([1, 25, 720, 1440]) tar: torch.Size([1, 25, 720, 1440])
pred: torch.Size([1, 25, 720, 1440]) tar: torch.Size([1, 25, 720, 1440])
pred: torch.Size([1, 25, 720, 1440]) tar: torch.Size([1, 25, 720, 1440])
pred: torch.Size([1, 25, 720, 1440]) tar: torch.Size([1, 25, 720, 1440])
pred: torch.Size([1, 25, 720, 1440]) tar: torch.Size([1, 25, 720, 1440])
pred: torch.Size([1, 25, 720, 1440]) tar: torch.Size([1, 25, 720, 1440])
pred: torch.Size([1, 25, 720, 1440]) tar: torch.Size([1, 25, 720, 1440])
pred: torch.Size([1, 25, 720, 1440]) tar: torch.Size([1, 25, 720, 1440])
pred: torch.Size([1, 25, 720, 1440]) tar: torch.Size([1, 25, 720, 1440])
pred: torch.Size([1, 25, 720, 1440]) tar: torch.Size([1, 25, 720, 1440])
pred: torch.Size([1, 25, 720, 1440]) tar: torch.Size([1, 25, 720, 1440])
pred: torch.Size([1, 25, 720, 1440]) tar: torch.Size([1, 25, 720, 1440])
pred: torch.Size([1, 25, 720, 1440]) tar: torch.Size([1, 25, 720, 1440])
pred: torch.Size([1, 25, 720, 1440]) tar: torch.Size([1, 25, 720, 1440])
pred: torch.Size([1, 25, 720, 1440]) tar: torch.Size([1, 25, 720, 1440])
pred: torch.Size([1, 25, 720, 1440]) tar: torch.Size([1, 25, 720, 1440])
pred: torch.Size([1, 25, 720, 1440]) tar: torch.Size([1, 25, 720, 1440])
pred: torch.Size([1, 25, 720, 1440]) tar: torch.Size([1, 25, 720, 1440])
pred: torch.Size([1, 25, 720, 1440]) tar: torch.Size([1, 25, 720, 1440])
pred: torch.Size([1, 25, 720, 1440]) tar: torch.Size([1, 25, 720, 1440])
pred: torch.Size([1, 25, 720, 1440]) tar: torch.Size([1, 25, 720, 1440])
pred: torch.Size([1, 25, 720, 1440]) tar: torch.Size([1, 25, 720, 1440])
pred: torch.Size([1, 25, 720, 1440]) tar: torch.Size([1, 25, 720, 1440])
pred: torch.Size([1, 25, 720, 1440]) tar: torch.Size([1, 25, 720, 1440])
pred: torch.Size([1, 25, 720, 1440]) tar: torch.Size([1, 25, 720, 1440])
pred: torch.Size([1, 25, 720, 1440]) tar: torch.Size([1, 25, 720, 1440])
pred: torch.Size([1, 25, 720, 1440]) tar: torch.Size([1, 25, 720, 1440])
pred: torch.Size([1, 25, 720, 1440]) tar: torch.Size([1, 25, 720, 1440])
pred: torch.Size([1, 25, 720, 1440]) tar: torch.Size([1, 25, 720, 1440])
pred: torch.Size([1, 25, 720, 1440]) tar: torch.Size([1, 25, 720, 1440])
pred: torch.Size([1, 25, 720, 1440]) tar: torch.Size([1, 25, 720, 1440])
pred: torch.Size([1, 25, 720, 1440]) tar: torch.Size([1, 25, 720, 1440])
pred: torch.Size([1, 25, 720, 1440]) tar: torch.Size([1, 25, 720, 1440])
pred: torch.Size([1, 25, 720, 1440]) tar: torch.Size([1, 25, 720, 1440])
pred: torch.Size([1, 25, 720, 1440]) tar: torch.Size([1, 25, 720, 1440])
pred: torch.Size([1, 25, 720, 1440]) tar: torch.Size([1, 25, 720, 1440])
pred: torch.Size([1, 25, 720, 1440]) tar: torch.Size([1, 25, 720, 1440])
pred: torch.Size([1, 25, 720, 1440]) tar: torch.Size([1, 25, 720, 1440])
pred: torch.Size([1, 25, 720, 1440]) tar: torch.Size([1, 25, 720, 1440])
pred: torch.Size([1, 25, 720, 1440]) tar: torch.Size([1, 25, 720, 1440])
pred: torch.Size([1, 25, 720, 1440]) tar: torch.Size([1, 25, 720, 1440])
pred: torch.Size([1, 25, 720, 1440]) tar: torch.Size([1, 25, 720, 1440])
pred: torch.Size([1, 25, 720, 1440]) tar: torch.Size([1, 25, 720, 1440])
pred: torch.Size([1, 25, 720, 1440]) tar: torch.Size([1, 25, 720, 1440])
pred: torch.Size([1, 25, 720, 1440]) tar: torch.Size([1, 25, 720, 1440])
pred: torch.Size([1, 25, 720, 1440]) tar: torch.Size([1, 25, 720, 1440])
pred: torch.Size([1, 25, 720, 1440]) tar: torch.Size([1, 25, 720, 1440])
pred: torch.Size([1, 25, 720, 1440]) tar: torch.Size([1, 25, 720, 1440])
pred: torch.Size([1, 25, 720, 1440]) tar: torch.Size([1, 25, 720, 1440])
pred: torch.Size([1, 25, 720, 1440]) tar: torch.Size([1, 25, 720, 1440])
pred: torch.Size([1, 25, 720, 1440]) tar: torch.Size([1, 25, 720, 1440])
pred: torch.Size([1, 25, 720, 1440]) tar: torch.Size([1, 25, 720, 1440])
pred: torch.Size([1, 25, 720, 1440]) tar: torch.Size([1, 25, 720, 1440])
pred: torch.Size([1, 25, 720, 1440]) tar: torch.Size([1, 25, 720, 1440])
pred: torch.Size([1, 25, 720, 1440]) tar: torch.Size([1, 25, 720, 1440])
pred: torch.Size([1, 25, 720, 1440]) tar: torch.Size([1, 25, 720, 1440])
pred: torch.Size([1, 25, 720, 1440]) tar: torch.Size([1, 25, 720, 1440])
pred: torch.Size([1, 25, 720, 1440]) tar: torch.Size([1, 25, 720, 1440])
pred: torch.Size([1, 25, 720, 1440]) tar: torch.Size([1, 25, 720, 1440])
pred: torch.Size([1, 25, 720, 1440]) tar: torch.Size([1, 25, 720, 1440])
pred: torch.Size([1, 25, 720, 1440]) tar: torch.Size([1, 25, 720, 1440])
pred: torch.Size([1, 25, 720, 1440]) tar: torch.Size([1, 25, 720, 1440])
pred: torch.Size([1, 25, 720, 1440]) tar: torch.Size([1, 25, 720, 1440])
pred: torch.Size([1, 25, 720, 1440]) tar: torch.Size([1, 25, 720, 1440])
pred: torch.Size([1, 25, 720, 1440]) tar: torch.Size([1, 25, 720, 1440])
pred: torch.Size([1, 25, 720, 1440]) tar: torch.Size([1, 25, 720, 1440])
pred: torch.Size([1, 25, 720, 1440]) tar: torch.Size([1, 25, 720, 1440])
pred: torch.Size([1, 25, 720, 1440]) tar: torch.Size([1, 25, 720, 1440])
pred: torch.Size([1, 25, 720, 1440]) tar: torch.Size([1, 25, 720, 1440])
pred: torch.Size([1, 25, 720, 1440]) tar: torch.Size([1, 25, 720, 1440])
pred: torch.Size([1, 25, 720, 1440]) tar: torch.Size([1, 25, 720, 1440])
pred: torch.Size([1, 25, 720, 1440]) tar: torch.Size([1, 25, 720, 1440])
pred: torch.Size([1, 25, 720, 1440]) tar: torch.Size([1, 25, 720, 1440])
pred: torch.Size([1, 25, 720, 1440]) tar: torch.Size([1, 25, 720, 1440])
pred: torch.Size([1, 25, 720, 1440]) tar: torch.Size([1, 25, 720, 1440])
pred: torch.Size([1, 25, 720, 1440]) tar: torch.Size([1, 25, 720, 1440])
pred: torch.Size([1, 25, 720, 1440]) tar: torch.Size([1, 25, 720, 1440])
pred: torch.Size([1, 25, 720, 1440]) tar: torch.Size([1, 25, 720, 1440])
pred: torch.Size([1, 25, 720, 1440]) tar: torch.Size([1, 25, 720, 1440])
pred: torch.Size([1, 25, 720, 1440]) tar: torch.Size([1, 25, 720, 1440])
pred: torch.Size([1, 25, 720, 1440]) tar: torch.Size([1, 25, 720, 1440])
pred: torch.Size([1, 25, 720, 1440]) tar: torch.Size([1, 25, 720, 1440])
pred: torch.Size([1, 25, 720, 1440]) tar: torch.Size([1, 25, 720, 1440])
pred: torch.Size([1, 25, 720, 1440]) tar: torch.Size([1, 25, 720, 1440])
pred: torch.Size([1, 25, 720, 1440]) tar: torch.Size([1, 25, 720, 1440])
pred: torch.Size([1, 25, 720, 1440]) tar: torch.Size([1, 25, 720, 1440])
pred: torch.Size([1, 25, 720, 1440]) tar: torch.Size([1, 25, 720, 1440])
pred: torch.Size([1, 25, 720, 1440]) tar: torch.Size([1, 25, 720, 1440])
pred: torch.Size([1, 25, 720, 1440]) tar: torch.Size([1, 25, 720, 1440])
pred: torch.Size([1, 25, 720, 1440]) tar: torch.Size([1, 25, 720, 1440])
pred: torch.Size([1, 25, 720, 1440]) tar: torch.Size([1, 25, 720, 1440])
pred: torch.Size([1, 25, 720, 1440]) tar: torch.Size([1, 25, 720, 1440])
pred: torch.Size([1, 25, 720, 1440]) tar: torch.Size([1, 25, 720, 1440])
pred: torch.Size([1, 25, 720, 1440]) tar: torch.Size([1, 25, 720, 1440])
pred: torch.Size([1, 25, 720, 1440]) tar: torch.Size([1, 25, 720, 1440])
pred: torch.Size([1, 25, 720, 1440]) tar: torch.Size([1, 25, 720, 1440])
pred: torch.Size([1, 25, 720, 1440]) tar: torch.Size([1, 25, 720, 1440])
pred: torch.Size([1, 25, 720, 1440]) tar: torch.Size([1, 25, 720, 1440])
pred: torch.Size([1, 25, 720, 1440]) tar: torch.Size([1, 25, 720, 1440])
pred: torch.Size([1, 25, 720, 1440]) tar: torch.Size([1, 25, 720, 1440])
pred: torch.Size([1, 25, 720, 1440]) tar: torch.Size([1, 25, 720, 1440])
pred: torch.Size([1, 25, 720, 1440]) tar: torch.Size([1, 25, 720, 1440])
pred: torch.Size([1, 25, 720, 1440]) tar: torch.Size([1, 25, 720, 1440])
pred: torch.Size([1, 25, 720, 1440]) tar: torch.Size([1, 25, 720, 1440])
pred: torch.Size([1, 25, 720, 1440]) tar: torch.Size([1, 25, 720, 1440])
pred: torch.Size([1, 25, 720, 1440]) tar: torch.Size([1, 25, 720, 1440])
pred: torch.Size([1, 25, 720, 1440]) tar: torch.Size([1, 25, 720, 1440])
pred: torch.Size([1, 25, 720, 1440]) tar: torch.Size([1, 25, 720, 1440])
pred: torch.Size([1, 25, 720, 1440]) tar: torch.Size([1, 25, 720, 1440])
pred: torch.Size([1, 25, 720, 1440]) tar: torch.Size([1, 25, 720, 1440])
pred: torch.Size([1, 25, 720, 1440]) tar: torch.Size([1, 25, 720, 1440])
pred: torch.Size([1, 25, 720, 1440]) tar: torch.Size([1, 25, 720, 1440])
pred: torch.Size([1, 25, 720, 1440]) tar: torch.Size([1, 25, 720, 1440])
pred: torch.Size([1, 25, 720, 1440]) tar: torch.Size([1, 25, 720, 1440])
pred: torch.Size([1, 25, 720, 1440]) tar: torch.Size([1, 25, 720, 1440])
pred: torch.Size([1, 25, 720, 1440]) tar: torch.Size([1, 25, 720, 1440])
pred: torch.Size([1, 25, 720, 1440]) tar: torch.Size([1, 25, 720, 1440])
pred: torch.Size([1, 25, 720, 1440]) tar: torch.Size([1, 25, 720, 1440])
pred: torch.Size([1, 25, 720, 1440]) tar: torch.Size([1, 25, 720, 1440])
pred: torch.Size([1, 25, 720, 1440]) tar: torch.Size([1, 25, 720, 1440])
pred: torch.Size([1, 25, 720, 1440]) tar: torch.Size([1, 25, 720, 1440])
pred: torch.Size([1, 25, 720, 1440]) tar: torch.Size([1, 25, 720, 1440])
pred: torch.Size([1, 25, 720, 1440]) tar: torch.Size([1, 25, 720, 1440])
pred: torch.Size([1, 25, 720, 1440]) tar: torch.Size([1, 25, 720, 1440])
pred: torch.Size([1, 25, 720, 1440]) tar: torch.Size([1, 25, 720, 1440])
pred: torch.Size([1, 25, 720, 1440]) tar: torch.Size([1, 25, 720, 1440])
pred: torch.Size([1, 25, 720, 1440]) tar: torch.Size([1, 25, 720, 1440])
pred: torch.Size([1, 25, 720, 1440]) tar: torch.Size([1, 25, 720, 1440])
pred: torch.Size([1, 25, 720, 1440]) tar: torch.Size([1, 25, 720, 1440])
pred: torch.Size([1, 25, 720, 1440]) tar: torch.Size([1, 25, 720, 1440])
pred: torch.Size([1, 25, 720, 1440]) tar: torch.Size([1, 25, 720, 1440])
pred: torch.Size([1, 25, 720, 1440]) tar: torch.Size([1, 25, 720, 1440])
pred: torch.Size([1, 25, 720, 1440]) tar: torch.Size([1, 25, 720, 1440])
pred: torch.Size([1, 25, 720, 1440]) tar: torch.Size([1, 25, 720, 1440])
pred: torch.Size([1, 25, 720, 1440]) tar: torch.Size([1, 25, 720, 1440])
pred: torch.Size([1, 25, 720, 1440]) tar: torch.Size([1, 25, 720, 1440])
pred: torch.Size([1, 25, 720, 1440]) tar: torch.Size([1, 25, 720, 1440])
pred: torch.Size([1, 25, 720, 1440]) tar: torch.Size([1, 25, 720, 1440])
pred: torch.Size([1, 25, 720, 1440]) tar: torch.Size([1, 25, 720, 1440])
pred: torch.Size([1, 25, 720, 1440]) tar: torch.Size([1, 25, 720, 1440])
pred: torch.Size([1, 25, 720, 1440]) tar: torch.Size([1, 25, 720, 1440])
pred: torch.Size([1, 25, 720, 1440]) tar: torch.Size([1, 25, 720, 1440])
pred: torch.Size([1, 25, 720, 1440]) tar: torch.Size([1, 25, 720, 1440])
pred: torch.Size([1, 25, 720, 1440]) tar: torch.Size([1, 25, 720, 1440])
pred: torch.Size([1, 25, 720, 1440]) tar: torch.Size([1, 25, 720, 1440])
pred: torch.Size([1, 25, 720, 1440]) tar: torch.Size([1, 25, 720, 1440])
pred: torch.Size([1, 25, 720, 1440]) tar: torch.Size([1, 25, 720, 1440])
pred: torch.Size([1, 25, 720, 1440]) tar: torch.Size([1, 25, 720, 1440])
pred: torch.Size([1, 25, 720, 1440]) tar: torch.Size([1, 25, 720, 1440])
pred: torch.Size([1, 25, 720, 1440]) tar: torch.Size([1, 25, 720, 1440])
pred: torch.Size([1, 25, 720, 1440]) tar: torch.Size([1, 25, 720, 1440])
pred: torch.Size([1, 25, 720, 1440]) tar: torch.Size([1, 25, 720, 1440])
seq_real: (6, 30, 25, 720, 1440)
6 30 25 720 1440
seq_pred:  (6, 30, 25, 720, 1440)
