cuda-11.7 loaded successful
gcc-12.2.0 loaded successful
2023-06-14 10:39:36,805 - root - INFO - expDir: /home/bingxing2/home/scx6115/Ocean_AI_model/exp/Masked_AE_fusion/20230613-203822
2023-06-14 10:39:36,809 - root - INFO - ------------------ Configuration ------------------
2023-06-14 10:39:36,811 - root - INFO - Configuration file: /home/bingxing2/home/scx6115/Ocean_AI_model/config/Model.yaml
2023-06-14 10:39:36,812 - root - INFO - Configuration name: Masked_AE_fusion
2023-06-14 10:39:36,813 - root - INFO - nettype Masked_AE_fusion
2023-06-14 10:39:36,814 - root - INFO - log_to_wandb True
2023-06-14 10:39:36,815 - root - INFO - lr 0.001
2023-06-14 10:39:36,816 - root - INFO - batch_size 32
2023-06-14 10:39:36,817 - root - INFO - max_epochs 100
2023-06-14 10:39:36,818 - root - INFO - scheduler CosineAnnealingLR
2023-06-14 10:39:36,819 - root - INFO - fusion_3d_2d True
2023-06-14 10:39:36,820 - root - INFO - in_chans 31
2023-06-14 10:39:36,821 - root - INFO - out_chans 25
2023-06-14 10:39:36,822 - root - INFO - in_channels [0, 1, 2, 3, 4, 5, 6, 7, 8, 9, 10, 11, 12, 13, 14, 15, 16, 17, 18, 19, 20, 21, 22, 23, 24, 25, 26, 27, 28, 29]
2023-06-14 10:39:36,823 - root - INFO - out_channels [0, 1, 2, 3, 4, 5, 6, 7, 8, 9, 10, 11, 12, 13, 14, 15, 16, 17, 18, 19, 20, 21, 22, 23, 24]
2023-06-14 10:39:36,824 - root - INFO - img_size_h 720
2023-06-14 10:39:36,825 - root - INFO - img_size_w 1440
2023-06-14 10:39:36,827 - root - INFO - patch_size_h 16
2023-06-14 10:39:36,827 - root - INFO - patch_size_w 16
2023-06-14 10:39:36,828 - root - INFO - patch_size_d 2
2023-06-14 10:39:36,829 - root - INFO - mlp_ratio 4.0
2023-06-14 10:39:36,830 - root - INFO - in_chans_2d 7
2023-06-14 10:39:36,831 - root - INFO - out_chans_2d 1
2023-06-14 10:39:36,832 - root - INFO - in_chans_3d 4
2023-06-14 10:39:36,833 - root - INFO - out_chans_3d 4
2023-06-14 10:39:36,834 - root - INFO - var_depth 6
2023-06-14 10:39:36,835 - root - INFO - embed_dim 512
2023-06-14 10:39:36,836 - root - INFO - depth 16
2023-06-14 10:39:36,837 - root - INFO - num_heads 16
2023-06-14 10:39:36,838 - root - INFO - decoder_embed_dim 1024
2023-06-14 10:39:36,839 - root - INFO - decoder_depth 8
2023-06-14 10:39:36,840 - root - INFO - decoder_num_heads 16
2023-06-14 10:39:36,841 - root - INFO - drop_rate 0.0
2023-06-14 10:39:36,842 - root - INFO - drop_path_rate 0.0
2023-06-14 10:39:36,843 - root - INFO - sparsity_threshold 0.01
2023-06-14 10:39:36,844 - root - INFO - hard_thresholding_fraction 1.0
2023-06-14 10:39:36,845 - root - INFO - num_blocks 8
2023-06-14 10:39:36,846 - root - INFO - loss l2
2023-06-14 10:39:36,847 - root - INFO - num_data_workers 0
2023-06-14 10:39:36,848 - root - INFO - dt 1
2023-06-14 10:39:36,848 - root - INFO - n_history 0
2023-06-14 10:39:36,849 - root - INFO - prediction_type iterative
2023-06-14 10:39:36,850 - root - INFO - prediction_length 41
2023-06-14 10:39:36,851 - root - INFO - n_initial_conditions 5
2023-06-14 10:39:36,852 - root - INFO - ics_type default
2023-06-14 10:39:36,853 - root - INFO - date_strings ['2018-09-14 00:00:00']
2023-06-14 10:39:36,854 - root - INFO - save_raw_forecasts True
2023-06-14 10:39:36,855 - root - INFO - save_channel False
2023-06-14 10:39:36,856 - root - INFO - masked_acc False
2023-06-14 10:39:36,857 - root - INFO - maskpath None
2023-06-14 10:39:36,858 - root - INFO - perturb False
2023-06-14 10:39:36,859 - root - INFO - add_grid False
2023-06-14 10:39:36,860 - root - INFO - N_grid_channels 0
2023-06-14 10:39:36,861 - root - INFO - gridtype sinusoidal
2023-06-14 10:39:36,861 - root - INFO - roll False
2023-06-14 10:39:36,862 - root - INFO - enable_nhwc False
2023-06-14 10:39:36,863 - root - INFO - optimizer_type FusedAdam
2023-06-14 10:39:36,864 - root - INFO - exp_dir ./exp
2023-06-14 10:39:36,865 - root - INFO - patch_size 8
2023-06-14 10:39:36,866 - root - INFO - width 56
2023-06-14 10:39:36,867 - root - INFO - modes 32
2023-06-14 10:39:36,868 - root - INFO - target default
2023-06-14 10:39:36,869 - root - INFO - train_data_path /home/bingxing2/home/scx6115/Ocean_AI_model/sample_00/train
2023-06-14 10:39:36,870 - root - INFO - valid_data_path /home/bingxing2/home/scx6115/Ocean_AI_model/sample_00/valid
2023-06-14 10:39:36,871 - root - INFO - test_data_path /home/bingxing2/home/scx6115/Ocean_AI_model/sample_00/test
2023-06-14 10:39:36,872 - root - INFO - land_mask True
2023-06-14 10:39:36,873 - root - INFO - land_mask_path /home/bingxing2/home/scx6115/Ocean_AI_model/sample_00/land_mask.h5
2023-06-14 10:39:36,874 - root - INFO - normalize True
2023-06-14 10:39:36,875 - root - INFO - normalization zscore
2023-06-14 10:39:36,876 - root - INFO - global_mins_path /home/bingxing2/home/scx6115/Ocean_AI_model/sample_00/train/global_mins.npy
2023-06-14 10:39:36,877 - root - INFO - global_maxs_path /home/bingxing2/home/scx6115/Ocean_AI_model/sample_00/train/global_maxs.npy
2023-06-14 10:39:36,877 - root - INFO - global_means_path /home/bingxing2/home/scx6115/Ocean_AI_model/sample_00/train/global_means.npy
2023-06-14 10:39:36,878 - root - INFO - global_stds_path /home/bingxing2/home/scx6115/Ocean_AI_model/sample_00/train/global_stds.npy
2023-06-14 10:39:36,879 - root - INFO - orography True
2023-06-14 10:39:36,880 - root - INFO - orography_norm_zscore_path /home/bingxing2/home/scx6115/Ocean_AI_model/sample_00/orography_norm_zscore.h5
2023-06-14 10:39:36,881 - root - INFO - orography_norm_maxmin_path /home/bingxing2/home/scx6115/Ocean_AI_model/sample_00/orography_norm_maxmin.h5
2023-06-14 10:39:36,882 - root - INFO - add_noise False
2023-06-14 10:39:36,883 - root - INFO - noise_std 0
2023-06-14 10:39:36,884 - root - INFO - crop_size_x None
2023-06-14 10:39:36,885 - root - INFO - crop_size_y None
2023-06-14 10:39:36,886 - root - INFO - log_to_screen True
2023-06-14 10:39:36,887 - root - INFO - save_checkpoint True
2023-06-14 10:39:36,888 - root - INFO - plot_animations False
2023-06-14 10:39:36,889 - root - INFO - world_size 1
2023-06-14 10:39:36,889 - root - INFO - interp 0
2023-06-14 10:39:36,890 - root - INFO - global_batch_size 32
2023-06-14 10:39:36,891 - root - INFO - experiment_dir /home/bingxing2/home/scx6115/Ocean_AI_model/exp/Masked_AE_fusion/20230613-203822
2023-06-14 10:39:36,892 - root - INFO - best_checkpoint_path /home/bingxing2/home/scx6115/Ocean_AI_model/exp/Masked_AE_fusion/20230613-203822/training_checkpoints/best_ckpt.tar
2023-06-14 10:39:36,893 - root - INFO - resuming False
2023-06-14 10:39:36,894 - root - INFO - local_rank 0
2023-06-14 10:39:36,895 - root - INFO - ---------------------------------------------------
2023-06-14 10:39:36,896 - root - INFO - Inference for 9 initial conditions
2023-06-14 10:39:36,940 - root - INFO - Getting file stats from /home/bingxing2/home/scx6115/Ocean_AI_model/sample_00/test/2012.h5
2023-06-14 10:39:36,942 - root - INFO - Number of samples per year: 365
2023-06-14 10:39:36,943 - root - INFO - Found data at path /home/bingxing2/home/scx6115/Ocean_AI_model/sample_00/test. Number of examples: 365. Image Shape: 720 x 1440 x 30
2023-06-14 10:39:36,944 - root - INFO - Delta t: 1 days
2023-06-14 10:39:36,945 - root - INFO - Including 0 days of past history in training at a frequency of 1 days
2023-06-14 10:39:38,021 - root - INFO - Loading trained model checkpoint from /home/bingxing2/home/scx6115/Ocean_AI_model/exp/Masked_AE_fusion/20230613-203822/training_checkpoints/best_ckpt.tar
2023-06-14 10:39:48,188 - root - INFO - Loading inference data
2023-06-14 10:39:48,190 - root - INFO - Inference data from /home/bingxing2/home/scx6115/Ocean_AI_model/sample_00/test/2012.h5
2023-06-14 10:39:48,194 - root - INFO - Initial condition 1 of 9
2023-06-14 10:39:52,896 - root - INFO - valid_data_full: (366, 30, 721, 1440)
2023-06-14 10:39:52,976 - root - INFO - valid_data: (41, 30, 720, 1440)
2023-06-14 10:40:02,798 - root - INFO - orography loaded; shape:torch.Size([1, 1, 720, 1440])
2023-06-14 10:40:02,800 - root - INFO - Begin autoregressive inference
2023-06-14 10:40:05,350 - root - INFO - Predicted timestep 0 of 41. ssh RMSE: 0.0, ACC: 1.0
2023-06-14 10:40:05,906 - root - INFO - Predicted timestep 1 of 41. ssh RMSE: 0.06231919676065445, ACC: 0.9944749474525452
2023-06-14 10:40:06,433 - root - INFO - Predicted timestep 2 of 41. ssh RMSE: 0.08241277933120728, ACC: 0.9901432394981384
2023-06-14 10:40:06,966 - root - INFO - Predicted timestep 3 of 41. ssh RMSE: 0.08836677670478821, ACC: 0.988580048084259
2023-06-14 10:40:07,496 - root - INFO - Predicted timestep 4 of 41. ssh RMSE: 0.09354233741760254, ACC: 0.9872362017631531
2023-06-14 10:40:08,023 - root - INFO - Predicted timestep 5 of 41. ssh RMSE: 0.09678191691637039, ACC: 0.9863589406013489
2023-06-14 10:40:08,552 - root - INFO - Predicted timestep 6 of 41. ssh RMSE: 0.10311087965965271, ACC: 0.984516441822052
2023-06-14 10:40:09,083 - root - INFO - Predicted timestep 7 of 41. ssh RMSE: 0.10829608887434006, ACC: 0.9829375743865967
2023-06-14 10:40:09,603 - root - INFO - Predicted timestep 8 of 41. ssh RMSE: 0.11455690860748291, ACC: 0.9808498024940491
2023-06-14 10:40:10,137 - root - INFO - Predicted timestep 9 of 41. ssh RMSE: 0.11904206871986389, ACC: 0.9792680740356445
2023-06-14 10:40:10,663 - root - INFO - Predicted timestep 10 of 41. ssh RMSE: 0.1251189410686493, ACC: 0.9770784378051758
2023-06-14 10:40:11,215 - root - INFO - Predicted timestep 11 of 41. ssh RMSE: 0.12985654175281525, ACC: 0.9754056930541992
2023-06-14 10:40:11,743 - root - INFO - Predicted timestep 12 of 41. ssh RMSE: 0.1341838538646698, ACC: 0.9737001061439514
2023-06-14 10:40:12,312 - root - INFO - Predicted timestep 13 of 41. ssh RMSE: 0.13908442854881287, ACC: 0.9714744687080383
2023-06-14 10:40:12,824 - root - INFO - Predicted timestep 14 of 41. ssh RMSE: 0.1421235203742981, ACC: 0.969990074634552
2023-06-14 10:40:13,339 - root - INFO - Predicted timestep 15 of 41. ssh RMSE: 0.14577673375606537, ACC: 0.9689874649047852
2023-06-14 10:40:13,864 - root - INFO - Predicted timestep 16 of 41. ssh RMSE: 0.14901751279830933, ACC: 0.9674263000488281
2023-06-14 10:40:14,396 - root - INFO - Predicted timestep 17 of 41. ssh RMSE: 0.15427157282829285, ACC: 0.9653477072715759
2023-06-14 10:40:14,915 - root - INFO - Predicted timestep 18 of 41. ssh RMSE: 0.15658189356327057, ACC: 0.9645215272903442
2023-06-14 10:40:15,455 - root - INFO - Predicted timestep 19 of 41. ssh RMSE: 0.15810060501098633, ACC: 0.9640676379203796
2023-06-14 10:40:15,985 - root - INFO - Predicted timestep 20 of 41. ssh RMSE: 0.16146855056285858, ACC: 0.9623675346374512
2023-06-14 10:40:16,515 - root - INFO - Predicted timestep 21 of 41. ssh RMSE: 0.16356870532035828, ACC: 0.9611454606056213
2023-06-14 10:40:17,063 - root - INFO - Predicted timestep 22 of 41. ssh RMSE: 0.16422487795352936, ACC: 0.9615234136581421
2023-06-14 10:40:17,590 - root - INFO - Predicted timestep 23 of 41. ssh RMSE: 0.16510537266731262, ACC: 0.960762619972229
2023-06-14 10:40:18,103 - root - INFO - Predicted timestep 24 of 41. ssh RMSE: 0.1659412384033203, ACC: 0.9607555866241455
2023-06-14 10:40:18,618 - root - INFO - Predicted timestep 25 of 41. ssh RMSE: 0.16644619405269623, ACC: 0.9602511525154114
2023-06-14 10:40:19,133 - root - INFO - Predicted timestep 26 of 41. ssh RMSE: 0.16690689325332642, ACC: 0.9602651000022888
2023-06-14 10:40:19,652 - root - INFO - Predicted timestep 27 of 41. ssh RMSE: 0.16709059476852417, ACC: 0.9600125551223755
2023-06-14 10:40:20,169 - root - INFO - Predicted timestep 28 of 41. ssh RMSE: 0.167199045419693, ACC: 0.9597371220588684
2023-06-14 10:40:20,698 - root - INFO - Predicted timestep 29 of 41. ssh RMSE: 0.16865989565849304, ACC: 0.9592655301094055
2023-06-14 10:40:21,230 - root - INFO - Predicted timestep 30 of 41. ssh RMSE: 0.16989478468894958, ACC: 0.9588383436203003
2023-06-14 10:40:21,751 - root - INFO - Predicted timestep 31 of 41. ssh RMSE: 0.1707906574010849, ACC: 0.9582048058509827
2023-06-14 10:40:22,277 - root - INFO - Predicted timestep 32 of 41. ssh RMSE: 0.17149542272090912, ACC: 0.9580054879188538
2023-06-14 10:40:22,810 - root - INFO - Predicted timestep 33 of 41. ssh RMSE: 0.17244304716587067, ACC: 0.9576236605644226
2023-06-14 10:40:23,337 - root - INFO - Predicted timestep 34 of 41. ssh RMSE: 0.1722654402256012, ACC: 0.9572631120681763
2023-06-14 10:40:23,859 - root - INFO - Predicted timestep 35 of 41. ssh RMSE: 0.17276550829410553, ACC: 0.9573351144790649
2023-06-14 10:40:24,392 - root - INFO - Predicted timestep 36 of 41. ssh RMSE: 0.17271637916564941, ACC: 0.9572147727012634
2023-06-14 10:40:24,924 - root - INFO - Predicted timestep 37 of 41. ssh RMSE: 0.1734807938337326, ACC: 0.956727921962738
2023-06-14 10:40:25,450 - root - INFO - Predicted timestep 38 of 41. ssh RMSE: 0.17380046844482422, ACC: 0.9565238356590271
2023-06-14 10:40:25,964 - root - INFO - Predicted timestep 39 of 41. ssh RMSE: 0.17348361015319824, ACC: 0.9566365480422974
2023-06-14 10:40:26,174 - root - INFO - Predicted timestep 40 of 41. ssh RMSE: 0.175109401345253, ACC: 0.9559215307235718
2023-06-14 10:40:26,214 - root - INFO - Initial condition 2 of 9
2023-06-14 10:40:31,264 - root - INFO - valid_data_full: (366, 30, 721, 1440)
2023-06-14 10:40:31,350 - root - INFO - valid_data: (41, 30, 720, 1440)
2023-06-14 10:40:41,292 - root - INFO - orography loaded; shape:torch.Size([1, 1, 720, 1440])
2023-06-14 10:40:41,293 - root - INFO - Begin autoregressive inference
2023-06-14 10:40:41,980 - root - INFO - Predicted timestep 0 of 41. ssh RMSE: 0.0, ACC: 1.0
2023-06-14 10:40:42,515 - root - INFO - Predicted timestep 1 of 41. ssh RMSE: 0.06520113348960876, ACC: 0.9935791492462158
2023-06-14 10:40:43,046 - root - INFO - Predicted timestep 2 of 41. ssh RMSE: 0.08294074237346649, ACC: 0.9896776080131531
2023-06-14 10:40:43,585 - root - INFO - Predicted timestep 3 of 41. ssh RMSE: 0.08767364919185638, ACC: 0.9885504841804504
2023-06-14 10:40:44,114 - root - INFO - Predicted timestep 4 of 41. ssh RMSE: 0.09164144843816757, ACC: 0.9874851107597351
2023-06-14 10:40:44,652 - root - INFO - Predicted timestep 5 of 41. ssh RMSE: 0.09835483133792877, ACC: 0.9855225682258606
2023-06-14 10:40:45,199 - root - INFO - Predicted timestep 6 of 41. ssh RMSE: 0.10444232076406479, ACC: 0.9836328029632568
2023-06-14 10:40:45,753 - root - INFO - Predicted timestep 7 of 41. ssh RMSE: 0.11119022220373154, ACC: 0.9815693497657776
2023-06-14 10:40:46,288 - root - INFO - Predicted timestep 8 of 41. ssh RMSE: 0.11638474464416504, ACC: 0.9798762202262878
2023-06-14 10:40:46,822 - root - INFO - Predicted timestep 9 of 41. ssh RMSE: 0.12252826243638992, ACC: 0.9779037833213806
2023-06-14 10:40:47,355 - root - INFO - Predicted timestep 10 of 41. ssh RMSE: 0.12953972816467285, ACC: 0.9755346179008484
2023-06-14 10:40:47,897 - root - INFO - Predicted timestep 11 of 41. ssh RMSE: 0.1338999718427658, ACC: 0.9739881157875061
2023-06-14 10:40:48,432 - root - INFO - Predicted timestep 12 of 41. ssh RMSE: 0.1380736082792282, ACC: 0.9722146391868591
2023-06-14 10:40:49,001 - root - INFO - Predicted timestep 13 of 41. ssh RMSE: 0.1424899399280548, ACC: 0.9703087210655212
2023-06-14 10:40:49,541 - root - INFO - Predicted timestep 14 of 41. ssh RMSE: 0.14772191643714905, ACC: 0.9679147601127625
2023-06-14 10:40:50,087 - root - INFO - Predicted timestep 15 of 41. ssh RMSE: 0.15153609216213226, ACC: 0.9668290615081787
2023-06-14 10:40:50,621 - root - INFO - Predicted timestep 16 of 41. ssh RMSE: 0.15603937208652496, ACC: 0.9652857780456543
2023-06-14 10:40:51,181 - root - INFO - Predicted timestep 17 of 41. ssh RMSE: 0.15847045183181763, ACC: 0.9644341468811035
2023-06-14 10:40:51,722 - root - INFO - Predicted timestep 18 of 41. ssh RMSE: 0.161272794008255, ACC: 0.962853193283081
2023-06-14 10:40:52,268 - root - INFO - Predicted timestep 19 of 41. ssh RMSE: 0.16388241946697235, ACC: 0.9616917967796326
2023-06-14 10:40:52,804 - root - INFO - Predicted timestep 20 of 41. ssh RMSE: 0.1646866500377655, ACC: 0.9612603783607483
2023-06-14 10:40:53,342 - root - INFO - Predicted timestep 21 of 41. ssh RMSE: 0.16658981144428253, ACC: 0.9602195024490356
2023-06-14 10:40:53,880 - root - INFO - Predicted timestep 22 of 41. ssh RMSE: 0.1682252138853073, ACC: 0.9592217206954956
2023-06-14 10:40:54,449 - root - INFO - Predicted timestep 23 of 41. ssh RMSE: 0.16965913772583008, ACC: 0.9593074917793274
2023-06-14 10:40:54,982 - root - INFO - Predicted timestep 24 of 41. ssh RMSE: 0.1699613332748413, ACC: 0.9594408869743347
2023-06-14 10:40:55,523 - root - INFO - Predicted timestep 25 of 41. ssh RMSE: 0.17010021209716797, ACC: 0.9594131112098694
2023-06-14 10:40:56,055 - root - INFO - Predicted timestep 26 of 41. ssh RMSE: 0.1725015491247177, ACC: 0.9583653211593628
2023-06-14 10:40:56,596 - root - INFO - Predicted timestep 27 of 41. ssh RMSE: 0.17306900024414062, ACC: 0.9582942128181458
2023-06-14 10:40:57,128 - root - INFO - Predicted timestep 28 of 41. ssh RMSE: 0.17371045053005219, ACC: 0.9582630395889282
2023-06-14 10:40:57,665 - root - INFO - Predicted timestep 29 of 41. ssh RMSE: 0.17357856035232544, ACC: 0.9580897092819214
2023-06-14 10:40:58,721 - root - INFO - Predicted timestep 30 of 41. ssh RMSE: 0.17434334754943848, ACC: 0.9574755430221558
2023-06-14 10:40:59,262 - root - INFO - Predicted timestep 31 of 41. ssh RMSE: 0.17509734630584717, ACC: 0.9574109315872192
2023-06-14 10:40:59,815 - root - INFO - Predicted timestep 32 of 41. ssh RMSE: 0.17542022466659546, ACC: 0.9569020867347717
2023-06-14 10:41:00,352 - root - INFO - Predicted timestep 33 of 41. ssh RMSE: 0.17601750791072845, ACC: 0.9560441970825195
2023-06-14 10:41:00,881 - root - INFO - Predicted timestep 34 of 41. ssh RMSE: 0.17700572311878204, ACC: 0.9557511806488037
2023-06-14 10:41:01,423 - root - INFO - Predicted timestep 35 of 41. ssh RMSE: 0.17727932333946228, ACC: 0.9562216997146606
2023-06-14 10:41:01,969 - root - INFO - Predicted timestep 36 of 41. ssh RMSE: 0.17852510511875153, ACC: 0.9555356502532959
2023-06-14 10:41:02,502 - root - INFO - Predicted timestep 37 of 41. ssh RMSE: 0.1804429292678833, ACC: 0.9544371366500854
2023-06-14 10:41:03,072 - root - INFO - Predicted timestep 38 of 41. ssh RMSE: 0.1796862930059433, ACC: 0.9544033408164978
2023-06-14 10:41:03,588 - root - INFO - Predicted timestep 39 of 41. ssh RMSE: 0.17970597743988037, ACC: 0.9541746377944946
2023-06-14 10:41:03,799 - root - INFO - Predicted timestep 40 of 41. ssh RMSE: 0.18021245300769806, ACC: 0.9541256427764893
2023-06-14 10:41:07,391 - root - INFO - Initial condition 3 of 9
2023-06-14 10:41:12,272 - root - INFO - valid_data_full: (366, 30, 721, 1440)
2023-06-14 10:41:12,357 - root - INFO - valid_data: (41, 30, 720, 1440)
2023-06-14 10:41:22,503 - root - INFO - orography loaded; shape:torch.Size([1, 1, 720, 1440])
2023-06-14 10:41:22,504 - root - INFO - Begin autoregressive inference
2023-06-14 10:41:23,115 - root - INFO - Predicted timestep 0 of 41. ssh RMSE: 0.0, ACC: 1.0
2023-06-14 10:41:23,640 - root - INFO - Predicted timestep 1 of 41. ssh RMSE: 0.0658901184797287, ACC: 0.9937125444412231
2023-06-14 10:41:24,156 - root - INFO - Predicted timestep 2 of 41. ssh RMSE: 0.08137817680835724, ACC: 0.9901778101921082
2023-06-14 10:41:24,683 - root - INFO - Predicted timestep 3 of 41. ssh RMSE: 0.08762597292661667, ACC: 0.9885308742523193
2023-06-14 10:41:25,221 - root - INFO - Predicted timestep 4 of 41. ssh RMSE: 0.09013422578573227, ACC: 0.9878519177436829
2023-06-14 10:41:25,751 - root - INFO - Predicted timestep 5 of 41. ssh RMSE: 0.09774111211299896, ACC: 0.9858102798461914
2023-06-14 10:41:26,293 - root - INFO - Predicted timestep 6 of 41. ssh RMSE: 0.1002366915345192, ACC: 0.9851422905921936
2023-06-14 10:41:26,833 - root - INFO - Predicted timestep 7 of 41. ssh RMSE: 0.1083068698644638, ACC: 0.9827150106430054
2023-06-14 10:41:27,410 - root - INFO - Predicted timestep 8 of 41. ssh RMSE: 0.11391991376876831, ACC: 0.9809359312057495
2023-06-14 10:41:27,956 - root - INFO - Predicted timestep 9 of 41. ssh RMSE: 0.11932382732629776, ACC: 0.9792250394821167
2023-06-14 10:41:28,493 - root - INFO - Predicted timestep 10 of 41. ssh RMSE: 0.12486277520656586, ACC: 0.9775253534317017
2023-06-14 10:41:29,034 - root - INFO - Predicted timestep 11 of 41. ssh RMSE: 0.13086910545825958, ACC: 0.9751933813095093
2023-06-14 10:41:29,611 - root - INFO - Predicted timestep 12 of 41. ssh RMSE: 0.13654825091362, ACC: 0.9728445410728455
2023-06-14 10:41:30,148 - root - INFO - Predicted timestep 13 of 41. ssh RMSE: 0.1432027667760849, ACC: 0.9702832102775574
2023-06-14 10:41:30,686 - root - INFO - Predicted timestep 14 of 41. ssh RMSE: 0.14661142230033875, ACC: 0.969146728515625
2023-06-14 10:41:31,229 - root - INFO - Predicted timestep 15 of 41. ssh RMSE: 0.14943301677703857, ACC: 0.9681647419929504
2023-06-14 10:41:31,768 - root - INFO - Predicted timestep 16 of 41. ssh RMSE: 0.15265506505966187, ACC: 0.9664612412452698
2023-06-14 10:41:32,300 - root - INFO - Predicted timestep 17 of 41. ssh RMSE: 0.15534330904483795, ACC: 0.9656409025192261
2023-06-14 10:41:32,819 - root - INFO - Predicted timestep 18 of 41. ssh RMSE: 0.157020702958107, ACC: 0.9648134112358093
2023-06-14 10:41:33,348 - root - INFO - Predicted timestep 19 of 41. ssh RMSE: 0.15943358838558197, ACC: 0.9643967747688293
2023-06-14 10:41:33,866 - root - INFO - Predicted timestep 20 of 41. ssh RMSE: 0.1606815755367279, ACC: 0.9632759094238281
2023-06-14 10:41:34,410 - root - INFO - Predicted timestep 21 of 41. ssh RMSE: 0.16361364722251892, ACC: 0.961669385433197
2023-06-14 10:41:34,944 - root - INFO - Predicted timestep 22 of 41. ssh RMSE: 0.16474419832229614, ACC: 0.9614713191986084
2023-06-14 10:41:35,539 - root - INFO - Predicted timestep 23 of 41. ssh RMSE: 0.16644823551177979, ACC: 0.9605451822280884
2023-06-14 10:41:36,137 - root - INFO - Predicted timestep 24 of 41. ssh RMSE: 0.16805583238601685, ACC: 0.9599030017852783
2023-06-14 10:41:36,716 - root - INFO - Predicted timestep 25 of 41. ssh RMSE: 0.16892901062965393, ACC: 0.9595112204551697
2023-06-14 10:41:37,309 - root - INFO - Predicted timestep 26 of 41. ssh RMSE: 0.16948792338371277, ACC: 0.9592392444610596
2023-06-14 10:41:37,898 - root - INFO - Predicted timestep 27 of 41. ssh RMSE: 0.17031829059123993, ACC: 0.9588391780853271
2023-06-14 10:41:38,478 - root - INFO - Predicted timestep 28 of 41. ssh RMSE: 0.171203151345253, ACC: 0.958594799041748
2023-06-14 10:41:39,067 - root - INFO - Predicted timestep 29 of 41. ssh RMSE: 0.17166006565093994, ACC: 0.9586877226829529
2023-06-14 10:41:39,650 - root - INFO - Predicted timestep 30 of 41. ssh RMSE: 0.171901673078537, ACC: 0.9582244753837585
2023-06-14 10:41:40,234 - root - INFO - Predicted timestep 31 of 41. ssh RMSE: 0.17228709161281586, ACC: 0.9579578042030334
2023-06-14 10:41:40,823 - root - INFO - Predicted timestep 32 of 41. ssh RMSE: 0.17207121849060059, ACC: 0.957908034324646
2023-06-14 10:41:41,402 - root - INFO - Predicted timestep 33 of 41. ssh RMSE: 0.17266473174095154, ACC: 0.9581064581871033
2023-06-14 10:41:42,001 - root - INFO - Predicted timestep 34 of 41. ssh RMSE: 0.17276380956172943, ACC: 0.9579163193702698
2023-06-14 10:41:42,570 - root - INFO - Predicted timestep 35 of 41. ssh RMSE: 0.17269982397556305, ACC: 0.9577746987342834
2023-06-14 10:41:43,170 - root - INFO - Predicted timestep 36 of 41. ssh RMSE: 0.17317181825637817, ACC: 0.9577112197875977
2023-06-14 10:41:43,740 - root - INFO - Predicted timestep 37 of 41. ssh RMSE: 0.17252497375011444, ACC: 0.957970380783081
2023-06-14 10:41:44,326 - root - INFO - Predicted timestep 38 of 41. ssh RMSE: 0.1716347187757492, ACC: 0.9582306146621704
2023-06-14 10:41:44,898 - root - INFO - Predicted timestep 39 of 41. ssh RMSE: 0.17270152270793915, ACC: 0.9577448964118958
2023-06-14 10:41:45,189 - root - INFO - Predicted timestep 40 of 41. ssh RMSE: 0.17267754673957825, ACC: 0.9579623937606812
2023-06-14 10:41:50,239 - root - INFO - Initial condition 4 of 9
2023-06-14 10:41:54,900 - root - INFO - valid_data_full: (366, 30, 721, 1440)
2023-06-14 10:41:54,983 - root - INFO - valid_data: (41, 30, 720, 1440)
2023-06-14 10:42:05,128 - root - INFO - orography loaded; shape:torch.Size([1, 1, 720, 1440])
2023-06-14 10:42:05,130 - root - INFO - Begin autoregressive inference
2023-06-14 10:42:05,756 - root - INFO - Predicted timestep 0 of 41. ssh RMSE: 0.0, ACC: 1.0
2023-06-14 10:42:06,300 - root - INFO - Predicted timestep 1 of 41. ssh RMSE: 0.06031898036599159, ACC: 0.9946556091308594
2023-06-14 10:42:06,828 - root - INFO - Predicted timestep 2 of 41. ssh RMSE: 0.07750944048166275, ACC: 0.9911801815032959
2023-06-14 10:42:07,434 - root - INFO - Predicted timestep 3 of 41. ssh RMSE: 0.08432874828577042, ACC: 0.9895264506340027
2023-06-14 10:42:08,009 - root - INFO - Predicted timestep 4 of 41. ssh RMSE: 0.08890073001384735, ACC: 0.9883828163146973
2023-06-14 10:42:08,598 - root - INFO - Predicted timestep 5 of 41. ssh RMSE: 0.09770973026752472, ACC: 0.9860472083091736
2023-06-14 10:42:09,166 - root - INFO - Predicted timestep 6 of 41. ssh RMSE: 0.1036614328622818, ACC: 0.984298050403595
2023-06-14 10:42:09,753 - root - INFO - Predicted timestep 7 of 41. ssh RMSE: 0.10918328166007996, ACC: 0.982464611530304
2023-06-14 10:42:10,334 - root - INFO - Predicted timestep 8 of 41. ssh RMSE: 0.11500284075737, ACC: 0.9806332588195801
2023-06-14 10:42:10,906 - root - INFO - Predicted timestep 9 of 41. ssh RMSE: 0.12029361724853516, ACC: 0.9791796803474426
2023-06-14 10:42:11,484 - root - INFO - Predicted timestep 10 of 41. ssh RMSE: 0.1282295286655426, ACC: 0.976508378982544
2023-06-14 10:42:12,075 - root - INFO - Predicted timestep 11 of 41. ssh RMSE: 0.13323037326335907, ACC: 0.9747152924537659
2023-06-14 10:42:12,659 - root - INFO - Predicted timestep 12 of 41. ssh RMSE: 0.13832977414131165, ACC: 0.9728509783744812
2023-06-14 10:42:13,233 - root - INFO - Predicted timestep 13 of 41. ssh RMSE: 0.14409968256950378, ACC: 0.9703938364982605
2023-06-14 10:42:13,774 - root - INFO - Predicted timestep 14 of 41. ssh RMSE: 0.14898554980754852, ACC: 0.9681190848350525
2023-06-14 10:42:14,308 - root - INFO - Predicted timestep 15 of 41. ssh RMSE: 0.15488854050636292, ACC: 0.9655956625938416
2023-06-14 10:42:14,893 - root - INFO - Predicted timestep 16 of 41. ssh RMSE: 0.15785162150859833, ACC: 0.9646207094192505
2023-06-14 10:42:15,450 - root - INFO - Predicted timestep 17 of 41. ssh RMSE: 0.15934930741786957, ACC: 0.9642080068588257
2023-06-14 10:42:16,017 - root - INFO - Predicted timestep 18 of 41. ssh RMSE: 0.1626739501953125, ACC: 0.9626744389533997
2023-06-14 10:42:16,564 - root - INFO - Predicted timestep 19 of 41. ssh RMSE: 0.16456271708011627, ACC: 0.9619892835617065
2023-06-14 10:42:17,120 - root - INFO - Predicted timestep 20 of 41. ssh RMSE: 0.1663912832736969, ACC: 0.9613154530525208
2023-06-14 10:42:17,649 - root - INFO - Predicted timestep 21 of 41. ssh RMSE: 0.16770483553409576, ACC: 0.9610859751701355
2023-06-14 10:42:18,187 - root - INFO - Predicted timestep 22 of 41. ssh RMSE: 0.16958379745483398, ACC: 0.9600145220756531
2023-06-14 10:42:18,713 - root - INFO - Predicted timestep 23 of 41. ssh RMSE: 0.17070117592811584, ACC: 0.9595077633857727
2023-06-14 10:42:19,242 - root - INFO - Predicted timestep 24 of 41. ssh RMSE: 0.17095953226089478, ACC: 0.9590280652046204
2023-06-14 10:42:19,783 - root - INFO - Predicted timestep 25 of 41. ssh RMSE: 0.1721198558807373, ACC: 0.9584755301475525
2023-06-14 10:42:20,305 - root - INFO - Predicted timestep 26 of 41. ssh RMSE: 0.1722174733877182, ACC: 0.9585054516792297
2023-06-14 10:42:20,841 - root - INFO - Predicted timestep 27 of 41. ssh RMSE: 0.17241588234901428, ACC: 0.9582041501998901
2023-06-14 10:42:21,372 - root - INFO - Predicted timestep 28 of 41. ssh RMSE: 0.17312170565128326, ACC: 0.9576528072357178
2023-06-14 10:42:21,901 - root - INFO - Predicted timestep 29 of 41. ssh RMSE: 0.1732880175113678, ACC: 0.957718014717102
2023-06-14 10:42:22,430 - root - INFO - Predicted timestep 30 of 41. ssh RMSE: 0.17299430072307587, ACC: 0.9581226706504822
2023-06-14 10:42:23,020 - root - INFO - Predicted timestep 31 of 41. ssh RMSE: 0.17284660041332245, ACC: 0.9584288001060486
2023-06-14 10:42:23,607 - root - INFO - Predicted timestep 32 of 41. ssh RMSE: 0.17230412364006042, ACC: 0.9585315585136414
2023-06-14 10:42:24,186 - root - INFO - Predicted timestep 33 of 41. ssh RMSE: 0.17270582914352417, ACC: 0.9582387804985046
2023-06-14 10:42:24,776 - root - INFO - Predicted timestep 34 of 41. ssh RMSE: 0.17340584099292755, ACC: 0.9574382901191711
2023-06-14 10:42:25,657 - root - INFO - Predicted timestep 35 of 41. ssh RMSE: 0.17359484732151031, ACC: 0.9571497440338135
2023-06-14 10:42:26,245 - root - INFO - Predicted timestep 36 of 41. ssh RMSE: 0.17456449568271637, ACC: 0.9565826058387756
2023-06-14 10:42:26,824 - root - INFO - Predicted timestep 37 of 41. ssh RMSE: 0.17351505160331726, ACC: 0.9575001001358032
2023-06-14 10:42:27,407 - root - INFO - Predicted timestep 38 of 41. ssh RMSE: 0.17421680688858032, ACC: 0.9571563601493835
2023-06-14 10:42:27,990 - root - INFO - Predicted timestep 39 of 41. ssh RMSE: 0.17508555948734283, ACC: 0.9561148285865784
2023-06-14 10:42:28,264 - root - INFO - Predicted timestep 40 of 41. ssh RMSE: 0.17511330544948578, ACC: 0.9560936689376831
2023-06-14 10:42:34,475 - root - INFO - Initial condition 5 of 9
2023-06-14 10:42:39,011 - root - INFO - valid_data_full: (366, 30, 721, 1440)
2023-06-14 10:42:39,094 - root - INFO - valid_data: (41, 30, 720, 1440)
2023-06-14 10:42:49,391 - root - INFO - orography loaded; shape:torch.Size([1, 1, 720, 1440])
2023-06-14 10:42:49,392 - root - INFO - Begin autoregressive inference
2023-06-14 10:42:50,041 - root - INFO - Predicted timestep 0 of 41. ssh RMSE: 0.0, ACC: 1.0
2023-06-14 10:42:50,583 - root - INFO - Predicted timestep 1 of 41. ssh RMSE: 0.06205705553293228, ACC: 0.994199812412262
2023-06-14 10:42:51,120 - root - INFO - Predicted timestep 2 of 41. ssh RMSE: 0.08140765130519867, ACC: 0.9899656176567078
2023-06-14 10:42:51,657 - root - INFO - Predicted timestep 3 of 41. ssh RMSE: 0.08521924912929535, ACC: 0.9891554713249207
2023-06-14 10:42:52,193 - root - INFO - Predicted timestep 4 of 41. ssh RMSE: 0.09042339026927948, ACC: 0.987902045249939
2023-06-14 10:42:52,775 - root - INFO - Predicted timestep 5 of 41. ssh RMSE: 0.09600584954023361, ACC: 0.98624187707901
2023-06-14 10:42:53,368 - root - INFO - Predicted timestep 6 of 41. ssh RMSE: 0.10239020735025406, ACC: 0.9845806956291199
2023-06-14 10:42:53,955 - root - INFO - Predicted timestep 7 of 41. ssh RMSE: 0.10853222012519836, ACC: 0.9827768206596375
2023-06-14 10:42:54,540 - root - INFO - Predicted timestep 8 of 41. ssh RMSE: 0.11363900452852249, ACC: 0.9811189770698547
2023-06-14 10:42:55,125 - root - INFO - Predicted timestep 9 of 41. ssh RMSE: 0.12031020224094391, ACC: 0.9788890480995178
2023-06-14 10:42:55,705 - root - INFO - Predicted timestep 10 of 41. ssh RMSE: 0.12703447043895721, ACC: 0.9768269062042236
2023-06-14 10:42:56,293 - root - INFO - Predicted timestep 11 of 41. ssh RMSE: 0.13148733973503113, ACC: 0.9753269553184509
2023-06-14 10:42:56,848 - root - INFO - Predicted timestep 12 of 41. ssh RMSE: 0.135447695851326, ACC: 0.9736785888671875
2023-06-14 10:42:57,401 - root - INFO - Predicted timestep 13 of 41. ssh RMSE: 0.140615314245224, ACC: 0.971709668636322
2023-06-14 10:42:57,946 - root - INFO - Predicted timestep 14 of 41. ssh RMSE: 0.14514175057411194, ACC: 0.9700201749801636
2023-06-14 10:42:58,491 - root - INFO - Predicted timestep 15 of 41. ssh RMSE: 0.15072041749954224, ACC: 0.9677468538284302
2023-06-14 10:42:59,044 - root - INFO - Predicted timestep 16 of 41. ssh RMSE: 0.15492798388004303, ACC: 0.9656693935394287
2023-06-14 10:42:59,579 - root - INFO - Predicted timestep 17 of 41. ssh RMSE: 0.1585330069065094, ACC: 0.9640355706214905
2023-06-14 10:43:00,124 - root - INFO - Predicted timestep 18 of 41. ssh RMSE: 0.16165415942668915, ACC: 0.9624315500259399
2023-06-14 10:43:00,700 - root - INFO - Predicted timestep 19 of 41. ssh RMSE: 0.16412192583084106, ACC: 0.962155282497406
2023-06-14 10:43:01,235 - root - INFO - Predicted timestep 20 of 41. ssh RMSE: 0.16682928800582886, ACC: 0.9603703618049622
2023-06-14 10:43:01,787 - root - INFO - Predicted timestep 21 of 41. ssh RMSE: 0.1692412793636322, ACC: 0.9592875242233276
2023-06-14 10:43:02,337 - root - INFO - Predicted timestep 22 of 41. ssh RMSE: 0.17146487534046173, ACC: 0.9587146043777466
2023-06-14 10:43:02,883 - root - INFO - Predicted timestep 23 of 41. ssh RMSE: 0.17380593717098236, ACC: 0.9576165080070496
2023-06-14 10:43:03,464 - root - INFO - Predicted timestep 24 of 41. ssh RMSE: 0.17537349462509155, ACC: 0.9573637843132019
2023-06-14 10:43:04,060 - root - INFO - Predicted timestep 25 of 41. ssh RMSE: 0.17734116315841675, ACC: 0.9562033414840698
2023-06-14 10:43:04,643 - root - INFO - Predicted timestep 26 of 41. ssh RMSE: 0.17678213119506836, ACC: 0.9558436274528503
2023-06-14 10:43:05,190 - root - INFO - Predicted timestep 27 of 41. ssh RMSE: 0.17706115543842316, ACC: 0.9560205340385437
2023-06-14 10:43:05,730 - root - INFO - Predicted timestep 28 of 41. ssh RMSE: 0.178211972117424, ACC: 0.9555814862251282
2023-06-14 10:43:06,270 - root - INFO - Predicted timestep 29 of 41. ssh RMSE: 0.1780012995004654, ACC: 0.9556390047073364
2023-06-14 10:43:06,846 - root - INFO - Predicted timestep 30 of 41. ssh RMSE: 0.1778358519077301, ACC: 0.9556189179420471
2023-06-14 10:43:07,388 - root - INFO - Predicted timestep 31 of 41. ssh RMSE: 0.17923080921173096, ACC: 0.9551709294319153
2023-06-14 10:43:07,934 - root - INFO - Predicted timestep 32 of 41. ssh RMSE: 0.18060122430324554, ACC: 0.9541891813278198
2023-06-14 10:43:08,518 - root - INFO - Predicted timestep 33 of 41. ssh RMSE: 0.1798919290304184, ACC: 0.954383373260498
2023-06-14 10:43:09,061 - root - INFO - Predicted timestep 34 of 41. ssh RMSE: 0.17886856198310852, ACC: 0.9548441171646118
2023-06-14 10:43:09,605 - root - INFO - Predicted timestep 35 of 41. ssh RMSE: 0.17997445166110992, ACC: 0.9542576670646667
2023-06-14 10:43:10,149 - root - INFO - Predicted timestep 36 of 41. ssh RMSE: 0.18054211139678955, ACC: 0.954238772392273
2023-06-14 10:43:10,678 - root - INFO - Predicted timestep 37 of 41. ssh RMSE: 0.1792486608028412, ACC: 0.9545784592628479
2023-06-14 10:43:11,219 - root - INFO - Predicted timestep 38 of 41. ssh RMSE: 0.1781562715768814, ACC: 0.9555468559265137
2023-06-14 10:43:11,808 - root - INFO - Predicted timestep 39 of 41. ssh RMSE: 0.17926588654518127, ACC: 0.9549176692962646
2023-06-14 10:43:12,025 - root - INFO - Predicted timestep 40 of 41. ssh RMSE: 0.17820025980472565, ACC: 0.9558762311935425
2023-06-14 10:43:19,673 - root - INFO - Initial condition 6 of 9
2023-06-14 10:43:24,377 - root - INFO - valid_data_full: (366, 30, 721, 1440)
2023-06-14 10:43:24,469 - root - INFO - valid_data: (41, 30, 720, 1440)
2023-06-14 10:43:34,404 - root - INFO - orography loaded; shape:torch.Size([1, 1, 720, 1440])
2023-06-14 10:43:34,405 - root - INFO - Begin autoregressive inference
2023-06-14 10:43:35,049 - root - INFO - Predicted timestep 0 of 41. ssh RMSE: 0.0, ACC: 1.0
2023-06-14 10:43:35,568 - root - INFO - Predicted timestep 1 of 41. ssh RMSE: 0.060774676501750946, ACC: 0.9947459101676941
2023-06-14 10:43:36,098 - root - INFO - Predicted timestep 2 of 41. ssh RMSE: 0.08014953136444092, ACC: 0.9907241463661194
2023-06-14 10:43:36,616 - root - INFO - Predicted timestep 3 of 41. ssh RMSE: 0.08617325872182846, ACC: 0.989253044128418
2023-06-14 10:43:37,144 - root - INFO - Predicted timestep 4 of 41. ssh RMSE: 0.09254559129476547, ACC: 0.9875138401985168
2023-06-14 10:43:37,663 - root - INFO - Predicted timestep 5 of 41. ssh RMSE: 0.09801474958658218, ACC: 0.9859393835067749
2023-06-14 10:43:38,183 - root - INFO - Predicted timestep 6 of 41. ssh RMSE: 0.10359033942222595, ACC: 0.9842958450317383
2023-06-14 10:43:38,727 - root - INFO - Predicted timestep 7 of 41. ssh RMSE: 0.1087828204035759, ACC: 0.9828042387962341
2023-06-14 10:43:39,265 - root - INFO - Predicted timestep 8 of 41. ssh RMSE: 0.11493206024169922, ACC: 0.9811364412307739
2023-06-14 10:43:39,873 - root - INFO - Predicted timestep 9 of 41. ssh RMSE: 0.12010054290294647, ACC: 0.9794493317604065
2023-06-14 10:43:40,470 - root - INFO - Predicted timestep 10 of 41. ssh RMSE: 0.12567046284675598, ACC: 0.977194607257843
2023-06-14 10:43:41,002 - root - INFO - Predicted timestep 11 of 41. ssh RMSE: 0.13047124445438385, ACC: 0.9755237102508545
2023-06-14 10:43:41,546 - root - INFO - Predicted timestep 12 of 41. ssh RMSE: 0.13546884059906006, ACC: 0.973802387714386
2023-06-14 10:43:42,100 - root - INFO - Predicted timestep 13 of 41. ssh RMSE: 0.140117347240448, ACC: 0.9718037843704224
2023-06-14 10:43:42,654 - root - INFO - Predicted timestep 14 of 41. ssh RMSE: 0.14566974341869354, ACC: 0.9698733687400818
2023-06-14 10:43:43,191 - root - INFO - Predicted timestep 15 of 41. ssh RMSE: 0.14967161417007446, ACC: 0.9682151079177856
2023-06-14 10:43:43,741 - root - INFO - Predicted timestep 16 of 41. ssh RMSE: 0.1541619747877121, ACC: 0.966611385345459
2023-06-14 10:43:44,295 - root - INFO - Predicted timestep 17 of 41. ssh RMSE: 0.15658840537071228, ACC: 0.9652119874954224
2023-06-14 10:43:44,851 - root - INFO - Predicted timestep 18 of 41. ssh RMSE: 0.1596338003873825, ACC: 0.9634993672370911
2023-06-14 10:43:45,394 - root - INFO - Predicted timestep 19 of 41. ssh RMSE: 0.16265279054641724, ACC: 0.9626412391662598
2023-06-14 10:43:45,926 - root - INFO - Predicted timestep 20 of 41. ssh RMSE: 0.1645982265472412, ACC: 0.9615040421485901
2023-06-14 10:43:46,477 - root - INFO - Predicted timestep 21 of 41. ssh RMSE: 0.1665644496679306, ACC: 0.9609147310256958
2023-06-14 10:43:47,078 - root - INFO - Predicted timestep 22 of 41. ssh RMSE: 0.16816934943199158, ACC: 0.9595162868499756
2023-06-14 10:43:47,631 - root - INFO - Predicted timestep 23 of 41. ssh RMSE: 0.16980941593647003, ACC: 0.9589462876319885
2023-06-14 10:43:48,163 - root - INFO - Predicted timestep 24 of 41. ssh RMSE: 0.1714143306016922, ACC: 0.9585734605789185
2023-06-14 10:43:48,700 - root - INFO - Predicted timestep 25 of 41. ssh RMSE: 0.17315074801445007, ACC: 0.9578605890274048
2023-06-14 10:43:49,251 - root - INFO - Predicted timestep 26 of 41. ssh RMSE: 0.1735774278640747, ACC: 0.9574108719825745
2023-06-14 10:43:49,785 - root - INFO - Predicted timestep 27 of 41. ssh RMSE: 0.17520344257354736, ACC: 0.9567441344261169
2023-06-14 10:43:50,323 - root - INFO - Predicted timestep 28 of 41. ssh RMSE: 0.17597290873527527, ACC: 0.9564459323883057
2023-06-14 10:43:50,857 - root - INFO - Predicted timestep 29 of 41. ssh RMSE: 0.17628280818462372, ACC: 0.9561291933059692
2023-06-14 10:43:51,375 - root - INFO - Predicted timestep 30 of 41. ssh RMSE: 0.17722588777542114, ACC: 0.9560133814811707
2023-06-14 10:43:51,905 - root - INFO - Predicted timestep 31 of 41. ssh RMSE: 0.17796652019023895, ACC: 0.9558730721473694
2023-06-14 10:43:52,442 - root - INFO - Predicted timestep 32 of 41. ssh RMSE: 0.17794391512870789, ACC: 0.9553443193435669
2023-06-14 10:43:52,992 - root - INFO - Predicted timestep 33 of 41. ssh RMSE: 0.17784342169761658, ACC: 0.9557933807373047
2023-06-14 10:43:53,517 - root - INFO - Predicted timestep 34 of 41. ssh RMSE: 0.17862537503242493, ACC: 0.9555634260177612
2023-06-14 10:43:54,064 - root - INFO - Predicted timestep 35 of 41. ssh RMSE: 0.17876608669757843, ACC: 0.9555650949478149
2023-06-14 10:43:54,587 - root - INFO - Predicted timestep 36 of 41. ssh RMSE: 0.17927122116088867, ACC: 0.955604612827301
2023-06-14 10:43:55,119 - root - INFO - Predicted timestep 37 of 41. ssh RMSE: 0.17811433970928192, ACC: 0.9561847448348999
2023-06-14 10:43:55,676 - root - INFO - Predicted timestep 38 of 41. ssh RMSE: 0.17859607934951782, ACC: 0.955900251865387
2023-06-14 10:43:56,203 - root - INFO - Predicted timestep 39 of 41. ssh RMSE: 0.1788213849067688, ACC: 0.9557440876960754
2023-06-14 10:43:56,430 - root - INFO - Predicted timestep 40 of 41. ssh RMSE: 0.18032841384410858, ACC: 0.9551892280578613
2023-06-14 10:44:05,444 - root - INFO - Initial condition 7 of 9
2023-06-14 10:44:10,000 - root - INFO - valid_data_full: (366, 30, 721, 1440)
2023-06-14 10:44:10,084 - root - INFO - valid_data: (41, 30, 720, 1440)
2023-06-14 10:44:19,835 - root - INFO - orography loaded; shape:torch.Size([1, 1, 720, 1440])
2023-06-14 10:44:19,837 - root - INFO - Begin autoregressive inference
2023-06-14 10:44:20,506 - root - INFO - Predicted timestep 0 of 41. ssh RMSE: 0.0, ACC: 1.0
2023-06-14 10:44:21,053 - root - INFO - Predicted timestep 1 of 41. ssh RMSE: 0.0645919218659401, ACC: 0.9940283894538879
2023-06-14 10:44:21,625 - root - INFO - Predicted timestep 2 of 41. ssh RMSE: 0.08245082199573517, ACC: 0.9902479648590088
2023-06-14 10:44:22,190 - root - INFO - Predicted timestep 3 of 41. ssh RMSE: 0.08698982745409012, ACC: 0.9893035888671875
2023-06-14 10:44:22,747 - root - INFO - Predicted timestep 4 of 41. ssh RMSE: 0.09064997732639313, ACC: 0.9883028268814087
2023-06-14 10:44:23,328 - root - INFO - Predicted timestep 5 of 41. ssh RMSE: 0.09642072767019272, ACC: 0.9865663647651672
2023-06-14 10:44:23,896 - root - INFO - Predicted timestep 6 of 41. ssh RMSE: 0.10172127932310104, ACC: 0.9850229620933533
2023-06-14 10:44:24,437 - root - INFO - Predicted timestep 7 of 41. ssh RMSE: 0.10984647274017334, ACC: 0.9825005531311035
2023-06-14 10:44:24,986 - root - INFO - Predicted timestep 8 of 41. ssh RMSE: 0.11507343500852585, ACC: 0.980890691280365
2023-06-14 10:44:25,520 - root - INFO - Predicted timestep 9 of 41. ssh RMSE: 0.12039940059185028, ACC: 0.9791372418403625
2023-06-14 10:44:26,064 - root - INFO - Predicted timestep 10 of 41. ssh RMSE: 0.1267092525959015, ACC: 0.9771202802658081
2023-06-14 10:44:26,612 - root - INFO - Predicted timestep 11 of 41. ssh RMSE: 0.13110949099063873, ACC: 0.9754120707511902
2023-06-14 10:44:27,163 - root - INFO - Predicted timestep 12 of 41. ssh RMSE: 0.13690631091594696, ACC: 0.9732990860939026
2023-06-14 10:44:27,721 - root - INFO - Predicted timestep 13 of 41. ssh RMSE: 0.1416865736246109, ACC: 0.97114098072052
2023-06-14 10:44:28,247 - root - INFO - Predicted timestep 14 of 41. ssh RMSE: 0.14692038297653198, ACC: 0.9692806601524353
2023-06-14 10:44:28,773 - root - INFO - Predicted timestep 15 of 41. ssh RMSE: 0.15033577382564545, ACC: 0.9680151343345642
2023-06-14 10:44:29,314 - root - INFO - Predicted timestep 16 of 41. ssh RMSE: 0.15380315482616425, ACC: 0.9667737483978271
2023-06-14 10:44:29,857 - root - INFO - Predicted timestep 17 of 41. ssh RMSE: 0.1572423130273819, ACC: 0.9655877947807312
2023-06-14 10:44:30,390 - root - INFO - Predicted timestep 18 of 41. ssh RMSE: 0.15956203639507294, ACC: 0.9642572402954102
2023-06-14 10:44:30,941 - root - INFO - Predicted timestep 19 of 41. ssh RMSE: 0.16296368837356567, ACC: 0.962848424911499
2023-06-14 10:44:31,476 - root - INFO - Predicted timestep 20 of 41. ssh RMSE: 0.16574735939502716, ACC: 0.9614996314048767
2023-06-14 10:44:32,025 - root - INFO - Predicted timestep 21 of 41. ssh RMSE: 0.16718794405460358, ACC: 0.9604746103286743
2023-06-14 10:44:32,563 - root - INFO - Predicted timestep 22 of 41. ssh RMSE: 0.1686621904373169, ACC: 0.959928572177887
2023-06-14 10:44:33,105 - root - INFO - Predicted timestep 23 of 41. ssh RMSE: 0.1690537929534912, ACC: 0.9594674110412598
2023-06-14 10:44:33,642 - root - INFO - Predicted timestep 24 of 41. ssh RMSE: 0.17020779848098755, ACC: 0.9591882824897766
2023-06-14 10:44:34,213 - root - INFO - Predicted timestep 25 of 41. ssh RMSE: 0.1712140440940857, ACC: 0.9590587019920349
2023-06-14 10:44:34,766 - root - INFO - Predicted timestep 26 of 41. ssh RMSE: 0.17288069427013397, ACC: 0.958010196685791
2023-06-14 10:44:35,325 - root - INFO - Predicted timestep 27 of 41. ssh RMSE: 0.1722685992717743, ACC: 0.9583075642585754
2023-06-14 10:44:35,864 - root - INFO - Predicted timestep 28 of 41. ssh RMSE: 0.17398595809936523, ACC: 0.957013726234436
2023-06-14 10:44:36,437 - root - INFO - Predicted timestep 29 of 41. ssh RMSE: 0.1748500019311905, ACC: 0.9574207663536072
2023-06-14 10:44:36,971 - root - INFO - Predicted timestep 30 of 41. ssh RMSE: 0.17537467181682587, ACC: 0.9575088620185852
2023-06-14 10:44:37,529 - root - INFO - Predicted timestep 31 of 41. ssh RMSE: 0.1755882203578949, ACC: 0.9570369124412537
2023-06-14 10:44:38,060 - root - INFO - Predicted timestep 32 of 41. ssh RMSE: 0.17605732381343842, ACC: 0.9570482969284058
2023-06-14 10:44:38,603 - root - INFO - Predicted timestep 33 of 41. ssh RMSE: 0.17467531561851501, ACC: 0.9570966958999634
2023-06-14 10:44:39,134 - root - INFO - Predicted timestep 34 of 41. ssh RMSE: 0.17596329748630524, ACC: 0.9560348391532898
2023-06-14 10:44:39,714 - root - INFO - Predicted timestep 35 of 41. ssh RMSE: 0.17555741965770721, ACC: 0.9562665224075317
2023-06-14 10:44:40,235 - root - INFO - Predicted timestep 36 of 41. ssh RMSE: 0.17552007734775543, ACC: 0.9564117789268494
2023-06-14 10:44:40,768 - root - INFO - Predicted timestep 37 of 41. ssh RMSE: 0.17538490891456604, ACC: 0.9563459157943726
2023-06-14 10:44:41,296 - root - INFO - Predicted timestep 38 of 41. ssh RMSE: 0.176508367061615, ACC: 0.9559979438781738
2023-06-14 10:44:41,825 - root - INFO - Predicted timestep 39 of 41. ssh RMSE: 0.17592355608940125, ACC: 0.9555885791778564
2023-06-14 10:44:42,056 - root - INFO - Predicted timestep 40 of 41. ssh RMSE: 0.17693772912025452, ACC: 0.9552302360534668
2023-06-14 10:44:52,895 - root - INFO - Initial condition 8 of 9
2023-06-14 10:44:57,501 - root - INFO - valid_data_full: (366, 30, 721, 1440)
2023-06-14 10:44:57,591 - root - INFO - valid_data: (41, 30, 720, 1440)
2023-06-14 10:45:07,651 - root - INFO - orography loaded; shape:torch.Size([1, 1, 720, 1440])
2023-06-14 10:45:07,653 - root - INFO - Begin autoregressive inference
2023-06-14 10:45:08,325 - root - INFO - Predicted timestep 0 of 41. ssh RMSE: 0.0, ACC: 1.0
2023-06-14 10:45:08,894 - root - INFO - Predicted timestep 1 of 41. ssh RMSE: 0.06273403018712997, ACC: 0.9943836331367493
2023-06-14 10:45:09,413 - root - INFO - Predicted timestep 2 of 41. ssh RMSE: 0.08121640980243683, ACC: 0.9904687404632568
2023-06-14 10:45:09,940 - root - INFO - Predicted timestep 3 of 41. ssh RMSE: 0.08552417159080505, ACC: 0.9893146753311157
2023-06-14 10:45:10,511 - root - INFO - Predicted timestep 4 of 41. ssh RMSE: 0.09029768407344818, ACC: 0.9881020188331604
2023-06-14 10:45:11,085 - root - INFO - Predicted timestep 5 of 41. ssh RMSE: 0.09632451087236404, ACC: 0.9863540530204773
2023-06-14 10:45:11,649 - root - INFO - Predicted timestep 6 of 41. ssh RMSE: 0.10351581126451492, ACC: 0.9842184782028198
2023-06-14 10:45:12,210 - root - INFO - Predicted timestep 7 of 41. ssh RMSE: 0.10996338725090027, ACC: 0.982189953327179
2023-06-14 10:45:12,786 - root - INFO - Predicted timestep 8 of 41. ssh RMSE: 0.11473081260919571, ACC: 0.9806346893310547
2023-06-14 10:45:13,368 - root - INFO - Predicted timestep 9 of 41. ssh RMSE: 0.1215604916214943, ACC: 0.9783098101615906
2023-06-14 10:45:13,952 - root - INFO - Predicted timestep 10 of 41. ssh RMSE: 0.12595884501934052, ACC: 0.976588249206543
2023-06-14 10:45:14,478 - root - INFO - Predicted timestep 11 of 41. ssh RMSE: 0.1311563402414322, ACC: 0.9747081995010376
2023-06-14 10:45:14,996 - root - INFO - Predicted timestep 12 of 41. ssh RMSE: 0.13695770502090454, ACC: 0.972514808177948
2023-06-14 10:45:15,526 - root - INFO - Predicted timestep 13 of 41. ssh RMSE: 0.14043210446834564, ACC: 0.9707736968994141
2023-06-14 10:45:16,046 - root - INFO - Predicted timestep 14 of 41. ssh RMSE: 0.14580780267715454, ACC: 0.9687148928642273
2023-06-14 10:45:16,589 - root - INFO - Predicted timestep 15 of 41. ssh RMSE: 0.15035688877105713, ACC: 0.9672240018844604
2023-06-14 10:45:17,109 - root - INFO - Predicted timestep 16 of 41. ssh RMSE: 0.15250420570373535, ACC: 0.966190755367279
2023-06-14 10:45:17,635 - root - INFO - Predicted timestep 17 of 41. ssh RMSE: 0.15761493146419525, ACC: 0.9639903903007507
2023-06-14 10:45:18,151 - root - INFO - Predicted timestep 18 of 41. ssh RMSE: 0.1613309234380722, ACC: 0.962614893913269
2023-06-14 10:45:18,676 - root - INFO - Predicted timestep 19 of 41. ssh RMSE: 0.16297034919261932, ACC: 0.9621551036834717
2023-06-14 10:45:19,199 - root - INFO - Predicted timestep 20 of 41. ssh RMSE: 0.16541896760463715, ACC: 0.9611114859580994
2023-06-14 10:45:19,714 - root - INFO - Predicted timestep 21 of 41. ssh RMSE: 0.16729412972927094, ACC: 0.9592410922050476
2023-06-14 10:45:20,244 - root - INFO - Predicted timestep 22 of 41. ssh RMSE: 0.16900107264518738, ACC: 0.9589418768882751
2023-06-14 10:45:20,833 - root - INFO - Predicted timestep 23 of 41. ssh RMSE: 0.16939830780029297, ACC: 0.9590098857879639
2023-06-14 10:45:21,365 - root - INFO - Predicted timestep 24 of 41. ssh RMSE: 0.16924819350242615, ACC: 0.9589706659317017
2023-06-14 10:45:21,945 - root - INFO - Predicted timestep 25 of 41. ssh RMSE: 0.1707691103219986, ACC: 0.9583494663238525
2023-06-14 10:45:22,489 - root - INFO - Predicted timestep 26 of 41. ssh RMSE: 0.17172160744667053, ACC: 0.9576492309570312
2023-06-14 10:45:23,055 - root - INFO - Predicted timestep 27 of 41. ssh RMSE: 0.17360994219779968, ACC: 0.9571315050125122
2023-06-14 10:45:23,600 - root - INFO - Predicted timestep 28 of 41. ssh RMSE: 0.17379207909107208, ACC: 0.9572381973266602
2023-06-14 10:45:24,152 - root - INFO - Predicted timestep 29 of 41. ssh RMSE: 0.17331016063690186, ACC: 0.9571214318275452
2023-06-14 10:45:24,701 - root - INFO - Predicted timestep 30 of 41. ssh RMSE: 0.17501898109912872, ACC: 0.9564239382743835
2023-06-14 10:45:25,239 - root - INFO - Predicted timestep 31 of 41. ssh RMSE: 0.1761275976896286, ACC: 0.9562569260597229
2023-06-14 10:45:25,766 - root - INFO - Predicted timestep 32 of 41. ssh RMSE: 0.17639532685279846, ACC: 0.9560792446136475
2023-06-14 10:45:26,346 - root - INFO - Predicted timestep 33 of 41. ssh RMSE: 0.17694829404354095, ACC: 0.9555981159210205
2023-06-14 10:45:26,936 - root - INFO - Predicted timestep 34 of 41. ssh RMSE: 0.17726905643939972, ACC: 0.955750048160553
2023-06-14 10:45:27,517 - root - INFO - Predicted timestep 35 of 41. ssh RMSE: 0.17745985090732574, ACC: 0.9560691714286804
2023-06-14 10:45:28,088 - root - INFO - Predicted timestep 36 of 41. ssh RMSE: 0.17775341868400574, ACC: 0.9559522867202759
2023-06-14 10:45:28,665 - root - INFO - Predicted timestep 37 of 41. ssh RMSE: 0.17799650132656097, ACC: 0.9559962153434753
2023-06-14 10:45:29,242 - root - INFO - Predicted timestep 38 of 41. ssh RMSE: 0.17758506536483765, ACC: 0.9557955265045166
2023-06-14 10:45:30,033 - root - INFO - Predicted timestep 39 of 41. ssh RMSE: 0.17728155851364136, ACC: 0.9558694958686829
2023-06-14 10:45:30,298 - root - INFO - Predicted timestep 40 of 41. ssh RMSE: 0.17721609771251678, ACC: 0.9560366868972778
2023-06-14 10:45:42,365 - root - INFO - Initial condition 9 of 9
2023-06-14 10:45:46,877 - root - INFO - valid_data_full: (366, 30, 721, 1440)
2023-06-14 10:45:46,959 - root - INFO - valid_data: (41, 30, 720, 1440)
2023-06-14 10:45:57,044 - root - INFO - orography loaded; shape:torch.Size([1, 1, 720, 1440])
2023-06-14 10:45:57,046 - root - INFO - Begin autoregressive inference
2023-06-14 10:45:57,685 - root - INFO - Predicted timestep 0 of 41. ssh RMSE: 0.0, ACC: 1.0
2023-06-14 10:45:58,233 - root - INFO - Predicted timestep 1 of 41. ssh RMSE: 0.06093774735927582, ACC: 0.9946048259735107
2023-06-14 10:45:58,759 - root - INFO - Predicted timestep 2 of 41. ssh RMSE: 0.07998266071081161, ACC: 0.9905697703361511
2023-06-14 10:45:59,292 - root - INFO - Predicted timestep 3 of 41. ssh RMSE: 9.018999099731445, ACC: 0.280910462141037
2023-06-14 10:45:59,838 - root - INFO - Predicted timestep 4 of 41. ssh RMSE: 0.08992066234350204, ACC: 0.9882277250289917
2023-06-14 10:46:00,362 - root - INFO - Predicted timestep 5 of 41. ssh RMSE: 0.09640857577323914, ACC: 0.9864462614059448
2023-06-14 10:46:00,880 - root - INFO - Predicted timestep 6 of 41. ssh RMSE: 0.10222163051366806, ACC: 0.9847410917282104
2023-06-14 10:46:01,418 - root - INFO - Predicted timestep 7 of 41. ssh RMSE: 0.10838431119918823, ACC: 0.9828362464904785
2023-06-14 10:46:01,977 - root - INFO - Predicted timestep 8 of 41. ssh RMSE: 0.11336679011583328, ACC: 0.9809951782226562
2023-06-14 10:46:02,502 - root - INFO - Predicted timestep 9 of 41. ssh RMSE: 0.11876039952039719, ACC: 0.9792401790618896
2023-06-14 10:46:03,024 - root - INFO - Predicted timestep 10 of 41. ssh RMSE: 0.12505590915679932, ACC: 0.976958155632019
2023-06-14 10:46:03,556 - root - INFO - Predicted timestep 11 of 41. ssh RMSE: 0.1312134861946106, ACC: 0.9745156764984131
2023-06-14 10:46:04,086 - root - INFO - Predicted timestep 12 of 41. ssh RMSE: 0.13543494045734406, ACC: 0.9728764295578003
2023-06-14 10:46:04,610 - root - INFO - Predicted timestep 13 of 41. ssh RMSE: 0.1412646770477295, ACC: 0.9707119464874268
2023-06-14 10:46:05,138 - root - INFO - Predicted timestep 14 of 41. ssh RMSE: 0.1461050808429718, ACC: 0.9690674543380737
2023-06-14 10:46:05,675 - root - INFO - Predicted timestep 15 of 41. ssh RMSE: 0.14960737526416779, ACC: 0.9676432013511658
2023-06-14 10:46:06,206 - root - INFO - Predicted timestep 16 of 41. ssh RMSE: 0.15255825221538544, ACC: 0.9663894176483154
2023-06-14 10:46:06,782 - root - INFO - Predicted timestep 17 of 41. ssh RMSE: 0.15483753383159637, ACC: 0.965800404548645
2023-06-14 10:46:07,346 - root - INFO - Predicted timestep 18 of 41. ssh RMSE: 0.15879012644290924, ACC: 0.9638754725456238
2023-06-14 10:46:07,884 - root - INFO - Predicted timestep 19 of 41. ssh RMSE: 0.16014190018177032, ACC: 0.9633558392524719
2023-06-14 10:46:08,416 - root - INFO - Predicted timestep 20 of 41. ssh RMSE: 0.16278934478759766, ACC: 0.9623222351074219
2023-06-14 10:46:08,943 - root - INFO - Predicted timestep 21 of 41. ssh RMSE: 0.16463115811347961, ACC: 0.9614477157592773
2023-06-14 10:46:09,460 - root - INFO - Predicted timestep 22 of 41. ssh RMSE: 0.167068213224411, ACC: 0.9606264233589172
2023-06-14 10:46:09,994 - root - INFO - Predicted timestep 23 of 41. ssh RMSE: 0.16766348481178284, ACC: 0.9602495431900024
2023-06-14 10:46:10,519 - root - INFO - Predicted timestep 24 of 41. ssh RMSE: 0.16791535913944244, ACC: 0.9603784680366516
2023-06-14 10:46:11,047 - root - INFO - Predicted timestep 25 of 41. ssh RMSE: 0.16851554811000824, ACC: 0.9599424600601196
2023-06-14 10:46:11,605 - root - INFO - Predicted timestep 26 of 41. ssh RMSE: 0.1695903241634369, ACC: 0.9594092965126038
2023-06-14 10:46:12,172 - root - INFO - Predicted timestep 27 of 41. ssh RMSE: 0.16888605058193207, ACC: 0.9595751762390137
2023-06-14 10:46:12,723 - root - INFO - Predicted timestep 28 of 41. ssh RMSE: 0.1693243682384491, ACC: 0.9596774578094482
2023-06-14 10:46:13,257 - root - INFO - Predicted timestep 29 of 41. ssh RMSE: 0.17060117423534393, ACC: 0.9590163826942444
2023-06-14 10:46:13,784 - root - INFO - Predicted timestep 30 of 41. ssh RMSE: 0.17036613821983337, ACC: 0.9586986303329468
2023-06-14 10:46:14,316 - root - INFO - Predicted timestep 31 of 41. ssh RMSE: 0.17042212188243866, ACC: 0.9585442543029785
2023-06-14 10:46:14,852 - root - INFO - Predicted timestep 32 of 41. ssh RMSE: 0.1703820526599884, ACC: 0.9585278630256653
2023-06-14 10:46:15,390 - root - INFO - Predicted timestep 33 of 41. ssh RMSE: 0.17078439891338348, ACC: 0.9587032198905945
2023-06-14 10:46:15,943 - root - INFO - Predicted timestep 34 of 41. ssh RMSE: 0.17141766846179962, ACC: 0.9578883647918701
2023-06-14 10:46:16,491 - root - INFO - Predicted timestep 35 of 41. ssh RMSE: 0.17197196185588837, ACC: 0.9575334191322327
2023-06-14 10:46:17,039 - root - INFO - Predicted timestep 36 of 41. ssh RMSE: 0.1719082146883011, ACC: 0.9579508304595947
2023-06-14 10:46:17,579 - root - INFO - Predicted timestep 37 of 41. ssh RMSE: 0.17179538309574127, ACC: 0.9579296708106995
2023-06-14 10:46:18,123 - root - INFO - Predicted timestep 38 of 41. ssh RMSE: 0.1714422106742859, ACC: 0.9581791758537292
2023-06-14 10:46:18,660 - root - INFO - Predicted timestep 39 of 41. ssh RMSE: 0.17146562039852142, ACC: 0.9579989314079285
2023-06-14 10:46:18,874 - root - INFO - Predicted timestep 40 of 41. ssh RMSE: 0.17108455300331116, ACC: 0.9586235284805298
2023-06-14 10:46:31,603 - root - INFO - Saving files at /home/bingxing2/home/scx6115/Ocean_AI_model/exp/Masked_AE_fusion/20230613-203822/autoregressive_predictions.h5
first: torch.Size([1, 31, 720, 1440])
first_3d_t: torch.Size([1, 6, 720, 1440])
first_3d_t: torch.Size([1, 6, 720, 1440])
first_3d: torch.Size([4, 720, 1440, 6])
first_2d: torch.Size([1, 7, 720, 1440])
pred: torch.Size([1, 25, 720, 1440]) tar: torch.Size([1, 25, 720, 1440])
pred: torch.Size([1, 25, 720, 1440]) tar: torch.Size([1, 25, 720, 1440])
pred: torch.Size([1, 25, 720, 1440]) tar: torch.Size([1, 25, 720, 1440])
pred: torch.Size([1, 25, 720, 1440]) tar: torch.Size([1, 25, 720, 1440])
pred: torch.Size([1, 25, 720, 1440]) tar: torch.Size([1, 25, 720, 1440])
pred: torch.Size([1, 25, 720, 1440]) tar: torch.Size([1, 25, 720, 1440])
pred: torch.Size([1, 25, 720, 1440]) tar: torch.Size([1, 25, 720, 1440])
pred: torch.Size([1, 25, 720, 1440]) tar: torch.Size([1, 25, 720, 1440])
pred: torch.Size([1, 25, 720, 1440]) tar: torch.Size([1, 25, 720, 1440])
pred: torch.Size([1, 25, 720, 1440]) tar: torch.Size([1, 25, 720, 1440])
pred: torch.Size([1, 25, 720, 1440]) tar: torch.Size([1, 25, 720, 1440])
pred: torch.Size([1, 25, 720, 1440]) tar: torch.Size([1, 25, 720, 1440])
pred: torch.Size([1, 25, 720, 1440]) tar: torch.Size([1, 25, 720, 1440])
pred: torch.Size([1, 25, 720, 1440]) tar: torch.Size([1, 25, 720, 1440])
pred: torch.Size([1, 25, 720, 1440]) tar: torch.Size([1, 25, 720, 1440])
pred: torch.Size([1, 25, 720, 1440]) tar: torch.Size([1, 25, 720, 1440])
pred: torch.Size([1, 25, 720, 1440]) tar: torch.Size([1, 25, 720, 1440])
pred: torch.Size([1, 25, 720, 1440]) tar: torch.Size([1, 25, 720, 1440])
pred: torch.Size([1, 25, 720, 1440]) tar: torch.Size([1, 25, 720, 1440])
pred: torch.Size([1, 25, 720, 1440]) tar: torch.Size([1, 25, 720, 1440])
pred: torch.Size([1, 25, 720, 1440]) tar: torch.Size([1, 25, 720, 1440])
pred: torch.Size([1, 25, 720, 1440]) tar: torch.Size([1, 25, 720, 1440])
pred: torch.Size([1, 25, 720, 1440]) tar: torch.Size([1, 25, 720, 1440])
pred: torch.Size([1, 25, 720, 1440]) tar: torch.Size([1, 25, 720, 1440])
pred: torch.Size([1, 25, 720, 1440]) tar: torch.Size([1, 25, 720, 1440])
pred: torch.Size([1, 25, 720, 1440]) tar: torch.Size([1, 25, 720, 1440])
pred: torch.Size([1, 25, 720, 1440]) tar: torch.Size([1, 25, 720, 1440])
pred: torch.Size([1, 25, 720, 1440]) tar: torch.Size([1, 25, 720, 1440])
pred: torch.Size([1, 25, 720, 1440]) tar: torch.Size([1, 25, 720, 1440])
pred: torch.Size([1, 25, 720, 1440]) tar: torch.Size([1, 25, 720, 1440])
pred: torch.Size([1, 25, 720, 1440]) tar: torch.Size([1, 25, 720, 1440])
pred: torch.Size([1, 25, 720, 1440]) tar: torch.Size([1, 25, 720, 1440])
pred: torch.Size([1, 25, 720, 1440]) tar: torch.Size([1, 25, 720, 1440])
pred: torch.Size([1, 25, 720, 1440]) tar: torch.Size([1, 25, 720, 1440])
pred: torch.Size([1, 25, 720, 1440]) tar: torch.Size([1, 25, 720, 1440])
pred: torch.Size([1, 25, 720, 1440]) tar: torch.Size([1, 25, 720, 1440])
pred: torch.Size([1, 25, 720, 1440]) tar: torch.Size([1, 25, 720, 1440])
pred: torch.Size([1, 25, 720, 1440]) tar: torch.Size([1, 25, 720, 1440])
pred: torch.Size([1, 25, 720, 1440]) tar: torch.Size([1, 25, 720, 1440])
pred: torch.Size([1, 25, 720, 1440]) tar: torch.Size([1, 25, 720, 1440])
pred: torch.Size([1, 25, 720, 1440]) tar: torch.Size([1, 25, 720, 1440])
first: torch.Size([1, 31, 720, 1440])
first_3d_t: torch.Size([1, 6, 720, 1440])
first_3d_t: torch.Size([1, 6, 720, 1440])
first_3d: torch.Size([4, 720, 1440, 6])
first_2d: torch.Size([1, 7, 720, 1440])
pred: torch.Size([1, 25, 720, 1440]) tar: torch.Size([1, 25, 720, 1440])
pred: torch.Size([1, 25, 720, 1440]) tar: torch.Size([1, 25, 720, 1440])
pred: torch.Size([1, 25, 720, 1440]) tar: torch.Size([1, 25, 720, 1440])
pred: torch.Size([1, 25, 720, 1440]) tar: torch.Size([1, 25, 720, 1440])
pred: torch.Size([1, 25, 720, 1440]) tar: torch.Size([1, 25, 720, 1440])
pred: torch.Size([1, 25, 720, 1440]) tar: torch.Size([1, 25, 720, 1440])
pred: torch.Size([1, 25, 720, 1440]) tar: torch.Size([1, 25, 720, 1440])
pred: torch.Size([1, 25, 720, 1440]) tar: torch.Size([1, 25, 720, 1440])
pred: torch.Size([1, 25, 720, 1440]) tar: torch.Size([1, 25, 720, 1440])
pred: torch.Size([1, 25, 720, 1440]) tar: torch.Size([1, 25, 720, 1440])
pred: torch.Size([1, 25, 720, 1440]) tar: torch.Size([1, 25, 720, 1440])
pred: torch.Size([1, 25, 720, 1440]) tar: torch.Size([1, 25, 720, 1440])
pred: torch.Size([1, 25, 720, 1440]) tar: torch.Size([1, 25, 720, 1440])
pred: torch.Size([1, 25, 720, 1440]) tar: torch.Size([1, 25, 720, 1440])
pred: torch.Size([1, 25, 720, 1440]) tar: torch.Size([1, 25, 720, 1440])
pred: torch.Size([1, 25, 720, 1440]) tar: torch.Size([1, 25, 720, 1440])
pred: torch.Size([1, 25, 720, 1440]) tar: torch.Size([1, 25, 720, 1440])
pred: torch.Size([1, 25, 720, 1440]) tar: torch.Size([1, 25, 720, 1440])
pred: torch.Size([1, 25, 720, 1440]) tar: torch.Size([1, 25, 720, 1440])
pred: torch.Size([1, 25, 720, 1440]) tar: torch.Size([1, 25, 720, 1440])
pred: torch.Size([1, 25, 720, 1440]) tar: torch.Size([1, 25, 720, 1440])
pred: torch.Size([1, 25, 720, 1440]) tar: torch.Size([1, 25, 720, 1440])
pred: torch.Size([1, 25, 720, 1440]) tar: torch.Size([1, 25, 720, 1440])
pred: torch.Size([1, 25, 720, 1440]) tar: torch.Size([1, 25, 720, 1440])
pred: torch.Size([1, 25, 720, 1440]) tar: torch.Size([1, 25, 720, 1440])
pred: torch.Size([1, 25, 720, 1440]) tar: torch.Size([1, 25, 720, 1440])
pred: torch.Size([1, 25, 720, 1440]) tar: torch.Size([1, 25, 720, 1440])
pred: torch.Size([1, 25, 720, 1440]) tar: torch.Size([1, 25, 720, 1440])
pred: torch.Size([1, 25, 720, 1440]) tar: torch.Size([1, 25, 720, 1440])
pred: torch.Size([1, 25, 720, 1440]) tar: torch.Size([1, 25, 720, 1440])
pred: torch.Size([1, 25, 720, 1440]) tar: torch.Size([1, 25, 720, 1440])
pred: torch.Size([1, 25, 720, 1440]) tar: torch.Size([1, 25, 720, 1440])
pred: torch.Size([1, 25, 720, 1440]) tar: torch.Size([1, 25, 720, 1440])
pred: torch.Size([1, 25, 720, 1440]) tar: torch.Size([1, 25, 720, 1440])
pred: torch.Size([1, 25, 720, 1440]) tar: torch.Size([1, 25, 720, 1440])
pred: torch.Size([1, 25, 720, 1440]) tar: torch.Size([1, 25, 720, 1440])
pred: torch.Size([1, 25, 720, 1440]) tar: torch.Size([1, 25, 720, 1440])
pred: torch.Size([1, 25, 720, 1440]) tar: torch.Size([1, 25, 720, 1440])
pred: torch.Size([1, 25, 720, 1440]) tar: torch.Size([1, 25, 720, 1440])
pred: torch.Size([1, 25, 720, 1440]) tar: torch.Size([1, 25, 720, 1440])
pred: torch.Size([1, 25, 720, 1440]) tar: torch.Size([1, 25, 720, 1440])
first: torch.Size([1, 31, 720, 1440])
first_3d_t: torch.Size([1, 6, 720, 1440])
first_3d_t: torch.Size([1, 6, 720, 1440])
first_3d: torch.Size([4, 720, 1440, 6])
first_2d: torch.Size([1, 7, 720, 1440])
pred: torch.Size([1, 25, 720, 1440]) tar: torch.Size([1, 25, 720, 1440])
pred: torch.Size([1, 25, 720, 1440]) tar: torch.Size([1, 25, 720, 1440])
pred: torch.Size([1, 25, 720, 1440]) tar: torch.Size([1, 25, 720, 1440])
pred: torch.Size([1, 25, 720, 1440]) tar: torch.Size([1, 25, 720, 1440])
pred: torch.Size([1, 25, 720, 1440]) tar: torch.Size([1, 25, 720, 1440])
pred: torch.Size([1, 25, 720, 1440]) tar: torch.Size([1, 25, 720, 1440])
pred: torch.Size([1, 25, 720, 1440]) tar: torch.Size([1, 25, 720, 1440])
pred: torch.Size([1, 25, 720, 1440]) tar: torch.Size([1, 25, 720, 1440])
pred: torch.Size([1, 25, 720, 1440]) tar: torch.Size([1, 25, 720, 1440])
pred: torch.Size([1, 25, 720, 1440]) tar: torch.Size([1, 25, 720, 1440])
pred: torch.Size([1, 25, 720, 1440]) tar: torch.Size([1, 25, 720, 1440])
pred: torch.Size([1, 25, 720, 1440]) tar: torch.Size([1, 25, 720, 1440])
pred: torch.Size([1, 25, 720, 1440]) tar: torch.Size([1, 25, 720, 1440])
pred: torch.Size([1, 25, 720, 1440]) tar: torch.Size([1, 25, 720, 1440])
pred: torch.Size([1, 25, 720, 1440]) tar: torch.Size([1, 25, 720, 1440])
pred: torch.Size([1, 25, 720, 1440]) tar: torch.Size([1, 25, 720, 1440])
pred: torch.Size([1, 25, 720, 1440]) tar: torch.Size([1, 25, 720, 1440])
pred: torch.Size([1, 25, 720, 1440]) tar: torch.Size([1, 25, 720, 1440])
pred: torch.Size([1, 25, 720, 1440]) tar: torch.Size([1, 25, 720, 1440])
pred: torch.Size([1, 25, 720, 1440]) tar: torch.Size([1, 25, 720, 1440])
pred: torch.Size([1, 25, 720, 1440]) tar: torch.Size([1, 25, 720, 1440])
pred: torch.Size([1, 25, 720, 1440]) tar: torch.Size([1, 25, 720, 1440])
pred: torch.Size([1, 25, 720, 1440]) tar: torch.Size([1, 25, 720, 1440])
pred: torch.Size([1, 25, 720, 1440]) tar: torch.Size([1, 25, 720, 1440])
pred: torch.Size([1, 25, 720, 1440]) tar: torch.Size([1, 25, 720, 1440])
pred: torch.Size([1, 25, 720, 1440]) tar: torch.Size([1, 25, 720, 1440])
pred: torch.Size([1, 25, 720, 1440]) tar: torch.Size([1, 25, 720, 1440])
pred: torch.Size([1, 25, 720, 1440]) tar: torch.Size([1, 25, 720, 1440])
pred: torch.Size([1, 25, 720, 1440]) tar: torch.Size([1, 25, 720, 1440])
pred: torch.Size([1, 25, 720, 1440]) tar: torch.Size([1, 25, 720, 1440])
pred: torch.Size([1, 25, 720, 1440]) tar: torch.Size([1, 25, 720, 1440])
pred: torch.Size([1, 25, 720, 1440]) tar: torch.Size([1, 25, 720, 1440])
pred: torch.Size([1, 25, 720, 1440]) tar: torch.Size([1, 25, 720, 1440])
pred: torch.Size([1, 25, 720, 1440]) tar: torch.Size([1, 25, 720, 1440])
pred: torch.Size([1, 25, 720, 1440]) tar: torch.Size([1, 25, 720, 1440])
pred: torch.Size([1, 25, 720, 1440]) tar: torch.Size([1, 25, 720, 1440])
pred: torch.Size([1, 25, 720, 1440]) tar: torch.Size([1, 25, 720, 1440])
pred: torch.Size([1, 25, 720, 1440]) tar: torch.Size([1, 25, 720, 1440])
pred: torch.Size([1, 25, 720, 1440]) tar: torch.Size([1, 25, 720, 1440])
pred: torch.Size([1, 25, 720, 1440]) tar: torch.Size([1, 25, 720, 1440])
pred: torch.Size([1, 25, 720, 1440]) tar: torch.Size([1, 25, 720, 1440])
first: torch.Size([1, 31, 720, 1440])
first_3d_t: torch.Size([1, 6, 720, 1440])
first_3d_t: torch.Size([1, 6, 720, 1440])
first_3d: torch.Size([4, 720, 1440, 6])
first_2d: torch.Size([1, 7, 720, 1440])
pred: torch.Size([1, 25, 720, 1440]) tar: torch.Size([1, 25, 720, 1440])
pred: torch.Size([1, 25, 720, 1440]) tar: torch.Size([1, 25, 720, 1440])
pred: torch.Size([1, 25, 720, 1440]) tar: torch.Size([1, 25, 720, 1440])
pred: torch.Size([1, 25, 720, 1440]) tar: torch.Size([1, 25, 720, 1440])
pred: torch.Size([1, 25, 720, 1440]) tar: torch.Size([1, 25, 720, 1440])
pred: torch.Size([1, 25, 720, 1440]) tar: torch.Size([1, 25, 720, 1440])
pred: torch.Size([1, 25, 720, 1440]) tar: torch.Size([1, 25, 720, 1440])
pred: torch.Size([1, 25, 720, 1440]) tar: torch.Size([1, 25, 720, 1440])
pred: torch.Size([1, 25, 720, 1440]) tar: torch.Size([1, 25, 720, 1440])
pred: torch.Size([1, 25, 720, 1440]) tar: torch.Size([1, 25, 720, 1440])
pred: torch.Size([1, 25, 720, 1440]) tar: torch.Size([1, 25, 720, 1440])
pred: torch.Size([1, 25, 720, 1440]) tar: torch.Size([1, 25, 720, 1440])
pred: torch.Size([1, 25, 720, 1440]) tar: torch.Size([1, 25, 720, 1440])
pred: torch.Size([1, 25, 720, 1440]) tar: torch.Size([1, 25, 720, 1440])
pred: torch.Size([1, 25, 720, 1440]) tar: torch.Size([1, 25, 720, 1440])
pred: torch.Size([1, 25, 720, 1440]) tar: torch.Size([1, 25, 720, 1440])
pred: torch.Size([1, 25, 720, 1440]) tar: torch.Size([1, 25, 720, 1440])
pred: torch.Size([1, 25, 720, 1440]) tar: torch.Size([1, 25, 720, 1440])
pred: torch.Size([1, 25, 720, 1440]) tar: torch.Size([1, 25, 720, 1440])
pred: torch.Size([1, 25, 720, 1440]) tar: torch.Size([1, 25, 720, 1440])
pred: torch.Size([1, 25, 720, 1440]) tar: torch.Size([1, 25, 720, 1440])
pred: torch.Size([1, 25, 720, 1440]) tar: torch.Size([1, 25, 720, 1440])
pred: torch.Size([1, 25, 720, 1440]) tar: torch.Size([1, 25, 720, 1440])
pred: torch.Size([1, 25, 720, 1440]) tar: torch.Size([1, 25, 720, 1440])
pred: torch.Size([1, 25, 720, 1440]) tar: torch.Size([1, 25, 720, 1440])
pred: torch.Size([1, 25, 720, 1440]) tar: torch.Size([1, 25, 720, 1440])
pred: torch.Size([1, 25, 720, 1440]) tar: torch.Size([1, 25, 720, 1440])
pred: torch.Size([1, 25, 720, 1440]) tar: torch.Size([1, 25, 720, 1440])
pred: torch.Size([1, 25, 720, 1440]) tar: torch.Size([1, 25, 720, 1440])
pred: torch.Size([1, 25, 720, 1440]) tar: torch.Size([1, 25, 720, 1440])
pred: torch.Size([1, 25, 720, 1440]) tar: torch.Size([1, 25, 720, 1440])
pred: torch.Size([1, 25, 720, 1440]) tar: torch.Size([1, 25, 720, 1440])
pred: torch.Size([1, 25, 720, 1440]) tar: torch.Size([1, 25, 720, 1440])
pred: torch.Size([1, 25, 720, 1440]) tar: torch.Size([1, 25, 720, 1440])
pred: torch.Size([1, 25, 720, 1440]) tar: torch.Size([1, 25, 720, 1440])
pred: torch.Size([1, 25, 720, 1440]) tar: torch.Size([1, 25, 720, 1440])
pred: torch.Size([1, 25, 720, 1440]) tar: torch.Size([1, 25, 720, 1440])
pred: torch.Size([1, 25, 720, 1440]) tar: torch.Size([1, 25, 720, 1440])
pred: torch.Size([1, 25, 720, 1440]) tar: torch.Size([1, 25, 720, 1440])
pred: torch.Size([1, 25, 720, 1440]) tar: torch.Size([1, 25, 720, 1440])
pred: torch.Size([1, 25, 720, 1440]) tar: torch.Size([1, 25, 720, 1440])
first: torch.Size([1, 31, 720, 1440])
first_3d_t: torch.Size([1, 6, 720, 1440])
first_3d_t: torch.Size([1, 6, 720, 1440])
first_3d: torch.Size([4, 720, 1440, 6])
first_2d: torch.Size([1, 7, 720, 1440])
pred: torch.Size([1, 25, 720, 1440]) tar: torch.Size([1, 25, 720, 1440])
pred: torch.Size([1, 25, 720, 1440]) tar: torch.Size([1, 25, 720, 1440])
pred: torch.Size([1, 25, 720, 1440]) tar: torch.Size([1, 25, 720, 1440])
pred: torch.Size([1, 25, 720, 1440]) tar: torch.Size([1, 25, 720, 1440])
pred: torch.Size([1, 25, 720, 1440]) tar: torch.Size([1, 25, 720, 1440])
pred: torch.Size([1, 25, 720, 1440]) tar: torch.Size([1, 25, 720, 1440])
pred: torch.Size([1, 25, 720, 1440]) tar: torch.Size([1, 25, 720, 1440])
pred: torch.Size([1, 25, 720, 1440]) tar: torch.Size([1, 25, 720, 1440])
pred: torch.Size([1, 25, 720, 1440]) tar: torch.Size([1, 25, 720, 1440])
pred: torch.Size([1, 25, 720, 1440]) tar: torch.Size([1, 25, 720, 1440])
pred: torch.Size([1, 25, 720, 1440]) tar: torch.Size([1, 25, 720, 1440])
pred: torch.Size([1, 25, 720, 1440]) tar: torch.Size([1, 25, 720, 1440])
pred: torch.Size([1, 25, 720, 1440]) tar: torch.Size([1, 25, 720, 1440])
pred: torch.Size([1, 25, 720, 1440]) tar: torch.Size([1, 25, 720, 1440])
pred: torch.Size([1, 25, 720, 1440]) tar: torch.Size([1, 25, 720, 1440])
pred: torch.Size([1, 25, 720, 1440]) tar: torch.Size([1, 25, 720, 1440])
pred: torch.Size([1, 25, 720, 1440]) tar: torch.Size([1, 25, 720, 1440])
pred: torch.Size([1, 25, 720, 1440]) tar: torch.Size([1, 25, 720, 1440])
pred: torch.Size([1, 25, 720, 1440]) tar: torch.Size([1, 25, 720, 1440])
pred: torch.Size([1, 25, 720, 1440]) tar: torch.Size([1, 25, 720, 1440])
pred: torch.Size([1, 25, 720, 1440]) tar: torch.Size([1, 25, 720, 1440])
pred: torch.Size([1, 25, 720, 1440]) tar: torch.Size([1, 25, 720, 1440])
pred: torch.Size([1, 25, 720, 1440]) tar: torch.Size([1, 25, 720, 1440])
pred: torch.Size([1, 25, 720, 1440]) tar: torch.Size([1, 25, 720, 1440])
pred: torch.Size([1, 25, 720, 1440]) tar: torch.Size([1, 25, 720, 1440])
pred: torch.Size([1, 25, 720, 1440]) tar: torch.Size([1, 25, 720, 1440])
pred: torch.Size([1, 25, 720, 1440]) tar: torch.Size([1, 25, 720, 1440])
pred: torch.Size([1, 25, 720, 1440]) tar: torch.Size([1, 25, 720, 1440])
pred: torch.Size([1, 25, 720, 1440]) tar: torch.Size([1, 25, 720, 1440])
pred: torch.Size([1, 25, 720, 1440]) tar: torch.Size([1, 25, 720, 1440])
pred: torch.Size([1, 25, 720, 1440]) tar: torch.Size([1, 25, 720, 1440])
pred: torch.Size([1, 25, 720, 1440]) tar: torch.Size([1, 25, 720, 1440])
pred: torch.Size([1, 25, 720, 1440]) tar: torch.Size([1, 25, 720, 1440])
pred: torch.Size([1, 25, 720, 1440]) tar: torch.Size([1, 25, 720, 1440])
pred: torch.Size([1, 25, 720, 1440]) tar: torch.Size([1, 25, 720, 1440])
pred: torch.Size([1, 25, 720, 1440]) tar: torch.Size([1, 25, 720, 1440])
pred: torch.Size([1, 25, 720, 1440]) tar: torch.Size([1, 25, 720, 1440])
pred: torch.Size([1, 25, 720, 1440]) tar: torch.Size([1, 25, 720, 1440])
pred: torch.Size([1, 25, 720, 1440]) tar: torch.Size([1, 25, 720, 1440])
pred: torch.Size([1, 25, 720, 1440]) tar: torch.Size([1, 25, 720, 1440])
pred: torch.Size([1, 25, 720, 1440]) tar: torch.Size([1, 25, 720, 1440])
first: torch.Size([1, 31, 720, 1440])
first_3d_t: torch.Size([1, 6, 720, 1440])
first_3d_t: torch.Size([1, 6, 720, 1440])
first_3d: torch.Size([4, 720, 1440, 6])
first_2d: torch.Size([1, 7, 720, 1440])
pred: torch.Size([1, 25, 720, 1440]) tar: torch.Size([1, 25, 720, 1440])
pred: torch.Size([1, 25, 720, 1440]) tar: torch.Size([1, 25, 720, 1440])
pred: torch.Size([1, 25, 720, 1440]) tar: torch.Size([1, 25, 720, 1440])
pred: torch.Size([1, 25, 720, 1440]) tar: torch.Size([1, 25, 720, 1440])
pred: torch.Size([1, 25, 720, 1440]) tar: torch.Size([1, 25, 720, 1440])
pred: torch.Size([1, 25, 720, 1440]) tar: torch.Size([1, 25, 720, 1440])
pred: torch.Size([1, 25, 720, 1440]) tar: torch.Size([1, 25, 720, 1440])
pred: torch.Size([1, 25, 720, 1440]) tar: torch.Size([1, 25, 720, 1440])
pred: torch.Size([1, 25, 720, 1440]) tar: torch.Size([1, 25, 720, 1440])
pred: torch.Size([1, 25, 720, 1440]) tar: torch.Size([1, 25, 720, 1440])
pred: torch.Size([1, 25, 720, 1440]) tar: torch.Size([1, 25, 720, 1440])
pred: torch.Size([1, 25, 720, 1440]) tar: torch.Size([1, 25, 720, 1440])
pred: torch.Size([1, 25, 720, 1440]) tar: torch.Size([1, 25, 720, 1440])
pred: torch.Size([1, 25, 720, 1440]) tar: torch.Size([1, 25, 720, 1440])
pred: torch.Size([1, 25, 720, 1440]) tar: torch.Size([1, 25, 720, 1440])
pred: torch.Size([1, 25, 720, 1440]) tar: torch.Size([1, 25, 720, 1440])
pred: torch.Size([1, 25, 720, 1440]) tar: torch.Size([1, 25, 720, 1440])
pred: torch.Size([1, 25, 720, 1440]) tar: torch.Size([1, 25, 720, 1440])
pred: torch.Size([1, 25, 720, 1440]) tar: torch.Size([1, 25, 720, 1440])
pred: torch.Size([1, 25, 720, 1440]) tar: torch.Size([1, 25, 720, 1440])
pred: torch.Size([1, 25, 720, 1440]) tar: torch.Size([1, 25, 720, 1440])
pred: torch.Size([1, 25, 720, 1440]) tar: torch.Size([1, 25, 720, 1440])
pred: torch.Size([1, 25, 720, 1440]) tar: torch.Size([1, 25, 720, 1440])
pred: torch.Size([1, 25, 720, 1440]) tar: torch.Size([1, 25, 720, 1440])
pred: torch.Size([1, 25, 720, 1440]) tar: torch.Size([1, 25, 720, 1440])
pred: torch.Size([1, 25, 720, 1440]) tar: torch.Size([1, 25, 720, 1440])
pred: torch.Size([1, 25, 720, 1440]) tar: torch.Size([1, 25, 720, 1440])
pred: torch.Size([1, 25, 720, 1440]) tar: torch.Size([1, 25, 720, 1440])
pred: torch.Size([1, 25, 720, 1440]) tar: torch.Size([1, 25, 720, 1440])
pred: torch.Size([1, 25, 720, 1440]) tar: torch.Size([1, 25, 720, 1440])
pred: torch.Size([1, 25, 720, 1440]) tar: torch.Size([1, 25, 720, 1440])
pred: torch.Size([1, 25, 720, 1440]) tar: torch.Size([1, 25, 720, 1440])
pred: torch.Size([1, 25, 720, 1440]) tar: torch.Size([1, 25, 720, 1440])
pred: torch.Size([1, 25, 720, 1440]) tar: torch.Size([1, 25, 720, 1440])
pred: torch.Size([1, 25, 720, 1440]) tar: torch.Size([1, 25, 720, 1440])
pred: torch.Size([1, 25, 720, 1440]) tar: torch.Size([1, 25, 720, 1440])
pred: torch.Size([1, 25, 720, 1440]) tar: torch.Size([1, 25, 720, 1440])
pred: torch.Size([1, 25, 720, 1440]) tar: torch.Size([1, 25, 720, 1440])
pred: torch.Size([1, 25, 720, 1440]) tar: torch.Size([1, 25, 720, 1440])
pred: torch.Size([1, 25, 720, 1440]) tar: torch.Size([1, 25, 720, 1440])
pred: torch.Size([1, 25, 720, 1440]) tar: torch.Size([1, 25, 720, 1440])
first: torch.Size([1, 31, 720, 1440])
first_3d_t: torch.Size([1, 6, 720, 1440])
first_3d_t: torch.Size([1, 6, 720, 1440])
first_3d: torch.Size([4, 720, 1440, 6])
first_2d: torch.Size([1, 7, 720, 1440])
pred: torch.Size([1, 25, 720, 1440]) tar: torch.Size([1, 25, 720, 1440])
pred: torch.Size([1, 25, 720, 1440]) tar: torch.Size([1, 25, 720, 1440])
pred: torch.Size([1, 25, 720, 1440]) tar: torch.Size([1, 25, 720, 1440])
pred: torch.Size([1, 25, 720, 1440]) tar: torch.Size([1, 25, 720, 1440])
pred: torch.Size([1, 25, 720, 1440]) tar: torch.Size([1, 25, 720, 1440])
pred: torch.Size([1, 25, 720, 1440]) tar: torch.Size([1, 25, 720, 1440])
pred: torch.Size([1, 25, 720, 1440]) tar: torch.Size([1, 25, 720, 1440])
pred: torch.Size([1, 25, 720, 1440]) tar: torch.Size([1, 25, 720, 1440])
pred: torch.Size([1, 25, 720, 1440]) tar: torch.Size([1, 25, 720, 1440])
pred: torch.Size([1, 25, 720, 1440]) tar: torch.Size([1, 25, 720, 1440])
pred: torch.Size([1, 25, 720, 1440]) tar: torch.Size([1, 25, 720, 1440])
pred: torch.Size([1, 25, 720, 1440]) tar: torch.Size([1, 25, 720, 1440])
pred: torch.Size([1, 25, 720, 1440]) tar: torch.Size([1, 25, 720, 1440])
pred: torch.Size([1, 25, 720, 1440]) tar: torch.Size([1, 25, 720, 1440])
pred: torch.Size([1, 25, 720, 1440]) tar: torch.Size([1, 25, 720, 1440])
pred: torch.Size([1, 25, 720, 1440]) tar: torch.Size([1, 25, 720, 1440])
pred: torch.Size([1, 25, 720, 1440]) tar: torch.Size([1, 25, 720, 1440])
pred: torch.Size([1, 25, 720, 1440]) tar: torch.Size([1, 25, 720, 1440])
pred: torch.Size([1, 25, 720, 1440]) tar: torch.Size([1, 25, 720, 1440])
pred: torch.Size([1, 25, 720, 1440]) tar: torch.Size([1, 25, 720, 1440])
pred: torch.Size([1, 25, 720, 1440]) tar: torch.Size([1, 25, 720, 1440])
pred: torch.Size([1, 25, 720, 1440]) tar: torch.Size([1, 25, 720, 1440])
pred: torch.Size([1, 25, 720, 1440]) tar: torch.Size([1, 25, 720, 1440])
pred: torch.Size([1, 25, 720, 1440]) tar: torch.Size([1, 25, 720, 1440])
pred: torch.Size([1, 25, 720, 1440]) tar: torch.Size([1, 25, 720, 1440])
pred: torch.Size([1, 25, 720, 1440]) tar: torch.Size([1, 25, 720, 1440])
pred: torch.Size([1, 25, 720, 1440]) tar: torch.Size([1, 25, 720, 1440])
pred: torch.Size([1, 25, 720, 1440]) tar: torch.Size([1, 25, 720, 1440])
pred: torch.Size([1, 25, 720, 1440]) tar: torch.Size([1, 25, 720, 1440])
pred: torch.Size([1, 25, 720, 1440]) tar: torch.Size([1, 25, 720, 1440])
pred: torch.Size([1, 25, 720, 1440]) tar: torch.Size([1, 25, 720, 1440])
pred: torch.Size([1, 25, 720, 1440]) tar: torch.Size([1, 25, 720, 1440])
pred: torch.Size([1, 25, 720, 1440]) tar: torch.Size([1, 25, 720, 1440])
pred: torch.Size([1, 25, 720, 1440]) tar: torch.Size([1, 25, 720, 1440])
pred: torch.Size([1, 25, 720, 1440]) tar: torch.Size([1, 25, 720, 1440])
pred: torch.Size([1, 25, 720, 1440]) tar: torch.Size([1, 25, 720, 1440])
pred: torch.Size([1, 25, 720, 1440]) tar: torch.Size([1, 25, 720, 1440])
pred: torch.Size([1, 25, 720, 1440]) tar: torch.Size([1, 25, 720, 1440])
pred: torch.Size([1, 25, 720, 1440]) tar: torch.Size([1, 25, 720, 1440])
pred: torch.Size([1, 25, 720, 1440]) tar: torch.Size([1, 25, 720, 1440])
pred: torch.Size([1, 25, 720, 1440]) tar: torch.Size([1, 25, 720, 1440])
first: torch.Size([1, 31, 720, 1440])
first_3d_t: torch.Size([1, 6, 720, 1440])
first_3d_t: torch.Size([1, 6, 720, 1440])
first_3d: torch.Size([4, 720, 1440, 6])
first_2d: torch.Size([1, 7, 720, 1440])
pred: torch.Size([1, 25, 720, 1440]) tar: torch.Size([1, 25, 720, 1440])
pred: torch.Size([1, 25, 720, 1440]) tar: torch.Size([1, 25, 720, 1440])
pred: torch.Size([1, 25, 720, 1440]) tar: torch.Size([1, 25, 720, 1440])
pred: torch.Size([1, 25, 720, 1440]) tar: torch.Size([1, 25, 720, 1440])
pred: torch.Size([1, 25, 720, 1440]) tar: torch.Size([1, 25, 720, 1440])
pred: torch.Size([1, 25, 720, 1440]) tar: torch.Size([1, 25, 720, 1440])
pred: torch.Size([1, 25, 720, 1440]) tar: torch.Size([1, 25, 720, 1440])
pred: torch.Size([1, 25, 720, 1440]) tar: torch.Size([1, 25, 720, 1440])
pred: torch.Size([1, 25, 720, 1440]) tar: torch.Size([1, 25, 720, 1440])
pred: torch.Size([1, 25, 720, 1440]) tar: torch.Size([1, 25, 720, 1440])
pred: torch.Size([1, 25, 720, 1440]) tar: torch.Size([1, 25, 720, 1440])
pred: torch.Size([1, 25, 720, 1440]) tar: torch.Size([1, 25, 720, 1440])
pred: torch.Size([1, 25, 720, 1440]) tar: torch.Size([1, 25, 720, 1440])
pred: torch.Size([1, 25, 720, 1440]) tar: torch.Size([1, 25, 720, 1440])
pred: torch.Size([1, 25, 720, 1440]) tar: torch.Size([1, 25, 720, 1440])
pred: torch.Size([1, 25, 720, 1440]) tar: torch.Size([1, 25, 720, 1440])
pred: torch.Size([1, 25, 720, 1440]) tar: torch.Size([1, 25, 720, 1440])
pred: torch.Size([1, 25, 720, 1440]) tar: torch.Size([1, 25, 720, 1440])
pred: torch.Size([1, 25, 720, 1440]) tar: torch.Size([1, 25, 720, 1440])
pred: torch.Size([1, 25, 720, 1440]) tar: torch.Size([1, 25, 720, 1440])
pred: torch.Size([1, 25, 720, 1440]) tar: torch.Size([1, 25, 720, 1440])
pred: torch.Size([1, 25, 720, 1440]) tar: torch.Size([1, 25, 720, 1440])
pred: torch.Size([1, 25, 720, 1440]) tar: torch.Size([1, 25, 720, 1440])
pred: torch.Size([1, 25, 720, 1440]) tar: torch.Size([1, 25, 720, 1440])
pred: torch.Size([1, 25, 720, 1440]) tar: torch.Size([1, 25, 720, 1440])
pred: torch.Size([1, 25, 720, 1440]) tar: torch.Size([1, 25, 720, 1440])
pred: torch.Size([1, 25, 720, 1440]) tar: torch.Size([1, 25, 720, 1440])
pred: torch.Size([1, 25, 720, 1440]) tar: torch.Size([1, 25, 720, 1440])
pred: torch.Size([1, 25, 720, 1440]) tar: torch.Size([1, 25, 720, 1440])
pred: torch.Size([1, 25, 720, 1440]) tar: torch.Size([1, 25, 720, 1440])
pred: torch.Size([1, 25, 720, 1440]) tar: torch.Size([1, 25, 720, 1440])
pred: torch.Size([1, 25, 720, 1440]) tar: torch.Size([1, 25, 720, 1440])
pred: torch.Size([1, 25, 720, 1440]) tar: torch.Size([1, 25, 720, 1440])
pred: torch.Size([1, 25, 720, 1440]) tar: torch.Size([1, 25, 720, 1440])
pred: torch.Size([1, 25, 720, 1440]) tar: torch.Size([1, 25, 720, 1440])
pred: torch.Size([1, 25, 720, 1440]) tar: torch.Size([1, 25, 720, 1440])
pred: torch.Size([1, 25, 720, 1440]) tar: torch.Size([1, 25, 720, 1440])
pred: torch.Size([1, 25, 720, 1440]) tar: torch.Size([1, 25, 720, 1440])
pred: torch.Size([1, 25, 720, 1440]) tar: torch.Size([1, 25, 720, 1440])
pred: torch.Size([1, 25, 720, 1440]) tar: torch.Size([1, 25, 720, 1440])
pred: torch.Size([1, 25, 720, 1440]) tar: torch.Size([1, 25, 720, 1440])
first: torch.Size([1, 31, 720, 1440])
first_3d_t: torch.Size([1, 6, 720, 1440])
first_3d_t: torch.Size([1, 6, 720, 1440])
first_3d: torch.Size([4, 720, 1440, 6])
first_2d: torch.Size([1, 7, 720, 1440])
pred: torch.Size([1, 25, 720, 1440]) tar: torch.Size([1, 25, 720, 1440])
pred: torch.Size([1, 25, 720, 1440]) tar: torch.Size([1, 25, 720, 1440])
pred: torch.Size([1, 25, 720, 1440]) tar: torch.Size([1, 25, 720, 1440])
pred: torch.Size([1, 25, 720, 1440]) tar: torch.Size([1, 25, 720, 1440])
pred: torch.Size([1, 25, 720, 1440]) tar: torch.Size([1, 25, 720, 1440])
pred: torch.Size([1, 25, 720, 1440]) tar: torch.Size([1, 25, 720, 1440])
pred: torch.Size([1, 25, 720, 1440]) tar: torch.Size([1, 25, 720, 1440])
pred: torch.Size([1, 25, 720, 1440]) tar: torch.Size([1, 25, 720, 1440])
pred: torch.Size([1, 25, 720, 1440]) tar: torch.Size([1, 25, 720, 1440])
pred: torch.Size([1, 25, 720, 1440]) tar: torch.Size([1, 25, 720, 1440])
pred: torch.Size([1, 25, 720, 1440]) tar: torch.Size([1, 25, 720, 1440])
pred: torch.Size([1, 25, 720, 1440]) tar: torch.Size([1, 25, 720, 1440])
pred: torch.Size([1, 25, 720, 1440]) tar: torch.Size([1, 25, 720, 1440])
pred: torch.Size([1, 25, 720, 1440]) tar: torch.Size([1, 25, 720, 1440])
pred: torch.Size([1, 25, 720, 1440]) tar: torch.Size([1, 25, 720, 1440])
pred: torch.Size([1, 25, 720, 1440]) tar: torch.Size([1, 25, 720, 1440])
pred: torch.Size([1, 25, 720, 1440]) tar: torch.Size([1, 25, 720, 1440])
pred: torch.Size([1, 25, 720, 1440]) tar: torch.Size([1, 25, 720, 1440])
pred: torch.Size([1, 25, 720, 1440]) tar: torch.Size([1, 25, 720, 1440])
pred: torch.Size([1, 25, 720, 1440]) tar: torch.Size([1, 25, 720, 1440])
pred: torch.Size([1, 25, 720, 1440]) tar: torch.Size([1, 25, 720, 1440])
pred: torch.Size([1, 25, 720, 1440]) tar: torch.Size([1, 25, 720, 1440])
pred: torch.Size([1, 25, 720, 1440]) tar: torch.Size([1, 25, 720, 1440])
pred: torch.Size([1, 25, 720, 1440]) tar: torch.Size([1, 25, 720, 1440])
pred: torch.Size([1, 25, 720, 1440]) tar: torch.Size([1, 25, 720, 1440])
pred: torch.Size([1, 25, 720, 1440]) tar: torch.Size([1, 25, 720, 1440])
pred: torch.Size([1, 25, 720, 1440]) tar: torch.Size([1, 25, 720, 1440])
pred: torch.Size([1, 25, 720, 1440]) tar: torch.Size([1, 25, 720, 1440])
pred: torch.Size([1, 25, 720, 1440]) tar: torch.Size([1, 25, 720, 1440])
pred: torch.Size([1, 25, 720, 1440]) tar: torch.Size([1, 25, 720, 1440])
pred: torch.Size([1, 25, 720, 1440]) tar: torch.Size([1, 25, 720, 1440])
pred: torch.Size([1, 25, 720, 1440]) tar: torch.Size([1, 25, 720, 1440])
pred: torch.Size([1, 25, 720, 1440]) tar: torch.Size([1, 25, 720, 1440])
pred: torch.Size([1, 25, 720, 1440]) tar: torch.Size([1, 25, 720, 1440])
pred: torch.Size([1, 25, 720, 1440]) tar: torch.Size([1, 25, 720, 1440])
pred: torch.Size([1, 25, 720, 1440]) tar: torch.Size([1, 25, 720, 1440])
pred: torch.Size([1, 25, 720, 1440]) tar: torch.Size([1, 25, 720, 1440])
pred: torch.Size([1, 25, 720, 1440]) tar: torch.Size([1, 25, 720, 1440])
pred: torch.Size([1, 25, 720, 1440]) tar: torch.Size([1, 25, 720, 1440])
pred: torch.Size([1, 25, 720, 1440]) tar: torch.Size([1, 25, 720, 1440])
pred: torch.Size([1, 25, 720, 1440]) tar: torch.Size([1, 25, 720, 1440])
seq_real: (9, 41, 25, 720, 1440)
9 41 25 720 1440
seq_pred:  (9, 41, 25, 720, 1440)
