cuda-11.7 loaded successful
gcc-12.2.0 loaded successful
2023-06-14 10:35:40,289 - root - INFO - expDir: /home/bingxing2/home/scx6115/Ocean_AI_model/exp/Masked_AE_fusion/20230613-203822
2023-06-14 10:35:40,292 - root - INFO - ------------------ Configuration ------------------
2023-06-14 10:35:40,293 - root - INFO - Configuration file: /home/bingxing2/home/scx6115/Ocean_AI_model/config/Model.yaml
2023-06-14 10:35:40,293 - root - INFO - Configuration name: Masked_AE_fusion
2023-06-14 10:35:40,293 - root - INFO - nettype Masked_AE_fusion
2023-06-14 10:35:40,293 - root - INFO - log_to_wandb True
2023-06-14 10:35:40,293 - root - INFO - lr 0.001
2023-06-14 10:35:40,293 - root - INFO - batch_size 32
2023-06-14 10:35:40,293 - root - INFO - max_epochs 100
2023-06-14 10:35:40,293 - root - INFO - scheduler CosineAnnealingLR
2023-06-14 10:35:40,293 - root - INFO - fusion_3d_2d True
2023-06-14 10:35:40,293 - root - INFO - in_chans 31
2023-06-14 10:35:40,293 - root - INFO - out_chans 25
2023-06-14 10:35:40,293 - root - INFO - in_channels [0, 1, 2, 3, 4, 5, 6, 7, 8, 9, 10, 11, 12, 13, 14, 15, 16, 17, 18, 19, 20, 21, 22, 23, 24, 25, 26, 27, 28, 29]
2023-06-14 10:35:40,293 - root - INFO - out_channels [0, 1, 2, 3, 4, 5, 6, 7, 8, 9, 10, 11, 12, 13, 14, 15, 16, 17, 18, 19, 20, 21, 22, 23, 24]
2023-06-14 10:35:40,294 - root - INFO - img_size_h 720
2023-06-14 10:35:40,294 - root - INFO - img_size_w 1440
2023-06-14 10:35:40,294 - root - INFO - patch_size_h 16
2023-06-14 10:35:40,294 - root - INFO - patch_size_w 16
2023-06-14 10:35:40,294 - root - INFO - patch_size_d 2
2023-06-14 10:35:40,294 - root - INFO - mlp_ratio 4.0
2023-06-14 10:35:40,294 - root - INFO - in_chans_2d 7
2023-06-14 10:35:40,294 - root - INFO - out_chans_2d 1
2023-06-14 10:35:40,294 - root - INFO - in_chans_3d 4
2023-06-14 10:35:40,294 - root - INFO - out_chans_3d 4
2023-06-14 10:35:40,294 - root - INFO - var_depth 6
2023-06-14 10:35:40,294 - root - INFO - embed_dim 512
2023-06-14 10:35:40,294 - root - INFO - depth 16
2023-06-14 10:35:40,295 - root - INFO - num_heads 16
2023-06-14 10:35:40,295 - root - INFO - decoder_embed_dim 1024
2023-06-14 10:35:40,295 - root - INFO - decoder_depth 8
2023-06-14 10:35:40,295 - root - INFO - decoder_num_heads 16
2023-06-14 10:35:40,295 - root - INFO - drop_rate 0.0
2023-06-14 10:35:40,295 - root - INFO - drop_path_rate 0.0
2023-06-14 10:35:40,295 - root - INFO - sparsity_threshold 0.01
2023-06-14 10:35:40,295 - root - INFO - hard_thresholding_fraction 1.0
2023-06-14 10:35:40,295 - root - INFO - num_blocks 8
2023-06-14 10:35:40,295 - root - INFO - loss l2
2023-06-14 10:35:40,295 - root - INFO - num_data_workers 0
2023-06-14 10:35:40,295 - root - INFO - dt 1
2023-06-14 10:35:40,295 - root - INFO - n_history 0
2023-06-14 10:35:40,296 - root - INFO - prediction_type iterative
2023-06-14 10:35:40,296 - root - INFO - prediction_length 41
2023-06-14 10:35:40,296 - root - INFO - n_initial_conditions 5
2023-06-14 10:35:40,296 - root - INFO - ics_type default
2023-06-14 10:35:40,296 - root - INFO - date_strings ['2018-09-14 00:00:00']
2023-06-14 10:35:40,296 - root - INFO - save_raw_forecasts True
2023-06-14 10:35:40,296 - root - INFO - save_channel False
2023-06-14 10:35:40,296 - root - INFO - masked_acc False
2023-06-14 10:35:40,296 - root - INFO - maskpath None
2023-06-14 10:35:40,296 - root - INFO - perturb False
2023-06-14 10:35:40,296 - root - INFO - add_grid False
2023-06-14 10:35:40,296 - root - INFO - N_grid_channels 0
2023-06-14 10:35:40,296 - root - INFO - gridtype sinusoidal
2023-06-14 10:35:40,297 - root - INFO - roll False
2023-06-14 10:35:40,297 - root - INFO - enable_nhwc False
2023-06-14 10:35:40,297 - root - INFO - optimizer_type FusedAdam
2023-06-14 10:35:40,297 - root - INFO - exp_dir ./exp
2023-06-14 10:35:40,297 - root - INFO - patch_size 8
2023-06-14 10:35:40,297 - root - INFO - width 56
2023-06-14 10:35:40,297 - root - INFO - modes 32
2023-06-14 10:35:40,297 - root - INFO - target default
2023-06-14 10:35:40,297 - root - INFO - train_data_path /home/bingxing2/home/scx6115/Ocean_AI_model/sample_00/train
2023-06-14 10:35:40,297 - root - INFO - valid_data_path /home/bingxing2/home/scx6115/Ocean_AI_model/sample_00/valid
2023-06-14 10:35:40,297 - root - INFO - test_data_path /home/bingxing2/home/scx6115/Ocean_AI_model/sample_00/test
2023-06-14 10:35:40,297 - root - INFO - land_mask True
2023-06-14 10:35:40,297 - root - INFO - land_mask_path /home/bingxing2/home/scx6115/Ocean_AI_model/sample_00/land_mask.h5
2023-06-14 10:35:40,297 - root - INFO - normalize True
2023-06-14 10:35:40,298 - root - INFO - normalization zscore
2023-06-14 10:35:40,298 - root - INFO - global_mins_path /home/bingxing2/home/scx6115/Ocean_AI_model/sample_00/train/global_mins.npy
2023-06-14 10:35:40,298 - root - INFO - global_maxs_path /home/bingxing2/home/scx6115/Ocean_AI_model/sample_00/train/global_maxs.npy
2023-06-14 10:35:40,298 - root - INFO - global_means_path /home/bingxing2/home/scx6115/Ocean_AI_model/sample_00/train/global_means.npy
2023-06-14 10:35:40,298 - root - INFO - global_stds_path /home/bingxing2/home/scx6115/Ocean_AI_model/sample_00/train/global_stds.npy
2023-06-14 10:35:40,298 - root - INFO - orography True
2023-06-14 10:35:40,298 - root - INFO - orography_norm_zscore_path /home/bingxing2/home/scx6115/Ocean_AI_model/sample_00/orography_norm_zscore.h5
2023-06-14 10:35:40,298 - root - INFO - orography_norm_maxmin_path /home/bingxing2/home/scx6115/Ocean_AI_model/sample_00/orography_norm_maxmin.h5
2023-06-14 10:35:40,298 - root - INFO - add_noise False
2023-06-14 10:35:40,298 - root - INFO - noise_std 0
2023-06-14 10:35:40,298 - root - INFO - crop_size_x None
2023-06-14 10:35:40,298 - root - INFO - crop_size_y None
2023-06-14 10:35:40,298 - root - INFO - log_to_screen True
2023-06-14 10:35:40,299 - root - INFO - save_checkpoint True
2023-06-14 10:35:40,299 - root - INFO - plot_animations False
2023-06-14 10:35:40,299 - root - INFO - world_size 1
2023-06-14 10:35:40,299 - root - INFO - interp 0
2023-06-14 10:35:40,299 - root - INFO - global_batch_size 32
2023-06-14 10:35:40,299 - root - INFO - experiment_dir /home/bingxing2/home/scx6115/Ocean_AI_model/exp/Masked_AE_fusion/20230613-203822
2023-06-14 10:35:40,299 - root - INFO - best_checkpoint_path /home/bingxing2/home/scx6115/Ocean_AI_model/exp/Masked_AE_fusion/20230613-203822/training_checkpoints/best_ckpt.tar
2023-06-14 10:35:40,299 - root - INFO - resuming False
2023-06-14 10:35:40,299 - root - INFO - local_rank 0
2023-06-14 10:35:40,299 - root - INFO - ---------------------------------------------------
2023-06-14 10:35:40,299 - root - INFO - Inference for 9 initial conditions
2023-06-14 10:35:40,341 - root - INFO - Getting file stats from /home/bingxing2/home/scx6115/Ocean_AI_model/sample_00/test/2012.h5
2023-06-14 10:35:40,342 - root - INFO - Number of samples per year: 365
2023-06-14 10:35:40,342 - root - INFO - Found data at path /home/bingxing2/home/scx6115/Ocean_AI_model/sample_00/test. Number of examples: 365. Image Shape: 720 x 1440 x 30
2023-06-14 10:35:40,342 - root - INFO - Delta t: 1 days
2023-06-14 10:35:40,342 - root - INFO - Including 0 days of past history in training at a frequency of 1 days
2023-06-14 10:35:41,424 - root - INFO - Loading trained model checkpoint from /home/bingxing2/home/scx6115/Ocean_AI_model/exp/Masked_AE_fusion/20230613-203822/training_checkpoints/best_ckpt.tar
2023-06-14 10:35:50,897 - root - INFO - Loading inference data
2023-06-14 10:35:50,900 - root - INFO - Inference data from /home/bingxing2/home/scx6115/Ocean_AI_model/sample_00/test/2012.h5
2023-06-14 10:35:50,903 - root - INFO - Initial condition 1 of 9
2023-06-14 10:35:55,569 - root - INFO - valid_data_full: (366, 30, 721, 1440)
2023-06-14 10:35:55,643 - root - INFO - valid_data: (41, 30, 720, 1440)
2023-06-14 10:36:06,128 - root - INFO - orography loaded; shape:torch.Size([1, 1, 720, 1440])
2023-06-14 10:36:06,130 - root - INFO - Begin autoregressive inference
first: torch.Size([1, 31, 720, 1440])
first_3d_t: torch.Size([1, 6, 720, 1440])
first_3d_t: torch.Size([1, 6, 720, 1440])
first_3d: torch.Size([4, 720, 1440, 6])
first_2d: torch.Size([1, 7, 720, 1440])
Traceback (most recent call last):
  File "/home/bingxing2/home/scx6115/Ocean_AI_model/inference/inference_025.py", line 513, in <module>
    sr, sp, vl, a, au, vc, ac, acu = autoregressive_inference(params, ic, valid_data_full, model)
  File "/home/bingxing2/home/scx6115/Ocean_AI_model/inference/inference_025.py", line 255, in autoregressive_inference
    future_pred = model(first_2d, first_3d, mask_ratio=0)
  File "/home/bingxing2/home/scx6115/.conda/envs/torch2.0/lib/python3.10/site-packages/torch/nn/modules/module.py", line 1501, in _call_impl
    return forward_call(*args, **kwargs)
  File "/home/bingxing2/home/scx6115/Ocean_AI_model/inference/../networks/Masked_AE_fusion.py", line 263, in forward
    x, _, ids_restore = self.forward_encoder(x_2d, x_3d, mask_ratio)
  File "/home/bingxing2/home/scx6115/Ocean_AI_model/inference/../networks/Masked_AE_fusion.py", line 208, in forward_encoder
    x = self.patch_embed_2d(x_2d)
  File "/home/bingxing2/home/scx6115/.conda/envs/torch2.0/lib/python3.10/site-packages/torch/nn/modules/module.py", line 1501, in _call_impl
    return forward_call(*args, **kwargs)
  File "/home/bingxing2/home/scx6115/.conda/envs/torch2.0/lib/python3.10/site-packages/timm/models/layers/patch_embed.py", line 41, in forward
    B, C, H, W = x.shape
ValueError: too many values to unpack (expected 4)
