cuda-11.7 loaded successful
gcc-12.2.0 loaded successful
2023-06-14 17:39:43,004 - root - INFO - expDir: /home/bingxing2/home/scx6115/Ocean_AI_model/exp/Masked_AE_Ocean/20230610
2023-06-14 17:39:43,006 - root - INFO - ------------------ Configuration ------------------
2023-06-14 17:39:43,008 - root - INFO - Configuration file: /home/bingxing2/home/scx6115/Ocean_AI_model/config/Model.yaml
2023-06-14 17:39:43,009 - root - INFO - Configuration name: Masked_AE_Ocean
2023-06-14 17:39:43,010 - root - INFO - nettype Masked_AE_Ocean
2023-06-14 17:39:43,011 - root - INFO - log_to_wandb True
2023-06-14 17:39:43,012 - root - INFO - lr 0.001
2023-06-14 17:39:43,013 - root - INFO - batch_size 64
2023-06-14 17:39:43,014 - root - INFO - max_epochs 100
2023-06-14 17:39:43,015 - root - INFO - scheduler CosineAnnealingLR
2023-06-14 17:39:43,017 - root - INFO - fusion_3d_2d False
2023-06-14 17:39:43,018 - root - INFO - in_chans 31
2023-06-14 17:39:43,019 - root - INFO - out_chans 25
2023-06-14 17:39:43,020 - root - INFO - in_channels [0, 1, 2, 3, 4, 5, 6, 7, 8, 9, 10, 11, 12, 13, 14, 15, 16, 17, 18, 19, 20, 21, 22, 23, 24, 25, 26, 27, 28, 29]
2023-06-14 17:39:43,021 - root - INFO - out_channels [0, 1, 2, 3, 4, 5, 6, 7, 8, 9, 10, 11, 12, 13, 14, 15, 16, 17, 18, 19, 20, 21, 22, 23, 24]
2023-06-14 17:39:43,022 - root - INFO - img_size_h 720
2023-06-14 17:39:43,023 - root - INFO - img_size_w 1440
2023-06-14 17:39:43,024 - root - INFO - patch_size_h 8
2023-06-14 17:39:43,025 - root - INFO - patch_size_w 8
2023-06-14 17:39:43,026 - root - INFO - mlp_ratio 4.0
2023-06-14 17:39:43,027 - root - INFO - embed_dim 512
2023-06-14 17:39:43,028 - root - INFO - depth 16
2023-06-14 17:39:43,029 - root - INFO - num_heads 16
2023-06-14 17:39:43,030 - root - INFO - decoder_embed_dim 512
2023-06-14 17:39:43,031 - root - INFO - decoder_depth 8
2023-06-14 17:39:43,032 - root - INFO - decoder_num_heads 16
2023-06-14 17:39:43,033 - root - INFO - koopman_depth 2
2023-06-14 17:39:43,034 - root - INFO - modes_h_ratio 1
2023-06-14 17:39:43,035 - root - INFO - modes_w_ratio 0.8
2023-06-14 17:39:43,036 - root - INFO - drop_rate 0.0
2023-06-14 17:39:43,037 - root - INFO - drop_path_rate 0.0
2023-06-14 17:39:43,038 - root - INFO - sparsity_threshold 0.01
2023-06-14 17:39:43,039 - root - INFO - hard_thresholding_fraction 1.0
2023-06-14 17:39:43,040 - root - INFO - num_blocks 8
2023-06-14 17:39:43,041 - root - INFO - loss l2
2023-06-14 17:39:43,042 - root - INFO - num_data_workers 0
2023-06-14 17:39:43,043 - root - INFO - dt 1
2023-06-14 17:39:43,044 - root - INFO - n_history 0
2023-06-14 17:39:43,045 - root - INFO - prediction_type iterative
2023-06-14 17:39:43,046 - root - INFO - prediction_length 30
2023-06-14 17:39:43,047 - root - INFO - n_initial_conditions 5
2023-06-14 17:39:43,048 - root - INFO - ics_type default
2023-06-14 17:39:43,049 - root - INFO - date_strings ['2018-09-14 00:00:00']
2023-06-14 17:39:43,049 - root - INFO - save_raw_forecasts True
2023-06-14 17:39:43,050 - root - INFO - save_channel False
2023-06-14 17:39:43,051 - root - INFO - masked_acc False
2023-06-14 17:39:43,052 - root - INFO - maskpath None
2023-06-14 17:39:43,053 - root - INFO - perturb False
2023-06-14 17:39:43,054 - root - INFO - add_grid False
2023-06-14 17:39:43,055 - root - INFO - N_grid_channels 0
2023-06-14 17:39:43,056 - root - INFO - gridtype sinusoidal
2023-06-14 17:39:43,057 - root - INFO - roll False
2023-06-14 17:39:43,058 - root - INFO - enable_nhwc False
2023-06-14 17:39:43,059 - root - INFO - optimizer_type FusedAdam
2023-06-14 17:39:43,060 - root - INFO - exp_dir ./exp
2023-06-14 17:39:43,061 - root - INFO - patch_size 8
2023-06-14 17:39:43,062 - root - INFO - width 56
2023-06-14 17:39:43,063 - root - INFO - modes 32
2023-06-14 17:39:43,064 - root - INFO - target default
2023-06-14 17:39:43,064 - root - INFO - train_data_path /home/bingxing2/home/scx6115/Ocean_AI_model/sample_00/train
2023-06-14 17:39:43,065 - root - INFO - valid_data_path /home/bingxing2/home/scx6115/Ocean_AI_model/sample_00/valid
2023-06-14 17:39:43,066 - root - INFO - test_data_path /home/bingxing2/home/scx6115/Ocean_AI_model/sample_00/test
2023-06-14 17:39:43,067 - root - INFO - land_mask True
2023-06-14 17:39:43,068 - root - INFO - land_mask_path /home/bingxing2/home/scx6115/Ocean_AI_model/sample_00/land_mask.h5
2023-06-14 17:39:43,069 - root - INFO - normalize True
2023-06-14 17:39:43,070 - root - INFO - normalization zscore
2023-06-14 17:39:43,071 - root - INFO - global_mins_path /home/bingxing2/home/scx6115/Ocean_AI_model/sample_00/train/global_mins.npy
2023-06-14 17:39:43,072 - root - INFO - global_maxs_path /home/bingxing2/home/scx6115/Ocean_AI_model/sample_00/train/global_maxs.npy
2023-06-14 17:39:43,073 - root - INFO - global_means_path /home/bingxing2/home/scx6115/Ocean_AI_model/sample_00/train/global_means.npy
2023-06-14 17:39:43,074 - root - INFO - global_stds_path /home/bingxing2/home/scx6115/Ocean_AI_model/sample_00/train/global_stds.npy
2023-06-14 17:39:43,075 - root - INFO - orography True
2023-06-14 17:39:43,076 - root - INFO - orography_norm_zscore_path /home/bingxing2/home/scx6115/Ocean_AI_model/sample_00/orography_norm_zscore.h5
2023-06-14 17:39:43,077 - root - INFO - orography_norm_maxmin_path /home/bingxing2/home/scx6115/Ocean_AI_model/sample_00/orography_norm_maxmin.h5
2023-06-14 17:39:43,078 - root - INFO - add_noise False
2023-06-14 17:39:43,079 - root - INFO - noise_std 0
2023-06-14 17:39:43,080 - root - INFO - crop_size_x None
2023-06-14 17:39:43,081 - root - INFO - crop_size_y None
2023-06-14 17:39:43,081 - root - INFO - log_to_screen True
2023-06-14 17:39:43,082 - root - INFO - save_checkpoint True
2023-06-14 17:39:43,083 - root - INFO - plot_animations False
2023-06-14 17:39:43,084 - root - INFO - resuming False
2023-06-14 17:39:43,085 - root - INFO - interp 0
2023-06-14 17:39:43,086 - root - INFO - world_size 1
2023-06-14 17:39:43,087 - root - INFO - local_rank 0
2023-06-14 17:39:43,088 - root - INFO - global_batch_size 64
2023-06-14 17:39:43,089 - root - INFO - decorrelation_time 50
2023-06-14 17:39:43,090 - root - INFO - n_samples_per_year 300
2023-06-14 17:39:43,091 - root - INFO - experiment_dir /home/bingxing2/home/scx6115/Ocean_AI_model/exp/Masked_AE_Ocean/20230610
2023-06-14 17:39:43,092 - root - INFO - best_checkpoint_path /home/bingxing2/home/scx6115/Ocean_AI_model/exp/Masked_AE_Ocean/20230610/training_checkpoints/best_ckpt.tar
2023-06-14 17:39:43,092 - root - INFO - ---------------------------------------------------
2023-06-14 17:39:43,093 - root - INFO - Inference for 6 initial conditions
2023-06-14 17:39:43,097 - root - INFO - Getting file stats from /home/bingxing2/home/scx6115/Ocean_AI_model/sample_00/test/2012.h5
2023-06-14 17:39:43,099 - root - INFO - Number of samples per year: 365
2023-06-14 17:39:43,100 - root - INFO - Found data at path /home/bingxing2/home/scx6115/Ocean_AI_model/sample_00/test. Number of examples: 365. Image Shape: 720 x 1440 x 30
2023-06-14 17:39:43,101 - root - INFO - Delta t: 1 days
2023-06-14 17:39:43,102 - root - INFO - Including 0 days of past history in training at a frequency of 1 days
2023-06-14 17:39:44,406 - root - INFO - Loading trained model checkpoint from /home/bingxing2/home/scx6115/Ocean_AI_model/exp/Masked_AE_Ocean/20230610/training_checkpoints/best_ckpt.tar
Traceback (most recent call last):
  File "/home/bingxing2/home/scx6115/Ocean_AI_model/inference/inference_025.py", line 493, in <module>
    valid_data_full, model = setup(params)
  File "/home/bingxing2/home/scx6115/Ocean_AI_model/inference/inference_025.py", line 151, in setup
    model = model(params).to(device) 
  File "/home/bingxing2/home/scx6115/Ocean_AI_model/inference/../networks/Masked_AE_Ocean.py", line 73, in __init__
    self.initialize_weights()
  File "/home/bingxing2/home/scx6115/Ocean_AI_model/inference/../networks/Masked_AE_Ocean.py", line 88, in initialize_weights
    pos_embed = get_2d_sincos_pos_embed(self.pos_embed.shape[-1], (self.h, self.w), cls_token=False)
  File "/home/bingxing2/home/scx6115/Ocean_AI_model/inference/../networks/basic_modules_Masked_AE_Ocean.py", line 59, in get_2d_sincos_pos_embed
    pos_embed = get_2d_sincos_pos_embed_from_grid(embed_dim, grid)
  File "/home/bingxing2/home/scx6115/Ocean_AI_model/inference/../networks/basic_modules_Masked_AE_Ocean.py", line 69, in get_2d_sincos_pos_embed_from_grid
    emb_h = get_1d_sincos_pos_embed_from_grid(embed_dim // 2, grid[0])  # (H*W, D/2)
  File "/home/bingxing2/home/scx6115/Ocean_AI_model/inference/../networks/basic_modules_Masked_AE_Ocean.py", line 83, in get_1d_sincos_pos_embed_from_grid
    omega = np.arange(embed_dim // 2, dtype=np.float)
  File "/home/bingxing2/home/scx6115/.conda/envs/torch2.0/lib/python3.10/site-packages/numpy/__init__.py", line 305, in __getattr__
    raise AttributeError(__former_attrs__[attr])
AttributeError: module 'numpy' has no attribute 'float'.
`np.float` was a deprecated alias for the builtin `float`. To avoid this error in existing code, use `float` by itself. Doing this will not modify any behavior and is safe. If you specifically wanted the numpy scalar type, use `np.float64` here.
The aliases was originally deprecated in NumPy 1.20; for more details and guidance see the original release note at:
    https://numpy.org/devdocs/release/1.20.0-notes.html#deprecations. Did you mean: 'cfloat'?
