cuda-11.7 loaded successful
gcc-12.2.0 loaded successful
2023-06-14 18:00:09,592 - root - INFO - expDir: /home/bingxing2/home/scx6115/Ocean_AI_model/exp/Masked_AE_Ocean/20230610
2023-06-14 18:00:09,598 - root - INFO - ------------------ Configuration ------------------
2023-06-14 18:00:09,600 - root - INFO - Configuration file: /home/bingxing2/home/scx6115/Ocean_AI_model/config/Model.yaml
2023-06-14 18:00:09,601 - root - INFO - Configuration name: Masked_AE_Ocean
2023-06-14 18:00:09,601 - root - INFO - nettype Masked_AE_Ocean
2023-06-14 18:00:09,601 - root - INFO - log_to_wandb True
2023-06-14 18:00:09,601 - root - INFO - lr 0.001
2023-06-14 18:00:09,601 - root - INFO - batch_size 64
2023-06-14 18:00:09,601 - root - INFO - max_epochs 100
2023-06-14 18:00:09,601 - root - INFO - scheduler CosineAnnealingLR
2023-06-14 18:00:09,601 - root - INFO - fusion_3d_2d False
2023-06-14 18:00:09,601 - root - INFO - in_chans 31
2023-06-14 18:00:09,601 - root - INFO - out_chans 25
2023-06-14 18:00:09,601 - root - INFO - in_channels [0, 1, 2, 3, 4, 5, 6, 7, 8, 9, 10, 11, 12, 13, 14, 15, 16, 17, 18, 19, 20, 21, 22, 23, 24, 25, 26, 27, 28, 29]
2023-06-14 18:00:09,601 - root - INFO - out_channels [0, 1, 2, 3, 4, 5, 6, 7, 8, 9, 10, 11, 12, 13, 14, 15, 16, 17, 18, 19, 20, 21, 22, 23, 24]
2023-06-14 18:00:09,601 - root - INFO - img_size_h 720
2023-06-14 18:00:09,602 - root - INFO - img_size_w 1440
2023-06-14 18:00:09,602 - root - INFO - patch_size_h 8
2023-06-14 18:00:09,602 - root - INFO - patch_size_w 8
2023-06-14 18:00:09,602 - root - INFO - mlp_ratio 4.0
2023-06-14 18:00:09,602 - root - INFO - embed_dim 512
2023-06-14 18:00:09,602 - root - INFO - depth 16
2023-06-14 18:00:09,602 - root - INFO - num_heads 16
2023-06-14 18:00:09,602 - root - INFO - decoder_embed_dim 512
2023-06-14 18:00:09,602 - root - INFO - decoder_depth 8
2023-06-14 18:00:09,602 - root - INFO - decoder_num_heads 16
2023-06-14 18:00:09,602 - root - INFO - koopman_depth 2
2023-06-14 18:00:09,602 - root - INFO - modes_h_ratio 1
2023-06-14 18:00:09,602 - root - INFO - modes_w_ratio 0.8
2023-06-14 18:00:09,602 - root - INFO - drop_rate 0.0
2023-06-14 18:00:09,603 - root - INFO - drop_path_rate 0.0
2023-06-14 18:00:09,603 - root - INFO - sparsity_threshold 0.01
2023-06-14 18:00:09,603 - root - INFO - hard_thresholding_fraction 1.0
2023-06-14 18:00:09,603 - root - INFO - num_blocks 8
2023-06-14 18:00:09,603 - root - INFO - loss l2
2023-06-14 18:00:09,603 - root - INFO - num_data_workers 0
2023-06-14 18:00:09,603 - root - INFO - dt 1
2023-06-14 18:00:09,603 - root - INFO - n_history 0
2023-06-14 18:00:09,603 - root - INFO - prediction_type iterative
2023-06-14 18:00:09,603 - root - INFO - prediction_length 30
2023-06-14 18:00:09,603 - root - INFO - n_initial_conditions 5
2023-06-14 18:00:09,603 - root - INFO - ics_type default
2023-06-14 18:00:09,603 - root - INFO - date_strings ['2018-09-14 00:00:00']
2023-06-14 18:00:09,603 - root - INFO - save_raw_forecasts True
2023-06-14 18:00:09,604 - root - INFO - save_channel False
2023-06-14 18:00:09,604 - root - INFO - masked_acc False
2023-06-14 18:00:09,604 - root - INFO - maskpath None
2023-06-14 18:00:09,604 - root - INFO - perturb False
2023-06-14 18:00:09,604 - root - INFO - add_grid False
2023-06-14 18:00:09,604 - root - INFO - N_grid_channels 0
2023-06-14 18:00:09,604 - root - INFO - gridtype sinusoidal
2023-06-14 18:00:09,604 - root - INFO - roll False
2023-06-14 18:00:09,604 - root - INFO - enable_nhwc False
2023-06-14 18:00:09,604 - root - INFO - optimizer_type FusedAdam
2023-06-14 18:00:09,604 - root - INFO - exp_dir ./exp
2023-06-14 18:00:09,604 - root - INFO - patch_size 8
2023-06-14 18:00:09,604 - root - INFO - width 56
2023-06-14 18:00:09,604 - root - INFO - modes 32
2023-06-14 18:00:09,605 - root - INFO - target default
2023-06-14 18:00:09,605 - root - INFO - train_data_path /home/bingxing2/home/scx6115/Ocean_AI_model/sample_00/train
2023-06-14 18:00:09,605 - root - INFO - valid_data_path /home/bingxing2/home/scx6115/Ocean_AI_model/sample_00/valid
2023-06-14 18:00:09,605 - root - INFO - test_data_path /home/bingxing2/home/scx6115/Ocean_AI_model/sample_00/test
2023-06-14 18:00:09,605 - root - INFO - land_mask True
2023-06-14 18:00:09,605 - root - INFO - land_mask_path /home/bingxing2/home/scx6115/Ocean_AI_model/sample_00/land_mask.h5
2023-06-14 18:00:09,605 - root - INFO - normalize True
2023-06-14 18:00:09,605 - root - INFO - normalization zscore
2023-06-14 18:00:09,605 - root - INFO - global_mins_path /home/bingxing2/home/scx6115/Ocean_AI_model/sample_00/train/global_mins.npy
2023-06-14 18:00:09,605 - root - INFO - global_maxs_path /home/bingxing2/home/scx6115/Ocean_AI_model/sample_00/train/global_maxs.npy
2023-06-14 18:00:09,605 - root - INFO - global_means_path /home/bingxing2/home/scx6115/Ocean_AI_model/sample_00/train/global_means.npy
2023-06-14 18:00:09,605 - root - INFO - global_stds_path /home/bingxing2/home/scx6115/Ocean_AI_model/sample_00/train/global_stds.npy
2023-06-14 18:00:09,605 - root - INFO - orography True
2023-06-14 18:00:09,605 - root - INFO - orography_norm_zscore_path /home/bingxing2/home/scx6115/Ocean_AI_model/sample_00/orography_norm_zscore.h5
2023-06-14 18:00:09,605 - root - INFO - orography_norm_maxmin_path /home/bingxing2/home/scx6115/Ocean_AI_model/sample_00/orography_norm_maxmin.h5
2023-06-14 18:00:09,606 - root - INFO - add_noise False
2023-06-14 18:00:09,606 - root - INFO - noise_std 0
2023-06-14 18:00:09,606 - root - INFO - crop_size_x None
2023-06-14 18:00:09,606 - root - INFO - crop_size_y None
2023-06-14 18:00:09,606 - root - INFO - log_to_screen True
2023-06-14 18:00:09,606 - root - INFO - save_checkpoint True
2023-06-14 18:00:09,606 - root - INFO - plot_animations False
2023-06-14 18:00:09,606 - root - INFO - resuming False
2023-06-14 18:00:09,606 - root - INFO - interp 0
2023-06-14 18:00:09,606 - root - INFO - world_size 1
2023-06-14 18:00:09,606 - root - INFO - local_rank 0
2023-06-14 18:00:09,606 - root - INFO - global_batch_size 64
2023-06-14 18:00:09,606 - root - INFO - decorrelation_time 50
2023-06-14 18:00:09,606 - root - INFO - n_samples_per_year 300
2023-06-14 18:00:09,607 - root - INFO - experiment_dir /home/bingxing2/home/scx6115/Ocean_AI_model/exp/Masked_AE_Ocean/20230610
2023-06-14 18:00:09,607 - root - INFO - best_checkpoint_path /home/bingxing2/home/scx6115/Ocean_AI_model/exp/Masked_AE_Ocean/20230610/training_checkpoints/best_ckpt.tar
2023-06-14 18:00:09,607 - root - INFO - ---------------------------------------------------
2023-06-14 18:00:09,607 - root - INFO - Inference for 6 initial conditions
2023-06-14 18:00:09,652 - root - INFO - Getting file stats from /home/bingxing2/home/scx6115/Ocean_AI_model/sample_00/test/2012.h5
2023-06-14 18:00:09,653 - root - INFO - Number of samples per year: 365
2023-06-14 18:00:09,653 - root - INFO - Found data at path /home/bingxing2/home/scx6115/Ocean_AI_model/sample_00/test. Number of examples: 365. Image Shape: 720 x 1440 x 30
2023-06-14 18:00:09,653 - root - INFO - Delta t: 1 days
2023-06-14 18:00:09,653 - root - INFO - Including 0 days of past history in training at a frequency of 1 days
2023-06-14 18:00:11,092 - root - INFO - Loading trained model checkpoint from /home/bingxing2/home/scx6115/Ocean_AI_model/exp/Masked_AE_Ocean/20230610/training_checkpoints/best_ckpt.tar
2023-06-14 18:00:14,560 - root - INFO - Loading inference data
2023-06-14 18:00:14,562 - root - INFO - Inference data from /home/bingxing2/home/scx6115/Ocean_AI_model/sample_00/test/2012.h5
2023-06-14 18:00:14,564 - root - INFO - Initial condition 1 of 6
2023-06-14 18:00:18,127 - root - INFO - valid_data_full: (366, 30, 721, 1440)
2023-06-14 18:00:18,188 - root - INFO - valid_data: (30, 30, 720, 1440)
2023-06-14 18:00:25,469 - root - INFO - orography loaded; shape:torch.Size([1, 1, 720, 1440])
2023-06-14 18:00:25,471 - root - INFO - Begin autoregressive inference
2023-06-14 18:00:27,845 - root - INFO - Predicted timestep 0 of 30. ssh RMSE: 0.0, ACC: 1.0
2023-06-14 18:00:28,405 - root - INFO - Predicted timestep 1 of 30. ssh RMSE: 0.03501402959227562, ACC: 0.9982103109359741
2023-06-14 18:00:28,957 - root - INFO - Predicted timestep 2 of 30. ssh RMSE: 0.045765750110149384, ACC: 0.9969378113746643
2023-06-14 18:00:29,475 - root - INFO - Predicted timestep 3 of 30. ssh RMSE: 0.05537930130958557, ACC: 0.9955213665962219
2023-06-14 18:00:30,024 - root - INFO - Predicted timestep 4 of 30. ssh RMSE: 0.06265001744031906, ACC: 0.9942715167999268
2023-06-14 18:00:30,565 - root - INFO - Predicted timestep 5 of 30. ssh RMSE: 0.07082043588161469, ACC: 0.9926935434341431
2023-06-14 18:00:31,105 - root - INFO - Predicted timestep 6 of 30. ssh RMSE: 0.07692350447177887, ACC: 0.9913894534111023
2023-06-14 18:00:31,614 - root - INFO - Predicted timestep 7 of 30. ssh RMSE: 0.08362320065498352, ACC: 0.9898553490638733
2023-06-14 18:00:32,135 - root - INFO - Predicted timestep 8 of 30. ssh RMSE: 0.08931980282068253, ACC: 0.9884048104286194
2023-06-14 18:00:32,604 - root - INFO - Predicted timestep 9 of 30. ssh RMSE: 0.09513958543539047, ACC: 0.9868151545524597
2023-06-14 18:00:33,074 - root - INFO - Predicted timestep 10 of 30. ssh RMSE: 0.09943021088838577, ACC: 0.9855785369873047
2023-06-14 18:00:33,529 - root - INFO - Predicted timestep 11 of 30. ssh RMSE: 0.1040336862206459, ACC: 0.984193742275238
2023-06-14 18:00:33,958 - root - INFO - Predicted timestep 12 of 30. ssh RMSE: 0.10861698538064957, ACC: 0.9827398061752319
2023-06-14 18:00:34,495 - root - INFO - Predicted timestep 13 of 30. ssh RMSE: 0.11203933507204056, ACC: 0.981558084487915
2023-06-14 18:00:34,941 - root - INFO - Predicted timestep 14 of 30. ssh RMSE: 0.11482399702072144, ACC: 0.9806132316589355
2023-06-14 18:00:35,427 - root - INFO - Predicted timestep 15 of 30. ssh RMSE: 0.11784776300191879, ACC: 0.9796271324157715
2023-06-14 18:00:35,925 - root - INFO - Predicted timestep 16 of 30. ssh RMSE: 0.12075287103652954, ACC: 0.978651225566864
2023-06-14 18:00:36,451 - root - INFO - Predicted timestep 17 of 30. ssh RMSE: 0.12701284885406494, ACC: 0.9764220714569092
2023-06-14 18:00:36,974 - root - INFO - Predicted timestep 18 of 30. ssh RMSE: 0.13045145571231842, ACC: 0.9751974940299988
2023-06-14 18:00:37,514 - root - INFO - Predicted timestep 19 of 30. ssh RMSE: 0.1324111372232437, ACC: 0.974527895450592
2023-06-14 18:00:38,031 - root - INFO - Predicted timestep 20 of 30. ssh RMSE: 0.1357736438512802, ACC: 0.9732635617256165
2023-06-14 18:00:38,535 - root - INFO - Predicted timestep 21 of 30. ssh RMSE: 0.1390746533870697, ACC: 0.9718838334083557
2023-06-14 18:00:39,003 - root - INFO - Predicted timestep 22 of 30. ssh RMSE: 0.14186082780361176, ACC: 0.9707062244415283
2023-06-14 18:00:39,526 - root - INFO - Predicted timestep 23 of 30. ssh RMSE: 0.14478284120559692, ACC: 0.9695326685905457
2023-06-14 18:00:40,060 - root - INFO - Predicted timestep 24 of 30. ssh RMSE: 0.14729872345924377, ACC: 0.9685508012771606
2023-06-14 18:00:40,576 - root - INFO - Predicted timestep 25 of 30. ssh RMSE: 0.1510435789823532, ACC: 0.9669454097747803
2023-06-14 18:00:41,045 - root - INFO - Predicted timestep 26 of 30. ssh RMSE: 0.15396325290203094, ACC: 0.9656177759170532
2023-06-14 18:00:41,458 - root - INFO - Predicted timestep 27 of 30. ssh RMSE: 0.1583571434020996, ACC: 0.963507354259491
2023-06-14 18:00:41,993 - root - INFO - Predicted timestep 28 of 30. ssh RMSE: 0.16032002866268158, ACC: 0.9625421166419983
2023-06-14 18:00:42,244 - root - INFO - Predicted timestep 29 of 30. ssh RMSE: 0.16199328005313873, ACC: 0.96184241771698
2023-06-14 18:00:42,256 - root - INFO - Initial condition 2 of 6
2023-06-14 18:00:45,619 - root - INFO - valid_data_full: (366, 30, 721, 1440)
2023-06-14 18:00:45,680 - root - INFO - valid_data: (30, 30, 720, 1440)
2023-06-14 18:00:52,898 - root - INFO - orography loaded; shape:torch.Size([1, 1, 720, 1440])
2023-06-14 18:00:52,898 - root - INFO - Begin autoregressive inference
2023-06-14 18:00:53,514 - root - INFO - Predicted timestep 0 of 30. ssh RMSE: 0.0, ACC: 1.0
2023-06-14 18:00:53,945 - root - INFO - Predicted timestep 1 of 30. ssh RMSE: 0.0339372456073761, ACC: 0.9982847571372986
2023-06-14 18:00:54,485 - root - INFO - Predicted timestep 2 of 30. ssh RMSE: 0.040877752006053925, ACC: 0.9975086450576782
2023-06-14 18:00:54,974 - root - INFO - Predicted timestep 3 of 30. ssh RMSE: 0.05141844227910042, ACC: 0.996055543422699
2023-06-14 18:00:55,404 - root - INFO - Predicted timestep 4 of 30. ssh RMSE: 0.06216118857264519, ACC: 0.9942245483398438
2023-06-14 18:00:55,932 - root - INFO - Predicted timestep 5 of 30. ssh RMSE: 0.07081782817840576, ACC: 0.992504358291626
2023-06-14 18:00:56,419 - root - INFO - Predicted timestep 6 of 30. ssh RMSE: 0.07948825508356094, ACC: 0.9905550479888916
2023-06-14 18:00:56,850 - root - INFO - Predicted timestep 7 of 30. ssh RMSE: 0.08434059470891953, ACC: 0.9894065856933594
2023-06-14 18:00:57,260 - root - INFO - Predicted timestep 8 of 30. ssh RMSE: 0.09073872864246368, ACC: 0.9878190159797668
2023-06-14 18:00:57,785 - root - INFO - Predicted timestep 9 of 30. ssh RMSE: 0.09659154713153839, ACC: 0.9862629175186157
2023-06-14 18:00:58,254 - root - INFO - Predicted timestep 10 of 30. ssh RMSE: 0.10148277878761292, ACC: 0.984796941280365
2023-06-14 18:00:58,785 - root - INFO - Predicted timestep 11 of 30. ssh RMSE: 0.10668494552373886, ACC: 0.9831544756889343
2023-06-14 18:00:59,315 - root - INFO - Predicted timestep 12 of 30. ssh RMSE: 0.10991378128528595, ACC: 0.9820151329040527
2023-06-14 18:00:59,865 - root - INFO - Predicted timestep 13 of 30. ssh RMSE: 0.11225400120019913, ACC: 0.9812609553337097
2023-06-14 18:01:00,375 - root - INFO - Predicted timestep 14 of 30. ssh RMSE: 0.11581453680992126, ACC: 0.9801956415176392
2023-06-14 18:01:00,847 - root - INFO - Predicted timestep 15 of 30. ssh RMSE: 0.12044335901737213, ACC: 0.9786641597747803
2023-06-14 18:01:01,363 - root - INFO - Predicted timestep 16 of 30. ssh RMSE: 0.12516826391220093, ACC: 0.9769876003265381
2023-06-14 18:01:01,906 - root - INFO - Predicted timestep 17 of 30. ssh RMSE: 0.12751755118370056, ACC: 0.9762187600135803
2023-06-14 18:01:02,445 - root - INFO - Predicted timestep 18 of 30. ssh RMSE: 0.13174988329410553, ACC: 0.9745543599128723
2023-06-14 18:01:02,953 - root - INFO - Predicted timestep 19 of 30. ssh RMSE: 0.1353149563074112, ACC: 0.9733281135559082
2023-06-14 18:01:03,494 - root - INFO - Predicted timestep 20 of 30. ssh RMSE: 0.1383841633796692, ACC: 0.9722260236740112
2023-06-14 18:01:03,990 - root - INFO - Predicted timestep 21 of 30. ssh RMSE: 0.14119359850883484, ACC: 0.9710111021995544
2023-06-14 18:01:04,480 - root - INFO - Predicted timestep 22 of 30. ssh RMSE: 0.1440822184085846, ACC: 0.9698935747146606
2023-06-14 18:01:04,978 - root - INFO - Predicted timestep 23 of 30. ssh RMSE: 0.1478727012872696, ACC: 0.9682549238204956
2023-06-14 18:01:05,485 - root - INFO - Predicted timestep 24 of 30. ssh RMSE: 0.15221136808395386, ACC: 0.9662245512008667
2023-06-14 18:01:06,054 - root - INFO - Predicted timestep 25 of 30. ssh RMSE: 0.15527896583080292, ACC: 0.9649145603179932
2023-06-14 18:01:06,573 - root - INFO - Predicted timestep 26 of 30. ssh RMSE: 0.15874749422073364, ACC: 0.9636252522468567
2023-06-14 18:01:07,014 - root - INFO - Predicted timestep 27 of 30. ssh RMSE: 0.1615685522556305, ACC: 0.9624093770980835
2023-06-14 18:01:07,536 - root - INFO - Predicted timestep 28 of 30. ssh RMSE: 0.1635102480649948, ACC: 0.9614280462265015
2023-06-14 18:01:07,915 - root - INFO - Predicted timestep 29 of 30. ssh RMSE: 0.16527748107910156, ACC: 0.9604653120040894
2023-06-14 18:01:10,658 - root - INFO - Initial condition 3 of 6
2023-06-14 18:01:13,914 - root - INFO - valid_data_full: (366, 30, 721, 1440)
2023-06-14 18:01:13,978 - root - INFO - valid_data: (30, 30, 720, 1440)
2023-06-14 18:01:21,088 - root - INFO - orography loaded; shape:torch.Size([1, 1, 720, 1440])
2023-06-14 18:01:21,089 - root - INFO - Begin autoregressive inference
2023-06-14 18:01:21,742 - root - INFO - Predicted timestep 0 of 30. ssh RMSE: 0.0, ACC: 1.0
2023-06-14 18:01:22,251 - root - INFO - Predicted timestep 1 of 30. ssh RMSE: 0.03405219689011574, ACC: 0.9982885718345642
2023-06-14 18:01:22,762 - root - INFO - Predicted timestep 2 of 30. ssh RMSE: 0.04463965818285942, ACC: 0.9970789551734924
2023-06-14 18:01:23,234 - root - INFO - Predicted timestep 3 of 30. ssh RMSE: 0.05384035408496857, ACC: 0.9957128167152405
2023-06-14 18:01:23,735 - root - INFO - Predicted timestep 4 of 30. ssh RMSE: 0.06094004213809967, ACC: 0.9945051074028015
2023-06-14 18:01:24,160 - root - INFO - Predicted timestep 5 of 30. ssh RMSE: 0.06953844428062439, ACC: 0.9928563237190247
2023-06-14 18:01:24,597 - root - INFO - Predicted timestep 6 of 30. ssh RMSE: 0.07734814286231995, ACC: 0.9911667704582214
2023-06-14 18:01:25,115 - root - INFO - Predicted timestep 7 of 30. ssh RMSE: 0.08349905163049698, ACC: 0.98971027135849
2023-06-14 18:01:25,655 - root - INFO - Predicted timestep 8 of 30. ssh RMSE: 0.08811308443546295, ACC: 0.9885473847389221
2023-06-14 18:01:26,175 - root - INFO - Predicted timestep 9 of 30. ssh RMSE: 0.09311895072460175, ACC: 0.9872581362724304
2023-06-14 18:01:26,645 - root - INFO - Predicted timestep 10 of 30. ssh RMSE: 0.09857026487588882, ACC: 0.9857919216156006
2023-06-14 18:01:27,100 - root - INFO - Predicted timestep 11 of 30. ssh RMSE: 0.1031644269824028, ACC: 0.9844303727149963
2023-06-14 18:01:27,625 - root - INFO - Predicted timestep 12 of 30. ssh RMSE: 0.10732296854257584, ACC: 0.983154833316803
2023-06-14 18:01:28,094 - root - INFO - Predicted timestep 13 of 30. ssh RMSE: 0.11093922704458237, ACC: 0.9819932579994202
2023-06-14 18:01:28,600 - root - INFO - Predicted timestep 14 of 30. ssh RMSE: 0.11439114809036255, ACC: 0.9808967113494873
2023-06-14 18:01:29,067 - root - INFO - Predicted timestep 15 of 30. ssh RMSE: 0.11935853213071823, ACC: 0.9792907238006592
2023-06-14 18:01:29,525 - root - INFO - Predicted timestep 16 of 30. ssh RMSE: 0.12234768271446228, ACC: 0.9781907200813293
2023-06-14 18:01:30,036 - root - INFO - Predicted timestep 17 of 30. ssh RMSE: 0.12448885291814804, ACC: 0.9773927330970764
2023-06-14 18:01:30,555 - root - INFO - Predicted timestep 18 of 30. ssh RMSE: 0.12810376286506653, ACC: 0.9760327935218811
2023-06-14 18:01:31,074 - root - INFO - Predicted timestep 19 of 30. ssh RMSE: 0.1321844458580017, ACC: 0.9743839502334595
2023-06-14 18:01:31,584 - root - INFO - Predicted timestep 20 of 30. ssh RMSE: 0.1350160837173462, ACC: 0.9732611775398254
2023-06-14 18:01:32,075 - root - INFO - Predicted timestep 21 of 30. ssh RMSE: 0.13924458622932434, ACC: 0.9716424345970154
2023-06-14 18:01:32,595 - root - INFO - Predicted timestep 22 of 30. ssh RMSE: 0.14176006615161896, ACC: 0.9706746339797974
2023-06-14 18:01:33,091 - root - INFO - Predicted timestep 23 of 30. ssh RMSE: 0.14528143405914307, ACC: 0.969200611114502
2023-06-14 18:01:33,625 - root - INFO - Predicted timestep 24 of 30. ssh RMSE: 0.1488189995288849, ACC: 0.9677016735076904
2023-06-14 18:01:34,085 - root - INFO - Predicted timestep 25 of 30. ssh RMSE: 0.15243040025234222, ACC: 0.9662041664123535
2023-06-14 18:01:34,622 - root - INFO - Predicted timestep 26 of 30. ssh RMSE: 0.15517373383045197, ACC: 0.9649151563644409
2023-06-14 18:01:35,084 - root - INFO - Predicted timestep 27 of 30. ssh RMSE: 0.1586814522743225, ACC: 0.9632653594017029
2023-06-14 18:01:35,564 - root - INFO - Predicted timestep 28 of 30. ssh RMSE: 0.16013804078102112, ACC: 0.9626947045326233
2023-06-14 18:01:35,915 - root - INFO - Predicted timestep 29 of 30. ssh RMSE: 0.16124339401721954, ACC: 0.9624382853507996
2023-06-14 18:01:39,206 - root - INFO - Initial condition 4 of 6
2023-06-14 18:01:42,464 - root - INFO - valid_data_full: (366, 30, 721, 1440)
2023-06-14 18:01:42,529 - root - INFO - valid_data: (30, 30, 720, 1440)
2023-06-14 18:01:49,660 - root - INFO - orography loaded; shape:torch.Size([1, 1, 720, 1440])
2023-06-14 18:01:49,661 - root - INFO - Begin autoregressive inference
2023-06-14 18:01:50,252 - root - INFO - Predicted timestep 0 of 30. ssh RMSE: 0.0, ACC: 1.0
2023-06-14 18:01:50,748 - root - INFO - Predicted timestep 1 of 30. ssh RMSE: 0.03411628305912018, ACC: 0.9983175992965698
2023-06-14 18:01:51,261 - root - INFO - Predicted timestep 2 of 30. ssh RMSE: 0.04327802360057831, ACC: 0.9972401261329651
2023-06-14 18:01:51,692 - root - INFO - Predicted timestep 3 of 30. ssh RMSE: 0.05318301171064377, ACC: 0.9958459138870239
2023-06-14 18:01:52,174 - root - INFO - Predicted timestep 4 of 30. ssh RMSE: 0.06250940263271332, ACC: 0.994301438331604
2023-06-14 18:01:52,665 - root - INFO - Predicted timestep 5 of 30. ssh RMSE: 0.07224169373512268, ACC: 0.9923169612884521
2023-06-14 18:01:53,667 - root - INFO - Predicted timestep 6 of 30. ssh RMSE: 0.07988643646240234, ACC: 0.9905838966369629
2023-06-14 18:01:54,271 - root - INFO - Predicted timestep 7 of 30. ssh RMSE: 0.08531299233436584, ACC: 0.9892704486846924
2023-06-14 18:01:54,825 - root - INFO - Predicted timestep 8 of 30. ssh RMSE: 0.0912582203745842, ACC: 0.987718403339386
2023-06-14 18:01:55,345 - root - INFO - Predicted timestep 9 of 30. ssh RMSE: 0.09667115658521652, ACC: 0.9862112402915955
2023-06-14 18:01:55,801 - root - INFO - Predicted timestep 10 of 30. ssh RMSE: 0.10031073540449142, ACC: 0.9851500391960144
2023-06-14 18:01:56,260 - root - INFO - Predicted timestep 11 of 30. ssh RMSE: 0.10393690317869186, ACC: 0.9840116500854492
2023-06-14 18:01:56,756 - root - INFO - Predicted timestep 12 of 30. ssh RMSE: 0.10706818103790283, ACC: 0.9830065965652466
2023-06-14 18:01:57,271 - root - INFO - Predicted timestep 13 of 30. ssh RMSE: 0.10948418825864792, ACC: 0.9822396636009216
2023-06-14 18:01:57,755 - root - INFO - Predicted timestep 14 of 30. ssh RMSE: 0.11157160997390747, ACC: 0.981576681137085
2023-06-14 18:01:58,302 - root - INFO - Predicted timestep 15 of 30. ssh RMSE: 0.11360552161931992, ACC: 0.980932354927063
2023-06-14 18:01:58,862 - root - INFO - Predicted timestep 16 of 30. ssh RMSE: 0.11783293634653091, ACC: 0.9795616269111633
2023-06-14 18:01:59,383 - root - INFO - Predicted timestep 17 of 30. ssh RMSE: 0.12302864342927933, ACC: 0.9778192043304443
2023-06-14 18:02:00,085 - root - INFO - Predicted timestep 18 of 30. ssh RMSE: 0.12627394497394562, ACC: 0.9766194224357605
2023-06-14 18:02:00,587 - root - INFO - Predicted timestep 19 of 30. ssh RMSE: 0.13015951216220856, ACC: 0.9752067923545837
2023-06-14 18:02:01,154 - root - INFO - Predicted timestep 20 of 30. ssh RMSE: 0.1324007362127304, ACC: 0.9743422865867615
2023-06-14 18:02:01,634 - root - INFO - Predicted timestep 21 of 30. ssh RMSE: 0.1362626999616623, ACC: 0.9728366136550903
2023-06-14 18:02:02,100 - root - INFO - Predicted timestep 22 of 30. ssh RMSE: 0.13825471699237823, ACC: 0.972128689289093
2023-06-14 18:02:02,631 - root - INFO - Predicted timestep 23 of 30. ssh RMSE: 0.14042174816131592, ACC: 0.9712834358215332
2023-06-14 18:02:03,124 - root - INFO - Predicted timestep 24 of 30. ssh RMSE: 0.14401111006736755, ACC: 0.9698117971420288
2023-06-14 18:02:03,563 - root - INFO - Predicted timestep 25 of 30. ssh RMSE: 0.14982248842716217, ACC: 0.9672947525978088
2023-06-14 18:02:03,997 - root - INFO - Predicted timestep 26 of 30. ssh RMSE: 0.15153713524341583, ACC: 0.966552734375
2023-06-14 18:02:04,445 - root - INFO - Predicted timestep 27 of 30. ssh RMSE: 0.15552489459514618, ACC: 0.9647367000579834
2023-06-14 18:02:04,940 - root - INFO - Predicted timestep 28 of 30. ssh RMSE: 0.15735767781734467, ACC: 0.9638857245445251
2023-06-14 18:02:05,335 - root - INFO - Predicted timestep 29 of 30. ssh RMSE: 0.1580953150987625, ACC: 0.9636226892471313
2023-06-14 18:02:09,954 - root - INFO - Initial condition 5 of 6
2023-06-14 18:02:13,226 - root - INFO - valid_data_full: (366, 30, 721, 1440)
2023-06-14 18:02:13,291 - root - INFO - valid_data: (30, 30, 720, 1440)
2023-06-14 18:02:20,596 - root - INFO - orography loaded; shape:torch.Size([1, 1, 720, 1440])
2023-06-14 18:02:20,596 - root - INFO - Begin autoregressive inference
2023-06-14 18:02:21,195 - root - INFO - Predicted timestep 0 of 30. ssh RMSE: 0.0, ACC: 1.0
2023-06-14 18:02:21,665 - root - INFO - Predicted timestep 1 of 30. ssh RMSE: 0.03406606242060661, ACC: 0.9983388185501099
2023-06-14 18:02:22,154 - root - INFO - Predicted timestep 2 of 30. ssh RMSE: 0.04226899892091751, ACC: 0.9974310994148254
2023-06-14 18:02:22,670 - root - INFO - Predicted timestep 3 of 30. ssh RMSE: 0.05125695839524269, ACC: 0.9962154626846313
2023-06-14 18:02:23,144 - root - INFO - Predicted timestep 4 of 30. ssh RMSE: 0.05930926278233528, ACC: 0.9949188232421875
2023-06-14 18:02:23,618 - root - INFO - Predicted timestep 5 of 30. ssh RMSE: 0.0679391622543335, ACC: 0.9933328628540039
2023-06-14 18:02:24,145 - root - INFO - Predicted timestep 6 of 30. ssh RMSE: 0.07507938146591187, ACC: 0.9918675422668457
2023-06-14 18:02:24,614 - root - INFO - Predicted timestep 7 of 30. ssh RMSE: 0.08111485093832016, ACC: 0.9905229806900024
2023-06-14 18:02:25,123 - root - INFO - Predicted timestep 8 of 30. ssh RMSE: 0.08625802397727966, ACC: 0.9892942309379578
2023-06-14 18:02:25,605 - root - INFO - Predicted timestep 9 of 30. ssh RMSE: 0.09248816221952438, ACC: 0.9876645803451538
2023-06-14 18:02:26,065 - root - INFO - Predicted timestep 10 of 30. ssh RMSE: 0.09776389598846436, ACC: 0.9861922264099121
2023-06-14 18:02:26,541 - root - INFO - Predicted timestep 11 of 30. ssh RMSE: 0.10205568373203278, ACC: 0.9849607348442078
2023-06-14 18:02:27,025 - root - INFO - Predicted timestep 12 of 30. ssh RMSE: 0.10674122720956802, ACC: 0.9835242629051208
2023-06-14 18:02:27,578 - root - INFO - Predicted timestep 13 of 30. ssh RMSE: 0.11072955280542374, ACC: 0.9822613596916199
2023-06-14 18:02:28,085 - root - INFO - Predicted timestep 14 of 30. ssh RMSE: 0.11334774643182755, ACC: 0.9814260005950928
2023-06-14 18:02:28,495 - root - INFO - Predicted timestep 15 of 30. ssh RMSE: 0.1171579509973526, ACC: 0.9801463484764099
2023-06-14 18:02:29,015 - root - INFO - Predicted timestep 16 of 30. ssh RMSE: 0.12043087184429169, ACC: 0.9790173768997192
2023-06-14 18:02:29,532 - root - INFO - Predicted timestep 17 of 30. ssh RMSE: 0.12343908846378326, ACC: 0.977934718132019
2023-06-14 18:02:30,027 - root - INFO - Predicted timestep 18 of 30. ssh RMSE: 0.12710051238536835, ACC: 0.9766117334365845
2023-06-14 18:02:30,475 - root - INFO - Predicted timestep 19 of 30. ssh RMSE: 0.13224732875823975, ACC: 0.9747055172920227
2023-06-14 18:02:30,939 - root - INFO - Predicted timestep 20 of 30. ssh RMSE: 0.135748952627182, ACC: 0.9734010696411133
2023-06-14 18:02:31,416 - root - INFO - Predicted timestep 21 of 30. ssh RMSE: 0.13963845372200012, ACC: 0.9719072580337524
2023-06-14 18:02:31,918 - root - INFO - Predicted timestep 22 of 30. ssh RMSE: 0.1439797729253769, ACC: 0.9701802134513855
2023-06-14 18:02:32,422 - root - INFO - Predicted timestep 23 of 30. ssh RMSE: 0.148453027009964, ACC: 0.9682844877243042
2023-06-14 18:02:32,914 - root - INFO - Predicted timestep 24 of 30. ssh RMSE: 0.15106047689914703, ACC: 0.9672133922576904
2023-06-14 18:02:33,398 - root - INFO - Predicted timestep 25 of 30. ssh RMSE: 0.15497258305549622, ACC: 0.965550422668457
2023-06-14 18:02:33,884 - root - INFO - Predicted timestep 26 of 30. ssh RMSE: 0.1577972024679184, ACC: 0.9643842577934265
2023-06-14 18:02:34,394 - root - INFO - Predicted timestep 27 of 30. ssh RMSE: 0.1578052043914795, ACC: 0.9644343256950378
2023-06-14 18:02:34,900 - root - INFO - Predicted timestep 28 of 30. ssh RMSE: 0.1612439751625061, ACC: 0.9629071950912476
2023-06-14 18:02:35,305 - root - INFO - Predicted timestep 29 of 30. ssh RMSE: 0.16605691611766815, ACC: 0.9606385827064514
2023-06-14 18:02:40,278 - root - INFO - Initial condition 6 of 6
2023-06-14 18:02:43,004 - root - INFO - valid_data_full: (366, 30, 721, 1440)
2023-06-14 18:02:43,069 - root - INFO - valid_data: (30, 30, 720, 1440)
2023-06-14 18:02:50,461 - root - INFO - orography loaded; shape:torch.Size([1, 1, 720, 1440])
2023-06-14 18:02:50,462 - root - INFO - Begin autoregressive inference
2023-06-14 18:02:51,063 - root - INFO - Predicted timestep 0 of 30. ssh RMSE: 0.0, ACC: 1.0
2023-06-14 18:02:51,499 - root - INFO - Predicted timestep 1 of 30. ssh RMSE: 0.032903317362070084, ACC: 0.9984400868415833
2023-06-14 18:02:51,910 - root - INFO - Predicted timestep 2 of 30. ssh RMSE: 0.04198445379734039, ACC: 0.9974479675292969
2023-06-14 18:02:52,364 - root - INFO - Predicted timestep 3 of 30. ssh RMSE: 0.052643828094005585, ACC: 0.9959892630577087
2023-06-14 18:02:52,831 - root - INFO - Predicted timestep 4 of 30. ssh RMSE: 0.06311006844043732, ACC: 0.9942431449890137
2023-06-14 18:02:53,278 - root - INFO - Predicted timestep 5 of 30. ssh RMSE: 0.0719236209988594, ACC: 0.992519736289978
2023-06-14 18:02:53,706 - root - INFO - Predicted timestep 6 of 30. ssh RMSE: 0.07765120267868042, ACC: 0.9912853837013245
2023-06-14 18:02:54,154 - root - INFO - Predicted timestep 7 of 30. ssh RMSE: 0.08240286260843277, ACC: 0.9902380108833313
2023-06-14 18:02:54,598 - root - INFO - Predicted timestep 8 of 30. ssh RMSE: 0.0876634493470192, ACC: 0.9889782071113586
2023-06-14 18:02:55,805 - root - INFO - Predicted timestep 9 of 30. ssh RMSE: 0.0933283343911171, ACC: 0.9875230193138123
2023-06-14 18:02:56,255 - root - INFO - Predicted timestep 10 of 30. ssh RMSE: 0.1003720611333847, ACC: 0.9855386018753052
2023-06-14 18:02:56,696 - root - INFO - Predicted timestep 11 of 30. ssh RMSE: 0.10148359090089798, ACC: 0.9852178692817688
2023-06-14 18:02:57,128 - root - INFO - Predicted timestep 12 of 30. ssh RMSE: 0.10586901754140854, ACC: 0.983884871006012
2023-06-14 18:02:57,542 - root - INFO - Predicted timestep 13 of 30. ssh RMSE: 0.10939624160528183, ACC: 0.9827672839164734
2023-06-14 18:02:57,963 - root - INFO - Predicted timestep 14 of 30. ssh RMSE: 0.11364281922578812, ACC: 0.9813914895057678
2023-06-14 18:02:58,370 - root - INFO - Predicted timestep 15 of 30. ssh RMSE: 0.11812685430049896, ACC: 0.9799143075942993
2023-06-14 18:02:58,745 - root - INFO - Predicted timestep 16 of 30. ssh RMSE: 0.12287195771932602, ACC: 0.9782409071922302
2023-06-14 18:02:59,157 - root - INFO - Predicted timestep 17 of 30. ssh RMSE: 0.12518590688705444, ACC: 0.9774028658866882
2023-06-14 18:02:59,627 - root - INFO - Predicted timestep 18 of 30. ssh RMSE: 0.12948115170001984, ACC: 0.9758234620094299
2023-06-14 18:03:00,072 - root - INFO - Predicted timestep 19 of 30. ssh RMSE: 0.13340184092521667, ACC: 0.9743728637695312
2023-06-14 18:03:00,499 - root - INFO - Predicted timestep 20 of 30. ssh RMSE: 0.13763613998889923, ACC: 0.9728800654411316
2023-06-14 18:03:00,995 - root - INFO - Predicted timestep 21 of 30. ssh RMSE: 0.14159314334392548, ACC: 0.9714298248291016
2023-06-14 18:03:01,450 - root - INFO - Predicted timestep 22 of 30. ssh RMSE: 0.14509142935276031, ACC: 0.9700620770454407
2023-06-14 18:03:01,895 - root - INFO - Predicted timestep 23 of 30. ssh RMSE: 0.14958728849887848, ACC: 0.9682897329330444
2023-06-14 18:03:02,434 - root - INFO - Predicted timestep 24 of 30. ssh RMSE: 0.15399299561977386, ACC: 0.9662585258483887
2023-06-14 18:03:03,028 - root - INFO - Predicted timestep 25 of 30. ssh RMSE: 0.15561018884181976, ACC: 0.9655351638793945
2023-06-14 18:03:03,562 - root - INFO - Predicted timestep 26 of 30. ssh RMSE: 0.15721870958805084, ACC: 0.9647822380065918
2023-06-14 18:03:04,075 - root - INFO - Predicted timestep 27 of 30. ssh RMSE: 0.15835721790790558, ACC: 0.9643562436103821
2023-06-14 18:03:04,593 - root - INFO - Predicted timestep 28 of 30. ssh RMSE: 0.16061025857925415, ACC: 0.9634008407592773
2023-06-14 18:03:04,894 - root - INFO - Predicted timestep 29 of 30. ssh RMSE: 0.1631515622138977, ACC: 0.9622113108634949
--- Logging error ---
