cuda-11.7 loaded successful
gcc-12.2.0 loaded successful
2023-06-29 15:57:30,923 - root - INFO - expDir: /home/bingxing2/home/scx6115/Ocean_AI_model/./exp_15_levels/afno/20230628-131420
2023-06-29 15:57:30,932 - root - INFO - ------------------ Configuration ------------------
2023-06-29 15:57:30,932 - root - INFO - Configuration file: /home/bingxing2/home/scx6115/Ocean_AI_model/config/Model_2.yaml
2023-06-29 15:57:30,932 - root - INFO - Configuration name: afno
2023-06-29 15:57:30,932 - root - INFO - nettype afno
2023-06-29 15:57:30,932 - root - INFO - log_to_wandb True
2023-06-29 15:57:30,932 - root - INFO - lr 0.0005
2023-06-29 15:57:30,932 - root - INFO - batch_size 16
2023-06-29 15:57:30,932 - root - INFO - max_epochs 100
2023-06-29 15:57:30,932 - root - INFO - scheduler CosineAnnealingLR
2023-06-29 15:57:30,933 - root - INFO - fusion_3d_2d False
2023-06-29 15:57:30,933 - root - INFO - in_channels [0, 1, 2, 3, 4, 5, 6, 7, 8, 9, 10, 11, 12, 13, 14, 15, 16, 17, 18, 19, 20, 21, 22, 23, 24, 25, 26, 27, 28, 29, 30, 31, 32, 33, 34, 35, 36, 37, 38, 39, 40, 41, 42, 43, 44, 45, 46, 47, 48, 49, 50, 51, 52, 53, 54, 55, 56, 57, 58, 59, 60, 61, 62, 63, 64, 65]
2023-06-29 15:57:30,933 - root - INFO - out_channels [0, 1, 2, 3, 4, 5, 6, 7, 8, 9, 10, 11, 12, 13, 14, 15, 16, 17, 18, 19, 20, 21, 22, 23, 24, 25, 26, 27, 28, 29, 30, 31, 32, 33, 34, 35, 36, 37, 38, 39, 40, 41, 42, 43, 44, 45, 46, 47, 48, 49, 50, 51, 52, 53, 54, 55, 56, 57, 58, 59, 60]
2023-06-29 15:57:30,933 - root - INFO - N_in_channels 66
2023-06-29 15:57:30,933 - root - INFO - N_out_channels 61
2023-06-29 15:57:30,933 - root - INFO - img_size_h 720
2023-06-29 15:57:30,933 - root - INFO - img_size_w 1440
2023-06-29 15:57:30,933 - root - INFO - patch_size_h 5
2023-06-29 15:57:30,933 - root - INFO - patch_size_w 5
2023-06-29 15:57:30,933 - root - INFO - loss l2
2023-06-29 15:57:30,933 - root - INFO - num_data_workers 0
2023-06-29 15:57:30,933 - root - INFO - dt 1
2023-06-29 15:57:30,933 - root - INFO - n_history 0
2023-06-29 15:57:30,934 - root - INFO - prediction_type iterative
2023-06-29 15:57:30,934 - root - INFO - prediction_length 30
2023-06-29 15:57:30,934 - root - INFO - n_initial_conditions 5
2023-06-29 15:57:30,934 - root - INFO - ics_type default
2023-06-29 15:57:30,934 - root - INFO - date_strings ['2018-09-14 00:00:00']
2023-06-29 15:57:30,934 - root - INFO - save_raw_forecasts True
2023-06-29 15:57:30,934 - root - INFO - save_channel False
2023-06-29 15:57:30,934 - root - INFO - masked_acc False
2023-06-29 15:57:30,934 - root - INFO - maskpath None
2023-06-29 15:57:30,934 - root - INFO - perturb False
2023-06-29 15:57:30,934 - root - INFO - add_grid False
2023-06-29 15:57:30,934 - root - INFO - N_grid_channels 0
2023-06-29 15:57:30,934 - root - INFO - gridtype sinusoidal
2023-06-29 15:57:30,935 - root - INFO - roll False
2023-06-29 15:57:30,935 - root - INFO - enable_nhwc False
2023-06-29 15:57:30,935 - root - INFO - optimizer_type FusedAdam
2023-06-29 15:57:30,935 - root - INFO - exp_dir ./exp_15_levels
2023-06-29 15:57:30,935 - root - INFO - num_blocks 8
2023-06-29 15:57:30,935 - root - INFO - patch_size 8
2023-06-29 15:57:30,935 - root - INFO - width 56
2023-06-29 15:57:30,935 - root - INFO - modes 32
2023-06-29 15:57:30,935 - root - INFO - target default
2023-06-29 15:57:30,935 - root - INFO - train_data_path /home/bingxing2/home/scx6115/Ocean_AI_model/sample_01/train
2023-06-29 15:57:30,935 - root - INFO - valid_data_path /home/bingxing2/home/scx6115/Ocean_AI_model/sample_01/valid
2023-06-29 15:57:30,935 - root - INFO - test_data_path /home/bingxing2/home/scx6115/Ocean_AI_model/sample_01/test
2023-06-29 15:57:30,935 - root - INFO - land_mask True
2023-06-29 15:57:30,935 - root - INFO - land_mask_path /home/bingxing2/home/scx6115/Ocean_AI_model/sample_01/land_mask.h5
2023-06-29 15:57:30,936 - root - INFO - normalize True
2023-06-29 15:57:30,936 - root - INFO - normalization zscore
2023-06-29 15:57:30,936 - root - INFO - global_mins_path /home/bingxing2/home/scx6115/Ocean_AI_model/sample_01/train/global_mins.npy
2023-06-29 15:57:30,936 - root - INFO - global_maxs_path /home/bingxing2/home/scx6115/Ocean_AI_model/sample_01/train/global_maxs.npy
2023-06-29 15:57:30,936 - root - INFO - global_means_path /home/bingxing2/home/scx6115/Ocean_AI_model/sample_01/train/global_means.npy
2023-06-29 15:57:30,936 - root - INFO - global_stds_path /home/bingxing2/home/scx6115/Ocean_AI_model/sample_01/train/global_stds.npy
2023-06-29 15:57:30,936 - root - INFO - orography True
2023-06-29 15:57:30,936 - root - INFO - orography_norm_zscore_path /home/bingxing2/home/scx6115/Ocean_AI_model/sample_01/orography_norm_zscore.h5
2023-06-29 15:57:30,936 - root - INFO - orography_norm_maxmin_path /home/bingxing2/home/scx6115/Ocean_AI_model/sample_01/orography_norm_maxmin.h5
2023-06-29 15:57:30,936 - root - INFO - add_noise False
2023-06-29 15:57:30,936 - root - INFO - noise_std 0
2023-06-29 15:57:30,936 - root - INFO - crop_size_x None
2023-06-29 15:57:30,936 - root - INFO - crop_size_y None
2023-06-29 15:57:30,937 - root - INFO - log_to_screen True
2023-06-29 15:57:30,937 - root - INFO - save_checkpoint True
2023-06-29 15:57:30,937 - root - INFO - plot_animations False
2023-06-29 15:57:30,937 - root - INFO - resuming False
2023-06-29 15:57:30,937 - root - INFO - interp 0
2023-06-29 15:57:30,937 - root - INFO - world_size 1
2023-06-29 15:57:30,937 - root - INFO - local_rank 0
2023-06-29 15:57:30,937 - root - INFO - global_batch_size 16
2023-06-29 15:57:30,937 - root - INFO - decorrelation_time 50
2023-06-29 15:57:30,937 - root - INFO - n_samples_per_year 300
2023-06-29 15:57:30,937 - root - INFO - experiment_dir /home/bingxing2/home/scx6115/Ocean_AI_model/./exp_15_levels/afno/20230628-131420
2023-06-29 15:57:30,937 - root - INFO - best_checkpoint_path /home/bingxing2/home/scx6115/Ocean_AI_model/./exp_15_levels/afno/20230628-131420/training_checkpoints/best_ckpt.tar
2023-06-29 15:57:30,937 - root - INFO - ---------------------------------------------------
2023-06-29 15:57:30,937 - root - INFO - Inference for 6 initial conditions
2023-06-29 15:57:30,946 - root - INFO - Getting file stats from /home/bingxing2/home/scx6115/Ocean_AI_model/sample_01/test/2012.h5
2023-06-29 15:57:30,947 - root - INFO - Number of samples per year: 365
2023-06-29 15:57:30,947 - root - INFO - Found data at path /home/bingxing2/home/scx6115/Ocean_AI_model/sample_01/test. Number of examples: 365. Image Shape: 720 x 1440 x 66
2023-06-29 15:57:30,947 - root - INFO - Delta t: 1 days
2023-06-29 15:57:30,947 - root - INFO - Including 0 days of past history in training at a frequency of 1 days
2023-06-29 15:57:32,240 - root - INFO - Loading trained model checkpoint from /home/bingxing2/home/scx6115/Ocean_AI_model/./exp_15_levels/afno/20230628-131420/training_checkpoints/best_ckpt.tar
2023-06-29 15:57:35,685 - root - INFO - Loading inference data
2023-06-29 15:57:35,686 - root - INFO - Inference data from /home/bingxing2/home/scx6115/Ocean_AI_model/sample_01/test/2012.h5
2023-06-29 15:57:35,727 - root - INFO - Initial condition 1 of 6
2023-06-29 15:57:43,481 - root - INFO - valid_data_full: (366, 66, 721, 1440)
2023-06-29 15:57:43,584 - root - INFO - valid_data: (30, 66, 720, 1440)
2023-06-29 15:57:59,578 - root - INFO - orography loaded; shape:torch.Size([1, 1, 720, 1440])
2023-06-29 15:57:59,580 - root - INFO - Begin autoregressive inference
2023-06-29 15:58:02,426 - root - INFO - Predicted timestep 0 of 30. ssh RMSE: 0.0, ACC: 1.0
2023-06-29 15:58:03,252 - root - INFO - Predicted timestep 1 of 30. ssh RMSE: 0.048855558037757874, ACC: 0.998020350933075
2023-06-29 15:58:04,045 - root - INFO - Predicted timestep 2 of 30. ssh RMSE: 0.07701005041599274, ACC: 0.9953168034553528
2023-06-29 15:58:04,843 - root - INFO - Predicted timestep 3 of 30. ssh RMSE: 0.12556156516075134, ACC: 0.9880170822143555
2023-06-29 15:58:05,716 - root - INFO - Predicted timestep 4 of 30. ssh RMSE: 0.18326407670974731, ACC: 0.9754090905189514
2023-06-29 15:58:06,459 - root - INFO - Predicted timestep 5 of 30. ssh RMSE: 0.2494414746761322, ACC: 0.9560447931289673
2023-06-29 15:58:07,232 - root - INFO - Predicted timestep 6 of 30. ssh RMSE: 0.3327034115791321, ACC: 0.9256890416145325
2023-06-29 15:58:08,014 - root - INFO - Predicted timestep 7 of 30. ssh RMSE: 0.43319565057754517, ACC: 0.8834647536277771
2023-06-29 15:58:08,815 - root - INFO - Predicted timestep 8 of 30. ssh RMSE: 0.5334117412567139, ACC: 0.8391415476799011
2023-06-29 15:58:09,568 - root - INFO - Predicted timestep 9 of 30. ssh RMSE: 0.6264310479164124, ACC: 0.7987147569656372
2023-06-29 15:58:10,375 - root - INFO - Predicted timestep 10 of 30. ssh RMSE: 0.7133033275604248, ACC: 0.7629377245903015
2023-06-29 15:58:11,184 - root - INFO - Predicted timestep 11 of 30. ssh RMSE: 0.7968165278434753, ACC: 0.7308812141418457
2023-06-29 15:58:11,974 - root - INFO - Predicted timestep 12 of 30. ssh RMSE: 0.8804841637611389, ACC: 0.7009466290473938
2023-06-29 15:58:12,794 - root - INFO - Predicted timestep 13 of 30. ssh RMSE: 0.9671222567558289, ACC: 0.6717524528503418
2023-06-29 15:58:13,565 - root - INFO - Predicted timestep 14 of 30. ssh RMSE: 1.0580687522888184, ACC: 0.6427084803581238
2023-06-29 15:58:14,287 - root - INFO - Predicted timestep 15 of 30. ssh RMSE: 1.1535999774932861, ACC: 0.6138293743133545
2023-06-29 15:58:15,054 - root - INFO - Predicted timestep 16 of 30. ssh RMSE: 1.2478092908859253, ACC: 0.5880693197250366
2023-06-29 15:58:15,760 - root - INFO - Predicted timestep 17 of 30. ssh RMSE: 1.3396426439285278, ACC: 0.5649881958961487
2023-06-29 15:58:16,496 - root - INFO - Predicted timestep 18 of 30. ssh RMSE: 1.431626558303833, ACC: 0.5432361364364624
2023-06-29 15:58:17,248 - root - INFO - Predicted timestep 19 of 30. ssh RMSE: 1.522638201713562, ACC: 0.5230976939201355
2023-06-29 15:58:18,035 - root - INFO - Predicted timestep 20 of 30. ssh RMSE: 1.6128536462783813, ACC: 0.5042502284049988
2023-06-29 15:58:18,804 - root - INFO - Predicted timestep 21 of 30. ssh RMSE: 1.7013057470321655, ACC: 0.4875473976135254
2023-06-29 15:58:19,580 - root - INFO - Predicted timestep 22 of 30. ssh RMSE: 1.7886186838150024, ACC: 0.471856951713562
2023-06-29 15:58:20,344 - root - INFO - Predicted timestep 23 of 30. ssh RMSE: 1.8752508163452148, ACC: 0.4569588303565979
2023-06-29 15:58:21,037 - root - INFO - Predicted timestep 24 of 30. ssh RMSE: 1.9622763395309448, ACC: 0.44237834215164185
2023-06-29 15:58:21,791 - root - INFO - Predicted timestep 25 of 30. ssh RMSE: 2.0504186153411865, ACC: 0.4281613230705261
2023-06-29 15:58:22,540 - root - INFO - Predicted timestep 26 of 30. ssh RMSE: 2.1382079124450684, ACC: 0.4148584306240082
2023-06-29 15:58:23,284 - root - INFO - Predicted timestep 27 of 30. ssh RMSE: 2.224703073501587, ACC: 0.4027608036994934
2023-06-29 15:58:24,034 - root - INFO - Predicted timestep 28 of 30. ssh RMSE: 2.310854196548462, ACC: 0.39053040742874146
2023-06-29 15:58:24,534 - root - INFO - Predicted timestep 29 of 30. ssh RMSE: 2.3953118324279785, ACC: 0.37955954670906067
2023-06-29 15:58:24,586 - root - INFO - Initial condition 2 of 6
2023-06-29 15:58:32,349 - root - INFO - valid_data_full: (366, 66, 721, 1440)
2023-06-29 15:58:32,449 - root - INFO - valid_data: (30, 66, 720, 1440)
2023-06-29 15:58:48,326 - root - INFO - orography loaded; shape:torch.Size([1, 1, 720, 1440])
2023-06-29 15:58:48,328 - root - INFO - Begin autoregressive inference
2023-06-29 15:58:49,251 - root - INFO - Predicted timestep 0 of 30. ssh RMSE: 0.0, ACC: 1.0
2023-06-29 15:58:50,104 - root - INFO - Predicted timestep 1 of 30. ssh RMSE: 0.04937637224793434, ACC: 0.9979643225669861
2023-06-29 15:58:50,914 - root - INFO - Predicted timestep 2 of 30. ssh RMSE: 0.07713864743709564, ACC: 0.9952636957168579
2023-06-29 15:58:51,728 - root - INFO - Predicted timestep 3 of 30. ssh RMSE: 0.12604238092899323, ACC: 0.9879034161567688
2023-06-29 15:58:52,919 - root - INFO - Predicted timestep 4 of 30. ssh RMSE: 0.18267126381397247, ACC: 0.9755707383155823
2023-06-29 15:58:53,683 - root - INFO - Predicted timestep 5 of 30. ssh RMSE: 0.24752116203308105, ACC: 0.9567413330078125
2023-06-29 15:58:54,437 - root - INFO - Predicted timestep 6 of 30. ssh RMSE: 0.3315088450908661, ACC: 0.926293671131134
2023-06-29 15:58:55,244 - root - INFO - Predicted timestep 7 of 30. ssh RMSE: 0.4336651563644409, ACC: 0.8833487033843994
2023-06-29 15:58:56,074 - root - INFO - Predicted timestep 8 of 30. ssh RMSE: 0.5390673279762268, ACC: 0.8365510106086731
2023-06-29 15:58:56,854 - root - INFO - Predicted timestep 9 of 30. ssh RMSE: 0.6352213621139526, ACC: 0.79472416639328
2023-06-29 15:58:57,684 - root - INFO - Predicted timestep 10 of 30. ssh RMSE: 0.7228801250457764, ACC: 0.7589722871780396
2023-06-29 15:58:58,552 - root - INFO - Predicted timestep 11 of 30. ssh RMSE: 0.8063004612922668, ACC: 0.7277650833129883
2023-06-29 15:58:59,474 - root - INFO - Predicted timestep 12 of 30. ssh RMSE: 0.8914658427238464, ACC: 0.697881817817688
2023-06-29 15:59:00,313 - root - INFO - Predicted timestep 13 of 30. ssh RMSE: 0.9803213477134705, ACC: 0.6687809824943542
2023-06-29 15:59:01,188 - root - INFO - Predicted timestep 14 of 30. ssh RMSE: 1.0727649927139282, ACC: 0.6404255628585815
2023-06-29 15:59:02,025 - root - INFO - Predicted timestep 15 of 30. ssh RMSE: 1.1647026538848877, ACC: 0.6145479083061218
2023-06-29 15:59:03,160 - root - INFO - Predicted timestep 16 of 30. ssh RMSE: 1.2560584545135498, ACC: 0.5905573964118958
2023-06-29 15:59:03,974 - root - INFO - Predicted timestep 17 of 30. ssh RMSE: 1.3479504585266113, ACC: 0.5677827596664429
2023-06-29 15:59:04,774 - root - INFO - Predicted timestep 18 of 30. ssh RMSE: 1.4393492937088013, ACC: 0.5466585159301758
2023-06-29 15:59:05,554 - root - INFO - Predicted timestep 19 of 30. ssh RMSE: 1.5286448001861572, ACC: 0.5275552868843079
2023-06-29 15:59:06,344 - root - INFO - Predicted timestep 20 of 30. ssh RMSE: 1.6174488067626953, ACC: 0.508958101272583
2023-06-29 15:59:07,163 - root - INFO - Predicted timestep 21 of 30. ssh RMSE: 1.7072691917419434, ACC: 0.49100497364997864
2023-06-29 15:59:07,896 - root - INFO - Predicted timestep 22 of 30. ssh RMSE: 1.7968024015426636, ACC: 0.47455736994743347
2023-06-29 15:59:08,662 - root - INFO - Predicted timestep 23 of 30. ssh RMSE: 1.8848365545272827, ACC: 0.4594520926475525
2023-06-29 15:59:09,433 - root - INFO - Predicted timestep 24 of 30. ssh RMSE: 1.9723811149597168, ACC: 0.44492241740226746
2023-06-29 15:59:10,224 - root - INFO - Predicted timestep 25 of 30. ssh RMSE: 2.059108257293701, ACC: 0.4315488338470459
2023-06-29 15:59:10,964 - root - INFO - Predicted timestep 26 of 30. ssh RMSE: 2.1450817584991455, ACC: 0.4186471700668335
2023-06-29 15:59:11,794 - root - INFO - Predicted timestep 27 of 30. ssh RMSE: 2.2307281494140625, ACC: 0.4060153663158417
2023-06-29 15:59:12,593 - root - INFO - Predicted timestep 28 of 30. ssh RMSE: 2.315638780593872, ACC: 0.3937564790248871
2023-06-29 15:59:13,144 - root - INFO - Predicted timestep 29 of 30. ssh RMSE: 2.3980681896209717, ACC: 0.38294804096221924
2023-06-29 15:59:19,352 - root - INFO - Initial condition 3 of 6
2023-06-29 15:59:26,948 - root - INFO - valid_data_full: (366, 66, 721, 1440)
2023-06-29 15:59:27,174 - root - INFO - valid_data: (30, 66, 720, 1440)
2023-06-29 15:59:42,856 - root - INFO - orography loaded; shape:torch.Size([1, 1, 720, 1440])
2023-06-29 15:59:42,858 - root - INFO - Begin autoregressive inference
2023-06-29 15:59:43,765 - root - INFO - Predicted timestep 0 of 30. ssh RMSE: 0.0, ACC: 1.0
2023-06-29 15:59:44,570 - root - INFO - Predicted timestep 1 of 30. ssh RMSE: 0.04895055666565895, ACC: 0.9979978799819946
2023-06-29 15:59:45,505 - root - INFO - Predicted timestep 2 of 30. ssh RMSE: 0.0764354020357132, ACC: 0.9953544735908508
2023-06-29 15:59:46,254 - root - INFO - Predicted timestep 3 of 30. ssh RMSE: 0.12446808069944382, ACC: 0.9881446361541748
2023-06-29 15:59:47,066 - root - INFO - Predicted timestep 4 of 30. ssh RMSE: 0.179610937833786, ACC: 0.9761703610420227
2023-06-29 15:59:47,865 - root - INFO - Predicted timestep 5 of 30. ssh RMSE: 0.24522216618061066, ACC: 0.9572768211364746
2023-06-29 15:59:48,612 - root - INFO - Predicted timestep 6 of 30. ssh RMSE: 0.3289230763912201, ACC: 0.9271823763847351
2023-06-29 15:59:49,384 - root - INFO - Predicted timestep 7 of 30. ssh RMSE: 0.42565101385116577, ACC: 0.8871880769729614
2023-06-29 15:59:50,154 - root - INFO - Predicted timestep 8 of 30. ssh RMSE: 0.5261448621749878, ACC: 0.8432599306106567
2023-06-29 15:59:50,914 - root - INFO - Predicted timestep 9 of 30. ssh RMSE: 0.6227172613143921, ACC: 0.8018540740013123
2023-06-29 15:59:51,721 - root - INFO - Predicted timestep 10 of 30. ssh RMSE: 0.7117065787315369, ACC: 0.7659796476364136
2023-06-29 15:59:52,499 - root - INFO - Predicted timestep 11 of 30. ssh RMSE: 0.796683132648468, ACC: 0.7341264486312866
2023-06-29 15:59:53,275 - root - INFO - Predicted timestep 12 of 30. ssh RMSE: 0.8836447596549988, ACC: 0.7034443020820618
2023-06-29 15:59:54,068 - root - INFO - Predicted timestep 13 of 30. ssh RMSE: 0.9748679995536804, ACC: 0.6731835603713989
2023-06-29 15:59:54,846 - root - INFO - Predicted timestep 14 of 30. ssh RMSE: 1.0714300870895386, ACC: 0.6429067254066467
2023-06-29 15:59:55,664 - root - INFO - Predicted timestep 15 of 30. ssh RMSE: 1.1696337461471558, ACC: 0.6146410703659058
2023-06-29 15:59:56,424 - root - INFO - Predicted timestep 16 of 30. ssh RMSE: 1.265567421913147, ACC: 0.5891731977462769
2023-06-29 15:59:57,237 - root - INFO - Predicted timestep 17 of 30. ssh RMSE: 1.3581352233886719, ACC: 0.5665645003318787
2023-06-29 15:59:58,020 - root - INFO - Predicted timestep 18 of 30. ssh RMSE: 1.4501069784164429, ACC: 0.545516312122345
2023-06-29 15:59:58,802 - root - INFO - Predicted timestep 19 of 30. ssh RMSE: 1.5437641143798828, ACC: 0.5248689651489258
2023-06-29 15:59:59,562 - root - INFO - Predicted timestep 20 of 30. ssh RMSE: 1.6371219158172607, ACC: 0.5054918527603149
2023-06-29 16:00:00,354 - root - INFO - Predicted timestep 21 of 30. ssh RMSE: 1.7301039695739746, ACC: 0.48736336827278137
2023-06-29 16:00:01,115 - root - INFO - Predicted timestep 22 of 30. ssh RMSE: 1.8216065168380737, ACC: 0.4711020290851593
2023-06-29 16:00:01,955 - root - INFO - Predicted timestep 23 of 30. ssh RMSE: 1.9130617380142212, ACC: 0.45528045296669006
2023-06-29 16:00:02,750 - root - INFO - Predicted timestep 24 of 30. ssh RMSE: 2.0048816204071045, ACC: 0.4402795135974884
2023-06-29 16:00:03,534 - root - INFO - Predicted timestep 25 of 30. ssh RMSE: 2.0952603816986084, ACC: 0.426554411649704
2023-06-29 16:00:04,354 - root - INFO - Predicted timestep 26 of 30. ssh RMSE: 2.18463134765625, ACC: 0.4131909906864166
2023-06-29 16:00:05,072 - root - INFO - Predicted timestep 27 of 30. ssh RMSE: 2.272221088409424, ACC: 0.40074101090431213
2023-06-29 16:00:05,834 - root - INFO - Predicted timestep 28 of 30. ssh RMSE: 2.3579225540161133, ACC: 0.38872668147087097
2023-06-29 16:00:06,382 - root - INFO - Predicted timestep 29 of 30. ssh RMSE: 2.44197678565979, ACC: 0.37777000665664673
2023-06-29 16:00:14,205 - root - INFO - Initial condition 4 of 6
2023-06-29 16:00:21,273 - root - INFO - valid_data_full: (366, 66, 721, 1440)
2023-06-29 16:00:21,515 - root - INFO - valid_data: (30, 66, 720, 1440)
2023-06-29 16:00:37,664 - root - INFO - orography loaded; shape:torch.Size([1, 1, 720, 1440])
2023-06-29 16:00:37,664 - root - INFO - Begin autoregressive inference
2023-06-29 16:00:38,573 - root - INFO - Predicted timestep 0 of 30. ssh RMSE: 0.0, ACC: 1.0
2023-06-29 16:00:39,576 - root - INFO - Predicted timestep 1 of 30. ssh RMSE: 0.047881122678518295, ACC: 0.9981183409690857
2023-06-29 16:00:40,314 - root - INFO - Predicted timestep 2 of 30. ssh RMSE: 0.07499060779809952, ACC: 0.9956297278404236
2023-06-29 16:00:41,166 - root - INFO - Predicted timestep 3 of 30. ssh RMSE: 0.12280157208442688, ACC: 0.9887120127677917
2023-06-29 16:00:41,912 - root - INFO - Predicted timestep 4 of 30. ssh RMSE: 0.1777285635471344, ACC: 0.9772239327430725
2023-06-29 16:00:42,694 - root - INFO - Predicted timestep 5 of 30. ssh RMSE: 0.24370859563350677, ACC: 0.9587374329566956
2023-06-29 16:00:43,484 - root - INFO - Predicted timestep 6 of 30. ssh RMSE: 0.3309570252895355, ACC: 0.9280622601509094
2023-06-29 16:00:44,274 - root - INFO - Predicted timestep 7 of 30. ssh RMSE: 0.43065693974494934, ACC: 0.8877466320991516
2023-06-29 16:00:45,104 - root - INFO - Predicted timestep 8 of 30. ssh RMSE: 0.529259979724884, ACC: 0.8461543321609497
2023-06-29 16:00:45,914 - root - INFO - Predicted timestep 9 of 30. ssh RMSE: 0.6224120259284973, ACC: 0.8075753450393677
2023-06-29 16:00:46,734 - root - INFO - Predicted timestep 10 of 30. ssh RMSE: 0.711054265499115, ACC: 0.7727867960929871
2023-06-29 16:00:47,514 - root - INFO - Predicted timestep 11 of 30. ssh RMSE: 0.7989102005958557, ACC: 0.7402682304382324
2023-06-29 16:00:48,324 - root - INFO - Predicted timestep 12 of 30. ssh RMSE: 0.8884192705154419, ACC: 0.709094226360321
2023-06-29 16:00:49,135 - root - INFO - Predicted timestep 13 of 30. ssh RMSE: 0.9824771285057068, ACC: 0.6779727935791016
2023-06-29 16:00:49,999 - root - INFO - Predicted timestep 14 of 30. ssh RMSE: 1.0803486108779907, ACC: 0.6480532884597778
2023-06-29 16:00:50,835 - root - INFO - Predicted timestep 15 of 30. ssh RMSE: 1.1775286197662354, ACC: 0.6204649209976196
2023-06-29 16:00:51,674 - root - INFO - Predicted timestep 16 of 30. ssh RMSE: 1.2722442150115967, ACC: 0.5957537293434143
2023-06-29 16:00:52,544 - root - INFO - Predicted timestep 17 of 30. ssh RMSE: 1.3671706914901733, ACC: 0.5722352862358093
2023-06-29 16:00:53,404 - root - INFO - Predicted timestep 18 of 30. ssh RMSE: 1.4617042541503906, ACC: 0.5506643056869507
2023-06-29 16:00:54,204 - root - INFO - Predicted timestep 19 of 30. ssh RMSE: 1.5561974048614502, ACC: 0.5306894183158875
2023-06-29 16:00:55,034 - root - INFO - Predicted timestep 20 of 30. ssh RMSE: 1.6501061916351318, ACC: 0.5119655132293701
2023-06-29 16:00:55,844 - root - INFO - Predicted timestep 21 of 30. ssh RMSE: 1.744421362876892, ACC: 0.4943932592868805
2023-06-29 16:00:56,684 - root - INFO - Predicted timestep 22 of 30. ssh RMSE: 1.838255763053894, ACC: 0.47785666584968567
2023-06-29 16:00:57,444 - root - INFO - Predicted timestep 23 of 30. ssh RMSE: 1.9294700622558594, ACC: 0.46320122480392456
2023-06-29 16:00:58,210 - root - INFO - Predicted timestep 24 of 30. ssh RMSE: 2.0192737579345703, ACC: 0.4495418071746826
2023-06-29 16:00:59,004 - root - INFO - Predicted timestep 25 of 30. ssh RMSE: 2.10929012298584, ACC: 0.43608641624450684
2023-06-29 16:00:59,724 - root - INFO - Predicted timestep 26 of 30. ssh RMSE: 2.1989221572875977, ACC: 0.423603355884552
2023-06-29 16:01:00,514 - root - INFO - Predicted timestep 27 of 30. ssh RMSE: 2.2885372638702393, ACC: 0.41161420941352844
2023-06-29 16:01:01,285 - root - INFO - Predicted timestep 28 of 30. ssh RMSE: 2.376650333404541, ACC: 0.4005632996559143
2023-06-29 16:01:01,875 - root - INFO - Predicted timestep 29 of 30. ssh RMSE: 2.464280128479004, ACC: 0.3899686932563782
2023-06-29 16:01:12,993 - root - INFO - Initial condition 5 of 6
2023-06-29 16:01:20,116 - root - INFO - valid_data_full: (366, 66, 721, 1440)
2023-06-29 16:01:20,233 - root - INFO - valid_data: (30, 66, 720, 1440)
2023-06-29 16:01:37,942 - root - INFO - orography loaded; shape:torch.Size([1, 1, 720, 1440])
2023-06-29 16:01:37,945 - root - INFO - Begin autoregressive inference
2023-06-29 16:01:38,884 - root - INFO - Predicted timestep 0 of 30. ssh RMSE: 0.0, ACC: 1.0
2023-06-29 16:01:39,671 - root - INFO - Predicted timestep 1 of 30. ssh RMSE: 0.048016130924224854, ACC: 0.9981282949447632
2023-06-29 16:01:40,484 - root - INFO - Predicted timestep 2 of 30. ssh RMSE: 0.07507071644067764, ACC: 0.9956332445144653
2023-06-29 16:01:41,304 - root - INFO - Predicted timestep 3 of 30. ssh RMSE: 0.12045694887638092, ACC: 0.9891183376312256
2023-06-29 16:01:42,158 - root - INFO - Predicted timestep 4 of 30. ssh RMSE: 0.17649930715560913, ACC: 0.9774235486984253
2023-06-29 16:01:42,954 - root - INFO - Predicted timestep 5 of 30. ssh RMSE: 0.24634170532226562, ACC: 0.9577369093894958
2023-06-29 16:01:43,743 - root - INFO - Predicted timestep 6 of 30. ssh RMSE: 0.3364727199077606, ACC: 0.9257898926734924
2023-06-29 16:01:44,554 - root - INFO - Predicted timestep 7 of 30. ssh RMSE: 0.4386254549026489, ACC: 0.8842434287071228
2023-06-29 16:01:45,294 - root - INFO - Predicted timestep 8 of 30. ssh RMSE: 0.5368239879608154, ACC: 0.8428278565406799
2023-06-29 16:01:46,130 - root - INFO - Predicted timestep 9 of 30. ssh RMSE: 0.6298350691795349, ACC: 0.8047220706939697
2023-06-29 16:01:46,964 - root - INFO - Predicted timestep 10 of 30. ssh RMSE: 0.7211090326309204, ACC: 0.76906418800354
2023-06-29 16:01:47,744 - root - INFO - Predicted timestep 11 of 30. ssh RMSE: 0.811671257019043, ACC: 0.7355790734291077
2023-06-29 16:01:48,504 - root - INFO - Predicted timestep 12 of 30. ssh RMSE: 0.9033486843109131, ACC: 0.7041244506835938
2023-06-29 16:01:49,253 - root - INFO - Predicted timestep 13 of 30. ssh RMSE: 0.9973211884498596, ACC: 0.6739078760147095
2023-06-29 16:01:50,031 - root - INFO - Predicted timestep 14 of 30. ssh RMSE: 1.0943483114242554, ACC: 0.6446769833564758
2023-06-29 16:01:50,812 - root - INFO - Predicted timestep 15 of 30. ssh RMSE: 1.1918284893035889, ACC: 0.6179467439651489
2023-06-29 16:01:51,546 - root - INFO - Predicted timestep 16 of 30. ssh RMSE: 1.2881488800048828, ACC: 0.5932938456535339
2023-06-29 16:01:52,334 - root - INFO - Predicted timestep 17 of 30. ssh RMSE: 1.3824208974838257, ACC: 0.5708650350570679
2023-06-29 16:01:53,124 - root - INFO - Predicted timestep 18 of 30. ssh RMSE: 1.4755098819732666, ACC: 0.550475537776947
2023-06-29 16:01:53,874 - root - INFO - Predicted timestep 19 of 30. ssh RMSE: 1.570235013961792, ACC: 0.5304198861122131
2023-06-29 16:01:54,677 - root - INFO - Predicted timestep 20 of 30. ssh RMSE: 1.6664512157440186, ACC: 0.5109167098999023
2023-06-29 16:01:55,504 - root - INFO - Predicted timestep 21 of 30. ssh RMSE: 1.7618662118911743, ACC: 0.49309733510017395
2023-06-29 16:01:56,318 - root - INFO - Predicted timestep 22 of 30. ssh RMSE: 1.856055498123169, ACC: 0.4771253168582916
2023-06-29 16:01:57,125 - root - INFO - Predicted timestep 23 of 30. ssh RMSE: 1.9508860111236572, ACC: 0.4614071249961853
2023-06-29 16:01:57,866 - root - INFO - Predicted timestep 24 of 30. ssh RMSE: 2.0454213619232178, ACC: 0.44760560989379883
2023-06-29 16:01:58,681 - root - INFO - Predicted timestep 25 of 30. ssh RMSE: 2.140242099761963, ACC: 0.4339609742164612
2023-06-29 16:01:59,512 - root - INFO - Predicted timestep 26 of 30. ssh RMSE: 2.23361873626709, ACC: 0.421579509973526
2023-06-29 16:02:00,294 - root - INFO - Predicted timestep 27 of 30. ssh RMSE: 2.3255012035369873, ACC: 0.40986570715904236
2023-06-29 16:02:01,084 - root - INFO - Predicted timestep 28 of 30. ssh RMSE: 2.41542911529541, ACC: 0.3994448482990265
2023-06-29 16:02:01,610 - root - INFO - Predicted timestep 29 of 30. ssh RMSE: 2.50350284576416, ACC: 0.3895556628704071
2023-06-29 16:02:16,363 - root - INFO - Initial condition 6 of 6
2023-06-29 16:02:23,835 - root - INFO - valid_data_full: (366, 66, 721, 1440)
2023-06-29 16:02:23,938 - root - INFO - valid_data: (30, 66, 720, 1440)
2023-06-29 16:02:41,060 - root - INFO - orography loaded; shape:torch.Size([1, 1, 720, 1440])
2023-06-29 16:02:41,061 - root - INFO - Begin autoregressive inference
2023-06-29 16:02:41,987 - root - INFO - Predicted timestep 0 of 30. ssh RMSE: 0.0, ACC: 1.0
2023-06-29 16:02:42,765 - root - INFO - Predicted timestep 1 of 30. ssh RMSE: 0.051188670098781586, ACC: 0.9978607296943665
2023-06-29 16:02:43,536 - root - INFO - Predicted timestep 2 of 30. ssh RMSE: 0.07717330008745193, ACC: 0.9953779578208923
2023-06-29 16:02:44,243 - root - INFO - Predicted timestep 3 of 30. ssh RMSE: 0.12315113842487335, ACC: 0.9886653423309326
2023-06-29 16:02:45,044 - root - INFO - Predicted timestep 4 of 30. ssh RMSE: 0.18150004744529724, ACC: 0.9761977195739746
2023-06-29 16:02:45,841 - root - INFO - Predicted timestep 5 of 30. ssh RMSE: 0.2548503577709198, ACC: 0.9548531174659729
2023-06-29 16:02:46,618 - root - INFO - Predicted timestep 6 of 30. ssh RMSE: 0.34825602173805237, ACC: 0.9206705093383789
2023-06-29 16:02:47,367 - root - INFO - Predicted timestep 7 of 30. ssh RMSE: 0.45104119181632996, ACC: 0.8779093623161316
2023-06-29 16:02:48,165 - root - INFO - Predicted timestep 8 of 30. ssh RMSE: 0.5506088733673096, ACC: 0.835076093673706
2023-06-29 16:02:48,954 - root - INFO - Predicted timestep 9 of 30. ssh RMSE: 0.6446825265884399, ACC: 0.7960716485977173
2023-06-29 16:02:49,740 - root - INFO - Predicted timestep 10 of 30. ssh RMSE: 0.7347370386123657, ACC: 0.7611575126647949
2023-06-29 16:02:50,544 - root - INFO - Predicted timestep 11 of 30. ssh RMSE: 0.823653519153595, ACC: 0.7292308807373047
2023-06-29 16:02:51,309 - root - INFO - Predicted timestep 12 of 30. ssh RMSE: 0.912946879863739, ACC: 0.6997634768486023
2023-06-29 16:02:52,091 - root - INFO - Predicted timestep 13 of 30. ssh RMSE: 1.0031338930130005, ACC: 0.6721646189689636
2023-06-29 16:02:52,848 - root - INFO - Predicted timestep 14 of 30. ssh RMSE: 1.0955003499984741, ACC: 0.6454154253005981
2023-06-29 16:02:53,613 - root - INFO - Predicted timestep 15 of 30. ssh RMSE: 1.1893877983093262, ACC: 0.6199463605880737
2023-06-29 16:02:54,454 - root - INFO - Predicted timestep 16 of 30. ssh RMSE: 1.2830690145492554, ACC: 0.5962392091751099
2023-06-29 16:02:55,224 - root - INFO - Predicted timestep 17 of 30. ssh RMSE: 1.3769749402999878, ACC: 0.5735968947410583
2023-06-29 16:02:56,075 - root - INFO - Predicted timestep 18 of 30. ssh RMSE: 1.4716861248016357, ACC: 0.5517223477363586
2023-06-29 16:02:56,916 - root - INFO - Predicted timestep 19 of 30. ssh RMSE: 1.5689183473587036, ACC: 0.5297209024429321
2023-06-29 16:02:57,659 - root - INFO - Predicted timestep 20 of 30. ssh RMSE: 1.6661572456359863, ACC: 0.5094963908195496
2023-06-29 16:02:58,466 - root - INFO - Predicted timestep 21 of 30. ssh RMSE: 1.7622020244598389, ACC: 0.4908115863800049
2023-06-29 16:02:59,204 - root - INFO - Predicted timestep 22 of 30. ssh RMSE: 1.85666823387146, ACC: 0.474078506231308
2023-06-29 16:02:59,947 - root - INFO - Predicted timestep 23 of 30. ssh RMSE: 1.9500668048858643, ACC: 0.45895788073539734
2023-06-29 16:03:00,782 - root - INFO - Predicted timestep 24 of 30. ssh RMSE: 2.041381597518921, ACC: 0.44550859928131104
2023-06-29 16:03:01,544 - root - INFO - Predicted timestep 25 of 30. ssh RMSE: 2.1320197582244873, ACC: 0.43231821060180664
2023-06-29 16:03:02,353 - root - INFO - Predicted timestep 26 of 30. ssh RMSE: 2.2221102714538574, ACC: 0.42025473713874817
2023-06-29 16:03:03,193 - root - INFO - Predicted timestep 27 of 30. ssh RMSE: 2.312824010848999, ACC: 0.4084959030151367
2023-06-29 16:03:03,984 - root - INFO - Predicted timestep 28 of 30. ssh RMSE: 2.4035604000091553, ACC: 0.39702069759368896
2023-06-29 16:03:04,534 - root - INFO - Predicted timestep 29 of 30. ssh RMSE: 2.4923930168151855, ACC: 0.38668176531791687
--- Logging error ---
Traceback (most recent call last):
  File "/home/bingxing2/home/scx6115/.conda/envs/torch2.0/lib/python3.10/logging/__init__.py", line 1100, in emit
    msg = self.format(record)
  File "/home/bingxing2/home/scx6115/.conda/envs/torch2.0/lib/python3.10/logging/__init__.py", line 943, in format
    return fmt.format(record)
  File "/home/bingxing2/home/scx6115/.conda/envs/torch2.0/lib/python3.10/logging/__init__.py", line 678, in format
    record.message = record.getMessage()
  File "/home/bingxing2/home/scx6115/.conda/envs/torch2.0/lib/python3.10/logging/__init__.py", line 368, in getMessage
    msg = msg % self.args
TypeError: not all arguments converted during string formatting
Call stack:
  File "/home/bingxing2/home/scx6115/Ocean_AI_model/inference/inference_025.py", line 536, in <module>
    logging.info('seq_real:', seq_real.shape)
Message: 'seq_real:'
Arguments: ((6, 30, 61, 720, 1440),)
--- Logging error ---
Traceback (most recent call last):
  File "/home/bingxing2/home/scx6115/.conda/envs/torch2.0/lib/python3.10/logging/__init__.py", line 1100, in emit
    msg = self.format(record)
  File "/home/bingxing2/home/scx6115/.conda/envs/torch2.0/lib/python3.10/logging/__init__.py", line 943, in format
    return fmt.format(record)
  File "/home/bingxing2/home/scx6115/.conda/envs/torch2.0/lib/python3.10/logging/__init__.py", line 678, in format
    record.message = record.getMessage()
  File "/home/bingxing2/home/scx6115/.conda/envs/torch2.0/lib/python3.10/logging/__init__.py", line 368, in getMessage
    msg = msg % self.args
TypeError: not all arguments converted during string formatting
Call stack:
  File "/home/bingxing2/home/scx6115/Ocean_AI_model/inference/inference_025.py", line 536, in <module>
    logging.info('seq_real:', seq_real.shape)
Message: 'seq_real:'
Arguments: ((6, 30, 61, 720, 1440),)
2023-06-29 16:03:25,517 - root - INFO - Saving files at /home/bingxing2/home/scx6115/Ocean_AI_model/./exp_15_levels/afno/20230628-131420/autoregressive_predictions.h5
pred: torch.Size([1, 61, 720, 1440]) tar: torch.Size([1, 61, 720, 1440])
pred: torch.Size([1, 61, 720, 1440]) tar: torch.Size([1, 61, 720, 1440])
pred: torch.Size([1, 61, 720, 1440]) tar: torch.Size([1, 61, 720, 1440])
pred: torch.Size([1, 61, 720, 1440]) tar: torch.Size([1, 61, 720, 1440])
pred: torch.Size([1, 61, 720, 1440]) tar: torch.Size([1, 61, 720, 1440])
pred: torch.Size([1, 61, 720, 1440]) tar: torch.Size([1, 61, 720, 1440])
pred: torch.Size([1, 61, 720, 1440]) tar: torch.Size([1, 61, 720, 1440])
pred: torch.Size([1, 61, 720, 1440]) tar: torch.Size([1, 61, 720, 1440])
pred: torch.Size([1, 61, 720, 1440]) tar: torch.Size([1, 61, 720, 1440])
pred: torch.Size([1, 61, 720, 1440]) tar: torch.Size([1, 61, 720, 1440])
pred: torch.Size([1, 61, 720, 1440]) tar: torch.Size([1, 61, 720, 1440])
pred: torch.Size([1, 61, 720, 1440]) tar: torch.Size([1, 61, 720, 1440])
pred: torch.Size([1, 61, 720, 1440]) tar: torch.Size([1, 61, 720, 1440])
pred: torch.Size([1, 61, 720, 1440]) tar: torch.Size([1, 61, 720, 1440])
pred: torch.Size([1, 61, 720, 1440]) tar: torch.Size([1, 61, 720, 1440])
pred: torch.Size([1, 61, 720, 1440]) tar: torch.Size([1, 61, 720, 1440])
pred: torch.Size([1, 61, 720, 1440]) tar: torch.Size([1, 61, 720, 1440])
pred: torch.Size([1, 61, 720, 1440]) tar: torch.Size([1, 61, 720, 1440])
pred: torch.Size([1, 61, 720, 1440]) tar: torch.Size([1, 61, 720, 1440])
pred: torch.Size([1, 61, 720, 1440]) tar: torch.Size([1, 61, 720, 1440])
pred: torch.Size([1, 61, 720, 1440]) tar: torch.Size([1, 61, 720, 1440])
pred: torch.Size([1, 61, 720, 1440]) tar: torch.Size([1, 61, 720, 1440])
pred: torch.Size([1, 61, 720, 1440]) tar: torch.Size([1, 61, 720, 1440])
pred: torch.Size([1, 61, 720, 1440]) tar: torch.Size([1, 61, 720, 1440])
pred: torch.Size([1, 61, 720, 1440]) tar: torch.Size([1, 61, 720, 1440])
pred: torch.Size([1, 61, 720, 1440]) tar: torch.Size([1, 61, 720, 1440])
pred: torch.Size([1, 61, 720, 1440]) tar: torch.Size([1, 61, 720, 1440])
pred: torch.Size([1, 61, 720, 1440]) tar: torch.Size([1, 61, 720, 1440])
pred: torch.Size([1, 61, 720, 1440]) tar: torch.Size([1, 61, 720, 1440])
pred: torch.Size([1, 61, 720, 1440]) tar: torch.Size([1, 61, 720, 1440])
pred: torch.Size([1, 61, 720, 1440]) tar: torch.Size([1, 61, 720, 1440])
pred: torch.Size([1, 61, 720, 1440]) tar: torch.Size([1, 61, 720, 1440])
pred: torch.Size([1, 61, 720, 1440]) tar: torch.Size([1, 61, 720, 1440])
pred: torch.Size([1, 61, 720, 1440]) tar: torch.Size([1, 61, 720, 1440])
pred: torch.Size([1, 61, 720, 1440]) tar: torch.Size([1, 61, 720, 1440])
pred: torch.Size([1, 61, 720, 1440]) tar: torch.Size([1, 61, 720, 1440])
pred: torch.Size([1, 61, 720, 1440]) tar: torch.Size([1, 61, 720, 1440])
pred: torch.Size([1, 61, 720, 1440]) tar: torch.Size([1, 61, 720, 1440])
pred: torch.Size([1, 61, 720, 1440]) tar: torch.Size([1, 61, 720, 1440])
pred: torch.Size([1, 61, 720, 1440]) tar: torch.Size([1, 61, 720, 1440])
pred: torch.Size([1, 61, 720, 1440]) tar: torch.Size([1, 61, 720, 1440])
pred: torch.Size([1, 61, 720, 1440]) tar: torch.Size([1, 61, 720, 1440])
pred: torch.Size([1, 61, 720, 1440]) tar: torch.Size([1, 61, 720, 1440])
pred: torch.Size([1, 61, 720, 1440]) tar: torch.Size([1, 61, 720, 1440])
pred: torch.Size([1, 61, 720, 1440]) tar: torch.Size([1, 61, 720, 1440])
pred: torch.Size([1, 61, 720, 1440]) tar: torch.Size([1, 61, 720, 1440])
pred: torch.Size([1, 61, 720, 1440]) tar: torch.Size([1, 61, 720, 1440])
pred: torch.Size([1, 61, 720, 1440]) tar: torch.Size([1, 61, 720, 1440])
pred: torch.Size([1, 61, 720, 1440]) tar: torch.Size([1, 61, 720, 1440])
pred: torch.Size([1, 61, 720, 1440]) tar: torch.Size([1, 61, 720, 1440])
pred: torch.Size([1, 61, 720, 1440]) tar: torch.Size([1, 61, 720, 1440])
pred: torch.Size([1, 61, 720, 1440]) tar: torch.Size([1, 61, 720, 1440])
pred: torch.Size([1, 61, 720, 1440]) tar: torch.Size([1, 61, 720, 1440])
pred: torch.Size([1, 61, 720, 1440]) tar: torch.Size([1, 61, 720, 1440])
pred: torch.Size([1, 61, 720, 1440]) tar: torch.Size([1, 61, 720, 1440])
pred: torch.Size([1, 61, 720, 1440]) tar: torch.Size([1, 61, 720, 1440])
pred: torch.Size([1, 61, 720, 1440]) tar: torch.Size([1, 61, 720, 1440])
pred: torch.Size([1, 61, 720, 1440]) tar: torch.Size([1, 61, 720, 1440])
pred: torch.Size([1, 61, 720, 1440]) tar: torch.Size([1, 61, 720, 1440])
pred: torch.Size([1, 61, 720, 1440]) tar: torch.Size([1, 61, 720, 1440])
pred: torch.Size([1, 61, 720, 1440]) tar: torch.Size([1, 61, 720, 1440])
pred: torch.Size([1, 61, 720, 1440]) tar: torch.Size([1, 61, 720, 1440])
pred: torch.Size([1, 61, 720, 1440]) tar: torch.Size([1, 61, 720, 1440])
pred: torch.Size([1, 61, 720, 1440]) tar: torch.Size([1, 61, 720, 1440])
pred: torch.Size([1, 61, 720, 1440]) tar: torch.Size([1, 61, 720, 1440])
pred: torch.Size([1, 61, 720, 1440]) tar: torch.Size([1, 61, 720, 1440])
pred: torch.Size([1, 61, 720, 1440]) tar: torch.Size([1, 61, 720, 1440])
pred: torch.Size([1, 61, 720, 1440]) tar: torch.Size([1, 61, 720, 1440])
pred: torch.Size([1, 61, 720, 1440]) tar: torch.Size([1, 61, 720, 1440])
pred: torch.Size([1, 61, 720, 1440]) tar: torch.Size([1, 61, 720, 1440])
pred: torch.Size([1, 61, 720, 1440]) tar: torch.Size([1, 61, 720, 1440])
pred: torch.Size([1, 61, 720, 1440]) tar: torch.Size([1, 61, 720, 1440])
pred: torch.Size([1, 61, 720, 1440]) tar: torch.Size([1, 61, 720, 1440])
pred: torch.Size([1, 61, 720, 1440]) tar: torch.Size([1, 61, 720, 1440])
pred: torch.Size([1, 61, 720, 1440]) tar: torch.Size([1, 61, 720, 1440])
pred: torch.Size([1, 61, 720, 1440]) tar: torch.Size([1, 61, 720, 1440])
pred: torch.Size([1, 61, 720, 1440]) tar: torch.Size([1, 61, 720, 1440])
pred: torch.Size([1, 61, 720, 1440]) tar: torch.Size([1, 61, 720, 1440])
pred: torch.Size([1, 61, 720, 1440]) tar: torch.Size([1, 61, 720, 1440])
pred: torch.Size([1, 61, 720, 1440]) tar: torch.Size([1, 61, 720, 1440])
pred: torch.Size([1, 61, 720, 1440]) tar: torch.Size([1, 61, 720, 1440])
pred: torch.Size([1, 61, 720, 1440]) tar: torch.Size([1, 61, 720, 1440])
pred: torch.Size([1, 61, 720, 1440]) tar: torch.Size([1, 61, 720, 1440])
pred: torch.Size([1, 61, 720, 1440]) tar: torch.Size([1, 61, 720, 1440])
pred: torch.Size([1, 61, 720, 1440]) tar: torch.Size([1, 61, 720, 1440])
pred: torch.Size([1, 61, 720, 1440]) tar: torch.Size([1, 61, 720, 1440])
pred: torch.Size([1, 61, 720, 1440]) tar: torch.Size([1, 61, 720, 1440])
pred: torch.Size([1, 61, 720, 1440]) tar: torch.Size([1, 61, 720, 1440])
pred: torch.Size([1, 61, 720, 1440]) tar: torch.Size([1, 61, 720, 1440])
pred: torch.Size([1, 61, 720, 1440]) tar: torch.Size([1, 61, 720, 1440])
pred: torch.Size([1, 61, 720, 1440]) tar: torch.Size([1, 61, 720, 1440])
pred: torch.Size([1, 61, 720, 1440]) tar: torch.Size([1, 61, 720, 1440])
pred: torch.Size([1, 61, 720, 1440]) tar: torch.Size([1, 61, 720, 1440])
pred: torch.Size([1, 61, 720, 1440]) tar: torch.Size([1, 61, 720, 1440])
pred: torch.Size([1, 61, 720, 1440]) tar: torch.Size([1, 61, 720, 1440])
pred: torch.Size([1, 61, 720, 1440]) tar: torch.Size([1, 61, 720, 1440])
pred: torch.Size([1, 61, 720, 1440]) tar: torch.Size([1, 61, 720, 1440])
pred: torch.Size([1, 61, 720, 1440]) tar: torch.Size([1, 61, 720, 1440])
pred: torch.Size([1, 61, 720, 1440]) tar: torch.Size([1, 61, 720, 1440])
pred: torch.Size([1, 61, 720, 1440]) tar: torch.Size([1, 61, 720, 1440])
pred: torch.Size([1, 61, 720, 1440]) tar: torch.Size([1, 61, 720, 1440])
pred: torch.Size([1, 61, 720, 1440]) tar: torch.Size([1, 61, 720, 1440])
pred: torch.Size([1, 61, 720, 1440]) tar: torch.Size([1, 61, 720, 1440])
pred: torch.Size([1, 61, 720, 1440]) tar: torch.Size([1, 61, 720, 1440])
pred: torch.Size([1, 61, 720, 1440]) tar: torch.Size([1, 61, 720, 1440])
pred: torch.Size([1, 61, 720, 1440]) tar: torch.Size([1, 61, 720, 1440])
pred: torch.Size([1, 61, 720, 1440]) tar: torch.Size([1, 61, 720, 1440])
pred: torch.Size([1, 61, 720, 1440]) tar: torch.Size([1, 61, 720, 1440])
pred: torch.Size([1, 61, 720, 1440]) tar: torch.Size([1, 61, 720, 1440])
pred: torch.Size([1, 61, 720, 1440]) tar: torch.Size([1, 61, 720, 1440])
pred: torch.Size([1, 61, 720, 1440]) tar: torch.Size([1, 61, 720, 1440])
pred: torch.Size([1, 61, 720, 1440]) tar: torch.Size([1, 61, 720, 1440])
pred: torch.Size([1, 61, 720, 1440]) tar: torch.Size([1, 61, 720, 1440])
pred: torch.Size([1, 61, 720, 1440]) tar: torch.Size([1, 61, 720, 1440])
pred: torch.Size([1, 61, 720, 1440]) tar: torch.Size([1, 61, 720, 1440])
pred: torch.Size([1, 61, 720, 1440]) tar: torch.Size([1, 61, 720, 1440])
pred: torch.Size([1, 61, 720, 1440]) tar: torch.Size([1, 61, 720, 1440])
pred: torch.Size([1, 61, 720, 1440]) tar: torch.Size([1, 61, 720, 1440])
pred: torch.Size([1, 61, 720, 1440]) tar: torch.Size([1, 61, 720, 1440])
pred: torch.Size([1, 61, 720, 1440]) tar: torch.Size([1, 61, 720, 1440])
pred: torch.Size([1, 61, 720, 1440]) tar: torch.Size([1, 61, 720, 1440])
pred: torch.Size([1, 61, 720, 1440]) tar: torch.Size([1, 61, 720, 1440])
pred: torch.Size([1, 61, 720, 1440]) tar: torch.Size([1, 61, 720, 1440])
pred: torch.Size([1, 61, 720, 1440]) tar: torch.Size([1, 61, 720, 1440])
pred: torch.Size([1, 61, 720, 1440]) tar: torch.Size([1, 61, 720, 1440])
pred: torch.Size([1, 61, 720, 1440]) tar: torch.Size([1, 61, 720, 1440])
pred: torch.Size([1, 61, 720, 1440]) tar: torch.Size([1, 61, 720, 1440])
pred: torch.Size([1, 61, 720, 1440]) tar: torch.Size([1, 61, 720, 1440])
pred: torch.Size([1, 61, 720, 1440]) tar: torch.Size([1, 61, 720, 1440])
pred: torch.Size([1, 61, 720, 1440]) tar: torch.Size([1, 61, 720, 1440])
pred: torch.Size([1, 61, 720, 1440]) tar: torch.Size([1, 61, 720, 1440])
pred: torch.Size([1, 61, 720, 1440]) tar: torch.Size([1, 61, 720, 1440])
pred: torch.Size([1, 61, 720, 1440]) tar: torch.Size([1, 61, 720, 1440])
pred: torch.Size([1, 61, 720, 1440]) tar: torch.Size([1, 61, 720, 1440])
pred: torch.Size([1, 61, 720, 1440]) tar: torch.Size([1, 61, 720, 1440])
pred: torch.Size([1, 61, 720, 1440]) tar: torch.Size([1, 61, 720, 1440])
pred: torch.Size([1, 61, 720, 1440]) tar: torch.Size([1, 61, 720, 1440])
pred: torch.Size([1, 61, 720, 1440]) tar: torch.Size([1, 61, 720, 1440])
pred: torch.Size([1, 61, 720, 1440]) tar: torch.Size([1, 61, 720, 1440])
pred: torch.Size([1, 61, 720, 1440]) tar: torch.Size([1, 61, 720, 1440])
pred: torch.Size([1, 61, 720, 1440]) tar: torch.Size([1, 61, 720, 1440])
pred: torch.Size([1, 61, 720, 1440]) tar: torch.Size([1, 61, 720, 1440])
pred: torch.Size([1, 61, 720, 1440]) tar: torch.Size([1, 61, 720, 1440])
pred: torch.Size([1, 61, 720, 1440]) tar: torch.Size([1, 61, 720, 1440])
pred: torch.Size([1, 61, 720, 1440]) tar: torch.Size([1, 61, 720, 1440])
pred: torch.Size([1, 61, 720, 1440]) tar: torch.Size([1, 61, 720, 1440])
pred: torch.Size([1, 61, 720, 1440]) tar: torch.Size([1, 61, 720, 1440])
pred: torch.Size([1, 61, 720, 1440]) tar: torch.Size([1, 61, 720, 1440])
pred: torch.Size([1, 61, 720, 1440]) tar: torch.Size([1, 61, 720, 1440])
pred: torch.Size([1, 61, 720, 1440]) tar: torch.Size([1, 61, 720, 1440])
pred: torch.Size([1, 61, 720, 1440]) tar: torch.Size([1, 61, 720, 1440])
pred: torch.Size([1, 61, 720, 1440]) tar: torch.Size([1, 61, 720, 1440])
pred: torch.Size([1, 61, 720, 1440]) tar: torch.Size([1, 61, 720, 1440])
pred: torch.Size([1, 61, 720, 1440]) tar: torch.Size([1, 61, 720, 1440])
pred: torch.Size([1, 61, 720, 1440]) tar: torch.Size([1, 61, 720, 1440])
pred: torch.Size([1, 61, 720, 1440]) tar: torch.Size([1, 61, 720, 1440])
pred: torch.Size([1, 61, 720, 1440]) tar: torch.Size([1, 61, 720, 1440])
pred: torch.Size([1, 61, 720, 1440]) tar: torch.Size([1, 61, 720, 1440])
pred: torch.Size([1, 61, 720, 1440]) tar: torch.Size([1, 61, 720, 1440])
pred: torch.Size([1, 61, 720, 1440]) tar: torch.Size([1, 61, 720, 1440])
pred: torch.Size([1, 61, 720, 1440]) tar: torch.Size([1, 61, 720, 1440])
pred: torch.Size([1, 61, 720, 1440]) tar: torch.Size([1, 61, 720, 1440])
pred: torch.Size([1, 61, 720, 1440]) tar: torch.Size([1, 61, 720, 1440])
pred: torch.Size([1, 61, 720, 1440]) tar: torch.Size([1, 61, 720, 1440])
pred: torch.Size([1, 61, 720, 1440]) tar: torch.Size([1, 61, 720, 1440])
pred: torch.Size([1, 61, 720, 1440]) tar: torch.Size([1, 61, 720, 1440])
pred: torch.Size([1, 61, 720, 1440]) tar: torch.Size([1, 61, 720, 1440])
pred: torch.Size([1, 61, 720, 1440]) tar: torch.Size([1, 61, 720, 1440])
pred: torch.Size([1, 61, 720, 1440]) tar: torch.Size([1, 61, 720, 1440])
pred: torch.Size([1, 61, 720, 1440]) tar: torch.Size([1, 61, 720, 1440])
pred: torch.Size([1, 61, 720, 1440]) tar: torch.Size([1, 61, 720, 1440])
pred: torch.Size([1, 61, 720, 1440]) tar: torch.Size([1, 61, 720, 1440])
pred: torch.Size([1, 61, 720, 1440]) tar: torch.Size([1, 61, 720, 1440])
pred: torch.Size([1, 61, 720, 1440]) tar: torch.Size([1, 61, 720, 1440])
pred: torch.Size([1, 61, 720, 1440]) tar: torch.Size([1, 61, 720, 1440])
pred: torch.Size([1, 61, 720, 1440]) tar: torch.Size([1, 61, 720, 1440])
pred: torch.Size([1, 61, 720, 1440]) tar: torch.Size([1, 61, 720, 1440])
pred: torch.Size([1, 61, 720, 1440]) tar: torch.Size([1, 61, 720, 1440])
pred: torch.Size([1, 61, 720, 1440]) tar: torch.Size([1, 61, 720, 1440])
pred: torch.Size([1, 61, 720, 1440]) tar: torch.Size([1, 61, 720, 1440])
