cuda-11.7 loaded successful
gcc-12.2.0 loaded successful
2023-06-29 22:36:21,622 - root - INFO - expDir: /home/bingxing2/home/scx6115/Ocean_AI_model/./exp_15_levels/Masked_AE_Ocean/20230628-131150
2023-06-29 22:36:21,627 - root - INFO - ------------------ Configuration ------------------
2023-06-29 22:36:21,628 - root - INFO - Configuration file: /home/bingxing2/home/scx6115/Ocean_AI_model/config/Model_2.yaml
2023-06-29 22:36:21,628 - root - INFO - Configuration name: Masked_AE_Ocean
2023-06-29 22:36:21,628 - root - INFO - nettype Masked_AE_Ocean
2023-06-29 22:36:21,629 - root - INFO - log_to_wandb True
2023-06-29 22:36:21,629 - root - INFO - lr 0.001
2023-06-29 22:36:21,629 - root - INFO - batch_size 32
2023-06-29 22:36:21,629 - root - INFO - max_epochs 150
2023-06-29 22:36:21,629 - root - INFO - scheduler CosineAnnealingLR
2023-06-29 22:36:21,629 - root - INFO - fusion_3d_2d False
2023-06-29 22:36:21,629 - root - INFO - in_channels [0, 1, 2, 3, 4, 5, 6, 7, 8, 9, 10, 11, 12, 13, 14, 15, 16, 17, 18, 19, 20, 21, 22, 23, 24, 25, 26, 27, 28, 29, 30, 31, 32, 33, 34, 35, 36, 37, 38, 39, 40, 41, 42, 43, 44, 45, 46, 47, 48, 49, 50, 51, 52, 53, 54, 55, 56, 57, 58, 59, 60, 61, 62, 63, 64, 65]
2023-06-29 22:36:21,629 - root - INFO - out_channels [0, 1, 2, 3, 4, 5, 6, 7, 8, 9, 10, 11, 12, 13, 14, 15, 16, 17, 18, 19, 20, 21, 22, 23, 24, 25, 26, 27, 28, 29, 30, 31, 32, 33, 34, 35, 36, 37, 38, 39, 40, 41, 42, 43, 44, 45, 46, 47, 48, 49, 50, 51, 52, 53, 54, 55, 56, 57, 58, 59, 60]
2023-06-29 22:36:21,629 - root - INFO - N_in_channels 66
2023-06-29 22:36:21,629 - root - INFO - N_out_channels 61
2023-06-29 22:36:21,629 - root - INFO - img_size_h 720
2023-06-29 22:36:21,629 - root - INFO - img_size_w 1440
2023-06-29 22:36:21,629 - root - INFO - patch_size_h 8
2023-06-29 22:36:21,630 - root - INFO - patch_size_w 8
2023-06-29 22:36:21,630 - root - INFO - mlp_ratio 4.0
2023-06-29 22:36:21,630 - root - INFO - embed_dim 512
2023-06-29 22:36:21,630 - root - INFO - depth 16
2023-06-29 22:36:21,630 - root - INFO - num_heads 16
2023-06-29 22:36:21,630 - root - INFO - decoder_embed_dim 1024
2023-06-29 22:36:21,630 - root - INFO - decoder_depth 8
2023-06-29 22:36:21,630 - root - INFO - decoder_num_heads 16
2023-06-29 22:36:21,630 - root - INFO - koopman_depth 2
2023-06-29 22:36:21,630 - root - INFO - modes_h_ratio 1
2023-06-29 22:36:21,630 - root - INFO - modes_w_ratio 0.8
2023-06-29 22:36:21,630 - root - INFO - drop_rate 0.0
2023-06-29 22:36:21,630 - root - INFO - drop_path_rate 0.0
2023-06-29 22:36:21,631 - root - INFO - sparsity_threshold 0.01
2023-06-29 22:36:21,631 - root - INFO - hard_thresholding_fraction 1.0
2023-06-29 22:36:21,631 - root - INFO - num_blocks 8
2023-06-29 22:36:21,631 - root - INFO - loss l2
2023-06-29 22:36:21,631 - root - INFO - num_data_workers 0
2023-06-29 22:36:21,631 - root - INFO - dt 1
2023-06-29 22:36:21,631 - root - INFO - n_history 0
2023-06-29 22:36:21,631 - root - INFO - prediction_type iterative
2023-06-29 22:36:21,631 - root - INFO - prediction_length 30
2023-06-29 22:36:21,631 - root - INFO - n_initial_conditions 5
2023-06-29 22:36:21,631 - root - INFO - ics_type default
2023-06-29 22:36:21,631 - root - INFO - date_strings ['2018-09-14 00:00:00']
2023-06-29 22:36:21,631 - root - INFO - save_raw_forecasts True
2023-06-29 22:36:21,631 - root - INFO - save_channel False
2023-06-29 22:36:21,632 - root - INFO - masked_acc False
2023-06-29 22:36:21,632 - root - INFO - maskpath None
2023-06-29 22:36:21,632 - root - INFO - perturb False
2023-06-29 22:36:21,632 - root - INFO - add_grid False
2023-06-29 22:36:21,632 - root - INFO - N_grid_channels 0
2023-06-29 22:36:21,632 - root - INFO - gridtype sinusoidal
2023-06-29 22:36:21,632 - root - INFO - roll False
2023-06-29 22:36:21,632 - root - INFO - enable_nhwc False
2023-06-29 22:36:21,632 - root - INFO - optimizer_type FusedAdam
2023-06-29 22:36:21,632 - root - INFO - exp_dir ./exp_15_levels
2023-06-29 22:36:21,632 - root - INFO - patch_size 8
2023-06-29 22:36:21,632 - root - INFO - width 56
2023-06-29 22:36:21,633 - root - INFO - modes 32
2023-06-29 22:36:21,633 - root - INFO - target default
2023-06-29 22:36:21,633 - root - INFO - train_data_path /home/bingxing2/home/scx6115/Ocean_AI_model/sample_01/train
2023-06-29 22:36:21,633 - root - INFO - valid_data_path /home/bingxing2/home/scx6115/Ocean_AI_model/sample_01/valid
2023-06-29 22:36:21,633 - root - INFO - test_data_path /home/bingxing2/home/scx6115/Ocean_AI_model/sample_01/test
2023-06-29 22:36:21,633 - root - INFO - land_mask True
2023-06-29 22:36:21,633 - root - INFO - land_mask_path /home/bingxing2/home/scx6115/Ocean_AI_model/sample_01/land_mask.h5
2023-06-29 22:36:21,633 - root - INFO - normalize True
2023-06-29 22:36:21,633 - root - INFO - normalization zscore
2023-06-29 22:36:21,633 - root - INFO - global_mins_path /home/bingxing2/home/scx6115/Ocean_AI_model/sample_01/train/global_mins.npy
2023-06-29 22:36:21,633 - root - INFO - global_maxs_path /home/bingxing2/home/scx6115/Ocean_AI_model/sample_01/train/global_maxs.npy
2023-06-29 22:36:21,633 - root - INFO - global_means_path /home/bingxing2/home/scx6115/Ocean_AI_model/sample_01/train/global_means.npy
2023-06-29 22:36:21,633 - root - INFO - global_stds_path /home/bingxing2/home/scx6115/Ocean_AI_model/sample_01/train/global_stds.npy
2023-06-29 22:36:21,633 - root - INFO - orography True
2023-06-29 22:36:21,634 - root - INFO - orography_norm_zscore_path /home/bingxing2/home/scx6115/Ocean_AI_model/sample_01/orography_norm_zscore.h5
2023-06-29 22:36:21,634 - root - INFO - orography_norm_maxmin_path /home/bingxing2/home/scx6115/Ocean_AI_model/sample_01/orography_norm_maxmin.h5
2023-06-29 22:36:21,634 - root - INFO - add_noise False
2023-06-29 22:36:21,634 - root - INFO - noise_std 0
2023-06-29 22:36:21,634 - root - INFO - crop_size_x None
2023-06-29 22:36:21,634 - root - INFO - crop_size_y None
2023-06-29 22:36:21,634 - root - INFO - log_to_screen True
2023-06-29 22:36:21,634 - root - INFO - save_checkpoint True
2023-06-29 22:36:21,634 - root - INFO - plot_animations False
2023-06-29 22:36:21,634 - root - INFO - resuming False
2023-06-29 22:36:21,634 - root - INFO - interp 0
2023-06-29 22:36:21,634 - root - INFO - world_size 1
2023-06-29 22:36:21,634 - root - INFO - local_rank 0
2023-06-29 22:36:21,634 - root - INFO - global_batch_size 32
2023-06-29 22:36:21,635 - root - INFO - decorrelation_time 50
2023-06-29 22:36:21,635 - root - INFO - n_samples_per_year 300
2023-06-29 22:36:21,635 - root - INFO - experiment_dir /home/bingxing2/home/scx6115/Ocean_AI_model/./exp_15_levels/Masked_AE_Ocean/20230628-131150
2023-06-29 22:36:21,635 - root - INFO - best_checkpoint_path /home/bingxing2/home/scx6115/Ocean_AI_model/./exp_15_levels/Masked_AE_Ocean/20230628-131150/training_checkpoints/best_ckpt.tar
2023-06-29 22:36:21,635 - root - INFO - ---------------------------------------------------
2023-06-29 22:36:21,635 - root - INFO - Inference for 6 initial conditions
2023-06-29 22:36:21,676 - root - INFO - Getting file stats from /home/bingxing2/home/scx6115/Ocean_AI_model/sample_01/test/2012.h5
2023-06-29 22:36:21,678 - root - INFO - Number of samples per year: 365
2023-06-29 22:36:21,678 - root - INFO - Found data at path /home/bingxing2/home/scx6115/Ocean_AI_model/sample_01/test. Number of examples: 365. Image Shape: 720 x 1440 x 66
2023-06-29 22:36:21,678 - root - INFO - Delta t: 1 days
2023-06-29 22:36:21,678 - root - INFO - Including 0 days of past history in training at a frequency of 1 days
2023-06-29 22:36:22,850 - root - INFO - Loading trained model checkpoint from /home/bingxing2/home/scx6115/Ocean_AI_model/./exp_15_levels/Masked_AE_Ocean/20230628-131150/training_checkpoints/best_ckpt.tar
2023-06-29 22:36:27,389 - root - INFO - Loading inference data
2023-06-29 22:36:27,390 - root - INFO - Inference data from /home/bingxing2/home/scx6115/Ocean_AI_model/sample_01/test/2012.h5
2023-06-29 22:36:27,394 - root - INFO - Initial condition 1 of 6
2023-06-29 22:36:34,443 - root - INFO - valid_data_full: (366, 66, 721, 1440)
2023-06-29 22:36:34,545 - root - INFO - valid_data: (30, 66, 720, 1440)
2023-06-29 22:36:50,171 - root - INFO - orography loaded; shape:torch.Size([1, 1, 720, 1440])
2023-06-29 22:36:50,173 - root - INFO - Begin autoregressive inference
2023-06-29 22:36:53,164 - root - INFO - Predicted timestep 0 of 30. ssh RMSE: 0.0, ACC: 1.0
2023-06-29 22:36:53,978 - root - INFO - Predicted timestep 1 of 30. ssh RMSE: 0.05248452350497246, ACC: 0.9977142810821533
2023-06-29 22:36:55,111 - root - INFO - Predicted timestep 2 of 30. ssh RMSE: 0.08814381062984467, ACC: 0.9935830235481262
2023-06-29 22:36:55,893 - root - INFO - Predicted timestep 3 of 30. ssh RMSE: 0.09974848479032516, ACC: 0.9918321371078491
2023-06-29 22:36:56,718 - root - INFO - Predicted timestep 4 of 30. ssh RMSE: 0.12083028256893158, ACC: 0.9880470037460327
2023-06-29 22:36:57,500 - root - INFO - Predicted timestep 5 of 30. ssh RMSE: 0.1412566602230072, ACC: 0.9836631417274475
2023-06-29 22:36:58,276 - root - INFO - Predicted timestep 6 of 30. ssh RMSE: 0.15994112193584442, ACC: 0.9794552326202393
2023-06-29 22:36:59,091 - root - INFO - Predicted timestep 7 of 30. ssh RMSE: 0.17948275804519653, ACC: 0.974643886089325
2023-06-29 22:36:59,870 - root - INFO - Predicted timestep 8 of 30. ssh RMSE: 0.19947780668735504, ACC: 0.969281792640686
2023-06-29 22:37:00,722 - root - INFO - Predicted timestep 9 of 30. ssh RMSE: 0.22174803912639618, ACC: 0.9624305963516235
2023-06-29 22:37:01,578 - root - INFO - Predicted timestep 10 of 30. ssh RMSE: 0.2486434131860733, ACC: 0.9527851343154907
2023-06-29 22:37:02,439 - root - INFO - Predicted timestep 11 of 30. ssh RMSE: 0.2798823416233063, ACC: 0.939075231552124
2023-06-29 22:37:03,237 - root - INFO - Predicted timestep 12 of 30. ssh RMSE: 0.30210626125335693, ACC: 0.9278579354286194
2023-06-29 22:37:04,068 - root - INFO - Predicted timestep 13 of 30. ssh RMSE: 0.3159186840057373, ACC: 0.9204046130180359
2023-06-29 22:37:04,899 - root - INFO - Predicted timestep 14 of 30. ssh RMSE: 0.3373977839946747, ACC: 0.9071141481399536
2023-06-29 22:37:05,749 - root - INFO - Predicted timestep 15 of 30. ssh RMSE: 0.35567545890808105, ACC: 0.8948207497596741
2023-06-29 22:37:06,629 - root - INFO - Predicted timestep 16 of 30. ssh RMSE: 0.37101373076438904, ACC: 0.8839324712753296
2023-06-29 22:37:07,520 - root - INFO - Predicted timestep 17 of 30. ssh RMSE: 0.38161230087280273, ACC: 0.8759039640426636
2023-06-29 22:37:08,442 - root - INFO - Predicted timestep 18 of 30. ssh RMSE: 0.3905505836009979, ACC: 0.8686782121658325
2023-06-29 22:37:09,284 - root - INFO - Predicted timestep 19 of 30. ssh RMSE: 0.39654624462127686, ACC: 0.8640381097793579
2023-06-29 22:37:10,188 - root - INFO - Predicted timestep 20 of 30. ssh RMSE: 0.40415042638778687, ACC: 0.8577224016189575
2023-06-29 22:37:11,078 - root - INFO - Predicted timestep 21 of 30. ssh RMSE: 0.40942904353141785, ACC: 0.8534406423568726
2023-06-29 22:37:11,909 - root - INFO - Predicted timestep 22 of 30. ssh RMSE: 0.41485652327537537, ACC: 0.8490735292434692
2023-06-29 22:37:12,778 - root - INFO - Predicted timestep 23 of 30. ssh RMSE: 0.42179566621780396, ACC: 0.842658519744873
2023-06-29 22:37:13,650 - root - INFO - Predicted timestep 24 of 30. ssh RMSE: 0.429108589887619, ACC: 0.8362146615982056
2023-06-29 22:37:14,538 - root - INFO - Predicted timestep 25 of 30. ssh RMSE: 0.4367467761039734, ACC: 0.8290873169898987
2023-06-29 22:37:15,389 - root - INFO - Predicted timestep 26 of 30. ssh RMSE: 0.44310545921325684, ACC: 0.8231189250946045
2023-06-29 22:37:16,589 - root - INFO - Predicted timestep 27 of 30. ssh RMSE: 0.4466293454170227, ACC: 0.8197610974311829
2023-06-29 22:37:17,433 - root - INFO - Predicted timestep 28 of 30. ssh RMSE: 0.4477933645248413, ACC: 0.8187347054481506
2023-06-29 22:37:17,928 - root - INFO - Predicted timestep 29 of 30. ssh RMSE: 0.45155829191207886, ACC: 0.8146923184394836
2023-06-29 22:37:17,992 - root - INFO - Initial condition 2 of 6
2023-06-29 22:37:24,788 - root - INFO - valid_data_full: (366, 66, 721, 1440)
2023-06-29 22:37:24,888 - root - INFO - valid_data: (30, 66, 720, 1440)
2023-06-29 22:37:40,499 - root - INFO - orography loaded; shape:torch.Size([1, 1, 720, 1440])
2023-06-29 22:37:40,500 - root - INFO - Begin autoregressive inference
2023-06-29 22:37:41,570 - root - INFO - Predicted timestep 0 of 30. ssh RMSE: 0.0, ACC: 1.0
2023-06-29 22:37:42,489 - root - INFO - Predicted timestep 1 of 30. ssh RMSE: 0.05303587391972542, ACC: 0.9976508021354675
2023-06-29 22:37:43,390 - root - INFO - Predicted timestep 2 of 30. ssh RMSE: 0.08846760541200638, ACC: 0.9935420751571655
2023-06-29 22:37:44,298 - root - INFO - Predicted timestep 3 of 30. ssh RMSE: 0.10000497102737427, ACC: 0.9918397068977356
2023-06-29 22:37:45,178 - root - INFO - Predicted timestep 4 of 30. ssh RMSE: 0.11914154887199402, ACC: 0.9885151386260986
2023-06-29 22:37:46,080 - root - INFO - Predicted timestep 5 of 30. ssh RMSE: 0.13963018357753754, ACC: 0.9845519661903381
2023-06-29 22:37:46,929 - root - INFO - Predicted timestep 6 of 30. ssh RMSE: 0.1612965166568756, ACC: 0.9798406958580017
2023-06-29 22:37:47,831 - root - INFO - Predicted timestep 7 of 30. ssh RMSE: 0.1841280460357666, ACC: 0.9743268489837646
2023-06-29 22:37:48,750 - root - INFO - Predicted timestep 8 of 30. ssh RMSE: 0.21088795363903046, ACC: 0.9664958715438843
2023-06-29 22:37:49,638 - root - INFO - Predicted timestep 9 of 30. ssh RMSE: 0.23904332518577576, ACC: 0.9567742347717285
2023-06-29 22:37:50,488 - root - INFO - Predicted timestep 10 of 30. ssh RMSE: 0.2707993984222412, ACC: 0.9434155225753784
2023-06-29 22:37:51,579 - root - INFO - Predicted timestep 11 of 30. ssh RMSE: 0.29845234751701355, ACC: 0.9296325445175171
2023-06-29 22:37:52,559 - root - INFO - Predicted timestep 12 of 30. ssh RMSE: 0.31914812326431274, ACC: 0.9178091883659363
2023-06-29 22:37:53,469 - root - INFO - Predicted timestep 13 of 30. ssh RMSE: 0.3307407796382904, ACC: 0.9107868671417236
2023-06-29 22:37:54,378 - root - INFO - Predicted timestep 14 of 30. ssh RMSE: 0.34212377667427063, ACC: 0.9034051895141602
2023-06-29 22:37:55,169 - root - INFO - Predicted timestep 15 of 30. ssh RMSE: 0.355425626039505, ACC: 0.8943913578987122
2023-06-29 22:37:56,096 - root - INFO - Predicted timestep 16 of 30. ssh RMSE: 0.3663825988769531, ACC: 0.8862771987915039
2023-06-29 22:37:56,980 - root - INFO - Predicted timestep 17 of 30. ssh RMSE: 0.3769552707672119, ACC: 0.8781726360321045
2023-06-29 22:37:57,836 - root - INFO - Predicted timestep 18 of 30. ssh RMSE: 0.3850131630897522, ACC: 0.8717208504676819
2023-06-29 22:37:58,639 - root - INFO - Predicted timestep 19 of 30. ssh RMSE: 0.39186006784439087, ACC: 0.8661982417106628
2023-06-29 22:37:59,455 - root - INFO - Predicted timestep 20 of 30. ssh RMSE: 0.4004431664943695, ACC: 0.8590734004974365
2023-06-29 22:38:00,289 - root - INFO - Predicted timestep 21 of 30. ssh RMSE: 0.4088585078716278, ACC: 0.8519139885902405
2023-06-29 22:38:01,139 - root - INFO - Predicted timestep 22 of 30. ssh RMSE: 0.41810351610183716, ACC: 0.8435726165771484
2023-06-29 22:38:02,020 - root - INFO - Predicted timestep 23 of 30. ssh RMSE: 0.42567285895347595, ACC: 0.8367414474487305
2023-06-29 22:38:02,955 - root - INFO - Predicted timestep 24 of 30. ssh RMSE: 0.4334055185317993, ACC: 0.8295552730560303
2023-06-29 22:38:03,819 - root - INFO - Predicted timestep 25 of 30. ssh RMSE: 0.44138386845588684, ACC: 0.8218902945518494
2023-06-29 22:38:04,690 - root - INFO - Predicted timestep 26 of 30. ssh RMSE: 0.4471988379955292, ACC: 0.8164093494415283
2023-06-29 22:38:05,561 - root - INFO - Predicted timestep 27 of 30. ssh RMSE: 0.4534306526184082, ACC: 0.8107064366340637
2023-06-29 22:38:06,418 - root - INFO - Predicted timestep 28 of 30. ssh RMSE: 0.4601150453090668, ACC: 0.8040665984153748
2023-06-29 22:38:06,905 - root - INFO - Predicted timestep 29 of 30. ssh RMSE: 0.46683573722839355, ACC: 0.7974828481674194
2023-06-29 22:38:13,132 - root - INFO - Initial condition 3 of 6
2023-06-29 22:38:20,148 - root - INFO - valid_data_full: (366, 66, 721, 1440)
2023-06-29 22:38:20,285 - root - INFO - valid_data: (30, 66, 720, 1440)
2023-06-29 22:38:36,754 - root - INFO - orography loaded; shape:torch.Size([1, 1, 720, 1440])
2023-06-29 22:38:36,755 - root - INFO - Begin autoregressive inference
2023-06-29 22:38:37,714 - root - INFO - Predicted timestep 0 of 30. ssh RMSE: 0.0, ACC: 1.0
2023-06-29 22:38:38,555 - root - INFO - Predicted timestep 1 of 30. ssh RMSE: 0.05293150618672371, ACC: 0.997657299041748
2023-06-29 22:38:39,412 - root - INFO - Predicted timestep 2 of 30. ssh RMSE: 0.08782774209976196, ACC: 0.9936220645904541
2023-06-29 22:38:40,246 - root - INFO - Predicted timestep 3 of 30. ssh RMSE: 0.09866805374622345, ACC: 0.9920040965080261
2023-06-29 22:38:41,089 - root - INFO - Predicted timestep 4 of 30. ssh RMSE: 0.11716780066490173, ACC: 0.9888273477554321
2023-06-29 22:38:41,938 - root - INFO - Predicted timestep 5 of 30. ssh RMSE: 0.13656948506832123, ACC: 0.9847841262817383
2023-06-29 22:38:43,215 - root - INFO - Predicted timestep 6 of 30. ssh RMSE: 0.15570543706417084, ACC: 0.9802801609039307
2023-06-29 22:38:44,119 - root - INFO - Predicted timestep 7 of 30. ssh RMSE: 0.17347273230552673, ACC: 0.975753903388977
2023-06-29 22:38:44,923 - root - INFO - Predicted timestep 8 of 30. ssh RMSE: 0.19370929896831512, ACC: 0.9704962968826294
2023-06-29 22:38:45,819 - root - INFO - Predicted timestep 9 of 30. ssh RMSE: 0.21300256252288818, ACC: 0.9642980694770813
2023-06-29 22:38:46,669 - root - INFO - Predicted timestep 10 of 30. ssh RMSE: 0.23425684869289398, ACC: 0.957007884979248
2023-06-29 22:38:47,519 - root - INFO - Predicted timestep 11 of 30. ssh RMSE: 0.254982054233551, ACC: 0.9488031268119812
2023-06-29 22:38:48,456 - root - INFO - Predicted timestep 12 of 30. ssh RMSE: 0.27619898319244385, ACC: 0.9393758177757263
2023-06-29 22:38:49,306 - root - INFO - Predicted timestep 13 of 30. ssh RMSE: 0.29691243171691895, ACC: 0.9294500946998596
2023-06-29 22:38:50,162 - root - INFO - Predicted timestep 14 of 30. ssh RMSE: 0.31572699546813965, ACC: 0.9191877245903015
2023-06-29 22:38:51,071 - root - INFO - Predicted timestep 15 of 30. ssh RMSE: 0.32909834384918213, ACC: 0.9112187027931213
2023-06-29 22:38:51,919 - root - INFO - Predicted timestep 16 of 30. ssh RMSE: 0.34463411569595337, ACC: 0.901239812374115
2023-06-29 22:38:52,829 - root - INFO - Predicted timestep 17 of 30. ssh RMSE: 0.3567962944507599, ACC: 0.8930335640907288
2023-06-29 22:38:53,684 - root - INFO - Predicted timestep 18 of 30. ssh RMSE: 0.3702525198459625, ACC: 0.8836336731910706
2023-06-29 22:38:54,538 - root - INFO - Predicted timestep 19 of 30. ssh RMSE: 0.37959375977516174, ACC: 0.8765865564346313
2023-06-29 22:38:55,358 - root - INFO - Predicted timestep 20 of 30. ssh RMSE: 0.3912825882434845, ACC: 0.8676080107688904
2023-06-29 22:38:56,179 - root - INFO - Predicted timestep 21 of 30. ssh RMSE: 0.40262043476104736, ACC: 0.8585020899772644
2023-06-29 22:38:57,028 - root - INFO - Predicted timestep 22 of 30. ssh RMSE: 0.41470834612846375, ACC: 0.8482176065444946
2023-06-29 22:38:57,909 - root - INFO - Predicted timestep 23 of 30. ssh RMSE: 0.42625242471694946, ACC: 0.8383574485778809
2023-06-29 22:38:58,799 - root - INFO - Predicted timestep 24 of 30. ssh RMSE: 0.4356062114238739, ACC: 0.829788863658905
2023-06-29 22:38:59,709 - root - INFO - Predicted timestep 25 of 30. ssh RMSE: 0.4440549314022064, ACC: 0.8221157789230347
2023-06-29 22:39:00,639 - root - INFO - Predicted timestep 26 of 30. ssh RMSE: 0.4517478942871094, ACC: 0.8146089315414429
2023-06-29 22:39:01,572 - root - INFO - Predicted timestep 27 of 30. ssh RMSE: 0.45959797501564026, ACC: 0.8068090081214905
2023-06-29 22:39:02,499 - root - INFO - Predicted timestep 28 of 30. ssh RMSE: 0.4663986265659332, ACC: 0.8000807166099548
2023-06-29 22:39:03,129 - root - INFO - Predicted timestep 29 of 30. ssh RMSE: 0.47311127185821533, ACC: 0.7933170199394226
2023-06-29 22:39:10,664 - root - INFO - Initial condition 4 of 6
2023-06-29 22:39:18,081 - root - INFO - valid_data_full: (366, 66, 721, 1440)
2023-06-29 22:39:18,224 - root - INFO - valid_data: (30, 66, 720, 1440)
2023-06-29 22:39:34,798 - root - INFO - orography loaded; shape:torch.Size([1, 1, 720, 1440])
2023-06-29 22:39:34,798 - root - INFO - Begin autoregressive inference
2023-06-29 22:39:35,862 - root - INFO - Predicted timestep 0 of 30. ssh RMSE: 0.0, ACC: 1.0
2023-06-29 22:39:36,774 - root - INFO - Predicted timestep 1 of 30. ssh RMSE: 0.05167364329099655, ACC: 0.9978063106536865
2023-06-29 22:39:37,748 - root - INFO - Predicted timestep 2 of 30. ssh RMSE: 0.08572334796190262, ACC: 0.9940271973609924
2023-06-29 22:39:38,684 - root - INFO - Predicted timestep 3 of 30. ssh RMSE: 0.09597858786582947, ACC: 0.9926102161407471
2023-06-29 22:39:39,568 - root - INFO - Predicted timestep 4 of 30. ssh RMSE: 0.11369830369949341, ACC: 0.9896194934844971
2023-06-29 22:39:40,428 - root - INFO - Predicted timestep 5 of 30. ssh RMSE: 0.13226962089538574, ACC: 0.9859784841537476
2023-06-29 22:39:41,318 - root - INFO - Predicted timestep 6 of 30. ssh RMSE: 0.15078049898147583, ACC: 0.9818341135978699
2023-06-29 22:39:42,198 - root - INFO - Predicted timestep 7 of 30. ssh RMSE: 0.16874095797538757, ACC: 0.9774694442749023
2023-06-29 22:39:43,028 - root - INFO - Predicted timestep 8 of 30. ssh RMSE: 0.18610236048698425, ACC: 0.9727631211280823
2023-06-29 22:39:43,928 - root - INFO - Predicted timestep 9 of 30. ssh RMSE: 0.20343488454818726, ACC: 0.9673885107040405
2023-06-29 22:39:44,808 - root - INFO - Predicted timestep 10 of 30. ssh RMSE: 0.2201288640499115, ACC: 0.9619736075401306
2023-06-29 22:39:45,708 - root - INFO - Predicted timestep 11 of 30. ssh RMSE: 0.23780588805675507, ACC: 0.9559502601623535
2023-06-29 22:39:46,598 - root - INFO - Predicted timestep 12 of 30. ssh RMSE: 0.2521255314350128, ACC: 0.9506934881210327
2023-06-29 22:39:47,469 - root - INFO - Predicted timestep 13 of 30. ssh RMSE: 0.264959454536438, ACC: 0.9453639984130859
2023-06-29 22:39:48,347 - root - INFO - Predicted timestep 14 of 30. ssh RMSE: 0.27691784501075745, ACC: 0.9399710297584534
2023-06-29 22:39:49,213 - root - INFO - Predicted timestep 15 of 30. ssh RMSE: 0.2892412841320038, ACC: 0.934118926525116
2023-06-29 22:39:50,145 - root - INFO - Predicted timestep 16 of 30. ssh RMSE: 0.30162909626960754, ACC: 0.9280894994735718
2023-06-29 22:39:51,048 - root - INFO - Predicted timestep 17 of 30. ssh RMSE: 0.3171026408672333, ACC: 0.9200003147125244
2023-06-29 22:39:51,839 - root - INFO - Predicted timestep 18 of 30. ssh RMSE: 0.3325127065181732, ACC: 0.9113666415214539
2023-06-29 22:39:52,694 - root - INFO - Predicted timestep 19 of 30. ssh RMSE: 0.34506621956825256, ACC: 0.9035283923149109
2023-06-29 22:39:54,188 - root - INFO - Predicted timestep 20 of 30. ssh RMSE: 0.36023181676864624, ACC: 0.8936862945556641
2023-06-29 22:39:55,077 - root - INFO - Predicted timestep 21 of 30. ssh RMSE: 0.3715898394584656, ACC: 0.885949969291687
2023-06-29 22:39:55,959 - root - INFO - Predicted timestep 22 of 30. ssh RMSE: 0.3818587362766266, ACC: 0.8786022067070007
2023-06-29 22:39:56,792 - root - INFO - Predicted timestep 23 of 30. ssh RMSE: 0.39230769872665405, ACC: 0.8709574937820435
2023-06-29 22:39:57,629 - root - INFO - Predicted timestep 24 of 30. ssh RMSE: 0.40168315172195435, ACC: 0.8636091351509094
2023-06-29 22:39:58,486 - root - INFO - Predicted timestep 25 of 30. ssh RMSE: 0.4103164076805115, ACC: 0.8561440110206604
2023-06-29 22:39:59,329 - root - INFO - Predicted timestep 26 of 30. ssh RMSE: 0.4182015657424927, ACC: 0.8497467041015625
2023-06-29 22:40:00,319 - root - INFO - Predicted timestep 27 of 30. ssh RMSE: 0.4272150993347168, ACC: 0.8417946100234985
2023-06-29 22:40:01,168 - root - INFO - Predicted timestep 28 of 30. ssh RMSE: 0.4372844994068146, ACC: 0.8325512409210205
2023-06-29 22:40:01,686 - root - INFO - Predicted timestep 29 of 30. ssh RMSE: 0.4466477334499359, ACC: 0.8235388398170471
2023-06-29 22:40:13,351 - root - INFO - Initial condition 5 of 6
2023-06-29 22:40:20,235 - root - INFO - valid_data_full: (366, 66, 721, 1440)
2023-06-29 22:40:20,367 - root - INFO - valid_data: (30, 66, 720, 1440)
2023-06-29 22:40:36,842 - root - INFO - orography loaded; shape:torch.Size([1, 1, 720, 1440])
2023-06-29 22:40:36,842 - root - INFO - Begin autoregressive inference
2023-06-29 22:40:38,023 - root - INFO - Predicted timestep 0 of 30. ssh RMSE: 0.0, ACC: 1.0
2023-06-29 22:40:38,898 - root - INFO - Predicted timestep 1 of 30. ssh RMSE: 0.051635514944791794, ACC: 0.9978352189064026
2023-06-29 22:40:39,788 - root - INFO - Predicted timestep 2 of 30. ssh RMSE: 0.0847751572728157, ACC: 0.9942128658294678
2023-06-29 22:40:40,636 - root - INFO - Predicted timestep 3 of 30. ssh RMSE: 0.09412384778261185, ACC: 0.9929676651954651
2023-06-29 22:40:41,485 - root - INFO - Predicted timestep 4 of 30. ssh RMSE: 0.11215850710868835, ACC: 0.9900366067886353
2023-06-29 22:40:42,299 - root - INFO - Predicted timestep 5 of 30. ssh RMSE: 0.13089965283870697, ACC: 0.9864183068275452
2023-06-29 22:40:43,159 - root - INFO - Predicted timestep 6 of 30. ssh RMSE: 0.1490144431591034, ACC: 0.9823943972587585
2023-06-29 22:40:44,029 - root - INFO - Predicted timestep 7 of 30. ssh RMSE: 0.16634710133075714, ACC: 0.977964460849762
2023-06-29 22:40:44,906 - root - INFO - Predicted timestep 8 of 30. ssh RMSE: 0.18285544216632843, ACC: 0.9732964038848877
2023-06-29 22:40:45,784 - root - INFO - Predicted timestep 9 of 30. ssh RMSE: 0.19803456962108612, ACC: 0.9686136245727539
2023-06-29 22:40:46,756 - root - INFO - Predicted timestep 10 of 30. ssh RMSE: 0.21139748394489288, ACC: 0.9642806649208069
2023-06-29 22:40:47,668 - root - INFO - Predicted timestep 11 of 30. ssh RMSE: 0.22368738055229187, ACC: 0.9601563215255737
2023-06-29 22:40:48,577 - root - INFO - Predicted timestep 12 of 30. ssh RMSE: 0.23596903681755066, ACC: 0.9557439684867859
2023-06-29 22:40:49,549 - root - INFO - Predicted timestep 13 of 30. ssh RMSE: 0.24717217683792114, ACC: 0.9513649940490723
2023-06-29 22:40:50,350 - root - INFO - Predicted timestep 14 of 30. ssh RMSE: 0.2577413320541382, ACC: 0.9473217725753784
2023-06-29 22:40:51,200 - root - INFO - Predicted timestep 15 of 30. ssh RMSE: 0.2682349681854248, ACC: 0.9426718950271606
2023-06-29 22:40:52,098 - root - INFO - Predicted timestep 16 of 30. ssh RMSE: 0.27675721049308777, ACC: 0.9386510252952576
2023-06-29 22:40:52,972 - root - INFO - Predicted timestep 17 of 30. ssh RMSE: 0.2859768569469452, ACC: 0.9344174265861511
2023-06-29 22:40:53,824 - root - INFO - Predicted timestep 18 of 30. ssh RMSE: 0.2953568398952484, ACC: 0.9302886724472046
2023-06-29 22:40:54,694 - root - INFO - Predicted timestep 19 of 30. ssh RMSE: 0.3045920133590698, ACC: 0.9251336455345154
2023-06-29 22:40:55,569 - root - INFO - Predicted timestep 20 of 30. ssh RMSE: 0.3139926791191101, ACC: 0.92041015625
2023-06-29 22:40:56,604 - root - INFO - Predicted timestep 21 of 30. ssh RMSE: 0.32501399517059326, ACC: 0.9143818020820618
2023-06-29 22:40:57,599 - root - INFO - Predicted timestep 22 of 30. ssh RMSE: 0.33411434292793274, ACC: 0.9092287421226501
2023-06-29 22:40:58,513 - root - INFO - Predicted timestep 23 of 30. ssh RMSE: 0.34279686212539673, ACC: 0.9039193987846375
2023-06-29 22:40:59,349 - root - INFO - Predicted timestep 24 of 30. ssh RMSE: 0.34959676861763, ACC: 0.8996344208717346
2023-06-29 22:41:00,275 - root - INFO - Predicted timestep 25 of 30. ssh RMSE: 0.3580476641654968, ACC: 0.8943108916282654
2023-06-29 22:41:01,159 - root - INFO - Predicted timestep 26 of 30. ssh RMSE: 0.3657515347003937, ACC: 0.889202356338501
2023-06-29 22:41:02,079 - root - INFO - Predicted timestep 27 of 30. ssh RMSE: 0.3730608820915222, ACC: 0.8844977617263794
2023-06-29 22:41:02,908 - root - INFO - Predicted timestep 28 of 30. ssh RMSE: 0.37756726145744324, ACC: 0.8816953897476196
2023-06-29 22:41:03,438 - root - INFO - Predicted timestep 29 of 30. ssh RMSE: 0.38131198287010193, ACC: 0.8790624737739563
2023-06-29 22:41:19,437 - root - INFO - Initial condition 6 of 6
2023-06-29 22:41:26,070 - root - INFO - valid_data_full: (366, 66, 721, 1440)
2023-06-29 22:41:26,178 - root - INFO - valid_data: (30, 66, 720, 1440)
2023-06-29 22:41:43,652 - root - INFO - orography loaded; shape:torch.Size([1, 1, 720, 1440])
2023-06-29 22:41:43,654 - root - INFO - Begin autoregressive inference
2023-06-29 22:41:44,808 - root - INFO - Predicted timestep 0 of 30. ssh RMSE: 0.0, ACC: 1.0
2023-06-29 22:41:45,745 - root - INFO - Predicted timestep 1 of 30. ssh RMSE: 0.054773926734924316, ACC: 0.9975487589836121
2023-06-29 22:41:47,166 - root - INFO - Predicted timestep 2 of 30. ssh RMSE: 0.08615194261074066, ACC: 0.99405837059021
2023-06-29 22:41:48,072 - root - INFO - Predicted timestep 3 of 30. ssh RMSE: 0.09678450226783752, ACC: 0.9925858974456787
2023-06-29 22:41:48,870 - root - INFO - Predicted timestep 4 of 30. ssh RMSE: 0.11575452983379364, ACC: 0.9893604516983032
2023-06-29 22:41:49,808 - root - INFO - Predicted timestep 5 of 30. ssh RMSE: 0.13541977107524872, ACC: 0.9853959679603577
2023-06-29 22:41:50,785 - root - INFO - Predicted timestep 6 of 30. ssh RMSE: 0.153446227312088, ACC: 0.981192946434021
2023-06-29 22:41:51,738 - root - INFO - Predicted timestep 7 of 30. ssh RMSE: 0.17253945767879486, ACC: 0.9761213660240173
2023-06-29 22:41:52,668 - root - INFO - Predicted timestep 8 of 30. ssh RMSE: 0.18908916413784027, ACC: 0.9712543487548828
2023-06-29 22:41:53,698 - root - INFO - Predicted timestep 9 of 30. ssh RMSE: 0.20531558990478516, ACC: 0.9661417007446289
2023-06-29 22:41:54,649 - root - INFO - Predicted timestep 10 of 30. ssh RMSE: 0.21906065940856934, ACC: 0.9613958597183228
2023-06-29 22:41:55,599 - root - INFO - Predicted timestep 11 of 30. ssh RMSE: 0.2320747971534729, ACC: 0.9566699266433716
2023-06-29 22:41:56,528 - root - INFO - Predicted timestep 12 of 30. ssh RMSE: 0.24390292167663574, ACC: 0.9520097970962524
2023-06-29 22:41:58,158 - root - INFO - Predicted timestep 13 of 30. ssh RMSE: 0.2557045519351959, ACC: 0.9472759366035461
2023-06-29 22:41:59,118 - root - INFO - Predicted timestep 14 of 30. ssh RMSE: 0.267190545797348, ACC: 0.9426650404930115
2023-06-29 22:42:00,015 - root - INFO - Predicted timestep 15 of 30. ssh RMSE: 0.27855753898620605, ACC: 0.9376311898231506
2023-06-29 22:42:00,979 - root - INFO - Predicted timestep 16 of 30. ssh RMSE: 0.2916055917739868, ACC: 0.9320003986358643
2023-06-29 22:42:01,910 - root - INFO - Predicted timestep 17 of 30. ssh RMSE: 0.3050594627857208, ACC: 0.9258061051368713
2023-06-29 22:42:02,849 - root - INFO - Predicted timestep 18 of 30. ssh RMSE: 0.31830376386642456, ACC: 0.9187301397323608
2023-06-29 22:42:03,868 - root - INFO - Predicted timestep 19 of 30. ssh RMSE: 0.32950830459594727, ACC: 0.91246497631073
2023-06-29 22:42:04,839 - root - INFO - Predicted timestep 20 of 30. ssh RMSE: 0.3428453803062439, ACC: 0.9047505855560303
2023-06-29 22:42:05,789 - root - INFO - Predicted timestep 21 of 30. ssh RMSE: 0.3542121648788452, ACC: 0.8973563313484192
2023-06-29 22:42:06,680 - root - INFO - Predicted timestep 22 of 30. ssh RMSE: 0.36544468998908997, ACC: 0.8899312019348145
2023-06-29 22:42:07,578 - root - INFO - Predicted timestep 23 of 30. ssh RMSE: 0.37534573674201965, ACC: 0.8828532695770264
2023-06-29 22:42:08,514 - root - INFO - Predicted timestep 24 of 30. ssh RMSE: 0.3852591812610626, ACC: 0.8757389187812805
2023-06-29 22:42:09,397 - root - INFO - Predicted timestep 25 of 30. ssh RMSE: 0.39221298694610596, ACC: 0.8704138398170471
2023-06-29 22:42:10,309 - root - INFO - Predicted timestep 26 of 30. ssh RMSE: 0.39727893471717834, ACC: 0.8662061095237732
2023-06-29 22:42:11,187 - root - INFO - Predicted timestep 27 of 30. ssh RMSE: 0.403793066740036, ACC: 0.8609711527824402
2023-06-29 22:42:12,149 - root - INFO - Predicted timestep 28 of 30. ssh RMSE: 0.4127265214920044, ACC: 0.8533008694648743
2023-06-29 22:42:12,819 - root - INFO - Predicted timestep 29 of 30. ssh RMSE: 0.4242057204246521, ACC: 0.8439576029777527
--- Logging error ---
Traceback (most recent call last):
  File "/home/bingxing2/home/scx6115/.conda/envs/torch2.0/lib/python3.10/logging/__init__.py", line 1100, in emit
    msg = self.format(record)
  File "/home/bingxing2/home/scx6115/.conda/envs/torch2.0/lib/python3.10/logging/__init__.py", line 943, in format
    return fmt.format(record)
  File "/home/bingxing2/home/scx6115/.conda/envs/torch2.0/lib/python3.10/logging/__init__.py", line 678, in format
    record.message = record.getMessage()
  File "/home/bingxing2/home/scx6115/.conda/envs/torch2.0/lib/python3.10/logging/__init__.py", line 368, in getMessage
    msg = msg % self.args
TypeError: not all arguments converted during string formatting
Call stack:
  File "/home/bingxing2/home/scx6115/Ocean_AI_model/inference/inference_025.py", line 536, in <module>
    img_shape_x = seq_real[0].shape[2]
Message: 'seq_real:'
Arguments: ((6, 30, 61, 720, 1440),)
--- Logging error ---
Traceback (most recent call last):
  File "/home/bingxing2/home/scx6115/.conda/envs/torch2.0/lib/python3.10/logging/__init__.py", line 1100, in emit
    msg = self.format(record)
  File "/home/bingxing2/home/scx6115/.conda/envs/torch2.0/lib/python3.10/logging/__init__.py", line 943, in format
    return fmt.format(record)
  File "/home/bingxing2/home/scx6115/.conda/envs/torch2.0/lib/python3.10/logging/__init__.py", line 678, in format
    record.message = record.getMessage()
  File "/home/bingxing2/home/scx6115/.conda/envs/torch2.0/lib/python3.10/logging/__init__.py", line 368, in getMessage
    msg = msg % self.args
TypeError: not all arguments converted during string formatting
Call stack:
  File "/home/bingxing2/home/scx6115/Ocean_AI_model/inference/inference_025.py", line 536, in <module>
    img_shape_x = seq_real[0].shape[2]
Message: 'seq_real:'
Arguments: ((6, 30, 61, 720, 1440),)
2023-06-29 22:42:31,848 - root - INFO - Saving files at /home/bingxing2/home/scx6115/Ocean_AI_model/./exp_15_levels/Masked_AE_Ocean/20230628-131150/autoregressive_predictions.h5
pred: torch.Size([1, 61, 720, 1440]) tar: torch.Size([1, 61, 720, 1440])
pred: torch.Size([1, 61, 720, 1440]) tar: torch.Size([1, 61, 720, 1440])
pred: torch.Size([1, 61, 720, 1440]) tar: torch.Size([1, 61, 720, 1440])
pred: torch.Size([1, 61, 720, 1440]) tar: torch.Size([1, 61, 720, 1440])
pred: torch.Size([1, 61, 720, 1440]) tar: torch.Size([1, 61, 720, 1440])
pred: torch.Size([1, 61, 720, 1440]) tar: torch.Size([1, 61, 720, 1440])
pred: torch.Size([1, 61, 720, 1440]) tar: torch.Size([1, 61, 720, 1440])
pred: torch.Size([1, 61, 720, 1440]) tar: torch.Size([1, 61, 720, 1440])
pred: torch.Size([1, 61, 720, 1440]) tar: torch.Size([1, 61, 720, 1440])
pred: torch.Size([1, 61, 720, 1440]) tar: torch.Size([1, 61, 720, 1440])
pred: torch.Size([1, 61, 720, 1440]) tar: torch.Size([1, 61, 720, 1440])
pred: torch.Size([1, 61, 720, 1440]) tar: torch.Size([1, 61, 720, 1440])
pred: torch.Size([1, 61, 720, 1440]) tar: torch.Size([1, 61, 720, 1440])
pred: torch.Size([1, 61, 720, 1440]) tar: torch.Size([1, 61, 720, 1440])
pred: torch.Size([1, 61, 720, 1440]) tar: torch.Size([1, 61, 720, 1440])
pred: torch.Size([1, 61, 720, 1440]) tar: torch.Size([1, 61, 720, 1440])
pred: torch.Size([1, 61, 720, 1440]) tar: torch.Size([1, 61, 720, 1440])
pred: torch.Size([1, 61, 720, 1440]) tar: torch.Size([1, 61, 720, 1440])
pred: torch.Size([1, 61, 720, 1440]) tar: torch.Size([1, 61, 720, 1440])
pred: torch.Size([1, 61, 720, 1440]) tar: torch.Size([1, 61, 720, 1440])
pred: torch.Size([1, 61, 720, 1440]) tar: torch.Size([1, 61, 720, 1440])
pred: torch.Size([1, 61, 720, 1440]) tar: torch.Size([1, 61, 720, 1440])
pred: torch.Size([1, 61, 720, 1440]) tar: torch.Size([1, 61, 720, 1440])
pred: torch.Size([1, 61, 720, 1440]) tar: torch.Size([1, 61, 720, 1440])
pred: torch.Size([1, 61, 720, 1440]) tar: torch.Size([1, 61, 720, 1440])
pred: torch.Size([1, 61, 720, 1440]) tar: torch.Size([1, 61, 720, 1440])
pred: torch.Size([1, 61, 720, 1440]) tar: torch.Size([1, 61, 720, 1440])
pred: torch.Size([1, 61, 720, 1440]) tar: torch.Size([1, 61, 720, 1440])
pred: torch.Size([1, 61, 720, 1440]) tar: torch.Size([1, 61, 720, 1440])
pred: torch.Size([1, 61, 720, 1440]) tar: torch.Size([1, 61, 720, 1440])
pred: torch.Size([1, 61, 720, 1440]) tar: torch.Size([1, 61, 720, 1440])
pred: torch.Size([1, 61, 720, 1440]) tar: torch.Size([1, 61, 720, 1440])
pred: torch.Size([1, 61, 720, 1440]) tar: torch.Size([1, 61, 720, 1440])
pred: torch.Size([1, 61, 720, 1440]) tar: torch.Size([1, 61, 720, 1440])
pred: torch.Size([1, 61, 720, 1440]) tar: torch.Size([1, 61, 720, 1440])
pred: torch.Size([1, 61, 720, 1440]) tar: torch.Size([1, 61, 720, 1440])
pred: torch.Size([1, 61, 720, 1440]) tar: torch.Size([1, 61, 720, 1440])
pred: torch.Size([1, 61, 720, 1440]) tar: torch.Size([1, 61, 720, 1440])
pred: torch.Size([1, 61, 720, 1440]) tar: torch.Size([1, 61, 720, 1440])
pred: torch.Size([1, 61, 720, 1440]) tar: torch.Size([1, 61, 720, 1440])
pred: torch.Size([1, 61, 720, 1440]) tar: torch.Size([1, 61, 720, 1440])
pred: torch.Size([1, 61, 720, 1440]) tar: torch.Size([1, 61, 720, 1440])
pred: torch.Size([1, 61, 720, 1440]) tar: torch.Size([1, 61, 720, 1440])
pred: torch.Size([1, 61, 720, 1440]) tar: torch.Size([1, 61, 720, 1440])
pred: torch.Size([1, 61, 720, 1440]) tar: torch.Size([1, 61, 720, 1440])
pred: torch.Size([1, 61, 720, 1440]) tar: torch.Size([1, 61, 720, 1440])
pred: torch.Size([1, 61, 720, 1440]) tar: torch.Size([1, 61, 720, 1440])
pred: torch.Size([1, 61, 720, 1440]) tar: torch.Size([1, 61, 720, 1440])
pred: torch.Size([1, 61, 720, 1440]) tar: torch.Size([1, 61, 720, 1440])
pred: torch.Size([1, 61, 720, 1440]) tar: torch.Size([1, 61, 720, 1440])
pred: torch.Size([1, 61, 720, 1440]) tar: torch.Size([1, 61, 720, 1440])
pred: torch.Size([1, 61, 720, 1440]) tar: torch.Size([1, 61, 720, 1440])
pred: torch.Size([1, 61, 720, 1440]) tar: torch.Size([1, 61, 720, 1440])
pred: torch.Size([1, 61, 720, 1440]) tar: torch.Size([1, 61, 720, 1440])
pred: torch.Size([1, 61, 720, 1440]) tar: torch.Size([1, 61, 720, 1440])
pred: torch.Size([1, 61, 720, 1440]) tar: torch.Size([1, 61, 720, 1440])
pred: torch.Size([1, 61, 720, 1440]) tar: torch.Size([1, 61, 720, 1440])
pred: torch.Size([1, 61, 720, 1440]) tar: torch.Size([1, 61, 720, 1440])
pred: torch.Size([1, 61, 720, 1440]) tar: torch.Size([1, 61, 720, 1440])
pred: torch.Size([1, 61, 720, 1440]) tar: torch.Size([1, 61, 720, 1440])
pred: torch.Size([1, 61, 720, 1440]) tar: torch.Size([1, 61, 720, 1440])
pred: torch.Size([1, 61, 720, 1440]) tar: torch.Size([1, 61, 720, 1440])
pred: torch.Size([1, 61, 720, 1440]) tar: torch.Size([1, 61, 720, 1440])
pred: torch.Size([1, 61, 720, 1440]) tar: torch.Size([1, 61, 720, 1440])
pred: torch.Size([1, 61, 720, 1440]) tar: torch.Size([1, 61, 720, 1440])
pred: torch.Size([1, 61, 720, 1440]) tar: torch.Size([1, 61, 720, 1440])
pred: torch.Size([1, 61, 720, 1440]) tar: torch.Size([1, 61, 720, 1440])
pred: torch.Size([1, 61, 720, 1440]) tar: torch.Size([1, 61, 720, 1440])
pred: torch.Size([1, 61, 720, 1440]) tar: torch.Size([1, 61, 720, 1440])
pred: torch.Size([1, 61, 720, 1440]) tar: torch.Size([1, 61, 720, 1440])
pred: torch.Size([1, 61, 720, 1440]) tar: torch.Size([1, 61, 720, 1440])
pred: torch.Size([1, 61, 720, 1440]) tar: torch.Size([1, 61, 720, 1440])
pred: torch.Size([1, 61, 720, 1440]) tar: torch.Size([1, 61, 720, 1440])
pred: torch.Size([1, 61, 720, 1440]) tar: torch.Size([1, 61, 720, 1440])
pred: torch.Size([1, 61, 720, 1440]) tar: torch.Size([1, 61, 720, 1440])
pred: torch.Size([1, 61, 720, 1440]) tar: torch.Size([1, 61, 720, 1440])
pred: torch.Size([1, 61, 720, 1440]) tar: torch.Size([1, 61, 720, 1440])
pred: torch.Size([1, 61, 720, 1440]) tar: torch.Size([1, 61, 720, 1440])
pred: torch.Size([1, 61, 720, 1440]) tar: torch.Size([1, 61, 720, 1440])
pred: torch.Size([1, 61, 720, 1440]) tar: torch.Size([1, 61, 720, 1440])
pred: torch.Size([1, 61, 720, 1440]) tar: torch.Size([1, 61, 720, 1440])
pred: torch.Size([1, 61, 720, 1440]) tar: torch.Size([1, 61, 720, 1440])
pred: torch.Size([1, 61, 720, 1440]) tar: torch.Size([1, 61, 720, 1440])
pred: torch.Size([1, 61, 720, 1440]) tar: torch.Size([1, 61, 720, 1440])
pred: torch.Size([1, 61, 720, 1440]) tar: torch.Size([1, 61, 720, 1440])
pred: torch.Size([1, 61, 720, 1440]) tar: torch.Size([1, 61, 720, 1440])
pred: torch.Size([1, 61, 720, 1440]) tar: torch.Size([1, 61, 720, 1440])
pred: torch.Size([1, 61, 720, 1440]) tar: torch.Size([1, 61, 720, 1440])
pred: torch.Size([1, 61, 720, 1440]) tar: torch.Size([1, 61, 720, 1440])
pred: torch.Size([1, 61, 720, 1440]) tar: torch.Size([1, 61, 720, 1440])
pred: torch.Size([1, 61, 720, 1440]) tar: torch.Size([1, 61, 720, 1440])
pred: torch.Size([1, 61, 720, 1440]) tar: torch.Size([1, 61, 720, 1440])
pred: torch.Size([1, 61, 720, 1440]) tar: torch.Size([1, 61, 720, 1440])
pred: torch.Size([1, 61, 720, 1440]) tar: torch.Size([1, 61, 720, 1440])
pred: torch.Size([1, 61, 720, 1440]) tar: torch.Size([1, 61, 720, 1440])
pred: torch.Size([1, 61, 720, 1440]) tar: torch.Size([1, 61, 720, 1440])
pred: torch.Size([1, 61, 720, 1440]) tar: torch.Size([1, 61, 720, 1440])
pred: torch.Size([1, 61, 720, 1440]) tar: torch.Size([1, 61, 720, 1440])
pred: torch.Size([1, 61, 720, 1440]) tar: torch.Size([1, 61, 720, 1440])
pred: torch.Size([1, 61, 720, 1440]) tar: torch.Size([1, 61, 720, 1440])
pred: torch.Size([1, 61, 720, 1440]) tar: torch.Size([1, 61, 720, 1440])
pred: torch.Size([1, 61, 720, 1440]) tar: torch.Size([1, 61, 720, 1440])
pred: torch.Size([1, 61, 720, 1440]) tar: torch.Size([1, 61, 720, 1440])
pred: torch.Size([1, 61, 720, 1440]) tar: torch.Size([1, 61, 720, 1440])
pred: torch.Size([1, 61, 720, 1440]) tar: torch.Size([1, 61, 720, 1440])
pred: torch.Size([1, 61, 720, 1440]) tar: torch.Size([1, 61, 720, 1440])
pred: torch.Size([1, 61, 720, 1440]) tar: torch.Size([1, 61, 720, 1440])
pred: torch.Size([1, 61, 720, 1440]) tar: torch.Size([1, 61, 720, 1440])
pred: torch.Size([1, 61, 720, 1440]) tar: torch.Size([1, 61, 720, 1440])
pred: torch.Size([1, 61, 720, 1440]) tar: torch.Size([1, 61, 720, 1440])
pred: torch.Size([1, 61, 720, 1440]) tar: torch.Size([1, 61, 720, 1440])
pred: torch.Size([1, 61, 720, 1440]) tar: torch.Size([1, 61, 720, 1440])
pred: torch.Size([1, 61, 720, 1440]) tar: torch.Size([1, 61, 720, 1440])
pred: torch.Size([1, 61, 720, 1440]) tar: torch.Size([1, 61, 720, 1440])
pred: torch.Size([1, 61, 720, 1440]) tar: torch.Size([1, 61, 720, 1440])
pred: torch.Size([1, 61, 720, 1440]) tar: torch.Size([1, 61, 720, 1440])
pred: torch.Size([1, 61, 720, 1440]) tar: torch.Size([1, 61, 720, 1440])
pred: torch.Size([1, 61, 720, 1440]) tar: torch.Size([1, 61, 720, 1440])
pred: torch.Size([1, 61, 720, 1440]) tar: torch.Size([1, 61, 720, 1440])
pred: torch.Size([1, 61, 720, 1440]) tar: torch.Size([1, 61, 720, 1440])
pred: torch.Size([1, 61, 720, 1440]) tar: torch.Size([1, 61, 720, 1440])
pred: torch.Size([1, 61, 720, 1440]) tar: torch.Size([1, 61, 720, 1440])
pred: torch.Size([1, 61, 720, 1440]) tar: torch.Size([1, 61, 720, 1440])
pred: torch.Size([1, 61, 720, 1440]) tar: torch.Size([1, 61, 720, 1440])
pred: torch.Size([1, 61, 720, 1440]) tar: torch.Size([1, 61, 720, 1440])
pred: torch.Size([1, 61, 720, 1440]) tar: torch.Size([1, 61, 720, 1440])
pred: torch.Size([1, 61, 720, 1440]) tar: torch.Size([1, 61, 720, 1440])
pred: torch.Size([1, 61, 720, 1440]) tar: torch.Size([1, 61, 720, 1440])
pred: torch.Size([1, 61, 720, 1440]) tar: torch.Size([1, 61, 720, 1440])
pred: torch.Size([1, 61, 720, 1440]) tar: torch.Size([1, 61, 720, 1440])
pred: torch.Size([1, 61, 720, 1440]) tar: torch.Size([1, 61, 720, 1440])
pred: torch.Size([1, 61, 720, 1440]) tar: torch.Size([1, 61, 720, 1440])
pred: torch.Size([1, 61, 720, 1440]) tar: torch.Size([1, 61, 720, 1440])
pred: torch.Size([1, 61, 720, 1440]) tar: torch.Size([1, 61, 720, 1440])
pred: torch.Size([1, 61, 720, 1440]) tar: torch.Size([1, 61, 720, 1440])
pred: torch.Size([1, 61, 720, 1440]) tar: torch.Size([1, 61, 720, 1440])
pred: torch.Size([1, 61, 720, 1440]) tar: torch.Size([1, 61, 720, 1440])
pred: torch.Size([1, 61, 720, 1440]) tar: torch.Size([1, 61, 720, 1440])
pred: torch.Size([1, 61, 720, 1440]) tar: torch.Size([1, 61, 720, 1440])
pred: torch.Size([1, 61, 720, 1440]) tar: torch.Size([1, 61, 720, 1440])
pred: torch.Size([1, 61, 720, 1440]) tar: torch.Size([1, 61, 720, 1440])
pred: torch.Size([1, 61, 720, 1440]) tar: torch.Size([1, 61, 720, 1440])
pred: torch.Size([1, 61, 720, 1440]) tar: torch.Size([1, 61, 720, 1440])
pred: torch.Size([1, 61, 720, 1440]) tar: torch.Size([1, 61, 720, 1440])
pred: torch.Size([1, 61, 720, 1440]) tar: torch.Size([1, 61, 720, 1440])
pred: torch.Size([1, 61, 720, 1440]) tar: torch.Size([1, 61, 720, 1440])
pred: torch.Size([1, 61, 720, 1440]) tar: torch.Size([1, 61, 720, 1440])
pred: torch.Size([1, 61, 720, 1440]) tar: torch.Size([1, 61, 720, 1440])
pred: torch.Size([1, 61, 720, 1440]) tar: torch.Size([1, 61, 720, 1440])
pred: torch.Size([1, 61, 720, 1440]) tar: torch.Size([1, 61, 720, 1440])
pred: torch.Size([1, 61, 720, 1440]) tar: torch.Size([1, 61, 720, 1440])
pred: torch.Size([1, 61, 720, 1440]) tar: torch.Size([1, 61, 720, 1440])
pred: torch.Size([1, 61, 720, 1440]) tar: torch.Size([1, 61, 720, 1440])
pred: torch.Size([1, 61, 720, 1440]) tar: torch.Size([1, 61, 720, 1440])
pred: torch.Size([1, 61, 720, 1440]) tar: torch.Size([1, 61, 720, 1440])
pred: torch.Size([1, 61, 720, 1440]) tar: torch.Size([1, 61, 720, 1440])
pred: torch.Size([1, 61, 720, 1440]) tar: torch.Size([1, 61, 720, 1440])
pred: torch.Size([1, 61, 720, 1440]) tar: torch.Size([1, 61, 720, 1440])
pred: torch.Size([1, 61, 720, 1440]) tar: torch.Size([1, 61, 720, 1440])
pred: torch.Size([1, 61, 720, 1440]) tar: torch.Size([1, 61, 720, 1440])
pred: torch.Size([1, 61, 720, 1440]) tar: torch.Size([1, 61, 720, 1440])
pred: torch.Size([1, 61, 720, 1440]) tar: torch.Size([1, 61, 720, 1440])
pred: torch.Size([1, 61, 720, 1440]) tar: torch.Size([1, 61, 720, 1440])
pred: torch.Size([1, 61, 720, 1440]) tar: torch.Size([1, 61, 720, 1440])
pred: torch.Size([1, 61, 720, 1440]) tar: torch.Size([1, 61, 720, 1440])
pred: torch.Size([1, 61, 720, 1440]) tar: torch.Size([1, 61, 720, 1440])
pred: torch.Size([1, 61, 720, 1440]) tar: torch.Size([1, 61, 720, 1440])
pred: torch.Size([1, 61, 720, 1440]) tar: torch.Size([1, 61, 720, 1440])
pred: torch.Size([1, 61, 720, 1440]) tar: torch.Size([1, 61, 720, 1440])
pred: torch.Size([1, 61, 720, 1440]) tar: torch.Size([1, 61, 720, 1440])
pred: torch.Size([1, 61, 720, 1440]) tar: torch.Size([1, 61, 720, 1440])
pred: torch.Size([1, 61, 720, 1440]) tar: torch.Size([1, 61, 720, 1440])
pred: torch.Size([1, 61, 720, 1440]) tar: torch.Size([1, 61, 720, 1440])
pred: torch.Size([1, 61, 720, 1440]) tar: torch.Size([1, 61, 720, 1440])
pred: torch.Size([1, 61, 720, 1440]) tar: torch.Size([1, 61, 720, 1440])
pred: torch.Size([1, 61, 720, 1440]) tar: torch.Size([1, 61, 720, 1440])
pred: torch.Size([1, 61, 720, 1440]) tar: torch.Size([1, 61, 720, 1440])
pred: torch.Size([1, 61, 720, 1440]) tar: torch.Size([1, 61, 720, 1440])
pred: torch.Size([1, 61, 720, 1440]) tar: torch.Size([1, 61, 720, 1440])
pred: torch.Size([1, 61, 720, 1440]) tar: torch.Size([1, 61, 720, 1440])
