cuda-11.7 loaded successful
gcc-12.2.0 loaded successful
2023-07-01 10:09:26,216 - root - INFO - expDir: /home/bingxing2/home/scx6115/Ocean_AI_model/./exp_15_levels/Masked_AE_Ocean/20230629-222717
2023-07-01 10:09:26,222 - root - INFO - ------------------ Configuration ------------------
2023-07-01 10:09:26,224 - root - INFO - Configuration file: ../exp_15_levels/Masked_AE_Ocean/20230629-222717/config.yaml
2023-07-01 10:09:26,225 - root - INFO - Configuration name: Masked_AE_Ocean
2023-07-01 10:09:26,226 - root - INFO - nettype Masked_AE_Ocean
2023-07-01 10:09:26,227 - root - INFO - log_to_wandb True
2023-07-01 10:09:26,228 - root - INFO - lr 0.001
2023-07-01 10:09:26,229 - root - INFO - batch_size 32
2023-07-01 10:09:26,230 - root - INFO - max_epochs 150
2023-07-01 10:09:26,231 - root - INFO - scheduler CosineAnnealingLR
2023-07-01 10:09:26,232 - root - INFO - fusion_3d_2d False
2023-07-01 10:09:26,233 - root - INFO - in_channels [0, 1, 2, 3, 4, 5, 6, 7, 8, 9, 10, 11, 12, 13, 14, 15, 16, 17, 18, 19, 20, 21, 22, 23, 24, 25, 26, 27, 28, 29, 30, 31, 32, 33, 34, 35, 36, 37, 38, 39, 40, 41, 42, 43, 44, 45, 46, 47, 48, 49, 50, 51, 52, 53, 54, 55, 56, 57, 58, 59, 60, 61, 62, 63, 64, 65]
2023-07-01 10:09:26,234 - root - INFO - out_channels [0, 1, 2, 3, 4, 5, 6, 7, 8, 9, 10, 11, 12, 13, 14, 15, 16, 17, 18, 19, 20, 21, 22, 23, 24, 25, 26, 27, 28, 29, 30, 31, 32, 33, 34, 35, 36, 37, 38, 39, 40, 41, 42, 43, 44, 45, 46, 47, 48, 49, 50, 51, 52, 53, 54, 55, 56, 57, 58, 59, 60]
2023-07-01 10:09:26,235 - root - INFO - N_in_channels 66
2023-07-01 10:09:26,236 - root - INFO - N_out_channels 61
2023-07-01 10:09:26,237 - root - INFO - img_size_h 720
2023-07-01 10:09:26,238 - root - INFO - img_size_w 1440
2023-07-01 10:09:26,239 - root - INFO - patch_size_h 8
2023-07-01 10:09:26,240 - root - INFO - patch_size_w 8
2023-07-01 10:09:26,241 - root - INFO - mlp_ratio 4.0
2023-07-01 10:09:26,242 - root - INFO - embed_dim 1024
2023-07-01 10:09:26,243 - root - INFO - depth 16
2023-07-01 10:09:26,244 - root - INFO - num_heads 16
2023-07-01 10:09:26,245 - root - INFO - decoder_embed_dim 512
2023-07-01 10:09:26,246 - root - INFO - decoder_depth 8
2023-07-01 10:09:26,247 - root - INFO - decoder_num_heads 16
2023-07-01 10:09:26,248 - root - INFO - koopman_depth 2
2023-07-01 10:09:26,249 - root - INFO - modes_h_ratio 1
2023-07-01 10:09:26,250 - root - INFO - modes_w_ratio 0.8
2023-07-01 10:09:26,251 - root - INFO - drop_rate 0.0
2023-07-01 10:09:26,252 - root - INFO - drop_path_rate 0.0
2023-07-01 10:09:26,253 - root - INFO - sparsity_threshold 0.01
2023-07-01 10:09:26,254 - root - INFO - hard_thresholding_fraction 1.0
2023-07-01 10:09:26,255 - root - INFO - num_blocks 8
2023-07-01 10:09:26,256 - root - INFO - loss l2
2023-07-01 10:09:26,257 - root - INFO - num_data_workers 0
2023-07-01 10:09:26,258 - root - INFO - dt 1
2023-07-01 10:09:26,259 - root - INFO - n_history 0
2023-07-01 10:09:26,260 - root - INFO - prediction_type iterative
2023-07-01 10:09:26,261 - root - INFO - prediction_length 30
2023-07-01 10:09:26,262 - root - INFO - n_initial_conditions 5
2023-07-01 10:09:26,263 - root - INFO - ics_type default
2023-07-01 10:09:26,264 - root - INFO - date_strings ['2018-09-14 00:00:00']
2023-07-01 10:09:26,264 - root - INFO - save_raw_forecasts True
2023-07-01 10:09:26,265 - root - INFO - save_channel False
2023-07-01 10:09:26,266 - root - INFO - masked_acc False
2023-07-01 10:09:26,267 - root - INFO - maskpath None
2023-07-01 10:09:26,268 - root - INFO - perturb False
2023-07-01 10:09:26,269 - root - INFO - add_grid False
2023-07-01 10:09:26,270 - root - INFO - N_grid_channels 0
2023-07-01 10:09:26,271 - root - INFO - gridtype sinusoidal
2023-07-01 10:09:26,272 - root - INFO - roll False
2023-07-01 10:09:26,272 - root - INFO - enable_nhwc False
2023-07-01 10:09:26,273 - root - INFO - optimizer_type FusedAdam
2023-07-01 10:09:26,274 - root - INFO - exp_dir ./exp_15_levels
2023-07-01 10:09:26,275 - root - INFO - patch_size 8
2023-07-01 10:09:26,276 - root - INFO - width 56
2023-07-01 10:09:26,277 - root - INFO - modes 32
2023-07-01 10:09:26,278 - root - INFO - target default
2023-07-01 10:09:26,279 - root - INFO - train_data_path /home/bingxing2/home/scx6115/Ocean_AI_model/sample_01/train
2023-07-01 10:09:26,280 - root - INFO - valid_data_path /home/bingxing2/home/scx6115/Ocean_AI_model/sample_01/valid
2023-07-01 10:09:26,281 - root - INFO - test_data_path /home/bingxing2/home/scx6115/Ocean_AI_model/sample_01/test
2023-07-01 10:09:26,282 - root - INFO - land_mask True
2023-07-01 10:09:26,283 - root - INFO - land_mask_path /home/bingxing2/home/scx6115/Ocean_AI_model/sample_01/land_mask.h5
2023-07-01 10:09:26,284 - root - INFO - normalize True
2023-07-01 10:09:26,285 - root - INFO - normalization zscore
2023-07-01 10:09:26,286 - root - INFO - global_mins_path /home/bingxing2/home/scx6115/Ocean_AI_model/sample_01/train/global_mins.npy
2023-07-01 10:09:26,286 - root - INFO - global_maxs_path /home/bingxing2/home/scx6115/Ocean_AI_model/sample_01/train/global_maxs.npy
2023-07-01 10:09:26,287 - root - INFO - global_means_path /home/bingxing2/home/scx6115/Ocean_AI_model/sample_01/train/global_means.npy
2023-07-01 10:09:26,288 - root - INFO - global_stds_path /home/bingxing2/home/scx6115/Ocean_AI_model/sample_01/train/global_stds.npy
2023-07-01 10:09:26,289 - root - INFO - orography True
2023-07-01 10:09:26,290 - root - INFO - orography_norm_zscore_path /home/bingxing2/home/scx6115/Ocean_AI_model/sample_01/orography_norm_zscore.h5
2023-07-01 10:09:26,291 - root - INFO - orography_norm_maxmin_path /home/bingxing2/home/scx6115/Ocean_AI_model/sample_01/orography_norm_maxmin.h5
2023-07-01 10:09:26,292 - root - INFO - add_noise False
2023-07-01 10:09:26,293 - root - INFO - noise_std 0
2023-07-01 10:09:26,294 - root - INFO - crop_size_x None
2023-07-01 10:09:26,295 - root - INFO - crop_size_y None
2023-07-01 10:09:26,296 - root - INFO - log_to_screen True
2023-07-01 10:09:26,296 - root - INFO - save_checkpoint True
2023-07-01 10:09:26,297 - root - INFO - plot_animations False
2023-07-01 10:09:26,299 - root - INFO - resuming False
2023-07-01 10:09:26,299 - root - INFO - interp 0
2023-07-01 10:09:26,300 - root - INFO - world_size 1
2023-07-01 10:09:26,301 - root - INFO - local_rank 0
2023-07-01 10:09:26,302 - root - INFO - global_batch_size 32
2023-07-01 10:09:26,303 - root - INFO - decorrelation_time 50
2023-07-01 10:09:26,304 - root - INFO - n_samples_per_year 300
2023-07-01 10:09:26,305 - root - INFO - experiment_dir /home/bingxing2/home/scx6115/Ocean_AI_model/./exp_15_levels/Masked_AE_Ocean/20230629-222717
2023-07-01 10:09:26,306 - root - INFO - best_checkpoint_path /home/bingxing2/home/scx6115/Ocean_AI_model/./exp_15_levels/Masked_AE_Ocean/20230629-222717/training_checkpoints/best_ckpt.tar
2023-07-01 10:09:26,307 - root - INFO - ---------------------------------------------------
2023-07-01 10:09:26,308 - root - INFO - Inference for 6 initial conditions
2023-07-01 10:09:26,355 - root - INFO - Getting file stats from /home/bingxing2/home/scx6115/Ocean_AI_model/sample_01/test/2012.h5
2023-07-01 10:09:26,357 - root - INFO - Number of samples per year: 365
2023-07-01 10:09:26,358 - root - INFO - Found data at path /home/bingxing2/home/scx6115/Ocean_AI_model/sample_01/test. Number of examples: 365. Image Shape: 720 x 1440 x 66
2023-07-01 10:09:26,359 - root - INFO - Delta t: 1 days
2023-07-01 10:09:26,360 - root - INFO - Including 0 days of past history in training at a frequency of 1 days
2023-07-01 10:09:27,996 - root - INFO - Loading trained model checkpoint from /home/bingxing2/home/scx6115/Ocean_AI_model/./exp_15_levels/Masked_AE_Ocean/20230629-222717/training_checkpoints/best_ckpt.tar
2023-07-01 10:09:33,695 - root - INFO - Loading inference data
2023-07-01 10:09:33,697 - root - INFO - Inference data from /home/bingxing2/home/scx6115/Ocean_AI_model/sample_01/test/2012.h5
2023-07-01 10:09:33,701 - root - INFO - Initial condition 1 of 6
2023-07-01 10:09:41,209 - root - INFO - valid_data_full: (366, 66, 721, 1440)
2023-07-01 10:09:41,310 - root - INFO - valid_data: (30, 66, 720, 1440)
2023-07-01 10:09:58,226 - root - INFO - orography loaded; shape:torch.Size([1, 1, 720, 1440])
2023-07-01 10:09:58,228 - root - INFO - Begin autoregressive inference
2023-07-01 10:10:32,138 - root - INFO - Initial condition 2 of 6
2023-07-01 10:10:39,096 - root - INFO - valid_data_full: (366, 66, 721, 1440)
2023-07-01 10:10:39,200 - root - INFO - valid_data: (30, 66, 720, 1440)
2023-07-01 10:10:57,302 - root - INFO - orography loaded; shape:torch.Size([1, 1, 720, 1440])
2023-07-01 10:10:57,305 - root - INFO - Begin autoregressive inference
2023-07-01 10:11:34,623 - root - INFO - Initial condition 3 of 6
2023-07-01 10:11:41,368 - root - INFO - valid_data_full: (366, 66, 721, 1440)
2023-07-01 10:11:41,488 - root - INFO - valid_data: (30, 66, 720, 1440)
2023-07-01 10:11:56,883 - root - INFO - orography loaded; shape:torch.Size([1, 1, 720, 1440])
2023-07-01 10:11:56,885 - root - INFO - Begin autoregressive inference
2023-07-01 10:12:38,255 - root - INFO - Initial condition 4 of 6
2023-07-01 10:12:45,503 - root - INFO - valid_data_full: (366, 66, 721, 1440)
2023-07-01 10:12:45,730 - root - INFO - valid_data: (30, 66, 720, 1440)
2023-07-01 10:13:02,158 - root - INFO - orography loaded; shape:torch.Size([1, 1, 720, 1440])
2023-07-01 10:13:02,161 - root - INFO - Begin autoregressive inference
2023-07-01 10:13:43,805 - root - INFO - Initial condition 5 of 6
2023-07-01 10:13:51,284 - root - INFO - valid_data_full: (366, 66, 721, 1440)
2023-07-01 10:13:51,420 - root - INFO - valid_data: (30, 66, 720, 1440)
2023-07-01 10:14:08,329 - root - INFO - orography loaded; shape:torch.Size([1, 1, 720, 1440])
2023-07-01 10:14:08,331 - root - INFO - Begin autoregressive inference
2023-07-01 10:14:53,992 - root - INFO - Initial condition 6 of 6
2023-07-01 10:15:00,461 - root - INFO - valid_data_full: (366, 66, 721, 1440)
2023-07-01 10:15:00,599 - root - INFO - valid_data: (30, 66, 720, 1440)
2023-07-01 10:15:16,821 - root - INFO - orography loaded; shape:torch.Size([1, 1, 720, 1440])
2023-07-01 10:15:16,824 - root - INFO - Begin autoregressive inference
--- Logging error ---
Traceback (most recent call last):
  File "/home/bingxing2/home/scx6115/.conda/envs/torch2.0/lib/python3.10/logging/__init__.py", line 1100, in emit
    msg = self.format(record)
  File "/home/bingxing2/home/scx6115/.conda/envs/torch2.0/lib/python3.10/logging/__init__.py", line 943, in format
    return fmt.format(record)
  File "/home/bingxing2/home/scx6115/.conda/envs/torch2.0/lib/python3.10/logging/__init__.py", line 678, in format
    record.message = record.getMessage()
  File "/home/bingxing2/home/scx6115/.conda/envs/torch2.0/lib/python3.10/logging/__init__.py", line 368, in getMessage
    msg = msg % self.args
TypeError: not all arguments converted during string formatting
Call stack:
  File "/home/bingxing2/home/scx6115/Ocean_AI_model/inference/inference_025.py", line 539, in <module>
    logging.info('seq_real:', seq_real.shape)
Message: 'seq_real:'
Arguments: ((6, 30, 61, 720, 1440),)
--- Logging error ---
Traceback (most recent call last):
  File "/home/bingxing2/home/scx6115/.conda/envs/torch2.0/lib/python3.10/logging/__init__.py", line 1100, in emit
    msg = self.format(record)
  File "/home/bingxing2/home/scx6115/.conda/envs/torch2.0/lib/python3.10/logging/__init__.py", line 943, in format
    return fmt.format(record)
  File "/home/bingxing2/home/scx6115/.conda/envs/torch2.0/lib/python3.10/logging/__init__.py", line 678, in format
    record.message = record.getMessage()
  File "/home/bingxing2/home/scx6115/.conda/envs/torch2.0/lib/python3.10/logging/__init__.py", line 368, in getMessage
    msg = msg % self.args
TypeError: not all arguments converted during string formatting
Call stack:
  File "/home/bingxing2/home/scx6115/Ocean_AI_model/inference/inference_025.py", line 539, in <module>
    logging.info('seq_real:', seq_real.shape)
Message: 'seq_real:'
Arguments: ((6, 30, 61, 720, 1440),)
2023-07-01 10:16:05,927 - root - INFO - Saving files at /home/bingxing2/home/scx6115/Ocean_AI_model/./exp_15_levels/Masked_AE_Ocean/20230629-222717/autoregressive_predictions.h5
pred: torch.Size([1, 61, 720, 1440]) tar: torch.Size([1, 61, 720, 1440])
pred: torch.Size([1, 61, 720, 1440]) tar: torch.Size([1, 61, 720, 1440])
pred: torch.Size([1, 61, 720, 1440]) tar: torch.Size([1, 61, 720, 1440])
pred: torch.Size([1, 61, 720, 1440]) tar: torch.Size([1, 61, 720, 1440])
pred: torch.Size([1, 61, 720, 1440]) tar: torch.Size([1, 61, 720, 1440])
pred: torch.Size([1, 61, 720, 1440]) tar: torch.Size([1, 61, 720, 1440])
pred: torch.Size([1, 61, 720, 1440]) tar: torch.Size([1, 61, 720, 1440])
pred: torch.Size([1, 61, 720, 1440]) tar: torch.Size([1, 61, 720, 1440])
pred: torch.Size([1, 61, 720, 1440]) tar: torch.Size([1, 61, 720, 1440])
pred: torch.Size([1, 61, 720, 1440]) tar: torch.Size([1, 61, 720, 1440])
pred: torch.Size([1, 61, 720, 1440]) tar: torch.Size([1, 61, 720, 1440])
pred: torch.Size([1, 61, 720, 1440]) tar: torch.Size([1, 61, 720, 1440])
pred: torch.Size([1, 61, 720, 1440]) tar: torch.Size([1, 61, 720, 1440])
pred: torch.Size([1, 61, 720, 1440]) tar: torch.Size([1, 61, 720, 1440])
pred: torch.Size([1, 61, 720, 1440]) tar: torch.Size([1, 61, 720, 1440])
pred: torch.Size([1, 61, 720, 1440]) tar: torch.Size([1, 61, 720, 1440])
pred: torch.Size([1, 61, 720, 1440]) tar: torch.Size([1, 61, 720, 1440])
pred: torch.Size([1, 61, 720, 1440]) tar: torch.Size([1, 61, 720, 1440])
pred: torch.Size([1, 61, 720, 1440]) tar: torch.Size([1, 61, 720, 1440])
pred: torch.Size([1, 61, 720, 1440]) tar: torch.Size([1, 61, 720, 1440])
pred: torch.Size([1, 61, 720, 1440]) tar: torch.Size([1, 61, 720, 1440])
pred: torch.Size([1, 61, 720, 1440]) tar: torch.Size([1, 61, 720, 1440])
pred: torch.Size([1, 61, 720, 1440]) tar: torch.Size([1, 61, 720, 1440])
pred: torch.Size([1, 61, 720, 1440]) tar: torch.Size([1, 61, 720, 1440])
pred: torch.Size([1, 61, 720, 1440]) tar: torch.Size([1, 61, 720, 1440])
pred: torch.Size([1, 61, 720, 1440]) tar: torch.Size([1, 61, 720, 1440])
pred: torch.Size([1, 61, 720, 1440]) tar: torch.Size([1, 61, 720, 1440])
pred: torch.Size([1, 61, 720, 1440]) tar: torch.Size([1, 61, 720, 1440])
pred: torch.Size([1, 61, 720, 1440]) tar: torch.Size([1, 61, 720, 1440])
pred: torch.Size([1, 61, 720, 1440]) tar: torch.Size([1, 61, 720, 1440])
pred: torch.Size([1, 61, 720, 1440]) tar: torch.Size([1, 61, 720, 1440])
pred: torch.Size([1, 61, 720, 1440]) tar: torch.Size([1, 61, 720, 1440])
pred: torch.Size([1, 61, 720, 1440]) tar: torch.Size([1, 61, 720, 1440])
pred: torch.Size([1, 61, 720, 1440]) tar: torch.Size([1, 61, 720, 1440])
pred: torch.Size([1, 61, 720, 1440]) tar: torch.Size([1, 61, 720, 1440])
pred: torch.Size([1, 61, 720, 1440]) tar: torch.Size([1, 61, 720, 1440])
pred: torch.Size([1, 61, 720, 1440]) tar: torch.Size([1, 61, 720, 1440])
pred: torch.Size([1, 61, 720, 1440]) tar: torch.Size([1, 61, 720, 1440])
pred: torch.Size([1, 61, 720, 1440]) tar: torch.Size([1, 61, 720, 1440])
pred: torch.Size([1, 61, 720, 1440]) tar: torch.Size([1, 61, 720, 1440])
pred: torch.Size([1, 61, 720, 1440]) tar: torch.Size([1, 61, 720, 1440])
pred: torch.Size([1, 61, 720, 1440]) tar: torch.Size([1, 61, 720, 1440])
pred: torch.Size([1, 61, 720, 1440]) tar: torch.Size([1, 61, 720, 1440])
pred: torch.Size([1, 61, 720, 1440]) tar: torch.Size([1, 61, 720, 1440])
pred: torch.Size([1, 61, 720, 1440]) tar: torch.Size([1, 61, 720, 1440])
pred: torch.Size([1, 61, 720, 1440]) tar: torch.Size([1, 61, 720, 1440])
pred: torch.Size([1, 61, 720, 1440]) tar: torch.Size([1, 61, 720, 1440])
pred: torch.Size([1, 61, 720, 1440]) tar: torch.Size([1, 61, 720, 1440])
pred: torch.Size([1, 61, 720, 1440]) tar: torch.Size([1, 61, 720, 1440])
pred: torch.Size([1, 61, 720, 1440]) tar: torch.Size([1, 61, 720, 1440])
pred: torch.Size([1, 61, 720, 1440]) tar: torch.Size([1, 61, 720, 1440])
pred: torch.Size([1, 61, 720, 1440]) tar: torch.Size([1, 61, 720, 1440])
pred: torch.Size([1, 61, 720, 1440]) tar: torch.Size([1, 61, 720, 1440])
pred: torch.Size([1, 61, 720, 1440]) tar: torch.Size([1, 61, 720, 1440])
pred: torch.Size([1, 61, 720, 1440]) tar: torch.Size([1, 61, 720, 1440])
pred: torch.Size([1, 61, 720, 1440]) tar: torch.Size([1, 61, 720, 1440])
pred: torch.Size([1, 61, 720, 1440]) tar: torch.Size([1, 61, 720, 1440])
pred: torch.Size([1, 61, 720, 1440]) tar: torch.Size([1, 61, 720, 1440])
pred: torch.Size([1, 61, 720, 1440]) tar: torch.Size([1, 61, 720, 1440])
pred: torch.Size([1, 61, 720, 1440]) tar: torch.Size([1, 61, 720, 1440])
pred: torch.Size([1, 61, 720, 1440]) tar: torch.Size([1, 61, 720, 1440])
pred: torch.Size([1, 61, 720, 1440]) tar: torch.Size([1, 61, 720, 1440])
pred: torch.Size([1, 61, 720, 1440]) tar: torch.Size([1, 61, 720, 1440])
pred: torch.Size([1, 61, 720, 1440]) tar: torch.Size([1, 61, 720, 1440])
pred: torch.Size([1, 61, 720, 1440]) tar: torch.Size([1, 61, 720, 1440])
pred: torch.Size([1, 61, 720, 1440]) tar: torch.Size([1, 61, 720, 1440])
pred: torch.Size([1, 61, 720, 1440]) tar: torch.Size([1, 61, 720, 1440])
pred: torch.Size([1, 61, 720, 1440]) tar: torch.Size([1, 61, 720, 1440])
pred: torch.Size([1, 61, 720, 1440]) tar: torch.Size([1, 61, 720, 1440])
pred: torch.Size([1, 61, 720, 1440]) tar: torch.Size([1, 61, 720, 1440])
pred: torch.Size([1, 61, 720, 1440]) tar: torch.Size([1, 61, 720, 1440])
pred: torch.Size([1, 61, 720, 1440]) tar: torch.Size([1, 61, 720, 1440])
pred: torch.Size([1, 61, 720, 1440]) tar: torch.Size([1, 61, 720, 1440])
pred: torch.Size([1, 61, 720, 1440]) tar: torch.Size([1, 61, 720, 1440])
pred: torch.Size([1, 61, 720, 1440]) tar: torch.Size([1, 61, 720, 1440])
pred: torch.Size([1, 61, 720, 1440]) tar: torch.Size([1, 61, 720, 1440])
pred: torch.Size([1, 61, 720, 1440]) tar: torch.Size([1, 61, 720, 1440])
pred: torch.Size([1, 61, 720, 1440]) tar: torch.Size([1, 61, 720, 1440])
pred: torch.Size([1, 61, 720, 1440]) tar: torch.Size([1, 61, 720, 1440])
pred: torch.Size([1, 61, 720, 1440]) tar: torch.Size([1, 61, 720, 1440])
pred: torch.Size([1, 61, 720, 1440]) tar: torch.Size([1, 61, 720, 1440])
pred: torch.Size([1, 61, 720, 1440]) tar: torch.Size([1, 61, 720, 1440])
pred: torch.Size([1, 61, 720, 1440]) tar: torch.Size([1, 61, 720, 1440])
pred: torch.Size([1, 61, 720, 1440]) tar: torch.Size([1, 61, 720, 1440])
pred: torch.Size([1, 61, 720, 1440]) tar: torch.Size([1, 61, 720, 1440])
pred: torch.Size([1, 61, 720, 1440]) tar: torch.Size([1, 61, 720, 1440])
pred: torch.Size([1, 61, 720, 1440]) tar: torch.Size([1, 61, 720, 1440])
pred: torch.Size([1, 61, 720, 1440]) tar: torch.Size([1, 61, 720, 1440])
pred: torch.Size([1, 61, 720, 1440]) tar: torch.Size([1, 61, 720, 1440])
pred: torch.Size([1, 61, 720, 1440]) tar: torch.Size([1, 61, 720, 1440])
pred: torch.Size([1, 61, 720, 1440]) tar: torch.Size([1, 61, 720, 1440])
pred: torch.Size([1, 61, 720, 1440]) tar: torch.Size([1, 61, 720, 1440])
pred: torch.Size([1, 61, 720, 1440]) tar: torch.Size([1, 61, 720, 1440])
pred: torch.Size([1, 61, 720, 1440]) tar: torch.Size([1, 61, 720, 1440])
pred: torch.Size([1, 61, 720, 1440]) tar: torch.Size([1, 61, 720, 1440])
pred: torch.Size([1, 61, 720, 1440]) tar: torch.Size([1, 61, 720, 1440])
pred: torch.Size([1, 61, 720, 1440]) tar: torch.Size([1, 61, 720, 1440])
pred: torch.Size([1, 61, 720, 1440]) tar: torch.Size([1, 61, 720, 1440])
pred: torch.Size([1, 61, 720, 1440]) tar: torch.Size([1, 61, 720, 1440])
pred: torch.Size([1, 61, 720, 1440]) tar: torch.Size([1, 61, 720, 1440])
pred: torch.Size([1, 61, 720, 1440]) tar: torch.Size([1, 61, 720, 1440])
pred: torch.Size([1, 61, 720, 1440]) tar: torch.Size([1, 61, 720, 1440])
pred: torch.Size([1, 61, 720, 1440]) tar: torch.Size([1, 61, 720, 1440])
pred: torch.Size([1, 61, 720, 1440]) tar: torch.Size([1, 61, 720, 1440])
pred: torch.Size([1, 61, 720, 1440]) tar: torch.Size([1, 61, 720, 1440])
pred: torch.Size([1, 61, 720, 1440]) tar: torch.Size([1, 61, 720, 1440])
pred: torch.Size([1, 61, 720, 1440]) tar: torch.Size([1, 61, 720, 1440])
pred: torch.Size([1, 61, 720, 1440]) tar: torch.Size([1, 61, 720, 1440])
pred: torch.Size([1, 61, 720, 1440]) tar: torch.Size([1, 61, 720, 1440])
pred: torch.Size([1, 61, 720, 1440]) tar: torch.Size([1, 61, 720, 1440])
pred: torch.Size([1, 61, 720, 1440]) tar: torch.Size([1, 61, 720, 1440])
pred: torch.Size([1, 61, 720, 1440]) tar: torch.Size([1, 61, 720, 1440])
pred: torch.Size([1, 61, 720, 1440]) tar: torch.Size([1, 61, 720, 1440])
pred: torch.Size([1, 61, 720, 1440]) tar: torch.Size([1, 61, 720, 1440])
pred: torch.Size([1, 61, 720, 1440]) tar: torch.Size([1, 61, 720, 1440])
pred: torch.Size([1, 61, 720, 1440]) tar: torch.Size([1, 61, 720, 1440])
pred: torch.Size([1, 61, 720, 1440]) tar: torch.Size([1, 61, 720, 1440])
pred: torch.Size([1, 61, 720, 1440]) tar: torch.Size([1, 61, 720, 1440])
pred: torch.Size([1, 61, 720, 1440]) tar: torch.Size([1, 61, 720, 1440])
pred: torch.Size([1, 61, 720, 1440]) tar: torch.Size([1, 61, 720, 1440])
pred: torch.Size([1, 61, 720, 1440]) tar: torch.Size([1, 61, 720, 1440])
pred: torch.Size([1, 61, 720, 1440]) tar: torch.Size([1, 61, 720, 1440])
pred: torch.Size([1, 61, 720, 1440]) tar: torch.Size([1, 61, 720, 1440])
pred: torch.Size([1, 61, 720, 1440]) tar: torch.Size([1, 61, 720, 1440])
pred: torch.Size([1, 61, 720, 1440]) tar: torch.Size([1, 61, 720, 1440])
pred: torch.Size([1, 61, 720, 1440]) tar: torch.Size([1, 61, 720, 1440])
pred: torch.Size([1, 61, 720, 1440]) tar: torch.Size([1, 61, 720, 1440])
pred: torch.Size([1, 61, 720, 1440]) tar: torch.Size([1, 61, 720, 1440])
pred: torch.Size([1, 61, 720, 1440]) tar: torch.Size([1, 61, 720, 1440])
pred: torch.Size([1, 61, 720, 1440]) tar: torch.Size([1, 61, 720, 1440])
pred: torch.Size([1, 61, 720, 1440]) tar: torch.Size([1, 61, 720, 1440])
pred: torch.Size([1, 61, 720, 1440]) tar: torch.Size([1, 61, 720, 1440])
pred: torch.Size([1, 61, 720, 1440]) tar: torch.Size([1, 61, 720, 1440])
pred: torch.Size([1, 61, 720, 1440]) tar: torch.Size([1, 61, 720, 1440])
pred: torch.Size([1, 61, 720, 1440]) tar: torch.Size([1, 61, 720, 1440])
pred: torch.Size([1, 61, 720, 1440]) tar: torch.Size([1, 61, 720, 1440])
pred: torch.Size([1, 61, 720, 1440]) tar: torch.Size([1, 61, 720, 1440])
pred: torch.Size([1, 61, 720, 1440]) tar: torch.Size([1, 61, 720, 1440])
pred: torch.Size([1, 61, 720, 1440]) tar: torch.Size([1, 61, 720, 1440])
pred: torch.Size([1, 61, 720, 1440]) tar: torch.Size([1, 61, 720, 1440])
pred: torch.Size([1, 61, 720, 1440]) tar: torch.Size([1, 61, 720, 1440])
pred: torch.Size([1, 61, 720, 1440]) tar: torch.Size([1, 61, 720, 1440])
pred: torch.Size([1, 61, 720, 1440]) tar: torch.Size([1, 61, 720, 1440])
pred: torch.Size([1, 61, 720, 1440]) tar: torch.Size([1, 61, 720, 1440])
pred: torch.Size([1, 61, 720, 1440]) tar: torch.Size([1, 61, 720, 1440])
pred: torch.Size([1, 61, 720, 1440]) tar: torch.Size([1, 61, 720, 1440])
pred: torch.Size([1, 61, 720, 1440]) tar: torch.Size([1, 61, 720, 1440])
pred: torch.Size([1, 61, 720, 1440]) tar: torch.Size([1, 61, 720, 1440])
pred: torch.Size([1, 61, 720, 1440]) tar: torch.Size([1, 61, 720, 1440])
pred: torch.Size([1, 61, 720, 1440]) tar: torch.Size([1, 61, 720, 1440])
pred: torch.Size([1, 61, 720, 1440]) tar: torch.Size([1, 61, 720, 1440])
pred: torch.Size([1, 61, 720, 1440]) tar: torch.Size([1, 61, 720, 1440])
pred: torch.Size([1, 61, 720, 1440]) tar: torch.Size([1, 61, 720, 1440])
pred: torch.Size([1, 61, 720, 1440]) tar: torch.Size([1, 61, 720, 1440])
pred: torch.Size([1, 61, 720, 1440]) tar: torch.Size([1, 61, 720, 1440])
pred: torch.Size([1, 61, 720, 1440]) tar: torch.Size([1, 61, 720, 1440])
pred: torch.Size([1, 61, 720, 1440]) tar: torch.Size([1, 61, 720, 1440])
pred: torch.Size([1, 61, 720, 1440]) tar: torch.Size([1, 61, 720, 1440])
pred: torch.Size([1, 61, 720, 1440]) tar: torch.Size([1, 61, 720, 1440])
pred: torch.Size([1, 61, 720, 1440]) tar: torch.Size([1, 61, 720, 1440])
pred: torch.Size([1, 61, 720, 1440]) tar: torch.Size([1, 61, 720, 1440])
pred: torch.Size([1, 61, 720, 1440]) tar: torch.Size([1, 61, 720, 1440])
pred: torch.Size([1, 61, 720, 1440]) tar: torch.Size([1, 61, 720, 1440])
pred: torch.Size([1, 61, 720, 1440]) tar: torch.Size([1, 61, 720, 1440])
pred: torch.Size([1, 61, 720, 1440]) tar: torch.Size([1, 61, 720, 1440])
pred: torch.Size([1, 61, 720, 1440]) tar: torch.Size([1, 61, 720, 1440])
pred: torch.Size([1, 61, 720, 1440]) tar: torch.Size([1, 61, 720, 1440])
pred: torch.Size([1, 61, 720, 1440]) tar: torch.Size([1, 61, 720, 1440])
pred: torch.Size([1, 61, 720, 1440]) tar: torch.Size([1, 61, 720, 1440])
pred: torch.Size([1, 61, 720, 1440]) tar: torch.Size([1, 61, 720, 1440])
pred: torch.Size([1, 61, 720, 1440]) tar: torch.Size([1, 61, 720, 1440])
pred: torch.Size([1, 61, 720, 1440]) tar: torch.Size([1, 61, 720, 1440])
pred: torch.Size([1, 61, 720, 1440]) tar: torch.Size([1, 61, 720, 1440])
pred: torch.Size([1, 61, 720, 1440]) tar: torch.Size([1, 61, 720, 1440])
pred: torch.Size([1, 61, 720, 1440]) tar: torch.Size([1, 61, 720, 1440])
pred: torch.Size([1, 61, 720, 1440]) tar: torch.Size([1, 61, 720, 1440])
pred: torch.Size([1, 61, 720, 1440]) tar: torch.Size([1, 61, 720, 1440])
pred: torch.Size([1, 61, 720, 1440]) tar: torch.Size([1, 61, 720, 1440])
pred: torch.Size([1, 61, 720, 1440]) tar: torch.Size([1, 61, 720, 1440])
pred: torch.Size([1, 61, 720, 1440]) tar: torch.Size([1, 61, 720, 1440])
