cuda-11.7 loaded successful
gcc-12.2.0 loaded successful
2023-07-03 09:51:29,965 - root - INFO - expDir: /home/bingxing2/home/scx6115/Ocean_AI_model/./exp_15_levels/Masked_AE_Ocean/20230701-220232
2023-07-03 09:51:29,970 - root - INFO - ------------------ Configuration ------------------
2023-07-03 09:51:29,970 - root - INFO - Configuration file: ../exp_15_levels/Masked_AE_Ocean/20230701-220232/config.yaml
2023-07-03 09:51:29,970 - root - INFO - Configuration name: Masked_AE_Ocean
2023-07-03 09:51:29,970 - root - INFO - nettype Masked_AE_Ocean
2023-07-03 09:51:29,970 - root - INFO - log_to_wandb True
2023-07-03 09:51:29,970 - root - INFO - lr 0.001
2023-07-03 09:51:29,970 - root - INFO - batch_size 32
2023-07-03 09:51:29,970 - root - INFO - max_epochs 150
2023-07-03 09:51:29,971 - root - INFO - scheduler CosineAnnealingLR
2023-07-03 09:51:29,971 - root - INFO - fusion_3d_2d False
2023-07-03 09:51:29,971 - root - INFO - in_channels [0, 1, 2, 3, 4, 5, 6, 7, 8, 9, 10, 11, 12, 13, 14, 15, 16, 17, 18, 19, 20, 21, 22, 23, 24, 25, 26, 27, 28, 29, 30, 31, 32, 33, 34, 35, 36, 37, 38, 39, 40, 41, 42, 43, 44, 45, 46, 47, 48, 49, 50, 51, 52, 53, 54, 55, 56, 57, 58, 59, 60, 61, 62, 63, 64, 65]
2023-07-03 09:51:29,971 - root - INFO - out_channels [0, 1, 2, 3, 4, 5, 6, 7, 8, 9, 10, 11, 12, 13, 14, 15, 16, 17, 18, 19, 20, 21, 22, 23, 24, 25, 26, 27, 28, 29, 30, 31, 32, 33, 34, 35, 36, 37, 38, 39, 40, 41, 42, 43, 44, 45, 46, 47, 48, 49, 50, 51, 52, 53, 54, 55, 56, 57, 58, 59, 60]
2023-07-03 09:51:29,971 - root - INFO - N_in_channels 66
2023-07-03 09:51:29,971 - root - INFO - N_out_channels 61
2023-07-03 09:51:29,971 - root - INFO - img_size_h 720
2023-07-03 09:51:29,971 - root - INFO - img_size_w 1440
2023-07-03 09:51:29,971 - root - INFO - patch_size_h 8
2023-07-03 09:51:29,971 - root - INFO - patch_size_w 8
2023-07-03 09:51:29,971 - root - INFO - mlp_ratio 4.0
2023-07-03 09:51:29,971 - root - INFO - embed_dim 512
2023-07-03 09:51:29,972 - root - INFO - depth 12
2023-07-03 09:51:29,972 - root - INFO - num_heads 16
2023-07-03 09:51:29,972 - root - INFO - decoder_embed_dim 1024
2023-07-03 09:51:29,972 - root - INFO - decoder_depth 8
2023-07-03 09:51:29,972 - root - INFO - decoder_num_heads 16
2023-07-03 09:51:29,972 - root - INFO - koopman_depth 2
2023-07-03 09:51:29,972 - root - INFO - modes_h_ratio 1
2023-07-03 09:51:29,972 - root - INFO - modes_w_ratio 0.8
2023-07-03 09:51:29,972 - root - INFO - drop_rate 0.0
2023-07-03 09:51:29,972 - root - INFO - drop_path_rate 0.0
2023-07-03 09:51:29,972 - root - INFO - sparsity_threshold 0.01
2023-07-03 09:51:29,972 - root - INFO - hard_thresholding_fraction 1.0
2023-07-03 09:51:29,972 - root - INFO - num_blocks 8
2023-07-03 09:51:29,972 - root - INFO - loss l2
2023-07-03 09:51:29,973 - root - INFO - num_data_workers 0
2023-07-03 09:51:29,973 - root - INFO - dt 1
2023-07-03 09:51:29,973 - root - INFO - n_history 0
2023-07-03 09:51:29,973 - root - INFO - prediction_type iterative
2023-07-03 09:51:29,973 - root - INFO - prediction_length 30
2023-07-03 09:51:29,973 - root - INFO - n_initial_conditions 5
2023-07-03 09:51:29,973 - root - INFO - ics_type default
2023-07-03 09:51:29,973 - root - INFO - date_strings ['2018-09-14 00:00:00']
2023-07-03 09:51:29,973 - root - INFO - save_raw_forecasts True
2023-07-03 09:51:29,973 - root - INFO - save_channel False
2023-07-03 09:51:29,973 - root - INFO - masked_acc False
2023-07-03 09:51:29,973 - root - INFO - maskpath None
2023-07-03 09:51:29,973 - root - INFO - perturb False
2023-07-03 09:51:29,974 - root - INFO - add_grid False
2023-07-03 09:51:29,974 - root - INFO - N_grid_channels 0
2023-07-03 09:51:29,974 - root - INFO - gridtype sinusoidal
2023-07-03 09:51:29,974 - root - INFO - roll False
2023-07-03 09:51:29,974 - root - INFO - enable_nhwc False
2023-07-03 09:51:29,974 - root - INFO - optimizer_type FusedAdam
2023-07-03 09:51:29,974 - root - INFO - exp_dir ./exp_15_levels
2023-07-03 09:51:29,974 - root - INFO - patch_size 8
2023-07-03 09:51:29,974 - root - INFO - width 56
2023-07-03 09:51:29,974 - root - INFO - modes 32
2023-07-03 09:51:29,974 - root - INFO - target default
2023-07-03 09:51:29,974 - root - INFO - train_data_path /home/bingxing2/home/scx6115/Ocean_AI_model/sample_01/train
2023-07-03 09:51:29,974 - root - INFO - valid_data_path /home/bingxing2/home/scx6115/Ocean_AI_model/sample_01/valid
2023-07-03 09:51:29,975 - root - INFO - test_data_path /home/bingxing2/home/scx6115/Ocean_AI_model/sample_01/test
2023-07-03 09:51:29,975 - root - INFO - land_mask True
2023-07-03 09:51:29,975 - root - INFO - land_mask_path /home/bingxing2/home/scx6115/Ocean_AI_model/sample_01/land_mask.h5
2023-07-03 09:51:29,975 - root - INFO - normalize True
2023-07-03 09:51:29,975 - root - INFO - normalization zscore
2023-07-03 09:51:29,975 - root - INFO - global_mins_path /home/bingxing2/home/scx6115/Ocean_AI_model/sample_01/train/global_mins.npy
2023-07-03 09:51:29,975 - root - INFO - global_maxs_path /home/bingxing2/home/scx6115/Ocean_AI_model/sample_01/train/global_maxs.npy
2023-07-03 09:51:29,975 - root - INFO - global_means_path /home/bingxing2/home/scx6115/Ocean_AI_model/sample_01/train/global_means.npy
2023-07-03 09:51:29,975 - root - INFO - global_stds_path /home/bingxing2/home/scx6115/Ocean_AI_model/sample_01/train/global_stds.npy
2023-07-03 09:51:29,975 - root - INFO - orography True
2023-07-03 09:51:29,975 - root - INFO - orography_norm_zscore_path /home/bingxing2/home/scx6115/Ocean_AI_model/sample_01/orography_norm_zscore.h5
2023-07-03 09:51:29,975 - root - INFO - orography_norm_maxmin_path /home/bingxing2/home/scx6115/Ocean_AI_model/sample_01/orography_norm_maxmin.h5
2023-07-03 09:51:29,975 - root - INFO - add_noise False
2023-07-03 09:51:29,975 - root - INFO - noise_std 0
2023-07-03 09:51:29,976 - root - INFO - crop_size_x None
2023-07-03 09:51:29,976 - root - INFO - crop_size_y None
2023-07-03 09:51:29,976 - root - INFO - log_to_screen True
2023-07-03 09:51:29,976 - root - INFO - save_checkpoint True
2023-07-03 09:51:29,976 - root - INFO - plot_animations False
2023-07-03 09:51:29,976 - root - INFO - resuming False
2023-07-03 09:51:29,976 - root - INFO - interp 0
2023-07-03 09:51:29,976 - root - INFO - world_size 1
2023-07-03 09:51:29,976 - root - INFO - local_rank 0
2023-07-03 09:51:29,976 - root - INFO - global_batch_size 32
2023-07-03 09:51:29,976 - root - INFO - decorrelation_time 50
2023-07-03 09:51:29,976 - root - INFO - n_samples_per_year 300
2023-07-03 09:51:29,976 - root - INFO - experiment_dir /home/bingxing2/home/scx6115/Ocean_AI_model/./exp_15_levels/Masked_AE_Ocean/20230701-220232
2023-07-03 09:51:29,977 - root - INFO - best_checkpoint_path /home/bingxing2/home/scx6115/Ocean_AI_model/./exp_15_levels/Masked_AE_Ocean/20230701-220232/training_checkpoints/best_ckpt.tar
2023-07-03 09:51:29,977 - root - INFO - ---------------------------------------------------
2023-07-03 09:51:29,977 - root - INFO - Inference for 6 initial conditions
2023-07-03 09:51:30,022 - root - INFO - Getting file stats from /home/bingxing2/home/scx6115/Ocean_AI_model/sample_01/test/2012.h5
2023-07-03 09:51:30,023 - root - INFO - Number of samples per year: 365
2023-07-03 09:51:30,024 - root - INFO - Found data at path /home/bingxing2/home/scx6115/Ocean_AI_model/sample_01/test. Number of examples: 365. Image Shape: 720 x 1440 x 66
2023-07-03 09:51:30,024 - root - INFO - Delta t: 1 days
2023-07-03 09:51:30,024 - root - INFO - Including 0 days of past history in training at a frequency of 1 days
2023-07-03 09:51:31,348 - root - INFO - Loading trained model checkpoint from /home/bingxing2/home/scx6115/Ocean_AI_model/./exp_15_levels/Masked_AE_Ocean/20230701-220232/training_checkpoints/best_ckpt.tar
2023-07-03 09:51:36,391 - root - INFO - Loading inference data
2023-07-03 09:51:36,391 - root - INFO - Inference data from /home/bingxing2/home/scx6115/Ocean_AI_model/sample_01/test/2012.h5
2023-07-03 09:51:36,393 - root - INFO - Initial condition 1 of 6
2023-07-03 09:51:44,004 - root - INFO - valid_data_full: (366, 66, 721, 1440)
2023-07-03 09:51:44,124 - root - INFO - valid_data: (30, 66, 720, 1440)
2023-07-03 09:51:59,931 - root - INFO - orography loaded; shape:torch.Size([1, 1, 720, 1440])
2023-07-03 09:51:59,933 - root - INFO - Begin autoregressive inference
2023-07-03 09:52:27,427 - root - INFO - Initial condition 2 of 6
2023-07-03 09:52:34,708 - root - INFO - valid_data_full: (366, 66, 721, 1440)
2023-07-03 09:52:34,822 - root - INFO - valid_data: (30, 66, 720, 1440)
2023-07-03 09:52:51,253 - root - INFO - orography loaded; shape:torch.Size([1, 1, 720, 1440])
2023-07-03 09:52:51,255 - root - INFO - Begin autoregressive inference
2023-07-03 09:53:22,540 - root - INFO - Initial condition 3 of 6
2023-07-03 09:53:29,633 - root - INFO - valid_data_full: (366, 66, 721, 1440)
2023-07-03 09:53:29,771 - root - INFO - valid_data: (30, 66, 720, 1440)
2023-07-03 09:53:47,381 - root - INFO - orography loaded; shape:torch.Size([1, 1, 720, 1440])
2023-07-03 09:53:47,383 - root - INFO - Begin autoregressive inference
2023-07-03 09:54:21,432 - root - INFO - Initial condition 4 of 6
2023-07-03 09:54:28,256 - root - INFO - valid_data_full: (366, 66, 721, 1440)
2023-07-03 09:54:28,392 - root - INFO - valid_data: (30, 66, 720, 1440)
2023-07-03 09:54:46,514 - root - INFO - orography loaded; shape:torch.Size([1, 1, 720, 1440])
2023-07-03 09:54:46,516 - root - INFO - Begin autoregressive inference
2023-07-03 09:55:24,496 - root - INFO - Initial condition 5 of 6
2023-07-03 09:55:31,479 - root - INFO - valid_data_full: (366, 66, 721, 1440)
2023-07-03 09:55:31,596 - root - INFO - valid_data: (30, 66, 720, 1440)
2023-07-03 09:55:49,050 - root - INFO - orography loaded; shape:torch.Size([1, 1, 720, 1440])
2023-07-03 09:55:49,053 - root - INFO - Begin autoregressive inference
2023-07-03 09:56:33,250 - root - INFO - Initial condition 6 of 6
2023-07-03 09:56:40,554 - root - INFO - valid_data_full: (366, 66, 721, 1440)
2023-07-03 09:56:40,691 - root - INFO - valid_data: (30, 66, 720, 1440)
2023-07-03 09:56:58,461 - root - INFO - orography loaded; shape:torch.Size([1, 1, 720, 1440])
2023-07-03 09:56:58,463 - root - INFO - Begin autoregressive inference
2023-07-03 09:57:45,549 - root - INFO - seq_real:, (6, 30, 61, 720, 1440)
2023-07-03 09:57:45,551 - root - INFO - Saving files at /home/bingxing2/home/scx6115/Ocean_AI_model/./exp_15_levels/Masked_AE_Ocean/20230701-220232/autoregressive_predictions.h5
pred: torch.Size([1, 61, 720, 1440]) tar: torch.Size([1, 61, 720, 1440])
pred: torch.Size([1, 61, 720, 1440]) tar: torch.Size([1, 61, 720, 1440])
pred: torch.Size([1, 61, 720, 1440]) tar: torch.Size([1, 61, 720, 1440])
pred: torch.Size([1, 61, 720, 1440]) tar: torch.Size([1, 61, 720, 1440])
pred: torch.Size([1, 61, 720, 1440]) tar: torch.Size([1, 61, 720, 1440])
pred: torch.Size([1, 61, 720, 1440]) tar: torch.Size([1, 61, 720, 1440])
pred: torch.Size([1, 61, 720, 1440]) tar: torch.Size([1, 61, 720, 1440])
pred: torch.Size([1, 61, 720, 1440]) tar: torch.Size([1, 61, 720, 1440])
pred: torch.Size([1, 61, 720, 1440]) tar: torch.Size([1, 61, 720, 1440])
pred: torch.Size([1, 61, 720, 1440]) tar: torch.Size([1, 61, 720, 1440])
pred: torch.Size([1, 61, 720, 1440]) tar: torch.Size([1, 61, 720, 1440])
pred: torch.Size([1, 61, 720, 1440]) tar: torch.Size([1, 61, 720, 1440])
pred: torch.Size([1, 61, 720, 1440]) tar: torch.Size([1, 61, 720, 1440])
pred: torch.Size([1, 61, 720, 1440]) tar: torch.Size([1, 61, 720, 1440])
pred: torch.Size([1, 61, 720, 1440]) tar: torch.Size([1, 61, 720, 1440])
pred: torch.Size([1, 61, 720, 1440]) tar: torch.Size([1, 61, 720, 1440])
pred: torch.Size([1, 61, 720, 1440]) tar: torch.Size([1, 61, 720, 1440])
pred: torch.Size([1, 61, 720, 1440]) tar: torch.Size([1, 61, 720, 1440])
pred: torch.Size([1, 61, 720, 1440]) tar: torch.Size([1, 61, 720, 1440])
pred: torch.Size([1, 61, 720, 1440]) tar: torch.Size([1, 61, 720, 1440])
pred: torch.Size([1, 61, 720, 1440]) tar: torch.Size([1, 61, 720, 1440])
pred: torch.Size([1, 61, 720, 1440]) tar: torch.Size([1, 61, 720, 1440])
pred: torch.Size([1, 61, 720, 1440]) tar: torch.Size([1, 61, 720, 1440])
pred: torch.Size([1, 61, 720, 1440]) tar: torch.Size([1, 61, 720, 1440])
pred: torch.Size([1, 61, 720, 1440]) tar: torch.Size([1, 61, 720, 1440])
pred: torch.Size([1, 61, 720, 1440]) tar: torch.Size([1, 61, 720, 1440])
pred: torch.Size([1, 61, 720, 1440]) tar: torch.Size([1, 61, 720, 1440])
pred: torch.Size([1, 61, 720, 1440]) tar: torch.Size([1, 61, 720, 1440])
pred: torch.Size([1, 61, 720, 1440]) tar: torch.Size([1, 61, 720, 1440])
pred: torch.Size([1, 61, 720, 1440]) tar: torch.Size([1, 61, 720, 1440])
pred: torch.Size([1, 61, 720, 1440]) tar: torch.Size([1, 61, 720, 1440])
pred: torch.Size([1, 61, 720, 1440]) tar: torch.Size([1, 61, 720, 1440])
pred: torch.Size([1, 61, 720, 1440]) tar: torch.Size([1, 61, 720, 1440])
pred: torch.Size([1, 61, 720, 1440]) tar: torch.Size([1, 61, 720, 1440])
pred: torch.Size([1, 61, 720, 1440]) tar: torch.Size([1, 61, 720, 1440])
pred: torch.Size([1, 61, 720, 1440]) tar: torch.Size([1, 61, 720, 1440])
pred: torch.Size([1, 61, 720, 1440]) tar: torch.Size([1, 61, 720, 1440])
pred: torch.Size([1, 61, 720, 1440]) tar: torch.Size([1, 61, 720, 1440])
pred: torch.Size([1, 61, 720, 1440]) tar: torch.Size([1, 61, 720, 1440])
pred: torch.Size([1, 61, 720, 1440]) tar: torch.Size([1, 61, 720, 1440])
pred: torch.Size([1, 61, 720, 1440]) tar: torch.Size([1, 61, 720, 1440])
pred: torch.Size([1, 61, 720, 1440]) tar: torch.Size([1, 61, 720, 1440])
pred: torch.Size([1, 61, 720, 1440]) tar: torch.Size([1, 61, 720, 1440])
pred: torch.Size([1, 61, 720, 1440]) tar: torch.Size([1, 61, 720, 1440])
pred: torch.Size([1, 61, 720, 1440]) tar: torch.Size([1, 61, 720, 1440])
pred: torch.Size([1, 61, 720, 1440]) tar: torch.Size([1, 61, 720, 1440])
pred: torch.Size([1, 61, 720, 1440]) tar: torch.Size([1, 61, 720, 1440])
pred: torch.Size([1, 61, 720, 1440]) tar: torch.Size([1, 61, 720, 1440])
pred: torch.Size([1, 61, 720, 1440]) tar: torch.Size([1, 61, 720, 1440])
pred: torch.Size([1, 61, 720, 1440]) tar: torch.Size([1, 61, 720, 1440])
pred: torch.Size([1, 61, 720, 1440]) tar: torch.Size([1, 61, 720, 1440])
pred: torch.Size([1, 61, 720, 1440]) tar: torch.Size([1, 61, 720, 1440])
pred: torch.Size([1, 61, 720, 1440]) tar: torch.Size([1, 61, 720, 1440])
pred: torch.Size([1, 61, 720, 1440]) tar: torch.Size([1, 61, 720, 1440])
pred: torch.Size([1, 61, 720, 1440]) tar: torch.Size([1, 61, 720, 1440])
pred: torch.Size([1, 61, 720, 1440]) tar: torch.Size([1, 61, 720, 1440])
pred: torch.Size([1, 61, 720, 1440]) tar: torch.Size([1, 61, 720, 1440])
pred: torch.Size([1, 61, 720, 1440]) tar: torch.Size([1, 61, 720, 1440])
pred: torch.Size([1, 61, 720, 1440]) tar: torch.Size([1, 61, 720, 1440])
pred: torch.Size([1, 61, 720, 1440]) tar: torch.Size([1, 61, 720, 1440])
pred: torch.Size([1, 61, 720, 1440]) tar: torch.Size([1, 61, 720, 1440])
pred: torch.Size([1, 61, 720, 1440]) tar: torch.Size([1, 61, 720, 1440])
pred: torch.Size([1, 61, 720, 1440]) tar: torch.Size([1, 61, 720, 1440])
pred: torch.Size([1, 61, 720, 1440]) tar: torch.Size([1, 61, 720, 1440])
pred: torch.Size([1, 61, 720, 1440]) tar: torch.Size([1, 61, 720, 1440])
pred: torch.Size([1, 61, 720, 1440]) tar: torch.Size([1, 61, 720, 1440])
pred: torch.Size([1, 61, 720, 1440]) tar: torch.Size([1, 61, 720, 1440])
pred: torch.Size([1, 61, 720, 1440]) tar: torch.Size([1, 61, 720, 1440])
pred: torch.Size([1, 61, 720, 1440]) tar: torch.Size([1, 61, 720, 1440])
pred: torch.Size([1, 61, 720, 1440]) tar: torch.Size([1, 61, 720, 1440])
pred: torch.Size([1, 61, 720, 1440]) tar: torch.Size([1, 61, 720, 1440])
pred: torch.Size([1, 61, 720, 1440]) tar: torch.Size([1, 61, 720, 1440])
pred: torch.Size([1, 61, 720, 1440]) tar: torch.Size([1, 61, 720, 1440])
pred: torch.Size([1, 61, 720, 1440]) tar: torch.Size([1, 61, 720, 1440])
pred: torch.Size([1, 61, 720, 1440]) tar: torch.Size([1, 61, 720, 1440])
pred: torch.Size([1, 61, 720, 1440]) tar: torch.Size([1, 61, 720, 1440])
pred: torch.Size([1, 61, 720, 1440]) tar: torch.Size([1, 61, 720, 1440])
pred: torch.Size([1, 61, 720, 1440]) tar: torch.Size([1, 61, 720, 1440])
pred: torch.Size([1, 61, 720, 1440]) tar: torch.Size([1, 61, 720, 1440])
pred: torch.Size([1, 61, 720, 1440]) tar: torch.Size([1, 61, 720, 1440])
pred: torch.Size([1, 61, 720, 1440]) tar: torch.Size([1, 61, 720, 1440])
pred: torch.Size([1, 61, 720, 1440]) tar: torch.Size([1, 61, 720, 1440])
pred: torch.Size([1, 61, 720, 1440]) tar: torch.Size([1, 61, 720, 1440])
pred: torch.Size([1, 61, 720, 1440]) tar: torch.Size([1, 61, 720, 1440])
pred: torch.Size([1, 61, 720, 1440]) tar: torch.Size([1, 61, 720, 1440])
pred: torch.Size([1, 61, 720, 1440]) tar: torch.Size([1, 61, 720, 1440])
pred: torch.Size([1, 61, 720, 1440]) tar: torch.Size([1, 61, 720, 1440])
pred: torch.Size([1, 61, 720, 1440]) tar: torch.Size([1, 61, 720, 1440])
pred: torch.Size([1, 61, 720, 1440]) tar: torch.Size([1, 61, 720, 1440])
pred: torch.Size([1, 61, 720, 1440]) tar: torch.Size([1, 61, 720, 1440])
pred: torch.Size([1, 61, 720, 1440]) tar: torch.Size([1, 61, 720, 1440])
pred: torch.Size([1, 61, 720, 1440]) tar: torch.Size([1, 61, 720, 1440])
pred: torch.Size([1, 61, 720, 1440]) tar: torch.Size([1, 61, 720, 1440])
pred: torch.Size([1, 61, 720, 1440]) tar: torch.Size([1, 61, 720, 1440])
pred: torch.Size([1, 61, 720, 1440]) tar: torch.Size([1, 61, 720, 1440])
pred: torch.Size([1, 61, 720, 1440]) tar: torch.Size([1, 61, 720, 1440])
pred: torch.Size([1, 61, 720, 1440]) tar: torch.Size([1, 61, 720, 1440])
pred: torch.Size([1, 61, 720, 1440]) tar: torch.Size([1, 61, 720, 1440])
pred: torch.Size([1, 61, 720, 1440]) tar: torch.Size([1, 61, 720, 1440])
pred: torch.Size([1, 61, 720, 1440]) tar: torch.Size([1, 61, 720, 1440])
pred: torch.Size([1, 61, 720, 1440]) tar: torch.Size([1, 61, 720, 1440])
pred: torch.Size([1, 61, 720, 1440]) tar: torch.Size([1, 61, 720, 1440])
pred: torch.Size([1, 61, 720, 1440]) tar: torch.Size([1, 61, 720, 1440])
pred: torch.Size([1, 61, 720, 1440]) tar: torch.Size([1, 61, 720, 1440])
pred: torch.Size([1, 61, 720, 1440]) tar: torch.Size([1, 61, 720, 1440])
pred: torch.Size([1, 61, 720, 1440]) tar: torch.Size([1, 61, 720, 1440])
pred: torch.Size([1, 61, 720, 1440]) tar: torch.Size([1, 61, 720, 1440])
pred: torch.Size([1, 61, 720, 1440]) tar: torch.Size([1, 61, 720, 1440])
pred: torch.Size([1, 61, 720, 1440]) tar: torch.Size([1, 61, 720, 1440])
pred: torch.Size([1, 61, 720, 1440]) tar: torch.Size([1, 61, 720, 1440])
pred: torch.Size([1, 61, 720, 1440]) tar: torch.Size([1, 61, 720, 1440])
pred: torch.Size([1, 61, 720, 1440]) tar: torch.Size([1, 61, 720, 1440])
pred: torch.Size([1, 61, 720, 1440]) tar: torch.Size([1, 61, 720, 1440])
pred: torch.Size([1, 61, 720, 1440]) tar: torch.Size([1, 61, 720, 1440])
pred: torch.Size([1, 61, 720, 1440]) tar: torch.Size([1, 61, 720, 1440])
pred: torch.Size([1, 61, 720, 1440]) tar: torch.Size([1, 61, 720, 1440])
pred: torch.Size([1, 61, 720, 1440]) tar: torch.Size([1, 61, 720, 1440])
pred: torch.Size([1, 61, 720, 1440]) tar: torch.Size([1, 61, 720, 1440])
pred: torch.Size([1, 61, 720, 1440]) tar: torch.Size([1, 61, 720, 1440])
pred: torch.Size([1, 61, 720, 1440]) tar: torch.Size([1, 61, 720, 1440])
pred: torch.Size([1, 61, 720, 1440]) tar: torch.Size([1, 61, 720, 1440])
pred: torch.Size([1, 61, 720, 1440]) tar: torch.Size([1, 61, 720, 1440])
pred: torch.Size([1, 61, 720, 1440]) tar: torch.Size([1, 61, 720, 1440])
pred: torch.Size([1, 61, 720, 1440]) tar: torch.Size([1, 61, 720, 1440])
pred: torch.Size([1, 61, 720, 1440]) tar: torch.Size([1, 61, 720, 1440])
pred: torch.Size([1, 61, 720, 1440]) tar: torch.Size([1, 61, 720, 1440])
pred: torch.Size([1, 61, 720, 1440]) tar: torch.Size([1, 61, 720, 1440])
pred: torch.Size([1, 61, 720, 1440]) tar: torch.Size([1, 61, 720, 1440])
pred: torch.Size([1, 61, 720, 1440]) tar: torch.Size([1, 61, 720, 1440])
pred: torch.Size([1, 61, 720, 1440]) tar: torch.Size([1, 61, 720, 1440])
pred: torch.Size([1, 61, 720, 1440]) tar: torch.Size([1, 61, 720, 1440])
pred: torch.Size([1, 61, 720, 1440]) tar: torch.Size([1, 61, 720, 1440])
pred: torch.Size([1, 61, 720, 1440]) tar: torch.Size([1, 61, 720, 1440])
pred: torch.Size([1, 61, 720, 1440]) tar: torch.Size([1, 61, 720, 1440])
pred: torch.Size([1, 61, 720, 1440]) tar: torch.Size([1, 61, 720, 1440])
pred: torch.Size([1, 61, 720, 1440]) tar: torch.Size([1, 61, 720, 1440])
pred: torch.Size([1, 61, 720, 1440]) tar: torch.Size([1, 61, 720, 1440])
pred: torch.Size([1, 61, 720, 1440]) tar: torch.Size([1, 61, 720, 1440])
pred: torch.Size([1, 61, 720, 1440]) tar: torch.Size([1, 61, 720, 1440])
pred: torch.Size([1, 61, 720, 1440]) tar: torch.Size([1, 61, 720, 1440])
pred: torch.Size([1, 61, 720, 1440]) tar: torch.Size([1, 61, 720, 1440])
pred: torch.Size([1, 61, 720, 1440]) tar: torch.Size([1, 61, 720, 1440])
pred: torch.Size([1, 61, 720, 1440]) tar: torch.Size([1, 61, 720, 1440])
pred: torch.Size([1, 61, 720, 1440]) tar: torch.Size([1, 61, 720, 1440])
pred: torch.Size([1, 61, 720, 1440]) tar: torch.Size([1, 61, 720, 1440])
pred: torch.Size([1, 61, 720, 1440]) tar: torch.Size([1, 61, 720, 1440])
pred: torch.Size([1, 61, 720, 1440]) tar: torch.Size([1, 61, 720, 1440])
pred: torch.Size([1, 61, 720, 1440]) tar: torch.Size([1, 61, 720, 1440])
pred: torch.Size([1, 61, 720, 1440]) tar: torch.Size([1, 61, 720, 1440])
pred: torch.Size([1, 61, 720, 1440]) tar: torch.Size([1, 61, 720, 1440])
pred: torch.Size([1, 61, 720, 1440]) tar: torch.Size([1, 61, 720, 1440])
pred: torch.Size([1, 61, 720, 1440]) tar: torch.Size([1, 61, 720, 1440])
pred: torch.Size([1, 61, 720, 1440]) tar: torch.Size([1, 61, 720, 1440])
pred: torch.Size([1, 61, 720, 1440]) tar: torch.Size([1, 61, 720, 1440])
pred: torch.Size([1, 61, 720, 1440]) tar: torch.Size([1, 61, 720, 1440])
pred: torch.Size([1, 61, 720, 1440]) tar: torch.Size([1, 61, 720, 1440])
pred: torch.Size([1, 61, 720, 1440]) tar: torch.Size([1, 61, 720, 1440])
pred: torch.Size([1, 61, 720, 1440]) tar: torch.Size([1, 61, 720, 1440])
pred: torch.Size([1, 61, 720, 1440]) tar: torch.Size([1, 61, 720, 1440])
pred: torch.Size([1, 61, 720, 1440]) tar: torch.Size([1, 61, 720, 1440])
pred: torch.Size([1, 61, 720, 1440]) tar: torch.Size([1, 61, 720, 1440])
pred: torch.Size([1, 61, 720, 1440]) tar: torch.Size([1, 61, 720, 1440])
pred: torch.Size([1, 61, 720, 1440]) tar: torch.Size([1, 61, 720, 1440])
pred: torch.Size([1, 61, 720, 1440]) tar: torch.Size([1, 61, 720, 1440])
pred: torch.Size([1, 61, 720, 1440]) tar: torch.Size([1, 61, 720, 1440])
pred: torch.Size([1, 61, 720, 1440]) tar: torch.Size([1, 61, 720, 1440])
pred: torch.Size([1, 61, 720, 1440]) tar: torch.Size([1, 61, 720, 1440])
pred: torch.Size([1, 61, 720, 1440]) tar: torch.Size([1, 61, 720, 1440])
pred: torch.Size([1, 61, 720, 1440]) tar: torch.Size([1, 61, 720, 1440])
pred: torch.Size([1, 61, 720, 1440]) tar: torch.Size([1, 61, 720, 1440])
pred: torch.Size([1, 61, 720, 1440]) tar: torch.Size([1, 61, 720, 1440])
pred: torch.Size([1, 61, 720, 1440]) tar: torch.Size([1, 61, 720, 1440])
pred: torch.Size([1, 61, 720, 1440]) tar: torch.Size([1, 61, 720, 1440])
pred: torch.Size([1, 61, 720, 1440]) tar: torch.Size([1, 61, 720, 1440])
pred: torch.Size([1, 61, 720, 1440]) tar: torch.Size([1, 61, 720, 1440])
pred: torch.Size([1, 61, 720, 1440]) tar: torch.Size([1, 61, 720, 1440])
pred: torch.Size([1, 61, 720, 1440]) tar: torch.Size([1, 61, 720, 1440])
pred: torch.Size([1, 61, 720, 1440]) tar: torch.Size([1, 61, 720, 1440])
pred: torch.Size([1, 61, 720, 1440]) tar: torch.Size([1, 61, 720, 1440])
pred: torch.Size([1, 61, 720, 1440]) tar: torch.Size([1, 61, 720, 1440])
