cuda-11.7 loaded successful
gcc-12.2.0 loaded successful
2023-07-08 19:47:16,786 - root - INFO - expDir: /home/bingxing2/home/scx6115/Ocean_AI_model/./exp_15_levels/afno/20230628-131420
2023-07-08 19:47:16,791 - root - INFO - ------------------ Configuration ------------------
2023-07-08 19:47:16,793 - root - INFO - Configuration file: ../exp_15_levels/afno/20230628-131420/config.yaml
2023-07-08 19:47:16,794 - root - INFO - Configuration name: afno
2023-07-08 19:47:16,794 - root - INFO - nettype afno
2023-07-08 19:47:16,794 - root - INFO - log_to_wandb True
2023-07-08 19:47:16,794 - root - INFO - lr 0.0005
2023-07-08 19:47:16,794 - root - INFO - batch_size 16
2023-07-08 19:47:16,794 - root - INFO - max_epochs 100
2023-07-08 19:47:16,794 - root - INFO - scheduler CosineAnnealingLR
2023-07-08 19:47:16,794 - root - INFO - fusion_3d_2d False
2023-07-08 19:47:16,794 - root - INFO - in_channels [0, 1, 2, 3, 4, 5, 6, 7, 8, 9, 10, 11, 12, 13, 14, 15, 16, 17, 18, 19, 20, 21, 22, 23, 24, 25, 26, 27, 28, 29, 30, 31, 32, 33, 34, 35, 36, 37, 38, 39, 40, 41, 42, 43, 44, 45, 46, 47, 48, 49, 50, 51, 52, 53, 54, 55, 56, 57, 58, 59, 60, 61, 62, 63, 64, 65]
2023-07-08 19:47:16,794 - root - INFO - out_channels [0, 1, 2, 3, 4, 5, 6, 7, 8, 9, 10, 11, 12, 13, 14, 15, 16, 17, 18, 19, 20, 21, 22, 23, 24, 25, 26, 27, 28, 29, 30, 31, 32, 33, 34, 35, 36, 37, 38, 39, 40, 41, 42, 43, 44, 45, 46, 47, 48, 49, 50, 51, 52, 53, 54, 55, 56, 57, 58, 59, 60]
2023-07-08 19:47:16,794 - root - INFO - N_in_channels 66
2023-07-08 19:47:16,794 - root - INFO - N_out_channels 61
2023-07-08 19:47:16,794 - root - INFO - img_size_h 720
2023-07-08 19:47:16,795 - root - INFO - img_size_w 1440
2023-07-08 19:47:16,795 - root - INFO - patch_size_h 5
2023-07-08 19:47:16,795 - root - INFO - patch_size_w 5
2023-07-08 19:47:16,795 - root - INFO - loss l2
2023-07-08 19:47:16,795 - root - INFO - num_data_workers 0
2023-07-08 19:47:16,795 - root - INFO - dt 1
2023-07-08 19:47:16,795 - root - INFO - n_history 0
2023-07-08 19:47:16,795 - root - INFO - prediction_type iterative
2023-07-08 19:47:16,795 - root - INFO - prediction_length 35
2023-07-08 19:47:16,795 - root - INFO - n_initial_conditions 5
2023-07-08 19:47:16,795 - root - INFO - ics_type default
2023-07-08 19:47:16,795 - root - INFO - date_strings ['2018-09-14 00:00:00']
2023-07-08 19:47:16,795 - root - INFO - save_raw_forecasts True
2023-07-08 19:47:16,796 - root - INFO - save_channel False
2023-07-08 19:47:16,796 - root - INFO - masked_acc False
2023-07-08 19:47:16,796 - root - INFO - maskpath None
2023-07-08 19:47:16,796 - root - INFO - perturb False
2023-07-08 19:47:16,796 - root - INFO - add_grid False
2023-07-08 19:47:16,796 - root - INFO - N_grid_channels 0
2023-07-08 19:47:16,796 - root - INFO - gridtype sinusoidal
2023-07-08 19:47:16,796 - root - INFO - roll False
2023-07-08 19:47:16,796 - root - INFO - enable_nhwc False
2023-07-08 19:47:16,796 - root - INFO - optimizer_type FusedAdam
2023-07-08 19:47:16,796 - root - INFO - exp_dir ./exp_15_levels
2023-07-08 19:47:16,796 - root - INFO - num_blocks 8
2023-07-08 19:47:16,796 - root - INFO - patch_size 8
2023-07-08 19:47:16,796 - root - INFO - width 56
2023-07-08 19:47:16,797 - root - INFO - modes 32
2023-07-08 19:47:16,797 - root - INFO - target default
2023-07-08 19:47:16,797 - root - INFO - train_data_path /home/bingxing2/home/scx6115/Ocean_AI_model/sample_01/train
2023-07-08 19:47:16,797 - root - INFO - valid_data_path /home/bingxing2/home/scx6115/Ocean_AI_model/sample_01/valid
2023-07-08 19:47:16,797 - root - INFO - test_data_path /home/bingxing2/home/scx6115/Ocean_AI_model/sample_01/test
2023-07-08 19:47:16,797 - root - INFO - land_mask True
2023-07-08 19:47:16,797 - root - INFO - land_mask_path /home/bingxing2/home/scx6115/Ocean_AI_model/sample_01/land_mask.h5
2023-07-08 19:47:16,797 - root - INFO - normalize True
2023-07-08 19:47:16,797 - root - INFO - normalization zscore
2023-07-08 19:47:16,797 - root - INFO - global_mins_path /home/bingxing2/home/scx6115/Ocean_AI_model/sample_01/train/global_mins.npy
2023-07-08 19:47:16,797 - root - INFO - global_maxs_path /home/bingxing2/home/scx6115/Ocean_AI_model/sample_01/train/global_maxs.npy
2023-07-08 19:47:16,797 - root - INFO - global_means_path /home/bingxing2/home/scx6115/Ocean_AI_model/sample_01/train/global_means.npy
2023-07-08 19:47:16,797 - root - INFO - global_stds_path /home/bingxing2/home/scx6115/Ocean_AI_model/sample_01/train/global_stds.npy
2023-07-08 19:47:16,797 - root - INFO - orography True
2023-07-08 19:47:16,798 - root - INFO - orography_norm_zscore_path /home/bingxing2/home/scx6115/Ocean_AI_model/sample_01/orography_norm_zscore.h5
2023-07-08 19:47:16,798 - root - INFO - orography_norm_maxmin_path /home/bingxing2/home/scx6115/Ocean_AI_model/sample_01/orography_norm_maxmin.h5
2023-07-08 19:47:16,798 - root - INFO - add_noise False
2023-07-08 19:47:16,798 - root - INFO - noise_std 0
2023-07-08 19:47:16,798 - root - INFO - crop_size_x None
2023-07-08 19:47:16,798 - root - INFO - crop_size_y None
2023-07-08 19:47:16,798 - root - INFO - log_to_screen True
2023-07-08 19:47:16,798 - root - INFO - save_checkpoint True
2023-07-08 19:47:16,798 - root - INFO - plot_animations False
2023-07-08 19:47:16,798 - root - INFO - resuming False
2023-07-08 19:47:16,798 - root - INFO - interp 0
2023-07-08 19:47:16,798 - root - INFO - world_size 1
2023-07-08 19:47:16,798 - root - INFO - local_rank 0
2023-07-08 19:47:16,798 - root - INFO - global_batch_size 16
2023-07-08 19:47:16,799 - root - INFO - decorrelation_time 50
2023-07-08 19:47:16,799 - root - INFO - n_samples_per_year 300
2023-07-08 19:47:16,799 - root - INFO - experiment_dir /home/bingxing2/home/scx6115/Ocean_AI_model/./exp_15_levels/afno/20230628-131420
2023-07-08 19:47:16,799 - root - INFO - best_checkpoint_path /home/bingxing2/home/scx6115/Ocean_AI_model/./exp_15_levels/afno/20230628-131420/training_checkpoints/best_ckpt.tar
2023-07-08 19:47:16,799 - root - INFO - ---------------------------------------------------
2023-07-08 19:47:16,799 - root - INFO - Inference for 6 initial conditions
2023-07-08 19:47:16,839 - root - INFO - Getting file stats from /home/bingxing2/home/scx6115/Ocean_AI_model/sample_01/test/2012.h5
2023-07-08 19:47:16,841 - root - INFO - Number of samples per year: 365
2023-07-08 19:47:16,841 - root - INFO - Found data at path /home/bingxing2/home/scx6115/Ocean_AI_model/sample_01/test. Number of examples: 365. Image Shape: 720 x 1440 x 66
2023-07-08 19:47:16,841 - root - INFO - Delta t: 1 days
2023-07-08 19:47:16,841 - root - INFO - Including 0 days of past history in training at a frequency of 1 days
2023-07-08 19:47:17,364 - root - INFO - Loading trained model checkpoint from /home/bingxing2/home/scx6115/Ocean_AI_model/./exp_15_levels/afno/20230628-131420/training_checkpoints/best_ckpt.tar
2023-07-08 19:47:20,888 - root - INFO - Loading inference data
2023-07-08 19:47:20,888 - root - INFO - Inference data from /home/bingxing2/home/scx6115/Ocean_AI_model/sample_01/test/2012.h5
2023-07-08 19:47:20,890 - root - INFO - Initial condition 1 of 6
2023-07-08 19:47:30,407 - root - INFO - valid_data_full: (366, 66, 721, 1440)
2023-07-08 19:47:30,528 - root - INFO - valid_data: (35, 66, 720, 1440)
2023-07-08 19:47:49,091 - root - INFO - orography loaded; shape:torch.Size([1, 1, 720, 1440])
2023-07-08 19:47:49,093 - root - INFO - Begin autoregressive inference
2023-07-08 19:48:17,487 - root - INFO - Initial condition 2 of 6
2023-07-08 19:48:26,834 - root - INFO - valid_data_full: (366, 66, 721, 1440)
2023-07-08 19:48:26,958 - root - INFO - valid_data: (35, 66, 720, 1440)
2023-07-08 19:48:44,832 - root - INFO - orography loaded; shape:torch.Size([1, 1, 720, 1440])
2023-07-08 19:48:44,834 - root - INFO - Begin autoregressive inference
2023-07-08 19:49:23,352 - root - INFO - Initial condition 3 of 6
2023-07-08 19:49:32,464 - root - INFO - valid_data_full: (366, 66, 721, 1440)
2023-07-08 19:49:32,581 - root - INFO - valid_data: (35, 66, 720, 1440)
2023-07-08 19:49:51,252 - root - INFO - orography loaded; shape:torch.Size([1, 1, 720, 1440])
2023-07-08 19:49:51,253 - root - INFO - Begin autoregressive inference
2023-07-08 19:50:29,373 - root - INFO - Initial condition 4 of 6
2023-07-08 19:50:38,053 - root - INFO - valid_data_full: (366, 66, 721, 1440)
2023-07-08 19:50:38,170 - root - INFO - valid_data: (35, 66, 720, 1440)
2023-07-08 19:50:56,725 - root - INFO - orography loaded; shape:torch.Size([1, 1, 720, 1440])
2023-07-08 19:50:56,725 - root - INFO - Begin autoregressive inference
2023-07-08 19:51:37,417 - root - INFO - Initial condition 5 of 6
2023-07-08 19:51:46,673 - root - INFO - valid_data_full: (366, 66, 721, 1440)
2023-07-08 19:51:46,786 - root - INFO - valid_data: (35, 66, 720, 1440)
2023-07-08 19:52:06,959 - root - INFO - orography loaded; shape:torch.Size([1, 1, 720, 1440])
2023-07-08 19:52:06,959 - root - INFO - Begin autoregressive inference
2023-07-08 19:52:52,447 - root - INFO - Initial condition 6 of 6
2023-07-08 19:53:01,483 - root - INFO - valid_data_full: (366, 66, 721, 1440)
2023-07-08 19:53:01,623 - root - INFO - valid_data: (35, 66, 720, 1440)
2023-07-08 19:53:20,858 - root - INFO - orography loaded; shape:torch.Size([1, 1, 720, 1440])
2023-07-08 19:53:20,859 - root - INFO - Begin autoregressive inference
2023-07-08 19:54:10,659 - root - INFO - seq_real:, (6, 35, 61, 720, 1440)
2023-07-08 19:54:10,660 - root - INFO - Saving files at /home/bingxing2/home/scx6115/Ocean_AI_model/./exp_15_levels/afno/20230628-131420/autoregressive_predictions.h5
pred: torch.Size([1, 61, 720, 1440]) tar: torch.Size([1, 61, 720, 1440])
pred: torch.Size([1, 61, 720, 1440]) tar: torch.Size([1, 61, 720, 1440])
pred: torch.Size([1, 61, 720, 1440]) tar: torch.Size([1, 61, 720, 1440])
pred: torch.Size([1, 61, 720, 1440]) tar: torch.Size([1, 61, 720, 1440])
pred: torch.Size([1, 61, 720, 1440]) tar: torch.Size([1, 61, 720, 1440])
pred: torch.Size([1, 61, 720, 1440]) tar: torch.Size([1, 61, 720, 1440])
pred: torch.Size([1, 61, 720, 1440]) tar: torch.Size([1, 61, 720, 1440])
pred: torch.Size([1, 61, 720, 1440]) tar: torch.Size([1, 61, 720, 1440])
pred: torch.Size([1, 61, 720, 1440]) tar: torch.Size([1, 61, 720, 1440])
pred: torch.Size([1, 61, 720, 1440]) tar: torch.Size([1, 61, 720, 1440])
pred: torch.Size([1, 61, 720, 1440]) tar: torch.Size([1, 61, 720, 1440])
pred: torch.Size([1, 61, 720, 1440]) tar: torch.Size([1, 61, 720, 1440])
pred: torch.Size([1, 61, 720, 1440]) tar: torch.Size([1, 61, 720, 1440])
pred: torch.Size([1, 61, 720, 1440]) tar: torch.Size([1, 61, 720, 1440])
pred: torch.Size([1, 61, 720, 1440]) tar: torch.Size([1, 61, 720, 1440])
pred: torch.Size([1, 61, 720, 1440]) tar: torch.Size([1, 61, 720, 1440])
pred: torch.Size([1, 61, 720, 1440]) tar: torch.Size([1, 61, 720, 1440])
pred: torch.Size([1, 61, 720, 1440]) tar: torch.Size([1, 61, 720, 1440])
pred: torch.Size([1, 61, 720, 1440]) tar: torch.Size([1, 61, 720, 1440])
pred: torch.Size([1, 61, 720, 1440]) tar: torch.Size([1, 61, 720, 1440])
pred: torch.Size([1, 61, 720, 1440]) tar: torch.Size([1, 61, 720, 1440])
pred: torch.Size([1, 61, 720, 1440]) tar: torch.Size([1, 61, 720, 1440])
pred: torch.Size([1, 61, 720, 1440]) tar: torch.Size([1, 61, 720, 1440])
pred: torch.Size([1, 61, 720, 1440]) tar: torch.Size([1, 61, 720, 1440])
pred: torch.Size([1, 61, 720, 1440]) tar: torch.Size([1, 61, 720, 1440])
pred: torch.Size([1, 61, 720, 1440]) tar: torch.Size([1, 61, 720, 1440])
pred: torch.Size([1, 61, 720, 1440]) tar: torch.Size([1, 61, 720, 1440])
pred: torch.Size([1, 61, 720, 1440]) tar: torch.Size([1, 61, 720, 1440])
pred: torch.Size([1, 61, 720, 1440]) tar: torch.Size([1, 61, 720, 1440])
pred: torch.Size([1, 61, 720, 1440]) tar: torch.Size([1, 61, 720, 1440])
pred: torch.Size([1, 61, 720, 1440]) tar: torch.Size([1, 61, 720, 1440])
pred: torch.Size([1, 61, 720, 1440]) tar: torch.Size([1, 61, 720, 1440])
pred: torch.Size([1, 61, 720, 1440]) tar: torch.Size([1, 61, 720, 1440])
pred: torch.Size([1, 61, 720, 1440]) tar: torch.Size([1, 61, 720, 1440])
pred: torch.Size([1, 61, 720, 1440]) tar: torch.Size([1, 61, 720, 1440])
pred: torch.Size([1, 61, 720, 1440]) tar: torch.Size([1, 61, 720, 1440])
pred: torch.Size([1, 61, 720, 1440]) tar: torch.Size([1, 61, 720, 1440])
pred: torch.Size([1, 61, 720, 1440]) tar: torch.Size([1, 61, 720, 1440])
pred: torch.Size([1, 61, 720, 1440]) tar: torch.Size([1, 61, 720, 1440])
pred: torch.Size([1, 61, 720, 1440]) tar: torch.Size([1, 61, 720, 1440])
pred: torch.Size([1, 61, 720, 1440]) tar: torch.Size([1, 61, 720, 1440])
pred: torch.Size([1, 61, 720, 1440]) tar: torch.Size([1, 61, 720, 1440])
pred: torch.Size([1, 61, 720, 1440]) tar: torch.Size([1, 61, 720, 1440])
pred: torch.Size([1, 61, 720, 1440]) tar: torch.Size([1, 61, 720, 1440])
pred: torch.Size([1, 61, 720, 1440]) tar: torch.Size([1, 61, 720, 1440])
pred: torch.Size([1, 61, 720, 1440]) tar: torch.Size([1, 61, 720, 1440])
pred: torch.Size([1, 61, 720, 1440]) tar: torch.Size([1, 61, 720, 1440])
pred: torch.Size([1, 61, 720, 1440]) tar: torch.Size([1, 61, 720, 1440])
pred: torch.Size([1, 61, 720, 1440]) tar: torch.Size([1, 61, 720, 1440])
pred: torch.Size([1, 61, 720, 1440]) tar: torch.Size([1, 61, 720, 1440])
pred: torch.Size([1, 61, 720, 1440]) tar: torch.Size([1, 61, 720, 1440])
pred: torch.Size([1, 61, 720, 1440]) tar: torch.Size([1, 61, 720, 1440])
pred: torch.Size([1, 61, 720, 1440]) tar: torch.Size([1, 61, 720, 1440])
pred: torch.Size([1, 61, 720, 1440]) tar: torch.Size([1, 61, 720, 1440])
pred: torch.Size([1, 61, 720, 1440]) tar: torch.Size([1, 61, 720, 1440])
pred: torch.Size([1, 61, 720, 1440]) tar: torch.Size([1, 61, 720, 1440])
pred: torch.Size([1, 61, 720, 1440]) tar: torch.Size([1, 61, 720, 1440])
pred: torch.Size([1, 61, 720, 1440]) tar: torch.Size([1, 61, 720, 1440])
pred: torch.Size([1, 61, 720, 1440]) tar: torch.Size([1, 61, 720, 1440])
pred: torch.Size([1, 61, 720, 1440]) tar: torch.Size([1, 61, 720, 1440])
pred: torch.Size([1, 61, 720, 1440]) tar: torch.Size([1, 61, 720, 1440])
pred: torch.Size([1, 61, 720, 1440]) tar: torch.Size([1, 61, 720, 1440])
pred: torch.Size([1, 61, 720, 1440]) tar: torch.Size([1, 61, 720, 1440])
pred: torch.Size([1, 61, 720, 1440]) tar: torch.Size([1, 61, 720, 1440])
pred: torch.Size([1, 61, 720, 1440]) tar: torch.Size([1, 61, 720, 1440])
pred: torch.Size([1, 61, 720, 1440]) tar: torch.Size([1, 61, 720, 1440])
pred: torch.Size([1, 61, 720, 1440]) tar: torch.Size([1, 61, 720, 1440])
pred: torch.Size([1, 61, 720, 1440]) tar: torch.Size([1, 61, 720, 1440])
pred: torch.Size([1, 61, 720, 1440]) tar: torch.Size([1, 61, 720, 1440])
pred: torch.Size([1, 61, 720, 1440]) tar: torch.Size([1, 61, 720, 1440])
pred: torch.Size([1, 61, 720, 1440]) tar: torch.Size([1, 61, 720, 1440])
pred: torch.Size([1, 61, 720, 1440]) tar: torch.Size([1, 61, 720, 1440])
pred: torch.Size([1, 61, 720, 1440]) tar: torch.Size([1, 61, 720, 1440])
pred: torch.Size([1, 61, 720, 1440]) tar: torch.Size([1, 61, 720, 1440])
pred: torch.Size([1, 61, 720, 1440]) tar: torch.Size([1, 61, 720, 1440])
pred: torch.Size([1, 61, 720, 1440]) tar: torch.Size([1, 61, 720, 1440])
pred: torch.Size([1, 61, 720, 1440]) tar: torch.Size([1, 61, 720, 1440])
pred: torch.Size([1, 61, 720, 1440]) tar: torch.Size([1, 61, 720, 1440])
pred: torch.Size([1, 61, 720, 1440]) tar: torch.Size([1, 61, 720, 1440])
pred: torch.Size([1, 61, 720, 1440]) tar: torch.Size([1, 61, 720, 1440])
pred: torch.Size([1, 61, 720, 1440]) tar: torch.Size([1, 61, 720, 1440])
pred: torch.Size([1, 61, 720, 1440]) tar: torch.Size([1, 61, 720, 1440])
pred: torch.Size([1, 61, 720, 1440]) tar: torch.Size([1, 61, 720, 1440])
pred: torch.Size([1, 61, 720, 1440]) tar: torch.Size([1, 61, 720, 1440])
pred: torch.Size([1, 61, 720, 1440]) tar: torch.Size([1, 61, 720, 1440])
pred: torch.Size([1, 61, 720, 1440]) tar: torch.Size([1, 61, 720, 1440])
pred: torch.Size([1, 61, 720, 1440]) tar: torch.Size([1, 61, 720, 1440])
pred: torch.Size([1, 61, 720, 1440]) tar: torch.Size([1, 61, 720, 1440])
pred: torch.Size([1, 61, 720, 1440]) tar: torch.Size([1, 61, 720, 1440])
pred: torch.Size([1, 61, 720, 1440]) tar: torch.Size([1, 61, 720, 1440])
pred: torch.Size([1, 61, 720, 1440]) tar: torch.Size([1, 61, 720, 1440])
pred: torch.Size([1, 61, 720, 1440]) tar: torch.Size([1, 61, 720, 1440])
pred: torch.Size([1, 61, 720, 1440]) tar: torch.Size([1, 61, 720, 1440])
pred: torch.Size([1, 61, 720, 1440]) tar: torch.Size([1, 61, 720, 1440])
pred: torch.Size([1, 61, 720, 1440]) tar: torch.Size([1, 61, 720, 1440])
pred: torch.Size([1, 61, 720, 1440]) tar: torch.Size([1, 61, 720, 1440])
pred: torch.Size([1, 61, 720, 1440]) tar: torch.Size([1, 61, 720, 1440])
pred: torch.Size([1, 61, 720, 1440]) tar: torch.Size([1, 61, 720, 1440])
pred: torch.Size([1, 61, 720, 1440]) tar: torch.Size([1, 61, 720, 1440])
pred: torch.Size([1, 61, 720, 1440]) tar: torch.Size([1, 61, 720, 1440])
pred: torch.Size([1, 61, 720, 1440]) tar: torch.Size([1, 61, 720, 1440])
pred: torch.Size([1, 61, 720, 1440]) tar: torch.Size([1, 61, 720, 1440])
pred: torch.Size([1, 61, 720, 1440]) tar: torch.Size([1, 61, 720, 1440])
pred: torch.Size([1, 61, 720, 1440]) tar: torch.Size([1, 61, 720, 1440])
pred: torch.Size([1, 61, 720, 1440]) tar: torch.Size([1, 61, 720, 1440])
pred: torch.Size([1, 61, 720, 1440]) tar: torch.Size([1, 61, 720, 1440])
pred: torch.Size([1, 61, 720, 1440]) tar: torch.Size([1, 61, 720, 1440])
pred: torch.Size([1, 61, 720, 1440]) tar: torch.Size([1, 61, 720, 1440])
pred: torch.Size([1, 61, 720, 1440]) tar: torch.Size([1, 61, 720, 1440])
pred: torch.Size([1, 61, 720, 1440]) tar: torch.Size([1, 61, 720, 1440])
pred: torch.Size([1, 61, 720, 1440]) tar: torch.Size([1, 61, 720, 1440])
pred: torch.Size([1, 61, 720, 1440]) tar: torch.Size([1, 61, 720, 1440])
pred: torch.Size([1, 61, 720, 1440]) tar: torch.Size([1, 61, 720, 1440])
pred: torch.Size([1, 61, 720, 1440]) tar: torch.Size([1, 61, 720, 1440])
pred: torch.Size([1, 61, 720, 1440]) tar: torch.Size([1, 61, 720, 1440])
pred: torch.Size([1, 61, 720, 1440]) tar: torch.Size([1, 61, 720, 1440])
pred: torch.Size([1, 61, 720, 1440]) tar: torch.Size([1, 61, 720, 1440])
pred: torch.Size([1, 61, 720, 1440]) tar: torch.Size([1, 61, 720, 1440])
pred: torch.Size([1, 61, 720, 1440]) tar: torch.Size([1, 61, 720, 1440])
pred: torch.Size([1, 61, 720, 1440]) tar: torch.Size([1, 61, 720, 1440])
pred: torch.Size([1, 61, 720, 1440]) tar: torch.Size([1, 61, 720, 1440])
pred: torch.Size([1, 61, 720, 1440]) tar: torch.Size([1, 61, 720, 1440])
pred: torch.Size([1, 61, 720, 1440]) tar: torch.Size([1, 61, 720, 1440])
pred: torch.Size([1, 61, 720, 1440]) tar: torch.Size([1, 61, 720, 1440])
pred: torch.Size([1, 61, 720, 1440]) tar: torch.Size([1, 61, 720, 1440])
pred: torch.Size([1, 61, 720, 1440]) tar: torch.Size([1, 61, 720, 1440])
pred: torch.Size([1, 61, 720, 1440]) tar: torch.Size([1, 61, 720, 1440])
pred: torch.Size([1, 61, 720, 1440]) tar: torch.Size([1, 61, 720, 1440])
pred: torch.Size([1, 61, 720, 1440]) tar: torch.Size([1, 61, 720, 1440])
pred: torch.Size([1, 61, 720, 1440]) tar: torch.Size([1, 61, 720, 1440])
pred: torch.Size([1, 61, 720, 1440]) tar: torch.Size([1, 61, 720, 1440])
pred: torch.Size([1, 61, 720, 1440]) tar: torch.Size([1, 61, 720, 1440])
pred: torch.Size([1, 61, 720, 1440]) tar: torch.Size([1, 61, 720, 1440])
pred: torch.Size([1, 61, 720, 1440]) tar: torch.Size([1, 61, 720, 1440])
pred: torch.Size([1, 61, 720, 1440]) tar: torch.Size([1, 61, 720, 1440])
pred: torch.Size([1, 61, 720, 1440]) tar: torch.Size([1, 61, 720, 1440])
pred: torch.Size([1, 61, 720, 1440]) tar: torch.Size([1, 61, 720, 1440])
pred: torch.Size([1, 61, 720, 1440]) tar: torch.Size([1, 61, 720, 1440])
pred: torch.Size([1, 61, 720, 1440]) tar: torch.Size([1, 61, 720, 1440])
pred: torch.Size([1, 61, 720, 1440]) tar: torch.Size([1, 61, 720, 1440])
pred: torch.Size([1, 61, 720, 1440]) tar: torch.Size([1, 61, 720, 1440])
pred: torch.Size([1, 61, 720, 1440]) tar: torch.Size([1, 61, 720, 1440])
pred: torch.Size([1, 61, 720, 1440]) tar: torch.Size([1, 61, 720, 1440])
pred: torch.Size([1, 61, 720, 1440]) tar: torch.Size([1, 61, 720, 1440])
pred: torch.Size([1, 61, 720, 1440]) tar: torch.Size([1, 61, 720, 1440])
pred: torch.Size([1, 61, 720, 1440]) tar: torch.Size([1, 61, 720, 1440])
pred: torch.Size([1, 61, 720, 1440]) tar: torch.Size([1, 61, 720, 1440])
pred: torch.Size([1, 61, 720, 1440]) tar: torch.Size([1, 61, 720, 1440])
pred: torch.Size([1, 61, 720, 1440]) tar: torch.Size([1, 61, 720, 1440])
pred: torch.Size([1, 61, 720, 1440]) tar: torch.Size([1, 61, 720, 1440])
pred: torch.Size([1, 61, 720, 1440]) tar: torch.Size([1, 61, 720, 1440])
pred: torch.Size([1, 61, 720, 1440]) tar: torch.Size([1, 61, 720, 1440])
pred: torch.Size([1, 61, 720, 1440]) tar: torch.Size([1, 61, 720, 1440])
pred: torch.Size([1, 61, 720, 1440]) tar: torch.Size([1, 61, 720, 1440])
pred: torch.Size([1, 61, 720, 1440]) tar: torch.Size([1, 61, 720, 1440])
pred: torch.Size([1, 61, 720, 1440]) tar: torch.Size([1, 61, 720, 1440])
pred: torch.Size([1, 61, 720, 1440]) tar: torch.Size([1, 61, 720, 1440])
pred: torch.Size([1, 61, 720, 1440]) tar: torch.Size([1, 61, 720, 1440])
pred: torch.Size([1, 61, 720, 1440]) tar: torch.Size([1, 61, 720, 1440])
pred: torch.Size([1, 61, 720, 1440]) tar: torch.Size([1, 61, 720, 1440])
pred: torch.Size([1, 61, 720, 1440]) tar: torch.Size([1, 61, 720, 1440])
pred: torch.Size([1, 61, 720, 1440]) tar: torch.Size([1, 61, 720, 1440])
pred: torch.Size([1, 61, 720, 1440]) tar: torch.Size([1, 61, 720, 1440])
pred: torch.Size([1, 61, 720, 1440]) tar: torch.Size([1, 61, 720, 1440])
pred: torch.Size([1, 61, 720, 1440]) tar: torch.Size([1, 61, 720, 1440])
pred: torch.Size([1, 61, 720, 1440]) tar: torch.Size([1, 61, 720, 1440])
pred: torch.Size([1, 61, 720, 1440]) tar: torch.Size([1, 61, 720, 1440])
pred: torch.Size([1, 61, 720, 1440]) tar: torch.Size([1, 61, 720, 1440])
pred: torch.Size([1, 61, 720, 1440]) tar: torch.Size([1, 61, 720, 1440])
pred: torch.Size([1, 61, 720, 1440]) tar: torch.Size([1, 61, 720, 1440])
pred: torch.Size([1, 61, 720, 1440]) tar: torch.Size([1, 61, 720, 1440])
pred: torch.Size([1, 61, 720, 1440]) tar: torch.Size([1, 61, 720, 1440])
pred: torch.Size([1, 61, 720, 1440]) tar: torch.Size([1, 61, 720, 1440])
pred: torch.Size([1, 61, 720, 1440]) tar: torch.Size([1, 61, 720, 1440])
pred: torch.Size([1, 61, 720, 1440]) tar: torch.Size([1, 61, 720, 1440])
pred: torch.Size([1, 61, 720, 1440]) tar: torch.Size([1, 61, 720, 1440])
pred: torch.Size([1, 61, 720, 1440]) tar: torch.Size([1, 61, 720, 1440])
pred: torch.Size([1, 61, 720, 1440]) tar: torch.Size([1, 61, 720, 1440])
pred: torch.Size([1, 61, 720, 1440]) tar: torch.Size([1, 61, 720, 1440])
pred: torch.Size([1, 61, 720, 1440]) tar: torch.Size([1, 61, 720, 1440])
pred: torch.Size([1, 61, 720, 1440]) tar: torch.Size([1, 61, 720, 1440])
pred: torch.Size([1, 61, 720, 1440]) tar: torch.Size([1, 61, 720, 1440])
pred: torch.Size([1, 61, 720, 1440]) tar: torch.Size([1, 61, 720, 1440])
pred: torch.Size([1, 61, 720, 1440]) tar: torch.Size([1, 61, 720, 1440])
pred: torch.Size([1, 61, 720, 1440]) tar: torch.Size([1, 61, 720, 1440])
pred: torch.Size([1, 61, 720, 1440]) tar: torch.Size([1, 61, 720, 1440])
pred: torch.Size([1, 61, 720, 1440]) tar: torch.Size([1, 61, 720, 1440])
pred: torch.Size([1, 61, 720, 1440]) tar: torch.Size([1, 61, 720, 1440])
pred: torch.Size([1, 61, 720, 1440]) tar: torch.Size([1, 61, 720, 1440])
pred: torch.Size([1, 61, 720, 1440]) tar: torch.Size([1, 61, 720, 1440])
pred: torch.Size([1, 61, 720, 1440]) tar: torch.Size([1, 61, 720, 1440])
pred: torch.Size([1, 61, 720, 1440]) tar: torch.Size([1, 61, 720, 1440])
pred: torch.Size([1, 61, 720, 1440]) tar: torch.Size([1, 61, 720, 1440])
pred: torch.Size([1, 61, 720, 1440]) tar: torch.Size([1, 61, 720, 1440])
pred: torch.Size([1, 61, 720, 1440]) tar: torch.Size([1, 61, 720, 1440])
pred: torch.Size([1, 61, 720, 1440]) tar: torch.Size([1, 61, 720, 1440])
pred: torch.Size([1, 61, 720, 1440]) tar: torch.Size([1, 61, 720, 1440])
pred: torch.Size([1, 61, 720, 1440]) tar: torch.Size([1, 61, 720, 1440])
pred: torch.Size([1, 61, 720, 1440]) tar: torch.Size([1, 61, 720, 1440])
pred: torch.Size([1, 61, 720, 1440]) tar: torch.Size([1, 61, 720, 1440])
pred: torch.Size([1, 61, 720, 1440]) tar: torch.Size([1, 61, 720, 1440])
pred: torch.Size([1, 61, 720, 1440]) tar: torch.Size([1, 61, 720, 1440])
pred: torch.Size([1, 61, 720, 1440]) tar: torch.Size([1, 61, 720, 1440])
pred: torch.Size([1, 61, 720, 1440]) tar: torch.Size([1, 61, 720, 1440])
pred: torch.Size([1, 61, 720, 1440]) tar: torch.Size([1, 61, 720, 1440])
pred: torch.Size([1, 61, 720, 1440]) tar: torch.Size([1, 61, 720, 1440])
pred: torch.Size([1, 61, 720, 1440]) tar: torch.Size([1, 61, 720, 1440])
pred: torch.Size([1, 61, 720, 1440]) tar: torch.Size([1, 61, 720, 1440])
pred: torch.Size([1, 61, 720, 1440]) tar: torch.Size([1, 61, 720, 1440])
pred: torch.Size([1, 61, 720, 1440]) tar: torch.Size([1, 61, 720, 1440])
