cuda-11.7 loaded successful
gcc-12.2.0 loaded successful
2023-07-08 19:49:12,856 - root - INFO - expDir: /home/bingxing2/home/scx6115/Ocean_AI_model/./exp_15_levels/Masked_AE_Ocean/20230628-131150/2_steps_finetune
2023-07-08 19:49:12,862 - root - INFO - ------------------ Configuration ------------------
2023-07-08 19:49:12,864 - root - INFO - Configuration file: ../exp_15_levels/Masked_AE_Ocean/20230628-131150/config.yaml
2023-07-08 19:49:12,864 - root - INFO - Configuration name: Masked_AE_Ocean
2023-07-08 19:49:12,864 - root - INFO - nettype Masked_AE_Ocean
2023-07-08 19:49:12,864 - root - INFO - log_to_wandb True
2023-07-08 19:49:12,864 - root - INFO - lr 0.001
2023-07-08 19:49:12,864 - root - INFO - batch_size 32
2023-07-08 19:49:12,864 - root - INFO - max_epochs 150
2023-07-08 19:49:12,865 - root - INFO - scheduler CosineAnnealingLR
2023-07-08 19:49:12,865 - root - INFO - fusion_3d_2d False
2023-07-08 19:49:12,865 - root - INFO - in_channels [0, 1, 2, 3, 4, 5, 6, 7, 8, 9, 10, 11, 12, 13, 14, 15, 16, 17, 18, 19, 20, 21, 22, 23, 24, 25, 26, 27, 28, 29, 30, 31, 32, 33, 34, 35, 36, 37, 38, 39, 40, 41, 42, 43, 44, 45, 46, 47, 48, 49, 50, 51, 52, 53, 54, 55, 56, 57, 58, 59, 60, 61, 62, 63, 64, 65]
2023-07-08 19:49:12,865 - root - INFO - out_channels [0, 1, 2, 3, 4, 5, 6, 7, 8, 9, 10, 11, 12, 13, 14, 15, 16, 17, 18, 19, 20, 21, 22, 23, 24, 25, 26, 27, 28, 29, 30, 31, 32, 33, 34, 35, 36, 37, 38, 39, 40, 41, 42, 43, 44, 45, 46, 47, 48, 49, 50, 51, 52, 53, 54, 55, 56, 57, 58, 59, 60]
2023-07-08 19:49:12,865 - root - INFO - N_in_channels 66
2023-07-08 19:49:12,865 - root - INFO - N_out_channels 61
2023-07-08 19:49:12,865 - root - INFO - img_size_h 720
2023-07-08 19:49:12,865 - root - INFO - img_size_w 1440
2023-07-08 19:49:12,865 - root - INFO - patch_size_h 8
2023-07-08 19:49:12,865 - root - INFO - patch_size_w 8
2023-07-08 19:49:12,865 - root - INFO - mlp_ratio 4.0
2023-07-08 19:49:12,865 - root - INFO - embed_dim 512
2023-07-08 19:49:12,865 - root - INFO - depth 16
2023-07-08 19:49:12,866 - root - INFO - num_heads 16
2023-07-08 19:49:12,866 - root - INFO - decoder_embed_dim 1024
2023-07-08 19:49:12,866 - root - INFO - decoder_depth 8
2023-07-08 19:49:12,866 - root - INFO - decoder_num_heads 16
2023-07-08 19:49:12,866 - root - INFO - koopman_depth 2
2023-07-08 19:49:12,866 - root - INFO - modes_h_ratio 1
2023-07-08 19:49:12,866 - root - INFO - modes_w_ratio 0.8
2023-07-08 19:49:12,866 - root - INFO - drop_rate 0.0
2023-07-08 19:49:12,866 - root - INFO - drop_path_rate 0.0
2023-07-08 19:49:12,866 - root - INFO - sparsity_threshold 0.01
2023-07-08 19:49:12,866 - root - INFO - hard_thresholding_fraction 1.0
2023-07-08 19:49:12,866 - root - INFO - num_blocks 8
2023-07-08 19:49:12,866 - root - INFO - loss l2
2023-07-08 19:49:12,867 - root - INFO - num_data_workers 0
2023-07-08 19:49:12,867 - root - INFO - dt 1
2023-07-08 19:49:12,867 - root - INFO - n_history 0
2023-07-08 19:49:12,867 - root - INFO - prediction_type iterative
2023-07-08 19:49:12,867 - root - INFO - prediction_length 35
2023-07-08 19:49:12,867 - root - INFO - n_initial_conditions 5
2023-07-08 19:49:12,867 - root - INFO - ics_type default
2023-07-08 19:49:12,867 - root - INFO - date_strings ['2018-09-14 00:00:00']
2023-07-08 19:49:12,867 - root - INFO - save_raw_forecasts True
2023-07-08 19:49:12,867 - root - INFO - save_channel False
2023-07-08 19:49:12,867 - root - INFO - masked_acc False
2023-07-08 19:49:12,867 - root - INFO - maskpath None
2023-07-08 19:49:12,867 - root - INFO - perturb False
2023-07-08 19:49:12,867 - root - INFO - add_grid False
2023-07-08 19:49:12,868 - root - INFO - N_grid_channels 0
2023-07-08 19:49:12,868 - root - INFO - gridtype sinusoidal
2023-07-08 19:49:12,868 - root - INFO - roll False
2023-07-08 19:49:12,868 - root - INFO - enable_nhwc False
2023-07-08 19:49:12,868 - root - INFO - optimizer_type FusedAdam
2023-07-08 19:49:12,868 - root - INFO - exp_dir ./exp_15_levels
2023-07-08 19:49:12,868 - root - INFO - patch_size 8
2023-07-08 19:49:12,868 - root - INFO - width 56
2023-07-08 19:49:12,868 - root - INFO - modes 32
2023-07-08 19:49:12,868 - root - INFO - target default
2023-07-08 19:49:12,868 - root - INFO - train_data_path /home/bingxing2/home/scx6115/Ocean_AI_model/sample_01/train
2023-07-08 19:49:12,868 - root - INFO - valid_data_path /home/bingxing2/home/scx6115/Ocean_AI_model/sample_01/valid
2023-07-08 19:49:12,868 - root - INFO - test_data_path /home/bingxing2/home/scx6115/Ocean_AI_model/sample_01/test
2023-07-08 19:49:12,868 - root - INFO - land_mask True
2023-07-08 19:49:12,869 - root - INFO - land_mask_path /home/bingxing2/home/scx6115/Ocean_AI_model/sample_01/land_mask.h5
2023-07-08 19:49:12,869 - root - INFO - normalize True
2023-07-08 19:49:12,869 - root - INFO - normalization zscore
2023-07-08 19:49:12,869 - root - INFO - global_mins_path /home/bingxing2/home/scx6115/Ocean_AI_model/sample_01/train/global_mins.npy
2023-07-08 19:49:12,869 - root - INFO - global_maxs_path /home/bingxing2/home/scx6115/Ocean_AI_model/sample_01/train/global_maxs.npy
2023-07-08 19:49:12,869 - root - INFO - global_means_path /home/bingxing2/home/scx6115/Ocean_AI_model/sample_01/train/global_means.npy
2023-07-08 19:49:12,869 - root - INFO - global_stds_path /home/bingxing2/home/scx6115/Ocean_AI_model/sample_01/train/global_stds.npy
2023-07-08 19:49:12,869 - root - INFO - orography True
2023-07-08 19:49:12,869 - root - INFO - orography_norm_zscore_path /home/bingxing2/home/scx6115/Ocean_AI_model/sample_01/orography_norm_zscore.h5
2023-07-08 19:49:12,869 - root - INFO - orography_norm_maxmin_path /home/bingxing2/home/scx6115/Ocean_AI_model/sample_01/orography_norm_maxmin.h5
2023-07-08 19:49:12,869 - root - INFO - add_noise False
2023-07-08 19:49:12,869 - root - INFO - noise_std 0
2023-07-08 19:49:12,869 - root - INFO - crop_size_x None
2023-07-08 19:49:12,870 - root - INFO - crop_size_y None
2023-07-08 19:49:12,870 - root - INFO - log_to_screen True
2023-07-08 19:49:12,870 - root - INFO - save_checkpoint True
2023-07-08 19:49:12,870 - root - INFO - plot_animations False
2023-07-08 19:49:12,870 - root - INFO - resuming False
2023-07-08 19:49:12,870 - root - INFO - interp 0
2023-07-08 19:49:12,870 - root - INFO - world_size 1
2023-07-08 19:49:12,870 - root - INFO - local_rank 0
2023-07-08 19:49:12,870 - root - INFO - global_batch_size 32
2023-07-08 19:49:12,870 - root - INFO - decorrelation_time 50
2023-07-08 19:49:12,870 - root - INFO - n_samples_per_year 300
2023-07-08 19:49:12,870 - root - INFO - experiment_dir /home/bingxing2/home/scx6115/Ocean_AI_model/./exp_15_levels/Masked_AE_Ocean/20230628-131150/2_steps_finetune
2023-07-08 19:49:12,870 - root - INFO - best_checkpoint_path /home/bingxing2/home/scx6115/Ocean_AI_model/./exp_15_levels/Masked_AE_Ocean/20230628-131150/2_steps_finetune/training_checkpoints/best_ckpt.tar
2023-07-08 19:49:12,870 - root - INFO - ---------------------------------------------------
2023-07-08 19:49:12,871 - root - INFO - Inference for 6 initial conditions
2023-07-08 19:49:12,879 - root - INFO - Getting file stats from /home/bingxing2/home/scx6115/Ocean_AI_model/sample_01/test/2012.h5
2023-07-08 19:49:12,880 - root - INFO - Number of samples per year: 365
2023-07-08 19:49:12,880 - root - INFO - Found data at path /home/bingxing2/home/scx6115/Ocean_AI_model/sample_01/test. Number of examples: 365. Image Shape: 720 x 1440 x 66
2023-07-08 19:49:12,880 - root - INFO - Delta t: 1 days
2023-07-08 19:49:12,880 - root - INFO - Including 0 days of past history in training at a frequency of 1 days
2023-07-08 19:49:14,420 - root - INFO - Loading trained model checkpoint from /home/bingxing2/home/scx6115/Ocean_AI_model/./exp_15_levels/Masked_AE_Ocean/20230628-131150/2_steps_finetune/training_checkpoints/best_ckpt.tar
2023-07-08 19:49:19,317 - root - INFO - Loading inference data
2023-07-08 19:49:19,317 - root - INFO - Inference data from /home/bingxing2/home/scx6115/Ocean_AI_model/sample_01/test/2012.h5
2023-07-08 19:49:19,320 - root - INFO - Initial condition 1 of 6
2023-07-08 19:49:27,580 - root - INFO - valid_data_full: (366, 66, 721, 1440)
2023-07-08 19:49:27,694 - root - INFO - valid_data: (35, 66, 720, 1440)
2023-07-08 19:49:46,087 - root - INFO - orography loaded; shape:torch.Size([1, 1, 720, 1440])
2023-07-08 19:49:46,089 - root - INFO - Begin autoregressive inference
2023-07-08 19:50:18,876 - root - INFO - Initial condition 2 of 6
2023-07-08 19:50:27,041 - root - INFO - valid_data_full: (366, 66, 721, 1440)
2023-07-08 19:50:27,157 - root - INFO - valid_data: (35, 66, 720, 1440)
2023-07-08 19:50:45,169 - root - INFO - orography loaded; shape:torch.Size([1, 1, 720, 1440])
2023-07-08 19:50:45,171 - root - INFO - Begin autoregressive inference
2023-07-08 19:51:24,066 - root - INFO - Initial condition 3 of 6
2023-07-08 19:51:32,446 - root - INFO - valid_data_full: (366, 66, 721, 1440)
2023-07-08 19:51:32,571 - root - INFO - valid_data: (35, 66, 720, 1440)
2023-07-08 19:51:52,455 - root - INFO - orography loaded; shape:torch.Size([1, 1, 720, 1440])
2023-07-08 19:51:52,457 - root - INFO - Begin autoregressive inference
2023-07-08 19:52:33,864 - root - INFO - Initial condition 4 of 6
2023-07-08 19:52:42,405 - root - INFO - valid_data_full: (366, 66, 721, 1440)
2023-07-08 19:52:42,689 - root - INFO - valid_data: (35, 66, 720, 1440)
2023-07-08 19:53:02,387 - root - INFO - orography loaded; shape:torch.Size([1, 1, 720, 1440])
2023-07-08 19:53:02,389 - root - INFO - Begin autoregressive inference
2023-07-08 19:53:48,463 - root - INFO - Initial condition 5 of 6
2023-07-08 19:53:58,136 - root - INFO - valid_data_full: (366, 66, 721, 1440)
2023-07-08 19:53:58,414 - root - INFO - valid_data: (35, 66, 720, 1440)
2023-07-08 19:54:18,351 - root - INFO - orography loaded; shape:torch.Size([1, 1, 720, 1440])
2023-07-08 19:54:18,353 - root - INFO - Begin autoregressive inference
2023-07-08 19:55:09,353 - root - INFO - Initial condition 6 of 6
2023-07-08 19:55:17,286 - root - INFO - valid_data_full: (366, 66, 721, 1440)
2023-07-08 19:55:17,423 - root - INFO - valid_data: (35, 66, 720, 1440)
2023-07-08 19:55:39,677 - root - INFO - orography loaded; shape:torch.Size([1, 1, 720, 1440])
2023-07-08 19:55:39,677 - root - INFO - Begin autoregressive inference
2023-07-08 19:56:37,987 - root - INFO - seq_real:, (6, 35, 61, 720, 1440)
2023-07-08 19:56:37,989 - root - INFO - Saving files at /home/bingxing2/home/scx6115/Ocean_AI_model/./exp_15_levels/Masked_AE_Ocean/20230628-131150/2_steps_finetune/autoregressive_predictions.h5
pred: torch.Size([1, 61, 720, 1440]) tar: torch.Size([1, 61, 720, 1440])
pred: torch.Size([1, 61, 720, 1440]) tar: torch.Size([1, 61, 720, 1440])
pred: torch.Size([1, 61, 720, 1440]) tar: torch.Size([1, 61, 720, 1440])
pred: torch.Size([1, 61, 720, 1440]) tar: torch.Size([1, 61, 720, 1440])
pred: torch.Size([1, 61, 720, 1440]) tar: torch.Size([1, 61, 720, 1440])
pred: torch.Size([1, 61, 720, 1440]) tar: torch.Size([1, 61, 720, 1440])
pred: torch.Size([1, 61, 720, 1440]) tar: torch.Size([1, 61, 720, 1440])
pred: torch.Size([1, 61, 720, 1440]) tar: torch.Size([1, 61, 720, 1440])
pred: torch.Size([1, 61, 720, 1440]) tar: torch.Size([1, 61, 720, 1440])
pred: torch.Size([1, 61, 720, 1440]) tar: torch.Size([1, 61, 720, 1440])
pred: torch.Size([1, 61, 720, 1440]) tar: torch.Size([1, 61, 720, 1440])
pred: torch.Size([1, 61, 720, 1440]) tar: torch.Size([1, 61, 720, 1440])
pred: torch.Size([1, 61, 720, 1440]) tar: torch.Size([1, 61, 720, 1440])
pred: torch.Size([1, 61, 720, 1440]) tar: torch.Size([1, 61, 720, 1440])
pred: torch.Size([1, 61, 720, 1440]) tar: torch.Size([1, 61, 720, 1440])
pred: torch.Size([1, 61, 720, 1440]) tar: torch.Size([1, 61, 720, 1440])
pred: torch.Size([1, 61, 720, 1440]) tar: torch.Size([1, 61, 720, 1440])
pred: torch.Size([1, 61, 720, 1440]) tar: torch.Size([1, 61, 720, 1440])
pred: torch.Size([1, 61, 720, 1440]) tar: torch.Size([1, 61, 720, 1440])
pred: torch.Size([1, 61, 720, 1440]) tar: torch.Size([1, 61, 720, 1440])
pred: torch.Size([1, 61, 720, 1440]) tar: torch.Size([1, 61, 720, 1440])
pred: torch.Size([1, 61, 720, 1440]) tar: torch.Size([1, 61, 720, 1440])
pred: torch.Size([1, 61, 720, 1440]) tar: torch.Size([1, 61, 720, 1440])
pred: torch.Size([1, 61, 720, 1440]) tar: torch.Size([1, 61, 720, 1440])
pred: torch.Size([1, 61, 720, 1440]) tar: torch.Size([1, 61, 720, 1440])
pred: torch.Size([1, 61, 720, 1440]) tar: torch.Size([1, 61, 720, 1440])
pred: torch.Size([1, 61, 720, 1440]) tar: torch.Size([1, 61, 720, 1440])
pred: torch.Size([1, 61, 720, 1440]) tar: torch.Size([1, 61, 720, 1440])
pred: torch.Size([1, 61, 720, 1440]) tar: torch.Size([1, 61, 720, 1440])
pred: torch.Size([1, 61, 720, 1440]) tar: torch.Size([1, 61, 720, 1440])
pred: torch.Size([1, 61, 720, 1440]) tar: torch.Size([1, 61, 720, 1440])
pred: torch.Size([1, 61, 720, 1440]) tar: torch.Size([1, 61, 720, 1440])
pred: torch.Size([1, 61, 720, 1440]) tar: torch.Size([1, 61, 720, 1440])
pred: torch.Size([1, 61, 720, 1440]) tar: torch.Size([1, 61, 720, 1440])
pred: torch.Size([1, 61, 720, 1440]) tar: torch.Size([1, 61, 720, 1440])
pred: torch.Size([1, 61, 720, 1440]) tar: torch.Size([1, 61, 720, 1440])
pred: torch.Size([1, 61, 720, 1440]) tar: torch.Size([1, 61, 720, 1440])
pred: torch.Size([1, 61, 720, 1440]) tar: torch.Size([1, 61, 720, 1440])
pred: torch.Size([1, 61, 720, 1440]) tar: torch.Size([1, 61, 720, 1440])
pred: torch.Size([1, 61, 720, 1440]) tar: torch.Size([1, 61, 720, 1440])
pred: torch.Size([1, 61, 720, 1440]) tar: torch.Size([1, 61, 720, 1440])
pred: torch.Size([1, 61, 720, 1440]) tar: torch.Size([1, 61, 720, 1440])
pred: torch.Size([1, 61, 720, 1440]) tar: torch.Size([1, 61, 720, 1440])
pred: torch.Size([1, 61, 720, 1440]) tar: torch.Size([1, 61, 720, 1440])
pred: torch.Size([1, 61, 720, 1440]) tar: torch.Size([1, 61, 720, 1440])
pred: torch.Size([1, 61, 720, 1440]) tar: torch.Size([1, 61, 720, 1440])
pred: torch.Size([1, 61, 720, 1440]) tar: torch.Size([1, 61, 720, 1440])
pred: torch.Size([1, 61, 720, 1440]) tar: torch.Size([1, 61, 720, 1440])
pred: torch.Size([1, 61, 720, 1440]) tar: torch.Size([1, 61, 720, 1440])
pred: torch.Size([1, 61, 720, 1440]) tar: torch.Size([1, 61, 720, 1440])
pred: torch.Size([1, 61, 720, 1440]) tar: torch.Size([1, 61, 720, 1440])
pred: torch.Size([1, 61, 720, 1440]) tar: torch.Size([1, 61, 720, 1440])
pred: torch.Size([1, 61, 720, 1440]) tar: torch.Size([1, 61, 720, 1440])
pred: torch.Size([1, 61, 720, 1440]) tar: torch.Size([1, 61, 720, 1440])
pred: torch.Size([1, 61, 720, 1440]) tar: torch.Size([1, 61, 720, 1440])
pred: torch.Size([1, 61, 720, 1440]) tar: torch.Size([1, 61, 720, 1440])
pred: torch.Size([1, 61, 720, 1440]) tar: torch.Size([1, 61, 720, 1440])
pred: torch.Size([1, 61, 720, 1440]) tar: torch.Size([1, 61, 720, 1440])
pred: torch.Size([1, 61, 720, 1440]) tar: torch.Size([1, 61, 720, 1440])
pred: torch.Size([1, 61, 720, 1440]) tar: torch.Size([1, 61, 720, 1440])
pred: torch.Size([1, 61, 720, 1440]) tar: torch.Size([1, 61, 720, 1440])
pred: torch.Size([1, 61, 720, 1440]) tar: torch.Size([1, 61, 720, 1440])
pred: torch.Size([1, 61, 720, 1440]) tar: torch.Size([1, 61, 720, 1440])
pred: torch.Size([1, 61, 720, 1440]) tar: torch.Size([1, 61, 720, 1440])
pred: torch.Size([1, 61, 720, 1440]) tar: torch.Size([1, 61, 720, 1440])
pred: torch.Size([1, 61, 720, 1440]) tar: torch.Size([1, 61, 720, 1440])
pred: torch.Size([1, 61, 720, 1440]) tar: torch.Size([1, 61, 720, 1440])
pred: torch.Size([1, 61, 720, 1440]) tar: torch.Size([1, 61, 720, 1440])
pred: torch.Size([1, 61, 720, 1440]) tar: torch.Size([1, 61, 720, 1440])
pred: torch.Size([1, 61, 720, 1440]) tar: torch.Size([1, 61, 720, 1440])
pred: torch.Size([1, 61, 720, 1440]) tar: torch.Size([1, 61, 720, 1440])
pred: torch.Size([1, 61, 720, 1440]) tar: torch.Size([1, 61, 720, 1440])
pred: torch.Size([1, 61, 720, 1440]) tar: torch.Size([1, 61, 720, 1440])
pred: torch.Size([1, 61, 720, 1440]) tar: torch.Size([1, 61, 720, 1440])
pred: torch.Size([1, 61, 720, 1440]) tar: torch.Size([1, 61, 720, 1440])
pred: torch.Size([1, 61, 720, 1440]) tar: torch.Size([1, 61, 720, 1440])
pred: torch.Size([1, 61, 720, 1440]) tar: torch.Size([1, 61, 720, 1440])
pred: torch.Size([1, 61, 720, 1440]) tar: torch.Size([1, 61, 720, 1440])
pred: torch.Size([1, 61, 720, 1440]) tar: torch.Size([1, 61, 720, 1440])
pred: torch.Size([1, 61, 720, 1440]) tar: torch.Size([1, 61, 720, 1440])
pred: torch.Size([1, 61, 720, 1440]) tar: torch.Size([1, 61, 720, 1440])
pred: torch.Size([1, 61, 720, 1440]) tar: torch.Size([1, 61, 720, 1440])
pred: torch.Size([1, 61, 720, 1440]) tar: torch.Size([1, 61, 720, 1440])
pred: torch.Size([1, 61, 720, 1440]) tar: torch.Size([1, 61, 720, 1440])
pred: torch.Size([1, 61, 720, 1440]) tar: torch.Size([1, 61, 720, 1440])
pred: torch.Size([1, 61, 720, 1440]) tar: torch.Size([1, 61, 720, 1440])
pred: torch.Size([1, 61, 720, 1440]) tar: torch.Size([1, 61, 720, 1440])
pred: torch.Size([1, 61, 720, 1440]) tar: torch.Size([1, 61, 720, 1440])
pred: torch.Size([1, 61, 720, 1440]) tar: torch.Size([1, 61, 720, 1440])
pred: torch.Size([1, 61, 720, 1440]) tar: torch.Size([1, 61, 720, 1440])
pred: torch.Size([1, 61, 720, 1440]) tar: torch.Size([1, 61, 720, 1440])
pred: torch.Size([1, 61, 720, 1440]) tar: torch.Size([1, 61, 720, 1440])
pred: torch.Size([1, 61, 720, 1440]) tar: torch.Size([1, 61, 720, 1440])
pred: torch.Size([1, 61, 720, 1440]) tar: torch.Size([1, 61, 720, 1440])
pred: torch.Size([1, 61, 720, 1440]) tar: torch.Size([1, 61, 720, 1440])
pred: torch.Size([1, 61, 720, 1440]) tar: torch.Size([1, 61, 720, 1440])
pred: torch.Size([1, 61, 720, 1440]) tar: torch.Size([1, 61, 720, 1440])
pred: torch.Size([1, 61, 720, 1440]) tar: torch.Size([1, 61, 720, 1440])
pred: torch.Size([1, 61, 720, 1440]) tar: torch.Size([1, 61, 720, 1440])
pred: torch.Size([1, 61, 720, 1440]) tar: torch.Size([1, 61, 720, 1440])
pred: torch.Size([1, 61, 720, 1440]) tar: torch.Size([1, 61, 720, 1440])
pred: torch.Size([1, 61, 720, 1440]) tar: torch.Size([1, 61, 720, 1440])
pred: torch.Size([1, 61, 720, 1440]) tar: torch.Size([1, 61, 720, 1440])
pred: torch.Size([1, 61, 720, 1440]) tar: torch.Size([1, 61, 720, 1440])
pred: torch.Size([1, 61, 720, 1440]) tar: torch.Size([1, 61, 720, 1440])
pred: torch.Size([1, 61, 720, 1440]) tar: torch.Size([1, 61, 720, 1440])
pred: torch.Size([1, 61, 720, 1440]) tar: torch.Size([1, 61, 720, 1440])
pred: torch.Size([1, 61, 720, 1440]) tar: torch.Size([1, 61, 720, 1440])
pred: torch.Size([1, 61, 720, 1440]) tar: torch.Size([1, 61, 720, 1440])
pred: torch.Size([1, 61, 720, 1440]) tar: torch.Size([1, 61, 720, 1440])
pred: torch.Size([1, 61, 720, 1440]) tar: torch.Size([1, 61, 720, 1440])
pred: torch.Size([1, 61, 720, 1440]) tar: torch.Size([1, 61, 720, 1440])
pred: torch.Size([1, 61, 720, 1440]) tar: torch.Size([1, 61, 720, 1440])
pred: torch.Size([1, 61, 720, 1440]) tar: torch.Size([1, 61, 720, 1440])
pred: torch.Size([1, 61, 720, 1440]) tar: torch.Size([1, 61, 720, 1440])
pred: torch.Size([1, 61, 720, 1440]) tar: torch.Size([1, 61, 720, 1440])
pred: torch.Size([1, 61, 720, 1440]) tar: torch.Size([1, 61, 720, 1440])
pred: torch.Size([1, 61, 720, 1440]) tar: torch.Size([1, 61, 720, 1440])
pred: torch.Size([1, 61, 720, 1440]) tar: torch.Size([1, 61, 720, 1440])
pred: torch.Size([1, 61, 720, 1440]) tar: torch.Size([1, 61, 720, 1440])
pred: torch.Size([1, 61, 720, 1440]) tar: torch.Size([1, 61, 720, 1440])
pred: torch.Size([1, 61, 720, 1440]) tar: torch.Size([1, 61, 720, 1440])
pred: torch.Size([1, 61, 720, 1440]) tar: torch.Size([1, 61, 720, 1440])
pred: torch.Size([1, 61, 720, 1440]) tar: torch.Size([1, 61, 720, 1440])
pred: torch.Size([1, 61, 720, 1440]) tar: torch.Size([1, 61, 720, 1440])
pred: torch.Size([1, 61, 720, 1440]) tar: torch.Size([1, 61, 720, 1440])
pred: torch.Size([1, 61, 720, 1440]) tar: torch.Size([1, 61, 720, 1440])
pred: torch.Size([1, 61, 720, 1440]) tar: torch.Size([1, 61, 720, 1440])
pred: torch.Size([1, 61, 720, 1440]) tar: torch.Size([1, 61, 720, 1440])
pred: torch.Size([1, 61, 720, 1440]) tar: torch.Size([1, 61, 720, 1440])
pred: torch.Size([1, 61, 720, 1440]) tar: torch.Size([1, 61, 720, 1440])
pred: torch.Size([1, 61, 720, 1440]) tar: torch.Size([1, 61, 720, 1440])
pred: torch.Size([1, 61, 720, 1440]) tar: torch.Size([1, 61, 720, 1440])
pred: torch.Size([1, 61, 720, 1440]) tar: torch.Size([1, 61, 720, 1440])
pred: torch.Size([1, 61, 720, 1440]) tar: torch.Size([1, 61, 720, 1440])
pred: torch.Size([1, 61, 720, 1440]) tar: torch.Size([1, 61, 720, 1440])
pred: torch.Size([1, 61, 720, 1440]) tar: torch.Size([1, 61, 720, 1440])
pred: torch.Size([1, 61, 720, 1440]) tar: torch.Size([1, 61, 720, 1440])
pred: torch.Size([1, 61, 720, 1440]) tar: torch.Size([1, 61, 720, 1440])
pred: torch.Size([1, 61, 720, 1440]) tar: torch.Size([1, 61, 720, 1440])
pred: torch.Size([1, 61, 720, 1440]) tar: torch.Size([1, 61, 720, 1440])
pred: torch.Size([1, 61, 720, 1440]) tar: torch.Size([1, 61, 720, 1440])
pred: torch.Size([1, 61, 720, 1440]) tar: torch.Size([1, 61, 720, 1440])
pred: torch.Size([1, 61, 720, 1440]) tar: torch.Size([1, 61, 720, 1440])
pred: torch.Size([1, 61, 720, 1440]) tar: torch.Size([1, 61, 720, 1440])
pred: torch.Size([1, 61, 720, 1440]) tar: torch.Size([1, 61, 720, 1440])
pred: torch.Size([1, 61, 720, 1440]) tar: torch.Size([1, 61, 720, 1440])
pred: torch.Size([1, 61, 720, 1440]) tar: torch.Size([1, 61, 720, 1440])
pred: torch.Size([1, 61, 720, 1440]) tar: torch.Size([1, 61, 720, 1440])
pred: torch.Size([1, 61, 720, 1440]) tar: torch.Size([1, 61, 720, 1440])
pred: torch.Size([1, 61, 720, 1440]) tar: torch.Size([1, 61, 720, 1440])
pred: torch.Size([1, 61, 720, 1440]) tar: torch.Size([1, 61, 720, 1440])
pred: torch.Size([1, 61, 720, 1440]) tar: torch.Size([1, 61, 720, 1440])
pred: torch.Size([1, 61, 720, 1440]) tar: torch.Size([1, 61, 720, 1440])
pred: torch.Size([1, 61, 720, 1440]) tar: torch.Size([1, 61, 720, 1440])
pred: torch.Size([1, 61, 720, 1440]) tar: torch.Size([1, 61, 720, 1440])
pred: torch.Size([1, 61, 720, 1440]) tar: torch.Size([1, 61, 720, 1440])
pred: torch.Size([1, 61, 720, 1440]) tar: torch.Size([1, 61, 720, 1440])
pred: torch.Size([1, 61, 720, 1440]) tar: torch.Size([1, 61, 720, 1440])
pred: torch.Size([1, 61, 720, 1440]) tar: torch.Size([1, 61, 720, 1440])
pred: torch.Size([1, 61, 720, 1440]) tar: torch.Size([1, 61, 720, 1440])
pred: torch.Size([1, 61, 720, 1440]) tar: torch.Size([1, 61, 720, 1440])
pred: torch.Size([1, 61, 720, 1440]) tar: torch.Size([1, 61, 720, 1440])
pred: torch.Size([1, 61, 720, 1440]) tar: torch.Size([1, 61, 720, 1440])
pred: torch.Size([1, 61, 720, 1440]) tar: torch.Size([1, 61, 720, 1440])
pred: torch.Size([1, 61, 720, 1440]) tar: torch.Size([1, 61, 720, 1440])
pred: torch.Size([1, 61, 720, 1440]) tar: torch.Size([1, 61, 720, 1440])
pred: torch.Size([1, 61, 720, 1440]) tar: torch.Size([1, 61, 720, 1440])
pred: torch.Size([1, 61, 720, 1440]) tar: torch.Size([1, 61, 720, 1440])
pred: torch.Size([1, 61, 720, 1440]) tar: torch.Size([1, 61, 720, 1440])
pred: torch.Size([1, 61, 720, 1440]) tar: torch.Size([1, 61, 720, 1440])
pred: torch.Size([1, 61, 720, 1440]) tar: torch.Size([1, 61, 720, 1440])
pred: torch.Size([1, 61, 720, 1440]) tar: torch.Size([1, 61, 720, 1440])
pred: torch.Size([1, 61, 720, 1440]) tar: torch.Size([1, 61, 720, 1440])
pred: torch.Size([1, 61, 720, 1440]) tar: torch.Size([1, 61, 720, 1440])
pred: torch.Size([1, 61, 720, 1440]) tar: torch.Size([1, 61, 720, 1440])
pred: torch.Size([1, 61, 720, 1440]) tar: torch.Size([1, 61, 720, 1440])
pred: torch.Size([1, 61, 720, 1440]) tar: torch.Size([1, 61, 720, 1440])
pred: torch.Size([1, 61, 720, 1440]) tar: torch.Size([1, 61, 720, 1440])
pred: torch.Size([1, 61, 720, 1440]) tar: torch.Size([1, 61, 720, 1440])
pred: torch.Size([1, 61, 720, 1440]) tar: torch.Size([1, 61, 720, 1440])
pred: torch.Size([1, 61, 720, 1440]) tar: torch.Size([1, 61, 720, 1440])
pred: torch.Size([1, 61, 720, 1440]) tar: torch.Size([1, 61, 720, 1440])
pred: torch.Size([1, 61, 720, 1440]) tar: torch.Size([1, 61, 720, 1440])
pred: torch.Size([1, 61, 720, 1440]) tar: torch.Size([1, 61, 720, 1440])
pred: torch.Size([1, 61, 720, 1440]) tar: torch.Size([1, 61, 720, 1440])
pred: torch.Size([1, 61, 720, 1440]) tar: torch.Size([1, 61, 720, 1440])
pred: torch.Size([1, 61, 720, 1440]) tar: torch.Size([1, 61, 720, 1440])
pred: torch.Size([1, 61, 720, 1440]) tar: torch.Size([1, 61, 720, 1440])
pred: torch.Size([1, 61, 720, 1440]) tar: torch.Size([1, 61, 720, 1440])
pred: torch.Size([1, 61, 720, 1440]) tar: torch.Size([1, 61, 720, 1440])
pred: torch.Size([1, 61, 720, 1440]) tar: torch.Size([1, 61, 720, 1440])
pred: torch.Size([1, 61, 720, 1440]) tar: torch.Size([1, 61, 720, 1440])
pred: torch.Size([1, 61, 720, 1440]) tar: torch.Size([1, 61, 720, 1440])
pred: torch.Size([1, 61, 720, 1440]) tar: torch.Size([1, 61, 720, 1440])
pred: torch.Size([1, 61, 720, 1440]) tar: torch.Size([1, 61, 720, 1440])
pred: torch.Size([1, 61, 720, 1440]) tar: torch.Size([1, 61, 720, 1440])
pred: torch.Size([1, 61, 720, 1440]) tar: torch.Size([1, 61, 720, 1440])
pred: torch.Size([1, 61, 720, 1440]) tar: torch.Size([1, 61, 720, 1440])
pred: torch.Size([1, 61, 720, 1440]) tar: torch.Size([1, 61, 720, 1440])
pred: torch.Size([1, 61, 720, 1440]) tar: torch.Size([1, 61, 720, 1440])
pred: torch.Size([1, 61, 720, 1440]) tar: torch.Size([1, 61, 720, 1440])
pred: torch.Size([1, 61, 720, 1440]) tar: torch.Size([1, 61, 720, 1440])
pred: torch.Size([1, 61, 720, 1440]) tar: torch.Size([1, 61, 720, 1440])
pred: torch.Size([1, 61, 720, 1440]) tar: torch.Size([1, 61, 720, 1440])
pred: torch.Size([1, 61, 720, 1440]) tar: torch.Size([1, 61, 720, 1440])
pred: torch.Size([1, 61, 720, 1440]) tar: torch.Size([1, 61, 720, 1440])
pred: torch.Size([1, 61, 720, 1440]) tar: torch.Size([1, 61, 720, 1440])
pred: torch.Size([1, 61, 720, 1440]) tar: torch.Size([1, 61, 720, 1440])
pred: torch.Size([1, 61, 720, 1440]) tar: torch.Size([1, 61, 720, 1440])
